Linux 6.6.87.2-microsoft-standard-WSL2 (Udeepa-ASUS) 	04/16/26 	_x86_64_	(4 CPU)

00:32:43     CPU    %usr   %nice    %sys %iowait    %irq   %soft  %steal  %guest  %gnice   %idle
00:32:44     all   32.11    0.00   28.19    0.00    0.00   18.38    0.00    0.00    0.00   21.32
00:32:44       0   21.62    0.00   18.92    0.00    0.00   28.83    0.00    0.00    0.00   30.63
00:32:44       1   29.00    0.00   32.00    0.00    0.00   11.00    0.00    0.00    0.00   28.00
00:32:44       2   42.42    0.00   31.31    0.00    0.00   14.14    0.00    0.00    0.00   12.12
00:32:44       3   36.73    0.00   31.63    0.00    0.00   18.37    0.00    0.00    0.00   13.27

00:32:44     CPU    %usr   %nice    %sys %iowait    %irq   %soft  %steal  %guest  %gnice   %idle
00:32:45     all   33.42    0.00   29.05    0.00    0.00   18.51    0.00    0.00    0.00   19.02
00:32:45       0   34.31    0.00   25.49    0.00    0.00   25.49    0.00    0.00    0.00   14.71
00:32:45       1   36.36    0.00   35.35    0.00    0.00   16.16    0.00    0.00    0.00   12.12
00:32:45       2   30.43    0.00   27.17    0.00    0.00   18.48    0.00    0.00    0.00   23.91
00:32:45       3   32.29    0.00   28.12    0.00    0.00   13.54    0.00    0.00    0.00   26.04

00:32:45     CPU    %usr   %nice    %sys %iowait    %irq   %soft  %steal  %guest  %gnice   %idle
00:32:46     all   32.91    0.00   29.62    0.00    0.00   18.48    0.00    0.00    0.00   18.99
00:32:46       0   33.66    0.00   24.75    0.00    0.00   27.72    0.00    0.00    0.00   13.86
00:32:46       1   32.65    0.00   33.67    0.00    0.00   15.31    0.00    0.00    0.00   18.37
00:32:46       2   34.69    0.00   30.61    0.00    0.00   18.37    0.00    0.00    0.00   16.33
00:32:46       3   30.61    0.00   29.59    0.00    0.00   12.24    0.00    0.00    0.00   27.55

00:32:46     CPU    %usr   %nice    %sys %iowait    %irq   %soft  %steal  %guest  %gnice   %idle
00:32:47     all   32.90    0.00   32.90    0.00    0.00   16.06    0.00    0.00    0.00   18.13
00:32:47       0   27.45    0.00   25.49    0.00    0.00   30.39    0.00    0.00    0.00   16.67
00:32:47       1   39.18    0.00   35.05    0.00    0.00   11.34    0.00    0.00    0.00   14.43
00:32:47       2   33.33    0.00   39.58    0.00    0.00    9.38    0.00    0.00    0.00   17.71
00:32:47       3   31.87    0.00   31.87    0.00    0.00   12.09    0.00    0.00    0.00   24.18

00:32:47     CPU    %usr   %nice    %sys %iowait    %irq   %soft  %steal  %guest  %gnice   %idle
00:32:48     all   34.02    0.00   34.28    0.00    0.00   15.72    0.00    0.00    0.00   15.98
00:32:48       0   28.85    0.00   27.88    0.00    0.00   25.96    0.00    0.00    0.00   17.31
00:32:48       1   33.33    0.00   39.58    0.00    0.00   13.54    0.00    0.00    0.00   13.54
00:32:48       2   37.23    0.00   36.17    0.00    0.00   11.70    0.00    0.00    0.00   14.89
00:32:48       3   37.23    0.00   34.04    0.00    0.00   10.64    0.00    0.00    0.00   18.09

00:32:48     CPU    %usr   %nice    %sys %iowait    %irq   %soft  %steal  %guest  %gnice   %idle
00:32:49     all   32.38    0.00   33.68    0.00    0.00   18.28    0.00    0.00    0.00   15.67
00:32:49       0   25.69    0.00   24.77    0.00    0.00   28.44    0.00    0.00    0.00   21.10
00:32:49       1   31.76    0.00   36.47    0.00    0.00   14.12    0.00    0.00    0.00   17.65
00:32:49       2   35.11    0.00   37.23    0.00    0.00   13.83    0.00    0.00    0.00   13.83
00:32:49       3   37.89    0.00   37.89    0.00    0.00   14.74    0.00    0.00    0.00    9.47

00:32:49     CPU    %usr   %nice    %sys %iowait    %irq   %soft  %steal  %guest  %gnice   %idle
00:32:50     all   30.08    0.00   36.84    0.00    0.00   18.05    0.00    0.00    0.00   15.04
00:32:50       0   26.17    0.00   25.23    0.00    0.00   31.78    0.00    0.00    0.00   16.82
00:32:50       1   36.08    0.00   39.18    0.00    0.00   12.37    0.00    0.00    0.00   12.37
00:32:50       2   22.00    0.00   45.00    0.00    0.00   16.00    0.00    0.00    0.00   17.00
00:32:50       3   36.84    0.00   38.95    0.00    0.00   10.53    0.00    0.00    0.00   13.68

00:32:50     CPU    %usr   %nice    %sys %iowait    %irq   %soft  %steal  %guest  %gnice   %idle
00:32:51     all   32.67    0.00   36.16    0.00    0.00   16.96    0.00    0.00    0.00   14.21
00:32:51       0   20.95    0.00   34.29    0.00    0.00   26.67    0.00    0.00    0.00   18.10
00:32:51       1   27.00    0.00   47.00    0.00    0.00    7.00    0.00    0.00    0.00   19.00
00:32:51       2   39.18    0.00   32.99    0.00    0.00   17.53    0.00    0.00    0.00   10.31
00:32:51       3   44.44    0.00   30.30    0.00    0.00   16.16    0.00    0.00    0.00    9.09

00:32:51     CPU    %usr   %nice    %sys %iowait    %irq   %soft  %steal  %guest  %gnice   %idle
00:32:52     all   29.59    0.00   40.82    0.00    0.00   14.29    0.00    0.00    0.00   15.31
00:32:52       0   23.53    0.00   37.25    0.00    0.00   22.55    0.00    0.00    0.00   16.67
00:32:52       1   30.93    0.00   44.33    0.00    0.00   12.37    0.00    0.00    0.00   12.37
00:32:52       2   35.35    0.00   39.39    0.00    0.00   13.13    0.00    0.00    0.00   12.12
00:32:52       3   28.72    0.00   42.55    0.00    0.00    8.51    0.00    0.00    0.00   20.21

00:32:52     CPU    %usr   %nice    %sys %iowait    %irq   %soft  %steal  %guest  %gnice   %idle
00:32:53     all   32.49    0.00   38.07    0.00    0.00   14.21    0.00    0.00    0.00   15.23
00:32:53       0   28.71    0.00   30.69    0.00    0.00   28.71    0.00    0.00    0.00   11.88
00:32:53       1   49.50    0.00   28.71    0.00    0.00   16.83    0.00    0.00    0.00    4.95
00:32:53       2   24.21    0.00   48.42    0.00    0.00    4.21    0.00    0.00    0.00   23.16
00:32:53       3   26.80    0.00   45.36    0.00    0.00    6.19    0.00    0.00    0.00   21.65

00:32:53     CPU    %usr   %nice    %sys %iowait    %irq   %soft  %steal  %guest  %gnice   %idle
00:32:54     all   28.82    0.00   41.63    0.00    0.00   16.01    0.00    0.00    0.00   13.55
00:32:54       0   21.90    0.00   35.24    0.00    0.00   26.67    0.00    0.00    0.00   16.19
00:32:54       1   34.65    0.00   43.56    0.00    0.00   11.88    0.00    0.00    0.00    9.90
00:32:54       2   27.00    0.00   48.00    0.00    0.00   11.00    0.00    0.00    0.00   14.00
00:32:54       3   32.00    0.00   40.00    0.00    0.00   14.00    0.00    0.00    0.00   14.00

00:32:54     CPU    %usr   %nice    %sys %iowait    %irq   %soft  %steal  %guest  %gnice   %idle
00:32:55     all   30.95    0.00   39.13    0.00    0.00   15.86    0.00    0.00    0.00   14.07
00:32:55       0   23.53    0.00   37.25    0.00    0.00   23.53    0.00    0.00    0.00   15.69
00:32:55       1   26.80    0.00   49.48    0.00    0.00   10.31    0.00    0.00    0.00   13.40
00:32:55       2   35.79    0.00   36.84    0.00    0.00   11.58    0.00    0.00    0.00   15.79
00:32:55       3   38.14    0.00   32.99    0.00    0.00   17.53    0.00    0.00    0.00   11.34

00:32:55     CPU    %usr   %nice    %sys %iowait    %irq   %soft  %steal  %guest  %gnice   %idle
00:32:56     all   30.89    0.00   37.43    0.00    0.00   15.71    0.00    0.00    0.00   15.97
00:32:56       0   23.30    0.00   33.01    0.00    0.00   25.24    0.00    0.00    0.00   18.45
00:32:56       1   25.81    0.00   43.01    0.00    0.00   11.83    0.00    0.00    0.00   19.35
00:32:56       2   38.71    0.00   36.56    0.00    0.00   11.83    0.00    0.00    0.00   12.90
00:32:56       3   36.56    0.00   37.63    0.00    0.00   12.90    0.00    0.00    0.00   12.90

00:32:56     CPU    %usr   %nice    %sys %iowait    %irq   %soft  %steal  %guest  %gnice   %idle
00:32:57     all   29.80    0.00   39.16    0.00    0.00   16.75    0.00    0.00    0.00   14.29
00:32:57       0   25.00    0.00   26.92    0.00    0.00   30.77    0.00    0.00    0.00   17.31
00:32:57       1   33.66    0.00   42.57    0.00    0.00   12.87    0.00    0.00    0.00   10.89
00:32:57       2   33.33    0.00   47.06    0.00    0.00    9.80    0.00    0.00    0.00    9.80
00:32:57       3   27.27    0.00   40.40    0.00    0.00   13.13    0.00    0.00    0.00   19.19

00:32:57     CPU    %usr   %nice    %sys %iowait    %irq   %soft  %steal  %guest  %gnice   %idle
00:32:58     all   29.93    0.00   39.90    0.00    0.00   16.46    0.00    0.00    0.00   13.72
00:32:58       0   12.15    0.00   39.25    0.00    0.00   28.97    0.00    0.00    0.00   19.63
00:32:58       1   31.96    0.00   40.21    0.00    0.00   10.31    0.00    0.00    0.00   17.53
00:32:58       2   35.71    0.00   45.92    0.00    0.00    9.18    0.00    0.00    0.00    9.18
00:32:58       3   41.41    0.00   34.34    0.00    0.00   16.16    0.00    0.00    0.00    8.08

00:32:58     CPU    %usr   %nice    %sys %iowait    %irq   %soft  %steal  %guest  %gnice   %idle
00:33:00     all   27.74    0.00   39.44    0.00    0.00   17.81    0.00    0.00    0.00   15.01
00:33:00       0   24.51    0.00   30.39    0.00    0.00   25.49    0.00    0.00    0.00   19.61
00:33:00       1   24.27    0.00   42.72    0.00    0.00   14.56    0.00    0.00    0.00   18.45
00:33:00       2   29.79    0.00   43.62    0.00    0.00   13.83    0.00    0.00    0.00   12.77
00:33:00       3   32.98    0.00   41.49    0.00    0.00   17.02    0.00    0.00    0.00    8.51

00:33:00     CPU    %usr   %nice    %sys %iowait    %irq   %soft  %steal  %guest  %gnice   %idle
00:33:01     all   31.74    0.00   38.79    0.00    0.00   15.37    0.00    0.00    0.00   14.11
00:33:01       0   24.07    0.00   35.19    0.00    0.00   25.93    0.00    0.00    0.00   14.81
00:33:01       1   34.69    0.00   39.80    0.00    0.00   13.27    0.00    0.00    0.00   12.24
00:33:01       2   32.99    0.00   42.27    0.00    0.00    8.25    0.00    0.00    0.00   16.49
00:33:01       3   36.17    0.00   38.30    0.00    0.00   12.77    0.00    0.00    0.00   12.77

00:33:01     CPU    %usr   %nice    %sys %iowait    %irq   %soft  %steal  %guest  %gnice   %idle
00:33:02     all   28.61    0.00   38.31    0.00    0.00   18.41    0.00    0.00    0.00   14.68
00:33:02       0   24.53    0.00   29.25    0.00    0.00   29.25    0.00    0.00    0.00   16.98
00:33:02       1   30.93    0.00   41.24    0.00    0.00   19.59    0.00    0.00    0.00    8.25
00:33:02       2   37.37    0.00   37.37    0.00    0.00   12.12    0.00    0.00    0.00   13.13
00:33:02       3   22.00    0.00   46.00    0.00    0.00   12.00    0.00    0.00    0.00   20.00

00:33:02     CPU    %usr   %nice    %sys %iowait    %irq   %soft  %steal  %guest  %gnice   %idle
00:33:03     all   26.03    0.00   37.81    0.00    0.00   17.26    0.00    0.00    0.00   18.90
00:33:03       0   19.80    0.00   28.71    0.00    0.00   28.71    0.00    0.00    0.00   22.77
00:33:03       1   22.09    0.00   40.70    0.00    0.00    5.81    0.00    0.00    0.00   31.40
00:33:03       2   35.96    0.00   39.33    0.00    0.00   15.73    0.00    0.00    0.00    8.99
00:33:03       3   26.97    0.00   43.82    0.00    0.00   16.85    0.00    0.00    0.00   12.36

00:33:03     CPU    %usr   %nice    %sys %iowait    %irq   %soft  %steal  %guest  %gnice   %idle
00:33:04     all   29.26    0.00   37.66    0.00    0.00   18.32    0.00    0.00    0.00   14.76
00:33:04       0   25.00    0.00   27.88    0.00    0.00   32.69    0.00    0.00    0.00   14.42
00:33:04       1   25.25    0.00   47.47    0.00    0.00   11.11    0.00    0.00    0.00   16.16
00:33:04       2   36.84    0.00   36.84    0.00    0.00   15.79    0.00    0.00    0.00   10.53
00:33:04       3   30.53    0.00   38.95    0.00    0.00   12.63    0.00    0.00    0.00   17.89

00:33:04     CPU    %usr   %nice    %sys %iowait    %irq   %soft  %steal  %guest  %gnice   %idle
00:33:05     all   31.76    0.00   38.46    0.00    0.00   14.64    0.00    0.00    0.00   15.14
00:33:05       0   29.63    0.00   29.63    0.00    0.00   25.93    0.00    0.00    0.00   14.81
00:33:05       1   33.33    0.00   37.50    0.00    0.00    9.38    0.00    0.00    0.00   19.79
00:33:05       2   32.32    0.00   44.44    0.00    0.00    9.09    0.00    0.00    0.00   14.14
00:33:05       3   32.00    0.00   43.00    0.00    0.00   13.00    0.00    0.00    0.00   12.00

00:33:05     CPU    %usr   %nice    %sys %iowait    %irq   %soft  %steal  %guest  %gnice   %idle
00:33:06     all   30.36    0.00   40.05    0.00    0.00   15.05    0.00    0.00    0.00   14.54
00:33:06       0   23.08    0.00   34.62    0.00    0.00   27.88    0.00    0.00    0.00   14.42
00:33:06       1   35.05    0.00   45.36    0.00    0.00    9.28    0.00    0.00    0.00   10.31
00:33:06       2   37.50    0.00   39.58    0.00    0.00   13.54    0.00    0.00    0.00    9.38
00:33:06       3   26.32    0.00   41.05    0.00    0.00    8.42    0.00    0.00    0.00   24.21

00:33:06     CPU    %usr   %nice    %sys %iowait    %irq   %soft  %steal  %guest  %gnice   %idle
00:33:07     all   31.66    0.00   38.19    0.00    0.00   16.08    0.00    0.00    0.00   14.07
00:33:07       0   29.13    0.00   25.24    0.00    0.00   32.04    0.00    0.00    0.00   13.59
00:33:07       1   35.64    0.00   44.55    0.00    0.00   10.89    0.00    0.00    0.00    8.91
00:33:07       2   39.13    0.00   34.78    0.00    0.00    8.70    0.00    0.00    0.00   17.39
00:33:07       3   23.53    0.00   48.04    0.00    0.00   11.76    0.00    0.00    0.00   16.67

00:33:07     CPU    %usr   %nice    %sys %iowait    %irq   %soft  %steal  %guest  %gnice   %idle
00:33:08     all   28.78    0.00   43.18    0.00    0.00   12.90    0.00    0.00    0.00   15.14
00:33:08       0   28.04    0.00   37.38    0.00    0.00   21.50    0.00    0.00    0.00   13.08
00:33:08       1   28.57    0.00   43.88    0.00    0.00   11.22    0.00    0.00    0.00   16.33
00:33:08       2   34.34    0.00   43.43    0.00    0.00   11.11    0.00    0.00    0.00   11.11
00:33:08       3   24.24    0.00   48.48    0.00    0.00    7.07    0.00    0.00    0.00   20.20

00:33:08     CPU    %usr   %nice    %sys %iowait    %irq   %soft  %steal  %guest  %gnice   %idle
00:33:09     all   30.95    0.00   37.60    0.00    0.00   16.11    0.00    0.00    0.00   15.35
00:33:09       0   22.77    0.00   33.66    0.00    0.00   26.73    0.00    0.00    0.00   16.83
00:33:09       1   27.08    0.00   38.54    0.00    0.00   11.46    0.00    0.00    0.00   22.92
00:33:09       2   39.18    0.00   38.14    0.00    0.00   12.37    0.00    0.00    0.00   10.31
00:33:09       3   35.05    0.00   40.21    0.00    0.00   13.40    0.00    0.00    0.00   11.34

00:33:09     CPU    %usr   %nice    %sys %iowait    %irq   %soft  %steal  %guest  %gnice   %idle
00:33:10     all   29.63    0.00   39.01    0.00    0.00   15.06    0.00    0.00    0.00   16.30
00:33:10       0   24.30    0.00   33.64    0.00    0.00   24.30    0.00    0.00    0.00   17.76
00:33:10       1   33.33    0.00   41.41    0.00    0.00   10.10    0.00    0.00    0.00   15.15
00:33:10       2   27.84    0.00   40.21    0.00    0.00   13.40    0.00    0.00    0.00   18.56
00:33:10       3   33.33    0.00   41.18    0.00    0.00   11.76    0.00    0.00    0.00   13.73

00:33:10     CPU    %usr   %nice    %sys %iowait    %irq   %soft  %steal  %guest  %gnice   %idle
00:33:11     all   30.79    0.00   39.44    0.00    0.00   16.03    0.00    0.00    0.00   13.74
00:33:11       0   19.05    0.00   33.33    0.00    0.00   26.67    0.00    0.00    0.00   20.95
00:33:11       1   37.11    0.00   38.14    0.00    0.00   14.43    0.00    0.00    0.00   10.31
00:33:11       2   34.04    0.00   43.62    0.00    0.00    9.57    0.00    0.00    0.00   12.77
00:33:11       3   34.02    0.00   43.30    0.00    0.00   12.37    0.00    0.00    0.00   10.31

00:33:11     CPU    %usr   %nice    %sys %iowait    %irq   %soft  %steal  %guest  %gnice   %idle
00:33:12     all   31.08    0.00   40.35    0.00    0.00   14.29    0.00    0.00    0.00   14.29
00:33:12       0   27.62    0.00   32.38    0.00    0.00   24.76    0.00    0.00    0.00   15.24
00:33:12       1   38.14    0.00   41.24    0.00    0.00   14.43    0.00    0.00    0.00    6.19
00:33:12       2   31.63    0.00   42.86    0.00    0.00   10.20    0.00    0.00    0.00   15.31
00:33:12       3   27.27    0.00   45.45    0.00    0.00    7.07    0.00    0.00    0.00   20.20

00:33:12     CPU    %usr   %nice    %sys %iowait    %irq   %soft  %steal  %guest  %gnice   %idle
00:33:13     all   29.80    0.00   41.87    0.00    0.00   13.79    0.00    0.00    0.00   14.53
00:33:13       0   22.43    0.00   37.38    0.00    0.00   24.30    0.00    0.00    0.00   15.89
00:33:13       1   37.00    0.00   39.00    0.00    0.00   12.00    0.00    0.00    0.00   12.00
00:33:13       2   28.57    0.00   42.86    0.00    0.00    9.18    0.00    0.00    0.00   19.39
00:33:13       3   31.68    0.00   48.51    0.00    0.00    8.91    0.00    0.00    0.00   10.89

00:33:13     CPU    %usr   %nice    %sys %iowait    %irq   %soft  %steal  %guest  %gnice   %idle
00:33:14     all   31.41    0.00   39.20    0.00    0.00   15.08    0.00    0.00    0.00   14.32
00:33:14       0   22.55    0.00   36.27    0.00    0.00   26.47    0.00    0.00    0.00   14.71
00:33:14       1   37.62    0.00   42.57    0.00    0.00    8.91    0.00    0.00    0.00   10.89
00:33:14       2   31.00    0.00   39.00    0.00    0.00   12.00    0.00    0.00    0.00   18.00
00:33:14       3   34.74    0.00   38.95    0.00    0.00   12.63    0.00    0.00    0.00   13.68

00:33:14     CPU    %usr   %nice    %sys %iowait    %irq   %soft  %steal  %guest  %gnice   %idle
00:33:15     all   29.15    0.00   38.69    0.00    0.00   18.34    0.00    0.00    0.00   13.82
00:33:15       0   19.44    0.00   33.33    0.00    0.00   30.56    0.00    0.00    0.00   16.67
00:33:15       1   29.47    0.00   41.05    0.00    0.00   13.68    0.00    0.00    0.00   15.79
00:33:15       2   37.00    0.00   38.00    0.00    0.00   17.00    0.00    0.00    0.00    8.00
00:33:15       3   31.58    0.00   43.16    0.00    0.00   10.53    0.00    0.00    0.00   14.74

00:33:15     CPU    %usr   %nice    %sys %iowait    %irq   %soft  %steal  %guest  %gnice   %idle
00:33:16     all   32.08    0.00   37.34    0.00    0.00   16.79    0.00    0.00    0.00   13.78
00:33:16       0   20.19    0.00   28.85    0.00    0.00   29.81    0.00    0.00    0.00   21.15
00:33:16       1   27.55    0.00   47.96    0.00    0.00    9.18    0.00    0.00    0.00   15.31
00:33:16       2   42.42    0.00   35.35    0.00    0.00   16.16    0.00    0.00    0.00    6.06
00:33:16       3   38.78    0.00   37.76    0.00    0.00   11.22    0.00    0.00    0.00   12.24

00:33:16     CPU    %usr   %nice    %sys %iowait    %irq   %soft  %steal  %guest  %gnice   %idle
00:33:17     all   29.92    0.00   39.90    0.00    0.00   15.60    0.00    0.00    0.00   14.58
00:33:17       0   26.67    0.00   33.33    0.00    0.00   27.62    0.00    0.00    0.00   12.38
00:33:17       1   31.58    0.00   44.21    0.00    0.00   13.68    0.00    0.00    0.00   10.53
00:33:17       2   35.00    0.00   41.00    0.00    0.00   12.00    0.00    0.00    0.00   12.00
00:33:17       3   26.37    0.00   41.76    0.00    0.00    7.69    0.00    0.00    0.00   24.18

00:33:17     CPU    %usr   %nice    %sys %iowait    %irq   %soft  %steal  %guest  %gnice   %idle
00:33:18     all   29.90    0.00   39.45    0.00    0.00   16.33    0.00    0.00    0.00   14.32
00:33:18       0   27.88    0.00   30.77    0.00    0.00   26.92    0.00    0.00    0.00   14.42
00:33:18       1   26.26    0.00   39.39    0.00    0.00   16.16    0.00    0.00    0.00   18.18
00:33:18       2   30.93    0.00   46.39    0.00    0.00   12.37    0.00    0.00    0.00   10.31
00:33:18       3   34.69    0.00   41.84    0.00    0.00    9.18    0.00    0.00    0.00   14.29

00:33:18     CPU    %usr   %nice    %sys %iowait    %irq   %soft  %steal  %guest  %gnice   %idle
00:33:19     all   31.09    0.00   39.30    0.00    0.00   15.42    0.00    0.00    0.00   14.18
00:33:19       0   20.56    0.00   35.51    0.00    0.00   24.30    0.00    0.00    0.00   19.63
00:33:19       1   31.31    0.00   39.39    0.00    0.00   11.11    0.00    0.00    0.00   18.18
00:33:19       2   36.08    0.00   39.18    0.00    0.00   13.40    0.00    0.00    0.00   11.34
00:33:19       3   37.37    0.00   43.43    0.00    0.00   12.12    0.00    0.00    0.00    7.07

00:33:19     CPU    %usr   %nice    %sys %iowait    %irq   %soft  %steal  %guest  %gnice   %idle
00:33:20     all   28.36    0.00   38.81    0.00    0.00   16.67    0.00    0.00    0.00   16.17
00:33:20       0   17.76    0.00   29.91    0.00    0.00   29.91    0.00    0.00    0.00   22.43
00:33:20       1   31.31    0.00   43.43    0.00    0.00    8.08    0.00    0.00    0.00   17.17
00:33:20       2   36.00    0.00   38.00    0.00    0.00   15.00    0.00    0.00    0.00   11.00
00:33:20       3   29.17    0.00   44.79    0.00    0.00   12.50    0.00    0.00    0.00   13.54

00:33:20     CPU    %usr   %nice    %sys %iowait    %irq   %soft  %steal  %guest  %gnice   %idle
00:33:21     all   24.74    0.00   36.99    0.00    0.00   19.13    0.00    0.00    0.00   19.13
00:33:21       0   19.09    0.00   28.18    0.00    0.00   34.55    0.00    0.00    0.00   18.18
00:33:21       1   29.03    0.00   41.94    0.00    0.00   11.83    0.00    0.00    0.00   17.20
00:33:21       2   29.17    0.00   39.58    0.00    0.00   15.62    0.00    0.00    0.00   15.62
00:33:21       3   22.58    0.00   39.78    0.00    0.00   11.83    0.00    0.00    0.00   25.81

00:33:21     CPU    %usr   %nice    %sys %iowait    %irq   %soft  %steal  %guest  %gnice   %idle
00:33:22     all   28.57    0.00   34.95    0.00    0.00   18.88    0.00    0.00    0.00   17.60
00:33:22       0   24.04    0.00   24.04    0.00    0.00   35.58    0.00    0.00    0.00   16.35
00:33:22       1   34.74    0.00   35.79    0.00    0.00   16.84    0.00    0.00    0.00   12.63
00:33:22       2   33.33    0.00   38.38    0.00    0.00   13.13    0.00    0.00    0.00   15.15
00:33:22       3   22.34    0.00   42.55    0.00    0.00    8.51    0.00    0.00    0.00   26.60

00:33:22     CPU    %usr   %nice    %sys %iowait    %irq   %soft  %steal  %guest  %gnice   %idle
00:33:23     all   28.17    0.00   41.60    0.00    0.00   16.02    0.00    0.00    0.00   14.21
00:33:23       0   28.28    0.00   30.30    0.00    0.00   31.31    0.00    0.00    0.00   10.10
00:33:23       1   41.49    0.00   35.11    0.00    0.00   17.02    0.00    0.00    0.00    6.38
00:33:23       2   22.55    0.00   52.94    0.00    0.00    7.84    0.00    0.00    0.00   16.67
00:33:23       3   20.65    0.00   47.83    0.00    0.00    7.61    0.00    0.00    0.00   23.91

00:33:23     CPU    %usr   %nice    %sys %iowait    %irq   %soft  %steal  %guest  %gnice   %idle
00:33:24     all   30.61    0.00   38.52    0.00    0.00   16.07    0.00    0.00    0.00   14.80
00:33:24       0   20.19    0.00   35.58    0.00    0.00   27.88    0.00    0.00    0.00   16.35
00:33:24       1   27.55    0.00   45.92    0.00    0.00    8.16    0.00    0.00    0.00   18.37
00:33:24       2   38.71    0.00   36.56    0.00    0.00   15.05    0.00    0.00    0.00    9.68
00:33:24       3   37.11    0.00   36.08    0.00    0.00   12.37    0.00    0.00    0.00   14.43

00:33:24     CPU    %usr   %nice    %sys %iowait    %irq   %soft  %steal  %guest  %gnice   %idle
00:33:25     all   29.82    0.00   41.85    0.00    0.00   13.78    0.00    0.00    0.00   14.54
00:33:25       0   25.24    0.00   35.92    0.00    0.00   23.30    0.00    0.00    0.00   15.53
00:33:25       1   29.59    0.00   44.90    0.00    0.00   12.24    0.00    0.00    0.00   13.27
00:33:25       2   33.33    0.00   43.14    0.00    0.00    8.82    0.00    0.00    0.00   14.71
00:33:25       3   31.25    0.00   43.75    0.00    0.00   10.42    0.00    0.00    0.00   14.58

00:33:25     CPU    %usr   %nice    %sys %iowait    %irq   %soft  %steal  %guest  %gnice   %idle
00:33:26     all   29.18    0.00   39.90    0.00    0.00   16.71    0.00    0.00    0.00   14.21
00:33:26       0   17.59    0.00   37.04    0.00    0.00   27.78    0.00    0.00    0.00   17.59
00:33:26       1   35.00    0.00   40.00    0.00    0.00   13.00    0.00    0.00    0.00   12.00
00:33:26       2   35.05    0.00   41.24    0.00    0.00   12.37    0.00    0.00    0.00   11.34
00:33:26       3   30.21    0.00   41.67    0.00    0.00   12.50    0.00    0.00    0.00   15.62

00:33:26     CPU    %usr   %nice    %sys %iowait    %irq   %soft  %steal  %guest  %gnice   %idle
00:33:27     all   29.75    0.00   37.25    0.00    0.00   19.25    0.00    0.00    0.00   13.75
00:33:27       0   27.62    0.00   28.57    0.00    0.00   29.52    0.00    0.00    0.00   14.29
00:33:27       1   38.78    0.00   36.73    0.00    0.00   16.33    0.00    0.00    0.00    8.16
00:33:27       2   26.53    0.00   41.84    0.00    0.00   14.29    0.00    0.00    0.00   17.35
00:33:27       3   26.26    0.00   42.42    0.00    0.00   16.16    0.00    0.00    0.00   15.15

00:33:27     CPU    %usr   %nice    %sys %iowait    %irq   %soft  %steal  %guest  %gnice   %idle
00:33:28     all   30.23    0.00   38.54    0.00    0.00   17.38    0.00    0.00    0.00   13.85
00:33:28       0   28.57    0.00   27.62    0.00    0.00   31.43    0.00    0.00    0.00   12.38
00:33:28       1   37.62    0.00   36.63    0.00    0.00   17.82    0.00    0.00    0.00    7.92
00:33:28       2   27.37    0.00   44.21    0.00    0.00    9.47    0.00    0.00    0.00   18.95
00:33:28       3   27.08    0.00   46.88    0.00    0.00    9.38    0.00    0.00    0.00   16.67

00:33:28     CPU    %usr   %nice    %sys %iowait    %irq   %soft  %steal  %guest  %gnice   %idle
00:33:29     all   30.90    0.00   40.20    0.00    0.00   13.57    0.00    0.00    0.00   15.33
00:33:29       0   24.76    0.00   35.24    0.00    0.00   24.76    0.00    0.00    0.00   15.24
00:33:29       1   32.67    0.00   47.52    0.00    0.00    4.95    0.00    0.00    0.00   14.85
00:33:29       2   33.33    0.00   41.67    0.00    0.00   10.42    0.00    0.00    0.00   14.58
00:33:29       3   33.33    0.00   36.46    0.00    0.00   13.54    0.00    0.00    0.00   16.67

00:33:29     CPU    %usr   %nice    %sys %iowait    %irq   %soft  %steal  %guest  %gnice   %idle
00:33:30     all   26.49    0.00   40.10    0.00    0.00   18.56    0.00    0.00    0.00   14.85
00:33:30       0   15.45    0.00   27.27    0.00    0.00   37.27    0.00    0.00    0.00   20.00
00:33:30       1   33.33    0.00   41.41    0.00    0.00   11.11    0.00    0.00    0.00   14.14
00:33:30       2   27.37    0.00   47.37    0.00    0.00   14.74    0.00    0.00    0.00   10.53
00:33:30       3   31.00    0.00   46.00    0.00    0.00    9.00    0.00    0.00    0.00   14.00

00:33:30     CPU    %usr   %nice    %sys %iowait    %irq   %soft  %steal  %guest  %gnice   %idle
00:33:31     all   31.17    0.00   37.41    0.00    0.00   16.96    0.00    0.00    0.00   14.46
00:33:31       0   19.63    0.00   32.71    0.00    0.00   28.97    0.00    0.00    0.00   18.69
00:33:31       1   37.76    0.00   39.80    0.00    0.00   12.24    0.00    0.00    0.00   10.20
00:33:31       2   37.11    0.00   39.18    0.00    0.00   11.34    0.00    0.00    0.00   12.37
00:33:31       3   31.31    0.00   38.38    0.00    0.00   14.14    0.00    0.00    0.00   16.16

00:33:31     CPU    %usr   %nice    %sys %iowait    %irq   %soft  %steal  %guest  %gnice   %idle
00:33:32     all   30.00    0.00   39.50    0.00    0.00   16.75    0.00    0.00    0.00   13.75
00:33:32       0   25.96    0.00   27.88    0.00    0.00   31.73    0.00    0.00    0.00   14.42
00:33:32       1   35.00    0.00   45.00    0.00    0.00   13.00    0.00    0.00    0.00    7.00
00:33:32       2   28.42    0.00   42.11    0.00    0.00   10.53    0.00    0.00    0.00   18.95
00:33:32       3   30.69    0.00   43.56    0.00    0.00   10.89    0.00    0.00    0.00   14.85

00:33:32     CPU    %usr   %nice    %sys %iowait    %irq   %soft  %steal  %guest  %gnice   %idle
00:33:34     all   29.82    0.00   43.36    0.00    0.00   12.78    0.00    0.00    0.00   14.04
00:33:34       0   26.21    0.00   37.86    0.00    0.00   19.42    0.00    0.00    0.00   16.50
00:33:34       1   37.37    0.00   42.42    0.00    0.00   11.11    0.00    0.00    0.00    9.09
00:33:34       2   29.59    0.00   44.90    0.00    0.00   11.22    0.00    0.00    0.00   14.29
00:33:34       3   26.26    0.00   48.48    0.00    0.00    9.09    0.00    0.00    0.00   16.16

00:33:34     CPU    %usr   %nice    %sys %iowait    %irq   %soft  %steal  %guest  %gnice   %idle
00:33:35     all   26.85    0.00   39.16    0.25    0.00   18.72    0.00    0.00    0.00   15.02
00:33:35       0   19.63    0.00   31.78    0.00    0.00   31.78    0.00    0.00    0.00   16.82
00:33:35       1   26.47    0.00   48.04    0.98    0.00   10.78    0.00    0.00    0.00   13.73
00:33:35       2   36.73    0.00   36.73    0.00    0.00   16.33    0.00    0.00    0.00   10.20
00:33:35       3   25.25    0.00   40.40    0.00    0.00   15.15    0.00    0.00    0.00   19.19

00:33:35     CPU    %usr   %nice    %sys %iowait    %irq   %soft  %steal  %guest  %gnice   %idle
00:33:36     all   26.42    0.00   40.74    0.00    0.00   18.77    0.00    0.00    0.00   14.07
00:33:36       0   14.55    0.00   35.45    0.00    0.00   31.82    0.00    0.00    0.00   18.18
00:33:36       1   32.00    0.00   41.00    0.00    0.00   15.00    0.00    0.00    0.00   12.00
00:33:36       2   28.57    0.00   45.92    0.00    0.00   11.22    0.00    0.00    0.00   14.29
00:33:36       3   31.96    0.00   41.24    0.00    0.00   15.46    0.00    0.00    0.00   11.34

00:33:36     CPU    %usr   %nice    %sys %iowait    %irq   %soft  %steal  %guest  %gnice   %idle
00:33:37     all   29.70    0.00   38.83    0.00    0.00   17.77    0.00    0.00    0.00   13.71
00:33:37       0   22.12    0.00   35.58    0.00    0.00   24.04    0.00    0.00    0.00   18.27
00:33:37       1   37.89    0.00   33.68    0.00    0.00   16.84    0.00    0.00    0.00   11.58
00:33:37       2   36.36    0.00   39.39    0.00    0.00   17.17    0.00    0.00    0.00    7.07
00:33:37       3   22.92    0.00   46.88    0.00    0.00   12.50    0.00    0.00    0.00   17.71

00:33:37     CPU    %usr   %nice    %sys %iowait    %irq   %soft  %steal  %guest  %gnice   %idle
00:33:38     all   29.07    0.00   39.35    0.00    0.00   17.79    0.00    0.00    0.00   13.78
00:33:38       0   17.76    0.00   36.45    0.00    0.00   26.17    0.00    0.00    0.00   19.63
00:33:38       1   27.96    0.00   43.01    0.00    0.00   13.98    0.00    0.00    0.00   15.05
00:33:38       2   35.71    0.00   39.80    0.00    0.00   14.29    0.00    0.00    0.00   10.20
00:33:38       3   35.64    0.00   38.61    0.00    0.00   15.84    0.00    0.00    0.00    9.90

00:33:38     CPU    %usr   %nice    %sys %iowait    %irq   %soft  %steal  %guest  %gnice   %idle
00:33:39     all   31.44    0.00   40.10    0.00    0.00   13.86    0.00    0.00    0.00   14.60
00:33:39       0   25.00    0.00   33.65    0.00    0.00   25.00    0.00    0.00    0.00   16.35
00:33:39       1   51.52    0.00   28.28    0.00    0.00   13.13    0.00    0.00    0.00    7.07
00:33:39       2   22.77    0.00   48.51    0.00    0.00   10.89    0.00    0.00    0.00   17.82
00:33:39       3   27.00    0.00   50.00    0.00    0.00    6.00    0.00    0.00    0.00   17.00

00:33:39     CPU    %usr   %nice    %sys %iowait    %irq   %soft  %steal  %guest  %gnice   %idle
00:33:40     all   29.05    0.00   40.87    0.00    0.00   16.45    0.00    0.00    0.00   13.62
00:33:40       0   26.73    0.00   34.65    0.00    0.00   25.74    0.00    0.00    0.00   12.87
00:33:40       1   32.98    0.00   39.36    0.00    0.00   14.89    0.00    0.00    0.00   12.77
00:33:40       2   28.87    0.00   46.39    0.00    0.00   11.34    0.00    0.00    0.00   13.40
00:33:40       3   27.84    0.00   43.30    0.00    0.00   13.40    0.00    0.00    0.00   15.46

00:33:40     CPU    %usr   %nice    %sys %iowait    %irq   %soft  %steal  %guest  %gnice   %idle
00:33:41     all   26.73    0.00   37.87    0.00    0.00   18.07    0.00    0.00    0.00   17.33
00:33:41       0   16.96    0.00   32.14    0.00    0.00   30.36    0.00    0.00    0.00   20.54
00:33:41       1   21.05    0.00   40.00    0.00    0.00   11.58    0.00    0.00    0.00   27.37
00:33:41       2   35.35    0.00   38.38    0.00    0.00   16.16    0.00    0.00    0.00   10.10
00:33:41       3   34.69    0.00   41.84    0.00    0.00   12.24    0.00    0.00    0.00   11.22

00:33:41     CPU    %usr   %nice    %sys %iowait    %irq   %soft  %steal  %guest  %gnice   %idle
00:33:42     all   28.93    0.00   38.07    0.00    0.00   17.51    0.00    0.00    0.00   15.48
00:33:42       0   14.55    0.00   30.00    0.00    0.00   30.91    0.00    0.00    0.00   24.55
00:33:42       1   27.37    0.00   45.26    0.00    0.00    9.47    0.00    0.00    0.00   17.89
00:33:42       2   41.30    0.00   39.13    0.00    0.00   13.04    0.00    0.00    0.00    6.52
00:33:42       3   35.05    0.00   39.18    0.00    0.00   14.43    0.00    0.00    0.00   11.34

00:33:42     CPU    %usr   %nice    %sys %iowait    %irq   %soft  %steal  %guest  %gnice   %idle
00:33:43     all   30.89    0.00   36.96    0.00    0.00   16.96    0.00    0.00    0.00   15.19
00:33:43       0   20.39    0.00   33.01    0.00    0.00   29.13    0.00    0.00    0.00   17.48
00:33:43       1   32.65    0.00   39.80    0.00    0.00   12.24    0.00    0.00    0.00   15.31
00:33:43       2   37.00    0.00   39.00    0.00    0.00   12.00    0.00    0.00    0.00   12.00
00:33:43       3   34.04    0.00   36.17    0.00    0.00   13.83    0.00    0.00    0.00   15.96

00:33:43     CPU    %usr   %nice    %sys %iowait    %irq   %soft  %steal  %guest  %gnice   %idle
00:33:44     all   34.00    0.00   36.97    0.00    0.00   15.38    0.00    0.00    0.00   13.65
00:33:44       0   25.69    0.00   33.03    0.00    0.00   22.02    0.00    0.00    0.00   19.27
00:33:44       1   36.36    0.00   38.38    0.00    0.00   12.12    0.00    0.00    0.00   13.13
00:33:44       2   40.21    0.00   35.05    0.00    0.00   15.46    0.00    0.00    0.00    9.28
00:33:44       3   34.69    0.00   41.84    0.00    0.00   11.22    0.00    0.00    0.00   12.24

00:33:44     CPU    %usr   %nice    %sys %iowait    %irq   %soft  %steal  %guest  %gnice   %idle
00:33:45     all   29.95    0.00   38.58    0.00    0.00   17.26    0.00    0.00    0.00   14.21
00:33:45       0   19.05    0.00   37.14    0.00    0.00   24.76    0.00    0.00    0.00   19.05
00:33:45       1   31.91    0.00   38.30    0.00    0.00   11.70    0.00    0.00    0.00   18.09
00:33:45       2   30.93    0.00   41.24    0.00    0.00   17.53    0.00    0.00    0.00   10.31
00:33:45       3   38.78    0.00   37.76    0.00    0.00   14.29    0.00    0.00    0.00    9.18

00:33:45     CPU    %usr   %nice    %sys %iowait    %irq   %soft  %steal  %guest  %gnice   %idle
00:33:46     all   13.27    0.00   42.09    0.00    0.00   11.99    0.00    0.00    0.00   32.65
00:33:46       0   12.61    0.00   35.14    0.00    0.00   25.23    0.00    0.00    0.00   27.03
00:33:46       1   13.83    0.00   46.81    0.00    0.00    4.26    0.00    0.00    0.00   35.11
00:33:46       2   11.36    0.00   45.45    0.00    0.00    6.82    0.00    0.00    0.00   36.36
00:33:46       3   15.15    0.00   42.42    0.00    0.00    9.09    0.00    0.00    0.00   33.33

00:33:46     CPU    %usr   %nice    %sys %iowait    %irq   %soft  %steal  %guest  %gnice   %idle
00:33:47     all   13.40    0.00   41.94    0.00    0.00   11.91    0.00    0.00    0.00   32.75
00:33:47       0    8.26    0.00   32.11    0.00    0.00   29.36    0.00    0.00    0.00   30.28
00:33:47       1   14.14    0.00   42.42    0.00    0.00    8.08    0.00    0.00    0.00   35.35
00:33:47       2   15.79    0.00   46.32    0.00    0.00    4.21    0.00    0.00    0.00   33.68
00:33:47       3   16.00    0.00   48.00    0.00    0.00    4.00    0.00    0.00    0.00   32.00

00:33:47     CPU    %usr   %nice    %sys %iowait    %irq   %soft  %steal  %guest  %gnice   %idle
00:33:48     all   14.54    0.00   42.09    0.00    0.00   10.20    0.00    0.00    0.00   33.16
00:33:48       0   14.55    0.00   35.45    0.00    0.00   23.64    0.00    0.00    0.00   26.36
00:33:48       1   11.83    0.00   46.24    0.00    0.00    5.38    0.00    0.00    0.00   36.56
00:33:48       2   15.05    0.00   45.16    0.00    0.00    4.30    0.00    0.00    0.00   35.48
00:33:48       3   16.67    0.00   42.71    0.00    0.00    5.21    0.00    0.00    0.00   35.42

00:33:48     CPU    %usr   %nice    %sys %iowait    %irq   %soft  %steal  %guest  %gnice   %idle
00:33:49     all    3.71    0.00   14.11    0.00    0.00    6.19    0.00    0.00    0.00   75.99
00:33:49       0    0.94    0.00    3.77    0.00    0.00   22.64    0.00    0.00    0.00   72.64
00:33:49       1    3.12    0.00   14.58    0.00    0.00    0.00    0.00    0.00    0.00   82.29
00:33:49       2    7.92    0.00   18.81    0.00    0.00    0.00    0.00    0.00    0.00   73.27
00:33:49       3    2.97    0.00   19.80    0.00    0.00    0.99    0.00    0.00    0.00   76.24
