Linux 6.6.87.2-microsoft-standard-WSL2 (Udeepa-ASUS) 	04/16/26 	_x86_64_	(4 CPU)

00:29:24     CPU    %usr   %nice    %sys %iowait    %irq   %soft  %steal  %guest  %gnice   %idle
00:29:25     all   25.60    0.00   26.19    0.00    0.00   16.96    0.00    0.00    0.00   31.25
00:29:25       0   24.18    0.00   20.88    0.00    0.00   27.47    0.00    0.00    0.00   27.47
00:29:25       1   29.41    0.00   28.24    0.00    0.00   15.29    0.00    0.00    0.00   27.06
00:29:25       2   25.32    0.00   27.85    0.00    0.00   12.66    0.00    0.00    0.00   34.18
00:29:25       3   23.46    0.00   28.40    0.00    0.00   11.11    0.00    0.00    0.00   37.04

00:29:25     CPU    %usr   %nice    %sys %iowait    %irq   %soft  %steal  %guest  %gnice   %idle
00:29:26     all   35.25    0.00   26.89    0.00    0.00   17.49    0.00    0.00    0.00   20.37
00:29:26       0   32.65    0.00   25.51    0.00    0.00   24.49    0.00    0.00    0.00   17.35
00:29:26       1   41.84    0.00   32.65    0.00    0.00   15.31    0.00    0.00    0.00   10.20
00:29:26       2   30.43    0.00   29.35    0.00    0.00   14.13    0.00    0.00    0.00   26.09
00:29:26       3   35.79    0.00   20.00    0.00    0.00   15.79    0.00    0.00    0.00   28.42

00:29:26     CPU    %usr   %nice    %sys %iowait    %irq   %soft  %steal  %guest  %gnice   %idle
00:29:27     all   37.56    0.00   25.39    0.00    0.00   17.62    0.00    0.00    0.00   19.43
00:29:27       0   40.40    0.00   24.24    0.00    0.00   21.21    0.00    0.00    0.00   14.14
00:29:27       1   41.24    0.00   28.87    0.00    0.00   18.56    0.00    0.00    0.00   11.34
00:29:27       2   39.80    0.00   24.49    0.00    0.00   19.39    0.00    0.00    0.00   16.33
00:29:27       3   28.26    0.00   23.91    0.00    0.00   10.87    0.00    0.00    0.00   36.96

00:29:27     CPU    %usr   %nice    %sys %iowait    %irq   %soft  %steal  %guest  %gnice   %idle
00:29:28     all   30.17    0.00   34.44    0.00    0.00   16.63    0.00    0.00    0.00   18.76
00:29:28       0   21.93    0.00   29.82    0.00    0.00   27.19    0.00    0.00    0.00   21.05
00:29:28       1   28.85    0.00   36.54    0.00    0.00   13.46    0.00    0.00    0.00   21.15
00:29:28       2   36.27    0.00   37.25    0.00    0.00   12.75    0.00    0.00    0.00   13.73
00:29:28       3   34.65    0.00   34.65    0.00    0.00   11.88    0.00    0.00    0.00   18.81

00:29:28     CPU    %usr   %nice    %sys %iowait    %irq   %soft  %steal  %guest  %gnice   %idle
00:29:29     all   28.43    0.00   39.46    0.00    0.00   18.38    0.00    0.00    0.00   13.73
00:29:29       0   21.10    0.00   35.78    0.00    0.00   25.69    0.00    0.00    0.00   17.43
00:29:29       1   32.04    0.00   38.83    0.00    0.00   20.39    0.00    0.00    0.00    8.74
00:29:29       2   31.96    0.00   42.27    0.00    0.00   13.40    0.00    0.00    0.00   12.37
00:29:29       3   29.29    0.00   41.41    0.00    0.00   13.13    0.00    0.00    0.00   16.16

00:29:29     CPU    %usr   %nice    %sys %iowait    %irq   %soft  %steal  %guest  %gnice   %idle
00:29:30     all   31.06    0.00   36.36    0.00    0.00   17.17    0.00    0.00    0.00   15.40
00:29:30       0   23.58    0.00   28.30    0.00    0.00   29.25    0.00    0.00    0.00   18.87
00:29:30       1   25.81    0.00   45.16    0.00    0.00   10.75    0.00    0.00    0.00   18.28
00:29:30       2   38.14    0.00   38.14    0.00    0.00   14.43    0.00    0.00    0.00    9.28
00:29:30       3   37.00    0.00   35.00    0.00    0.00   13.00    0.00    0.00    0.00   15.00

00:29:30     CPU    %usr   %nice    %sys %iowait    %irq   %soft  %steal  %guest  %gnice   %idle
00:29:31     all   30.81    0.00   39.39    0.00    0.00   14.65    0.00    0.00    0.00   15.15
00:29:31       0   23.76    0.00   35.64    0.00    0.00   21.78    0.00    0.00    0.00   18.81
00:29:31       1   23.96    0.00   44.79    0.00    0.00    8.33    0.00    0.00    0.00   22.92
00:29:31       2   39.00    0.00   37.00    0.00    0.00   15.00    0.00    0.00    0.00    9.00
00:29:31       3   36.36    0.00   40.40    0.00    0.00   13.13    0.00    0.00    0.00   10.10

00:29:31     CPU    %usr   %nice    %sys %iowait    %irq   %soft  %steal  %guest  %gnice   %idle
00:29:32     all   29.80    0.00   37.19    0.00    0.00   17.73    0.00    0.00    0.00   15.27
00:29:32       0   20.39    0.00   33.01    0.00    0.00   25.24    0.00    0.00    0.00   21.36
00:29:32       1   25.74    0.00   39.60    0.00    0.00   17.82    0.00    0.00    0.00   16.83
00:29:32       2   38.38    0.00   37.37    0.00    0.00   13.13    0.00    0.00    0.00   11.11
00:29:32       3   34.95    0.00   38.83    0.00    0.00   14.56    0.00    0.00    0.00   11.65

00:29:32     CPU    %usr   %nice    %sys %iowait    %irq   %soft  %steal  %guest  %gnice   %idle
00:29:33     all   30.73    0.00   37.53    0.00    0.00   17.63    0.00    0.00    0.00   14.11
00:29:33       0   26.73    0.00   29.70    0.00    0.00   25.74    0.00    0.00    0.00   17.82
00:29:33       1   31.00    0.00   40.00    0.00    0.00   15.00    0.00    0.00    0.00   14.00
00:29:33       2   29.59    0.00   45.92    0.00    0.00   11.22    0.00    0.00    0.00   13.27
00:29:33       3   35.71    0.00   34.69    0.00    0.00   18.37    0.00    0.00    0.00   11.22

00:29:33     CPU    %usr   %nice    %sys %iowait    %irq   %soft  %steal  %guest  %gnice   %idle
00:29:34     all   29.41    0.00   35.05    0.00    0.00   20.10    0.00    0.00    0.00   15.44
00:29:34       0   24.07    0.00   30.56    0.00    0.00   27.78    0.00    0.00    0.00   17.59
00:29:34       1   24.51    0.00   43.14    0.00    0.00   12.75    0.00    0.00    0.00   19.61
00:29:34       2   31.96    0.00   32.99    0.00    0.00   18.56    0.00    0.00    0.00   16.49
00:29:34       3   37.62    0.00   33.66    0.00    0.00   20.79    0.00    0.00    0.00    7.92

00:29:34     CPU    %usr   %nice    %sys %iowait    %irq   %soft  %steal  %guest  %gnice   %idle
00:29:35     all   29.93    0.00   36.91    0.00    0.00   16.46    0.00    0.00    0.00   16.71
00:29:35       0   25.49    0.00   29.41    0.00    0.00   23.53    0.00    0.00    0.00   21.57
00:29:35       1   32.00    0.00   40.00    0.00    0.00   15.00    0.00    0.00    0.00   13.00
00:29:35       2   34.65    0.00   36.63    0.00    0.00   14.85    0.00    0.00    0.00   13.86
00:29:35       3   27.55    0.00   41.84    0.00    0.00   12.24    0.00    0.00    0.00   18.37

00:29:35     CPU    %usr   %nice    %sys %iowait    %irq   %soft  %steal  %guest  %gnice   %idle
00:29:36     all   28.97    0.00   35.01    0.00    0.00   17.38    0.00    0.00    0.00   18.64
00:29:36       0   26.17    0.00   32.71    0.00    0.00   24.30    0.00    0.00    0.00   16.82
00:29:36       1   27.27    0.00   37.37    0.00    0.00   19.19    0.00    0.00    0.00   16.16
00:29:36       2   30.53    0.00   35.79    0.00    0.00   14.74    0.00    0.00    0.00   18.95
00:29:36       3   32.29    0.00   34.38    0.00    0.00   10.42    0.00    0.00    0.00   22.92

00:29:36     CPU    %usr   %nice    %sys %iowait    %irq   %soft  %steal  %guest  %gnice   %idle
00:29:37     all   30.71    0.00   37.35    0.25    0.00   16.46    0.00    0.00    0.00   15.23
00:29:37       0   21.70    0.00   31.13    0.94    0.00   23.58    0.00    0.00    0.00   22.64
00:29:37       1   29.29    0.00   40.40    0.00    0.00   12.12    0.00    0.00    0.00   18.18
00:29:37       2   39.60    0.00   35.64    0.00    0.00   16.83    0.00    0.00    0.00    7.92
00:29:37       3   32.67    0.00   42.57    0.00    0.00   12.87    0.00    0.00    0.00   11.88

00:29:37     CPU    %usr   %nice    %sys %iowait    %irq   %soft  %steal  %guest  %gnice   %idle
00:29:38     all   31.83    0.00   35.34    0.00    0.00   17.29    0.00    0.00    0.00   15.54
00:29:38       0   19.05    0.00   30.48    0.00    0.00   30.48    0.00    0.00    0.00   20.00
00:29:38       1   28.12    0.00   41.67    0.00    0.00   10.42    0.00    0.00    0.00   19.79
00:29:38       2   35.71    0.00   34.69    0.00    0.00   16.33    0.00    0.00    0.00   13.27
00:29:38       3   45.00    0.00   35.00    0.00    0.00   11.00    0.00    0.00    0.00    9.00

00:29:38     CPU    %usr   %nice    %sys %iowait    %irq   %soft  %steal  %guest  %gnice   %idle
00:29:39     all   27.09    0.00   40.39    0.00    0.00   17.73    0.00    0.00    0.00   14.78
00:29:39       0   27.10    0.00   28.04    0.00    0.00   29.91    0.00    0.00    0.00   14.95
00:29:39       1   30.61    0.00   42.86    0.00    0.00   12.24    0.00    0.00    0.00   14.29
00:29:39       2   26.47    0.00   46.08    0.00    0.00   13.73    0.00    0.00    0.00   13.73
00:29:39       3   24.24    0.00   45.45    0.00    0.00   14.14    0.00    0.00    0.00   16.16

00:29:39     CPU    %usr   %nice    %sys %iowait    %irq   %soft  %steal  %guest  %gnice   %idle
00:29:40     all   28.75    0.00   36.90    0.00    0.00   17.56    0.00    0.00    0.00   16.79
00:29:40       0   20.00    0.00   34.29    0.00    0.00   28.57    0.00    0.00    0.00   17.14
00:29:40       1   29.90    0.00   39.18    0.00    0.00   12.37    0.00    0.00    0.00   18.56
00:29:40       2   33.33    0.00   36.46    0.00    0.00   14.58    0.00    0.00    0.00   15.62
00:29:40       3   32.63    0.00   37.89    0.00    0.00   13.68    0.00    0.00    0.00   15.79

00:29:40     CPU    %usr   %nice    %sys %iowait    %irq   %soft  %steal  %guest  %gnice   %idle
00:29:41     all   25.14    0.00   34.18    0.00    0.00   21.19    0.00    0.00    0.00   19.49
00:29:41       0   14.43    0.00   30.93    0.00    0.00   31.96    0.00    0.00    0.00   22.68
00:29:41       1   29.89    0.00   29.89    0.00    0.00   17.24    0.00    0.00    0.00   22.99
00:29:41       2   26.97    0.00   41.57    0.00    0.00   15.73    0.00    0.00    0.00   15.73
00:29:41       3   30.86    0.00   34.57    0.00    0.00   18.52    0.00    0.00    0.00   16.05

00:29:41     CPU    %usr   %nice    %sys %iowait    %irq   %soft  %steal  %guest  %gnice   %idle
00:29:43     all   29.13    0.00   34.73    0.00    0.00   19.33    0.00    0.00    0.00   16.81
00:29:43       0   20.22    0.00   31.46    0.00    0.00   30.34    0.00    0.00    0.00   17.98
00:29:43       1   26.97    0.00   38.20    0.00    0.00   16.85    0.00    0.00    0.00   17.98
00:29:43       2   34.41    0.00   36.56    0.00    0.00   17.20    0.00    0.00    0.00   11.83
00:29:43       3   34.88    0.00   32.56    0.00    0.00   12.79    0.00    0.00    0.00   19.77

00:29:43     CPU    %usr   %nice    %sys %iowait    %irq   %soft  %steal  %guest  %gnice   %idle
00:29:44     all   29.64    0.00   35.57    0.00    0.00   18.81    0.00    0.00    0.00   15.98
00:29:44       0   28.00    0.00   28.00    0.00    0.00   29.00    0.00    0.00    0.00   15.00
00:29:44       1   40.82    0.00   34.69    0.00    0.00   17.35    0.00    0.00    0.00    7.14
00:29:44       2   29.29    0.00   41.41    0.00    0.00   12.12    0.00    0.00    0.00   17.17
00:29:44       3   19.78    0.00   38.46    0.00    0.00   16.48    0.00    0.00    0.00   25.27

00:29:44     CPU    %usr   %nice    %sys %iowait    %irq   %soft  %steal  %guest  %gnice   %idle
00:29:45     all   30.23    0.00   37.78    0.00    0.00   17.38    0.00    0.00    0.00   14.61
00:29:45       0   21.36    0.00   34.95    0.00    0.00   23.30    0.00    0.00    0.00   20.39
00:29:45       1   22.11    0.00   46.32    0.00    0.00   13.68    0.00    0.00    0.00   17.89
00:29:45       2   39.00    0.00   34.00    0.00    0.00   15.00    0.00    0.00    0.00   12.00
00:29:45       3   38.38    0.00   36.36    0.00    0.00   17.17    0.00    0.00    0.00    8.08

00:29:45     CPU    %usr   %nice    %sys %iowait    %irq   %soft  %steal  %guest  %gnice   %idle
00:29:46     all   30.77    0.00   37.44    0.00    0.00   17.44    0.00    0.00    0.00   14.36
00:29:46       0   22.22    0.00   34.34    0.00    0.00   26.26    0.00    0.00    0.00   17.17
00:29:46       1   29.90    0.00   45.36    0.00    0.00   13.40    0.00    0.00    0.00   11.34
00:29:46       2   39.39    0.00   33.33    0.00    0.00   17.17    0.00    0.00    0.00   10.10
00:29:46       3   31.58    0.00   36.84    0.00    0.00   12.63    0.00    0.00    0.00   18.95

00:29:46     CPU    %usr   %nice    %sys %iowait    %irq   %soft  %steal  %guest  %gnice   %idle
00:29:47     all   30.30    0.00   37.88    0.00    0.00   17.93    0.00    0.00    0.00   13.89
00:29:47       0   19.05    0.00   34.29    0.00    0.00   26.67    0.00    0.00    0.00   20.00
00:29:47       1   28.87    0.00   42.27    0.00    0.00   13.40    0.00    0.00    0.00   15.46
00:29:47       2   35.79    0.00   36.84    0.00    0.00   16.84    0.00    0.00    0.00   10.53
00:29:47       3   38.38    0.00   38.38    0.00    0.00   14.14    0.00    0.00    0.00    9.09

00:29:47     CPU    %usr   %nice    %sys %iowait    %irq   %soft  %steal  %guest  %gnice   %idle
00:29:48     all   28.43    0.00   37.66    0.00    0.00   19.20    0.00    0.00    0.00   14.71
00:29:48       0   15.24    0.00   33.33    0.00    0.00   28.57    0.00    0.00    0.00   22.86
00:29:48       1   31.00    0.00   41.00    0.00    0.00   13.00    0.00    0.00    0.00   15.00
00:29:48       2   34.02    0.00   39.18    0.00    0.00   17.53    0.00    0.00    0.00    9.28
00:29:48       3   34.34    0.00   37.37    0.00    0.00   17.17    0.00    0.00    0.00   11.11

00:29:48     CPU    %usr   %nice    %sys %iowait    %irq   %soft  %steal  %guest  %gnice   %idle
00:29:49     all   26.85    0.00   38.62    0.26    0.00   18.41    0.00    0.00    0.00   15.86
00:29:49       0   14.71    0.00   36.27    0.00    0.00   27.45    0.00    0.00    0.00   21.57
00:29:49       1   24.74    0.00   48.45    0.00    0.00   13.40    0.00    0.00    0.00   13.40
00:29:49       2   29.17    0.00   38.54    1.04    0.00   12.50    0.00    0.00    0.00   18.75
00:29:49       3   39.58    0.00   31.25    0.00    0.00   19.79    0.00    0.00    0.00    9.38

00:29:49     CPU    %usr   %nice    %sys %iowait    %irq   %soft  %steal  %guest  %gnice   %idle
00:29:50     all   31.81    0.00   39.19    0.00    0.00   16.03    0.00    0.00    0.00   12.98
00:29:50       0   27.45    0.00   29.41    0.00    0.00   27.45    0.00    0.00    0.00   15.69
00:29:50       1   34.74    0.00   42.11    0.00    0.00   12.63    0.00    0.00    0.00   10.53
00:29:50       2   32.99    0.00   41.24    0.00    0.00   14.43    0.00    0.00    0.00   11.34
00:29:50       3   32.32    0.00   44.44    0.00    0.00    9.09    0.00    0.00    0.00   14.14

00:29:50     CPU    %usr   %nice    %sys %iowait    %irq   %soft  %steal  %guest  %gnice   %idle
00:29:51     all   31.47    0.00   35.53    0.00    0.00   18.02    0.00    0.00    0.00   14.97
00:29:51       0   23.58    0.00   29.25    0.00    0.00   25.47    0.00    0.00    0.00   21.70
00:29:51       1   31.91    0.00   36.17    0.00    0.00   14.89    0.00    0.00    0.00   17.02
00:29:51       2   37.00    0.00   37.00    0.00    0.00   17.00    0.00    0.00    0.00    9.00
00:29:51       3   34.04    0.00   40.43    0.00    0.00   13.83    0.00    0.00    0.00   11.70

00:29:51     CPU    %usr   %nice    %sys %iowait    %irq   %soft  %steal  %guest  %gnice   %idle
00:29:52     all   30.30    0.00   37.44    0.00    0.00   17.49    0.00    0.00    0.00   14.78
00:29:52       0   18.18    0.00   32.73    0.00    0.00   28.18    0.00    0.00    0.00   20.91
00:29:52       1   22.22    0.00   45.45    0.00    0.00   11.11    0.00    0.00    0.00   21.21
00:29:52       2   36.36    0.00   39.39    0.00    0.00   15.15    0.00    0.00    0.00    9.09
00:29:52       3   45.92    0.00   32.65    0.00    0.00   14.29    0.00    0.00    0.00    7.14

00:29:52     CPU    %usr   %nice    %sys %iowait    %irq   %soft  %steal  %guest  %gnice   %idle
00:29:53     all   30.85    0.00   38.31    0.00    0.00   17.41    0.00    0.00    0.00   13.43
00:29:53       0   22.22    0.00   34.26    0.00    0.00   25.93    0.00    0.00    0.00   17.59
00:29:53       1   39.80    0.00   32.65    0.00    0.00   17.35    0.00    0.00    0.00   10.20
00:29:53       2   29.90    0.00   46.39    0.00    0.00   13.40    0.00    0.00    0.00   10.31
00:29:53       3   32.32    0.00   40.40    0.00    0.00   12.12    0.00    0.00    0.00   15.15

00:29:53     CPU    %usr   %nice    %sys %iowait    %irq   %soft  %steal  %guest  %gnice   %idle
00:29:54     all   32.32    0.00   36.13    0.00    0.00   16.28    0.00    0.00    0.00   15.27
00:29:54       0   25.49    0.00   35.29    0.00    0.00   21.57    0.00    0.00    0.00   17.65
00:29:54       1   30.53    0.00   40.00    0.00    0.00   13.68    0.00    0.00    0.00   15.79
00:29:54       2   35.79    0.00   33.68    0.00    0.00   12.63    0.00    0.00    0.00   17.89
00:29:54       3   37.62    0.00   35.64    0.00    0.00   16.83    0.00    0.00    0.00    9.90

00:29:54     CPU    %usr   %nice    %sys %iowait    %irq   %soft  %steal  %guest  %gnice   %idle
00:29:55     all   30.69    0.00   37.34    0.00    0.00   16.11    0.00    0.00    0.00   15.86
00:29:55       0   25.74    0.00   25.74    0.00    0.00   29.70    0.00    0.00    0.00   18.81
00:29:55       1   29.00    0.00   47.00    0.00    0.00    9.00    0.00    0.00    0.00   15.00
00:29:55       2   40.21    0.00   38.14    0.00    0.00   13.40    0.00    0.00    0.00    8.25
00:29:55       3   27.96    0.00   38.71    0.00    0.00   11.83    0.00    0.00    0.00   21.51

00:29:55     CPU    %usr   %nice    %sys %iowait    %irq   %soft  %steal  %guest  %gnice   %idle
00:29:56     all   29.85    0.00   38.81    0.00    0.00   17.91    0.00    0.00    0.00   13.43
00:29:56       0   25.00    0.00   33.65    0.00    0.00   25.00    0.00    0.00    0.00   16.35
00:29:56       1   37.76    0.00   33.67    0.00    0.00   16.33    0.00    0.00    0.00   12.24
00:29:56       2   31.68    0.00   43.56    0.00    0.00   12.87    0.00    0.00    0.00   11.88
00:29:56       3   25.25    0.00   44.44    0.00    0.00   17.17    0.00    0.00    0.00   13.13

00:29:56     CPU    %usr   %nice    %sys %iowait    %irq   %soft  %steal  %guest  %gnice   %idle
00:29:57     all   31.14    0.00   37.47    0.00    0.00   16.46    0.00    0.00    0.00   14.94
00:29:57       0   21.10    0.00   35.78    0.00    0.00   23.85    0.00    0.00    0.00   19.27
00:29:57       1   31.58    0.00   34.74    0.00    0.00   15.79    0.00    0.00    0.00   17.89
00:29:57       2   38.30    0.00   36.17    0.00    0.00   13.83    0.00    0.00    0.00   11.70
00:29:57       3   35.05    0.00   43.30    0.00    0.00   11.34    0.00    0.00    0.00   10.31

00:29:57     CPU    %usr   %nice    %sys %iowait    %irq   %soft  %steal  %guest  %gnice   %idle
00:29:58     all   29.98    0.00   37.10    0.00    0.00   19.16    0.00    0.00    0.00   13.76
00:29:58       0   24.04    0.00   30.77    0.00    0.00   26.92    0.00    0.00    0.00   18.27
00:29:58       1   35.64    0.00   36.63    0.00    0.00   14.85    0.00    0.00    0.00   12.87
00:29:58       2   32.65    0.00   37.76    0.00    0.00   20.41    0.00    0.00    0.00    9.18
00:29:58       3   27.88    0.00   43.27    0.00    0.00   14.42    0.00    0.00    0.00   14.42

00:29:58     CPU    %usr   %nice    %sys %iowait    %irq   %soft  %steal  %guest  %gnice   %idle
00:29:59     all   30.10    0.00   37.24    0.00    0.00   17.86    0.00    0.00    0.00   14.80
00:29:59       0   22.22    0.00   30.30    0.00    0.00   26.26    0.00    0.00    0.00   21.21
00:29:59       1   34.69    0.00   37.76    0.00    0.00   14.29    0.00    0.00    0.00   13.27
00:29:59       2   35.05    0.00   39.18    0.00    0.00   14.43    0.00    0.00    0.00   11.34
00:29:59       3   28.57    0.00   41.84    0.00    0.00   16.33    0.00    0.00    0.00   13.27

00:29:59     CPU    %usr   %nice    %sys %iowait    %irq   %soft  %steal  %guest  %gnice   %idle
00:30:00     all   29.64    0.00   37.63    0.00    0.00   17.27    0.00    0.00    0.00   15.46
00:30:00       0   17.35    0.00   33.67    0.00    0.00   26.53    0.00    0.00    0.00   22.45
00:30:00       1   32.29    0.00   39.58    0.00    0.00   11.46    0.00    0.00    0.00   16.67
00:30:00       2   35.79    0.00   36.84    0.00    0.00   15.79    0.00    0.00    0.00   11.58
00:30:00       3   33.33    0.00   40.40    0.00    0.00   15.15    0.00    0.00    0.00   11.11

00:30:00     CPU    %usr   %nice    %sys %iowait    %irq   %soft  %steal  %guest  %gnice   %idle
00:30:01     all   29.98    0.00   38.08    0.00    0.00   17.69    0.00    0.00    0.00   14.25
00:30:01       0   19.63    0.00   34.58    0.00    0.00   27.10    0.00    0.00    0.00   18.69
00:30:01       1   26.47    0.00   42.16    0.00    0.00   14.71    0.00    0.00    0.00   16.67
00:30:01       2   38.78    0.00   38.78    0.00    0.00   15.31    0.00    0.00    0.00    7.14
00:30:01       3   36.00    0.00   37.00    0.00    0.00   13.00    0.00    0.00    0.00   14.00

00:30:01     CPU    %usr   %nice    %sys %iowait    %irq   %soft  %steal  %guest  %gnice   %idle
00:30:02     all   31.91    0.00   37.19    0.00    0.00   17.09    0.00    0.00    0.00   13.82
00:30:02       0   21.78    0.00   34.65    0.00    0.00   23.76    0.00    0.00    0.00   19.80
00:30:02       1   30.61    0.00   37.76    0.00    0.00   16.33    0.00    0.00    0.00   15.31
00:30:02       2   38.38    0.00   38.38    0.00    0.00   13.13    0.00    0.00    0.00   10.10
00:30:02       3   37.00    0.00   38.00    0.00    0.00   15.00    0.00    0.00    0.00   10.00

00:30:02     CPU    %usr   %nice    %sys %iowait    %irq   %soft  %steal  %guest  %gnice   %idle
00:30:03     all   34.17    0.00   35.18    0.00    0.00   16.58    0.00    0.00    0.00   14.07
00:30:03       0   26.21    0.00   31.07    0.00    0.00   28.16    0.00    0.00    0.00   14.56
00:30:03       1   38.54    0.00   33.33    0.00    0.00   10.42    0.00    0.00    0.00   17.71
00:30:03       2   36.46    0.00   37.50    0.00    0.00   11.46    0.00    0.00    0.00   14.58
00:30:03       3   35.92    0.00   38.83    0.00    0.00   15.53    0.00    0.00    0.00    9.71

00:30:03     CPU    %usr   %nice    %sys %iowait    %irq   %soft  %steal  %guest  %gnice   %idle
00:30:04     all   31.04    0.00   38.93    0.00    0.00   14.25    0.00    0.00    0.00   15.78
00:30:04       0   26.85    0.00   37.96    0.00    0.00   20.37    0.00    0.00    0.00   14.81
00:30:04       1   32.32    0.00   41.41    0.00    0.00   12.12    0.00    0.00    0.00   14.14
00:30:04       2   34.41    0.00   36.56    0.00    0.00   11.83    0.00    0.00    0.00   17.20
00:30:04       3   31.18    0.00   39.78    0.00    0.00   11.83    0.00    0.00    0.00   17.20

00:30:04     CPU    %usr   %nice    %sys %iowait    %irq   %soft  %steal  %guest  %gnice   %idle
00:30:05     all   32.04    0.00   34.63    0.00    0.00   18.60    0.00    0.00    0.00   14.73
00:30:05       0   26.00    0.00   24.00    0.00    0.00   33.00    0.00    0.00    0.00   17.00
00:30:05       1   35.05    0.00   34.02    0.00    0.00   15.46    0.00    0.00    0.00   15.46
00:30:05       2   36.84    0.00   36.84    0.00    0.00   13.68    0.00    0.00    0.00   12.63
00:30:05       3   30.53    0.00   44.21    0.00    0.00   11.58    0.00    0.00    0.00   13.68

00:30:05     CPU    %usr   %nice    %sys %iowait    %irq   %soft  %steal  %guest  %gnice   %idle
00:30:06     all   29.67    0.00   38.87    0.00    0.00   17.14    0.00    0.00    0.00   14.32
00:30:06       0   25.49    0.00   36.27    0.00    0.00   22.55    0.00    0.00    0.00   15.69
00:30:06       1   36.08    0.00   37.11    0.00    0.00   16.49    0.00    0.00    0.00   10.31
00:30:06       2   28.12    0.00   40.62    0.00    0.00   14.58    0.00    0.00    0.00   16.67
00:30:06       3   29.17    0.00   41.67    0.00    0.00   14.58    0.00    0.00    0.00   14.58

00:30:06     CPU    %usr   %nice    %sys %iowait    %irq   %soft  %steal  %guest  %gnice   %idle
00:30:07     all   31.88    0.00   38.30    0.00    0.00   15.17    0.00    0.00    0.00   14.65
00:30:07       0   29.29    0.00   33.33    0.00    0.00   22.22    0.00    0.00    0.00   15.15
00:30:07       1   40.00    0.00   35.00    0.00    0.00   13.00    0.00    0.00    0.00   12.00
00:30:07       2   27.37    0.00   44.21    0.00    0.00   10.53    0.00    0.00    0.00   17.89
00:30:07       3   30.53    0.00   41.05    0.00    0.00   14.74    0.00    0.00    0.00   13.68

00:30:07     CPU    %usr   %nice    %sys %iowait    %irq   %soft  %steal  %guest  %gnice   %idle
00:30:08     all   28.90    0.00   39.90    0.00    0.00   16.62    0.00    0.00    0.00   14.58
00:30:08       0   23.00    0.00   34.00    0.00    0.00   25.00    0.00    0.00    0.00   18.00
00:30:08       1   28.87    0.00   47.42    0.00    0.00    7.22    0.00    0.00    0.00   16.49
00:30:08       2   31.96    0.00   37.11    0.00    0.00   18.56    0.00    0.00    0.00   12.37
00:30:08       3   31.96    0.00   41.24    0.00    0.00   15.46    0.00    0.00    0.00   11.34

00:30:08     CPU    %usr   %nice    %sys %iowait    %irq   %soft  %steal  %guest  %gnice   %idle
00:30:09     all   30.46    0.00   38.32    0.00    0.00   15.99    0.00    0.00    0.00   15.23
00:30:09       0   28.00    0.00   32.00    0.00    0.00   26.00    0.00    0.00    0.00   14.00
00:30:09       1   31.96    0.00   41.24    0.00    0.00   13.40    0.00    0.00    0.00   13.40
00:30:09       2   30.61    0.00   38.78    0.00    0.00   12.24    0.00    0.00    0.00   18.37
00:30:09       3   31.31    0.00   41.41    0.00    0.00   12.12    0.00    0.00    0.00   15.15

00:30:09     CPU    %usr   %nice    %sys %iowait    %irq   %soft  %steal  %guest  %gnice   %idle
00:30:10     all   31.55    0.00   37.15    0.00    0.00   17.30    0.00    0.00    0.00   13.99
00:30:10       0   22.64    0.00   33.96    0.00    0.00   23.58    0.00    0.00    0.00   19.81
00:30:10       1   34.34    0.00   41.41    0.00    0.00   12.12    0.00    0.00    0.00   12.12
00:30:10       2   34.41    0.00   34.41    0.00    0.00   19.35    0.00    0.00    0.00   11.83
00:30:10       3   35.79    0.00   38.95    0.00    0.00   13.68    0.00    0.00    0.00   11.58

00:30:10     CPU    %usr   %nice    %sys %iowait    %irq   %soft  %steal  %guest  %gnice   %idle
00:30:11     all   30.33    0.00   37.09    0.00    0.00   16.54    0.00    0.00    0.00   16.04
00:30:11       0   25.96    0.00   30.77    0.00    0.00   24.04    0.00    0.00    0.00   19.23
00:30:11       1   25.77    0.00   44.33    0.00    0.00   12.37    0.00    0.00    0.00   17.53
00:30:11       2   35.00    0.00   34.00    0.00    0.00   16.00    0.00    0.00    0.00   15.00
00:30:11       3   34.69    0.00   39.80    0.00    0.00   13.27    0.00    0.00    0.00   12.24

00:30:11     CPU    %usr   %nice    %sys %iowait    %irq   %soft  %steal  %guest  %gnice   %idle
00:30:12     all   31.66    0.00   37.94    0.00    0.00   16.58    0.00    0.00    0.00   13.82
00:30:12       0   26.92    0.00   35.58    0.00    0.00   21.15    0.00    0.00    0.00   16.35
00:30:12       1   27.72    0.00   43.56    0.00    0.00    9.90    0.00    0.00    0.00   18.81
00:30:12       2   36.36    0.00   37.37    0.00    0.00   18.18    0.00    0.00    0.00    8.08
00:30:12       3   36.17    0.00   35.11    0.00    0.00   17.02    0.00    0.00    0.00   11.70

00:30:12     CPU    %usr   %nice    %sys %iowait    %irq   %soft  %steal  %guest  %gnice   %idle
00:30:13     all   29.87    0.00   38.99    0.00    0.00   16.46    0.00    0.00    0.00   14.68
00:30:13       0   20.39    0.00   30.10    0.00    0.00   27.18    0.00    0.00    0.00   22.33
00:30:13       1   26.80    0.00   45.36    0.00    0.00   10.31    0.00    0.00    0.00   17.53
00:30:13       2   35.71    0.00   43.88    0.00    0.00    9.18    0.00    0.00    0.00   11.22
00:30:13       3   37.11    0.00   37.11    0.00    0.00   18.56    0.00    0.00    0.00    7.22

00:30:13     CPU    %usr   %nice    %sys %iowait    %irq   %soft  %steal  %guest  %gnice   %idle
00:30:14     all   29.72    0.00   40.30    0.00    0.00   14.86    0.00    0.00    0.00   15.11
00:30:14       0   29.29    0.00   39.39    0.00    0.00   19.19    0.00    0.00    0.00   12.12
00:30:14       1   36.63    0.00   35.64    0.00    0.00   17.82    0.00    0.00    0.00    9.90
00:30:14       2   27.84    0.00   41.24    0.00    0.00   12.37    0.00    0.00    0.00   18.56
00:30:14       3   25.00    0.00   45.00    0.00    0.00   10.00    0.00    0.00    0.00   20.00

00:30:14     CPU    %usr   %nice    %sys %iowait    %irq   %soft  %steal  %guest  %gnice   %idle
00:30:15     all   30.46    0.00   38.32    0.00    0.00   16.50    0.00    0.00    0.00   14.72
00:30:15       0   28.30    0.00   33.96    0.00    0.00   20.75    0.00    0.00    0.00   16.98
00:30:15       1   39.39    0.00   31.31    0.00    0.00   18.18    0.00    0.00    0.00   11.11
00:30:15       2   26.04    0.00   45.83    0.00    0.00   13.54    0.00    0.00    0.00   14.58
00:30:15       3   27.96    0.00   43.01    0.00    0.00   12.90    0.00    0.00    0.00   16.13

00:30:15     CPU    %usr   %nice    %sys %iowait    %irq   %soft  %steal  %guest  %gnice   %idle
00:30:16     all   31.04    0.00   36.13    0.00    0.00   16.79    0.00    0.00    0.00   16.03
00:30:16       0   22.45    0.00   31.63    0.00    0.00   26.53    0.00    0.00    0.00   19.39
00:30:16       1   37.37    0.00   37.37    0.00    0.00   14.14    0.00    0.00    0.00   11.11
00:30:16       2   27.55    0.00   38.78    0.00    0.00   14.29    0.00    0.00    0.00   19.39
00:30:16       3   36.73    0.00   36.73    0.00    0.00   12.24    0.00    0.00    0.00   14.29

00:30:16     CPU    %usr   %nice    %sys %iowait    %irq   %soft  %steal  %guest  %gnice   %idle
00:30:17     all   31.19    0.00   39.11    0.00    0.00   15.59    0.00    0.00    0.00   14.11
00:30:17       0   27.62    0.00   36.19    0.00    0.00   20.00    0.00    0.00    0.00   16.19
00:30:17       1   35.92    0.00   38.83    0.00    0.00   15.53    0.00    0.00    0.00    9.71
00:30:17       2   32.32    0.00   41.41    0.00    0.00   14.14    0.00    0.00    0.00   12.12
00:30:17       3   28.87    0.00   40.21    0.00    0.00   12.37    0.00    0.00    0.00   18.56

00:30:17     CPU    %usr   %nice    %sys %iowait    %irq   %soft  %steal  %guest  %gnice   %idle
00:30:18     all   31.75    0.00   40.00    0.00    0.00   14.75    0.00    0.00    0.00   13.50
00:30:18       0   26.92    0.00   32.69    0.00    0.00   25.00    0.00    0.00    0.00   15.38
00:30:18       1   35.42    0.00   39.58    0.00    0.00   11.46    0.00    0.00    0.00   13.54
00:30:18       2   36.36    0.00   41.41    0.00    0.00   12.12    0.00    0.00    0.00   10.10
00:30:18       3   28.71    0.00   46.53    0.00    0.00    9.90    0.00    0.00    0.00   14.85

00:30:18     CPU    %usr   %nice    %sys %iowait    %irq   %soft  %steal  %guest  %gnice   %idle
00:30:19     all   30.73    0.00   38.04    0.00    0.00   16.12    0.00    0.00    0.00   15.11
00:30:19       0   22.64    0.00   34.91    0.00    0.00   23.58    0.00    0.00    0.00   18.87
00:30:19       1   35.11    0.00   38.30    0.00    0.00   13.83    0.00    0.00    0.00   12.77
00:30:19       2   28.87    0.00   42.27    0.00    0.00   12.37    0.00    0.00    0.00   16.49
00:30:19       3   37.00    0.00   37.00    0.00    0.00   14.00    0.00    0.00    0.00   12.00

00:30:19     CPU    %usr   %nice    %sys %iowait    %irq   %soft  %steal  %guest  %gnice   %idle
00:30:20     all   29.92    0.00   39.39    0.00    0.00   15.86    0.00    0.00    0.00   14.83
00:30:20       0   23.08    0.00   39.42    0.00    0.00   24.04    0.00    0.00    0.00   13.46
00:30:20       1   35.71    0.00   34.69    0.00    0.00   16.33    0.00    0.00    0.00   13.27
00:30:20       2   26.09    0.00   43.48    0.00    0.00   10.87    0.00    0.00    0.00   19.57
00:30:20       3   35.05    0.00   40.21    0.00    0.00   11.34    0.00    0.00    0.00   13.40

00:30:20     CPU    %usr   %nice    %sys %iowait    %irq   %soft  %steal  %guest  %gnice   %idle
00:30:21     all   29.23    0.00   36.71    0.00    0.00   18.84    0.00    0.00    0.00   15.22
00:30:21       0   25.47    0.00   29.25    0.00    0.00   27.36    0.00    0.00    0.00   17.92
00:30:21       1   40.78    0.00   31.07    0.00    0.00   21.36    0.00    0.00    0.00    6.80
00:30:21       2   24.76    0.00   42.86    0.00    0.00   14.29    0.00    0.00    0.00   18.10
00:30:21       3   26.00    0.00   44.00    0.00    0.00   12.00    0.00    0.00    0.00   18.00

00:30:21     CPU    %usr   %nice    %sys %iowait    %irq   %soft  %steal  %guest  %gnice   %idle
00:30:22     all   32.82    0.00   36.43    0.00    0.00   17.05    0.00    0.00    0.00   13.70
00:30:22       0   24.75    0.00   34.65    0.00    0.00   24.75    0.00    0.00    0.00   15.84
00:30:22       1   41.67    0.00   32.29    0.00    0.00   16.67    0.00    0.00    0.00    9.38
00:30:22       2   37.50    0.00   36.46    0.00    0.00   13.54    0.00    0.00    0.00   12.50
00:30:22       3   27.66    0.00   42.55    0.00    0.00   12.77    0.00    0.00    0.00   17.02

00:30:22     CPU    %usr   %nice    %sys %iowait    %irq   %soft  %steal  %guest  %gnice   %idle
00:30:23     all   29.47    0.00   37.53    0.00    0.00   17.38    0.00    0.00    0.00   15.62
00:30:23       0   19.23    0.00   38.46    0.00    0.00   21.15    0.00    0.00    0.00   21.15
00:30:23       1   24.49    0.00   42.86    0.00    0.00   19.39    0.00    0.00    0.00   13.27
00:30:23       2   36.08    0.00   32.99    0.00    0.00   14.43    0.00    0.00    0.00   16.49
00:30:23       3   38.78    0.00   35.71    0.00    0.00   14.29    0.00    0.00    0.00   11.22

00:30:23     CPU    %usr   %nice    %sys %iowait    %irq   %soft  %steal  %guest  %gnice   %idle
00:30:24     all   31.75    0.00   39.25    0.00    0.00   15.75    0.00    0.00    0.00   13.25
00:30:24       0   25.23    0.00   31.78    0.00    0.00   23.36    0.00    0.00    0.00   19.63
00:30:24       1   32.99    0.00   41.24    0.00    0.00   15.46    0.00    0.00    0.00   10.31
00:30:24       2   33.00    0.00   45.00    0.00    0.00   13.00    0.00    0.00    0.00    9.00
00:30:24       3   36.46    0.00   39.58    0.00    0.00   10.42    0.00    0.00    0.00   13.54

00:30:24     CPU    %usr   %nice    %sys %iowait    %irq   %soft  %steal  %guest  %gnice   %idle
00:30:25     all   32.32    0.00   36.87    0.00    0.00   14.90    0.00    0.00    0.00   15.91
00:30:25       0   19.81    0.00   37.74    0.00    0.00   21.70    0.00    0.00    0.00   20.75
00:30:25       1   34.04    0.00   37.23    0.00    0.00   10.64    0.00    0.00    0.00   18.09
00:30:25       2   39.58    0.00   35.42    0.00    0.00   13.54    0.00    0.00    0.00   11.46
00:30:25       3   37.00    0.00   37.00    0.00    0.00   13.00    0.00    0.00    0.00   13.00

00:30:25     CPU    %usr   %nice    %sys %iowait    %irq   %soft  %steal  %guest  %gnice   %idle
00:30:26     all   11.26    0.00   38.74    0.00    0.00    9.95    0.00    0.00    0.00   40.05
00:30:26       0    6.67    0.00   38.10    0.00    0.00   18.10    0.00    0.00    0.00   37.14
00:30:26       1   14.29    0.00   39.80    0.00    0.00    7.14    0.00    0.00    0.00   38.78
00:30:26       2   13.33    0.00   38.89    0.00    0.00    5.56    0.00    0.00    0.00   42.22
00:30:26       3   11.24    0.00   38.20    0.00    0.00    7.87    0.00    0.00    0.00   42.70

00:30:26     CPU    %usr   %nice    %sys %iowait    %irq   %soft  %steal  %guest  %gnice   %idle
00:30:27     all   12.24    0.00   40.82    0.00    0.00    8.93    0.00    0.00    0.00   38.01
00:30:27       0   10.58    0.00   38.46    0.00    0.00   14.42    0.00    0.00    0.00   36.54
00:30:27       1   13.54    0.00   39.58    0.00    0.00    8.33    0.00    0.00    0.00   38.54
00:30:27       2   15.84    0.00   43.56    0.00    0.00    4.95    0.00    0.00    0.00   35.64
00:30:27       3    8.79    0.00   41.76    0.00    0.00    7.69    0.00    0.00    0.00   41.76

00:30:27     CPU    %usr   %nice    %sys %iowait    %irq   %soft  %steal  %guest  %gnice   %idle
00:30:28     all   12.01    0.00   40.21    0.00    0.00    9.14    0.00    0.00    0.00   38.64
00:30:28       0   11.76    0.00   38.24    0.00    0.00   14.71    0.00    0.00    0.00   35.29
00:30:28       1   11.58    0.00   42.11    0.00    0.00    6.32    0.00    0.00    0.00   40.00
00:30:28       2   12.63    0.00   43.16    0.00    0.00    5.26    0.00    0.00    0.00   38.95
00:30:28       3   12.09    0.00   37.36    0.00    0.00    9.89    0.00    0.00    0.00   40.66
