Linux 6.6.87.2-microsoft-standard-WSL2 (Udeepa-ASUS) 	04/16/26 	_x86_64_	(4 CPU)

00:37:12     CPU    %usr   %nice    %sys %iowait    %irq   %soft  %steal  %guest  %gnice   %idle
00:37:13     all   16.08    0.00   18.34    0.00    0.00    9.55    0.00    0.00    0.00   56.03
00:37:13       0   11.61    0.00   14.29    0.00    0.00   25.00    0.00    0.00    0.00   49.11
00:37:13       1   20.00    0.00   17.89    0.00    0.00    3.16    0.00    0.00    0.00   58.95
00:37:13       2   17.89    0.00   18.95    0.00    0.00    4.21    0.00    0.00    0.00   58.95
00:37:13       3   15.62    0.00   22.92    0.00    0.00    3.12    0.00    0.00    0.00   58.33

00:37:13     CPU    %usr   %nice    %sys %iowait    %irq   %soft  %steal  %guest  %gnice   %idle
00:37:14     all   16.10    0.00   20.00    0.00    0.00   11.71    0.00    0.00    0.00   52.20
00:37:14       0   11.30    0.00   18.26    0.00    0.00   26.09    0.00    0.00    0.00   44.35
00:37:14       1   15.05    0.00   19.35    0.00    0.00    6.45    0.00    0.00    0.00   59.14
00:37:14       2   20.20    0.00   22.22    0.00    0.00    4.04    0.00    0.00    0.00   53.54
00:37:14       3   18.45    0.00   20.39    0.00    0.00    7.77    0.00    0.00    0.00   53.40

00:37:14     CPU    %usr   %nice    %sys %iowait    %irq   %soft  %steal  %guest  %gnice   %idle
00:37:15     all   13.64    0.00   20.20    0.00    0.00    7.83    0.00    0.00    0.00   58.33
00:37:15       0    8.93    0.00   19.64    0.00    0.00   20.54    0.00    0.00    0.00   50.89
00:37:15       1   13.83    0.00   20.21    0.00    0.00    3.19    0.00    0.00    0.00   62.77
00:37:15       2   15.79    0.00   21.05    0.00    0.00    3.16    0.00    0.00    0.00   60.00
00:37:15       3   16.84    0.00   20.00    0.00    0.00    2.11    0.00    0.00    0.00   61.05

00:37:15     CPU    %usr   %nice    %sys %iowait    %irq   %soft  %steal  %guest  %gnice   %idle
00:37:16     all   12.96    0.00   22.98    0.00    0.00   10.51    0.00    0.00    0.00   53.55
00:37:16       0   10.71    0.00   15.18    0.00    0.00   26.79    0.00    0.00    0.00   47.32
00:37:16       1   13.13    0.00   25.25    0.00    0.00    6.06    0.00    0.00    0.00   55.56
00:37:16       2   15.84    0.00   27.72    0.00    0.00    2.97    0.00    0.00    0.00   53.47
00:37:16       3   12.37    0.00   24.74    0.00    0.00    4.12    0.00    0.00    0.00   58.76

00:37:16     CPU    %usr   %nice    %sys %iowait    %irq   %soft  %steal  %guest  %gnice   %idle
00:37:17     all   17.56    0.00   34.15    0.00    0.00   11.46    0.00    0.00    0.00   36.83
00:37:17       0   16.81    0.00   29.20    0.00    0.00   23.01    0.00    0.00    0.00   30.97
00:37:17       1   18.00    0.00   36.00    0.00    0.00    6.00    0.00    0.00    0.00   40.00
00:37:17       2   18.37    0.00   34.69    0.00    0.00    9.18    0.00    0.00    0.00   37.76
00:37:17       3   17.17    0.00   37.37    0.00    0.00    6.06    0.00    0.00    0.00   39.39

00:37:17     CPU    %usr   %nice    %sys %iowait    %irq   %soft  %steal  %guest  %gnice   %idle
00:37:18     all   19.24    0.00   34.68    0.24    0.00   14.01    0.00    0.00    0.00   31.83
00:37:18       0   15.18    0.00   25.00    0.00    0.00   31.25    0.00    0.00    0.00   28.57
00:37:18       1   25.96    0.00   38.46    0.00    0.00    4.81    0.00    0.00    0.00   30.77
00:37:18       2   20.95    0.00   38.10    0.00    0.00    8.57    0.00    0.00    0.00   32.38
00:37:18       3   15.00    0.00   38.00    1.00    0.00   10.00    0.00    0.00    0.00   36.00

00:37:18     CPU    %usr   %nice    %sys %iowait    %irq   %soft  %steal  %guest  %gnice   %idle
00:37:19     all   19.80    0.00   37.31    0.00    0.00   12.44    0.00    0.00    0.00   30.46
00:37:19       0   15.45    0.00   32.73    0.00    0.00   24.55    0.00    0.00    0.00   27.27
00:37:19       1   26.32    0.00   34.74    0.00    0.00    7.37    0.00    0.00    0.00   31.58
00:37:19       2   20.20    0.00   44.44    0.00    0.00    6.06    0.00    0.00    0.00   29.29
00:37:19       3   17.78    0.00   37.78    0.00    0.00   10.00    0.00    0.00    0.00   34.44

00:37:19     CPU    %usr   %nice    %sys %iowait    %irq   %soft  %steal  %guest  %gnice   %idle
00:37:20     all   24.12    0.00   39.20    0.00    0.00   12.81    0.00    0.00    0.00   23.87
00:37:20       0   18.87    0.00   32.08    0.00    0.00   27.36    0.00    0.00    0.00   21.70
00:37:20       1   23.71    0.00   44.33    0.00    0.00    9.28    0.00    0.00    0.00   22.68
00:37:20       2   29.29    0.00   42.42    0.00    0.00    4.04    0.00    0.00    0.00   24.24
00:37:20       3   25.00    0.00   38.54    0.00    0.00    9.38    0.00    0.00    0.00   27.08

00:37:20     CPU    %usr   %nice    %sys %iowait    %irq   %soft  %steal  %guest  %gnice   %idle
00:37:21     all   21.21    0.00   39.14    0.00    0.00   12.12    0.00    0.00    0.00   27.53
00:37:21       0   16.51    0.00   33.03    0.00    0.00   26.61    0.00    0.00    0.00   23.85
00:37:21       1   22.45    0.00   39.80    0.00    0.00    9.18    0.00    0.00    0.00   28.57
00:37:21       2   23.40    0.00   42.55    0.00    0.00    5.32    0.00    0.00    0.00   28.72
00:37:21       3   23.16    0.00   42.11    0.00    0.00    5.26    0.00    0.00    0.00   29.47

00:37:21     CPU    %usr   %nice    %sys %iowait    %irq   %soft  %steal  %guest  %gnice   %idle
00:37:22     all   21.84    0.00   40.69    0.00    0.00   12.90    0.00    0.00    0.00   24.57
00:37:22       0   18.69    0.00   35.51    0.00    0.00   24.30    0.00    0.00    0.00   21.50
00:37:22       1   23.47    0.00   41.84    0.00    0.00   10.20    0.00    0.00    0.00   24.49
00:37:22       2   27.27    0.00   39.39    0.00    0.00    9.09    0.00    0.00    0.00   24.24
00:37:22       3   18.18    0.00   46.46    0.00    0.00    7.07    0.00    0.00    0.00   28.28

00:37:22     CPU    %usr   %nice    %sys %iowait    %irq   %soft  %steal  %guest  %gnice   %idle
00:37:24     all   21.30    0.00   41.60    0.00    0.00   14.04    0.00    0.00    0.00   23.06
00:37:24       0   13.89    0.00   36.11    0.00    0.00   25.93    0.00    0.00    0.00   24.07
00:37:24       1   29.29    0.00   40.40    0.00    0.00   12.12    0.00    0.00    0.00   18.18
00:37:24       2   21.43    0.00   46.94    0.00    0.00    8.16    0.00    0.00    0.00   23.47
00:37:24       3   21.28    0.00   43.62    0.00    0.00    8.51    0.00    0.00    0.00   26.60

00:37:24     CPU    %usr   %nice    %sys %iowait    %irq   %soft  %steal  %guest  %gnice   %idle
00:37:25     all   21.05    0.00   38.35    0.00    0.00   15.04    0.00    0.00    0.00   25.56
00:37:25       0   16.81    0.00   31.86    0.00    0.00   28.32    0.00    0.00    0.00   23.01
00:37:25       1   24.49    0.00   40.82    0.00    0.00   11.22    0.00    0.00    0.00   23.47
00:37:25       2   21.11    0.00   40.00    0.00    0.00   10.00    0.00    0.00    0.00   28.89
00:37:25       3   22.45    0.00   41.84    0.00    0.00    8.16    0.00    0.00    0.00   27.55

00:37:25     CPU    %usr   %nice    %sys %iowait    %irq   %soft  %steal  %guest  %gnice   %idle
00:37:26     all   18.75    0.00   39.75    0.00    0.00   14.25    0.00    0.00    0.00   27.25
00:37:26       0   16.51    0.00   33.03    0.00    0.00   27.52    0.00    0.00    0.00   22.94
00:37:26       1   17.35    0.00   46.94    0.00    0.00    8.16    0.00    0.00    0.00   27.55
00:37:26       2   20.83    0.00   37.50    0.00    0.00   13.54    0.00    0.00    0.00   28.12
00:37:26       3   20.62    0.00   42.27    0.00    0.00    6.19    0.00    0.00    0.00   30.93

00:37:26     CPU    %usr   %nice    %sys %iowait    %irq   %soft  %steal  %guest  %gnice   %idle
00:37:27     all   17.52    0.00   40.88    0.00    0.00   14.11    0.00    0.00    0.00   27.49
00:37:27       0   13.51    0.00   33.33    0.00    0.00   28.83    0.00    0.00    0.00   24.32
00:37:27       1   23.53    0.00   44.12    0.00    0.00   10.78    0.00    0.00    0.00   21.57
00:37:27       2   17.17    0.00   44.44    0.00    0.00    5.05    0.00    0.00    0.00   33.33
00:37:27       3   16.16    0.00   42.42    0.00    0.00   10.10    0.00    0.00    0.00   31.31

00:37:27     CPU    %usr   %nice    %sys %iowait    %irq   %soft  %steal  %guest  %gnice   %idle
00:37:28     all   24.26    0.00   35.40    0.00    0.00   14.60    0.00    0.00    0.00   25.74
00:37:28       0   15.32    0.00   30.63    0.00    0.00   29.73    0.00    0.00    0.00   24.32
00:37:28       1   26.32    0.00   36.84    0.00    0.00    9.47    0.00    0.00    0.00   27.37
00:37:28       2   27.00    0.00   40.00    0.00    0.00    7.00    0.00    0.00    0.00   26.00
00:37:28       3   29.59    0.00   34.69    0.00    0.00   10.20    0.00    0.00    0.00   25.51

00:37:28     CPU    %usr   %nice    %sys %iowait    %irq   %soft  %steal  %guest  %gnice   %idle
00:37:29     all   21.95    0.00   39.02    0.00    0.00   12.20    0.00    0.00    0.00   26.83
00:37:29       0   14.15    0.00   33.96    0.00    0.00   27.36    0.00    0.00    0.00   24.53
00:37:29       1   27.88    0.00   35.58    0.00    0.00    8.65    0.00    0.00    0.00   27.88
00:37:29       2   25.51    0.00   41.84    0.00    0.00    6.12    0.00    0.00    0.00   26.53
00:37:29       3   20.59    0.00   45.10    0.00    0.00    5.88    0.00    0.00    0.00   28.43

00:37:29     CPU    %usr   %nice    %sys %iowait    %irq   %soft  %steal  %guest  %gnice   %idle
00:37:30     all   22.69    0.00   36.91    0.00    0.00   12.47    0.00    0.00    0.00   27.93
00:37:30       0   21.43    0.00   33.04    0.00    0.00   22.32    0.00    0.00    0.00   23.21
00:37:30       1   24.44    0.00   36.67    0.00    0.00   10.00    0.00    0.00    0.00   28.89
00:37:30       2   22.34    0.00   39.36    0.00    0.00    6.38    0.00    0.00    0.00   31.91
00:37:30       3   22.86    0.00   39.05    0.00    0.00    9.52    0.00    0.00    0.00   28.57

00:37:30     CPU    %usr   %nice    %sys %iowait    %irq   %soft  %steal  %guest  %gnice   %idle
00:37:31     all   25.00    0.00   39.14    0.00    0.00   14.39    0.00    0.00    0.00   21.46
00:37:31       0   17.14    0.00   33.33    0.00    0.00   24.76    0.00    0.00    0.00   24.76
00:37:31       1   26.04    0.00   41.67    0.00    0.00    8.33    0.00    0.00    0.00   23.96
00:37:31       2   29.59    0.00   40.82    0.00    0.00   11.22    0.00    0.00    0.00   18.37
00:37:31       3   27.84    0.00   41.24    0.00    0.00   12.37    0.00    0.00    0.00   18.56

00:37:31     CPU    %usr   %nice    %sys %iowait    %irq   %soft  %steal  %guest  %gnice   %idle
00:37:32     all   24.06    0.00   41.35    0.00    0.00   12.28    0.00    0.00    0.00   22.31
00:37:32       0   15.74    0.00   37.96    0.00    0.00   25.00    0.00    0.00    0.00   21.30
00:37:32       1   29.29    0.00   40.40    0.00    0.00    7.07    0.00    0.00    0.00   23.23
00:37:32       2   26.04    0.00   43.75    0.00    0.00    7.29    0.00    0.00    0.00   22.92
00:37:32       3   26.04    0.00   43.75    0.00    0.00    8.33    0.00    0.00    0.00   21.88

00:37:32     CPU    %usr   %nice    %sys %iowait    %irq   %soft  %steal  %guest  %gnice   %idle
00:37:33     all   25.32    0.00   37.47    0.00    0.00   14.68    0.00    0.00    0.00   22.53
00:37:33       0   23.81    0.00   24.76    0.00    0.00   29.52    0.00    0.00    0.00   21.90
00:37:33       1   26.04    0.00   43.75    0.00    0.00    9.38    0.00    0.00    0.00   20.83
00:37:33       2   28.87    0.00   40.21    0.00    0.00    8.25    0.00    0.00    0.00   22.68
00:37:33       3   22.68    0.00   42.27    0.00    0.00   10.31    0.00    0.00    0.00   24.74

00:37:33     CPU    %usr   %nice    %sys %iowait    %irq   %soft  %steal  %guest  %gnice   %idle
00:37:34     all   22.03    0.00   42.08    0.00    0.00   13.61    0.00    0.00    0.00   22.28
00:37:34       0   13.33    0.00   33.33    0.00    0.00   31.43    0.00    0.00    0.00   21.90
00:37:34       1   24.75    0.00   47.52    0.00    0.00    4.95    0.00    0.00    0.00   22.77
00:37:34       2   28.00    0.00   44.00    0.00    0.00   10.00    0.00    0.00    0.00   18.00
00:37:34       3   22.45    0.00   43.88    0.00    0.00    7.14    0.00    0.00    0.00   26.53

00:37:34     CPU    %usr   %nice    %sys %iowait    %irq   %soft  %steal  %guest  %gnice   %idle
00:37:35     all   21.53    0.00   39.36    0.00    0.00   12.38    0.00    0.00    0.00   26.73
00:37:35       0   20.19    0.00   30.77    0.00    0.00   25.00    0.00    0.00    0.00   24.04
00:37:35       1   21.21    0.00   42.42    0.00    0.00    9.09    0.00    0.00    0.00   27.27
00:37:35       2   23.76    0.00   41.58    0.00    0.00    7.92    0.00    0.00    0.00   26.73
00:37:35       3   21.00    0.00   43.00    0.00    0.00    7.00    0.00    0.00    0.00   29.00

00:37:35     CPU    %usr   %nice    %sys %iowait    %irq   %soft  %steal  %guest  %gnice   %idle
00:37:36     all   21.43    0.00   40.64    0.00    0.00   12.56    0.00    0.00    0.00   25.37
00:37:36       0   17.12    0.00   34.23    0.00    0.00   24.32    0.00    0.00    0.00   24.32
00:37:36       1   20.41    0.00   41.84    0.00    0.00    9.18    0.00    0.00    0.00   28.57
00:37:36       2   25.74    0.00   42.57    0.00    0.00    8.91    0.00    0.00    0.00   22.77
00:37:36       3   22.92    0.00   44.79    0.00    0.00    6.25    0.00    0.00    0.00   26.04

00:37:36     CPU    %usr   %nice    %sys %iowait    %irq   %soft  %steal  %guest  %gnice   %idle
00:37:37     all   21.79    0.00   37.77    0.00    0.00   15.25    0.00    0.00    0.00   25.18
00:37:37       0   16.36    0.00   30.00    0.00    0.00   28.18    0.00    0.00    0.00   25.45
00:37:37       1   19.19    0.00   43.43    0.00    0.00   10.10    0.00    0.00    0.00   27.27
00:37:37       2   25.00    0.00   41.35    0.00    0.00   10.58    0.00    0.00    0.00   23.08
00:37:37       3   27.00    0.00   37.00    0.00    0.00   11.00    0.00    0.00    0.00   25.00

00:37:37     CPU    %usr   %nice    %sys %iowait    %irq   %soft  %steal  %guest  %gnice   %idle
00:37:38     all   23.88    0.00   40.80    0.00    0.00   12.94    0.00    0.00    0.00   22.39
00:37:38       0   21.10    0.00   33.94    0.00    0.00   22.94    0.00    0.00    0.00   22.02
00:37:38       1   24.49    0.00   44.90    0.00    0.00    6.12    0.00    0.00    0.00   24.49
00:37:38       2   30.61    0.00   38.78    0.00    0.00   10.20    0.00    0.00    0.00   20.41
00:37:38       3   19.59    0.00   46.39    0.00    0.00   11.34    0.00    0.00    0.00   22.68

00:37:38     CPU    %usr   %nice    %sys %iowait    %irq   %soft  %steal  %guest  %gnice   %idle
00:37:39     all   21.41    0.00   41.31    0.00    0.00   14.11    0.00    0.00    0.00   23.17
00:37:39       0   18.27    0.00   27.88    0.00    0.00   27.88    0.00    0.00    0.00   25.96
00:37:39       1   22.45    0.00   42.86    0.00    0.00   10.20    0.00    0.00    0.00   24.49
00:37:39       2   22.22    0.00   48.48    0.00    0.00    9.09    0.00    0.00    0.00   20.20
00:37:39       3   22.92    0.00   46.88    0.00    0.00    8.33    0.00    0.00    0.00   21.88

00:37:39     CPU    %usr   %nice    %sys %iowait    %irq   %soft  %steal  %guest  %gnice   %idle
00:37:40     all   22.41    0.00   38.31    0.00    0.00   15.42    0.00    0.00    0.00   23.86
00:37:40       0   14.78    0.00   33.91    0.00    0.00   26.09    0.00    0.00    0.00   25.22
00:37:40       1   27.00    0.00   40.00    0.00    0.00    9.00    0.00    0.00    0.00   24.00
00:37:40       2   25.00    0.00   40.00    0.00    0.00   13.00    0.00    0.00    0.00   22.00
00:37:40       3   24.00    0.00   40.00    0.00    0.00   12.00    0.00    0.00    0.00   24.00

00:37:40     CPU    %usr   %nice    %sys %iowait    %irq   %soft  %steal  %guest  %gnice   %idle
00:37:41     all   21.43    0.00   36.67    0.00    0.00   14.52    0.00    0.00    0.00   27.38
00:37:41       0   11.50    0.00   34.51    0.00    0.00   26.55    0.00    0.00    0.00   27.43
00:37:41       1   24.00    0.00   36.00    0.00    0.00   11.00    0.00    0.00    0.00   29.00
00:37:41       2   25.24    0.00   40.78    0.00    0.00    7.77    0.00    0.00    0.00   26.21
00:37:41       3   25.96    0.00   35.58    0.00    0.00   11.54    0.00    0.00    0.00   26.92

00:37:41     CPU    %usr   %nice    %sys %iowait    %irq   %soft  %steal  %guest  %gnice   %idle
00:37:42     all   22.91    0.00   36.95    0.00    0.00   16.01    0.00    0.00    0.00   24.14
00:37:42       0   12.96    0.00   24.07    0.00    0.00   37.04    0.00    0.00    0.00   25.93
00:37:42       1   21.00    0.00   47.00    0.00    0.00    7.00    0.00    0.00    0.00   25.00
00:37:42       2   25.00    0.00   39.58    0.00    0.00   11.46    0.00    0.00    0.00   23.96
00:37:42       3   33.33    0.00   38.24    0.00    0.00    6.86    0.00    0.00    0.00   21.57

00:37:42     CPU    %usr   %nice    %sys %iowait    %irq   %soft  %steal  %guest  %gnice   %idle
00:37:43     all   25.00    0.00   39.39    0.00    0.00   13.13    0.00    0.00    0.00   22.47
00:37:43       0   18.10    0.00   32.38    0.00    0.00   25.71    0.00    0.00    0.00   23.81
00:37:43       1   24.49    0.00   41.84    0.00    0.00    9.18    0.00    0.00    0.00   24.49
00:37:43       2   28.87    0.00   42.27    0.00    0.00    9.28    0.00    0.00    0.00   19.59
00:37:43       3   29.17    0.00   41.67    0.00    0.00    7.29    0.00    0.00    0.00   21.88

00:37:43     CPU    %usr   %nice    %sys %iowait    %irq   %soft  %steal  %guest  %gnice   %idle
00:37:44     all   22.78    0.00   40.00    0.00    0.00   11.39    0.00    0.00    0.00   25.82
00:37:44       0   16.82    0.00   34.58    0.00    0.00   23.36    0.00    0.00    0.00   25.23
00:37:44       1   22.45    0.00   46.94    0.00    0.00    4.08    0.00    0.00    0.00   26.53
00:37:44       2   23.66    0.00   41.94    0.00    0.00    8.60    0.00    0.00    0.00   25.81
00:37:44       3   28.87    0.00   37.11    0.00    0.00    8.25    0.00    0.00    0.00   25.77

00:37:44     CPU    %usr   %nice    %sys %iowait    %irq   %soft  %steal  %guest  %gnice   %idle
00:37:45     all   24.30    0.00   37.72    0.00    0.00   13.42    0.00    0.00    0.00   24.56
00:37:45       0   19.44    0.00   30.56    0.00    0.00   25.00    0.00    0.00    0.00   25.00
00:37:45       1   27.66    0.00   38.30    0.00    0.00   10.64    0.00    0.00    0.00   23.40
00:37:45       2   24.74    0.00   43.30    0.00    0.00    7.22    0.00    0.00    0.00   24.74
00:37:45       3   26.04    0.00   39.58    0.00    0.00    9.38    0.00    0.00    0.00   25.00

00:37:45     CPU    %usr   %nice    %sys %iowait    %irq   %soft  %steal  %guest  %gnice   %idle
00:37:46     all   21.95    0.00   39.65    0.00    0.00   12.97    0.00    0.00    0.00   25.44
00:37:46       0   19.09    0.00   31.82    0.00    0.00   24.55    0.00    0.00    0.00   24.55
00:37:46       1   17.89    0.00   44.21    0.00    0.00    8.42    0.00    0.00    0.00   29.47
00:37:46       2   24.24    0.00   44.44    0.00    0.00    9.09    0.00    0.00    0.00   22.22
00:37:46       3   26.80    0.00   39.18    0.00    0.00    8.25    0.00    0.00    0.00   25.77

00:37:46     CPU    %usr   %nice    %sys %iowait    %irq   %soft  %steal  %guest  %gnice   %idle
00:37:47     all   22.47    0.00   40.15    0.00    0.00   13.38    0.00    0.00    0.00   23.99
00:37:47       0   17.14    0.00   34.29    0.00    0.00   24.76    0.00    0.00    0.00   23.81
00:37:47       1   25.25    0.00   38.38    0.00    0.00   11.11    0.00    0.00    0.00   25.25
00:37:47       2   26.80    0.00   42.27    0.00    0.00    7.22    0.00    0.00    0.00   23.71
00:37:47       3   21.05    0.00   46.32    0.00    0.00    9.47    0.00    0.00    0.00   23.16

00:37:47     CPU    %usr   %nice    %sys %iowait    %irq   %soft  %steal  %guest  %gnice   %idle
00:37:48     all   22.44    0.00   38.65    0.00    0.00   16.46    0.00    0.00    0.00   22.44
00:37:48       0   12.26    0.00   31.13    0.00    0.00   30.19    0.00    0.00    0.00   26.42
00:37:48       1   22.00    0.00   44.00    0.00    0.00   12.00    0.00    0.00    0.00   22.00
00:37:48       2   25.51    0.00   41.84    0.00    0.00   11.22    0.00    0.00    0.00   21.43
00:37:48       3   30.93    0.00   38.14    0.00    0.00   11.34    0.00    0.00    0.00   19.59

00:37:48     CPU    %usr   %nice    %sys %iowait    %irq   %soft  %steal  %guest  %gnice   %idle
00:37:49     all   21.77    0.00   41.27    0.00    0.00   13.92    0.00    0.00    0.00   23.04
00:37:49       0   15.24    0.00   32.38    0.00    0.00   29.52    0.00    0.00    0.00   22.86
00:37:49       1   26.53    0.00   43.88    0.00    0.00    7.14    0.00    0.00    0.00   22.45
00:37:49       2   23.23    0.00   45.45    0.00    0.00   10.10    0.00    0.00    0.00   21.21
00:37:49       3   22.58    0.00   44.09    0.00    0.00    7.53    0.00    0.00    0.00   25.81

00:37:49     CPU    %usr   %nice    %sys %iowait    %irq   %soft  %steal  %guest  %gnice   %idle
00:37:50     all   21.27    0.00   41.77    0.00    0.00   13.42    0.00    0.00    0.00   23.54
00:37:50       0   14.02    0.00   34.58    0.00    0.00   27.10    0.00    0.00    0.00   24.30
00:37:50       1   25.81    0.00   41.94    0.00    0.00    7.53    0.00    0.00    0.00   24.73
00:37:50       2   22.92    0.00   44.79    0.00    0.00    9.38    0.00    0.00    0.00   22.92
00:37:50       3   23.23    0.00   46.46    0.00    0.00    8.08    0.00    0.00    0.00   22.22

00:37:50     CPU    %usr   %nice    %sys %iowait    %irq   %soft  %steal  %guest  %gnice   %idle
00:37:51     all   22.65    0.00   40.20    0.00    0.00   13.23    0.00    0.00    0.00   23.92
00:37:51       0   14.42    0.00   36.54    0.00    0.00   26.92    0.00    0.00    0.00   22.12
00:37:51       1   30.85    0.00   36.17    0.00    0.00    9.57    0.00    0.00    0.00   23.40
00:37:51       2   26.26    0.00   42.42    0.00    0.00    7.07    0.00    0.00    0.00   24.24
00:37:51       3   19.79    0.00   45.83    0.00    0.00    8.33    0.00    0.00    0.00   26.04

00:37:51     CPU    %usr   %nice    %sys %iowait    %irq   %soft  %steal  %guest  %gnice   %idle
00:37:52     all   20.46    0.00   40.41    0.00    0.00   14.58    0.00    0.00    0.00   24.55
00:37:52       0   16.82    0.00   35.51    0.00    0.00   27.10    0.00    0.00    0.00   20.56
00:37:52       1   23.16    0.00   42.11    0.00    0.00   10.53    0.00    0.00    0.00   24.21
00:37:52       2   20.00    0.00   40.00    0.00    0.00   12.63    0.00    0.00    0.00   27.37
00:37:52       3   22.34    0.00   44.68    0.00    0.00    6.38    0.00    0.00    0.00   26.60

00:37:52     CPU    %usr   %nice    %sys %iowait    %irq   %soft  %steal  %guest  %gnice   %idle
00:37:53     all   24.81    0.00   39.60    0.00    0.00   14.04    0.00    0.00    0.00   21.55
00:37:53       0   15.60    0.00   33.03    0.00    0.00   29.36    0.00    0.00    0.00   22.02
00:37:53       1   28.42    0.00   43.16    0.00    0.00    8.42    0.00    0.00    0.00   20.00
00:37:53       2   26.80    0.00   39.18    0.00    0.00   10.31    0.00    0.00    0.00   23.71
00:37:53       3   29.59    0.00   43.88    0.00    0.00    6.12    0.00    0.00    0.00   20.41

00:37:53     CPU    %usr   %nice    %sys %iowait    %irq   %soft  %steal  %guest  %gnice   %idle
00:37:54     all   24.44    0.00   37.91    0.00    0.00   13.22    0.00    0.00    0.00   24.44
00:37:54       0   16.50    0.00   31.07    0.00    0.00   25.24    0.00    0.00    0.00   27.18
00:37:54       1   27.27    0.00   41.41    0.00    0.00    7.07    0.00    0.00    0.00   24.24
00:37:54       2   24.49    0.00   39.80    0.00    0.00   12.24    0.00    0.00    0.00   23.47
00:37:54       3   29.70    0.00   39.60    0.00    0.00    7.92    0.00    0.00    0.00   22.77

00:37:54     CPU    %usr   %nice    %sys %iowait    %irq   %soft  %steal  %guest  %gnice   %idle
00:37:55     all   23.47    0.00   38.27    0.00    0.00   10.46    0.00    0.00    0.00   27.81
00:37:55       0   19.63    0.00   31.78    0.00    0.00   24.30    0.00    0.00    0.00   24.30
00:37:55       1   31.31    0.00   35.35    0.00    0.00    8.08    0.00    0.00    0.00   25.25
00:37:55       2   23.08    0.00   45.05    0.00    0.00    1.10    0.00    0.00    0.00   30.77
00:37:55       3   20.00    0.00   42.11    0.00    0.00    6.32    0.00    0.00    0.00   31.58

00:37:55     CPU    %usr   %nice    %sys %iowait    %irq   %soft  %steal  %guest  %gnice   %idle
00:37:57     all   21.91    0.00   41.06    0.00    0.00   14.11    0.00    0.00    0.00   22.92
00:37:57       0   20.95    0.00   32.38    0.00    0.00   23.81    0.00    0.00    0.00   22.86
00:37:57       1   18.56    0.00   45.36    0.00    0.00   11.34    0.00    0.00    0.00   24.74
00:37:57       2   23.71    0.00   47.42    0.00    0.00    8.25    0.00    0.00    0.00   20.62
00:37:57       3   24.49    0.00   39.80    0.00    0.00   12.24    0.00    0.00    0.00   23.47

00:37:57     CPU    %usr   %nice    %sys %iowait    %irq   %soft  %steal  %guest  %gnice   %idle
00:37:58     all   22.39    0.00   42.04    0.00    0.00   13.68    0.00    0.00    0.00   21.89
00:37:58       0   15.45    0.00   36.36    0.00    0.00   27.27    0.00    0.00    0.00   20.91
00:37:58       1   22.68    0.00   44.33    0.00    0.00   10.31    0.00    0.00    0.00   22.68
00:37:58       2   26.26    0.00   45.45    0.00    0.00    7.07    0.00    0.00    0.00   21.21
00:37:58       3   26.04    0.00   42.71    0.00    0.00    8.33    0.00    0.00    0.00   22.92

00:37:58     CPU    %usr   %nice    %sys %iowait    %irq   %soft  %steal  %guest  %gnice   %idle
00:37:59     all   22.88    0.00   40.10    0.00    0.00   12.85    0.00    0.00    0.00   24.16
00:37:59       0   18.87    0.00   32.08    0.00    0.00   24.53    0.00    0.00    0.00   24.53
00:37:59       1   30.00    0.00   37.78    0.00    0.00    8.89    0.00    0.00    0.00   23.33
00:37:59       2   22.92    0.00   45.83    0.00    0.00    8.33    0.00    0.00    0.00   22.92
00:37:59       3   20.62    0.00   45.36    0.00    0.00    8.25    0.00    0.00    0.00   25.77

00:37:59     CPU    %usr   %nice    %sys %iowait    %irq   %soft  %steal  %guest  %gnice   %idle
00:38:00     all   22.14    0.00   39.44    0.00    0.00   14.25    0.00    0.00    0.00   24.17
00:38:00       0   17.65    0.00   27.45    0.00    0.00   31.37    0.00    0.00    0.00   23.53
00:38:00       1   26.73    0.00   42.57    0.00    0.00    9.90    0.00    0.00    0.00   20.79
00:38:00       2   24.49    0.00   41.84    0.00    0.00    9.18    0.00    0.00    0.00   24.49
00:38:00       3   19.57    0.00   46.74    0.00    0.00    5.43    0.00    0.00    0.00   28.26

00:38:00     CPU    %usr   %nice    %sys %iowait    %irq   %soft  %steal  %guest  %gnice   %idle
00:38:01     all   25.45    0.00   40.46    0.00    0.00   12.47    0.00    0.00    0.00   21.63
00:38:01       0   21.57    0.00   33.33    0.00    0.00   24.51    0.00    0.00    0.00   20.59
00:38:01       1   25.53    0.00   40.43    0.00    0.00   10.64    0.00    0.00    0.00   23.40
00:38:01       2   26.26    0.00   45.45    0.00    0.00    7.07    0.00    0.00    0.00   21.21
00:38:01       3   28.57    0.00   42.86    0.00    0.00    7.14    0.00    0.00    0.00   21.43

00:38:01     CPU    %usr   %nice    %sys %iowait    %irq   %soft  %steal  %guest  %gnice   %idle
00:38:02     all   21.36    0.00   43.97    0.00    0.00   12.06    0.00    0.00    0.00   22.61
00:38:02       0   16.67    0.00   37.04    0.00    0.00   24.07    0.00    0.00    0.00   22.22
00:38:02       1   25.25    0.00   47.47    0.00    0.00    6.06    0.00    0.00    0.00   21.21
00:38:02       2   21.28    0.00   45.74    0.00    0.00    8.51    0.00    0.00    0.00   24.47
00:38:02       3   22.68    0.00   46.39    0.00    0.00    8.25    0.00    0.00    0.00   22.68

00:38:02     CPU    %usr   %nice    %sys %iowait    %irq   %soft  %steal  %guest  %gnice   %idle
00:38:03     all   23.48    0.00   40.15    0.00    0.00   14.14    0.00    0.00    0.00   22.22
00:38:03       0   16.04    0.00   38.68    0.00    0.00   23.58    0.00    0.00    0.00   21.70
00:38:03       1   25.00    0.00   45.83    0.00    0.00   10.42    0.00    0.00    0.00   18.75
00:38:03       2   26.80    0.00   39.18    0.00    0.00   11.34    0.00    0.00    0.00   22.68
00:38:03       3   26.80    0.00   37.11    0.00    0.00   10.31    0.00    0.00    0.00   25.77

00:38:03     CPU    %usr   %nice    %sys %iowait    %irq   %soft  %steal  %guest  %gnice   %idle
00:38:04     all   22.28    0.00   42.03    0.00    0.00   12.91    0.00    0.00    0.00   22.78
00:38:04       0   17.76    0.00   34.58    0.00    0.00   25.23    0.00    0.00    0.00   22.43
00:38:04       1   23.91    0.00   43.48    0.00    0.00    8.70    0.00    0.00    0.00   23.91
00:38:04       2   25.74    0.00   45.54    0.00    0.00    8.91    0.00    0.00    0.00   19.80
00:38:04       3   22.11    0.00   45.26    0.00    0.00    7.37    0.00    0.00    0.00   25.26

00:38:04     CPU    %usr   %nice    %sys %iowait    %irq   %soft  %steal  %guest  %gnice   %idle
00:38:05     all   20.10    0.00   38.68    0.00    0.00   16.03    0.00    0.00    0.00   25.19
00:38:05       0   12.26    0.00   33.96    0.00    0.00   29.25    0.00    0.00    0.00   24.53
00:38:05       1   19.79    0.00   42.71    0.00    0.00   11.46    0.00    0.00    0.00   26.04
00:38:05       2   28.87    0.00   36.08    0.00    0.00   10.31    0.00    0.00    0.00   24.74
00:38:05       3   20.21    0.00   42.55    0.00    0.00   11.70    0.00    0.00    0.00   25.53

00:38:05     CPU    %usr   %nice    %sys %iowait    %irq   %soft  %steal  %guest  %gnice   %idle
00:38:06     all   18.99    0.00   37.39    0.00    0.00   17.80    0.00    0.00    0.00   25.82
00:38:06       0   12.37    0.00   25.77    0.00    0.00   35.05    0.00    0.00    0.00   26.80
00:38:06       1   23.68    0.00   43.42    0.00    0.00   11.84    0.00    0.00    0.00   21.05
00:38:06       2   25.00    0.00   40.00    0.00    0.00   11.25    0.00    0.00    0.00   23.75
00:38:06       3   16.67    0.00   42.86    0.00    0.00    9.52    0.00    0.00    0.00   30.95

00:38:06     CPU    %usr   %nice    %sys %iowait    %irq   %soft  %steal  %guest  %gnice   %idle
00:38:07     all   18.59    0.00   41.36    0.00    0.00   15.97    0.00    0.00    0.00   24.08
00:38:07       0   14.71    0.00   31.37    0.00    0.00   29.41    0.00    0.00    0.00   24.51
00:38:07       1   20.65    0.00   44.57    0.00    0.00   10.87    0.00    0.00    0.00   23.91
00:38:07       2   20.00    0.00   44.44    0.00    0.00   13.33    0.00    0.00    0.00   22.22
00:38:07       3   19.39    0.00   45.92    0.00    0.00    9.18    0.00    0.00    0.00   25.51

00:38:07     CPU    %usr   %nice    %sys %iowait    %irq   %soft  %steal  %guest  %gnice   %idle
00:38:08     all   24.26    0.00   40.35    0.00    0.00   12.38    0.00    0.00    0.00   23.02
00:38:08       0   19.81    0.00   33.96    0.00    0.00   24.53    0.00    0.00    0.00   21.70
00:38:08       1   24.00    0.00   47.00    0.00    0.00    8.00    0.00    0.00    0.00   21.00
00:38:08       2   28.28    0.00   37.37    0.00    0.00    9.09    0.00    0.00    0.00   25.25
00:38:08       3   25.25    0.00   43.43    0.00    0.00    7.07    0.00    0.00    0.00   24.24

00:38:08     CPU    %usr   %nice    %sys %iowait    %irq   %soft  %steal  %guest  %gnice   %idle
00:38:09     all   24.15    0.00   42.68    0.00    0.00   12.93    0.00    0.00    0.00   20.24
00:38:09       0   19.82    0.00   36.94    0.00    0.00   21.62    0.00    0.00    0.00   21.62
00:38:09       1   23.76    0.00   43.56    0.00    0.00    7.92    0.00    0.00    0.00   24.75
00:38:09       2   23.96    0.00   44.79    0.00    0.00   12.50    0.00    0.00    0.00   18.75
00:38:09       3   29.41    0.00   46.08    0.00    0.00    8.82    0.00    0.00    0.00   15.69

00:38:09     CPU    %usr   %nice    %sys %iowait    %irq   %soft  %steal  %guest  %gnice   %idle
00:38:10     all   24.62    0.00   42.05    0.00    0.00   10.51    0.00    0.00    0.00   22.82
00:38:10       0   20.19    0.00   34.62    0.00    0.00   21.15    0.00    0.00    0.00   24.04
00:38:10       1   28.12    0.00   42.71    0.00    0.00    9.38    0.00    0.00    0.00   19.79
00:38:10       2   25.53    0.00   50.00    0.00    0.00    5.32    0.00    0.00    0.00   19.15
00:38:10       3   25.00    0.00   41.67    0.00    0.00    5.21    0.00    0.00    0.00   28.12

00:38:10     CPU    %usr   %nice    %sys %iowait    %irq   %soft  %steal  %guest  %gnice   %idle
00:38:11     all   24.01    0.00   40.59    0.00    0.00   13.61    0.00    0.00    0.00   21.78
00:38:11       0   18.52    0.00   32.41    0.00    0.00   25.00    0.00    0.00    0.00   24.07
00:38:11       1   24.24    0.00   48.48    0.00    0.00    7.07    0.00    0.00    0.00   20.20
00:38:11       2   28.43    0.00   39.22    0.00    0.00   12.75    0.00    0.00    0.00   19.61
00:38:11       3   25.26    0.00   43.16    0.00    0.00    8.42    0.00    0.00    0.00   23.16

00:38:11     CPU    %usr   %nice    %sys %iowait    %irq   %soft  %steal  %guest  %gnice   %idle
00:38:12     all   24.17    0.00   41.48    0.00    0.00   12.98    0.00    0.00    0.00   21.37
00:38:12       0   22.55    0.00   30.39    0.00    0.00   24.51    0.00    0.00    0.00   22.55
00:38:12       1   28.28    0.00   41.41    0.00    0.00   11.11    0.00    0.00    0.00   19.19
00:38:12       2   26.04    0.00   44.79    0.00    0.00    8.33    0.00    0.00    0.00   20.83
00:38:12       3   19.79    0.00   50.00    0.00    0.00    7.29    0.00    0.00    0.00   22.92

00:38:12     CPU    %usr   %nice    %sys %iowait    %irq   %soft  %steal  %guest  %gnice   %idle
00:38:13     all   23.12    0.00   40.95    0.00    0.00   13.57    0.00    0.00    0.00   22.36
00:38:13       0   14.02    0.00   33.64    0.00    0.00   31.78    0.00    0.00    0.00   20.56
00:38:13       1   28.87    0.00   44.33    0.00    0.00    6.19    0.00    0.00    0.00   20.62
00:38:13       2   24.74    0.00   44.33    0.00    0.00    6.19    0.00    0.00    0.00   24.74
00:38:13       3   25.77    0.00   42.27    0.00    0.00    8.25    0.00    0.00    0.00   23.71

00:38:13     CPU    %usr   %nice    %sys %iowait    %irq   %soft  %steal  %guest  %gnice   %idle
00:38:14     all   20.82    0.00   38.50    0.00    0.00   15.74    0.00    0.00    0.00   24.94
00:38:14       0   13.27    0.00   31.86    0.00    0.00   30.97    0.00    0.00    0.00   23.89
00:38:14       1   28.57    0.00   34.69    0.00    0.00   15.31    0.00    0.00    0.00   21.43
00:38:14       2   21.65    0.00   43.30    0.00    0.00    8.25    0.00    0.00    0.00   26.80
00:38:14       3   20.95    0.00   44.76    0.00    0.00    6.67    0.00    0.00    0.00   27.62

00:38:14     CPU    %usr   %nice    %sys %iowait    %irq   %soft  %steal  %guest  %gnice   %idle
00:38:15     all   13.49    0.00   40.71    0.00    0.00   12.98    0.00    0.00    0.00   32.82
00:38:15       0   10.91    0.00   29.09    0.00    0.00   31.82    0.00    0.00    0.00   28.18
00:38:15       1   15.62    0.00   44.79    0.00    0.00    4.17    0.00    0.00    0.00   35.42
00:38:15       2   13.19    0.00   49.45    0.00    0.00    4.40    0.00    0.00    0.00   32.97
00:38:15       3   14.58    0.00   41.67    0.00    0.00    8.33    0.00    0.00    0.00   35.42

00:38:15     CPU    %usr   %nice    %sys %iowait    %irq   %soft  %steal  %guest  %gnice   %idle
00:38:16     all   11.93    0.00   43.91    0.00    0.00   12.69    0.00    0.00    0.00   31.47
00:38:16       0   12.26    0.00   33.96    0.00    0.00   26.42    0.00    0.00    0.00   27.36
00:38:16       1   12.50    0.00   45.83    0.00    0.00    9.38    0.00    0.00    0.00   32.29
00:38:16       2   12.77    0.00   47.87    0.00    0.00    6.38    0.00    0.00    0.00   32.98
00:38:16       3   10.20    0.00   48.98    0.00    0.00    7.14    0.00    0.00    0.00   33.67

00:38:16     CPU    %usr   %nice    %sys %iowait    %irq   %soft  %steal  %guest  %gnice   %idle
00:38:17     all   14.25    0.00   43.00    0.00    0.00   11.75    0.00    0.00    0.00   31.00
00:38:17       0   12.50    0.00   34.62    0.00    0.00   25.96    0.00    0.00    0.00   26.92
00:38:17       1   11.58    0.00   48.42    0.00    0.00    5.26    0.00    0.00    0.00   34.74
00:38:17       2   18.63    0.00   45.10    0.00    0.00    5.88    0.00    0.00    0.00   30.39
00:38:17       3   14.14    0.00   44.44    0.00    0.00    9.09    0.00    0.00    0.00   32.32

00:38:17     CPU    %usr   %nice    %sys %iowait    %irq   %soft  %steal  %guest  %gnice   %idle
00:38:18     all   13.10    0.00   42.57    0.00    0.00   12.34    0.00    0.00    0.00   31.99
00:38:18       0   12.04    0.00   34.26    0.00    0.00   26.85    0.00    0.00    0.00   26.85
00:38:18       1   12.50    0.00   47.92    0.00    0.00    6.25    0.00    0.00    0.00   33.33
00:38:18       2   14.58    0.00   44.79    0.00    0.00    8.33    0.00    0.00    0.00   32.29
00:38:18       3   13.40    0.00   44.33    0.00    0.00    6.19    0.00    0.00    0.00   36.08
