Linux 5.15.0-171-generic (cloudnet-s05) 	05/19/2026 	_x86_64_	(8 CPU)

12:41:24 PM  CPU    %usr   %nice    %sys %iowait    %irq   %soft  %steal  %guest  %gnice   %idle
12:41:25 PM  all    0.00    0.00    0.13    0.00    0.00    0.00    0.00    0.00    0.00   99.87
12:41:25 PM    0    0.00    0.00    0.00    0.00    0.00    0.00    0.00    0.00    0.00  100.00
12:41:25 PM    1    0.00    0.00    0.00    0.00    0.00    0.00    0.00    0.00    0.00  100.00
12:41:25 PM    2    0.00    0.00    0.00    0.00    0.00    0.00    0.00    0.00    0.00  100.00
12:41:25 PM    3    0.00    0.00    0.00    0.00    0.00    0.00    0.00    0.00    0.00  100.00
12:41:25 PM    4    0.00    0.00    0.00    0.00    0.00    0.00    0.00    0.00    0.00  100.00
12:41:25 PM    5    0.00    0.00    0.00    0.00    0.00    0.00    0.00    0.00    0.00  100.00
12:41:25 PM    6    0.00    0.00    1.00    0.00    0.00    0.00    0.00    0.00    0.00   99.00
12:41:25 PM    7    0.00    0.00    0.00    0.00    0.00    0.00    0.00    0.00    0.00  100.00

12:41:25 PM  CPU    %usr   %nice    %sys %iowait    %irq   %soft  %steal  %guest  %gnice   %idle
12:41:26 PM  all    0.13    0.00    0.00    0.38    0.00    0.00    0.00    0.00    0.00   99.50
12:41:26 PM    0    0.00    0.00    0.00    0.00    0.00    0.00    0.00    0.00    0.00  100.00
12:41:26 PM    1    0.00    0.00    0.00    0.00    0.00    0.00    0.00    0.00    0.00  100.00
12:41:26 PM    2    0.00    0.00    0.00    0.00    0.00    0.00    0.00    0.00    0.00  100.00
12:41:26 PM    3    0.00    0.00    0.00    0.00    0.00    0.00    0.00    0.00    0.00  100.00
12:41:26 PM    4    0.00    0.00    0.00    2.00    0.00    0.00    0.00    0.00    0.00   98.00
12:41:26 PM    5    0.00    0.00    0.00    0.00    0.00    0.00    0.00    0.00    0.00  100.00
12:41:26 PM    6    0.00    0.00    0.00    1.00    0.00    0.00    0.00    0.00    0.00   99.00
12:41:26 PM    7    1.00    0.00    0.00    0.00    0.00    0.00    0.00    0.00    0.00   99.00

12:41:26 PM  CPU    %usr   %nice    %sys %iowait    %irq   %soft  %steal  %guest  %gnice   %idle
12:41:27 PM  all    0.00    0.00    0.00    0.00    0.00    0.00    0.00    0.00    0.00  100.00
12:41:27 PM    0    0.00    0.00    0.00    0.00    0.00    0.00    0.00    0.00    0.00  100.00
12:41:27 PM    1    0.00    0.00    0.00    0.00    0.00    0.00    0.00    0.00    0.00  100.00
12:41:27 PM    2    0.00    0.00    0.00    0.00    0.00    0.00    0.00    0.00    0.00  100.00
12:41:27 PM    3    0.00    0.00    0.00    0.00    0.00    0.00    0.00    0.00    0.00  100.00
12:41:27 PM    4    0.00    0.00    0.00    0.00    0.00    0.00    0.00    0.00    0.00  100.00
12:41:27 PM    5    0.00    0.00    0.00    0.00    0.00    0.00    0.00    0.00    0.00  100.00
12:41:27 PM    6    0.00    0.00    0.00    0.00    0.00    0.00    0.00    0.00    0.00  100.00
12:41:27 PM    7    0.00    0.00    0.00    0.00    0.00    0.00    0.00    0.00    0.00  100.00

12:41:27 PM  CPU    %usr   %nice    %sys %iowait    %irq   %soft  %steal  %guest  %gnice   %idle
12:41:28 PM  all    9.71    0.00   15.89    0.00    0.00    2.21    0.00    0.00    0.00   72.19
12:41:28 PM    0    5.50    0.00   16.51    0.00    0.00    2.75    0.00    0.00    0.00   75.23
12:41:28 PM    1    9.82    0.00   17.86    0.00    0.00    2.68    0.00    0.00    0.00   69.64
12:41:28 PM    2    8.70    0.00   15.65    0.00    0.00    3.48    0.00    0.00    0.00   72.17
12:41:28 PM    3    8.85    0.00   16.81    0.00    0.00    2.65    0.00    0.00    0.00   71.68
12:41:28 PM    4    9.65    0.00   16.67    0.00    0.00    1.75    0.00    0.00    0.00   71.93
12:41:28 PM    5    7.89    0.00   15.79    0.00    0.00    1.75    0.00    0.00    0.00   74.56
12:41:28 PM    6   13.91    0.00   14.78    0.00    0.00    0.87    0.00    0.00    0.00   70.43
12:41:28 PM    7   13.16    0.00   13.16    0.00    0.00    1.75    0.00    0.00    0.00   71.93

12:41:28 PM  CPU    %usr   %nice    %sys %iowait    %irq   %soft  %steal  %guest  %gnice   %idle
12:41:29 PM  all    9.87    0.00   15.92    0.00    0.00    2.02    0.00    0.00    0.00   72.20
12:41:29 PM    0    7.62    0.00   18.10    0.00    0.00    0.95    0.00    0.00    0.00   73.33
12:41:29 PM    1    9.57    0.00   14.78    0.00    0.00    3.48    0.00    0.00    0.00   72.17
12:41:29 PM    2    6.31    0.00   16.22    0.00    0.00    2.70    0.00    0.00    0.00   74.77
12:41:29 PM    3    9.17    0.00   16.51    0.00    0.00    1.83    0.00    0.00    0.00   72.48
12:41:29 PM    4   14.16    0.00   12.39    0.00    0.00    1.77    0.00    0.00    0.00   71.68
12:41:29 PM    5   12.28    0.00   14.04    0.00    0.00    2.63    0.00    0.00    0.00   71.05
12:41:29 PM    6   12.82    0.00   15.38    0.00    0.00    1.71    0.00    0.00    0.00   70.09
12:41:29 PM    7    6.48    0.00   20.37    0.00    0.00    0.93    0.00    0.00    0.00   72.22

12:41:29 PM  CPU    %usr   %nice    %sys %iowait    %irq   %soft  %steal  %guest  %gnice   %idle
12:41:30 PM  all   12.03    0.00   20.82    0.33    0.00    3.01    0.00    0.00    0.00   63.81
12:41:30 PM    0   10.17    0.00   23.73    1.69    0.00    3.39    0.00    0.00    0.00   61.02
12:41:30 PM    1   11.61    0.00   17.86    0.00    0.00    4.46    0.00    0.00    0.00   66.07
12:41:30 PM    2   10.00    0.00   21.82    0.00    0.00    1.82    0.00    0.00    0.00   66.36
12:41:30 PM    3    9.57    0.00   20.87    0.87    0.00    5.22    0.00    0.00    0.00   63.48
12:41:30 PM    4   12.50    0.00   19.64    0.00    0.00    3.57    0.00    0.00    0.00   64.29
12:41:30 PM    5   16.98    0.00   16.98    0.00    0.00    1.89    0.00    0.00    0.00   64.15
12:41:30 PM    6   11.61    0.00   25.00    0.00    0.00    0.89    0.00    0.00    0.00   62.50
12:41:30 PM    7   14.16    0.00   20.35    0.00    0.00    2.65    0.00    0.00    0.00   62.83

12:41:30 PM  CPU    %usr   %nice    %sys %iowait    %irq   %soft  %steal  %guest  %gnice   %idle
12:41:31 PM  all    9.20    0.00   15.13    0.35    0.00    1.86    0.00    0.00    0.00   73.46
12:41:31 PM    0    7.27    0.00   17.27    0.00    0.00    2.73    0.00    0.00    0.00   72.73
12:41:31 PM    1    8.18    0.00   14.55    0.00    0.00    1.82    0.00    0.00    0.00   75.45
12:41:31 PM    2    5.77    0.00   13.46    0.00    0.00    2.88    0.00    0.00    0.00   77.88
12:41:31 PM    3    8.57    0.00   14.29    0.00    0.00    0.95    0.00    0.00    0.00   76.19
12:41:31 PM    4   10.19    0.00   17.59    0.93    0.00    0.93    0.00    0.00    0.00   70.37
12:41:31 PM    5   12.15    0.00   14.02    0.93    0.00    1.87    0.00    0.00    0.00   71.03
12:41:31 PM    6    9.17    0.00   15.60    0.92    0.00    2.75    0.00    0.00    0.00   71.56
12:41:31 PM    7   12.26    0.00   14.15    0.00    0.00    0.94    0.00    0.00    0.00   72.64

12:41:31 PM  CPU    %usr   %nice    %sys %iowait    %irq   %soft  %steal  %guest  %gnice   %idle
12:41:32 PM  all   10.74    0.00   15.87    0.00    0.00    2.10    0.00    0.00    0.00   71.30
12:41:32 PM    0    9.17    0.00   18.35    0.00    0.00    1.83    0.00    0.00    0.00   70.64
12:41:32 PM    1   12.50    0.00   13.39    0.00    0.00    3.57    0.00    0.00    0.00   70.54
12:41:32 PM    2    6.73    0.00   15.38    0.00    0.00    2.88    0.00    0.00    0.00   75.00
12:41:32 PM    3    9.01    0.00   19.82    0.00    0.00    0.90    0.00    0.00    0.00   70.27
12:41:32 PM    4   13.76    0.00   14.68    0.00    0.00    1.83    0.00    0.00    0.00   69.72
12:41:32 PM    5    9.09    0.00   13.13    0.00    0.00    3.03    0.00    0.00    0.00   74.75
12:41:32 PM    6   11.43    0.00   16.19    0.00    0.00    0.95    0.00    0.00    0.00   71.43
12:41:32 PM    7   13.89    0.00   15.74    0.00    0.00    1.85    0.00    0.00    0.00   68.52

12:41:32 PM  CPU    %usr   %nice    %sys %iowait    %irq   %soft  %steal  %guest  %gnice   %idle
12:41:33 PM  all    7.83    0.00   10.72    0.12    0.00    1.69    0.00    0.00    0.00   79.64
12:41:33 PM    0    4.85    0.00   11.65    0.00    0.00    0.97    0.00    0.00    0.00   82.52
12:41:33 PM    1    4.90    0.00   10.78    0.00    0.00    0.98    0.00    0.00    0.00   83.33
12:41:33 PM    2    7.84    0.00    8.82    0.00    0.00    2.94    0.00    0.00    0.00   80.39
12:41:33 PM    3    6.73    0.00   10.58    0.00    0.00    2.88    0.00    0.00    0.00   79.81
12:41:33 PM    4    7.77    0.00   12.62    0.00    0.00    1.94    0.00    0.00    0.00   77.67
12:41:33 PM    5    6.00    0.00   11.00    0.00    0.00    1.00    0.00    0.00    0.00   82.00
12:41:33 PM    6   12.73    0.00   11.82    0.00    0.00    0.91    0.00    0.00    0.00   74.55
12:41:33 PM    7   11.32    0.00    8.49    0.94    0.00    1.89    0.00    0.00    0.00   77.36

12:41:33 PM  CPU    %usr   %nice    %sys %iowait    %irq   %soft  %steal  %guest  %gnice   %idle
12:41:34 PM  all    9.73    0.00   13.83    0.00    0.00    1.99    0.00    0.00    0.00   74.44
12:41:34 PM    0    9.09    0.00   18.18    0.00    0.00    1.82    0.00    0.00    0.00   70.91
12:41:34 PM    1   10.09    0.00   14.68    0.00    0.00    2.75    0.00    0.00    0.00   72.48
12:41:34 PM    2   11.82    0.00   13.64    0.00    0.00    1.82    0.00    0.00    0.00   72.73
12:41:34 PM    3   12.61    0.00   16.22    0.00    0.00    0.90    0.00    0.00    0.00   70.27
12:41:34 PM    4   10.58    0.00   10.58    0.00    0.00    0.96    0.00    0.00    0.00   77.88
12:41:34 PM    5    7.48    0.00   13.08    0.00    0.00    3.74    0.00    0.00    0.00   75.70
12:41:34 PM    6    8.82    0.00   11.76    0.00    0.00    1.96    0.00    0.00    0.00   77.45
12:41:34 PM    7    7.00    0.00   12.00    0.00    0.00    2.00    0.00    0.00    0.00   79.00

12:41:34 PM  CPU    %usr   %nice    %sys %iowait    %irq   %soft  %steal  %guest  %gnice   %idle
12:41:35 PM  all   10.05    0.00   13.67    1.52    0.00    2.45    0.00    0.00    0.00   72.31
12:41:35 PM    0   12.39    0.00   15.93    0.00    0.00    1.77    0.00    0.00    0.00   69.91
12:41:35 PM    1   11.54    0.00   10.58    0.00    0.00    2.88    0.00    0.00    0.00   75.00
12:41:35 PM    2   10.09    0.00   14.68    0.00    0.00    3.67    0.00    0.00    0.00   71.56
12:41:35 PM    3   10.68    0.00    9.71   12.62    0.00    3.88    0.00    0.00    0.00   63.11
12:41:35 PM    4   12.04    0.00   12.04    0.00    0.00    0.93    0.00    0.00    0.00   75.00
12:41:35 PM    5    7.48    0.00   14.02    0.00    0.00    3.74    0.00    0.00    0.00   74.77
12:41:35 PM    6    8.49    0.00   16.04    0.00    0.00    0.00    0.00    0.00    0.00   75.47
12:41:35 PM    7    7.55    0.00   16.04    0.00    0.00    2.83    0.00    0.00    0.00   73.58

12:41:35 PM  CPU    %usr   %nice    %sys %iowait    %irq   %soft  %steal  %guest  %gnice   %idle
12:41:36 PM  all    7.61    0.00    8.85    0.25    0.00    1.62    0.00    0.00    0.00   81.67
12:41:36 PM    0    5.05    0.00   11.11    0.00    0.00    1.01    0.00    0.00    0.00   82.83
12:41:36 PM    1    9.52    0.00    9.52    0.00    0.00    2.86    0.00    0.00    0.00   78.10
12:41:36 PM    2    6.19    0.00    8.25    0.00    0.00    0.00    0.00    0.00    0.00   85.57
12:41:36 PM    3    7.84    0.00    9.80    0.00    0.00    1.96    0.00    0.00    0.00   80.39
12:41:36 PM    4   10.58    0.00    7.69    1.92    0.00    1.92    0.00    0.00    0.00   77.88
12:41:36 PM    5    6.25    0.00    7.29    0.00    0.00    2.08    0.00    0.00    0.00   84.38
12:41:36 PM    6    8.00    0.00    8.00    0.00    0.00    2.00    0.00    0.00    0.00   82.00
12:41:36 PM    7    7.07    0.00    9.09    0.00    0.00    1.01    0.00    0.00    0.00   82.83

12:41:36 PM  CPU    %usr   %nice    %sys %iowait    %irq   %soft  %steal  %guest  %gnice   %idle
12:41:37 PM  all   10.48    0.00   15.48    0.00    0.00    3.14    0.00    0.00    0.00   70.90
12:41:37 PM    0    7.92    0.00   14.85    0.00    0.00    0.99    0.00    0.00    0.00   76.24
12:41:37 PM    1    7.55    0.00   18.87    0.00    0.00    1.89    0.00    0.00    0.00   71.70
12:41:37 PM    2    6.54    0.00   15.89    0.00    0.00    3.74    0.00    0.00    0.00   73.83
12:41:37 PM    3    7.69    0.00   15.38    0.00    0.00    4.81    0.00    0.00    0.00   72.12
12:41:37 PM    4   16.36    0.00   13.64    0.00    0.00    1.82    0.00    0.00    0.00   68.18
12:41:37 PM    5   12.04    0.00   12.96    0.00    0.00    4.63    0.00    0.00    0.00   70.37
12:41:37 PM    6   13.16    0.00   15.79    0.00    0.00    3.51    0.00    0.00    0.00   67.54
12:41:37 PM    7   11.93    0.00   16.51    0.00    0.00    3.67    0.00    0.00    0.00   67.89

12:41:37 PM  CPU    %usr   %nice    %sys %iowait    %irq   %soft  %steal  %guest  %gnice   %idle
12:41:38 PM  all   16.69    0.00   26.06    0.00    0.00    4.11    0.00    0.00    0.00   53.14
12:41:38 PM    0   22.73    0.00   20.00    0.00    0.00    4.55    0.00    0.00    0.00   52.73
12:41:38 PM    1   16.67    0.00   26.85    0.00    0.00    2.78    0.00    0.00    0.00   53.70
12:41:38 PM    2   14.29    0.00   26.67    0.00    0.00    2.86    0.00    0.00    0.00   56.19
12:41:38 PM    3   15.89    0.00   25.23    0.00    0.00    4.67    0.00    0.00    0.00   54.21
12:41:38 PM    4   16.96    0.00   25.89    0.00    0.00    3.57    0.00    0.00    0.00   53.57
12:41:38 PM    5   14.02    0.00   24.30    0.00    0.00    6.54    0.00    0.00    0.00   55.14
12:41:38 PM    6   16.96    0.00   30.36    0.00    0.00    2.68    0.00    0.00    0.00   50.00
12:41:38 PM    7   15.79    0.00   28.95    0.00    0.00    5.26    0.00    0.00    0.00   50.00

12:41:38 PM  CPU    %usr   %nice    %sys %iowait    %irq   %soft  %steal  %guest  %gnice   %idle
12:41:39 PM  all    2.93    0.00    2.51    0.00    0.00    0.28    0.00    0.00    0.00   94.27
12:41:39 PM    0    3.26    0.00    2.17    0.00    0.00    0.00    0.00    0.00    0.00   94.57
12:41:39 PM    1    3.30    0.00    2.20    0.00    0.00    0.00    0.00    0.00    0.00   94.51
12:41:39 PM    2    3.23    0.00    5.38    0.00    0.00    1.08    0.00    0.00    0.00   90.32
12:41:39 PM    3    4.49    0.00    2.25    0.00    0.00    1.12    0.00    0.00    0.00   92.13
12:41:39 PM    4    1.16    0.00    1.16    0.00    0.00    0.00    0.00    0.00    0.00   97.67
12:41:39 PM    5    2.27    0.00    3.41    0.00    0.00    0.00    0.00    0.00    0.00   94.32
12:41:39 PM    6    2.25    0.00    2.25    0.00    0.00    0.00    0.00    0.00    0.00   95.51
12:41:39 PM    7    3.41    0.00    1.14    0.00    0.00    0.00    0.00    0.00    0.00   95.45

12:41:39 PM  CPU    %usr   %nice    %sys %iowait    %irq   %soft  %steal  %guest  %gnice   %idle
12:41:40 PM  all    2.35    0.00    3.05    0.00    0.00    0.28    0.00    0.00    0.00   94.32
12:41:40 PM    0    3.19    0.00    4.26    0.00    0.00    1.06    0.00    0.00    0.00   91.49
12:41:40 PM    1    4.17    0.00    5.21    0.00    0.00    0.00    0.00    0.00    0.00   90.62
12:41:40 PM    2    1.11    0.00    0.00    0.00    0.00    0.00    0.00    0.00    0.00   98.89
12:41:40 PM    3    2.06    0.00    7.22    0.00    0.00    0.00    0.00    0.00    0.00   90.72
12:41:40 PM    4    2.33    0.00    1.16    0.00    0.00    0.00    0.00    0.00    0.00   96.51
12:41:40 PM    5    1.15    0.00    2.30    0.00    0.00    1.15    0.00    0.00    0.00   95.40
12:41:40 PM    6    2.30    0.00    2.30    0.00    0.00    0.00    0.00    0.00    0.00   95.40
12:41:40 PM    7    2.35    0.00    1.18    0.00    0.00    0.00    0.00    0.00    0.00   96.47

12:41:40 PM  CPU    %usr   %nice    %sys %iowait    %irq   %soft  %steal  %guest  %gnice   %idle
12:41:41 PM  all    1.88    0.00    3.03    0.14    0.00    0.14    0.00    0.00    0.00   94.80
12:41:41 PM    0    1.12    0.00    2.25    0.00    0.00    0.00    0.00    0.00    0.00   96.63
12:41:41 PM    1    1.16    0.00    3.49    0.00    0.00    0.00    0.00    0.00    0.00   95.35
12:41:41 PM    2    1.15    0.00    2.30    0.00    0.00    0.00    0.00    0.00    0.00   96.55
12:41:41 PM    3    3.26    0.00    4.35    0.00    0.00    1.09    0.00    0.00    0.00   91.30
12:41:41 PM    4    3.49    0.00    4.65    1.16    0.00    0.00    0.00    0.00    0.00   90.70
12:41:41 PM    5    1.19    0.00    3.57    0.00    0.00    0.00    0.00    0.00    0.00   95.24
12:41:41 PM    6    1.22    0.00    1.22    0.00    0.00    0.00    0.00    0.00    0.00   97.56
12:41:41 PM    7    2.33    0.00    2.33    0.00    0.00    0.00    0.00    0.00    0.00   95.35

12:41:41 PM  CPU    %usr   %nice    %sys %iowait    %irq   %soft  %steal  %guest  %gnice   %idle
12:41:42 PM  all    0.44    0.00    0.58    0.00    0.00    0.00    0.00    0.00    0.00   98.98
12:41:42 PM    0    0.00    0.00    1.18    0.00    0.00    0.00    0.00    0.00    0.00   98.82
12:41:42 PM    1    1.16    0.00    1.16    0.00    0.00    0.00    0.00    0.00    0.00   97.67
12:41:42 PM    2    0.00    0.00    0.00    0.00    0.00    0.00    0.00    0.00    0.00  100.00
12:41:42 PM    3    0.00    0.00    0.00    0.00    0.00    0.00    0.00    0.00    0.00  100.00
12:41:42 PM    4    0.00    0.00    0.00    0.00    0.00    0.00    0.00    0.00    0.00  100.00
12:41:42 PM    5    1.16    0.00    0.00    0.00    0.00    0.00    0.00    0.00    0.00   98.84
12:41:42 PM    6    1.14    0.00    1.14    0.00    0.00    0.00    0.00    0.00    0.00   97.73
12:41:42 PM    7    0.00    0.00    1.19    0.00    0.00    0.00    0.00    0.00    0.00   98.81

12:41:42 PM  CPU    %usr   %nice    %sys %iowait    %irq   %soft  %steal  %guest  %gnice   %idle
12:41:43 PM  all    0.58    0.00    1.75    0.00    0.00    0.15    0.00    0.00    0.00   97.52
12:41:43 PM    0    0.00    0.00    2.38    0.00    0.00    0.00    0.00    0.00    0.00   97.62
12:41:43 PM    1    1.16    0.00    2.33    0.00    0.00    0.00    0.00    0.00    0.00   96.51
12:41:43 PM    2    1.18    0.00    2.35    0.00    0.00    0.00    0.00    0.00    0.00   96.47
12:41:43 PM    3    1.15    0.00    2.30    0.00    0.00    0.00    0.00    0.00    0.00   96.55
12:41:43 PM    4    0.00    0.00    2.30    0.00    0.00    1.15    0.00    0.00    0.00   96.55
12:41:43 PM    5    1.15    0.00    0.00    0.00    0.00    0.00    0.00    0.00    0.00   98.85
12:41:43 PM    6    0.00    0.00    2.35    0.00    0.00    0.00    0.00    0.00    0.00   97.65
12:41:43 PM    7    0.00    0.00    0.00    0.00    0.00    0.00    0.00    0.00    0.00  100.00

12:41:43 PM  CPU    %usr   %nice    %sys %iowait    %irq   %soft  %steal  %guest  %gnice   %idle
12:41:44 PM  all    5.95    0.00   10.65    0.00    0.00    2.63    0.00    0.00    0.00   80.77
12:41:44 PM    0    9.09    0.00    4.55    0.00    0.00    2.27    0.00    0.00    0.00   84.09
12:41:44 PM    1    4.60    0.00    9.20    0.00    0.00    2.30    0.00    0.00    0.00   83.91
12:41:44 PM    2    4.40    0.00   10.99    0.00    0.00    4.40    0.00    0.00    0.00   80.22
12:41:44 PM    3    4.44    0.00   12.22    0.00    0.00    1.11    0.00    0.00    0.00   82.22
12:41:44 PM    4    7.45    0.00   14.89    0.00    0.00    1.06    0.00    0.00    0.00   76.60
12:41:44 PM    5    6.52    0.00    9.78    0.00    0.00    4.35    0.00    0.00    0.00   79.35
12:41:44 PM    6    6.52    0.00    9.78    0.00    0.00    4.35    0.00    0.00    0.00   79.35
12:41:44 PM    7    4.49    0.00   13.48    0.00    0.00    1.12    0.00    0.00    0.00   80.90

12:41:44 PM  CPU    %usr   %nice    %sys %iowait    %irq   %soft  %steal  %guest  %gnice   %idle
12:41:45 PM  all    9.67    0.00   15.33    0.00    0.00    2.76    0.00    0.00    0.00   72.24
12:41:45 PM    0    9.20    0.00   12.64    0.00    0.00    3.45    0.00    0.00    0.00   74.71
12:41:45 PM    1    6.67    0.00   18.89    0.00    0.00    2.22    0.00    0.00    0.00   72.22
12:41:45 PM    2    9.89    0.00   13.19    0.00    0.00    3.30    0.00    0.00    0.00   73.63
12:41:45 PM    3    6.90    0.00   14.94    0.00    0.00    3.45    0.00    0.00    0.00   74.71
12:41:45 PM    4   12.36    0.00   11.24    0.00    0.00    3.37    0.00    0.00    0.00   73.03
12:41:45 PM    5    8.33    0.00   18.75    0.00    0.00    3.12    0.00    0.00    0.00   69.79
12:41:45 PM    6   10.64    0.00   17.02    0.00    0.00    2.13    0.00    0.00    0.00   70.21
12:41:45 PM    7   13.33    0.00   15.56    0.00    0.00    1.11    0.00    0.00    0.00   70.00

12:41:45 PM  CPU    %usr   %nice    %sys %iowait    %irq   %soft  %steal  %guest  %gnice   %idle
12:41:46 PM  all    0.73    0.00    0.73    0.29    0.00    0.15    0.00    0.00    0.00   98.11
12:41:46 PM    0    0.00    0.00    0.00    0.00    0.00    0.00    0.00    0.00    0.00  100.00
12:41:46 PM    1    1.15    0.00    1.15    0.00    0.00    0.00    0.00    0.00    0.00   97.70
12:41:46 PM    2    0.00    0.00    0.00    0.00    0.00    0.00    0.00    0.00    0.00  100.00
12:41:46 PM    3    0.00    0.00    0.00    0.00    0.00    0.00    0.00    0.00    0.00  100.00
12:41:46 PM    4    0.00    0.00    1.19    0.00    0.00    0.00    0.00    0.00    0.00   98.81
12:41:46 PM    5    1.19    0.00    1.19    1.19    0.00    0.00    0.00    0.00    0.00   96.43
12:41:46 PM    6    2.35    0.00    1.18    1.18    0.00    1.18    0.00    0.00    0.00   94.12
12:41:46 PM    7    1.19    0.00    1.19    0.00    0.00    0.00    0.00    0.00    0.00   97.62

12:41:46 PM  CPU    %usr   %nice    %sys %iowait    %irq   %soft  %steal  %guest  %gnice   %idle
12:41:47 PM  all    5.27    0.00    8.04    0.00    0.00    1.80    0.00    0.00    0.00   84.88
12:41:47 PM    0    5.38    0.00    7.53    0.00    0.00    2.15    0.00    0.00    0.00   84.95
12:41:47 PM    1    3.23    0.00   10.75    0.00    0.00    2.15    0.00    0.00    0.00   83.87
12:41:47 PM    2    5.43    0.00    5.43    0.00    0.00    2.17    0.00    0.00    0.00   86.96
12:41:47 PM    3    5.56    0.00    4.44    0.00    0.00    1.11    0.00    0.00    0.00   88.89
12:41:47 PM    4    4.60    0.00    9.20    0.00    0.00    1.15    0.00    0.00    0.00   85.06
12:41:47 PM    5    3.45    0.00   10.34    0.00    0.00    1.15    0.00    0.00    0.00   85.06
12:41:47 PM    6    8.79    0.00    8.79    0.00    0.00    2.20    0.00    0.00    0.00   80.22
12:41:47 PM    7    5.68    0.00    7.95    0.00    0.00    2.27    0.00    0.00    0.00   84.09

12:41:47 PM  CPU    %usr   %nice    %sys %iowait    %irq   %soft  %steal  %guest  %gnice   %idle
12:41:48 PM  all   15.99    0.00   11.52    0.00    0.00    2.71    0.00    0.00    0.00   69.78
12:41:48 PM    0    2.25    0.00   14.61    0.00    0.00    3.37    0.00    0.00    0.00   79.78
12:41:48 PM    1    5.62    0.00   13.48    0.00    0.00    2.25    0.00    0.00    0.00   78.65
12:41:48 PM    2    7.69    0.00   12.09    0.00    0.00    3.30    0.00    0.00    0.00   76.92
12:41:48 PM    3    7.95    0.00   12.50    0.00    0.00    3.41    0.00    0.00    0.00   76.14
12:41:48 PM    4   40.00    0.00   12.00    0.00    0.00    0.00    0.00    0.00    0.00   48.00
12:41:48 PM    5    7.53    0.00    9.68    0.00    0.00    5.38    0.00    0.00    0.00   77.42
12:41:48 PM    6   40.43    0.00    7.45    0.00    0.00    1.06    0.00    0.00    0.00   51.06
12:41:48 PM    7   12.77    0.00   10.64    0.00    0.00    3.19    0.00    0.00    0.00   73.40

12:41:48 PM  CPU    %usr   %nice    %sys %iowait    %irq   %soft  %steal  %guest  %gnice   %idle
12:41:49 PM  all   10.65    0.00   16.58    0.13    0.00    3.37    0.00    0.00    0.00   69.27
12:41:49 PM    0   14.29    0.00   13.19    0.00    0.00    4.40    0.00    0.00    0.00   68.13
12:41:49 PM    1    8.89    0.00   14.44    0.00    0.00    5.56    0.00    0.00    0.00   71.11
12:41:49 PM    2   14.89    0.00   15.96    0.00    0.00    2.13    0.00    0.00    0.00   67.02
12:41:49 PM    3   14.29    0.00   21.43    0.00    0.00    3.06    0.00    0.00    0.00   61.22
12:41:49 PM    4    6.52    0.00   17.39    1.09    0.00    2.17    0.00    0.00    0.00   72.83
12:41:49 PM    5    9.57    0.00   19.15    0.00    0.00    4.26    0.00    0.00    0.00   67.02
12:41:49 PM    6    7.61    0.00   15.22    0.00    0.00    3.26    0.00    0.00    0.00   73.91
12:41:49 PM    7    8.79    0.00   15.38    0.00    0.00    2.20    0.00    0.00    0.00   73.63

12:41:49 PM  CPU    %usr   %nice    %sys %iowait    %irq   %soft  %steal  %guest  %gnice   %idle
12:41:50 PM  all    2.61    0.00    4.49    0.00    0.00    0.72    0.00    0.00    0.00   92.17
12:41:50 PM    0    2.33    0.00    4.65    0.00    0.00    0.00    0.00    0.00    0.00   93.02
12:41:50 PM    1    3.41    0.00    4.55    0.00    0.00    1.14    0.00    0.00    0.00   90.91
12:41:50 PM    2    1.18    0.00    7.06    0.00    0.00    1.18    0.00    0.00    0.00   90.59
12:41:50 PM    3    2.35    0.00    2.35    0.00    0.00    0.00    0.00    0.00    0.00   95.29
12:41:50 PM    4    3.49    0.00    3.49    0.00    0.00    1.16    0.00    0.00    0.00   91.86
12:41:50 PM    5    3.37    0.00    5.62    0.00    0.00    1.12    0.00    0.00    0.00   89.89
12:41:50 PM    6    2.33    0.00    3.49    0.00    0.00    0.00    0.00    0.00    0.00   94.19
12:41:50 PM    7    2.35    0.00    4.71    0.00    0.00    1.18    0.00    0.00    0.00   91.76

12:41:50 PM  CPU    %usr   %nice    %sys %iowait    %irq   %soft  %steal  %guest  %gnice   %idle
12:41:51 PM  all    0.87    0.00    1.16    0.43    0.00    0.29    0.00    0.00    0.00   97.25
12:41:51 PM    0    1.12    0.00    1.12    0.00    0.00    0.00    0.00    0.00    0.00   97.75
12:41:51 PM    1    0.00    0.00    1.16    0.00    0.00    0.00    0.00    0.00    0.00   98.84
12:41:51 PM    2    2.33    0.00    1.16    0.00    0.00    0.00    0.00    0.00    0.00   96.51
12:41:51 PM    3    0.00    0.00    2.30    0.00    0.00    1.15    0.00    0.00    0.00   96.55
12:41:51 PM    4    1.16    0.00    0.00    0.00    0.00    0.00    0.00    0.00    0.00   98.84
12:41:51 PM    5    1.20    0.00    0.00    0.00    0.00    0.00    0.00    0.00    0.00   98.80
12:41:51 PM    6    1.14    0.00    2.27    2.27    0.00    1.14    0.00    0.00    0.00   93.18
12:41:51 PM    7    0.00    0.00    1.16    1.16    0.00    0.00    0.00    0.00    0.00   97.67

12:41:51 PM  CPU    %usr   %nice    %sys %iowait    %irq   %soft  %steal  %guest  %gnice   %idle
12:41:52 PM  all    9.08    0.00   13.76    0.00    0.00    2.13    0.00    0.00    0.00   75.04
12:41:52 PM    0    7.78    0.00   14.44    0.00    0.00    1.11    0.00    0.00    0.00   76.67
12:41:52 PM    1    6.38    0.00   17.02    0.00    0.00    1.06    0.00    0.00    0.00   75.53
12:41:52 PM    2    4.60    0.00   12.64    0.00    0.00    3.45    0.00    0.00    0.00   79.31
12:41:52 PM    3    8.70    0.00   16.30    0.00    0.00    2.17    0.00    0.00    0.00   72.83
12:41:52 PM    4   11.90    0.00   10.71    0.00    0.00    1.19    0.00    0.00    0.00   76.19
12:41:52 PM    5   13.64    0.00   11.36    0.00    0.00    4.55    0.00    0.00    0.00   70.45
12:41:52 PM    6   10.47    0.00   13.95    0.00    0.00    2.33    0.00    0.00    0.00   73.26
12:41:52 PM    7    9.52    0.00   13.10    0.00    0.00    1.19    0.00    0.00    0.00   76.19

12:41:52 PM  CPU    %usr   %nice    %sys %iowait    %irq   %soft  %steal  %guest  %gnice   %idle
12:41:53 PM  all    6.28    0.00   11.13    0.00    0.00    1.57    0.00    0.00    0.00   81.03
12:41:53 PM    0    9.47    0.00   14.74    0.00    0.00    1.05    0.00    0.00    0.00   74.74
12:41:53 PM    1    6.59    0.00   13.19    0.00    0.00    1.10    0.00    0.00    0.00   79.12
12:41:53 PM    2    4.60    0.00   10.34    0.00    0.00    1.15    0.00    0.00    0.00   83.91
12:41:53 PM    3    8.70    0.00   11.96    0.00    0.00    2.17    0.00    0.00    0.00   77.17
12:41:53 PM    4    5.95    0.00    8.33    0.00    0.00    2.38    0.00    0.00    0.00   83.33
12:41:53 PM    5    4.88    0.00    8.54    0.00    0.00    1.22    0.00    0.00    0.00   85.37
12:41:53 PM    6    4.82    0.00    9.64    0.00    0.00    1.20    0.00    0.00    0.00   84.34
12:41:53 PM    7    4.60    0.00   11.49    0.00    0.00    2.30    0.00    0.00    0.00   81.61

12:41:53 PM  CPU    %usr   %nice    %sys %iowait    %irq   %soft  %steal  %guest  %gnice   %idle
12:41:54 PM  all    4.28    0.00    5.71    0.00    0.00    1.57    0.00    0.00    0.00   88.45
12:41:54 PM    0    3.49    0.00    5.81    0.00    0.00    1.16    0.00    0.00    0.00   89.53
12:41:54 PM    1    6.74    0.00    4.49    0.00    0.00    1.12    0.00    0.00    0.00   87.64
12:41:54 PM    2    2.33    0.00    4.65    0.00    0.00    1.16    0.00    0.00    0.00   91.86
12:41:54 PM    3    3.30    0.00    8.79    0.00    0.00    3.30    0.00    0.00    0.00   84.62
12:41:54 PM    4    4.55    0.00    7.95    0.00    0.00    0.00    0.00    0.00    0.00   87.50
12:41:54 PM    5    4.60    0.00    5.75    0.00    0.00    1.15    0.00    0.00    0.00   88.51
12:41:54 PM    6    6.82    0.00    2.27    0.00    0.00    2.27    0.00    0.00    0.00   88.64
12:41:54 PM    7    2.33    0.00    5.81    0.00    0.00    2.33    0.00    0.00    0.00   89.53

12:41:54 PM  CPU    %usr   %nice    %sys %iowait    %irq   %soft  %steal  %guest  %gnice   %idle
12:41:55 PM  all    5.20    0.00    7.59    0.00    0.00    1.13    0.00    0.00    0.00   86.08
12:41:55 PM    0    6.74    0.00   11.24    0.00    0.00    1.12    0.00    0.00    0.00   80.90
12:41:55 PM    1    3.33    0.00    8.89    0.00    0.00    1.11    0.00    0.00    0.00   86.67
12:41:55 PM    2    3.37    0.00    5.62    0.00    0.00    1.12    0.00    0.00    0.00   89.89
12:41:55 PM    3    4.40    0.00    4.40    0.00    0.00    1.10    0.00    0.00    0.00   90.11
12:41:55 PM    4    5.75    0.00    5.75    0.00    0.00    2.30    0.00    0.00    0.00   86.21
12:41:55 PM    5    6.98    0.00    6.98    0.00    0.00    0.00    0.00    0.00    0.00   86.05
12:41:55 PM    6    3.41    0.00   10.23    0.00    0.00    0.00    0.00    0.00    0.00   86.36
12:41:55 PM    7    7.69    0.00    7.69    0.00    0.00    2.20    0.00    0.00    0.00   82.42

12:41:55 PM  CPU    %usr   %nice    %sys %iowait    %irq   %soft  %steal  %guest  %gnice   %idle
12:41:56 PM  all   10.25    0.00   14.48    0.14    0.00    2.87    0.00    0.00    0.00   72.27
12:41:56 PM    0   12.09    0.00   14.29    0.00    0.00    3.30    0.00    0.00    0.00   70.33
12:41:56 PM    1   12.36    0.00   11.24    0.00    0.00    5.62    0.00    0.00    0.00   70.79
12:41:56 PM    2   16.30    0.00   14.13    0.00    0.00    2.17    0.00    0.00    0.00   67.39
12:41:56 PM    3   13.95    0.00   12.79    0.00    0.00    1.16    0.00    0.00    0.00   72.09
12:41:56 PM    4    4.49    0.00   12.36    0.00    0.00    2.25    0.00    0.00    0.00   80.90
12:41:56 PM    5    8.00    0.00   19.00    0.00    0.00    4.00    0.00    0.00    0.00   69.00
12:41:56 PM    6    8.42    0.00   15.79    1.05    0.00    3.16    0.00    0.00    0.00   71.58
12:41:56 PM    7    6.67    0.00   15.56    0.00    0.00    1.11    0.00    0.00    0.00   76.67

12:41:56 PM  CPU    %usr   %nice    %sys %iowait    %irq   %soft  %steal  %guest  %gnice   %idle
12:41:57 PM  all    0.59    0.00    0.88    0.00    0.00    0.44    0.00    0.00    0.00   98.08
12:41:57 PM    0    1.15    0.00    1.15    0.00    0.00    1.15    0.00    0.00    0.00   96.55
12:41:57 PM    1    0.00    0.00    2.33    0.00    0.00    0.00    0.00    0.00    0.00   97.67
12:41:57 PM    2    0.00    0.00    0.00    0.00    0.00    1.20    0.00    0.00    0.00   98.80
12:41:57 PM    3    1.15    0.00    1.15    0.00    0.00    1.15    0.00    0.00    0.00   96.55
12:41:57 PM    4    0.00    0.00    1.22    0.00    0.00    0.00    0.00    0.00    0.00   98.78
12:41:57 PM    5    0.00    0.00    0.00    0.00    0.00    0.00    0.00    0.00    0.00  100.00
12:41:57 PM    6    1.19    0.00    0.00    0.00    0.00    0.00    0.00    0.00    0.00   98.81
12:41:57 PM    7    1.18    0.00    1.18    0.00    0.00    0.00    0.00    0.00    0.00   97.65

12:41:57 PM  CPU    %usr   %nice    %sys %iowait    %irq   %soft  %steal  %guest  %gnice   %idle
12:41:58 PM  all    7.79    0.00   12.57    0.00    0.00    2.87    0.00    0.00    0.00   76.78
12:41:58 PM    0    5.56    0.00   11.11    0.00    0.00    4.44    0.00    0.00    0.00   78.89
12:41:58 PM    1   10.64    0.00   13.83    0.00    0.00    3.19    0.00    0.00    0.00   72.34
12:41:58 PM    2    9.78    0.00   13.04    0.00    0.00    3.26    0.00    0.00    0.00   73.91
12:41:58 PM    3    7.87    0.00   12.36    0.00    0.00    2.25    0.00    0.00    0.00   77.53
12:41:58 PM    4   10.00    0.00    8.89    0.00    0.00    1.11    0.00    0.00    0.00   80.00
12:41:58 PM    5    8.51    0.00   12.77    0.00    0.00    2.13    0.00    0.00    0.00   76.60
12:41:58 PM    6    4.40    0.00   14.29    0.00    0.00    2.20    0.00    0.00    0.00   79.12
12:41:58 PM    7    5.43    0.00   14.13    0.00    0.00    4.35    0.00    0.00    0.00   76.09

12:41:58 PM  CPU    %usr   %nice    %sys %iowait    %irq   %soft  %steal  %guest  %gnice   %idle
12:41:59 PM  all    1.16    0.00    1.16    1.45    0.00    0.00    0.00    0.00    0.00   96.23
12:41:59 PM    0    1.14    0.00    1.14    0.00    0.00    0.00    0.00    0.00    0.00   97.73
12:41:59 PM    1    1.15    0.00    2.30    0.00    0.00    0.00    0.00    0.00    0.00   96.55
12:41:59 PM    2    1.15    0.00    0.00    3.45    0.00    0.00    0.00    0.00    0.00   95.40
12:41:59 PM    3    1.16    0.00    1.16    0.00    0.00    0.00    0.00    0.00    0.00   97.67
12:41:59 PM    4    1.16    0.00    1.16    5.81    0.00    0.00    0.00    0.00    0.00   91.86
12:41:59 PM    5    1.15    0.00    2.30    0.00    0.00    0.00    0.00    0.00    0.00   96.55
12:41:59 PM    6    1.16    0.00    1.16    0.00    0.00    0.00    0.00    0.00    0.00   97.67
12:41:59 PM    7    1.20    0.00    0.00    2.41    0.00    0.00    0.00    0.00    0.00   96.39

12:41:59 PM  CPU    %usr   %nice    %sys %iowait    %irq   %soft  %steal  %guest  %gnice   %idle
12:42:00 PM  all    3.30    0.00    5.16    0.00    0.00    1.00    0.00    0.00    0.00   90.54
12:42:00 PM    0    1.20    0.00    3.61    0.00    0.00    2.41    0.00    0.00    0.00   92.77
12:42:00 PM    1    5.62    0.00    5.62    0.00    0.00    1.12    0.00    0.00    0.00   87.64
12:42:00 PM    2    4.60    0.00    4.60    0.00    0.00    1.15    0.00    0.00    0.00   89.66
12:42:00 PM    3    3.45    0.00    4.60    0.00    0.00    0.00    0.00    0.00    0.00   91.95
12:42:00 PM    4    4.49    0.00    4.49    0.00    0.00    1.12    0.00    0.00    0.00   89.89
12:42:00 PM    5    2.33    0.00    4.65    0.00    0.00    1.16    0.00    0.00    0.00   91.86
12:42:00 PM    6    1.15    0.00    6.90    0.00    0.00    1.15    0.00    0.00    0.00   90.80
12:42:00 PM    7    3.33    0.00    6.67    0.00    0.00    0.00    0.00    0.00    0.00   90.00

12:42:00 PM  CPU    %usr   %nice    %sys %iowait    %irq   %soft  %steal  %guest  %gnice   %idle
12:42:01 PM  all    3.52    0.00    6.19    0.14    0.00    0.98    0.00    0.00    0.00   89.17
12:42:01 PM    0    2.27    0.00    5.68    0.00    0.00    0.00    0.00    0.00    0.00   92.05
12:42:01 PM    1    2.27    0.00    3.41    0.00    0.00    2.27    0.00    0.00    0.00   92.05
12:42:01 PM    2    3.37    0.00    6.74    0.00    0.00    0.00    0.00    0.00    0.00   89.89
12:42:01 PM    3    2.20    0.00    7.69    0.00    0.00    0.00    0.00    0.00    0.00   90.11
12:42:01 PM    4    4.60    0.00    5.75    0.00    0.00    1.15    0.00    0.00    0.00   88.51
12:42:01 PM    5    6.38    0.00    9.57    1.06    0.00    1.06    0.00    0.00    0.00   81.91
12:42:01 PM    6    2.25    0.00    6.74    0.00    0.00    2.25    0.00    0.00    0.00   88.76
12:42:01 PM    7    4.71    0.00    3.53    0.00    0.00    1.18    0.00    0.00    0.00   90.59

12:42:01 PM  CPU    %usr   %nice    %sys %iowait    %irq   %soft  %steal  %guest  %gnice   %idle
12:42:02 PM  all    6.64    0.00   11.07    0.14    0.00    2.07    0.00    0.00    0.00   80.08
12:42:02 PM    0    9.30    0.00    8.14    1.16    0.00    1.16    0.00    0.00    0.00   80.23
12:42:02 PM    1    5.75    0.00   12.64    0.00    0.00    1.15    0.00    0.00    0.00   80.46
12:42:02 PM    2   10.00    0.00    8.89    0.00    0.00    2.22    0.00    0.00    0.00   78.89
12:42:02 PM    3    7.87    0.00   11.24    0.00    0.00    3.37    0.00    0.00    0.00   77.53
12:42:02 PM    4    4.35    0.00   10.87    0.00    0.00    1.09    0.00    0.00    0.00   83.70
12:42:02 PM    5    5.26    0.00   12.63    0.00    0.00    4.21    0.00    0.00    0.00   77.89
12:42:02 PM    6    4.55    0.00   10.23    0.00    0.00    2.27    0.00    0.00    0.00   82.95
12:42:02 PM    7    6.25    0.00   13.54    0.00    0.00    1.04    0.00    0.00    0.00   79.17

12:42:02 PM  CPU    %usr   %nice    %sys %iowait    %irq   %soft  %steal  %guest  %gnice   %idle
12:42:03 PM  all    1.56    0.00    3.40    0.00    0.00    1.13    0.00    0.00    0.00   93.91
12:42:03 PM    0    0.00    0.00    4.30    0.00    0.00    1.08    0.00    0.00    0.00   94.62
12:42:03 PM    1    1.14    0.00    2.27    0.00    0.00    0.00    0.00    0.00    0.00   96.59
12:42:03 PM    2    2.08    0.00    4.17    0.00    0.00    2.08    0.00    0.00    0.00   91.67
12:42:03 PM    3    4.30    0.00    1.08    0.00    0.00    1.08    0.00    0.00    0.00   93.55
12:42:03 PM    4    1.18    0.00    4.71    0.00    0.00    2.35    0.00    0.00    0.00   91.76
12:42:03 PM    5    2.38    0.00    3.57    0.00    0.00    0.00    0.00    0.00    0.00   94.05
12:42:03 PM    6    0.00    0.00    4.76    0.00    0.00    1.19    0.00    0.00    0.00   94.05
12:42:03 PM    7    1.20    0.00    2.41    0.00    0.00    1.20    0.00    0.00    0.00   95.18

12:42:03 PM  CPU    %usr   %nice    %sys %iowait    %irq   %soft  %steal  %guest  %gnice   %idle
12:42:04 PM  all    6.40    0.00   10.22    0.00    0.00    2.59    0.00    0.00    0.00   80.79
12:42:04 PM    0    6.67    0.00    7.78    0.00    0.00    2.22    0.00    0.00    0.00   83.33
12:42:04 PM    1    7.87    0.00    7.87    0.00    0.00    1.12    0.00    0.00    0.00   83.15
12:42:04 PM    2    7.87    0.00   11.24    0.00    0.00    2.25    0.00    0.00    0.00   78.65
12:42:04 PM    3    5.56    0.00   13.33    0.00    0.00    2.22    0.00    0.00    0.00   78.89
12:42:04 PM    4    5.26    0.00   13.68    0.00    0.00    2.11    0.00    0.00    0.00   78.95
12:42:04 PM    5    5.15    0.00   10.31    0.00    0.00    4.12    0.00    0.00    0.00   80.41
12:42:04 PM    6    5.43    0.00    8.70    0.00    0.00    4.35    0.00    0.00    0.00   81.52
12:42:04 PM    7    7.61    0.00    8.70    0.00    0.00    2.17    0.00    0.00    0.00   81.52

12:42:04 PM  CPU    %usr   %nice    %sys %iowait    %irq   %soft  %steal  %guest  %gnice   %idle
12:42:05 PM  all    7.76    0.00   14.32    0.00    0.00    3.21    0.00    0.00    0.00   74.70
12:42:05 PM    0    5.49    0.00   13.19    0.00    0.00    3.30    0.00    0.00    0.00   78.02
12:42:05 PM    1    7.61    0.00   15.22    0.00    0.00    3.26    0.00    0.00    0.00   73.91
12:42:05 PM    2    6.38    0.00   14.89    0.00    0.00    4.26    0.00    0.00    0.00   74.47
12:42:05 PM    3    6.45    0.00   13.98    0.00    0.00    2.15    0.00    0.00    0.00   77.42
12:42:05 PM    4    8.51    0.00   14.89    0.00    0.00    2.13    0.00    0.00    0.00   74.47
12:42:05 PM    5   10.64    0.00   10.64    0.00    0.00    4.26    0.00    0.00    0.00   74.47
12:42:05 PM    6    7.37    0.00   16.84    0.00    0.00    5.26    0.00    0.00    0.00   70.53
12:42:05 PM    7    9.57    0.00   14.89    0.00    0.00    1.06    0.00    0.00    0.00   74.47

12:42:05 PM  CPU    %usr   %nice    %sys %iowait    %irq   %soft  %steal  %guest  %gnice   %idle
12:42:06 PM  all    2.84    0.00    7.61    0.26    0.00    2.19    0.00    0.00    0.00   87.10
12:42:06 PM    0    1.03    0.00    5.15    0.00    0.00    2.06    0.00    0.00    0.00   91.75
12:42:06 PM    1    2.02    0.00    7.07    0.00    0.00    2.02    0.00    0.00    0.00   88.89
12:42:06 PM    2    1.00    0.00    8.00    0.00    0.00    4.00    0.00    0.00    0.00   87.00
12:42:06 PM    3    3.12    0.00    5.21    2.08    0.00    1.04    0.00    0.00    0.00   88.54
12:42:06 PM    4    4.21    0.00   10.53    0.00    0.00    0.00    0.00    0.00    0.00   85.26
12:42:06 PM    5    2.13    0.00    8.51    0.00    0.00    3.19    0.00    0.00    0.00   86.17
12:42:06 PM    6    3.06    0.00   10.20    0.00    0.00    3.06    0.00    0.00    0.00   83.67
12:42:06 PM    7    6.25    0.00    6.25    0.00    0.00    2.08    0.00    0.00    0.00   85.42

12:42:06 PM  CPU    %usr   %nice    %sys %iowait    %irq   %soft  %steal  %guest  %gnice   %idle
12:42:07 PM  all    2.86    0.00    8.31    0.00    0.00    2.73    0.00    0.00    0.00   86.10
12:42:07 PM    0    4.04    0.00    8.08    0.00    0.00    3.03    0.00    0.00    0.00   84.85
12:42:07 PM    1    4.17    0.00    9.38    0.00    0.00    1.04    0.00    0.00    0.00   85.42
12:42:07 PM    2    2.02    0.00    8.08    0.00    0.00    4.04    0.00    0.00    0.00   85.86
12:42:07 PM    3    3.16    0.00    7.37    0.00    0.00    1.05    0.00    0.00    0.00   88.42
12:42:07 PM    4    2.13    0.00    7.45    0.00    0.00    4.26    0.00    0.00    0.00   86.17
12:42:07 PM    5    2.08    0.00    8.33    0.00    0.00    3.12    0.00    0.00    0.00   86.46
12:42:07 PM    6    3.16    0.00    7.37    0.00    0.00    3.16    0.00    0.00    0.00   86.32
12:42:07 PM    7    2.08    0.00   10.42    0.00    0.00    2.08    0.00    0.00    0.00   85.42

12:42:07 PM  CPU    %usr   %nice    %sys %iowait    %irq   %soft  %steal  %guest  %gnice   %idle
12:42:08 PM  all    8.00    0.00   14.71    0.00    0.00    3.74    0.00    0.00    0.00   73.55
12:42:08 PM    0   10.31    0.00   11.34    0.00    0.00    4.12    0.00    0.00    0.00   74.23
12:42:08 PM    1    9.47    0.00   16.84    0.00    0.00    3.16    0.00    0.00    0.00   70.53
12:42:08 PM    2   10.89    0.00   15.84    0.00    0.00    3.96    0.00    0.00    0.00   69.31
12:42:08 PM    3    7.22    0.00   15.46    0.00    0.00    5.15    0.00    0.00    0.00   72.16
12:42:08 PM    4    6.38    0.00   12.77    0.00    0.00    3.19    0.00    0.00    0.00   77.66
12:42:08 PM    5    7.29    0.00   14.58    0.00    0.00    2.08    0.00    0.00    0.00   76.04
12:42:08 PM    6    3.30    0.00   13.19    0.00    0.00    2.20    0.00    0.00    0.00   81.32
12:42:08 PM    7    8.65    0.00   17.31    0.00    0.00    5.77    0.00    0.00    0.00   68.27

12:42:08 PM  CPU    %usr   %nice    %sys %iowait    %irq   %soft  %steal  %guest  %gnice   %idle
12:42:09 PM  all   11.35    0.00   21.03    0.13    0.00    3.35    0.00    0.00    0.00   64.13
12:42:09 PM    0    8.60    0.00   22.58    0.00    0.00    4.30    0.00    0.00    0.00   64.52
12:42:09 PM    1   13.54    0.00   17.71    0.00    0.00    1.04    0.00    0.00    0.00   67.71
12:42:09 PM    2   14.58    0.00   22.92    0.00    0.00    4.17    0.00    0.00    0.00   58.33
12:42:09 PM    3   12.24    0.00   21.43    0.00    0.00    3.06    0.00    0.00    0.00   63.27
12:42:09 PM    4   10.00    0.00   15.56    0.00    0.00    3.33    0.00    0.00    0.00   71.11
12:42:09 PM    5    9.47    0.00   21.05    0.00    0.00    2.11    0.00    0.00    0.00   67.37
12:42:09 PM    6   12.26    0.00   22.64    0.00    0.00    4.72    0.00    0.00    0.00   60.38
12:42:09 PM    7    9.90    0.00   23.76    0.99    0.00    3.96    0.00    0.00    0.00   61.39

12:42:09 PM  CPU    %usr   %nice    %sys %iowait    %irq   %soft  %steal  %guest  %gnice   %idle
12:42:10 PM  all    5.74    0.00   10.85    0.00    0.00    2.62    0.00    0.00    0.00   80.80
12:42:10 PM    0   10.48    0.00   10.48    0.00    0.00    2.86    0.00    0.00    0.00   76.19
12:42:10 PM    1    3.96    0.00   13.86    0.00    0.00    3.96    0.00    0.00    0.00   78.22
12:42:10 PM    2    4.00    0.00   11.00    0.00    0.00    3.00    0.00    0.00    0.00   82.00
12:42:10 PM    3    7.84    0.00   10.78    0.00    0.00    2.94    0.00    0.00    0.00   78.43
12:42:10 PM    4    5.21    0.00    7.29    0.00    0.00    0.00    0.00    0.00    0.00   87.50
12:42:10 PM    5    5.94    0.00   12.87    0.00    0.00    1.98    0.00    0.00    0.00   79.21
12:42:10 PM    6    4.04    0.00   10.10    0.00    0.00    4.04    0.00    0.00    0.00   81.82
12:42:10 PM    7    4.08    0.00   10.20    0.00    0.00    2.04    0.00    0.00    0.00   83.67

12:42:10 PM  CPU    %usr   %nice    %sys %iowait    %irq   %soft  %steal  %guest  %gnice   %idle
12:42:11 PM  all    5.91    0.00   11.07    0.00    0.00    2.64    0.00    0.00    0.00   80.38
12:42:11 PM    0    7.00    0.00    9.00    0.00    0.00    3.00    0.00    0.00    0.00   81.00
12:42:11 PM    1    5.10    0.00   11.22    0.00    0.00    2.04    0.00    0.00    0.00   81.63
12:42:11 PM    2    6.93    0.00   12.87    0.00    0.00    2.97    0.00    0.00    0.00   77.23
12:42:11 PM    3    5.26    0.00    9.47    0.00    0.00    4.21    0.00    0.00    0.00   81.05
12:42:11 PM    4    6.73    0.00   14.42    0.00    0.00    2.88    0.00    0.00    0.00   75.96
12:42:11 PM    5    7.84    0.00    9.80    0.00    0.00    1.96    0.00    0.00    0.00   80.39
12:42:11 PM    6    3.09    0.00   10.31    0.00    0.00    3.09    0.00    0.00    0.00   83.51
12:42:11 PM    7    5.10    0.00   11.22    0.00    0.00    1.02    0.00    0.00    0.00   82.65

12:42:11 PM  CPU    %usr   %nice    %sys %iowait    %irq   %soft  %steal  %guest  %gnice   %idle
12:42:12 PM  all    5.94    0.00   11.63    0.00    0.00    2.33    0.00    0.00    0.00   80.10
12:42:12 PM    0    7.37    0.00    9.47    0.00    0.00    1.05    0.00    0.00    0.00   82.11
12:42:12 PM    1    7.07    0.00   13.13    0.00    0.00    2.02    0.00    0.00    0.00   77.78
12:42:12 PM    2    7.29    0.00    8.33    0.00    0.00    3.12    0.00    0.00    0.00   81.25
12:42:12 PM    3    8.91    0.00   12.87    0.00    0.00    2.97    0.00    0.00    0.00   75.25
12:42:12 PM    4    3.03    0.00   14.14    0.00    0.00    1.01    0.00    0.00    0.00   81.82
12:42:12 PM    5    5.26    0.00   11.58    0.00    0.00    3.16    0.00    0.00    0.00   80.00
12:42:12 PM    6    4.17    0.00   11.46    0.00    0.00    5.21    0.00    0.00    0.00   79.17
12:42:12 PM    7    4.30    0.00   11.83    0.00    0.00    0.00    0.00    0.00    0.00   83.87

12:42:12 PM  CPU    %usr   %nice    %sys %iowait    %irq   %soft  %steal  %guest  %gnice   %idle
12:42:13 PM  all    6.50    0.00   12.39    0.00    0.00    3.07    0.00    0.00    0.00   78.04
12:42:13 PM    0    7.92    0.00   13.86    0.00    0.00    1.98    0.00    0.00    0.00   76.24
12:42:13 PM    1   10.48    0.00   13.33    0.00    0.00    3.81    0.00    0.00    0.00   72.38
12:42:13 PM    2    9.71    0.00   12.62    0.00    0.00    3.88    0.00    0.00    0.00   73.79
12:42:13 PM    3    5.94    0.00   14.85    0.00    0.00    2.97    0.00    0.00    0.00   76.24
12:42:13 PM    4    5.88    0.00   12.75    0.00    0.00    1.96    0.00    0.00    0.00   79.41
12:42:13 PM    5    3.03    0.00    9.09    0.00    0.00    2.02    0.00    0.00    0.00   85.86
12:42:13 PM    6    3.74    0.00   14.95    0.00    0.00    4.67    0.00    0.00    0.00   76.64
12:42:13 PM    7    5.15    0.00    7.22    0.00    0.00    3.09    0.00    0.00    0.00   84.54

12:42:13 PM  CPU    %usr   %nice    %sys %iowait    %irq   %soft  %steal  %guest  %gnice   %idle
12:42:14 PM  all    6.84    0.00   11.83    0.58    0.00    3.13    0.00    0.00    0.00   77.61
12:42:14 PM    0    7.62    0.00    8.57    2.86    0.00    3.81    0.00    0.00    0.00   77.14
12:42:14 PM    1    4.59    0.00   16.51    0.00    0.00    3.67    0.00    0.00    0.00   75.23
12:42:14 PM    2    7.27    0.00   15.45    1.82    0.00    3.64    0.00    0.00    0.00   71.82
12:42:14 PM    3   10.19    0.00   11.11    0.00    0.00    1.85    0.00    0.00    0.00   76.85
12:42:14 PM    4    8.11    0.00   12.61    0.00    0.00    3.60    0.00    0.00    0.00   75.68
12:42:14 PM    5    4.72    0.00    9.43    0.00    0.00    1.89    0.00    0.00    0.00   83.96
12:42:14 PM    6    6.67    0.00    8.57    0.00    0.00    2.86    0.00    0.00    0.00   81.90
12:42:14 PM    7    5.56    0.00   12.04    0.00    0.00    3.70    0.00    0.00    0.00   78.70

12:42:14 PM  CPU    %usr   %nice    %sys %iowait    %irq   %soft  %steal  %guest  %gnice   %idle
12:42:15 PM  all    7.59    0.00   11.76    0.00    0.00    2.65    0.00    0.00    0.00   78.00
12:42:15 PM    0    8.49    0.00   14.15    0.00    0.00    4.72    0.00    0.00    0.00   72.64
12:42:15 PM    1   10.10    0.00   11.11    0.00    0.00    2.02    0.00    0.00    0.00   76.77
12:42:15 PM    2    6.12    0.00   11.22    0.00    0.00    2.04    0.00    0.00    0.00   80.61
12:42:15 PM    3    8.25    0.00    9.28    0.00    0.00    3.09    0.00    0.00    0.00   79.38
12:42:15 PM    4    5.26    0.00    9.47    0.00    0.00    2.11    0.00    0.00    0.00   83.16
12:42:15 PM    5    6.19    0.00   11.34    0.00    0.00    3.09    0.00    0.00    0.00   79.38
12:42:15 PM    6    7.00    0.00   14.00    0.00    0.00    2.00    0.00    0.00    0.00   77.00
12:42:15 PM    7    9.09    0.00   13.13    0.00    0.00    2.02    0.00    0.00    0.00   75.76

12:42:15 PM  CPU    %usr   %nice    %sys %iowait    %irq   %soft  %steal  %guest  %gnice   %idle
12:42:16 PM  all    6.88    0.00   13.75    0.12    0.00    2.91    0.00    0.00    0.00   76.34
12:42:16 PM    0    8.18    0.00   13.64    0.00    0.00    3.64    0.00    0.00    0.00   74.55
12:42:16 PM    1    8.93    0.00   13.39    0.00    0.00    2.68    0.00    0.00    0.00   75.00
12:42:16 PM    2    3.81    0.00   12.38    0.95    0.00    3.81    0.00    0.00    0.00   79.05
12:42:16 PM    3    5.77    0.00    9.62    0.00    0.00    3.85    0.00    0.00    0.00   80.77
12:42:16 PM    4    6.54    0.00   16.82    0.00    0.00    1.87    0.00    0.00    0.00   74.77
12:42:16 PM    5    7.41    0.00   13.89    0.00    0.00    3.70    0.00    0.00    0.00   75.00
12:42:16 PM    6    7.62    0.00   16.19    0.00    0.00    0.00    0.00    0.00    0.00   76.19
12:42:16 PM    7    6.54    0.00   14.02    0.00    0.00    3.74    0.00    0.00    0.00   75.70

12:42:16 PM  CPU    %usr   %nice    %sys %iowait    %irq   %soft  %steal  %guest  %gnice   %idle
12:42:17 PM  all    6.92    0.00   14.32    0.00    0.00    3.17    0.00    0.00    0.00   75.59
12:42:17 PM    0    9.17    0.00   12.84    0.00    0.00    5.50    0.00    0.00    0.00   72.48
12:42:17 PM    1    5.83    0.00   13.59    0.00    0.00    2.91    0.00    0.00    0.00   77.67
12:42:17 PM    2    8.33    0.00   13.89    0.00    0.00    4.63    0.00    0.00    0.00   73.15
12:42:17 PM    3    9.17    0.00   14.68    0.00    0.00    1.83    0.00    0.00    0.00   74.31
12:42:17 PM    4    5.88    0.00   11.76    0.00    0.00    3.92    0.00    0.00    0.00   78.43
12:42:17 PM    5    6.54    0.00   15.89    0.00    0.00    1.87    0.00    0.00    0.00   75.70
12:42:17 PM    6    5.71    0.00   15.24    0.00    0.00    1.90    0.00    0.00    0.00   77.14
12:42:17 PM    7    4.59    0.00   16.51    0.00    0.00    2.75    0.00    0.00    0.00   76.15

12:42:17 PM  CPU    %usr   %nice    %sys %iowait    %irq   %soft  %steal  %guest  %gnice   %idle
12:42:18 PM  all    6.64    0.00   14.74    0.00    0.00    3.15    0.00    0.00    0.00   75.48
12:42:18 PM    0    4.67    0.00   15.89    0.00    0.00    1.87    0.00    0.00    0.00   77.57
12:42:18 PM    1    6.96    0.00   15.65    0.00    0.00    5.22    0.00    0.00    0.00   72.17
12:42:18 PM    2    4.63    0.00   15.74    0.00    0.00    3.70    0.00    0.00    0.00   75.93
12:42:18 PM    3    8.11    0.00   14.41    0.00    0.00    4.50    0.00    0.00    0.00   72.97
12:42:18 PM    4    6.31    0.00   14.41    0.00    0.00    1.80    0.00    0.00    0.00   77.48
12:42:18 PM    5    6.31    0.00   13.51    0.00    0.00    1.80    0.00    0.00    0.00   78.38
12:42:18 PM    6    9.57    0.00   13.04    0.00    0.00    4.35    0.00    0.00    0.00   73.04
12:42:18 PM    7    6.31    0.00   15.32    0.00    0.00    1.80    0.00    0.00    0.00   76.58

12:42:18 PM  CPU    %usr   %nice    %sys %iowait    %irq   %soft  %steal  %guest  %gnice   %idle
12:42:19 PM  all    8.24    0.00   14.51    0.00    0.00    2.53    0.00    0.00    0.00   74.73
12:42:19 PM    0    6.36    0.00   13.64    0.00    0.00    1.82    0.00    0.00    0.00   78.18
12:42:19 PM    1    8.70    0.00   15.65    0.00    0.00    2.61    0.00    0.00    0.00   73.04
12:42:19 PM    2   10.26    0.00   16.24    0.00    0.00    1.71    0.00    0.00    0.00   71.79
12:42:19 PM    3   11.40    0.00   11.40    0.00    0.00    2.63    0.00    0.00    0.00   74.56
12:42:19 PM    4    5.45    0.00   14.55    0.00    0.00    1.82    0.00    0.00    0.00   78.18
12:42:19 PM    5    5.36    0.00   15.18    0.00    0.00    2.68    0.00    0.00    0.00   76.79
12:42:19 PM    6    9.57    0.00   13.91    0.00    0.00    3.48    0.00    0.00    0.00   73.04
12:42:19 PM    7    8.55    0.00   15.38    0.00    0.00    3.42    0.00    0.00    0.00   72.65

12:42:19 PM  CPU    %usr   %nice    %sys %iowait    %irq   %soft  %steal  %guest  %gnice   %idle
12:42:20 PM  all    8.55    0.00   18.50    0.00    0.00    2.81    0.00    0.00    0.00   70.14
12:42:20 PM    0    9.52    0.00   14.29    0.00    0.00    2.86    0.00    0.00    0.00   73.33
12:42:20 PM    1    8.04    0.00   21.43    0.00    0.00    4.46    0.00    0.00    0.00   66.07
12:42:20 PM    2   11.61    0.00   18.75    0.00    0.00    1.79    0.00    0.00    0.00   67.86
12:42:20 PM    3    7.69    0.00   16.35    0.00    0.00    3.85    0.00    0.00    0.00   72.12
12:42:20 PM    4    5.66    0.00   20.75    0.00    0.00    1.89    0.00    0.00    0.00   71.70
12:42:20 PM    5    9.26    0.00   20.37    0.00    0.00    1.85    0.00    0.00    0.00   68.52
12:42:20 PM    6    9.52    0.00   15.24    0.00    0.00    4.76    0.00    0.00    0.00   70.48
12:42:20 PM    7    6.86    0.00   20.59    0.00    0.00    0.98    0.00    0.00    0.00   71.57

12:42:20 PM  CPU    %usr   %nice    %sys %iowait    %irq   %soft  %steal  %guest  %gnice   %idle
12:42:21 PM  all   14.21    0.00   20.66    0.26    0.00    4.47    0.00    0.00    0.00   60.39
12:42:21 PM    0   20.62    0.00   18.56    0.00    0.00    6.19    0.00    0.00    0.00   54.64
12:42:21 PM    1   13.83    0.00   23.40    0.00    0.00    8.51    0.00    0.00    0.00   54.26
12:42:21 PM    2   21.21    0.00   22.22    0.00    0.00    3.03    0.00    0.00    0.00   53.54
12:42:21 PM    3   21.21    0.00   18.18    2.02    0.00    6.06    0.00    0.00    0.00   52.53
12:42:21 PM    4    7.69    0.00   19.78    0.00    0.00    3.30    0.00    0.00    0.00   69.23
12:42:21 PM    5    8.70    0.00   19.57    0.00    0.00    3.26    0.00    0.00    0.00   68.48
12:42:21 PM    6    8.60    0.00   20.43    0.00    0.00    3.23    0.00    0.00    0.00   67.74
12:42:21 PM    7   10.53    0.00   23.16    0.00    0.00    2.11    0.00    0.00    0.00   64.21

12:42:21 PM  CPU    %usr   %nice    %sys %iowait    %irq   %soft  %steal  %guest  %gnice   %idle
12:42:22 PM  all   10.59    0.00   18.11    0.00    0.00    3.53    0.00    0.00    0.00   67.77
12:42:22 PM    0   13.76    0.00   15.60    0.00    0.00    2.75    0.00    0.00    0.00   67.89
12:42:22 PM    1   11.54    0.00   17.31    0.00    0.00    1.92    0.00    0.00    0.00   69.23
12:42:22 PM    2   11.11    0.00   18.52    0.00    0.00    3.70    0.00    0.00    0.00   66.67
12:42:22 PM    3   10.19    0.00   20.37    0.00    0.00    3.70    0.00    0.00    0.00   65.74
12:42:22 PM    4    7.34    0.00   17.43    0.00    0.00    2.75    0.00    0.00    0.00   72.48
12:42:22 PM    5    6.36    0.00   19.09    0.00    0.00    5.45    0.00    0.00    0.00   69.09
12:42:22 PM    6   12.50    0.00   20.83    0.00    0.00    4.17    0.00    0.00    0.00   62.50
12:42:22 PM    7   11.82    0.00   15.45    0.00    0.00    3.64    0.00    0.00    0.00   69.09

12:42:22 PM  CPU    %usr   %nice    %sys %iowait    %irq   %soft  %steal  %guest  %gnice   %idle
12:42:23 PM  all    9.33    0.00   16.31    0.00    0.00    2.25    0.00    0.00    0.00   72.10
12:42:23 PM    0   10.83    0.00   16.67    0.00    0.00    3.33    0.00    0.00    0.00   69.17
12:42:23 PM    1    5.22    0.00   18.26    0.00    0.00    1.74    0.00    0.00    0.00   74.78
12:42:23 PM    2    9.57    0.00   14.78    0.00    0.00    2.61    0.00    0.00    0.00   73.04
12:42:23 PM    3   10.66    0.00   18.85    0.00    0.00    2.46    0.00    0.00    0.00   68.03
12:42:23 PM    4    9.65    0.00   13.16    0.00    0.00    1.75    0.00    0.00    0.00   75.44
12:42:23 PM    5   10.43    0.00   14.78    0.00    0.00    2.61    0.00    0.00    0.00   72.17
12:42:23 PM    6   11.40    0.00   14.04    0.00    0.00    0.88    0.00    0.00    0.00   73.68
12:42:23 PM    7    6.84    0.00   19.66    0.00    0.00    2.56    0.00    0.00    0.00   70.94

12:42:23 PM  CPU    %usr   %nice    %sys %iowait    %irq   %soft  %steal  %guest  %gnice   %idle
12:42:24 PM  all    9.42    0.00   16.06    0.00    0.00    2.25    0.00    0.00    0.00   72.27
12:42:24 PM    0    8.20    0.00   18.85    0.00    0.00    3.28    0.00    0.00    0.00   69.67
12:42:24 PM    1   13.11    0.00   15.57    0.00    0.00    1.64    0.00    0.00    0.00   69.67
12:42:24 PM    2    8.55    0.00   17.09    0.00    0.00    2.56    0.00    0.00    0.00   71.79
12:42:24 PM    3    9.73    0.00   13.27    0.00    0.00    1.77    0.00    0.00    0.00   75.22
12:42:24 PM    4    7.27    0.00   14.55    0.00    0.00    0.91    0.00    0.00    0.00   77.27
12:42:24 PM    5    9.32    0.00   15.25    0.00    0.00    3.39    0.00    0.00    0.00   72.03
12:42:24 PM    6    7.89    0.00   16.67    0.00    0.00    1.75    0.00    0.00    0.00   73.68
12:42:24 PM    7   11.02    0.00   16.95    0.00    0.00    2.54    0.00    0.00    0.00   69.49

12:42:24 PM  CPU    %usr   %nice    %sys %iowait    %irq   %soft  %steal  %guest  %gnice   %idle
12:42:25 PM  all   10.72    0.00   17.90    0.00    0.00    3.98    0.00    0.00    0.00   67.40
12:42:25 PM    0   13.91    0.00   17.39    0.00    0.00    4.35    0.00    0.00    0.00   64.35
12:42:25 PM    1   12.93    0.00   18.10    0.00    0.00    3.45    0.00    0.00    0.00   65.52
12:42:25 PM    2   11.21    0.00   20.69    0.00    0.00    4.31    0.00    0.00    0.00   63.79
12:42:25 PM    3   12.28    0.00   17.54    0.00    0.00    4.39    0.00    0.00    0.00   65.79
12:42:25 PM    4    7.96    0.00   19.47    0.00    0.00    4.42    0.00    0.00    0.00   68.14
12:42:25 PM    5    9.01    0.00   16.22    0.00    0.00    2.70    0.00    0.00    0.00   72.07
12:42:25 PM    6   12.50    0.00   15.18    0.00    0.00    3.57    0.00    0.00    0.00   68.75
12:42:25 PM    7    5.56    0.00   18.52    0.00    0.00    4.63    0.00    0.00    0.00   71.30

12:42:25 PM  CPU    %usr   %nice    %sys %iowait    %irq   %soft  %steal  %guest  %gnice   %idle
12:42:26 PM  all   12.98    0.00   23.73    0.25    0.00    4.70    0.00    0.00    0.00   58.34
12:42:26 PM    0   18.37    0.00   19.39    1.02    0.00    3.06    0.00    0.00    0.00   58.16
12:42:26 PM    1   11.22    0.00   23.47    0.00    0.00    6.12    0.00    0.00    0.00   59.18
12:42:26 PM    2   17.14    0.00   22.86    0.95    0.00    5.71    0.00    0.00    0.00   53.33
12:42:26 PM    3   17.48    0.00   21.36    0.00    0.00    5.83    0.00    0.00    0.00   55.34
12:42:26 PM    4    8.08    0.00   25.25    0.00    0.00    3.03    0.00    0.00    0.00   63.64
12:42:26 PM    5   11.65    0.00   26.21    0.00    0.00    4.85    0.00    0.00    0.00   57.28
12:42:26 PM    6    9.52    0.00   30.48    0.00    0.00    3.81    0.00    0.00    0.00   56.19
12:42:26 PM    7   10.20    0.00   20.41    0.00    0.00    5.10    0.00    0.00    0.00   64.29

12:42:26 PM  CPU    %usr   %nice    %sys %iowait    %irq   %soft  %steal  %guest  %gnice   %idle
12:42:27 PM  all   11.42    0.00   15.45    0.00    0.00    3.47    0.00    0.00    0.00   69.65
12:42:27 PM    0   12.39    0.00   18.58    0.00    0.00    3.54    0.00    0.00    0.00   65.49
12:42:27 PM    1    8.26    0.00   17.43    0.00    0.00    1.83    0.00    0.00    0.00   72.48
12:42:27 PM    2   10.38    0.00   13.21    0.00    0.00    4.72    0.00    0.00    0.00   71.70
12:42:27 PM    3   12.17    0.00   15.65    0.00    0.00    5.22    0.00    0.00    0.00   66.96
12:42:27 PM    4   11.50    0.00   14.16    0.00    0.00    2.65    0.00    0.00    0.00   71.68
12:42:27 PM    5   13.51    0.00   13.51    0.00    0.00    3.60    0.00    0.00    0.00   69.37
12:42:27 PM    6    9.57    0.00   16.52    0.00    0.00    3.48    0.00    0.00    0.00   70.43
12:42:27 PM    7   13.51    0.00   14.41    0.00    0.00    2.70    0.00    0.00    0.00   69.37
