Linux 6.6.87.2-microsoft-standard-WSL2 (Udeepa-ASUS) 	04/16/26 	_x86_64_	(4 CPU)

00:34:57     CPU    %usr   %nice    %sys %iowait    %irq   %soft  %steal  %guest  %gnice   %idle
00:34:58     all    1.02    0.00    4.33    0.00    0.00    0.76    0.00    0.00    0.00   93.89
00:34:58       0    0.00    0.00    8.33    0.00    0.00    2.08    0.00    0.00    0.00   89.58
00:34:58       1    2.02    0.00    5.05    0.00    0.00    1.01    0.00    0.00    0.00   91.92
00:34:58       2    0.00    0.00    1.01    0.00    0.00    0.00    0.00    0.00    0.00   98.99
00:34:58       3    2.02    0.00    3.03    0.00    0.00    0.00    0.00    0.00    0.00   94.95

00:34:58     CPU    %usr   %nice    %sys %iowait    %irq   %soft  %steal  %guest  %gnice   %idle
00:34:59     all    0.00    0.00    4.88    0.00    0.00    0.77    0.00    0.00    0.00   94.34
00:34:59       0    0.00    0.00   10.31    0.00    0.00    1.03    0.00    0.00    0.00   88.66
00:34:59       1    0.00    0.00    5.21    0.00    0.00    0.00    0.00    0.00    0.00   94.79
00:34:59       2    0.00    0.00    4.12    0.00    0.00    2.06    0.00    0.00    0.00   93.81
00:34:59       3    0.00    0.00    0.00    0.00    0.00    0.00    0.00    0.00    0.00  100.00

00:34:59     CPU    %usr   %nice    %sys %iowait    %irq   %soft  %steal  %guest  %gnice   %idle
00:35:00     all    0.51    0.00    5.06    0.00    0.00    1.52    0.00    0.00    0.00   92.91
00:35:00       0    0.00    0.00   10.20    0.00    0.00    2.04    0.00    0.00    0.00   87.76
00:35:00       1    1.05    0.00    8.42    0.00    0.00    0.00    0.00    0.00    0.00   90.53
00:35:00       2    0.98    0.00    1.96    0.00    0.00    3.92    0.00    0.00    0.00   93.14
00:35:00       3    0.00    0.00    0.00    0.00    0.00    0.00    0.00    0.00    0.00  100.00

00:35:00     CPU    %usr   %nice    %sys %iowait    %irq   %soft  %steal  %guest  %gnice   %idle
00:35:01     all    1.50    0.00    5.51    0.00    0.00    1.50    0.00    0.00    0.00   91.48
00:35:01       0    1.00    0.00    9.00    0.00    0.00    5.00    0.00    0.00    0.00   85.00
00:35:01       1    1.00    0.00    2.00    0.00    0.00    0.00    0.00    0.00    0.00   97.00
00:35:01       2    0.00    0.00    0.00    0.00    0.00    1.00    0.00    0.00    0.00   99.00
00:35:01       3    4.04    0.00   11.11    0.00    0.00    0.00    0.00    0.00    0.00   84.85

00:35:01     CPU    %usr   %nice    %sys %iowait    %irq   %soft  %steal  %guest  %gnice   %idle
00:35:02     all    0.89    0.00    4.45    0.00    0.00    2.97    0.00    0.00    0.00   91.69
00:35:02       0    0.00    0.00    9.89    0.00    0.00    9.89    0.00    0.00    0.00   80.22
00:35:02       1    1.22    0.00    0.00    0.00    0.00    1.22    0.00    0.00    0.00   97.56
00:35:02       2    1.22    0.00    4.88    0.00    0.00    0.00    0.00    0.00    0.00   93.90
00:35:02       3    1.22    0.00    2.44    0.00    0.00    0.00    0.00    0.00    0.00   96.34

00:35:02     CPU    %usr   %nice    %sys %iowait    %irq   %soft  %steal  %guest  %gnice   %idle
00:35:03     all    5.72    0.00   20.16    0.00    0.00    7.63    0.00    0.00    0.00   66.49
00:35:03       0    3.88    0.00   20.39    0.00    0.00   18.45    0.00    0.00    0.00   57.28
00:35:03       1    4.35    0.00   25.00    0.00    0.00    3.26    0.00    0.00    0.00   67.39
00:35:03       2    7.06    0.00   17.65    0.00    0.00    4.71    0.00    0.00    0.00   70.59
00:35:03       3    8.05    0.00   17.24    0.00    0.00    2.30    0.00    0.00    0.00   72.41

00:35:03     CPU    %usr   %nice    %sys %iowait    %irq   %soft  %steal  %guest  %gnice   %idle
00:35:04     all    1.17    0.00    6.41    0.00    0.00    4.66    0.00    0.00    0.00   87.76
00:35:04       0    1.05    0.00    7.37    0.00    0.00   16.84    0.00    0.00    0.00   74.74
00:35:04       1    1.20    0.00    6.02    0.00    0.00    0.00    0.00    0.00    0.00   92.77
00:35:04       2    1.22    0.00    6.10    0.00    0.00    0.00    0.00    0.00    0.00   92.68
00:35:04       3    1.20    0.00    6.02    0.00    0.00    0.00    0.00    0.00    0.00   92.77

00:35:04     CPU    %usr   %nice    %sys %iowait    %irq   %soft  %steal  %guest  %gnice   %idle
00:35:05     all    7.54    0.00   19.55    0.28    0.00    7.82    0.00    0.00    0.00   64.80
00:35:05       0    8.08    0.00   19.19    0.00    0.00   17.17    0.00    0.00    0.00   55.56
00:35:05       1    7.87    0.00   19.10    0.00    0.00    6.74    0.00    0.00    0.00   66.29
00:35:05       2    7.95    0.00   19.32    1.14    0.00    4.55    0.00    0.00    0.00   67.05
00:35:05       3    6.10    0.00   20.73    0.00    0.00    1.22    0.00    0.00    0.00   71.95

00:35:05     CPU    %usr   %nice    %sys %iowait    %irq   %soft  %steal  %guest  %gnice   %idle
00:35:06     all    9.46    0.00   29.19    0.00    0.00    6.49    0.00    0.00    0.00   54.86
00:35:06       0    9.38    0.00   27.08    0.00    0.00   11.46    0.00    0.00    0.00   52.08
00:35:06       1    7.69    0.00   31.87    0.00    0.00    5.49    0.00    0.00    0.00   54.95
00:35:06       2    8.89    0.00   28.89    0.00    0.00    5.56    0.00    0.00    0.00   56.67
00:35:06       3   11.83    0.00   29.03    0.00    0.00    3.23    0.00    0.00    0.00   55.91

00:35:06     CPU    %usr   %nice    %sys %iowait    %irq   %soft  %steal  %guest  %gnice   %idle
00:35:07     all    7.16    0.00   22.59    0.00    0.00    6.06    0.00    0.00    0.00   64.19
00:35:07       0    5.26    0.00   22.11    0.00    0.00   13.68    0.00    0.00    0.00   58.95
00:35:07       1    6.59    0.00   21.98    0.00    0.00    5.49    0.00    0.00    0.00   65.93
00:35:07       2    9.41    0.00   20.00    0.00    0.00    2.35    0.00    0.00    0.00   68.24
00:35:07       3    7.61    0.00   26.09    0.00    0.00    2.17    0.00    0.00    0.00   64.13

00:35:07     CPU    %usr   %nice    %sys %iowait    %irq   %soft  %steal  %guest  %gnice   %idle
00:35:08     all    1.47    0.00    5.59    0.00    0.00    5.88    0.00    0.00    0.00   87.06
00:35:08       0    0.00    0.00    5.38    0.00    0.00   18.28    0.00    0.00    0.00   76.34
00:35:08       1    2.41    0.00    6.02    0.00    0.00    1.20    0.00    0.00    0.00   90.36
00:35:08       2    1.20    0.00    7.23    0.00    0.00    2.41    0.00    0.00    0.00   89.16
00:35:08       3    2.47    0.00    3.70    0.00    0.00    0.00    0.00    0.00    0.00   93.83

00:35:08     CPU    %usr   %nice    %sys %iowait    %irq   %soft  %steal  %guest  %gnice   %idle
00:35:09     all    1.74    0.00    6.09    0.00    0.00    4.64    0.00    0.00    0.00   87.54
00:35:09       0    0.00    0.00    7.37    0.00    0.00   16.84    0.00    0.00    0.00   75.79
00:35:09       1    2.41    0.00    3.61    0.00    0.00    0.00    0.00    0.00    0.00   93.98
00:35:09       2    2.41    0.00    6.02    0.00    0.00    0.00    0.00    0.00    0.00   91.57
00:35:09       3    2.38    0.00    7.14    0.00    0.00    0.00    0.00    0.00    0.00   90.48

00:35:09     CPU    %usr   %nice    %sys %iowait    %irq   %soft  %steal  %guest  %gnice   %idle
00:35:10     all    3.83    0.00   18.31    0.00    0.00    7.92    0.00    0.00    0.00   69.95
00:35:10       0    4.00    0.00   16.00    0.00    0.00   19.00    0.00    0.00    0.00   61.00
00:35:10       1    3.37    0.00   20.22    0.00    0.00    3.37    0.00    0.00    0.00   73.03
00:35:10       2    4.55    0.00   19.32    0.00    0.00    3.41    0.00    0.00    0.00   72.73
00:35:10       3    3.37    0.00   17.98    0.00    0.00    4.49    0.00    0.00    0.00   74.16

00:35:10     CPU    %usr   %nice    %sys %iowait    %irq   %soft  %steal  %guest  %gnice   %idle
00:35:12     all    8.78    0.00   31.12    0.00    0.00    9.04    0.00    0.00    0.00   51.06
00:35:12       0    4.76    0.00   34.29    0.00    0.00   16.19    0.00    0.00    0.00   44.76
00:35:12       1   10.87    0.00   30.43    0.00    0.00    6.52    0.00    0.00    0.00   52.17
00:35:12       2   10.34    0.00   28.74    0.00    0.00    5.75    0.00    0.00    0.00   55.17
00:35:12       3    9.78    0.00   30.43    0.00    0.00    6.52    0.00    0.00    0.00   53.26

00:35:12     CPU    %usr   %nice    %sys %iowait    %irq   %soft  %steal  %guest  %gnice   %idle
00:35:13     all    8.31    0.00   28.95    0.00    0.00    9.92    0.00    0.00    0.00   52.82
00:35:13       0    6.93    0.00   27.72    0.00    0.00   17.82    0.00    0.00    0.00   47.52
00:35:13       1    7.78    0.00   28.89    0.00    0.00    8.89    0.00    0.00    0.00   54.44
00:35:13       2    8.89    0.00   28.89    0.00    0.00    5.56    0.00    0.00    0.00   56.67
00:35:13       3    9.78    0.00   30.43    0.00    0.00    6.52    0.00    0.00    0.00   53.26

00:35:13     CPU    %usr   %nice    %sys %iowait    %irq   %soft  %steal  %guest  %gnice   %idle
00:35:14     all    2.32    0.00   15.98    0.00    0.00    7.22    0.00    0.00    0.00   74.48
00:35:14       0    1.90    0.00   19.05    0.00    0.00   15.24    0.00    0.00    0.00   63.81
00:35:14       1    3.09    0.00   14.43    0.00    0.00    6.19    0.00    0.00    0.00   76.29
00:35:14       2    2.22    0.00   12.22    0.00    0.00    4.44    0.00    0.00    0.00   81.11
00:35:14       3    2.08    0.00   17.71    0.00    0.00    2.08    0.00    0.00    0.00   78.12

00:35:14     CPU    %usr   %nice    %sys %iowait    %irq   %soft  %steal  %guest  %gnice   %idle
00:35:15     all    4.41    0.00   16.18    0.00    0.00    7.35    0.00    0.00    0.00   72.06
00:35:15       0    1.85    0.00   19.44    0.00    0.00   14.81    0.00    0.00    0.00   63.89
00:35:15       1    5.05    0.00   13.13    0.00    0.00    6.06    0.00    0.00    0.00   75.76
00:35:15       2    5.94    0.00   15.84    0.00    0.00    3.96    0.00    0.00    0.00   74.26
00:35:15       3    5.00    0.00   16.00    0.00    0.00    4.00    0.00    0.00    0.00   75.00

00:35:15     CPU    %usr   %nice    %sys %iowait    %irq   %soft  %steal  %guest  %gnice   %idle
00:35:16     all    5.77    0.00   21.88    0.24    0.00    6.01    0.00    0.00    0.00   66.11
00:35:16       0    3.74    0.00   21.50    0.00    0.00   10.28    0.00    0.00    0.00   64.49
00:35:16       1    5.88    0.00   21.57    0.98    0.00    3.92    0.00    0.00    0.00   67.65
00:35:16       2    5.83    0.00   25.24    0.00    0.00    3.88    0.00    0.00    0.00   65.05
00:35:16       3    7.69    0.00   19.23    0.00    0.00    5.77    0.00    0.00    0.00   67.31

00:35:16     CPU    %usr   %nice    %sys %iowait    %irq   %soft  %steal  %guest  %gnice   %idle
00:35:17     all    9.59    0.00   31.61    0.00    0.00    7.77    0.00    0.00    0.00   51.04
00:35:17       0    6.93    0.00   33.66    0.00    0.00   12.87    0.00    0.00    0.00   46.53
00:35:17       1    8.33    0.00   32.29    0.00    0.00    7.29    0.00    0.00    0.00   52.08
00:35:17       2   11.11    0.00   28.89    0.00    0.00    4.44    0.00    0.00    0.00   55.56
00:35:17       3   12.12    0.00   31.31    0.00    0.00    6.06    0.00    0.00    0.00   50.51

00:35:17     CPU    %usr   %nice    %sys %iowait    %irq   %soft  %steal  %guest  %gnice   %idle
00:35:18     all    8.29    0.00   26.38    0.00    0.00    7.79    0.00    0.00    0.00   57.54
00:35:18       0    5.71    0.00   23.81    0.00    0.00   17.14    0.00    0.00    0.00   53.33
00:35:18       1    9.71    0.00   29.13    0.00    0.00    4.85    0.00    0.00    0.00   56.31
00:35:18       2    9.57    0.00   25.53    0.00    0.00    4.26    0.00    0.00    0.00   60.64
00:35:18       3    8.33    0.00   27.08    0.00    0.00    4.17    0.00    0.00    0.00   60.42

00:35:18     CPU    %usr   %nice    %sys %iowait    %irq   %soft  %steal  %guest  %gnice   %idle
00:35:19     all    7.33    0.00   20.89    0.00    0.00    7.56    0.00    0.00    0.00   64.22
00:35:19       0    7.50    0.00   18.33    0.00    0.00   17.50    0.00    0.00    0.00   56.67
00:35:19       1    7.34    0.00   22.02    0.00    0.00    2.75    0.00    0.00    0.00   67.89
00:35:19       2    5.45    0.00   23.64    0.00    0.00    4.55    0.00    0.00    0.00   66.36
00:35:19       3    9.01    0.00   19.82    0.00    0.00    4.50    0.00    0.00    0.00   66.67

00:35:19     CPU    %usr   %nice    %sys %iowait    %irq   %soft  %steal  %guest  %gnice   %idle
00:35:20     all    6.70    0.00   26.29    0.00    0.00    8.76    0.00    0.00    0.00   58.25
00:35:20       0    5.71    0.00   26.67    0.00    0.00   16.19    0.00    0.00    0.00   51.43
00:35:20       1   10.10    0.00   26.26    0.00    0.00    6.06    0.00    0.00    0.00   57.58
00:35:20       2    5.38    0.00   26.88    0.00    0.00    6.45    0.00    0.00    0.00   61.29
00:35:20       3    5.49    0.00   25.27    0.00    0.00    5.49    0.00    0.00    0.00   63.74

00:35:20     CPU    %usr   %nice    %sys %iowait    %irq   %soft  %steal  %guest  %gnice   %idle
00:35:21     all   10.16    0.00   26.74    0.00    0.00    9.63    0.00    0.00    0.00   53.48
00:35:21       0    5.71    0.00   26.67    0.00    0.00   21.90    0.00    0.00    0.00   45.71
00:35:21       1   11.36    0.00   26.14    0.00    0.00    5.68    0.00    0.00    0.00   56.82
00:35:21       2   13.04    0.00   28.26    0.00    0.00    4.35    0.00    0.00    0.00   54.35
00:35:21       3   11.24    0.00   25.84    0.00    0.00    4.49    0.00    0.00    0.00   58.43

00:35:21     CPU    %usr   %nice    %sys %iowait    %irq   %soft  %steal  %guest  %gnice   %idle
00:35:22     all   11.11    0.00   29.80    0.00    0.00    8.33    0.00    0.00    0.00   50.76
00:35:22       0    9.09    0.00   28.18    0.00    0.00   17.27    0.00    0.00    0.00   45.45
00:35:22       1   16.67    0.00   28.12    0.00    0.00    2.08    0.00    0.00    0.00   53.12
00:35:22       2    9.18    0.00   34.69    0.00    0.00    6.12    0.00    0.00    0.00   50.00
00:35:22       3    9.78    0.00   28.26    0.00    0.00    6.52    0.00    0.00    0.00   55.43

00:35:22     CPU    %usr   %nice    %sys %iowait    %irq   %soft  %steal  %guest  %gnice   %idle
00:35:23     all   10.07    0.00   27.52    0.00    0.00    6.88    0.00    0.00    0.00   55.53
00:35:23       0    9.43    0.00   27.36    0.00    0.00   12.26    0.00    0.00    0.00   50.94
00:35:23       1   11.22    0.00   26.53    0.00    0.00    3.06    0.00    0.00    0.00   59.18
00:35:23       2   11.76    0.00   26.47    0.00    0.00    6.86    0.00    0.00    0.00   54.90
00:35:23       3    7.92    0.00   29.70    0.00    0.00    4.95    0.00    0.00    0.00   57.43

00:35:23     CPU    %usr   %nice    %sys %iowait    %irq   %soft  %steal  %guest  %gnice   %idle
00:35:24     all    8.20    0.00   25.82    0.00    0.00    5.33    0.00    0.00    0.00   60.66
00:35:24       0    6.50    0.00   27.64    0.00    0.00    8.94    0.00    0.00    0.00   56.91
00:35:24       1    9.92    0.00   22.31    0.00    0.00    4.96    0.00    0.00    0.00   62.81
00:35:24       2   10.00    0.00   24.17    0.00    0.00    4.17    0.00    0.00    0.00   61.67
00:35:24       3    6.45    0.00   29.03    0.00    0.00    3.23    0.00    0.00    0.00   61.29

00:35:24     CPU    %usr   %nice    %sys %iowait    %irq   %soft  %steal  %guest  %gnice   %idle
00:35:25     all    6.25    0.00   27.68    0.00    0.00    6.47    0.00    0.00    0.00   59.60
00:35:25       0    3.39    0.00   30.51    0.00    0.00   11.86    0.00    0.00    0.00   54.24
00:35:25       1    7.48    0.00   24.30    0.00    0.00    4.67    0.00    0.00    0.00   63.55
00:35:25       2    6.54    0.00   27.10    0.00    0.00    3.74    0.00    0.00    0.00   62.62
00:35:25       3    7.76    0.00   28.45    0.00    0.00    5.17    0.00    0.00    0.00   58.62

00:35:25     CPU    %usr   %nice    %sys %iowait    %irq   %soft  %steal  %guest  %gnice   %idle
00:35:26     all   11.59    0.00   34.26    0.00    0.00    9.57    0.00    0.00    0.00   44.58
00:35:26       0    9.17    0.00   30.28    0.00    0.00   20.18    0.00    0.00    0.00   40.37
00:35:26       1    9.38    0.00   36.46    0.00    0.00    8.33    0.00    0.00    0.00   45.83
00:35:26       2   12.24    0.00   39.80    0.00    0.00    2.04    0.00    0.00    0.00   45.92
00:35:26       3   15.96    0.00   30.85    0.00    0.00    6.38    0.00    0.00    0.00   46.81

00:35:26     CPU    %usr   %nice    %sys %iowait    %irq   %soft  %steal  %guest  %gnice   %idle
00:35:27     all   12.10    0.00   35.56    0.00    0.00    9.38    0.00    0.00    0.00   42.96
00:35:27       0   10.78    0.00   28.43    0.00    0.00   18.63    0.00    0.00    0.00   42.16
00:35:27       1   14.42    0.00   38.46    0.00    0.00    5.77    0.00    0.00    0.00   41.35
00:35:27       2   12.00    0.00   39.00    0.00    0.00    5.00    0.00    0.00    0.00   44.00
00:35:27       3   11.11    0.00   36.36    0.00    0.00    8.08    0.00    0.00    0.00   44.44

00:35:27     CPU    %usr   %nice    %sys %iowait    %irq   %soft  %steal  %guest  %gnice   %idle
00:35:28     all   13.13    0.00   29.49    0.00    0.00    7.14    0.00    0.00    0.00   50.23
00:35:28       0   11.40    0.00   26.32    0.00    0.00   14.91    0.00    0.00    0.00   47.37
00:35:28       1   12.26    0.00   30.19    0.00    0.00    5.66    0.00    0.00    0.00   51.89
00:35:28       2   15.38    0.00   28.85    0.00    0.00    2.88    0.00    0.00    0.00   52.88
00:35:28       3   13.64    0.00   32.73    0.00    0.00    4.55    0.00    0.00    0.00   49.09

00:35:28     CPU    %usr   %nice    %sys %iowait    %irq   %soft  %steal  %guest  %gnice   %idle
00:35:29     all   10.63    0.00   27.81    0.00    0.00    6.13    0.00    0.00    0.00   55.42
00:35:29       0   11.02    0.00   27.56    0.00    0.00   11.02    0.00    0.00    0.00   50.39
00:35:29       1    9.76    0.00   27.64    0.00    0.00    6.50    0.00    0.00    0.00   56.10
00:35:29       2    9.17    0.00   30.83    0.00    0.00    3.33    0.00    0.00    0.00   56.67
00:35:29       3   12.61    0.00   25.21    0.00    0.00    3.36    0.00    0.00    0.00   58.82

00:35:29     CPU    %usr   %nice    %sys %iowait    %irq   %soft  %steal  %guest  %gnice   %idle
00:35:30     all   10.67    0.00   26.28    0.00    0.00    5.53    0.00    0.00    0.00   57.51
00:35:30       0   11.54    0.00   26.15    0.00    0.00    9.23    0.00    0.00    0.00   53.08
00:35:30       1   10.40    0.00   25.60    0.00    0.00    4.00    0.00    0.00    0.00   60.00
00:35:30       2   10.83    0.00   24.17    0.00    0.00    4.17    0.00    0.00    0.00   60.83
00:35:30       3    9.92    0.00   29.01    0.00    0.00    4.58    0.00    0.00    0.00   56.49

00:35:30     CPU    %usr   %nice    %sys %iowait    %irq   %soft  %steal  %guest  %gnice   %idle
00:35:31     all    9.52    0.00   30.74    0.00    0.00    7.14    0.00    0.00    0.00   52.60
00:35:31       0    9.09    0.00   29.75    0.00    0.00   11.57    0.00    0.00    0.00   49.59
00:35:31       1   11.02    0.00   34.75    0.00    0.00    3.39    0.00    0.00    0.00   50.85
00:35:31       2   10.62    0.00   30.09    0.00    0.00    6.19    0.00    0.00    0.00   53.10
00:35:31       3    7.27    0.00   28.18    0.00    0.00    7.27    0.00    0.00    0.00   57.27

00:35:31     CPU    %usr   %nice    %sys %iowait    %irq   %soft  %steal  %guest  %gnice   %idle
00:35:32     all    9.05    0.00   28.21    0.00    0.00    5.47    0.00    0.00    0.00   57.26
00:35:32       0   10.32    0.00   26.98    0.00    0.00   11.90    0.00    0.00    0.00   50.79
00:35:32       1    8.04    0.00   26.79    0.00    0.00    2.68    0.00    0.00    0.00   62.50
00:35:32       2    8.55    0.00   29.91    0.00    0.00    3.42    0.00    0.00    0.00   58.12
00:35:32       3    9.17    0.00   29.17    0.00    0.00    3.33    0.00    0.00    0.00   58.33

00:35:32     CPU    %usr   %nice    %sys %iowait    %irq   %soft  %steal  %guest  %gnice   %idle
00:35:33     all    9.13    0.00   25.73    0.00    0.00    5.60    0.00    0.00    0.00   59.54
00:35:33       0    6.62    0.00   30.88    0.00    0.00   12.50    0.00    0.00    0.00   50.00
00:35:33       1   11.50    0.00   18.58    0.00    0.00    4.42    0.00    0.00    0.00   65.49
00:35:33       2    7.96    0.00   27.43    0.00    0.00    1.77    0.00    0.00    0.00   62.83
00:35:33       3   10.83    0.00   25.00    0.00    0.00    2.50    0.00    0.00    0.00   61.67

00:35:33     CPU    %usr   %nice    %sys %iowait    %irq   %soft  %steal  %guest  %gnice   %idle
00:35:34     all    6.75    0.00   23.75    0.00    0.00    4.79    0.00    0.00    0.00   64.71
00:35:34       0    6.03    0.00   24.14    0.00    0.00    9.48    0.00    0.00    0.00   60.34
00:35:34       1    6.09    0.00   24.35    0.00    0.00    3.48    0.00    0.00    0.00   66.09
00:35:34       2    6.09    0.00   24.35    0.00    0.00    3.48    0.00    0.00    0.00   66.09
00:35:34       3    8.85    0.00   22.12    0.00    0.00    2.65    0.00    0.00    0.00   66.37

00:35:34     CPU    %usr   %nice    %sys %iowait    %irq   %soft  %steal  %guest  %gnice   %idle
00:35:35     all   15.62    0.00   35.10    0.00    0.00    9.62    0.00    0.00    0.00   39.66
00:35:35       0   18.26    0.00   29.57    0.00    0.00   16.52    0.00    0.00    0.00   35.65
00:35:35       1   17.31    0.00   36.54    0.00    0.00    6.73    0.00    0.00    0.00   39.42
00:35:35       2   12.63    0.00   37.89    0.00    0.00    6.32    0.00    0.00    0.00   43.16
00:35:35       3   13.73    0.00   37.25    0.00    0.00    7.84    0.00    0.00    0.00   41.18

00:35:35     CPU    %usr   %nice    %sys %iowait    %irq   %soft  %steal  %guest  %gnice   %idle
00:35:36     all   11.36    0.00   36.05    0.00    0.00   10.62    0.00    0.00    0.00   41.98
00:35:36       0   12.84    0.00   26.61    0.00    0.00   22.02    0.00    0.00    0.00   38.53
00:35:36       1   12.37    0.00   38.14    0.00    0.00    6.19    0.00    0.00    0.00   43.30
00:35:36       2   11.22    0.00   37.76    0.00    0.00    7.14    0.00    0.00    0.00   43.88
00:35:36       3    8.91    0.00   42.57    0.00    0.00    5.94    0.00    0.00    0.00   42.57

00:35:36     CPU    %usr   %nice    %sys %iowait    %irq   %soft  %steal  %guest  %gnice   %idle
00:35:37     all    9.98    0.00   34.47    0.00    0.00    7.71    0.00    0.00    0.00   47.85
00:35:37       0    8.62    0.00   30.17    0.00    0.00   16.38    0.00    0.00    0.00   44.83
00:35:37       1    8.57    0.00   37.14    0.00    0.00    3.81    0.00    0.00    0.00   50.48
00:35:37       2   12.50    0.00   34.82    0.00    0.00    6.25    0.00    0.00    0.00   46.43
00:35:37       3   10.19    0.00   36.11    0.00    0.00    3.70    0.00    0.00    0.00   50.00

00:35:37     CPU    %usr   %nice    %sys %iowait    %irq   %soft  %steal  %guest  %gnice   %idle
00:35:38     all    5.65    0.00   18.35    0.00    0.00    6.82    0.00    0.00    0.00   69.18
00:35:38       0    3.51    0.00   21.05    0.00    0.00   14.04    0.00    0.00    0.00   61.40
00:35:38       1    5.94    0.00   13.86    0.00    0.00    4.95    0.00    0.00    0.00   75.25
00:35:38       2    4.81    0.00   21.15    0.00    0.00    3.85    0.00    0.00    0.00   70.19
00:35:38       3    8.49    0.00   16.98    0.00    0.00    3.77    0.00    0.00    0.00   70.75

00:35:38     CPU    %usr   %nice    %sys %iowait    %irq   %soft  %steal  %guest  %gnice   %idle
00:35:39     all    8.29    0.00   29.38    0.00    0.00    7.35    0.00    0.00    0.00   54.98
00:35:39       0    6.31    0.00   27.93    0.00    0.00   17.12    0.00    0.00    0.00   48.65
00:35:39       1   10.28    0.00   28.97    0.00    0.00    4.67    0.00    0.00    0.00   56.07
00:35:39       2    7.07    0.00   30.30    0.00    0.00    3.03    0.00    0.00    0.00   59.60
00:35:39       3    9.52    0.00   30.48    0.00    0.00    3.81    0.00    0.00    0.00   56.19

00:35:39     CPU    %usr   %nice    %sys %iowait    %irq   %soft  %steal  %guest  %gnice   %idle
00:35:40     all    6.22    0.00   14.18    0.00    0.00    4.73    0.00    0.00    0.00   74.88
00:35:40       0    5.41    0.00   18.92    0.00    0.00   11.71    0.00    0.00    0.00   63.96
00:35:40       1    5.21    0.00   11.46    0.00    0.00    2.08    0.00    0.00    0.00   81.25
00:35:40       2    6.32    0.00   12.63    0.00    0.00    2.11    0.00    0.00    0.00   78.95
00:35:40       3    8.00    0.00   13.00    0.00    0.00    2.00    0.00    0.00    0.00   77.00

00:35:40     CPU    %usr   %nice    %sys %iowait    %irq   %soft  %steal  %guest  %gnice   %idle
00:35:41     all   10.44    0.00   27.91    0.00    0.00    8.98    0.00    0.00    0.00   52.67
00:35:41       0    7.21    0.00   27.93    0.00    0.00   18.92    0.00    0.00    0.00   45.95
00:35:41       1   11.11    0.00   27.27    0.00    0.00    6.06    0.00    0.00    0.00   55.56
00:35:41       2   12.24    0.00   26.53    0.00    0.00    4.08    0.00    0.00    0.00   57.14
00:35:41       3   11.54    0.00   29.81    0.00    0.00    5.77    0.00    0.00    0.00   52.88

00:35:41     CPU    %usr   %nice    %sys %iowait    %irq   %soft  %steal  %guest  %gnice   %idle
00:35:42     all    7.02    0.00   20.80    0.00    0.00    5.26    0.00    0.00    0.00   66.92
00:35:42       0    4.72    0.00   21.70    0.00    0.00   13.21    0.00    0.00    0.00   60.38
00:35:42       1    8.16    0.00   19.39    0.00    0.00    3.06    0.00    0.00    0.00   69.39
00:35:42       2    7.14    0.00   22.45    0.00    0.00    2.04    0.00    0.00    0.00   68.37
00:35:42       3    8.25    0.00   19.59    0.00    0.00    2.06    0.00    0.00    0.00   70.10

00:35:42     CPU    %usr   %nice    %sys %iowait    %irq   %soft  %steal  %guest  %gnice   %idle
00:35:43     all    7.77    0.00   22.56    0.00    0.00    6.77    0.00    0.00    0.00   62.91
00:35:43       0    7.27    0.00   21.82    0.00    0.00   16.36    0.00    0.00    0.00   54.55
00:35:43       1    7.45    0.00   21.28    0.00    0.00    3.19    0.00    0.00    0.00   68.09
00:35:43       2    8.16    0.00   25.51    0.00    0.00    3.06    0.00    0.00    0.00   63.27
00:35:43       3    8.25    0.00   21.65    0.00    0.00    3.09    0.00    0.00    0.00   67.01

00:35:43     CPU    %usr   %nice    %sys %iowait    %irq   %soft  %steal  %guest  %gnice   %idle
00:35:44     all   13.02    0.00   32.19    0.00    0.00    7.86    0.00    0.00    0.00   46.93
00:35:44       0   11.01    0.00   30.28    0.00    0.00   15.60    0.00    0.00    0.00   43.12
00:35:44       1   16.33    0.00   29.59    0.00    0.00    6.12    0.00    0.00    0.00   47.96
00:35:44       2   14.14    0.00   35.35    0.00    0.00    3.03    0.00    0.00    0.00   47.47
00:35:44       3   10.89    0.00   33.66    0.00    0.00    5.94    0.00    0.00    0.00   49.50

00:35:44     CPU    %usr   %nice    %sys %iowait    %irq   %soft  %steal  %guest  %gnice   %idle
00:35:45     all   10.73    0.00   31.41    0.00    0.00    7.85    0.00    0.00    0.00   50.00
00:35:45       0    7.62    0.00   31.43    0.00    0.00   16.19    0.00    0.00    0.00   44.76
00:35:45       1   12.37    0.00   32.99    0.00    0.00    4.12    0.00    0.00    0.00   50.52
00:35:45       2   11.36    0.00   29.55    0.00    0.00    5.68    0.00    0.00    0.00   53.41
00:35:45       3   11.96    0.00   31.52    0.00    0.00    4.35    0.00    0.00    0.00   52.17

00:35:45     CPU    %usr   %nice    %sys %iowait    %irq   %soft  %steal  %guest  %gnice   %idle
00:35:46     all    7.89    0.00   30.26    0.00    0.00   10.53    0.00    0.00    0.00   51.32
00:35:46       0    4.76    0.00   28.57    0.00    0.00   20.95    0.00    0.00    0.00   45.71
00:35:46       1   12.77    0.00   28.72    0.00    0.00    7.45    0.00    0.00    0.00   51.06
00:35:46       2    8.70    0.00   32.61    0.00    0.00    4.35    0.00    0.00    0.00   54.35
00:35:46       3    5.62    0.00   31.46    0.00    0.00    7.87    0.00    0.00    0.00   55.06

00:35:46     CPU    %usr   %nice    %sys %iowait    %irq   %soft  %steal  %guest  %gnice   %idle
00:35:47     all    4.44    0.00   19.72    0.00    0.00    6.67    0.00    0.00    0.00   69.17
00:35:47       0    4.08    0.00   19.39    0.00    0.00   16.33    0.00    0.00    0.00   60.20
00:35:47       1    3.37    0.00   22.47    0.00    0.00    2.25    0.00    0.00    0.00   71.91
00:35:47       2    5.62    0.00   21.35    0.00    0.00    2.25    0.00    0.00    0.00   70.79
00:35:47       3    4.76    0.00   15.48    0.00    0.00    4.76    0.00    0.00    0.00   75.00

00:35:47     CPU    %usr   %nice    %sys %iowait    %irq   %soft  %steal  %guest  %gnice   %idle
00:35:48     all    3.99    0.00   13.11    0.00    0.00    6.84    0.00    0.00    0.00   76.07
00:35:48       0    1.98    0.00   14.85    0.00    0.00   19.80    0.00    0.00    0.00   63.37
00:35:48       1    6.10    0.00    9.76    0.00    0.00    1.22    0.00    0.00    0.00   82.93
00:35:48       2    3.53    0.00   15.29    0.00    0.00    2.35    0.00    0.00    0.00   78.82
00:35:48       3    4.82    0.00   12.05    0.00    0.00    1.20    0.00    0.00    0.00   81.93

00:35:48     CPU    %usr   %nice    %sys %iowait    %irq   %soft  %steal  %guest  %gnice   %idle
00:35:49     all    1.71    0.00   10.26    0.00    0.00    4.27    0.00    0.00    0.00   83.76
00:35:49       0    1.02    0.00   14.29    0.00    0.00   14.29    0.00    0.00    0.00   70.41
00:35:49       1    0.00    0.00    7.32    0.00    0.00    1.22    0.00    0.00    0.00   91.46
00:35:49       2    1.19    0.00   10.71    0.00    0.00    0.00    0.00    0.00    0.00   88.10
00:35:49       3    4.60    0.00    8.05    0.00    0.00    0.00    0.00    0.00    0.00   87.36

00:35:49     CPU    %usr   %nice    %sys %iowait    %irq   %soft  %steal  %guest  %gnice   %idle
00:35:50     all    4.46    0.00   18.11    0.00    0.00   10.31    0.00    0.00    0.00   67.13
00:35:50       0    1.96    0.00   15.69    0.00    0.00   24.51    0.00    0.00    0.00   57.84
00:35:50       1    5.81    0.00   17.44    0.00    0.00    3.49    0.00    0.00    0.00   73.26
00:35:50       2    2.35    0.00   22.35    0.00    0.00    5.88    0.00    0.00    0.00   69.41
00:35:50       3    8.14    0.00   17.44    0.00    0.00    4.65    0.00    0.00    0.00   69.77

00:35:50     CPU    %usr   %nice    %sys %iowait    %irq   %soft  %steal  %guest  %gnice   %idle
00:35:51     all    8.92    0.00   25.95    0.00    0.00   10.27    0.00    0.00    0.00   54.86
00:35:51       0   10.00    0.00   21.82    0.00    0.00   22.73    0.00    0.00    0.00   45.45
00:35:51       1    6.98    0.00   26.74    0.00    0.00    6.98    0.00    0.00    0.00   59.30
00:35:51       2    7.87    0.00   30.34    0.00    0.00    4.49    0.00    0.00    0.00   57.30
00:35:51       3   10.59    0.00   25.88    0.00    0.00    3.53    0.00    0.00    0.00   60.00

00:35:51     CPU    %usr   %nice    %sys %iowait    %irq   %soft  %steal  %guest  %gnice   %idle
00:35:52     all    8.13    0.00   26.02    0.00    0.00    7.86    0.00    0.00    0.00   57.99
00:35:52       0    8.91    0.00   23.76    0.00    0.00   15.84    0.00    0.00    0.00   51.49
00:35:52       1    4.65    0.00   29.07    0.00    0.00    4.65    0.00    0.00    0.00   61.63
00:35:52       2    6.74    0.00   26.97    0.00    0.00    5.62    0.00    0.00    0.00   60.67
00:35:52       3   11.83    0.00   24.73    0.00    0.00    4.30    0.00    0.00    0.00   59.14

00:35:52     CPU    %usr   %nice    %sys %iowait    %irq   %soft  %steal  %guest  %gnice   %idle
00:35:53     all    6.89    0.00   19.28    0.00    0.00    8.82    0.00    0.00    0.00   65.01
00:35:53       0    4.00    0.00   18.00    0.00    0.00   23.00    0.00    0.00    0.00   55.00
00:35:53       1    8.99    0.00   19.10    0.00    0.00    3.37    0.00    0.00    0.00   68.54
00:35:53       2    6.98    0.00   20.93    0.00    0.00    2.33    0.00    0.00    0.00   69.77
00:35:53       3    7.95    0.00   19.32    0.00    0.00    4.55    0.00    0.00    0.00   68.18

00:35:53     CPU    %usr   %nice    %sys %iowait    %irq   %soft  %steal  %guest  %gnice   %idle
00:35:54     all    5.92    0.00   16.34    0.28    0.00    7.04    0.00    0.00    0.00   70.42
00:35:54       0    4.00    0.00   16.00    0.00    0.00   17.00    0.00    0.00    0.00   63.00
00:35:54       1    6.17    0.00   13.58    0.00    0.00    4.94    0.00    0.00    0.00   75.31
00:35:54       2    8.89    0.00   16.67    1.11    0.00    2.22    0.00    0.00    0.00   71.11
00:35:54       3    4.76    0.00   19.05    0.00    0.00    2.38    0.00    0.00    0.00   73.81

00:35:54     CPU    %usr   %nice    %sys %iowait    %irq   %soft  %steal  %guest  %gnice   %idle
00:35:55     all    9.60    0.00   27.47    0.00    0.00    9.07    0.00    0.00    0.00   53.87
00:35:55       0    7.55    0.00   28.30    0.00    0.00   17.92    0.00    0.00    0.00   46.23
00:35:55       1    7.14    0.00   26.19    0.00    0.00    5.95    0.00    0.00    0.00   60.71
00:35:55       2   10.64    0.00   29.79    0.00    0.00    5.32    0.00    0.00    0.00   54.26
00:35:55       3   13.19    0.00   25.27    0.00    0.00    5.49    0.00    0.00    0.00   56.04

00:35:55     CPU    %usr   %nice    %sys %iowait    %irq   %soft  %steal  %guest  %gnice   %idle
00:35:56     all    5.15    0.00   24.12    0.00    0.00    7.32    0.00    0.00    0.00   63.41
00:35:56       0    4.95    0.00   19.80    0.00    0.00   18.81    0.00    0.00    0.00   56.44
00:35:56       1    6.52    0.00   26.09    0.00    0.00    3.26    0.00    0.00    0.00   64.13
00:35:56       2    4.55    0.00   27.27    0.00    0.00    2.27    0.00    0.00    0.00   65.91
00:35:56       3    4.55    0.00   23.86    0.00    0.00    3.41    0.00    0.00    0.00   68.18

00:35:56     CPU    %usr   %nice    %sys %iowait    %irq   %soft  %steal  %guest  %gnice   %idle
00:35:57     all    4.19    0.00   17.04    0.00    0.00    5.31    0.00    0.00    0.00   73.46
00:35:57       0    3.03    0.00   18.18    0.00    0.00   15.15    0.00    0.00    0.00   63.64
00:35:57       1    2.33    0.00   16.28    0.00    0.00    2.33    0.00    0.00    0.00   79.07
00:35:57       2    5.95    0.00   15.48    0.00    0.00    1.19    0.00    0.00    0.00   77.38
00:35:57       3    5.62    0.00   17.98    0.00    0.00    1.12    0.00    0.00    0.00   75.28

00:35:57     CPU    %usr   %nice    %sys %iowait    %irq   %soft  %steal  %guest  %gnice   %idle
00:35:58     all   10.60    0.00   30.16    0.00    0.00    6.79    0.00    0.00    0.00   52.45
00:35:58       0    8.00    0.00   31.00    0.00    0.00   14.00    0.00    0.00    0.00   47.00
00:35:58       1   11.90    0.00   27.38    0.00    0.00    3.57    0.00    0.00    0.00   57.14
00:35:58       2   10.11    0.00   29.21    0.00    0.00    5.62    0.00    0.00    0.00   55.06
00:35:58       3   12.63    0.00   32.63    0.00    0.00    3.16    0.00    0.00    0.00   51.58

00:35:58     CPU    %usr   %nice    %sys %iowait    %irq   %soft  %steal  %guest  %gnice   %idle
00:35:59     all    6.93    0.00   21.61    0.00    0.00    6.93    0.00    0.00    0.00   64.54
00:35:59       0    5.21    0.00   18.75    0.00    0.00   17.71    0.00    0.00    0.00   58.33
00:35:59       1    9.09    0.00   20.45    0.00    0.00    2.27    0.00    0.00    0.00   68.18
00:35:59       2    5.81    0.00   24.42    0.00    0.00    3.49    0.00    0.00    0.00   66.28
00:35:59       3    7.69    0.00   23.08    0.00    0.00    3.30    0.00    0.00    0.00   65.93

00:35:59     CPU    %usr   %nice    %sys %iowait    %irq   %soft  %steal  %guest  %gnice   %idle
00:36:00     all    6.13    0.00   20.89    0.00    0.00    6.96    0.00    0.00    0.00   66.02
00:36:00       0    5.00    0.00   20.00    0.00    0.00   19.00    0.00    0.00    0.00   56.00
00:36:00       1    4.60    0.00   25.29    0.00    0.00    1.15    0.00    0.00    0.00   68.97
00:36:00       2    7.23    0.00   16.87    0.00    0.00    2.41    0.00    0.00    0.00   73.49
00:36:00       3    7.87    0.00   21.35    0.00    0.00    3.37    0.00    0.00    0.00   67.42

00:36:00     CPU    %usr   %nice    %sys %iowait    %irq   %soft  %steal  %guest  %gnice   %idle
00:36:01     all    2.83    0.00   15.30    0.00    0.00    3.68    0.00    0.00    0.00   78.19
00:36:01       0    2.17    0.00   16.30    0.00    0.00    9.78    0.00    0.00    0.00   71.74
00:36:01       1    1.19    0.00   14.29    0.00    0.00    0.00    0.00    0.00    0.00   84.52
00:36:01       2    4.55    0.00   15.91    0.00    0.00    2.27    0.00    0.00    0.00   77.27
00:36:01       3    3.37    0.00   14.61    0.00    0.00    2.25    0.00    0.00    0.00   79.78

00:36:01     CPU    %usr   %nice    %sys %iowait    %irq   %soft  %steal  %guest  %gnice   %idle
00:36:02     all    4.55    0.00   17.33    0.00    0.00    7.10    0.00    0.00    0.00   71.02
00:36:02       0    3.19    0.00   15.96    0.00    0.00   17.02    0.00    0.00    0.00   63.83
00:36:02       1    5.43    0.00   19.57    0.00    0.00    5.43    0.00    0.00    0.00   69.57
00:36:02       2    5.00    0.00   15.00    0.00    0.00    2.50    0.00    0.00    0.00   77.50
00:36:02       3    4.65    0.00   18.60    0.00    0.00    2.33    0.00    0.00    0.00   74.42
