Linux 6.6.87.2-microsoft-standard-WSL2 (Udeepa-ASUS) 	04/16/26 	_x86_64_	(4 CPU)

00:15:58     CPU    %usr   %nice    %sys %iowait    %irq   %soft  %steal  %guest  %gnice   %idle
00:15:59     all   15.02    0.00   11.58    0.00    0.00    6.40    0.00    0.00    0.00   67.00
00:15:59       0   16.19    0.00   10.48    0.00    0.00    9.52    0.00    0.00    0.00   63.81
00:15:59       1   12.00    0.00   12.00    0.00    0.00    6.00    0.00    0.00    0.00   70.00
00:15:59       2   14.85    0.00   13.86    0.00    0.00    3.96    0.00    0.00    0.00   67.33
00:15:59       3   17.00    0.00   10.00    0.00    0.00    6.00    0.00    0.00    0.00   67.00

00:15:59     CPU    %usr   %nice    %sys %iowait    %irq   %soft  %steal  %guest  %gnice   %idle
00:16:00     all   16.67    0.00   10.20    0.00    0.00    6.47    0.00    0.00    0.00   66.67
00:16:00       0   17.17    0.00    9.09    0.00    0.00    7.07    0.00    0.00    0.00   66.67
00:16:00       1   18.00    0.00    9.00    0.00    0.00    5.00    0.00    0.00    0.00   68.00
00:16:00       2   16.67    0.00   11.76    0.00    0.00    5.88    0.00    0.00    0.00   65.69
00:16:00       3   14.85    0.00   10.89    0.00    0.00    7.92    0.00    0.00    0.00   66.34

00:16:00     CPU    %usr   %nice    %sys %iowait    %irq   %soft  %steal  %guest  %gnice   %idle
00:16:01     all   16.75    0.00   10.25    0.00    0.00    5.50    0.00    0.00    0.00   67.50
00:16:01       0   18.00    0.00   11.00    0.00    0.00    5.00    0.00    0.00    0.00   66.00
00:16:01       1   16.00    0.00    9.00    0.00    0.00    5.00    0.00    0.00    0.00   70.00
00:16:01       2   14.85    0.00   11.88    0.00    0.00    5.94    0.00    0.00    0.00   67.33
00:16:01       3   18.18    0.00    9.09    0.00    0.00    6.06    0.00    0.00    0.00   66.67

00:16:01     CPU    %usr   %nice    %sys %iowait    %irq   %soft  %steal  %guest  %gnice   %idle
00:16:02     all   18.45    0.00   17.65    0.27    0.00    8.02    0.00    0.00    0.00   55.61
00:16:02       0   20.00    0.00   17.89    0.00    0.00    9.47    0.00    0.00    0.00   52.63
00:16:02       1   17.20    0.00   16.13    0.00    0.00    9.68    0.00    0.00    0.00   56.99
00:16:02       2   17.02    0.00   17.02    1.06    0.00    8.51    0.00    0.00    0.00   56.38
00:16:02       3   19.57    0.00   19.57    0.00    0.00    4.35    0.00    0.00    0.00   56.52

00:16:02     CPU    %usr   %nice    %sys %iowait    %irq   %soft  %steal  %guest  %gnice   %idle
00:16:03     all   20.79    0.00   18.95    0.00    0.00    8.95    0.00    0.00    0.00   51.32
00:16:03       0   21.51    0.00   19.35    0.00    0.00    7.53    0.00    0.00    0.00   51.61
00:16:03       1   22.11    0.00   15.79    0.00    0.00   11.58    0.00    0.00    0.00   50.53
00:16:03       2   18.56    0.00   22.68    0.00    0.00    8.25    0.00    0.00    0.00   50.52
00:16:03       3   21.05    0.00   17.89    0.00    0.00    8.42    0.00    0.00    0.00   52.63

00:16:03     CPU    %usr   %nice    %sys %iowait    %irq   %soft  %steal  %guest  %gnice   %idle
00:16:05     all   19.89    0.00   23.12    0.00    0.00   10.48    0.00    0.00    0.00   46.51
00:16:05       0   17.89    0.00   28.42    0.00    0.00   10.53    0.00    0.00    0.00   43.16
00:16:05       1   21.74    0.00   19.57    0.00    0.00    9.78    0.00    0.00    0.00   48.91
00:16:05       2   20.65    0.00   21.74    0.00    0.00   10.87    0.00    0.00    0.00   46.74
00:16:05       3   19.35    0.00   22.58    0.00    0.00   10.75    0.00    0.00    0.00   47.31

00:16:05     CPU    %usr   %nice    %sys %iowait    %irq   %soft  %steal  %guest  %gnice   %idle
00:16:06     all   19.50    0.00   18.11    0.00    0.00    9.19    0.00    0.00    0.00   53.20
00:16:06       0   23.60    0.00   16.85    0.00    0.00    7.87    0.00    0.00    0.00   51.69
00:16:06       1   18.28    0.00   19.35    0.00    0.00   10.75    0.00    0.00    0.00   51.61
00:16:06       2   19.10    0.00   19.10    0.00    0.00    6.74    0.00    0.00    0.00   55.06
00:16:06       3   17.05    0.00   17.05    0.00    0.00   11.36    0.00    0.00    0.00   54.55

00:16:06     CPU    %usr   %nice    %sys %iowait    %irq   %soft  %steal  %guest  %gnice   %idle
00:16:07     all   21.45    0.00   28.15    0.00    0.00   11.53    0.00    0.00    0.00   38.87
00:16:07       0   24.47    0.00   28.72    0.00    0.00    8.51    0.00    0.00    0.00   38.30
00:16:07       1   20.88    0.00   21.98    0.00    0.00   14.29    0.00    0.00    0.00   42.86
00:16:07       2   19.57    0.00   29.35    0.00    0.00   13.04    0.00    0.00    0.00   38.04
00:16:07       3   20.83    0.00   32.29    0.00    0.00   10.42    0.00    0.00    0.00   36.46

00:16:07     CPU    %usr   %nice    %sys %iowait    %irq   %soft  %steal  %guest  %gnice   %idle
00:16:08     all   28.00    0.00   35.73    0.00    0.00    8.00    0.00    0.00    0.00   28.27
00:16:08       0   30.43    0.00   31.52    0.00    0.00    8.70    0.00    0.00    0.00   29.35
00:16:08       1   23.66    0.00   37.63    0.00    0.00    8.60    0.00    0.00    0.00   30.11
00:16:08       2   29.79    0.00   38.30    0.00    0.00    4.26    0.00    0.00    0.00   27.66
00:16:08       3   28.12    0.00   35.42    0.00    0.00   10.42    0.00    0.00    0.00   26.04

00:16:08     CPU    %usr   %nice    %sys %iowait    %irq   %soft  %steal  %guest  %gnice   %idle
00:16:09     all   22.56    0.00   27.30    0.00    0.00    9.19    0.00    0.00    0.00   40.95
00:16:09       0   22.92    0.00   32.29    0.00    0.00    7.29    0.00    0.00    0.00   37.50
00:16:09       1   24.14    0.00   21.84    0.00    0.00   11.49    0.00    0.00    0.00   42.53
00:16:09       2   23.26    0.00   24.42    0.00    0.00    9.30    0.00    0.00    0.00   43.02
00:16:09       3   20.00    0.00   30.00    0.00    0.00    8.89    0.00    0.00    0.00   41.11

00:16:09     CPU    %usr   %nice    %sys %iowait    %irq   %soft  %steal  %guest  %gnice   %idle
00:16:10     all   26.23    0.00   33.51    0.00    0.00   11.17    0.00    0.00    0.00   29.09
00:16:10       0   27.08    0.00   36.46    0.00    0.00    9.38    0.00    0.00    0.00   27.08
00:16:10       1   25.53    0.00   31.91    0.00    0.00   11.70    0.00    0.00    0.00   30.85
00:16:10       2   25.77    0.00   32.99    0.00    0.00   11.34    0.00    0.00    0.00   29.90
00:16:10       3   26.53    0.00   32.65    0.00    0.00   12.24    0.00    0.00    0.00   28.57

00:16:10     CPU    %usr   %nice    %sys %iowait    %irq   %soft  %steal  %guest  %gnice   %idle
00:16:11     all   25.82    0.00   30.49    0.00    0.00   10.16    0.00    0.00    0.00   33.52
00:16:11       0   26.67    0.00   27.78    0.00    0.00   12.22    0.00    0.00    0.00   33.33
00:16:11       1   25.53    0.00   29.79    0.00    0.00   10.64    0.00    0.00    0.00   34.04
00:16:11       2   25.00    0.00   34.52    0.00    0.00    5.95    0.00    0.00    0.00   34.52
00:16:11       3   26.04    0.00   30.21    0.00    0.00   11.46    0.00    0.00    0.00   32.29

00:16:11     CPU    %usr   %nice    %sys %iowait    %irq   %soft  %steal  %guest  %gnice   %idle
00:16:12     all   23.02    0.00   28.84    0.00    0.00   11.64    0.00    0.00    0.00   36.51
00:16:12       0   26.32    0.00   28.42    0.00    0.00   10.53    0.00    0.00    0.00   34.74
00:16:12       1   21.05    0.00   25.26    0.00    0.00   16.84    0.00    0.00    0.00   36.84
00:16:12       2   24.73    0.00   29.03    0.00    0.00    9.68    0.00    0.00    0.00   36.56
00:16:12       3   20.00    0.00   32.63    0.00    0.00    9.47    0.00    0.00    0.00   37.89

00:16:12     CPU    %usr   %nice    %sys %iowait    %irq   %soft  %steal  %guest  %gnice   %idle
00:16:13     all   18.62    0.00   22.87    0.00    0.00    9.84    0.00    0.00    0.00   48.67
00:16:13       0   17.02    0.00   27.66    0.00    0.00    7.45    0.00    0.00    0.00   47.87
00:16:13       1   20.21    0.00   22.34    0.00    0.00    8.51    0.00    0.00    0.00   48.94
00:16:13       2   19.15    0.00   19.15    0.00    0.00   12.77    0.00    0.00    0.00   48.94
00:16:13       3   18.09    0.00   22.34    0.00    0.00   10.64    0.00    0.00    0.00   48.94

00:16:13     CPU    %usr   %nice    %sys %iowait    %irq   %soft  %steal  %guest  %gnice   %idle
00:16:14     all   25.33    0.00   30.03    0.00    0.00   12.01    0.00    0.00    0.00   32.64
00:16:14       0   27.96    0.00   29.03    0.00    0.00   10.75    0.00    0.00    0.00   32.26
00:16:14       1   26.04    0.00   29.17    0.00    0.00   11.46    0.00    0.00    0.00   33.33
00:16:14       2   25.00    0.00   29.17    0.00    0.00   13.54    0.00    0.00    0.00   32.29
00:16:14       3   22.45    0.00   32.65    0.00    0.00   12.24    0.00    0.00    0.00   32.65

00:16:14     CPU    %usr   %nice    %sys %iowait    %irq   %soft  %steal  %guest  %gnice   %idle
00:16:15     all   20.37    0.00   26.72    0.00    0.00   10.05    0.00    0.00    0.00   42.86
00:16:15       0   22.68    0.00   24.74    0.00    0.00   10.31    0.00    0.00    0.00   42.27
00:16:15       1   19.15    0.00   26.60    0.00    0.00   11.70    0.00    0.00    0.00   42.55
00:16:15       2   16.84    0.00   29.47    0.00    0.00   10.53    0.00    0.00    0.00   43.16
00:16:15       3   22.83    0.00   26.09    0.00    0.00    7.61    0.00    0.00    0.00   43.48

00:16:15     CPU    %usr   %nice    %sys %iowait    %irq   %soft  %steal  %guest  %gnice   %idle
00:16:16     all   23.62    0.00   24.12    0.00    0.00    8.04    0.00    0.00    0.00   44.22
00:16:16       0   23.00    0.00   24.00    0.00    0.00    9.00    0.00    0.00    0.00   44.00
00:16:16       1   23.47    0.00   21.43    0.00    0.00    8.16    0.00    0.00    0.00   46.94
00:16:16       2   23.23    0.00   25.25    0.00    0.00    8.08    0.00    0.00    0.00   43.43
00:16:16       3   24.75    0.00   25.74    0.00    0.00    6.93    0.00    0.00    0.00   42.57

00:16:16     CPU    %usr   %nice    %sys %iowait    %irq   %soft  %steal  %guest  %gnice   %idle
00:16:17     all   26.65    0.00   35.79    0.00    0.00   10.66    0.00    0.00    0.00   26.90
00:16:17       0   28.12    0.00   37.50    0.00    0.00    8.33    0.00    0.00    0.00   26.04
00:16:17       1   27.00    0.00   33.00    0.00    0.00   12.00    0.00    0.00    0.00   28.00
00:16:17       2   24.24    0.00   40.40    0.00    0.00    8.08    0.00    0.00    0.00   27.27
00:16:17       3   27.27    0.00   32.32    0.00    0.00   14.14    0.00    0.00    0.00   26.26

00:16:17     CPU    %usr   %nice    %sys %iowait    %irq   %soft  %steal  %guest  %gnice   %idle
00:16:18     all   23.68    0.00   30.48    0.00    0.00   11.08    0.00    0.00    0.00   34.76
00:16:18       0   21.65    0.00   30.93    0.00    0.00   11.34    0.00    0.00    0.00   36.08
00:16:18       1   26.00    0.00   30.00    0.00    0.00    9.00    0.00    0.00    0.00   35.00
00:16:18       2   24.51    0.00   30.39    0.00    0.00   11.76    0.00    0.00    0.00   33.33
00:16:18       3   22.45    0.00   30.61    0.00    0.00   12.24    0.00    0.00    0.00   34.69

00:16:18     CPU    %usr   %nice    %sys %iowait    %irq   %soft  %steal  %guest  %gnice   %idle
00:16:19     all   24.31    0.00   31.83    0.00    0.00   10.28    0.00    0.00    0.00   33.58
00:16:19       0   22.45    0.00   34.69    0.00    0.00    9.18    0.00    0.00    0.00   33.67
00:16:19       1   19.59    0.00   31.96    0.00    0.00   13.40    0.00    0.00    0.00   35.05
00:16:19       2   29.29    0.00   26.26    0.00    0.00   11.11    0.00    0.00    0.00   33.33
00:16:19       3   25.71    0.00   34.29    0.00    0.00    7.62    0.00    0.00    0.00   32.38

00:16:19     CPU    %usr   %nice    %sys %iowait    %irq   %soft  %steal  %guest  %gnice   %idle
00:16:20     all   24.94    0.00   29.05    0.26    0.00    9.25    0.00    0.00    0.00   36.50
00:16:20       0   22.11    0.00   27.37    1.05    0.00   12.63    0.00    0.00    0.00   36.84
00:16:20       1   26.80    0.00   28.87    0.00    0.00    8.25    0.00    0.00    0.00   36.08
00:16:20       2   27.55    0.00   28.57    0.00    0.00    8.16    0.00    0.00    0.00   35.71
00:16:20       3   23.23    0.00   31.31    0.00    0.00    8.08    0.00    0.00    0.00   37.37

00:16:20     CPU    %usr   %nice    %sys %iowait    %irq   %soft  %steal  %guest  %gnice   %idle
00:16:21     all   25.56    0.00   33.83    0.00    0.00   10.78    0.00    0.00    0.00   29.82
00:16:21       0   24.27    0.00   33.98    0.00    0.00   11.65    0.00    0.00    0.00   30.10
00:16:21       1   23.30    0.00   35.92    0.00    0.00    9.71    0.00    0.00    0.00   31.07
00:16:21       2   29.29    0.00   31.31    0.00    0.00   10.10    0.00    0.00    0.00   29.29
00:16:21       3   25.53    0.00   34.04    0.00    0.00   11.70    0.00    0.00    0.00   28.72

00:16:21     CPU    %usr   %nice    %sys %iowait    %irq   %soft  %steal  %guest  %gnice   %idle
00:16:22     all   26.99    0.00   34.66    0.00    0.00   18.71    0.00    0.00    0.00   19.63
00:16:22       0   26.25    0.00   32.50    0.00    0.00   21.25    0.00    0.00    0.00   20.00
00:16:22       1   28.24    0.00   29.41    0.00    0.00   17.65    0.00    0.00    0.00   24.71
00:16:22       2   25.00    0.00   42.50    0.00    0.00   17.50    0.00    0.00    0.00   15.00
00:16:22       3   28.40    0.00   34.57    0.00    0.00   18.52    0.00    0.00    0.00   18.52

00:16:22     CPU    %usr   %nice    %sys %iowait    %irq   %soft  %steal  %guest  %gnice   %idle
00:16:23     all   26.10    0.00   33.07    0.00    0.00   11.63    0.00    0.00    0.00   29.20
00:16:23       0   26.26    0.00   33.33    0.00    0.00   13.13    0.00    0.00    0.00   27.27
00:16:23       1   27.37    0.00   30.53    0.00    0.00   12.63    0.00    0.00    0.00   29.47
00:16:23       2   27.08    0.00   33.33    0.00    0.00   10.42    0.00    0.00    0.00   29.17
00:16:23       3   23.71    0.00   35.05    0.00    0.00   10.31    0.00    0.00    0.00   30.93

00:16:23     CPU    %usr   %nice    %sys %iowait    %irq   %soft  %steal  %guest  %gnice   %idle
00:16:24     all   25.13    0.00   36.39    0.00    0.00   13.87    0.00    0.00    0.00   24.61
00:16:24       0   26.53    0.00   37.76    0.00    0.00   14.29    0.00    0.00    0.00   21.43
00:16:24       1   26.32    0.00   34.74    0.00    0.00   16.84    0.00    0.00    0.00   22.11
00:16:24       2   20.62    0.00   39.18    0.00    0.00   15.46    0.00    0.00    0.00   24.74
00:16:24       3   27.17    0.00   33.70    0.00    0.00    8.70    0.00    0.00    0.00   30.43

00:16:24     CPU    %usr   %nice    %sys %iowait    %irq   %soft  %steal  %guest  %gnice   %idle
00:16:25     all   28.35    0.00   38.32    0.00    0.00   13.12    0.00    0.00    0.00   20.21
00:16:25       0   22.92    0.00   39.58    0.00    0.00   16.67    0.00    0.00    0.00   20.83
00:16:25       1   29.17    0.00   38.54    0.00    0.00    9.38    0.00    0.00    0.00   22.92
00:16:25       2   30.21    0.00   39.58    0.00    0.00   12.50    0.00    0.00    0.00   17.71
00:16:25       3   31.18    0.00   35.48    0.00    0.00   13.98    0.00    0.00    0.00   19.35

00:16:25     CPU    %usr   %nice    %sys %iowait    %irq   %soft  %steal  %guest  %gnice   %idle
00:16:26     all   27.13    0.00   37.73    0.00    0.00   13.70    0.00    0.00    0.00   21.45
00:16:26       0   32.00    0.00   34.00    0.00    0.00   16.00    0.00    0.00    0.00   18.00
00:16:26       1   29.17    0.00   34.38    0.00    0.00   15.62    0.00    0.00    0.00   20.83
00:16:26       2   24.47    0.00   41.49    0.00    0.00    9.57    0.00    0.00    0.00   24.47
00:16:26       3   22.68    0.00   41.24    0.00    0.00   13.40    0.00    0.00    0.00   22.68

00:16:26     CPU    %usr   %nice    %sys %iowait    %irq   %soft  %steal  %guest  %gnice   %idle
00:16:27     all   27.13    0.00   32.82    0.00    0.00   11.37    0.00    0.00    0.00   28.68
00:16:27       0   26.00    0.00   34.00    0.00    0.00   13.00    0.00    0.00    0.00   27.00
00:16:27       1   24.47    0.00   34.04    0.00    0.00   11.70    0.00    0.00    0.00   29.79
00:16:27       2   30.61    0.00   30.61    0.00    0.00   11.22    0.00    0.00    0.00   27.55
00:16:27       3   27.37    0.00   32.63    0.00    0.00    9.47    0.00    0.00    0.00   30.53

00:16:27     CPU    %usr   %nice    %sys %iowait    %irq   %soft  %steal  %guest  %gnice   %idle
00:16:28     all   27.74    0.00   35.37    0.00    0.00   11.70    0.00    0.00    0.00   25.19
00:16:28       0   22.68    0.00   41.24    0.00    0.00   11.34    0.00    0.00    0.00   24.74
00:16:28       1   27.72    0.00   33.66    0.00    0.00   11.88    0.00    0.00    0.00   26.73
00:16:28       2   32.32    0.00   34.34    0.00    0.00   11.11    0.00    0.00    0.00   22.22
00:16:28       3   28.12    0.00   32.29    0.00    0.00   12.50    0.00    0.00    0.00   27.08

00:16:28     CPU    %usr   %nice    %sys %iowait    %irq   %soft  %steal  %guest  %gnice   %idle
00:16:29     all   23.60    0.00   34.01    0.00    0.00   10.41    0.00    0.00    0.00   31.98
00:16:29       0   23.76    0.00   35.64    0.00    0.00    6.93    0.00    0.00    0.00   33.66
00:16:29       1   24.49    0.00   35.71    0.00    0.00    8.16    0.00    0.00    0.00   31.63
00:16:29       2   22.68    0.00   30.93    0.00    0.00   14.43    0.00    0.00    0.00   31.96
00:16:29       3   23.47    0.00   33.67    0.00    0.00   12.24    0.00    0.00    0.00   30.61

00:16:29     CPU    %usr   %nice    %sys %iowait    %irq   %soft  %steal  %guest  %gnice   %idle
00:16:30     all   21.61    0.00   38.28    0.00    0.00   11.98    0.00    0.00    0.00   28.12
00:16:30       0   18.48    0.00   39.13    0.00    0.00   11.96    0.00    0.00    0.00   30.43
00:16:30       1   21.78    0.00   39.60    0.00    0.00   13.86    0.00    0.00    0.00   24.75
00:16:30       2   22.11    0.00   35.79    0.00    0.00   13.68    0.00    0.00    0.00   28.42
00:16:30       3   23.96    0.00   38.54    0.00    0.00    8.33    0.00    0.00    0.00   29.17

00:16:30     CPU    %usr   %nice    %sys %iowait    %irq   %soft  %steal  %guest  %gnice   %idle
00:16:31     all   24.57    0.00   34.89    0.00    0.00    9.34    0.00    0.00    0.00   31.20
00:16:31       0   24.00    0.00   36.00    0.00    0.00    9.00    0.00    0.00    0.00   31.00
00:16:31       1   24.27    0.00   35.92    0.00    0.00    7.77    0.00    0.00    0.00   32.04
00:16:31       2   28.16    0.00   33.98    0.00    0.00    7.77    0.00    0.00    0.00   30.10
00:16:31       3   21.78    0.00   33.66    0.00    0.00   12.87    0.00    0.00    0.00   31.68

00:16:31     CPU    %usr   %nice    %sys %iowait    %irq   %soft  %steal  %guest  %gnice   %idle
00:16:32     all   25.80    0.00   33.91    0.00    0.00   10.81    0.00    0.00    0.00   29.48
00:16:32       0   30.00    0.00   29.00    0.00    0.00   14.00    0.00    0.00    0.00   27.00
00:16:32       1   24.07    0.00   36.11    0.00    0.00    8.33    0.00    0.00    0.00   31.48
00:16:32       2   28.00    0.00   33.00    0.00    0.00   11.00    0.00    0.00    0.00   28.00
00:16:32       3   21.21    0.00   37.37    0.00    0.00   10.10    0.00    0.00    0.00   31.31

00:16:32     CPU    %usr   %nice    %sys %iowait    %irq   %soft  %steal  %guest  %gnice   %idle
00:16:33     all   23.66    0.00   35.85    0.00    0.00   10.98    0.00    0.00    0.00   29.51
00:16:33       0   21.90    0.00   37.14    0.00    0.00   12.38    0.00    0.00    0.00   28.57
00:16:33       1   29.81    0.00   33.65    0.00    0.00    7.69    0.00    0.00    0.00   28.85
00:16:33       2   21.00    0.00   37.00    0.00    0.00   12.00    0.00    0.00    0.00   30.00
00:16:33       3   21.78    0.00   35.64    0.00    0.00   11.88    0.00    0.00    0.00   30.69

00:16:33     CPU    %usr   %nice    %sys %iowait    %irq   %soft  %steal  %guest  %gnice   %idle
00:16:34     all   25.86    0.00   34.73    0.25    0.00    8.13    0.00    0.00    0.00   31.03
00:16:34       0   27.84    0.00   30.93    0.00    0.00    9.28    0.00    0.00    0.00   31.96
00:16:34       1   23.08    0.00   38.46    0.00    0.00    5.77    0.00    0.00    0.00   32.69
00:16:34       2   21.65    0.00   36.08    0.00    0.00   10.31    0.00    0.00    0.00   31.96
00:16:34       3   30.56    0.00   33.33    0.93    0.00    7.41    0.00    0.00    0.00   27.78

00:16:34     CPU    %usr   %nice    %sys %iowait    %irq   %soft  %steal  %guest  %gnice   %idle
00:16:35     all   22.14    0.00   34.79    0.24    0.00    7.54    0.00    0.00    0.00   35.28
00:16:35       0   24.51    0.00   31.37    0.00    0.00    9.80    0.00    0.00    0.00   34.31
00:16:35       1   20.00    0.00   35.24    0.00    0.00    9.52    0.00    0.00    0.00   35.24
00:16:35       2   24.04    0.00   33.65    0.96    0.00    6.73    0.00    0.00    0.00   34.62
00:16:35       3   20.00    0.00   39.00    0.00    0.00    4.00    0.00    0.00    0.00   37.00

00:16:35     CPU    %usr   %nice    %sys %iowait    %irq   %soft  %steal  %guest  %gnice   %idle
00:16:36     all   24.69    0.00   37.66    0.00    0.00   12.47    0.00    0.00    0.00   25.19
00:16:36       0   28.87    0.00   31.96    0.00    0.00   12.37    0.00    0.00    0.00   26.80
00:16:36       1   24.53    0.00   37.74    0.00    0.00   15.09    0.00    0.00    0.00   22.64
00:16:36       2   23.96    0.00   36.46    0.00    0.00   12.50    0.00    0.00    0.00   27.08
00:16:36       3   21.57    0.00   44.12    0.00    0.00    9.80    0.00    0.00    0.00   24.51

00:16:36     CPU    %usr   %nice    %sys %iowait    %irq   %soft  %steal  %guest  %gnice   %idle
00:16:37     all   29.44    0.00   33.76    0.00    0.00   10.91    0.00    0.00    0.00   25.89
00:16:37       0   28.42    0.00   30.53    0.00    0.00   15.79    0.00    0.00    0.00   25.26
00:16:37       1   31.00    0.00   33.00    0.00    0.00   11.00    0.00    0.00    0.00   25.00
00:16:37       2   34.65    0.00   31.68    0.00    0.00    6.93    0.00    0.00    0.00   26.73
00:16:37       3   23.47    0.00   39.80    0.00    0.00   10.20    0.00    0.00    0.00   26.53

00:16:37     CPU    %usr   %nice    %sys %iowait    %irq   %soft  %steal  %guest  %gnice   %idle
00:16:38     all   22.67    0.00   33.25    0.00    0.00   11.59    0.00    0.00    0.00   32.49
00:16:38       0   21.21    0.00   32.32    0.00    0.00   13.13    0.00    0.00    0.00   33.33
00:16:38       1   21.57    0.00   32.35    0.00    0.00   13.73    0.00    0.00    0.00   32.35
00:16:38       2   23.16    0.00   35.79    0.00    0.00    7.37    0.00    0.00    0.00   33.68
00:16:38       3   24.75    0.00   32.67    0.00    0.00   11.88    0.00    0.00    0.00   30.69

00:16:38     CPU    %usr   %nice    %sys %iowait    %irq   %soft  %steal  %guest  %gnice   %idle
00:16:39     all   25.94    0.00   37.53    0.00    0.00   10.08    0.00    0.00    0.00   26.45
00:16:39       0   30.61    0.00   32.65    0.00    0.00   10.20    0.00    0.00    0.00   26.53
00:16:39       1   24.27    0.00   36.89    0.00    0.00   12.62    0.00    0.00    0.00   26.21
00:16:39       2   23.23    0.00   40.40    0.00    0.00    9.09    0.00    0.00    0.00   27.27
00:16:39       3   25.77    0.00   40.21    0.00    0.00    8.25    0.00    0.00    0.00   25.77

00:16:39     CPU    %usr   %nice    %sys %iowait    %irq   %soft  %steal  %guest  %gnice   %idle
00:16:40     all   23.70    0.00   31.77    0.00    0.00    9.90    0.00    0.00    0.00   34.64
00:16:40       0   25.51    0.00   30.61    0.00    0.00   10.20    0.00    0.00    0.00   33.67
00:16:40       1   25.77    0.00   29.90    0.00    0.00   11.34    0.00    0.00    0.00   32.99
00:16:40       2   23.16    0.00   33.68    0.00    0.00    7.37    0.00    0.00    0.00   35.79
00:16:40       3   20.21    0.00   32.98    0.00    0.00   10.64    0.00    0.00    0.00   36.17

00:16:40     CPU    %usr   %nice    %sys %iowait    %irq   %soft  %steal  %guest  %gnice   %idle
00:16:41     all   25.38    0.00   36.41    0.00    0.00   10.77    0.00    0.00    0.00   27.44
00:16:41       0   21.65    0.00   37.11    0.00    0.00   12.37    0.00    0.00    0.00   28.87
00:16:41       1   25.77    0.00   37.11    0.00    0.00    7.22    0.00    0.00    0.00   29.90
00:16:41       2   26.80    0.00   34.02    0.00    0.00   12.37    0.00    0.00    0.00   26.80
00:16:41       3   27.27    0.00   37.37    0.00    0.00   11.11    0.00    0.00    0.00   24.24

00:16:41     CPU    %usr   %nice    %sys %iowait    %irq   %soft  %steal  %guest  %gnice   %idle
00:16:42     all   24.23    0.00   23.20    0.00    0.00    9.79    0.00    0.00    0.00   42.78
00:16:42       0   23.40    0.00   23.40    0.00    0.00    8.51    0.00    0.00    0.00   44.68
00:16:42       1   26.32    0.00   18.95    0.00    0.00   11.58    0.00    0.00    0.00   43.16
00:16:42       2   24.00    0.00   26.00    0.00    0.00    9.00    0.00    0.00    0.00   41.00
00:16:42       3   23.23    0.00   24.24    0.00    0.00   10.10    0.00    0.00    0.00   42.42

00:16:42     CPU    %usr   %nice    %sys %iowait    %irq   %soft  %steal  %guest  %gnice   %idle
00:16:43     all   26.67    0.00   34.62    0.00    0.00   11.54    0.00    0.00    0.00   27.18
00:16:43       0   29.70    0.00   32.67    0.00    0.00   11.88    0.00    0.00    0.00   25.74
00:16:43       1   26.60    0.00   30.85    0.00    0.00   11.70    0.00    0.00    0.00   30.85
00:16:43       2   25.00    0.00   39.58    0.00    0.00    9.38    0.00    0.00    0.00   26.04
00:16:43       3   25.25    0.00   35.35    0.00    0.00   13.13    0.00    0.00    0.00   26.26

00:16:43     CPU    %usr   %nice    %sys %iowait    %irq   %soft  %steal  %guest  %gnice   %idle
00:16:44     all   24.86    0.00   22.43    0.00    0.00    8.38    0.00    0.00    0.00   44.32
00:16:44       0   23.40    0.00   21.28    0.00    0.00   10.64    0.00    0.00    0.00   44.68
00:16:44       1   25.00    0.00   21.74    0.00    0.00    8.70    0.00    0.00    0.00   44.57
00:16:44       2   24.18    0.00   23.08    0.00    0.00    8.79    0.00    0.00    0.00   43.96
00:16:44       3   26.88    0.00   23.66    0.00    0.00    5.38    0.00    0.00    0.00   44.09

00:16:44     CPU    %usr   %nice    %sys %iowait    %irq   %soft  %steal  %guest  %gnice   %idle
00:16:45     all   22.16    0.00   17.05    0.00    0.00   10.51    0.00    0.00    0.00   50.28
00:16:45       0   21.59    0.00   17.05    0.00    0.00   11.36    0.00    0.00    0.00   50.00
00:16:45       1   24.18    0.00   15.38    0.00    0.00   10.99    0.00    0.00    0.00   49.45
00:16:45       2   22.09    0.00   15.12    0.00    0.00   11.63    0.00    0.00    0.00   51.16
00:16:45       3   20.69    0.00   20.69    0.00    0.00    8.05    0.00    0.00    0.00   50.57

00:16:45     CPU    %usr   %nice    %sys %iowait    %irq   %soft  %steal  %guest  %gnice   %idle
00:16:46     all   28.32    0.00   35.34    0.00    0.00   12.53    0.00    0.00    0.00   23.81
00:16:46       0   37.50    0.00   31.25    0.00    0.00    9.38    0.00    0.00    0.00   21.88
00:16:46       1   25.25    0.00   31.31    0.00    0.00   17.17    0.00    0.00    0.00   26.26
00:16:46       2   24.51    0.00   41.18    0.00    0.00   11.76    0.00    0.00    0.00   22.55
00:16:46       3   26.47    0.00   37.25    0.00    0.00   11.76    0.00    0.00    0.00   24.51

00:16:46     CPU    %usr   %nice    %sys %iowait    %irq   %soft  %steal  %guest  %gnice   %idle
00:16:47     all   24.86    0.00   24.05    0.00    0.00   12.16    0.00    0.00    0.00   38.92
00:16:47       0   24.18    0.00   24.18    0.00    0.00   12.09    0.00    0.00    0.00   39.56
00:16:47       1   26.88    0.00   22.58    0.00    0.00   11.83    0.00    0.00    0.00   38.71
00:16:47       2   25.56    0.00   21.11    0.00    0.00   13.33    0.00    0.00    0.00   40.00
00:16:47       3   22.92    0.00   28.12    0.00    0.00   11.46    0.00    0.00    0.00   37.50

00:16:47     CPU    %usr   %nice    %sys %iowait    %irq   %soft  %steal  %guest  %gnice   %idle
00:16:48     all   21.55    0.00   14.66    0.00    0.00    9.48    0.00    0.00    0.00   54.31
00:16:48       0   18.82    0.00   16.47    0.00    0.00    9.41    0.00    0.00    0.00   55.29
00:16:48       1   22.47    0.00   13.48    0.00    0.00   10.11    0.00    0.00    0.00   53.93
00:16:48       2   21.84    0.00   14.94    0.00    0.00    9.20    0.00    0.00    0.00   54.02
00:16:48       3   22.99    0.00   13.79    0.00    0.00    9.20    0.00    0.00    0.00   54.02

00:16:48     CPU    %usr   %nice    %sys %iowait    %irq   %soft  %steal  %guest  %gnice   %idle
00:16:49     all   25.83    0.00   29.17    0.00    0.00    9.17    0.00    0.00    0.00   35.83
00:16:49       0   30.59    0.00   23.53    0.00    0.00    9.41    0.00    0.00    0.00   36.47
00:16:49       1   25.00    0.00   34.78    0.00    0.00    5.43    0.00    0.00    0.00   34.78
00:16:49       2   26.37    0.00   28.57    0.00    0.00    9.89    0.00    0.00    0.00   35.16
00:16:49       3   21.74    0.00   29.35    0.00    0.00   11.96    0.00    0.00    0.00   36.96

00:16:49     CPU    %usr   %nice    %sys %iowait    %irq   %soft  %steal  %guest  %gnice   %idle
00:16:50     all   26.32    0.00   34.74    0.00    0.00   10.53    0.00    0.00    0.00   28.42
00:16:50       0   27.96    0.00   32.26    0.00    0.00   11.83    0.00    0.00    0.00   27.96
00:16:50       1   26.60    0.00   34.04    0.00    0.00    8.51    0.00    0.00    0.00   30.85
00:16:50       2   24.74    0.00   38.14    0.00    0.00   10.31    0.00    0.00    0.00   26.80
00:16:50       3   26.04    0.00   34.38    0.00    0.00   11.46    0.00    0.00    0.00   28.12

00:16:50     CPU    %usr   %nice    %sys %iowait    %irq   %soft  %steal  %guest  %gnice   %idle
00:16:51     all   26.18    0.00   36.65    0.00    0.00   12.30    0.00    0.00    0.00   24.87
00:16:51       0   23.66    0.00   37.63    0.00    0.00   11.83    0.00    0.00    0.00   26.88
00:16:51       1   26.53    0.00   39.80    0.00    0.00   12.24    0.00    0.00    0.00   21.43
00:16:51       2   25.77    0.00   38.14    0.00    0.00   10.31    0.00    0.00    0.00   25.77
00:16:51       3   28.72    0.00   30.85    0.00    0.00   14.89    0.00    0.00    0.00   25.53

00:16:51     CPU    %usr   %nice    %sys %iowait    %irq   %soft  %steal  %guest  %gnice   %idle
00:16:52     all   28.31    0.00   30.42    0.00    0.00   12.43    0.00    0.00    0.00   28.84
00:16:52       0   25.26    0.00   32.63    0.00    0.00   14.74    0.00    0.00    0.00   27.37
00:16:52       1   33.70    0.00   23.91    0.00    0.00   11.96    0.00    0.00    0.00   30.43
00:16:52       2   25.51    0.00   34.69    0.00    0.00    9.18    0.00    0.00    0.00   30.61
00:16:52       3   29.03    0.00   30.11    0.00    0.00   13.98    0.00    0.00    0.00   26.88

00:16:52     CPU    %usr   %nice    %sys %iowait    %irq   %soft  %steal  %guest  %gnice   %idle
00:16:53     all   23.60    0.00   25.00    0.00    0.00   10.96    0.00    0.00    0.00   40.45
00:16:53       0   23.33    0.00   26.67    0.00    0.00   10.00    0.00    0.00    0.00   40.00
00:16:53       1   21.74    0.00   25.00    0.00    0.00   13.04    0.00    0.00    0.00   40.22
00:16:53       2   25.58    0.00   22.09    0.00    0.00   11.63    0.00    0.00    0.00   40.70
00:16:53       3   23.86    0.00   26.14    0.00    0.00    9.09    0.00    0.00    0.00   40.91

00:16:53     CPU    %usr   %nice    %sys %iowait    %irq   %soft  %steal  %guest  %gnice   %idle
00:16:54     all   29.84    0.00   33.87    0.00    0.00   11.02    0.00    0.00    0.00   25.27
00:16:54       0   28.57    0.00   32.97    0.00    0.00   13.19    0.00    0.00    0.00   25.27
00:16:54       1   29.35    0.00   34.78    0.00    0.00   10.87    0.00    0.00    0.00   25.00
00:16:54       2   34.78    0.00   32.61    0.00    0.00    7.61    0.00    0.00    0.00   25.00
00:16:54       3   26.80    0.00   35.05    0.00    0.00   12.37    0.00    0.00    0.00   25.77

00:16:54     CPU    %usr   %nice    %sys %iowait    %irq   %soft  %steal  %guest  %gnice   %idle
00:16:55     all   25.65    0.00   33.25    0.00    0.00   14.66    0.00    0.00    0.00   26.44
00:16:55       0   25.00    0.00   32.00    0.00    0.00   17.00    0.00    0.00    0.00   26.00
00:16:55       1   25.77    0.00   31.96    0.00    0.00   15.46    0.00    0.00    0.00   26.80
00:16:55       2   25.81    0.00   34.41    0.00    0.00   13.98    0.00    0.00    0.00   25.81
00:16:55       3   26.09    0.00   34.78    0.00    0.00   11.96    0.00    0.00    0.00   27.17

00:16:55     CPU    %usr   %nice    %sys %iowait    %irq   %soft  %steal  %guest  %gnice   %idle
00:16:56     all   26.67    0.00   29.44    0.00    0.00   11.94    0.00    0.00    0.00   31.94
00:16:56       0   25.29    0.00   27.59    0.00    0.00   13.79    0.00    0.00    0.00   33.33
00:16:56       1   20.88    0.00   32.97    0.00    0.00   12.09    0.00    0.00    0.00   34.07
00:16:56       2   32.22    0.00   25.56    0.00    0.00   11.11    0.00    0.00    0.00   31.11
00:16:56       3   28.26    0.00   31.52    0.00    0.00   10.87    0.00    0.00    0.00   29.35

00:16:56     CPU    %usr   %nice    %sys %iowait    %irq   %soft  %steal  %guest  %gnice   %idle
00:16:57     all   25.48    0.00   26.85    0.00    0.00    8.22    0.00    0.00    0.00   39.45
00:16:57       0   24.21    0.00   29.47    0.00    0.00    8.42    0.00    0.00    0.00   37.89
00:16:57       1   25.29    0.00   25.29    0.00    0.00    5.75    0.00    0.00    0.00   43.68
00:16:57       2   26.67    0.00   26.67    0.00    0.00    8.89    0.00    0.00    0.00   37.78
00:16:57       3   25.81    0.00   25.81    0.00    0.00    9.68    0.00    0.00    0.00   38.71

00:16:57     CPU    %usr   %nice    %sys %iowait    %irq   %soft  %steal  %guest  %gnice   %idle
00:16:58     all   25.98    0.00   30.45    0.00    0.00    9.50    0.00    0.00    0.00   34.08
00:16:58       0   26.09    0.00   28.26    0.00    0.00   13.04    0.00    0.00    0.00   32.61
00:16:58       1   27.27    0.00   31.82    0.00    0.00    6.82    0.00    0.00    0.00   34.09
00:16:58       2   29.67    0.00   27.47    0.00    0.00    9.89    0.00    0.00    0.00   32.97
00:16:58       3   20.69    0.00   34.48    0.00    0.00    8.05    0.00    0.00    0.00   36.78

00:16:58     CPU    %usr   %nice    %sys %iowait    %irq   %soft  %steal  %guest  %gnice   %idle
00:16:59     all   28.04    0.00   26.19    0.00    0.00    9.79    0.00    0.00    0.00   35.98
00:16:59       0   28.72    0.00   26.60    0.00    0.00    9.57    0.00    0.00    0.00   35.11
00:16:59       1   28.57    0.00   28.57    0.00    0.00    8.16    0.00    0.00    0.00   34.69
00:16:59       2   27.96    0.00   23.66    0.00    0.00   10.75    0.00    0.00    0.00   37.63
00:16:59       3   26.88    0.00   25.81    0.00    0.00   10.75    0.00    0.00    0.00   36.56

00:16:59     CPU    %usr   %nice    %sys %iowait    %irq   %soft  %steal  %guest  %gnice   %idle
00:17:00     all    2.69    0.00    6.29    0.00    0.00    1.50    0.00    0.00    0.00   89.52
00:17:00       0    1.27    0.00    3.80    0.00    0.00    1.27    0.00    0.00    0.00   93.67
00:17:00       1    3.45    0.00    8.05    0.00    0.00    2.30    0.00    0.00    0.00   86.21
00:17:00       2    2.38    0.00    5.95    0.00    0.00    1.19    0.00    0.00    0.00   90.48
00:17:00       3    3.57    0.00    7.14    0.00    0.00    1.19    0.00    0.00    0.00   88.10

00:17:00     CPU    %usr   %nice    %sys %iowait    %irq   %soft  %steal  %guest  %gnice   %idle
00:17:01     all    2.64    0.00    5.57    0.00    0.00    0.59    0.00    0.00    0.00   91.20
00:17:01       0    2.30    0.00    6.90    0.00    0.00    1.15    0.00    0.00    0.00   89.66
00:17:01       1    3.45    0.00    5.75    0.00    0.00    0.00    0.00    0.00    0.00   90.80
00:17:01       2    2.38    0.00    4.76    0.00    0.00    1.19    0.00    0.00    0.00   91.67
00:17:01       3    2.41    0.00    4.82    0.00    0.00    0.00    0.00    0.00    0.00   92.77

00:17:01     CPU    %usr   %nice    %sys %iowait    %irq   %soft  %steal  %guest  %gnice   %idle
00:17:02     all    6.81    0.00   21.25    0.00    0.00    4.09    0.00    0.00    0.00   67.85
00:17:02       0    8.99    0.00   16.85    0.00    0.00    3.37    0.00    0.00    0.00   70.79
00:17:02       1    4.49    0.00   21.35    0.00    0.00    4.49    0.00    0.00    0.00   69.66
00:17:02       2    8.33    0.00   22.92    0.00    0.00    4.17    0.00    0.00    0.00   64.58
00:17:02       3    5.38    0.00   23.66    0.00    0.00    4.30    0.00    0.00    0.00   66.67

00:17:02     CPU    %usr   %nice    %sys %iowait    %irq   %soft  %steal  %guest  %gnice   %idle
00:17:03     all    0.78    0.00    6.72    0.00    0.00    0.26    0.00    0.00    0.00   92.25
00:17:03       0    0.00    0.00    5.32    0.00    0.00    0.00    0.00    0.00    0.00   94.68
00:17:03       1    1.03    0.00    6.19    0.00    0.00    0.00    0.00    0.00    0.00   92.78
00:17:03       2    1.02    0.00    7.14    0.00    0.00    1.02    0.00    0.00    0.00   90.82
00:17:03       3    1.02    0.00    8.16    0.00    0.00    0.00    0.00    0.00    0.00   90.82
