Linux 6.6.87.2-microsoft-standard-WSL2 (Udeepa-ASUS) 	04/16/26 	_x86_64_	(4 CPU)

00:12:36     CPU    %usr   %nice    %sys %iowait    %irq   %soft  %steal  %guest  %gnice   %idle
00:12:37     all    0.00    0.00    0.00    0.00    0.00    0.00    0.00    0.00    0.00  100.00
00:12:37       0    0.00    0.00    0.00    0.00    0.00    0.00    0.00    0.00    0.00  100.00
00:12:37       1    0.00    0.00    0.00    0.00    0.00    0.00    0.00    0.00    0.00  100.00
00:12:37       2    0.00    0.00    0.00    0.00    0.00    0.00    0.00    0.00    0.00  100.00
00:12:37       3    0.00    0.00    0.00    0.00    0.00    0.00    0.00    0.00    0.00  100.00

00:12:37     CPU    %usr   %nice    %sys %iowait    %irq   %soft  %steal  %guest  %gnice   %idle
00:12:38     all    0.00    0.00    0.25    0.00    0.00    0.00    0.00    0.00    0.00   99.75
00:12:38       0    0.00    0.00    0.00    0.00    0.00    0.00    0.00    0.00    0.00  100.00
00:12:38       1    0.00    0.00    0.00    0.00    0.00    0.00    0.00    0.00    0.00  100.00
00:12:38       2    0.00    0.00    0.00    0.00    0.00    0.00    0.00    0.00    0.00  100.00
00:12:38       3    0.00    0.00    1.00    0.00    0.00    0.00    0.00    0.00    0.00   99.00

00:12:38     CPU    %usr   %nice    %sys %iowait    %irq   %soft  %steal  %guest  %gnice   %idle
00:12:39     all    0.00    0.00    0.00    0.00    0.00    0.00    0.00    0.00    0.00  100.00
00:12:39       0    0.00    0.00    0.00    0.00    0.00    0.00    0.00    0.00    0.00  100.00
00:12:39       1    0.00    0.00    0.00    0.00    0.00    0.00    0.00    0.00    0.00  100.00
00:12:39       2    0.00    0.00    0.00    0.00    0.00    0.00    0.00    0.00    0.00  100.00
00:12:39       3    0.00    0.00    0.00    0.00    0.00    0.00    0.00    0.00    0.00  100.00

00:12:39     CPU    %usr   %nice    %sys %iowait    %irq   %soft  %steal  %guest  %gnice   %idle
00:12:40     all    0.50    0.00    2.73    0.25    0.00    0.25    0.00    0.00    0.00   96.28
00:12:40       0    0.98    0.00    1.96    0.00    0.00    0.98    0.00    0.00    0.00   96.08
00:12:40       1    0.00    0.00    0.00    0.00    0.00    0.00    0.00    0.00    0.00  100.00
00:12:40       2    0.00    0.00    0.99    0.99    0.00    0.00    0.00    0.00    0.00   98.02
00:12:40       3    0.99    0.00    7.92    0.00    0.00    0.00    0.00    0.00    0.00   91.09

00:12:40     CPU    %usr   %nice    %sys %iowait    %irq   %soft  %steal  %guest  %gnice   %idle
00:12:41     all    0.00    0.00    0.00    0.00    0.00    0.00    0.00    0.00    0.00  100.00
00:12:41       0    0.00    0.00    0.00    0.00    0.00    0.00    0.00    0.00    0.00  100.00
00:12:41       1    0.00    0.00    0.00    0.00    0.00    0.00    0.00    0.00    0.00  100.00
00:12:41       2    0.00    0.00    0.00    0.00    0.00    0.00    0.00    0.00    0.00  100.00
00:12:41       3    0.00    0.00    0.00    0.00    0.00    0.00    0.00    0.00    0.00  100.00

00:12:41     CPU    %usr   %nice    %sys %iowait    %irq   %soft  %steal  %guest  %gnice   %idle
00:12:42     all    1.16    0.00    4.65    0.00    0.00    1.74    0.00    0.00    0.00   92.44
00:12:42       0    1.15    0.00    6.90    0.00    0.00    1.15    0.00    0.00    0.00   90.80
00:12:42       1    1.15    0.00    4.60    0.00    0.00    2.30    0.00    0.00    0.00   91.95
00:12:42       2    0.00    0.00    3.57    0.00    0.00    1.19    0.00    0.00    0.00   95.24
00:12:42       3    2.33    0.00    3.49    0.00    0.00    2.33    0.00    0.00    0.00   91.86

00:12:42     CPU    %usr   %nice    %sys %iowait    %irq   %soft  %steal  %guest  %gnice   %idle
00:12:43     all    1.18    0.00    6.47    0.00    0.00    0.00    0.00    0.00    0.00   92.35
00:12:43       0    2.30    0.00    6.90    0.00    0.00    0.00    0.00    0.00    0.00   90.80
00:12:43       1    0.00    0.00    6.02    0.00    0.00    0.00    0.00    0.00    0.00   93.98
00:12:43       2    2.33    0.00    6.98    0.00    0.00    0.00    0.00    0.00    0.00   90.70
00:12:43       3    0.00    0.00    5.95    0.00    0.00    0.00    0.00    0.00    0.00   94.05

00:12:43     CPU    %usr   %nice    %sys %iowait    %irq   %soft  %steal  %guest  %gnice   %idle
00:12:44     all    0.59    0.00    1.48    0.00    0.00    0.00    0.00    0.00    0.00   97.92
00:12:44       0    0.00    0.00    2.35    0.00    0.00    0.00    0.00    0.00    0.00   97.65
00:12:44       1    1.19    0.00    1.19    0.00    0.00    0.00    0.00    0.00    0.00   97.62
00:12:44       2    0.00    0.00    2.35    0.00    0.00    0.00    0.00    0.00    0.00   97.65
00:12:44       3    1.20    0.00    0.00    0.00    0.00    0.00    0.00    0.00    0.00   98.80

00:12:44     CPU    %usr   %nice    %sys %iowait    %irq   %soft  %steal  %guest  %gnice   %idle
00:12:45     all    7.34    0.00   17.80    0.00    0.00    2.82    0.00    0.00    0.00   72.03
00:12:45       0    7.95    0.00   17.05    0.00    0.00    3.41    0.00    0.00    0.00   71.59
00:12:45       1    8.99    0.00   19.10    0.00    0.00    1.12    0.00    0.00    0.00   70.79
00:12:45       2    7.87    0.00   15.73    0.00    0.00    3.37    0.00    0.00    0.00   73.03
00:12:45       3    4.55    0.00   19.32    0.00    0.00    3.41    0.00    0.00    0.00   72.73

00:12:45     CPU    %usr   %nice    %sys %iowait    %irq   %soft  %steal  %guest  %gnice   %idle
00:12:46     all    2.83    0.00    8.50    0.28    0.00    1.70    0.00    0.00    0.00   86.69
00:12:46       0    3.41    0.00    7.95    0.00    0.00    2.27    0.00    0.00    0.00   86.36
00:12:46       1    2.25    0.00    8.99    0.00    0.00    2.25    0.00    0.00    0.00   86.52
00:12:46       2    3.41    0.00    7.95    1.14    0.00    1.14    0.00    0.00    0.00   86.36
00:12:46       3    2.27    0.00    9.09    0.00    0.00    1.14    0.00    0.00    0.00   87.50

00:12:46     CPU    %usr   %nice    %sys %iowait    %irq   %soft  %steal  %guest  %gnice   %idle
00:12:47     all    0.87    0.00    2.33    0.00    0.00    0.58    0.00    0.00    0.00   96.22
00:12:47       0    1.16    0.00    1.16    0.00    0.00    1.16    0.00    0.00    0.00   96.51
00:12:47       1    0.00    0.00    2.38    0.00    0.00    0.00    0.00    0.00    0.00   97.62
00:12:47       2    1.15    0.00    3.45    0.00    0.00    0.00    0.00    0.00    0.00   95.40
00:12:47       3    1.15    0.00    2.30    0.00    0.00    1.15    0.00    0.00    0.00   95.40

00:12:47     CPU    %usr   %nice    %sys %iowait    %irq   %soft  %steal  %guest  %gnice   %idle
00:12:49     all    3.70    0.00   12.82    0.00    0.00    2.28    0.00    0.00    0.00   81.20
00:12:49       0    2.27    0.00   12.50    0.00    0.00    3.41    0.00    0.00    0.00   81.82
00:12:49       1    5.62    0.00    8.99    0.00    0.00    4.49    0.00    0.00    0.00   80.90
00:12:49       2    3.57    0.00   11.90    0.00    0.00    1.19    0.00    0.00    0.00   83.33
00:12:49       3    3.33    0.00   17.78    0.00    0.00    0.00    0.00    0.00    0.00   78.89

00:12:49     CPU    %usr   %nice    %sys %iowait    %irq   %soft  %steal  %guest  %gnice   %idle
00:12:50     all    4.61    0.00   18.70    0.00    0.00    4.07    0.00    0.00    0.00   72.63
00:12:50       0    7.29    0.00   18.75    0.00    0.00    4.17    0.00    0.00    0.00   69.79
00:12:50       1    2.33    0.00   16.28    0.00    0.00    4.65    0.00    0.00    0.00   76.74
00:12:50       2    3.30    0.00   19.78    0.00    0.00    3.30    0.00    0.00    0.00   73.63
00:12:50       3    5.21    0.00   19.79    0.00    0.00    4.17    0.00    0.00    0.00   70.83

00:12:50     CPU    %usr   %nice    %sys %iowait    %irq   %soft  %steal  %guest  %gnice   %idle
00:12:51     all    4.07    0.00   12.20    0.00    0.00    2.44    0.00    0.00    0.00   81.30
00:12:51       0    4.30    0.00   11.83    0.00    0.00    3.23    0.00    0.00    0.00   80.65
00:12:51       1    3.26    0.00   11.96    0.00    0.00    3.26    0.00    0.00    0.00   81.52
00:12:51       2    3.23    0.00   13.98    0.00    0.00    2.15    0.00    0.00    0.00   80.65
00:12:51       3    5.49    0.00   10.99    0.00    0.00    1.10    0.00    0.00    0.00   82.42

00:12:51     CPU    %usr   %nice    %sys %iowait    %irq   %soft  %steal  %guest  %gnice   %idle
00:12:52     all    5.16    0.00   14.95    0.00    0.00    3.53    0.00    0.00    0.00   76.36
00:12:52       0    8.51    0.00   12.77    0.00    0.00    4.26    0.00    0.00    0.00   74.47
00:12:52       1    5.38    0.00   15.05    0.00    0.00    3.23    0.00    0.00    0.00   76.34
00:12:52       2    1.11    0.00   17.78    0.00    0.00    3.33    0.00    0.00    0.00   77.78
00:12:52       3    5.49    0.00   14.29    0.00    0.00    3.30    0.00    0.00    0.00   76.92

00:12:52     CPU    %usr   %nice    %sys %iowait    %irq   %soft  %steal  %guest  %gnice   %idle
00:12:53     all    4.37    0.00   15.17    0.00    0.00    3.08    0.00    0.00    0.00   77.38
00:12:53       0    5.00    0.00   16.00    0.00    0.00    4.00    0.00    0.00    0.00   75.00
00:12:53       1    5.10    0.00   15.31    0.00    0.00    3.06    0.00    0.00    0.00   76.53
00:12:53       2    3.19    0.00   13.83    0.00    0.00    3.19    0.00    0.00    0.00   79.79
00:12:53       3    4.12    0.00   15.46    0.00    0.00    2.06    0.00    0.00    0.00   78.35

00:12:53     CPU    %usr   %nice    %sys %iowait    %irq   %soft  %steal  %guest  %gnice   %idle
00:12:54     all    4.94    0.00   14.57    0.00    0.00    3.46    0.00    0.00    0.00   77.04
00:12:54       0    4.90    0.00   13.73    0.00    0.00    4.90    0.00    0.00    0.00   76.47
00:12:54       1    3.88    0.00   15.53    0.00    0.00    4.85    0.00    0.00    0.00   75.73
00:12:54       2    3.92    0.00   16.67    0.00    0.00    2.94    0.00    0.00    0.00   76.47
00:12:54       3    7.14    0.00   12.24    0.00    0.00    1.02    0.00    0.00    0.00   79.59

00:12:54     CPU    %usr   %nice    %sys %iowait    %irq   %soft  %steal  %guest  %gnice   %idle
00:12:55     all    6.88    0.00   18.43    0.00    0.00    2.46    0.00    0.00    0.00   72.24
00:12:55       0    5.15    0.00   17.53    0.00    0.00    2.06    0.00    0.00    0.00   75.26
00:12:55       1    8.65    0.00   19.23    0.00    0.00    1.92    0.00    0.00    0.00   70.19
00:12:55       2    7.62    0.00   18.10    0.00    0.00    2.86    0.00    0.00    0.00   71.43
00:12:55       3    5.94    0.00   18.81    0.00    0.00    2.97    0.00    0.00    0.00   72.28

00:12:55     CPU    %usr   %nice    %sys %iowait    %irq   %soft  %steal  %guest  %gnice   %idle
00:12:56     all    6.90    0.00   13.56    0.00    0.00    3.22    0.00    0.00    0.00   76.32
00:12:56       0    8.11    0.00   12.61    0.00    0.00    3.60    0.00    0.00    0.00   75.68
00:12:56       1    5.56    0.00   11.11    0.00    0.00    6.48    0.00    0.00    0.00   76.85
00:12:56       2    7.48    0.00   14.95    0.00    0.00    0.93    0.00    0.00    0.00   76.64
00:12:56       3    6.42    0.00   15.60    0.00    0.00    1.83    0.00    0.00    0.00   76.15

00:12:56     CPU    %usr   %nice    %sys %iowait    %irq   %soft  %steal  %guest  %gnice   %idle
00:12:57     all    5.78    0.00   16.87    0.00    0.00    4.58    0.00    0.00    0.00   72.77
00:12:57       0    4.90    0.00   17.65    0.00    0.00    3.92    0.00    0.00    0.00   73.53
00:12:57       1    8.33    0.00   18.52    0.00    0.00    2.78    0.00    0.00    0.00   70.37
00:12:57       2    3.77    0.00   16.04    0.00    0.00    8.49    0.00    0.00    0.00   71.70
00:12:57       3    6.06    0.00   15.15    0.00    0.00    3.03    0.00    0.00    0.00   75.76

00:12:57     CPU    %usr   %nice    %sys %iowait    %irq   %soft  %steal  %guest  %gnice   %idle
00:12:58     all    4.22    0.00   17.80    0.00    0.00    3.51    0.00    0.00    0.00   74.47
00:12:58       0    4.81    0.00   16.35    0.00    0.00    1.92    0.00    0.00    0.00   76.92
00:12:58       1    3.74    0.00   16.82    0.00    0.00    4.67    0.00    0.00    0.00   74.77
00:12:58       2    4.42    0.00   22.12    0.00    0.00    3.54    0.00    0.00    0.00   69.91
00:12:58       3    3.88    0.00   15.53    0.00    0.00    3.88    0.00    0.00    0.00   76.70

00:12:58     CPU    %usr   %nice    %sys %iowait    %irq   %soft  %steal  %guest  %gnice   %idle
00:12:59     all    5.74    0.00   19.43    0.00    0.00    3.09    0.00    0.00    0.00   71.74
00:12:59       0    6.78    0.00   21.19    0.00    0.00    2.54    0.00    0.00    0.00   69.49
00:12:59       1    5.45    0.00   18.18    0.00    0.00    3.64    0.00    0.00    0.00   72.73
00:12:59       2    5.36    0.00   19.64    0.00    0.00    2.68    0.00    0.00    0.00   72.32
00:12:59       3    5.31    0.00   18.58    0.00    0.00    3.54    0.00    0.00    0.00   72.57

00:12:59     CPU    %usr   %nice    %sys %iowait    %irq   %soft  %steal  %guest  %gnice   %idle
00:13:00     all    5.26    0.00   22.47    0.00    0.00    5.06    0.00    0.00    0.00   67.21
00:13:00       0    6.35    0.00   21.43    0.00    0.00    6.35    0.00    0.00    0.00   65.87
00:13:00       1    4.84    0.00   24.19    0.00    0.00    4.03    0.00    0.00    0.00   66.94
00:13:00       2    6.61    0.00   21.49    0.00    0.00    3.31    0.00    0.00    0.00   68.60
00:13:00       3    3.25    0.00   22.76    0.00    0.00    6.50    0.00    0.00    0.00   67.48

00:13:00     CPU    %usr   %nice    %sys %iowait    %irq   %soft  %steal  %guest  %gnice   %idle
00:13:01     all    7.01    0.00   24.42    0.00    0.00    5.19    0.00    0.00    0.00   63.38
00:13:01       0    7.37    0.00   24.21    0.00    0.00    5.26    0.00    0.00    0.00   63.16
00:13:01       1    6.52    0.00   21.74    0.00    0.00    5.43    0.00    0.00    0.00   66.30
00:13:01       2    6.06    0.00   27.27    0.00    0.00    4.04    0.00    0.00    0.00   62.63
00:13:01       3    8.08    0.00   24.24    0.00    0.00    6.06    0.00    0.00    0.00   61.62

00:13:01     CPU    %usr   %nice    %sys %iowait    %irq   %soft  %steal  %guest  %gnice   %idle
00:13:02     all    8.44    0.00   22.73    0.22    0.00    4.11    0.00    0.00    0.00   64.50
00:13:02       0    6.96    0.00   20.87    0.87    0.00    6.09    0.00    0.00    0.00   65.22
00:13:02       1    9.48    0.00   22.41    0.00    0.00    3.45    0.00    0.00    0.00   64.66
00:13:02       2    7.76    0.00   22.41    0.00    0.00    5.17    0.00    0.00    0.00   64.66
00:13:02       3    9.57    0.00   25.22    0.00    0.00    1.74    0.00    0.00    0.00   63.48

00:13:02     CPU    %usr   %nice    %sys %iowait    %irq   %soft  %steal  %guest  %gnice   %idle
00:13:03     all    7.47    0.00   22.42    0.00    0.00    5.71    0.00    0.00    0.00   64.40
00:13:03       0    9.57    0.00   20.87    0.00    0.00    5.22    0.00    0.00    0.00   64.35
00:13:03       1    6.25    0.00   22.32    0.00    0.00    4.46    0.00    0.00    0.00   66.96
00:13:03       2    7.56    0.00   25.21    0.00    0.00    5.04    0.00    0.00    0.00   62.18
00:13:03       3    6.42    0.00   21.10    0.00    0.00    8.26    0.00    0.00    0.00   64.22

00:13:03     CPU    %usr   %nice    %sys %iowait    %irq   %soft  %steal  %guest  %gnice   %idle
00:13:04     all    8.55    0.00   24.45    0.00    0.00    3.58    0.00    0.00    0.00   63.42
00:13:04       0    7.32    0.00   23.58    0.00    0.00    4.07    0.00    0.00    0.00   65.04
00:13:04       1    7.87    0.00   24.41    0.00    0.00    4.72    0.00    0.00    0.00   62.99
00:13:04       2    8.00    0.00   25.60    0.00    0.00    3.20    0.00    0.00    0.00   63.20
00:13:04       3   10.94    0.00   24.22    0.00    0.00    2.34    0.00    0.00    0.00   62.50

00:13:04     CPU    %usr   %nice    %sys %iowait    %irq   %soft  %steal  %guest  %gnice   %idle
00:13:05     all    9.01    0.00   22.64    0.00    0.00    4.19    0.00    0.00    0.00   64.15
00:13:05       0   10.83    0.00   22.50    0.00    0.00    3.33    0.00    0.00    0.00   63.33
00:13:05       1    9.92    0.00   23.14    0.00    0.00    4.13    0.00    0.00    0.00   62.81
00:13:05       2    5.13    0.00   23.93    0.00    0.00    5.13    0.00    0.00    0.00   65.81
00:13:05       3   10.08    0.00   21.01    0.00    0.00    4.20    0.00    0.00    0.00   64.71

00:13:05     CPU    %usr   %nice    %sys %iowait    %irq   %soft  %steal  %guest  %gnice   %idle
00:13:06     all    8.58    0.00   23.20    0.19    0.00    3.12    0.00    0.00    0.00   64.91
00:13:06       0    7.81    0.00   25.00    0.00    0.00    2.34    0.00    0.00    0.00   64.84
00:13:06       1    7.69    0.00   23.85    0.00    0.00    3.85    0.00    0.00    0.00   64.62
00:13:06       2    7.81    0.00   24.22    0.00    0.00    3.12    0.00    0.00    0.00   64.84
00:13:06       3   11.02    0.00   19.69    0.79    0.00    3.15    0.00    0.00    0.00   65.35

00:13:06     CPU    %usr   %nice    %sys %iowait    %irq   %soft  %steal  %guest  %gnice   %idle
00:13:07     all    9.26    0.00   24.35    0.00    0.00    2.62    0.00    0.00    0.00   63.78
00:13:07       0    8.06    0.00   25.00    0.00    0.00    2.42    0.00    0.00    0.00   64.52
00:13:07       1    7.94    0.00   26.98    0.00    0.00    2.38    0.00    0.00    0.00   62.70
00:13:07       2   12.20    0.00   20.33    0.00    0.00    3.25    0.00    0.00    0.00   64.23
00:13:07       3    8.87    0.00   25.00    0.00    0.00    2.42    0.00    0.00    0.00   63.71

00:13:07     CPU    %usr   %nice    %sys %iowait    %irq   %soft  %steal  %guest  %gnice   %idle
00:13:08     all    7.82    0.00   18.39    0.00    0.00    3.17    0.00    0.00    0.00   70.61
00:13:08       0    6.72    0.00   18.49    0.00    0.00    4.20    0.00    0.00    0.00   70.59
00:13:08       1    8.62    0.00   18.10    0.00    0.00    1.72    0.00    0.00    0.00   71.55
00:13:08       2    6.84    0.00   17.95    0.00    0.00    3.42    0.00    0.00    0.00   71.79
00:13:08       3    9.09    0.00   19.01    0.00    0.00    3.31    0.00    0.00    0.00   68.60

00:13:08     CPU    %usr   %nice    %sys %iowait    %irq   %soft  %steal  %guest  %gnice   %idle
00:13:09     all    7.59    0.00   20.68    0.00    0.00    1.90    0.00    0.00    0.00   69.83
00:13:09       0    5.88    0.00   21.85    0.00    0.00    2.52    0.00    0.00    0.00   69.75
00:13:09       1    8.47    0.00   20.34    0.00    0.00    1.69    0.00    0.00    0.00   69.49
00:13:09       2    9.17    0.00   20.00    0.00    0.00    1.67    0.00    0.00    0.00   69.17
00:13:09       3    6.84    0.00   20.51    0.00    0.00    1.71    0.00    0.00    0.00   70.94

00:13:09     CPU    %usr   %nice    %sys %iowait    %irq   %soft  %steal  %guest  %gnice   %idle
00:13:10     all    9.96    0.00   30.31    0.00    0.00    6.19    0.00    0.00    0.00   53.54
00:13:10       0    9.73    0.00   32.74    0.00    0.00    4.42    0.00    0.00    0.00   53.10
00:13:10       1    8.85    0.00   28.32    0.00    0.00    7.96    0.00    0.00    0.00   54.87
00:13:10       2   10.62    0.00   30.09    0.00    0.00    6.19    0.00    0.00    0.00   53.10
00:13:10       3   10.62    0.00   30.09    0.00    0.00    6.19    0.00    0.00    0.00   53.10

00:13:10     CPU    %usr   %nice    %sys %iowait    %irq   %soft  %steal  %guest  %gnice   %idle
00:13:11     all    8.33    0.00   27.85    0.00    0.00    5.26    0.00    0.00    0.00   58.55
00:13:11       0    7.21    0.00   26.13    0.00    0.00    6.31    0.00    0.00    0.00   60.36
00:13:11       1   12.82    0.00   24.79    0.00    0.00    5.13    0.00    0.00    0.00   57.26
00:13:11       2    6.03    0.00   31.90    0.00    0.00    5.17    0.00    0.00    0.00   56.90
00:13:11       3    7.14    0.00   28.57    0.00    0.00    4.46    0.00    0.00    0.00   59.82

00:13:11     CPU    %usr   %nice    %sys %iowait    %irq   %soft  %steal  %guest  %gnice   %idle
00:13:12     all    8.52    0.00   27.35    0.00    0.00    5.38    0.00    0.00    0.00   58.74
00:13:12       0    7.34    0.00   27.52    0.00    0.00    5.50    0.00    0.00    0.00   59.63
00:13:12       1    8.18    0.00   26.36    0.00    0.00    5.45    0.00    0.00    0.00   60.00
00:13:12       2   10.26    0.00   29.06    0.00    0.00    4.27    0.00    0.00    0.00   56.41
00:13:12       3    8.18    0.00   26.36    0.00    0.00    6.36    0.00    0.00    0.00   59.09

00:13:12     CPU    %usr   %nice    %sys %iowait    %irq   %soft  %steal  %guest  %gnice   %idle
00:13:13     all    9.28    0.00   23.30    0.00    0.00    2.94    0.00    0.00    0.00   64.48
00:13:13       0   10.81    0.00   20.72    0.00    0.00    3.60    0.00    0.00    0.00   64.86
00:13:13       1    9.01    0.00   23.42    0.00    0.00    3.60    0.00    0.00    0.00   63.96
00:13:13       2   10.00    0.00   23.64    0.00    0.00    1.82    0.00    0.00    0.00   64.55
00:13:13       3    7.27    0.00   25.45    0.00    0.00    2.73    0.00    0.00    0.00   64.55

00:13:13     CPU    %usr   %nice    %sys %iowait    %irq   %soft  %steal  %guest  %gnice   %idle
00:13:14     all    8.31    0.00   29.21    0.00    0.00    3.37    0.00    0.00    0.00   59.10
00:13:14       0    6.96    0.00   30.43    0.00    0.00    5.22    0.00    0.00    0.00   57.39
00:13:14       1    7.41    0.00   29.63    0.00    0.00    1.85    0.00    0.00    0.00   61.11
00:13:14       2    9.82    0.00   28.57    0.00    0.00    3.57    0.00    0.00    0.00   58.04
00:13:14       3    9.09    0.00   28.18    0.00    0.00    2.73    0.00    0.00    0.00   60.00

00:13:14     CPU    %usr   %nice    %sys %iowait    %irq   %soft  %steal  %guest  %gnice   %idle
00:13:15     all    4.66    0.00   12.99    0.00    0.00    2.94    0.00    0.00    0.00   79.41
00:13:15       0    4.95    0.00   13.86    0.00    0.00    1.98    0.00    0.00    0.00   79.21
00:13:15       1    4.81    0.00   13.46    0.00    0.00    3.85    0.00    0.00    0.00   77.88
00:13:15       2    3.09    0.00   11.34    0.00    0.00    2.06    0.00    0.00    0.00   83.51
00:13:15       3    5.66    0.00   13.21    0.00    0.00    3.77    0.00    0.00    0.00   77.36

00:13:15     CPU    %usr   %nice    %sys %iowait    %irq   %soft  %steal  %guest  %gnice   %idle
00:13:16     all    7.67    0.00   18.94    0.00    0.00    3.60    0.00    0.00    0.00   69.78
00:13:16       0    9.26    0.00   19.44    0.00    0.00    3.70    0.00    0.00    0.00   67.59
00:13:16       1    3.92    0.00   21.57    0.00    0.00    3.92    0.00    0.00    0.00   70.59
00:13:16       2    6.80    0.00   18.45    0.00    0.00    3.88    0.00    0.00    0.00   70.87
00:13:16       3   10.58    0.00   16.35    0.00    0.00    2.88    0.00    0.00    0.00   70.19

00:13:16     CPU    %usr   %nice    %sys %iowait    %irq   %soft  %steal  %guest  %gnice   %idle
00:13:17     all    9.03    0.00   19.24    0.00    0.00    1.66    0.00    0.00    0.00   70.07
00:13:17       0   10.38    0.00   18.87    0.00    0.00    1.89    0.00    0.00    0.00   68.87
00:13:17       1    7.84    0.00   16.67    0.00    0.00    1.96    0.00    0.00    0.00   73.53
00:13:17       2   10.19    0.00   19.44    0.00    0.00    1.85    0.00    0.00    0.00   68.52
00:13:17       3    7.62    0.00   21.90    0.00    0.00    0.95    0.00    0.00    0.00   69.52

00:13:17     CPU    %usr   %nice    %sys %iowait    %irq   %soft  %steal  %guest  %gnice   %idle
00:13:18     all    7.77    0.00    9.07    0.00    0.00    1.30    0.00    0.00    0.00   81.87
00:13:18       0    7.00    0.00   12.00    0.00    0.00    2.00    0.00    0.00    0.00   79.00
00:13:18       1    7.61    0.00    5.43    0.00    0.00    1.09    0.00    0.00    0.00   85.87
00:13:18       2    7.37    0.00    8.42    0.00    0.00    1.05    0.00    0.00    0.00   83.16
00:13:18       3    9.09    0.00   10.10    0.00    0.00    1.01    0.00    0.00    0.00   79.80

00:13:18     CPU    %usr   %nice    %sys %iowait    %irq   %soft  %steal  %guest  %gnice   %idle
00:13:19     all    3.54    0.00    8.45    0.00    0.00    0.82    0.00    0.00    0.00   87.19
00:13:19       0    3.30    0.00    6.59    0.00    0.00    1.10    0.00    0.00    0.00   89.01
00:13:19       1    5.49    0.00    6.59    0.00    0.00    1.10    0.00    0.00    0.00   86.81
00:13:19       2    3.19    0.00   10.64    0.00    0.00    1.06    0.00    0.00    0.00   85.11
00:13:19       3    2.20    0.00    9.89    0.00    0.00    0.00    0.00    0.00    0.00   87.91

00:13:19     CPU    %usr   %nice    %sys %iowait    %irq   %soft  %steal  %guest  %gnice   %idle
00:13:20     all    7.01    0.00   19.41    0.00    0.00    3.23    0.00    0.00    0.00   70.35
00:13:20       0    6.52    0.00   17.39    0.00    0.00    4.35    0.00    0.00    0.00   71.74
00:13:20       1    6.59    0.00   18.68    0.00    0.00    3.30    0.00    0.00    0.00   71.43
00:13:20       2    7.78    0.00   17.78    0.00    0.00    2.22    0.00    0.00    0.00   72.22
00:13:20       3    7.14    0.00   23.47    0.00    0.00    3.06    0.00    0.00    0.00   66.33

00:13:20     CPU    %usr   %nice    %sys %iowait    %irq   %soft  %steal  %guest  %gnice   %idle
00:13:22     all    0.89    0.00    0.89    0.00    0.00    0.30    0.00    0.00    0.00   97.92
00:13:22       0    1.19    0.00    0.00    0.00    0.00    0.00    0.00    0.00    0.00   98.81
00:13:22       1    1.18    0.00    2.35    0.00    0.00    0.00    0.00    0.00    0.00   96.47
00:13:22       2    0.00    0.00    0.00    0.00    0.00    1.20    0.00    0.00    0.00   98.80
00:13:22       3    1.19    0.00    1.19    0.00    0.00    0.00    0.00    0.00    0.00   97.62

00:13:22     CPU    %usr   %nice    %sys %iowait    %irq   %soft  %steal  %guest  %gnice   %idle
00:13:23     all    3.47    0.00    8.96    0.29    0.00    2.02    0.00    0.00    0.00   85.26
00:13:23       0    3.53    0.00    9.41    0.00    0.00    1.18    0.00    0.00    0.00   85.88
00:13:23       1    3.37    0.00   10.11    1.12    0.00    2.25    0.00    0.00    0.00   83.15
00:13:23       2    1.19    0.00    7.14    0.00    0.00    3.57    0.00    0.00    0.00   88.10
00:13:23       3    5.68    0.00    9.09    0.00    0.00    1.14    0.00    0.00    0.00   84.09

00:13:23     CPU    %usr   %nice    %sys %iowait    %irq   %soft  %steal  %guest  %gnice   %idle
00:13:24     all    5.67    0.00   16.15    0.00    0.00    2.83    0.00    0.00    0.00   75.35
00:13:24       0    4.65    0.00   13.95    0.00    0.00    3.49    0.00    0.00    0.00   77.91
00:13:24       1    3.45    0.00   16.09    0.00    0.00    3.45    0.00    0.00    0.00   77.01
00:13:24       2    6.59    0.00   19.78    0.00    0.00    2.20    0.00    0.00    0.00   71.43
00:13:24       3    7.87    0.00   14.61    0.00    0.00    2.25    0.00    0.00    0.00   75.28

00:13:24     CPU    %usr   %nice    %sys %iowait    %irq   %soft  %steal  %guest  %gnice   %idle
00:13:25     all    5.57    0.00   14.76    0.00    0.00    2.79    0.00    0.00    0.00   76.88
00:13:25       0    5.49    0.00   16.48    0.00    0.00    1.10    0.00    0.00    0.00   76.92
00:13:25       1    5.68    0.00   12.50    0.00    0.00    4.55    0.00    0.00    0.00   77.27
00:13:25       2    4.44    0.00   16.67    0.00    0.00    2.22    0.00    0.00    0.00   76.67
00:13:25       3    6.67    0.00   13.33    0.00    0.00    3.33    0.00    0.00    0.00   76.67

00:13:25     CPU    %usr   %nice    %sys %iowait    %irq   %soft  %steal  %guest  %gnice   %idle
00:13:26     all    1.47    0.00    4.12    0.00    0.00    0.00    0.00    0.00    0.00   94.41
00:13:26       0    0.00    0.00    4.76    0.00    0.00    0.00    0.00    0.00    0.00   95.24
00:13:26       1    3.49    0.00    3.49    0.00    0.00    0.00    0.00    0.00    0.00   93.02
00:13:26       2    2.38    0.00    2.38    0.00    0.00    0.00    0.00    0.00    0.00   95.24
00:13:26       3    0.00    0.00    5.81    0.00    0.00    0.00    0.00    0.00    0.00   94.19

00:13:26     CPU    %usr   %nice    %sys %iowait    %irq   %soft  %steal  %guest  %gnice   %idle
00:13:27     all    0.29    0.00    2.06    0.00    0.00    0.00    0.00    0.00    0.00   97.65
00:13:27       0    0.00    0.00    0.00    0.00    0.00    0.00    0.00    0.00    0.00  100.00
00:13:27       1    0.00    0.00    2.35    0.00    0.00    0.00    0.00    0.00    0.00   97.65
00:13:27       2    0.00    0.00    3.49    0.00    0.00    0.00    0.00    0.00    0.00   96.51
00:13:27       3    1.16    0.00    2.33    0.00    0.00    0.00    0.00    0.00    0.00   96.51

00:13:27     CPU    %usr   %nice    %sys %iowait    %irq   %soft  %steal  %guest  %gnice   %idle
00:13:28     all    3.42    0.00   11.97    0.28    0.00    2.28    0.00    0.00    0.00   82.05
00:13:28       0    4.35    0.00   13.04    0.00    0.00    3.26    0.00    0.00    0.00   79.35
00:13:28       1    4.65    0.00    9.30    1.16    0.00    1.16    0.00    0.00    0.00   83.72
00:13:28       2    2.35    0.00   11.76    0.00    0.00    2.35    0.00    0.00    0.00   83.53
00:13:28       3    2.27    0.00   13.64    0.00    0.00    2.27    0.00    0.00    0.00   81.82

00:13:28     CPU    %usr   %nice    %sys %iowait    %irq   %soft  %steal  %guest  %gnice   %idle
00:13:29     all    1.46    0.00    4.08    0.00    0.00    0.87    0.00    0.00    0.00   93.59
00:13:29       0    1.18    0.00    3.53    0.00    0.00    1.18    0.00    0.00    0.00   94.12
00:13:29       1    2.27    0.00    4.55    0.00    0.00    2.27    0.00    0.00    0.00   90.91
00:13:29       2    1.19    0.00    3.57    0.00    0.00    0.00    0.00    0.00    0.00   95.24
00:13:29       3    1.16    0.00    4.65    0.00    0.00    0.00    0.00    0.00    0.00   94.19

00:13:29     CPU    %usr   %nice    %sys %iowait    %irq   %soft  %steal  %guest  %gnice   %idle
00:13:30     all    0.29    0.00    1.47    0.00    0.00    0.00    0.00    0.00    0.00   98.24
00:13:30       0    0.00    0.00    1.19    0.00    0.00    0.00    0.00    0.00    0.00   98.81
00:13:30       1    0.00    0.00    2.35    0.00    0.00    0.00    0.00    0.00    0.00   97.65
00:13:30       2    1.16    0.00    1.16    0.00    0.00    0.00    0.00    0.00    0.00   97.67
00:13:30       3    0.00    0.00    1.18    0.00    0.00    0.00    0.00    0.00    0.00   98.82

00:13:30     CPU    %usr   %nice    %sys %iowait    %irq   %soft  %steal  %guest  %gnice   %idle
00:13:31     all    4.75    0.00   15.08    0.00    0.00    3.91    0.00    0.00    0.00   76.26
00:13:31       0    5.62    0.00   12.36    0.00    0.00    5.62    0.00    0.00    0.00   76.40
00:13:31       1    6.74    0.00   13.48    0.00    0.00    2.25    0.00    0.00    0.00   77.53
00:13:31       2    3.41    0.00   17.05    0.00    0.00    2.27    0.00    0.00    0.00   77.27
00:13:31       3    3.26    0.00   17.39    0.00    0.00    5.43    0.00    0.00    0.00   73.91

00:13:31     CPU    %usr   %nice    %sys %iowait    %irq   %soft  %steal  %guest  %gnice   %idle
00:13:32     all    5.11    0.00   13.35    0.00    0.00    2.56    0.00    0.00    0.00   78.98
00:13:32       0    5.75    0.00   13.79    0.00    0.00    1.15    0.00    0.00    0.00   79.31
00:13:32       1    3.41    0.00   14.77    0.00    0.00    2.27    0.00    0.00    0.00   79.55
00:13:32       2    6.52    0.00   14.13    0.00    0.00    4.35    0.00    0.00    0.00   75.00
00:13:32       3    4.71    0.00   10.59    0.00    0.00    2.35    0.00    0.00    0.00   82.35

00:13:32     CPU    %usr   %nice    %sys %iowait    %irq   %soft  %steal  %guest  %gnice   %idle
00:13:33     all    7.97    0.00   16.48    0.00    0.00    3.30    0.00    0.00    0.00   72.25
00:13:33       0   10.31    0.00   18.56    0.00    0.00    3.09    0.00    0.00    0.00   68.04
00:13:33       1    4.44    0.00   17.78    0.00    0.00    4.44    0.00    0.00    0.00   73.33
00:13:33       2    6.82    0.00   15.91    0.00    0.00    2.27    0.00    0.00    0.00   75.00
00:13:33       3   10.11    0.00   13.48    0.00    0.00    3.37    0.00    0.00    0.00   73.03

00:13:33     CPU    %usr   %nice    %sys %iowait    %irq   %soft  %steal  %guest  %gnice   %idle
00:13:34     all    2.87    0.00    9.48    0.00    0.00    1.44    0.00    0.00    0.00   86.21
00:13:34       0    3.41    0.00   10.23    0.00    0.00    1.14    0.00    0.00    0.00   85.23
00:13:34       1    2.33    0.00    9.30    0.00    0.00    1.16    0.00    0.00    0.00   87.21
00:13:34       2    4.71    0.00    5.88    0.00    0.00    1.18    0.00    0.00    0.00   88.24
00:13:34       3    1.12    0.00   12.36    0.00    0.00    2.25    0.00    0.00    0.00   84.27

00:13:34     CPU    %usr   %nice    %sys %iowait    %irq   %soft  %steal  %guest  %gnice   %idle
00:13:35     all    0.59    0.00    1.18    0.00    0.00    0.00    0.00    0.00    0.00   98.23
00:13:35       0    0.00    0.00    0.00    0.00    0.00    0.00    0.00    0.00    0.00  100.00
00:13:35       1    1.16    0.00    2.33    0.00    0.00    0.00    0.00    0.00    0.00   96.51
00:13:35       2    0.00    0.00    1.18    0.00    0.00    0.00    0.00    0.00    0.00   98.82
00:13:35       3    1.18    0.00    1.18    0.00    0.00    0.00    0.00    0.00    0.00   97.65

00:13:35     CPU    %usr   %nice    %sys %iowait    %irq   %soft  %steal  %guest  %gnice   %idle
00:13:36     all    4.46    0.00   16.16    0.00    0.00    2.23    0.00    0.00    0.00   77.16
00:13:36       0    5.49    0.00   14.29    0.00    0.00    2.20    0.00    0.00    0.00   78.02
00:13:36       1    4.40    0.00   17.58    0.00    0.00    2.20    0.00    0.00    0.00   75.82
00:13:36       2    4.44    0.00   17.78    0.00    0.00    2.22    0.00    0.00    0.00   75.56
00:13:36       3    3.45    0.00   14.94    0.00    0.00    2.30    0.00    0.00    0.00   79.31

00:13:36     CPU    %usr   %nice    %sys %iowait    %irq   %soft  %steal  %guest  %gnice   %idle
00:13:37     all    1.78    0.00    3.85    0.00    0.00    0.59    0.00    0.00    0.00   93.79
00:13:37       0    2.38    0.00    2.38    0.00    0.00    1.19    0.00    0.00    0.00   94.05
00:13:37       1    1.18    0.00    4.71    0.00    0.00    1.18    0.00    0.00    0.00   92.94
00:13:37       2    2.35    0.00    3.53    0.00    0.00    0.00    0.00    0.00    0.00   94.12
00:13:37       3    1.19    0.00    4.76    0.00    0.00    0.00    0.00    0.00    0.00   94.05

00:13:37     CPU    %usr   %nice    %sys %iowait    %irq   %soft  %steal  %guest  %gnice   %idle
00:13:38     all    0.30    0.00    0.59    0.30    0.00    0.30    0.00    0.00    0.00   98.52
00:13:38       0    1.18    0.00    0.00    0.00    0.00    1.18    0.00    0.00    0.00   97.65
00:13:38       1    0.00    0.00    1.19    0.00    0.00    0.00    0.00    0.00    0.00   98.81
00:13:38       2    0.00    0.00    1.18    1.18    0.00    0.00    0.00    0.00    0.00   97.65
00:13:38       3    0.00    0.00    0.00    0.00    0.00    0.00    0.00    0.00    0.00  100.00

00:13:38     CPU    %usr   %nice    %sys %iowait    %irq   %soft  %steal  %guest  %gnice   %idle
00:13:39     all    3.69    0.00   14.20    0.00    0.00    1.70    0.00    0.00    0.00   80.40
00:13:39       0    4.55    0.00   13.64    0.00    0.00    2.27    0.00    0.00    0.00   79.55
00:13:39       1    2.20    0.00   17.58    0.00    0.00    2.20    0.00    0.00    0.00   78.02
00:13:39       2    4.44    0.00   15.56    0.00    0.00    1.11    0.00    0.00    0.00   78.89
00:13:39       3    3.61    0.00    9.64    0.00    0.00    1.20    0.00    0.00    0.00   85.54

00:13:39     CPU    %usr   %nice    %sys %iowait    %irq   %soft  %steal  %guest  %gnice   %idle
00:13:40     all    1.48    0.00    4.44    0.00    0.00    0.30    0.00    0.00    0.00   93.79
00:13:40       0    0.00    0.00    4.76    0.00    0.00    0.00    0.00    0.00    0.00   95.24
00:13:40       1    2.41    0.00    2.41    0.00    0.00    0.00    0.00    0.00    0.00   95.18
00:13:40       2    2.33    0.00    4.65    0.00    0.00    1.16    0.00    0.00    0.00   91.86
00:13:40       3    1.18    0.00    5.88    0.00    0.00    0.00    0.00    0.00    0.00   92.94

00:13:40     CPU    %usr   %nice    %sys %iowait    %irq   %soft  %steal  %guest  %gnice   %idle
00:13:41     all    7.97    0.00   21.43    0.00    0.00    3.85    0.00    0.00    0.00   66.76
00:13:41       0    8.89    0.00   21.11    0.00    0.00    3.33    0.00    0.00    0.00   66.67
00:13:41       1    6.59    0.00   21.98    0.00    0.00    4.40    0.00    0.00    0.00   67.03
00:13:41       2    8.05    0.00   18.39    0.00    0.00    3.45    0.00    0.00    0.00   70.11
00:13:41       3    8.33    0.00   23.96    0.00    0.00    4.17    0.00    0.00    0.00   63.54

00:13:41     CPU    %usr   %nice    %sys %iowait    %irq   %soft  %steal  %guest  %gnice   %idle
00:13:42     all    5.70    0.00   10.54    0.00    0.00    2.28    0.00    0.00    0.00   81.48
00:13:42       0    7.78    0.00   12.22    0.00    0.00    1.11    0.00    0.00    0.00   78.89
00:13:42       1    6.98    0.00    6.98    0.00    0.00    2.33    0.00    0.00    0.00   83.72
00:13:42       2    4.71    0.00    9.41    0.00    0.00    2.35    0.00    0.00    0.00   83.53
00:13:42       3    3.33    0.00   13.33    0.00    0.00    3.33    0.00    0.00    0.00   80.00
