Linux 6.6.87.2-microsoft-standard-WSL2 (Udeepa-ASUS) 	04/16/26 	_x86_64_	(4 CPU)

00:20:26     CPU    %usr   %nice    %sys %iowait    %irq   %soft  %steal  %guest  %gnice   %idle
00:20:27     all   34.26    0.00   27.41    0.00    0.00   14.72    0.00    0.00    0.00   23.60
00:20:27       0   28.71    0.00   25.74    0.00    0.00   20.79    0.00    0.00    0.00   24.75
00:20:27       1   30.93    0.00   32.99    0.00    0.00    8.25    0.00    0.00    0.00   27.84
00:20:27       2   45.00    0.00   27.00    0.00    0.00   16.00    0.00    0.00    0.00   12.00
00:20:27       3   32.29    0.00   23.96    0.00    0.00   13.54    0.00    0.00    0.00   30.21

00:20:27     CPU    %usr   %nice    %sys %iowait    %irq   %soft  %steal  %guest  %gnice   %idle
00:20:28     all   37.78    0.00   26.70    0.00    0.00   17.38    0.00    0.00    0.00   18.14
00:20:28       0   33.33    0.00   27.45    0.00    0.00   22.55    0.00    0.00    0.00   16.67
00:20:28       1   43.88    0.00   25.51    0.00    0.00   16.33    0.00    0.00    0.00   14.29
00:20:28       2   44.33    0.00   23.71    0.00    0.00   18.56    0.00    0.00    0.00   13.40
00:20:28       3   30.00    0.00   30.00    0.00    0.00   12.00    0.00    0.00    0.00   28.00

00:20:28     CPU    %usr   %nice    %sys %iowait    %irq   %soft  %steal  %guest  %gnice   %idle
00:20:29     all   37.40    0.00   26.97    0.00    0.00   16.54    0.00    0.00    0.00   19.08
00:20:29       0   29.29    0.00   24.24    0.00    0.00   22.22    0.00    0.00    0.00   24.24
00:20:29       1   46.46    0.00   26.26    0.00    0.00   16.16    0.00    0.00    0.00   11.11
00:20:29       2   37.11    0.00   28.87    0.00    0.00   17.53    0.00    0.00    0.00   16.49
00:20:29       3   36.73    0.00   28.57    0.00    0.00   10.20    0.00    0.00    0.00   24.49

00:20:29     CPU    %usr   %nice    %sys %iowait    %irq   %soft  %steal  %guest  %gnice   %idle
00:20:30     all   34.69    0.00   27.04    0.00    0.00   18.37    0.00    0.00    0.00   19.90
00:20:30       0   33.33    0.00   27.27    0.00    0.00   25.25    0.00    0.00    0.00   14.14
00:20:30       1   42.42    0.00   27.27    0.00    0.00   20.20    0.00    0.00    0.00   10.10
00:20:30       2   37.37    0.00   30.30    0.00    0.00   15.15    0.00    0.00    0.00   17.17
00:20:30       3   25.26    0.00   23.16    0.00    0.00   12.63    0.00    0.00    0.00   38.95

00:20:30     CPU    %usr   %nice    %sys %iowait    %irq   %soft  %steal  %guest  %gnice   %idle
00:20:31     all   33.51    0.00   31.70    0.00    0.00   18.04    0.00    0.00    0.00   16.75
00:20:31       0   25.00    0.00   30.00    0.00    0.00   25.00    0.00    0.00    0.00   20.00
00:20:31       1   39.18    0.00   31.96    0.00    0.00   18.56    0.00    0.00    0.00   10.31
00:20:31       2   38.54    0.00   30.21    0.00    0.00   14.58    0.00    0.00    0.00   16.67
00:20:31       3   31.58    0.00   34.74    0.00    0.00   13.68    0.00    0.00    0.00   20.00

00:20:31     CPU    %usr   %nice    %sys %iowait    %irq   %soft  %steal  %guest  %gnice   %idle
00:20:32     all   31.15    0.00   36.91    0.00    0.00   15.45    0.00    0.00    0.00   16.49
00:20:32       0   19.79    0.00   35.42    0.00    0.00   23.96    0.00    0.00    0.00   20.83
00:20:32       1   32.98    0.00   37.23    0.00    0.00   11.70    0.00    0.00    0.00   18.09
00:20:32       2   32.99    0.00   38.14    0.00    0.00   14.43    0.00    0.00    0.00   14.43
00:20:32       3   38.95    0.00   36.84    0.00    0.00   11.58    0.00    0.00    0.00   12.63

00:20:32     CPU    %usr   %nice    %sys %iowait    %irq   %soft  %steal  %guest  %gnice   %idle
00:20:33     all   30.81    0.00   36.62    0.00    0.00   17.68    0.00    0.00    0.00   14.90
00:20:33       0   17.14    0.00   32.38    0.00    0.00   26.67    0.00    0.00    0.00   23.81
00:20:33       1   29.59    0.00   41.84    0.00    0.00   13.27    0.00    0.00    0.00   15.31
00:20:33       2   37.76    0.00   33.67    0.00    0.00   18.37    0.00    0.00    0.00   10.20
00:20:33       3   40.00    0.00   38.95    0.00    0.00   11.58    0.00    0.00    0.00    9.47

00:20:33     CPU    %usr   %nice    %sys %iowait    %irq   %soft  %steal  %guest  %gnice   %idle
00:20:34     all   32.75    0.00   38.54    0.25    0.00   14.86    0.00    0.00    0.00   13.60
00:20:34       0   24.04    0.00   34.62    0.96    0.00   21.15    0.00    0.00    0.00   19.23
00:20:34       1   35.71    0.00   38.78    0.00    0.00    8.16    0.00    0.00    0.00   17.35
00:20:34       2   36.84    0.00   44.21    0.00    0.00   10.53    0.00    0.00    0.00    8.42
00:20:34       3   35.00    0.00   37.00    0.00    0.00   19.00    0.00    0.00    0.00    9.00

00:20:34     CPU    %usr   %nice    %sys %iowait    %irq   %soft  %steal  %guest  %gnice   %idle
00:20:35     all   33.16    0.00   35.95    0.00    0.00   15.70    0.00    0.00    0.00   15.19
00:20:35       0   24.04    0.00   28.85    0.00    0.00   25.96    0.00    0.00    0.00   21.15
00:20:35       1   37.11    0.00   35.05    0.00    0.00   14.43    0.00    0.00    0.00   13.40
00:20:35       2   32.99    0.00   42.27    0.00    0.00   11.34    0.00    0.00    0.00   13.40
00:20:35       3   39.18    0.00   38.14    0.00    0.00   10.31    0.00    0.00    0.00   12.37

00:20:35     CPU    %usr   %nice    %sys %iowait    %irq   %soft  %steal  %guest  %gnice   %idle
00:20:36     all   30.90    0.00   39.95    0.00    0.00   15.83    0.00    0.00    0.00   13.32
00:20:36       0   23.30    0.00   33.98    0.00    0.00   26.21    0.00    0.00    0.00   16.50
00:20:36       1   27.84    0.00   45.36    0.00    0.00   10.31    0.00    0.00    0.00   16.49
00:20:36       2   31.96    0.00   42.27    0.00    0.00   12.37    0.00    0.00    0.00   13.40
00:20:36       3   40.59    0.00   38.61    0.00    0.00   13.86    0.00    0.00    0.00    6.93

00:20:36     CPU    %usr   %nice    %sys %iowait    %irq   %soft  %steal  %guest  %gnice   %idle
00:20:37     all   31.00    0.00   38.00    0.00    0.00   16.75    0.00    0.00    0.00   14.25
00:20:37       0   19.81    0.00   35.85    0.00    0.00   25.47    0.00    0.00    0.00   18.87
00:20:37       1   36.36    0.00   38.38    0.00    0.00   10.10    0.00    0.00    0.00   15.15
00:20:37       2   37.76    0.00   32.65    0.00    0.00   18.37    0.00    0.00    0.00   11.22
00:20:37       3   30.93    0.00   45.36    0.00    0.00   12.37    0.00    0.00    0.00   11.34

00:20:37     CPU    %usr   %nice    %sys %iowait    %irq   %soft  %steal  %guest  %gnice   %idle
00:20:38     all   31.59    0.00   38.31    0.00    0.00   15.42    0.00    0.00    0.00   14.68
00:20:38       0   20.56    0.00   34.58    0.00    0.00   21.50    0.00    0.00    0.00   23.36
00:20:38       1   28.57    0.00   43.88    0.00    0.00   11.22    0.00    0.00    0.00   16.33
00:20:38       2   39.22    0.00   37.25    0.00    0.00   15.69    0.00    0.00    0.00    7.84
00:20:38       3   38.95    0.00   37.89    0.00    0.00   12.63    0.00    0.00    0.00   10.53

00:20:38     CPU    %usr   %nice    %sys %iowait    %irq   %soft  %steal  %guest  %gnice   %idle
00:20:39     all   28.74    0.00   38.42    0.00    0.00   17.01    0.00    0.00    0.00   15.84
00:20:39       0   20.93    0.00   32.56    0.00    0.00   25.58    0.00    0.00    0.00   20.93
00:20:39       1   32.53    0.00   37.35    0.00    0.00   16.87    0.00    0.00    0.00   13.25
00:20:39       2   27.59    0.00   45.98    0.00    0.00   12.64    0.00    0.00    0.00   13.79
00:20:39       3   34.12    0.00   37.65    0.00    0.00   12.94    0.00    0.00    0.00   15.29

00:20:39     CPU    %usr   %nice    %sys %iowait    %irq   %soft  %steal  %guest  %gnice   %idle
00:20:40     all   28.69    0.00   35.93    0.00    0.00   18.11    0.00    0.00    0.00   17.27
00:20:40       0   21.74    0.00   30.43    0.00    0.00   30.43    0.00    0.00    0.00   17.39
00:20:40       1   31.46    0.00   38.20    0.00    0.00   13.48    0.00    0.00    0.00   16.85
00:20:40       2   31.46    0.00   39.33    0.00    0.00   14.61    0.00    0.00    0.00   14.61
00:20:40       3   30.34    0.00   35.96    0.00    0.00   13.48    0.00    0.00    0.00   20.22

00:20:40     CPU    %usr   %nice    %sys %iowait    %irq   %soft  %steal  %guest  %gnice   %idle
00:20:41     all   28.83    0.00   36.22    0.00    0.00   18.88    0.00    0.00    0.00   16.07
00:20:41       0   25.49    0.00   29.41    0.00    0.00   27.45    0.00    0.00    0.00   17.65
00:20:41       1   27.55    0.00   43.88    0.00    0.00   14.29    0.00    0.00    0.00   14.29
00:20:41       2   34.69    0.00   33.67    0.00    0.00   20.41    0.00    0.00    0.00   11.22
00:20:41       3   27.66    0.00   38.30    0.00    0.00   12.77    0.00    0.00    0.00   21.28

00:20:41     CPU    %usr   %nice    %sys %iowait    %irq   %soft  %steal  %guest  %gnice   %idle
00:20:42     all   33.68    0.00   36.50    0.00    0.00   14.91    0.00    0.00    0.00   14.91
00:20:42       0   31.37    0.00   33.33    0.00    0.00   19.61    0.00    0.00    0.00   15.69
00:20:42       1   37.23    0.00   35.11    0.00    0.00   15.96    0.00    0.00    0.00   11.70
00:20:42       2   34.34    0.00   38.38    0.00    0.00   14.14    0.00    0.00    0.00   13.13
00:20:42       3   31.91    0.00   39.36    0.00    0.00    9.57    0.00    0.00    0.00   19.15

00:20:42     CPU    %usr   %nice    %sys %iowait    %irq   %soft  %steal  %guest  %gnice   %idle
00:20:43     all   31.36    0.00   39.01    0.00    0.00   15.56    0.00    0.00    0.00   14.07
00:20:43       0   26.85    0.00   31.48    0.00    0.00   25.00    0.00    0.00    0.00   16.67
00:20:43       1   35.35    0.00   40.40    0.00    0.00   11.11    0.00    0.00    0.00   13.13
00:20:43       2   31.63    0.00   43.88    0.00    0.00   10.20    0.00    0.00    0.00   14.29
00:20:43       3   32.00    0.00   41.00    0.00    0.00   15.00    0.00    0.00    0.00   12.00

00:20:43     CPU    %usr   %nice    %sys %iowait    %irq   %soft  %steal  %guest  %gnice   %idle
00:20:44     all   30.26    0.00   38.21    0.00    0.00   16.92    0.00    0.00    0.00   14.62
00:20:44       0   21.65    0.00   32.99    0.00    0.00   24.74    0.00    0.00    0.00   20.62
00:20:44       1   28.28    0.00   43.43    0.00    0.00   13.13    0.00    0.00    0.00   15.15
00:20:44       2   37.11    0.00   39.18    0.00    0.00   12.37    0.00    0.00    0.00   11.34
00:20:44       3   34.02    0.00   37.11    0.00    0.00   17.53    0.00    0.00    0.00   11.34

00:20:44     CPU    %usr   %nice    %sys %iowait    %irq   %soft  %steal  %guest  %gnice   %idle
00:20:45     all   29.82    0.00   38.60    0.00    0.00   17.79    0.00    0.00    0.00   13.78
00:20:45       0   25.96    0.00   30.77    0.00    0.00   27.88    0.00    0.00    0.00   15.38
00:20:45       1   30.69    0.00   47.52    0.00    0.00    9.90    0.00    0.00    0.00   11.88
00:20:45       2   32.29    0.00   38.54    0.00    0.00   16.67    0.00    0.00    0.00   12.50
00:20:45       3   30.61    0.00   37.76    0.00    0.00   16.33    0.00    0.00    0.00   15.31

00:20:45     CPU    %usr   %nice    %sys %iowait    %irq   %soft  %steal  %guest  %gnice   %idle
00:20:46     all   31.34    0.00   38.06    0.00    0.00   15.67    0.00    0.00    0.00   14.93
00:20:46       0   25.47    0.00   36.79    0.00    0.00   21.70    0.00    0.00    0.00   16.04
00:20:46       1   24.49    0.00   45.92    0.00    0.00    8.16    0.00    0.00    0.00   21.43
00:20:46       2   39.18    0.00   35.05    0.00    0.00   17.53    0.00    0.00    0.00    8.25
00:20:46       3   36.63    0.00   34.65    0.00    0.00   14.85    0.00    0.00    0.00   13.86

00:20:46     CPU    %usr   %nice    %sys %iowait    %irq   %soft  %steal  %guest  %gnice   %idle
00:20:47     all   30.23    0.00   39.04    0.00    0.00   16.12    0.00    0.00    0.00   14.61
00:20:47       0   28.85    0.00   31.73    0.00    0.00   22.12    0.00    0.00    0.00   17.31
00:20:47       1   30.30    0.00   40.40    0.00    0.00   15.15    0.00    0.00    0.00   14.14
00:20:47       2   27.84    0.00   43.30    0.00    0.00   14.43    0.00    0.00    0.00   14.43
00:20:47       3   34.02    0.00   41.24    0.00    0.00   12.37    0.00    0.00    0.00   12.37

00:20:47     CPU    %usr   %nice    %sys %iowait    %irq   %soft  %steal  %guest  %gnice   %idle
00:20:48     all   30.18    0.00   37.85    0.00    0.00   16.37    0.00    0.00    0.00   15.60
00:20:48       0   22.22    0.00   36.36    0.00    0.00   22.22    0.00    0.00    0.00   19.19
00:20:48       1   37.00    0.00   38.00    0.00    0.00   14.00    0.00    0.00    0.00   11.00
00:20:48       2   27.96    0.00   43.01    0.00    0.00   13.98    0.00    0.00    0.00   15.05
00:20:48       3   33.33    0.00   34.34    0.00    0.00   15.15    0.00    0.00    0.00   17.17

00:20:48     CPU    %usr   %nice    %sys %iowait    %irq   %soft  %steal  %guest  %gnice   %idle
00:20:49     all   28.64    0.00   40.41    0.00    0.00   15.86    0.00    0.00    0.00   15.09
00:20:49       0   23.08    0.00   37.50    0.00    0.00   24.04    0.00    0.00    0.00   15.38
00:20:49       1   35.05    0.00   41.24    0.00    0.00   13.40    0.00    0.00    0.00   10.31
00:20:49       2   27.84    0.00   45.36    0.00    0.00   13.40    0.00    0.00    0.00   13.40
00:20:49       3   29.03    0.00   37.63    0.00    0.00   11.83    0.00    0.00    0.00   21.51

00:20:49     CPU    %usr   %nice    %sys %iowait    %irq   %soft  %steal  %guest  %gnice   %idle
00:20:50     all   31.50    0.00   36.50    0.00    0.00   17.75    0.00    0.00    0.00   14.25
00:20:50       0   25.24    0.00   30.10    0.00    0.00   29.13    0.00    0.00    0.00   15.53
00:20:50       1   46.00    0.00   32.00    0.00    0.00   15.00    0.00    0.00    0.00    7.00
00:20:50       2   25.00    0.00   43.00    0.00    0.00   14.00    0.00    0.00    0.00   18.00
00:20:50       3   29.90    0.00   41.24    0.00    0.00   12.37    0.00    0.00    0.00   16.49

00:20:50     CPU    %usr   %nice    %sys %iowait    %irq   %soft  %steal  %guest  %gnice   %idle
00:20:51     all   34.63    0.00   36.95    0.00    0.00   14.47    0.00    0.00    0.00   13.95
00:20:51       0   24.75    0.00   38.61    0.00    0.00   19.80    0.00    0.00    0.00   16.83
00:20:51       1   34.38    0.00   41.67    0.00    0.00   12.50    0.00    0.00    0.00   11.46
00:20:51       2   44.33    0.00   29.90    0.00    0.00   14.43    0.00    0.00    0.00   11.34
00:20:51       3   35.48    0.00   37.63    0.00    0.00   10.75    0.00    0.00    0.00   16.13

00:20:51     CPU    %usr   %nice    %sys %iowait    %irq   %soft  %steal  %guest  %gnice   %idle
00:20:52     all   27.78    0.00   43.18    0.00    0.00   14.14    0.00    0.00    0.00   14.90
00:20:52       0   24.04    0.00   38.46    0.00    0.00   21.15    0.00    0.00    0.00   16.35
00:20:52       1   30.21    0.00   43.75    0.00    0.00   10.42    0.00    0.00    0.00   15.62
00:20:52       2   27.84    0.00   45.36    0.00    0.00   10.31    0.00    0.00    0.00   16.49
00:20:52       3   29.29    0.00   45.45    0.00    0.00   14.14    0.00    0.00    0.00   11.11

00:20:52     CPU    %usr   %nice    %sys %iowait    %irq   %soft  %steal  %guest  %gnice   %idle
00:20:53     all   30.25    0.00   37.25    0.00    0.00   17.50    0.00    0.00    0.00   15.00
00:20:53       0   29.13    0.00   28.16    0.00    0.00   27.18    0.00    0.00    0.00   15.53
00:20:53       1   32.00    0.00   39.00    0.00    0.00   17.00    0.00    0.00    0.00   12.00
00:20:53       2   26.47    0.00   48.04    0.00    0.00    8.82    0.00    0.00    0.00   16.67
00:20:53       3   33.68    0.00   33.68    0.00    0.00   16.84    0.00    0.00    0.00   15.79

00:20:53     CPU    %usr   %nice    %sys %iowait    %irq   %soft  %steal  %guest  %gnice   %idle
00:20:54     all   33.08    0.00   36.59    0.00    0.00   15.04    0.00    0.00    0.00   15.29
00:20:54       0   27.62    0.00   32.38    0.00    0.00   23.81    0.00    0.00    0.00   16.19
00:20:54       1   33.33    0.00   41.67    0.00    0.00   10.42    0.00    0.00    0.00   14.58
00:20:54       2   39.80    0.00   33.67    0.00    0.00   15.31    0.00    0.00    0.00   11.22
00:20:54       3   32.00    0.00   39.00    0.00    0.00   10.00    0.00    0.00    0.00   19.00

00:20:54     CPU    %usr   %nice    %sys %iowait    %irq   %soft  %steal  %guest  %gnice   %idle
00:20:55     all   32.47    0.00   36.86    0.00    0.00   16.49    0.00    0.00    0.00   14.18
00:20:55       0   25.00    0.00   37.00    0.00    0.00   22.00    0.00    0.00    0.00   16.00
00:20:55       1   31.58    0.00   35.79    0.00    0.00   15.79    0.00    0.00    0.00   16.84
00:20:55       2   39.80    0.00   34.69    0.00    0.00   13.27    0.00    0.00    0.00   12.24
00:20:55       3   33.68    0.00   40.00    0.00    0.00   14.74    0.00    0.00    0.00   11.58

00:20:55     CPU    %usr   %nice    %sys %iowait    %irq   %soft  %steal  %guest  %gnice   %idle
00:20:56     all   33.58    0.00   38.35    0.00    0.00   13.53    0.00    0.00    0.00   14.54
00:20:56       0   22.33    0.00   34.95    0.00    0.00   22.33    0.00    0.00    0.00   20.39
00:20:56       1   30.61    0.00   40.82    0.00    0.00   10.20    0.00    0.00    0.00   18.37
00:20:56       2   39.39    0.00   40.40    0.00    0.00   10.10    0.00    0.00    0.00   10.10
00:20:56       3   42.42    0.00   37.37    0.00    0.00   11.11    0.00    0.00    0.00    9.09

00:20:56     CPU    %usr   %nice    %sys %iowait    %irq   %soft  %steal  %guest  %gnice   %idle
00:20:57     all   28.43    0.00   40.10    0.00    0.00   16.75    0.00    0.00    0.00   14.72
00:20:57       0   17.14    0.00   38.10    0.00    0.00   23.81    0.00    0.00    0.00   20.95
00:20:57       1   26.88    0.00   39.78    0.00    0.00   12.90    0.00    0.00    0.00   20.43
00:20:57       2   38.38    0.00   38.38    0.00    0.00   16.16    0.00    0.00    0.00    7.07
00:20:57       3   31.96    0.00   44.33    0.00    0.00   13.40    0.00    0.00    0.00   10.31

00:20:57     CPU    %usr   %nice    %sys %iowait    %irq   %soft  %steal  %guest  %gnice   %idle
00:20:58     all   31.36    0.00   39.01    0.00    0.00   15.80    0.00    0.00    0.00   13.83
00:20:58       0   22.43    0.00   35.51    0.00    0.00   23.36    0.00    0.00    0.00   18.69
00:20:58       1   23.23    0.00   46.46    0.00    0.00   12.12    0.00    0.00    0.00   18.18
00:20:58       2   42.42    0.00   35.35    0.00    0.00   12.12    0.00    0.00    0.00   10.10
00:20:58       3   38.00    0.00   39.00    0.00    0.00   15.00    0.00    0.00    0.00    8.00

00:20:58     CPU    %usr   %nice    %sys %iowait    %irq   %soft  %steal  %guest  %gnice   %idle
00:21:00     all   31.11    0.00   37.53    0.00    0.00   15.94    0.00    0.00    0.00   15.42
00:21:00       0   27.88    0.00   31.73    0.00    0.00   22.12    0.00    0.00    0.00   18.27
00:21:00       1   28.57    0.00   39.56    0.00    0.00   12.09    0.00    0.00    0.00   19.78
00:21:00       2   34.69    0.00   38.78    0.00    0.00   15.31    0.00    0.00    0.00   11.22
00:21:00       3   33.33    0.00   40.62    0.00    0.00   13.54    0.00    0.00    0.00   12.50

00:21:00     CPU    %usr   %nice    %sys %iowait    %irq   %soft  %steal  %guest  %gnice   %idle
00:21:01     all   32.26    0.00   39.21    0.00    0.00   14.39    0.00    0.00    0.00   14.14
00:21:01       0   26.21    0.00   33.01    0.00    0.00   20.39    0.00    0.00    0.00   20.39
00:21:01       1   31.31    0.00   42.42    0.00    0.00   11.11    0.00    0.00    0.00   15.15
00:21:01       2   34.31    0.00   44.12    0.00    0.00    9.80    0.00    0.00    0.00   11.76
00:21:01       3   37.37    0.00   37.37    0.00    0.00   16.16    0.00    0.00    0.00    9.09

00:21:01     CPU    %usr   %nice    %sys %iowait    %irq   %soft  %steal  %guest  %gnice   %idle
00:21:02     all   32.12    0.00   34.97    0.00    0.00   18.13    0.00    0.00    0.00   14.77
00:21:02       0   25.96    0.00   29.81    0.00    0.00   27.88    0.00    0.00    0.00   16.35
00:21:02       1   35.71    0.00   37.76    0.00    0.00   14.29    0.00    0.00    0.00   12.24
00:21:02       2   30.11    0.00   38.71    0.00    0.00   15.05    0.00    0.00    0.00   16.13
00:21:02       3   37.36    0.00   34.07    0.00    0.00   14.29    0.00    0.00    0.00   14.29

00:21:02     CPU    %usr   %nice    %sys %iowait    %irq   %soft  %steal  %guest  %gnice   %idle
00:21:03     all   28.15    0.00   39.75    0.00    0.00   17.04    0.00    0.00    0.00   15.06
00:21:03       0   18.69    0.00   32.71    0.00    0.00   29.91    0.00    0.00    0.00   18.69
00:21:03       1   26.26    0.00   43.43    0.00    0.00   14.14    0.00    0.00    0.00   16.16
00:21:03       2   38.54    0.00   38.54    0.00    0.00   10.42    0.00    0.00    0.00   12.50
00:21:03       3   30.10    0.00   44.66    0.00    0.00   12.62    0.00    0.00    0.00   12.62

00:21:03     CPU    %usr   %nice    %sys %iowait    %irq   %soft  %steal  %guest  %gnice   %idle
00:21:04     all   31.30    0.00   37.91    0.00    0.00   17.05    0.00    0.00    0.00   13.74
00:21:04       0   28.57    0.00   31.63    0.00    0.00   24.49    0.00    0.00    0.00   15.31
00:21:04       1   30.93    0.00   41.24    0.00    0.00   15.46    0.00    0.00    0.00   12.37
00:21:04       2   34.65    0.00   38.61    0.00    0.00   10.89    0.00    0.00    0.00   15.84
00:21:04       3   30.93    0.00   40.21    0.00    0.00   17.53    0.00    0.00    0.00   11.34

00:21:04     CPU    %usr   %nice    %sys %iowait    %irq   %soft  %steal  %guest  %gnice   %idle
00:21:05     all   32.98    0.00   38.48    0.00    0.00   13.87    0.00    0.00    0.00   14.66
00:21:05       0   25.25    0.00   35.35    0.00    0.00   20.20    0.00    0.00    0.00   19.19
00:21:05       1   36.84    0.00   38.95    0.00    0.00    9.47    0.00    0.00    0.00   14.74
00:21:05       2   36.73    0.00   38.78    0.00    0.00   12.24    0.00    0.00    0.00   12.24
00:21:05       3   33.33    0.00   41.11    0.00    0.00   13.33    0.00    0.00    0.00   12.22

00:21:05     CPU    %usr   %nice    %sys %iowait    %irq   %soft  %steal  %guest  %gnice   %idle
00:21:06     all   31.68    0.00   36.39    0.00    0.00   17.57    0.00    0.00    0.00   14.36
00:21:06       0   20.59    0.00   31.37    0.00    0.00   28.43    0.00    0.00    0.00   19.61
00:21:06       1   30.39    0.00   42.16    0.00    0.00   12.75    0.00    0.00    0.00   14.71
00:21:06       2   39.60    0.00   33.66    0.00    0.00   14.85    0.00    0.00    0.00   11.88
00:21:06       3   36.36    0.00   38.38    0.00    0.00   14.14    0.00    0.00    0.00   11.11

00:21:06     CPU    %usr   %nice    %sys %iowait    %irq   %soft  %steal  %guest  %gnice   %idle
00:21:07     all   26.37    0.00   34.73    0.00    0.00   19.58    0.00    0.00    0.00   19.32
00:21:07       0   20.75    0.00   22.64    0.00    0.00   35.85    0.00    0.00    0.00   20.75
00:21:07       1   19.57    0.00   42.39    0.00    0.00   11.96    0.00    0.00    0.00   26.09
00:21:07       2   28.26    0.00   42.39    0.00    0.00   13.04    0.00    0.00    0.00   16.30
00:21:07       3   37.63    0.00   33.33    0.00    0.00   15.05    0.00    0.00    0.00   13.98

00:21:07     CPU    %usr   %nice    %sys %iowait    %irq   %soft  %steal  %guest  %gnice   %idle
00:21:08     all   28.75    0.00   34.50    0.00    0.00   19.25    0.00    0.00    0.00   17.50
00:21:08       0   21.50    0.00   28.04    0.00    0.00   31.78    0.00    0.00    0.00   18.69
00:21:08       1   20.00    0.00   38.95    0.00    0.00    9.47    0.00    0.00    0.00   31.58
00:21:08       2   33.33    0.00   37.37    0.00    0.00   16.16    0.00    0.00    0.00   13.13
00:21:08       3   40.40    0.00   34.34    0.00    0.00   18.18    0.00    0.00    0.00    7.07

00:21:08     CPU    %usr   %nice    %sys %iowait    %irq   %soft  %steal  %guest  %gnice   %idle
00:21:09     all   29.87    0.00   41.01    0.00    0.00   15.19    0.00    0.00    0.00   13.92
00:21:09       0   25.49    0.00   38.24    0.00    0.00   19.61    0.00    0.00    0.00   16.67
00:21:09       1   32.29    0.00   39.58    0.00    0.00   16.67    0.00    0.00    0.00   11.46
00:21:09       2   32.04    0.00   45.63    0.00    0.00   11.65    0.00    0.00    0.00   10.68
00:21:09       3   29.79    0.00   40.43    0.00    0.00   12.77    0.00    0.00    0.00   17.02

00:21:09     CPU    %usr   %nice    %sys %iowait    %irq   %soft  %steal  %guest  %gnice   %idle
00:21:10     all   30.10    0.00   40.56    0.00    0.00   16.07    0.00    0.00    0.00   13.27
00:21:10       0   21.57    0.00   35.29    0.00    0.00   26.47    0.00    0.00    0.00   16.67
00:21:10       1   31.96    0.00   44.33    0.00    0.00   11.34    0.00    0.00    0.00   12.37
00:21:10       2   34.38    0.00   41.67    0.00    0.00   12.50    0.00    0.00    0.00   11.46
00:21:10       3   32.99    0.00   41.24    0.00    0.00   13.40    0.00    0.00    0.00   12.37

00:21:10     CPU    %usr   %nice    %sys %iowait    %irq   %soft  %steal  %guest  %gnice   %idle
00:21:11     all   30.81    0.00   38.13    0.00    0.00   16.92    0.00    0.00    0.00   14.14
00:21:11       0   22.12    0.00   29.81    0.00    0.00   29.81    0.00    0.00    0.00   18.27
00:21:11       1   38.54    0.00   35.42    0.00    0.00   12.50    0.00    0.00    0.00   13.54
00:21:11       2   31.63    0.00   42.86    0.00    0.00   13.27    0.00    0.00    0.00   12.24
00:21:11       3   31.63    0.00   44.90    0.00    0.00   11.22    0.00    0.00    0.00   12.24

00:21:11     CPU    %usr   %nice    %sys %iowait    %irq   %soft  %steal  %guest  %gnice   %idle
00:21:12     all   28.92    0.00   37.25    0.00    0.00   17.65    0.00    0.00    0.00   16.18
00:21:12       0   17.12    0.00   31.53    0.00    0.00   28.83    0.00    0.00    0.00   22.52
00:21:12       1   28.00    0.00   44.00    0.00    0.00   10.00    0.00    0.00    0.00   18.00
00:21:12       2   32.32    0.00   39.39    0.00    0.00   16.16    0.00    0.00    0.00   12.12
00:21:12       3   39.80    0.00   34.69    0.00    0.00   14.29    0.00    0.00    0.00   11.22

00:21:12     CPU    %usr   %nice    %sys %iowait    %irq   %soft  %steal  %guest  %gnice   %idle
00:21:13     all   30.73    0.00   38.79    0.00    0.00   16.12    0.00    0.00    0.00   14.36
00:21:13       0   20.19    0.00   33.65    0.00    0.00   25.96    0.00    0.00    0.00   20.19
00:21:13       1   28.87    0.00   44.33    0.00    0.00   12.37    0.00    0.00    0.00   14.43
00:21:13       2   37.76    0.00   38.78    0.00    0.00   12.24    0.00    0.00    0.00   11.22
00:21:13       3   36.73    0.00   38.78    0.00    0.00   13.27    0.00    0.00    0.00   11.22

00:21:13     CPU    %usr   %nice    %sys %iowait    %irq   %soft  %steal  %guest  %gnice   %idle
00:21:14     all   29.19    0.00   38.07    0.00    0.00   16.24    0.00    0.00    0.00   16.50
00:21:14       0   26.47    0.00   34.31    0.00    0.00   22.55    0.00    0.00    0.00   16.67
00:21:14       1   32.99    0.00   43.30    0.00    0.00   12.37    0.00    0.00    0.00   11.34
00:21:14       2   29.90    0.00   37.11    0.00    0.00   17.53    0.00    0.00    0.00   15.46
00:21:14       3   27.55    0.00   37.76    0.00    0.00   12.24    0.00    0.00    0.00   22.45

00:21:14     CPU    %usr   %nice    %sys %iowait    %irq   %soft  %steal  %guest  %gnice   %idle
00:21:15     all   31.39    0.00   37.47    0.00    0.00   16.20    0.00    0.00    0.00   14.94
00:21:15       0   26.73    0.00   34.65    0.00    0.00   20.79    0.00    0.00    0.00   17.82
00:21:15       1   30.00    0.00   46.00    0.00    0.00   11.00    0.00    0.00    0.00   13.00
00:21:15       2   40.00    0.00   34.74    0.00    0.00   16.84    0.00    0.00    0.00    8.42
00:21:15       3   29.29    0.00   34.34    0.00    0.00   16.16    0.00    0.00    0.00   20.20

00:21:15     CPU    %usr   %nice    %sys %iowait    %irq   %soft  %steal  %guest  %gnice   %idle
00:21:16     all   27.39    0.00   38.19    0.00    0.00   18.59    0.00    0.00    0.00   15.83
00:21:16       0   16.82    0.00   37.38    0.00    0.00   26.17    0.00    0.00    0.00   19.63
00:21:16       1   22.92    0.00   41.67    0.00    0.00   13.54    0.00    0.00    0.00   21.88
00:21:16       2   34.34    0.00   38.38    0.00    0.00   18.18    0.00    0.00    0.00    9.09
00:21:16       3   36.46    0.00   35.42    0.00    0.00   15.62    0.00    0.00    0.00   12.50

00:21:16     CPU    %usr   %nice    %sys %iowait    %irq   %soft  %steal  %guest  %gnice   %idle
00:21:17     all   30.92    0.00   37.41    0.00    0.00   17.46    0.00    0.00    0.00   14.21
00:21:17       0   14.81    0.00   36.11    0.00    0.00   26.85    0.00    0.00    0.00   22.22
00:21:17       1   32.99    0.00   39.18    0.00    0.00   13.40    0.00    0.00    0.00   14.43
00:21:17       2   40.82    0.00   35.71    0.00    0.00   15.31    0.00    0.00    0.00    8.16
00:21:17       3   36.73    0.00   38.78    0.00    0.00   13.27    0.00    0.00    0.00   11.22

00:21:17     CPU    %usr   %nice    %sys %iowait    %irq   %soft  %steal  %guest  %gnice   %idle
00:21:18     all   30.23    0.00   38.54    0.00    0.00   15.87    0.00    0.00    0.00   15.37
00:21:18       0   21.15    0.00   37.50    0.00    0.00   22.12    0.00    0.00    0.00   19.23
00:21:18       1   25.77    0.00   42.27    0.00    0.00   12.37    0.00    0.00    0.00   19.59
00:21:18       2   28.87    0.00   42.27    0.00    0.00   15.46    0.00    0.00    0.00   13.40
00:21:18       3   45.45    0.00   32.32    0.00    0.00   13.13    0.00    0.00    0.00    9.09

00:21:18     CPU    %usr   %nice    %sys %iowait    %irq   %soft  %steal  %guest  %gnice   %idle
00:21:19     all   28.96    0.00   40.35    0.00    0.00   15.84    0.00    0.00    0.00   14.85
00:21:19       0   19.05    0.00   34.29    0.00    0.00   23.81    0.00    0.00    0.00   22.86
00:21:19       1   20.39    0.00   53.40    0.00    0.00    7.77    0.00    0.00    0.00   18.45
00:21:19       2   37.11    0.00   38.14    0.00    0.00   14.43    0.00    0.00    0.00   10.31
00:21:19       3   40.40    0.00   35.35    0.00    0.00   17.17    0.00    0.00    0.00    7.07

00:21:19     CPU    %usr   %nice    %sys %iowait    %irq   %soft  %steal  %guest  %gnice   %idle
00:21:20     all   31.74    0.00   37.53    0.00    0.00   17.63    0.00    0.00    0.00   13.10
00:21:20       0   26.47    0.00   35.29    0.00    0.00   25.49    0.00    0.00    0.00   12.75
00:21:20       1   35.79    0.00   36.84    0.00    0.00   12.63    0.00    0.00    0.00   14.74
00:21:20       2   31.00    0.00   40.00    0.00    0.00   16.00    0.00    0.00    0.00   13.00
00:21:20       3   34.00    0.00   38.00    0.00    0.00   16.00    0.00    0.00    0.00   12.00

00:21:20     CPU    %usr   %nice    %sys %iowait    %irq   %soft  %steal  %guest  %gnice   %idle
00:21:21     all   32.57    0.00   36.90    0.00    0.00   15.52    0.00    0.00    0.00   15.01
00:21:21       0   31.68    0.00   29.70    0.00    0.00   21.78    0.00    0.00    0.00   16.83
00:21:21       1   36.36    0.00   40.40    0.00    0.00   13.13    0.00    0.00    0.00   10.10
00:21:21       2   36.46    0.00   39.58    0.00    0.00   12.50    0.00    0.00    0.00   11.46
00:21:21       3   25.77    0.00   38.14    0.00    0.00   14.43    0.00    0.00    0.00   21.65

00:21:21     CPU    %usr   %nice    %sys %iowait    %irq   %soft  %steal  %guest  %gnice   %idle
00:21:22     all   32.92    0.00   36.39    0.00    0.00   16.58    0.00    0.00    0.00   14.11
00:21:22       0   25.00    0.00   32.41    0.00    0.00   23.15    0.00    0.00    0.00   19.44
00:21:22       1   30.53    0.00   40.00    0.00    0.00   13.68    0.00    0.00    0.00   15.79
00:21:22       2   43.56    0.00   32.67    0.00    0.00   12.87    0.00    0.00    0.00   10.89
00:21:22       3   33.00    0.00   41.00    0.00    0.00   16.00    0.00    0.00    0.00   10.00

00:21:22     CPU    %usr   %nice    %sys %iowait    %irq   %soft  %steal  %guest  %gnice   %idle
00:21:23     all   29.25    0.00   36.75    0.00    0.00   18.75    0.00    0.00    0.00   15.25
00:21:23       0   29.25    0.00   27.36    0.00    0.00   29.25    0.00    0.00    0.00   14.15
00:21:23       1   34.31    0.00   36.27    0.00    0.00   16.67    0.00    0.00    0.00   12.75
00:21:23       2   29.03    0.00   40.86    0.00    0.00   13.98    0.00    0.00    0.00   16.13
00:21:23       3   24.24    0.00   43.43    0.00    0.00   14.14    0.00    0.00    0.00   18.18

00:21:23     CPU    %usr   %nice    %sys %iowait    %irq   %soft  %steal  %guest  %gnice   %idle
00:21:24     all   28.75    0.00   39.69    0.00    0.00   16.28    0.00    0.00    0.00   15.27
00:21:24       0   31.43    0.00   33.33    0.00    0.00   22.86    0.00    0.00    0.00   12.38
00:21:24       1   36.56    0.00   34.41    0.00    0.00   15.05    0.00    0.00    0.00   13.98
00:21:24       2   22.11    0.00   44.21    0.00    0.00   14.74    0.00    0.00    0.00   18.95
00:21:24       3   25.00    0.00   47.00    0.00    0.00   12.00    0.00    0.00    0.00   16.00

00:21:24     CPU    %usr   %nice    %sys %iowait    %irq   %soft  %steal  %guest  %gnice   %idle
00:21:25     all   31.75    0.00   39.25    0.00    0.00   15.00    0.00    0.00    0.00   14.00
00:21:25       0   34.95    0.00   32.04    0.00    0.00   19.42    0.00    0.00    0.00   13.59
00:21:25       1   32.67    0.00   40.59    0.00    0.00   14.85    0.00    0.00    0.00   11.88
00:21:25       2   30.61    0.00   41.84    0.00    0.00   15.31    0.00    0.00    0.00   12.24
00:21:25       3   28.57    0.00   42.86    0.00    0.00   10.20    0.00    0.00    0.00   18.37

00:21:25     CPU    %usr   %nice    %sys %iowait    %irq   %soft  %steal  %guest  %gnice   %idle
00:21:26     all   30.03    0.00   38.68    0.00    0.00   16.79    0.00    0.00    0.00   14.50
00:21:26       0   25.74    0.00   32.67    0.00    0.00   24.75    0.00    0.00    0.00   16.83
00:21:26       1   42.86    0.00   36.73    0.00    0.00   14.29    0.00    0.00    0.00    6.12
00:21:26       2   29.29    0.00   41.41    0.00    0.00   14.14    0.00    0.00    0.00   15.15
00:21:26       3   22.11    0.00   44.21    0.00    0.00   13.68    0.00    0.00    0.00   20.00

00:21:26     CPU    %usr   %nice    %sys %iowait    %irq   %soft  %steal  %guest  %gnice   %idle
00:21:27     all   33.58    0.00   38.81    0.25    0.00   12.69    0.00    0.00    0.00   14.68
00:21:27       0   26.42    0.00   36.79    0.00    0.00   21.70    0.00    0.00    0.00   15.09
00:21:27       1   31.00    0.00   44.00    0.00    0.00    8.00    0.00    0.00    0.00   17.00
00:21:27       2   32.65    0.00   42.86    1.02    0.00   11.22    0.00    0.00    0.00   12.24
00:21:27       3   44.90    0.00   31.63    0.00    0.00    9.18    0.00    0.00    0.00   14.29

00:21:27     CPU    %usr   %nice    %sys %iowait    %irq   %soft  %steal  %guest  %gnice   %idle
00:21:28     all   12.53    0.00   41.60    0.00    0.00    9.27    0.00    0.00    0.00   36.59
00:21:28       0   10.89    0.00   32.67    0.00    0.00   19.80    0.00    0.00    0.00   36.63
00:21:28       1   12.24    0.00   44.90    0.00    0.00    6.12    0.00    0.00    0.00   36.73
00:21:28       2   14.00    0.00   46.00    0.00    0.00    4.00    0.00    0.00    0.00   36.00
00:21:28       3   13.00    0.00   43.00    0.00    0.00    7.00    0.00    0.00    0.00   37.00

00:21:28     CPU    %usr   %nice    %sys %iowait    %irq   %soft  %steal  %guest  %gnice   %idle
00:21:29     all   12.21    0.00   40.97    0.00    0.00    9.41    0.00    0.00    0.00   37.40
00:21:29       0    8.33    0.00   37.96    0.00    0.00   19.44    0.00    0.00    0.00   34.26
00:21:29       1   15.22    0.00   39.13    0.00    0.00    6.52    0.00    0.00    0.00   39.13
00:21:29       2   12.00    0.00   45.00    0.00    0.00    5.00    0.00    0.00    0.00   38.00
00:21:29       3   13.98    0.00   41.94    0.00    0.00    5.38    0.00    0.00    0.00   38.71

00:21:29     CPU    %usr   %nice    %sys %iowait    %irq   %soft  %steal  %guest  %gnice   %idle
00:21:30     all   14.14    0.00   37.28    0.00    0.00   10.03    0.00    0.00    0.00   38.56
00:21:30       0   10.28    0.00   32.71    0.00    0.00   19.63    0.00    0.00    0.00   37.38
00:21:30       1   16.48    0.00   39.56    0.00    0.00    6.59    0.00    0.00    0.00   37.36
00:21:30       2   14.74    0.00   40.00    0.00    0.00    6.32    0.00    0.00    0.00   38.95
00:21:30       3   15.62    0.00   37.50    0.00    0.00    6.25    0.00    0.00    0.00   40.62

00:21:30     CPU    %usr   %nice    %sys %iowait    %irq   %soft  %steal  %guest  %gnice   %idle
00:21:31     all   11.75    0.00   39.16    0.00    0.00   10.70    0.00    0.00    0.00   38.38
00:21:31       0   11.11    0.00   31.31    0.00    0.00   20.20    0.00    0.00    0.00   37.37
00:21:31       1   13.27    0.00   39.80    0.00    0.00    9.18    0.00    0.00    0.00   37.76
00:21:31       2   11.70    0.00   43.62    0.00    0.00    6.38    0.00    0.00    0.00   38.30
00:21:31       3   10.87    0.00   42.39    0.00    0.00    6.52    0.00    0.00    0.00   40.22
