Linux 6.6.87.2-microsoft-standard-WSL2 (Udeepa-ASUS) 	04/16/26 	_x86_64_	(4 CPU)

00:42:50     CPU    %usr   %nice    %sys %iowait    %irq   %soft  %steal  %guest  %gnice   %idle
00:42:51     all   30.10    0.00   29.85    0.00    0.00   17.35    0.00    0.00    0.00   22.70
00:42:51       0   26.67    0.00   21.90    0.00    0.00   35.24    0.00    0.00    0.00   16.19
00:42:51       1   41.67    0.00   29.17    0.00    0.00   13.54    0.00    0.00    0.00   15.62
00:42:51       2   24.47    0.00   39.36    0.00    0.00    9.57    0.00    0.00    0.00   26.60
00:42:51       3   27.84    0.00   29.90    0.00    0.00    9.28    0.00    0.00    0.00   32.99

00:42:51     CPU    %usr   %nice    %sys %iowait    %irq   %soft  %steal  %guest  %gnice   %idle
00:42:53     all   31.81    0.00   30.79    0.00    0.00   18.58    0.00    0.00    0.00   18.83
00:42:53       0   20.75    0.00   33.96    0.00    0.00   27.36    0.00    0.00    0.00   17.92
00:42:53       1   40.00    0.00   31.58    0.00    0.00   13.68    0.00    0.00    0.00   14.74
00:42:53       2   30.11    0.00   32.26    0.00    0.00   11.83    0.00    0.00    0.00   25.81
00:42:53       3   37.37    0.00   25.25    0.00    0.00   20.20    0.00    0.00    0.00   17.17

00:42:53     CPU    %usr   %nice    %sys %iowait    %irq   %soft  %steal  %guest  %gnice   %idle
00:42:54     all   33.84    0.00   29.04    0.00    0.00   17.93    0.00    0.00    0.00   19.19
00:42:54       0   21.15    0.00   29.81    0.00    0.00   28.85    0.00    0.00    0.00   20.19
00:42:54       1   43.56    0.00   29.70    0.00    0.00   15.84    0.00    0.00    0.00   10.89
00:42:54       2   32.98    0.00   27.66    0.00    0.00    7.45    0.00    0.00    0.00   31.91
00:42:54       3   38.14    0.00   28.87    0.00    0.00   18.56    0.00    0.00    0.00   14.43

00:42:54     CPU    %usr   %nice    %sys %iowait    %irq   %soft  %steal  %guest  %gnice   %idle
00:42:55     all   28.68    0.00   39.02    0.00    0.00   16.28    0.00    0.00    0.00   16.02
00:42:55       0   26.21    0.00   33.01    0.00    0.00   25.24    0.00    0.00    0.00   15.53
00:42:55       1   31.25    0.00   39.58    0.00    0.00   19.79    0.00    0.00    0.00    9.38
00:42:55       2   33.33    0.00   41.94    0.00    0.00    8.60    0.00    0.00    0.00   16.13
00:42:55       3   24.21    0.00   42.11    0.00    0.00   10.53    0.00    0.00    0.00   23.16

00:42:55     CPU    %usr   %nice    %sys %iowait    %irq   %soft  %steal  %guest  %gnice   %idle
00:42:56     all   27.54    0.00   42.68    0.00    0.00   15.63    0.00    0.00    0.00   14.14
00:42:56       0   19.81    0.00   38.68    0.00    0.00   23.58    0.00    0.00    0.00   17.92
00:42:56       1   26.53    0.00   48.98    0.00    0.00   12.24    0.00    0.00    0.00   12.24
00:42:56       2   31.37    0.00   46.08    0.00    0.00   11.76    0.00    0.00    0.00   10.78
00:42:56       3   32.99    0.00   37.11    0.00    0.00   14.43    0.00    0.00    0.00   15.46

00:42:56     CPU    %usr   %nice    %sys %iowait    %irq   %soft  %steal  %guest  %gnice   %idle
00:42:57     all   29.65    0.00   37.44    0.00    0.00   17.59    0.00    0.00    0.00   15.33
00:42:57       0   17.59    0.00   32.41    0.00    0.00   31.48    0.00    0.00    0.00   18.52
00:42:57       1   30.53    0.00   41.05    0.00    0.00   10.53    0.00    0.00    0.00   17.89
00:42:57       2   37.76    0.00   38.78    0.00    0.00   12.24    0.00    0.00    0.00   11.22
00:42:57       3   34.02    0.00   38.14    0.00    0.00   14.43    0.00    0.00    0.00   13.40

00:42:57     CPU    %usr   %nice    %sys %iowait    %irq   %soft  %steal  %guest  %gnice   %idle
00:42:58     all   28.10    0.00   40.25    0.00    0.00   16.46    0.00    0.00    0.00   15.19
00:42:58       0   18.52    0.00   38.89    0.00    0.00   26.85    0.00    0.00    0.00   15.74
00:42:58       1   26.53    0.00   45.92    0.00    0.00   11.22    0.00    0.00    0.00   16.33
00:42:58       2   29.47    0.00   40.00    0.00    0.00   14.74    0.00    0.00    0.00   15.79
00:42:58       3   39.36    0.00   36.17    0.00    0.00   11.70    0.00    0.00    0.00   12.77

00:42:58     CPU    %usr   %nice    %sys %iowait    %irq   %soft  %steal  %guest  %gnice   %idle
00:42:59     all   28.07    0.00   40.60    0.00    0.00   16.79    0.00    0.00    0.00   14.54
00:42:59       0   23.00    0.00   33.00    0.00    0.00   29.00    0.00    0.00    0.00   15.00
00:42:59       1   37.37    0.00   39.39    0.00    0.00   17.17    0.00    0.00    0.00    6.06
00:42:59       2   23.76    0.00   48.51    0.00    0.00   11.88    0.00    0.00    0.00   15.84
00:42:59       3   28.28    0.00   41.41    0.00    0.00    9.09    0.00    0.00    0.00   21.21

00:42:59     CPU    %usr   %nice    %sys %iowait    %irq   %soft  %steal  %guest  %gnice   %idle
00:43:00     all   28.46    0.00   41.06    0.00    0.00   17.13    0.00    0.00    0.00   13.35
00:43:00       0   14.81    0.00   35.19    0.00    0.00   30.56    0.00    0.00    0.00   19.44
00:43:00       1   30.21    0.00   44.79    0.00    0.00   10.42    0.00    0.00    0.00   14.58
00:43:00       2   37.89    0.00   40.00    0.00    0.00   13.68    0.00    0.00    0.00    8.42
00:43:00       3   32.65    0.00   44.90    0.00    0.00   12.24    0.00    0.00    0.00   10.20

00:43:00     CPU    %usr   %nice    %sys %iowait    %irq   %soft  %steal  %guest  %gnice   %idle
00:43:01     all   26.63    0.00   42.46    0.00    0.00   15.83    0.00    0.00    0.00   15.08
00:43:01       0   18.45    0.00   31.07    0.00    0.00   33.01    0.00    0.00    0.00   17.48
00:43:01       1   35.64    0.00   45.54    0.00    0.00    9.90    0.00    0.00    0.00    8.91
00:43:01       2   28.42    0.00   46.32    0.00    0.00    8.42    0.00    0.00    0.00   16.84
00:43:01       3   24.24    0.00   47.47    0.00    0.00   11.11    0.00    0.00    0.00   17.17

00:43:01     CPU    %usr   %nice    %sys %iowait    %irq   %soft  %steal  %guest  %gnice   %idle
00:43:02     all   30.46    0.00   41.12    0.00    0.00   14.97    0.00    0.00    0.00   13.45
00:43:02       0   20.39    0.00   43.69    0.00    0.00   23.30    0.00    0.00    0.00   12.62
00:43:02       1   27.27    0.00   48.48    0.00    0.00   11.11    0.00    0.00    0.00   13.13
00:43:02       2   45.26    0.00   29.47    0.00    0.00   13.68    0.00    0.00    0.00   11.58
00:43:02       3   29.90    0.00   42.27    0.00    0.00   11.34    0.00    0.00    0.00   16.49

00:43:02     CPU    %usr   %nice    %sys %iowait    %irq   %soft  %steal  %guest  %gnice   %idle
00:43:03     all   27.02    0.00   40.91    0.00    0.00   17.42    0.00    0.00    0.00   14.65
00:43:03       0   15.53    0.00   35.92    0.00    0.00   28.16    0.00    0.00    0.00   20.39
00:43:03       1   27.84    0.00   45.36    0.00    0.00   13.40    0.00    0.00    0.00   13.40
00:43:03       2   32.99    0.00   42.27    0.00    0.00   12.37    0.00    0.00    0.00   12.37
00:43:03       3   32.32    0.00   40.40    0.00    0.00   15.15    0.00    0.00    0.00   12.12

00:43:03     CPU    %usr   %nice    %sys %iowait    %irq   %soft  %steal  %guest  %gnice   %idle
00:43:04     all   28.72    0.00   39.80    0.00    0.00   17.88    0.00    0.00    0.00   13.60
00:43:04       0   20.39    0.00   33.98    0.00    0.00   28.16    0.00    0.00    0.00   17.48
00:43:04       1   40.40    0.00   35.35    0.00    0.00   13.13    0.00    0.00    0.00   11.11
00:43:04       2   28.87    0.00   43.30    0.00    0.00   16.49    0.00    0.00    0.00   11.34
00:43:04       3   25.51    0.00   46.94    0.00    0.00   13.27    0.00    0.00    0.00   14.29

00:43:04     CPU    %usr   %nice    %sys %iowait    %irq   %soft  %steal  %guest  %gnice   %idle
00:43:05     all   27.50    0.00   39.00    0.00    0.00   17.75    0.00    0.00    0.00   15.75
00:43:05       0   22.43    0.00   33.64    0.00    0.00   26.17    0.00    0.00    0.00   17.76
00:43:05       1   28.28    0.00   39.39    0.00    0.00   18.18    0.00    0.00    0.00   14.14
00:43:05       2   31.31    0.00   37.37    0.00    0.00   16.16    0.00    0.00    0.00   15.15
00:43:05       3   28.42    0.00   46.32    0.00    0.00    9.47    0.00    0.00    0.00   15.79

00:43:05     CPU    %usr   %nice    %sys %iowait    %irq   %soft  %steal  %guest  %gnice   %idle
00:43:06     all   26.68    0.00   42.39    0.00    0.00   17.71    0.00    0.00    0.00   13.22
00:43:06       0   21.90    0.00   36.19    0.00    0.00   26.67    0.00    0.00    0.00   15.24
00:43:06       1   30.00    0.00   44.00    0.00    0.00   14.00    0.00    0.00    0.00   12.00
00:43:06       2   29.90    0.00   42.27    0.00    0.00   14.43    0.00    0.00    0.00   13.40
00:43:06       3   25.25    0.00   47.47    0.00    0.00   15.15    0.00    0.00    0.00   12.12

00:43:06     CPU    %usr   %nice    %sys %iowait    %irq   %soft  %steal  %guest  %gnice   %idle
00:43:07     all   29.04    0.00   39.14    0.00    0.00   17.68    0.00    0.00    0.00   14.14
00:43:07       0   25.49    0.00   28.43    0.00    0.00   31.37    0.00    0.00    0.00   14.71
00:43:07       1   26.04    0.00   39.58    0.00    0.00    9.38    0.00    0.00    0.00   25.00
00:43:07       2   36.00    0.00   41.00    0.00    0.00   16.00    0.00    0.00    0.00    7.00
00:43:07       3   28.57    0.00   47.96    0.00    0.00   13.27    0.00    0.00    0.00   10.20

00:43:07     CPU    %usr   %nice    %sys %iowait    %irq   %soft  %steal  %guest  %gnice   %idle
00:43:08     all   29.87    0.00   40.76    0.00    0.00   15.44    0.00    0.00    0.00   13.92
00:43:08       0   25.24    0.00   34.95    0.00    0.00   25.24    0.00    0.00    0.00   14.56
00:43:08       1   34.34    0.00   42.42    0.00    0.00   14.14    0.00    0.00    0.00    9.09
00:43:08       2   30.93    0.00   44.33    0.00    0.00   10.31    0.00    0.00    0.00   14.43
00:43:08       3   29.17    0.00   41.67    0.00    0.00   11.46    0.00    0.00    0.00   17.71

00:43:08     CPU    %usr   %nice    %sys %iowait    %irq   %soft  %steal  %guest  %gnice   %idle
00:43:09     all   25.07    0.00   33.94    0.00    0.00   20.37    0.00    0.00    0.00   20.63
00:43:09       0   20.19    0.00   28.85    0.00    0.00   34.62    0.00    0.00    0.00   16.35
00:43:09       1   27.96    0.00   33.33    0.00    0.00   12.90    0.00    0.00    0.00   25.81
00:43:09       2   27.37    0.00   34.74    0.00    0.00   17.89    0.00    0.00    0.00   20.00
00:43:09       3   25.27    0.00   39.56    0.00    0.00   14.29    0.00    0.00    0.00   20.88

00:43:09     CPU    %usr   %nice    %sys %iowait    %irq   %soft  %steal  %guest  %gnice   %idle
00:43:10     all   21.63    0.00   29.26    0.00    0.00   24.43    0.00    0.00    0.00   24.68
00:43:10       0   17.12    0.00   18.92    0.00    0.00   40.54    0.00    0.00    0.00   23.42
00:43:10       1   21.88    0.00   33.33    0.00    0.00   16.67    0.00    0.00    0.00   28.12
00:43:10       2   31.25    0.00   31.25    0.00    0.00   20.83    0.00    0.00    0.00   16.67
00:43:10       3   16.67    0.00   35.56    0.00    0.00   16.67    0.00    0.00    0.00   31.11

00:43:10     CPU    %usr   %nice    %sys %iowait    %irq   %soft  %steal  %guest  %gnice   %idle
00:43:11     all   22.95    0.00   32.01    0.00    0.00   20.68    0.00    0.00    0.00   24.36
00:43:11       0   16.16    0.00   22.22    0.00    0.00   36.36    0.00    0.00    0.00   25.25
00:43:11       1   25.61    0.00   34.15    0.00    0.00   14.63    0.00    0.00    0.00   25.61
00:43:11       2   27.91    0.00   36.05    0.00    0.00   15.12    0.00    0.00    0.00   20.93
00:43:11       3   23.26    0.00   37.21    0.00    0.00   13.95    0.00    0.00    0.00   25.58

00:43:11     CPU    %usr   %nice    %sys %iowait    %irq   %soft  %steal  %guest  %gnice   %idle
00:43:12     all   20.07    0.00   32.44    0.00    0.00   22.74    0.00    0.00    0.00   24.75
00:43:12       0   16.67    0.00   21.79    0.00    0.00   35.90    0.00    0.00    0.00   25.64
00:43:12       1   23.68    0.00   35.53    0.00    0.00   15.79    0.00    0.00    0.00   25.00
00:43:12       2   20.27    0.00   37.84    0.00    0.00   21.62    0.00    0.00    0.00   20.27
00:43:12       3   19.72    0.00   35.21    0.00    0.00   16.90    0.00    0.00    0.00   28.17

00:43:12     CPU    %usr   %nice    %sys %iowait    %irq   %soft  %steal  %guest  %gnice   %idle
00:43:13     all   30.17    0.00   37.41    0.00    0.00   18.20    0.00    0.00    0.00   14.21
00:43:13       0   18.69    0.00   34.58    0.00    0.00   27.10    0.00    0.00    0.00   19.63
00:43:13       1   32.99    0.00   38.14    0.00    0.00   15.46    0.00    0.00    0.00   13.40
00:43:13       2   39.39    0.00   37.37    0.00    0.00   13.13    0.00    0.00    0.00   10.10
00:43:13       3   30.61    0.00   39.80    0.00    0.00   16.33    0.00    0.00    0.00   13.27

00:43:13     CPU    %usr   %nice    %sys %iowait    %irq   %soft  %steal  %guest  %gnice   %idle
00:43:14     all   30.58    0.00   37.59    0.00    0.00   16.54    0.00    0.00    0.00   15.29
00:43:14       0   25.47    0.00   32.08    0.00    0.00   24.53    0.00    0.00    0.00   17.92
00:43:14       1   32.04    0.00   42.72    0.00    0.00   11.65    0.00    0.00    0.00   13.59
00:43:14       2   32.26    0.00   36.56    0.00    0.00   12.90    0.00    0.00    0.00   18.28
00:43:14       3   32.99    0.00   39.18    0.00    0.00   16.49    0.00    0.00    0.00   11.34

00:43:14     CPU    %usr   %nice    %sys %iowait    %irq   %soft  %steal  %guest  %gnice   %idle
00:43:15     all   30.92    0.00   39.65    0.00    0.00   15.96    0.00    0.00    0.00   13.47
00:43:15       0   23.08    0.00   35.58    0.00    0.00   25.00    0.00    0.00    0.00   16.35
00:43:15       1   34.00    0.00   43.00    0.00    0.00   11.00    0.00    0.00    0.00   12.00
00:43:15       2   27.27    0.00   43.43    0.00    0.00   13.13    0.00    0.00    0.00   16.16
00:43:15       3   39.80    0.00   36.73    0.00    0.00   14.29    0.00    0.00    0.00    9.18

00:43:15     CPU    %usr   %nice    %sys %iowait    %irq   %soft  %steal  %guest  %gnice   %idle
00:43:16     all   30.90    0.00   37.94    0.00    0.00   16.33    0.00    0.00    0.00   14.82
00:43:16       0   25.24    0.00   33.01    0.00    0.00   23.30    0.00    0.00    0.00   18.45
00:43:16       1   30.69    0.00   42.57    0.00    0.00   13.86    0.00    0.00    0.00   12.87
00:43:16       2   34.04    0.00   36.17    0.00    0.00   11.70    0.00    0.00    0.00   18.09
00:43:16       3   34.00    0.00   40.00    0.00    0.00   16.00    0.00    0.00    0.00   10.00

00:43:16     CPU    %usr   %nice    %sys %iowait    %irq   %soft  %steal  %guest  %gnice   %idle
00:43:17     all   30.33    0.00   37.34    0.00    0.00   18.30    0.00    0.00    0.00   14.04
00:43:17       0   23.30    0.00   32.04    0.00    0.00   28.16    0.00    0.00    0.00   16.50
00:43:17       1   32.65    0.00   38.78    0.00    0.00   14.29    0.00    0.00    0.00   14.29
00:43:17       2   37.76    0.00   35.71    0.00    0.00   12.24    0.00    0.00    0.00   14.29
00:43:17       3   28.00    0.00   43.00    0.00    0.00   18.00    0.00    0.00    0.00   11.00

00:43:17     CPU    %usr   %nice    %sys %iowait    %irq   %soft  %steal  %guest  %gnice   %idle
00:43:18     all   34.50    0.00   35.50    0.00    0.00   15.75    0.00    0.00    0.00   14.25
00:43:18       0   27.36    0.00   29.25    0.00    0.00   24.53    0.00    0.00    0.00   18.87
00:43:18       1   40.82    0.00   38.78    0.00    0.00   10.20    0.00    0.00    0.00   10.20
00:43:18       2   38.38    0.00   34.34    0.00    0.00   13.13    0.00    0.00    0.00   14.14
00:43:18       3   31.96    0.00   40.21    0.00    0.00   14.43    0.00    0.00    0.00   13.40

00:43:18     CPU    %usr   %nice    %sys %iowait    %irq   %soft  %steal  %guest  %gnice   %idle
00:43:19     all   32.83    0.00   35.09    0.00    0.00   17.54    0.00    0.00    0.00   14.54
00:43:19       0   22.12    0.00   27.88    0.00    0.00   26.92    0.00    0.00    0.00   23.08
00:43:19       1   41.84    0.00   31.63    0.00    0.00   15.31    0.00    0.00    0.00   11.22
00:43:19       2   34.02    0.00   39.18    0.00    0.00   13.40    0.00    0.00    0.00   13.40
00:43:19       3   34.00    0.00   42.00    0.00    0.00   14.00    0.00    0.00    0.00   10.00

00:43:19     CPU    %usr   %nice    %sys %iowait    %irq   %soft  %steal  %guest  %gnice   %idle
00:43:20     all   30.27    0.00   40.45    0.00    0.00   14.39    0.00    0.00    0.00   14.89
00:43:20       0   19.23    0.00   32.69    0.00    0.00   25.96    0.00    0.00    0.00   22.12
00:43:20       1   37.62    0.00   42.57    0.00    0.00    7.92    0.00    0.00    0.00   11.88
00:43:20       2   32.00    0.00   46.00    0.00    0.00   13.00    0.00    0.00    0.00    9.00
00:43:20       3   32.65    0.00   40.82    0.00    0.00   10.20    0.00    0.00    0.00   16.33

00:43:20     CPU    %usr   %nice    %sys %iowait    %irq   %soft  %steal  %guest  %gnice   %idle
00:43:21     all   29.72    0.00   38.04    0.00    0.00   16.12    0.00    0.00    0.00   16.12
00:43:21       0   20.19    0.00   32.69    0.00    0.00   23.08    0.00    0.00    0.00   24.04
00:43:21       1   25.25    0.00   42.42    0.00    0.00   12.12    0.00    0.00    0.00   20.20
00:43:21       2   37.50    0.00   36.46    0.00    0.00   16.67    0.00    0.00    0.00    9.38
00:43:21       3   36.73    0.00   40.82    0.00    0.00   12.24    0.00    0.00    0.00   10.20

00:43:21     CPU    %usr   %nice    %sys %iowait    %irq   %soft  %steal  %guest  %gnice   %idle
00:43:22     all   28.22    0.00   41.09    0.00    0.00   17.08    0.00    0.00    0.00   13.61
00:43:22       0   26.92    0.00   31.73    0.00    0.00   25.00    0.00    0.00    0.00   16.35
00:43:22       1   28.71    0.00   49.50    0.00    0.00   12.87    0.00    0.00    0.00    8.91
00:43:22       2   23.96    0.00   42.71    0.00    0.00   13.54    0.00    0.00    0.00   19.79
00:43:22       3   33.01    0.00   40.78    0.00    0.00   16.50    0.00    0.00    0.00    9.71

00:43:22     CPU    %usr   %nice    %sys %iowait    %irq   %soft  %steal  %guest  %gnice   %idle
00:43:23     all   30.46    0.00   37.06    0.00    0.00   17.26    0.00    0.00    0.00   15.23
00:43:23       0   21.70    0.00   35.85    0.00    0.00   22.64    0.00    0.00    0.00   19.81
00:43:23       1   30.85    0.00   40.43    0.00    0.00   10.64    0.00    0.00    0.00   18.09
00:43:23       2   32.99    0.00   39.18    0.00    0.00   15.46    0.00    0.00    0.00   12.37
00:43:23       3   37.11    0.00   32.99    0.00    0.00   19.59    0.00    0.00    0.00   10.31

00:43:23     CPU    %usr   %nice    %sys %iowait    %irq   %soft  %steal  %guest  %gnice   %idle
00:43:24     all   30.33    0.00   38.35    0.00    0.00   18.55    0.00    0.00    0.00   12.78
00:43:24       0   26.92    0.00   29.81    0.00    0.00   27.88    0.00    0.00    0.00   15.38
00:43:24       1   32.99    0.00   41.24    0.00    0.00   13.40    0.00    0.00    0.00   12.37
00:43:24       2   32.99    0.00   40.21    0.00    0.00   14.43    0.00    0.00    0.00   12.37
00:43:24       3   28.71    0.00   42.57    0.00    0.00   17.82    0.00    0.00    0.00   10.89

00:43:24     CPU    %usr   %nice    %sys %iowait    %irq   %soft  %steal  %guest  %gnice   %idle
00:43:26     all   30.73    0.00   36.78    0.00    0.00   18.89    0.00    0.00    0.00   13.60
00:43:26       0   18.69    0.00   33.64    0.00    0.00   28.97    0.00    0.00    0.00   18.69
00:43:26       1   29.29    0.00   37.37    0.00    0.00   16.16    0.00    0.00    0.00   17.17
00:43:26       2   40.00    0.00   36.84    0.00    0.00   14.74    0.00    0.00    0.00    8.42
00:43:26       3   36.46    0.00   39.58    0.00    0.00   14.58    0.00    0.00    0.00    9.38

00:43:26     CPU    %usr   %nice    %sys %iowait    %irq   %soft  %steal  %guest  %gnice   %idle
00:43:27     all   29.44    0.00   40.36    0.00    0.00   16.24    0.00    0.00    0.00   13.96
00:43:27       0   23.76    0.00   34.65    0.00    0.00   24.75    0.00    0.00    0.00   16.83
00:43:27       1   28.87    0.00   43.30    0.00    0.00   13.40    0.00    0.00    0.00   14.43
00:43:27       2   39.18    0.00   40.21    0.00    0.00   12.37    0.00    0.00    0.00    8.25
00:43:27       3   26.26    0.00   43.43    0.00    0.00   14.14    0.00    0.00    0.00   16.16

00:43:27     CPU    %usr   %nice    %sys %iowait    %irq   %soft  %steal  %guest  %gnice   %idle
00:43:28     all   31.73    0.00   38.32    0.00    0.00   15.48    0.00    0.00    0.00   14.47
00:43:28       0   27.45    0.00   28.43    0.00    0.00   24.51    0.00    0.00    0.00   19.61
00:43:28       1   33.68    0.00   40.00    0.00    0.00   14.74    0.00    0.00    0.00   11.58
00:43:28       2   32.35    0.00   41.18    0.00    0.00   13.73    0.00    0.00    0.00   12.75
00:43:28       3   33.68    0.00   44.21    0.00    0.00    8.42    0.00    0.00    0.00   13.68

00:43:28     CPU    %usr   %nice    %sys %iowait    %irq   %soft  %steal  %guest  %gnice   %idle
00:43:29     all   27.18    0.00   29.19    0.00    0.00   20.81    0.00    0.00    0.00   22.82
00:43:29       0   30.99    0.00   28.17    0.00    0.00   29.58    0.00    0.00    0.00   11.27
00:43:29       1   27.03    0.00   29.73    0.00    0.00   16.22    0.00    0.00    0.00   27.03
00:43:29       2   29.73    0.00   28.38    0.00    0.00   21.62    0.00    0.00    0.00   20.27
00:43:29       3   21.52    0.00   30.38    0.00    0.00   16.46    0.00    0.00    0.00   31.65

00:43:29     CPU    %usr   %nice    %sys %iowait    %irq   %soft  %steal  %guest  %gnice   %idle
00:43:30     all   29.70    0.00   38.12    0.00    0.00   17.08    0.00    0.00    0.00   15.10
00:43:30       0   22.22    0.00   30.56    0.00    0.00   27.78    0.00    0.00    0.00   19.44
00:43:30       1   32.00    0.00   39.00    0.00    0.00   14.00    0.00    0.00    0.00   15.00
00:43:30       2   36.63    0.00   41.58    0.00    0.00    9.90    0.00    0.00    0.00   11.88
00:43:30       3   28.42    0.00   42.11    0.00    0.00   15.79    0.00    0.00    0.00   13.68

00:43:30     CPU    %usr   %nice    %sys %iowait    %irq   %soft  %steal  %guest  %gnice   %idle
00:43:31     all   30.83    0.00   35.84    0.00    0.00   17.04    0.00    0.00    0.00   16.29
00:43:31       0   21.50    0.00   32.71    0.00    0.00   26.17    0.00    0.00    0.00   19.63
00:43:31       1   31.31    0.00   39.39    0.00    0.00   10.10    0.00    0.00    0.00   19.19
00:43:31       2   38.78    0.00   36.73    0.00    0.00   12.24    0.00    0.00    0.00   12.24
00:43:31       3   32.63    0.00   34.74    0.00    0.00   18.95    0.00    0.00    0.00   13.68

00:43:31     CPU    %usr   %nice    %sys %iowait    %irq   %soft  %steal  %guest  %gnice   %idle
00:43:32     all   30.79    0.00   37.66    0.00    0.00   16.79    0.00    0.00    0.00   14.76
00:43:32       0   18.27    0.00   34.62    0.00    0.00   26.92    0.00    0.00    0.00   20.19
00:43:32       1   38.14    0.00   39.18    0.00    0.00   10.31    0.00    0.00    0.00   12.37
00:43:32       2   35.05    0.00   39.18    0.00    0.00   12.37    0.00    0.00    0.00   13.40
00:43:32       3   32.63    0.00   37.89    0.00    0.00   16.84    0.00    0.00    0.00   12.63

00:43:32     CPU    %usr   %nice    %sys %iowait    %irq   %soft  %steal  %guest  %gnice   %idle
00:43:33     all   31.42    0.00   38.15    0.00    0.00   16.46    0.00    0.00    0.00   13.97
00:43:33       0   21.82    0.00   30.91    0.00    0.00   28.18    0.00    0.00    0.00   19.09
00:43:33       1   40.40    0.00   37.37    0.00    0.00   12.12    0.00    0.00    0.00   10.10
00:43:33       2   30.43    0.00   41.30    0.00    0.00   14.13    0.00    0.00    0.00   14.13
00:43:33       3   34.00    0.00   44.00    0.00    0.00   10.00    0.00    0.00    0.00   12.00

00:43:33     CPU    %usr   %nice    %sys %iowait    %irq   %soft  %steal  %guest  %gnice   %idle
00:43:34     all   29.93    0.00   38.40    0.00    0.00   18.45    0.00    0.00    0.00   13.22
00:43:34       0   17.48    0.00   34.95    0.00    0.00   29.13    0.00    0.00    0.00   18.45
00:43:34       1   35.35    0.00   38.38    0.00    0.00   12.12    0.00    0.00    0.00   14.14
00:43:34       2   35.35    0.00   41.41    0.00    0.00   14.14    0.00    0.00    0.00    9.09
00:43:34       3   32.00    0.00   39.00    0.00    0.00   18.00    0.00    0.00    0.00   11.00

00:43:34     CPU    %usr   %nice    %sys %iowait    %irq   %soft  %steal  %guest  %gnice   %idle
00:43:35     all   29.62    0.00   39.75    0.00    0.00   16.46    0.00    0.00    0.00   14.18
00:43:35       0   19.05    0.00   34.29    0.00    0.00   25.71    0.00    0.00    0.00   20.95
00:43:35       1   32.00    0.00   44.00    0.00    0.00   12.00    0.00    0.00    0.00   12.00
00:43:35       2   32.29    0.00   42.71    0.00    0.00   12.50    0.00    0.00    0.00   12.50
00:43:35       3   36.17    0.00   38.30    0.00    0.00   14.89    0.00    0.00    0.00   10.64

00:43:35     CPU    %usr   %nice    %sys %iowait    %irq   %soft  %steal  %guest  %gnice   %idle
00:43:36     all   27.61    0.00   33.83    0.00    0.00   19.15    0.00    0.00    0.00   19.40
00:43:36       0   19.09    0.00   27.27    0.00    0.00   31.82    0.00    0.00    0.00   21.82
00:43:36       1   27.08    0.00   42.71    0.00    0.00   13.54    0.00    0.00    0.00   16.67
00:43:36       2   37.76    0.00   30.61    0.00    0.00   18.37    0.00    0.00    0.00   13.27
00:43:36       3   27.55    0.00   35.71    0.00    0.00   11.22    0.00    0.00    0.00   25.51

00:43:36     CPU    %usr   %nice    %sys %iowait    %irq   %soft  %steal  %guest  %gnice   %idle
00:43:37     all   26.23    0.00   37.40    0.00    0.00   17.40    0.00    0.00    0.00   18.96
00:43:37       0   21.15    0.00   28.85    0.00    0.00   32.69    0.00    0.00    0.00   17.31
00:43:37       1   34.41    0.00   36.56    0.00    0.00   12.90    0.00    0.00    0.00   16.13
00:43:37       2   28.57    0.00   40.66    0.00    0.00   13.19    0.00    0.00    0.00   17.58
00:43:37       3   21.65    0.00   44.33    0.00    0.00    9.28    0.00    0.00    0.00   24.74

00:43:37     CPU    %usr   %nice    %sys %iowait    %irq   %soft  %steal  %guest  %gnice   %idle
00:43:38     all   24.35    0.00   36.79    0.00    0.00   21.50    0.00    0.00    0.00   17.36
00:43:38       0   16.50    0.00   27.18    0.00    0.00   35.92    0.00    0.00    0.00   20.39
00:43:38       1   30.53    0.00   35.79    0.00    0.00   14.74    0.00    0.00    0.00   18.95
00:43:38       2   25.00    0.00   46.88    0.00    0.00   14.58    0.00    0.00    0.00   13.54
00:43:38       3   26.09    0.00   38.04    0.00    0.00   19.57    0.00    0.00    0.00   16.30

00:43:38     CPU    %usr   %nice    %sys %iowait    %irq   %soft  %steal  %guest  %gnice   %idle
00:43:39     all   28.08    0.00   35.47    0.00    0.00   18.97    0.00    0.00    0.00   17.49
00:43:39       0   16.52    0.00   26.96    0.00    0.00   35.65    0.00    0.00    0.00   20.87
00:43:39       1   37.50    0.00   33.33    0.00    0.00   13.54    0.00    0.00    0.00   15.62
00:43:39       2   34.74    0.00   38.95    0.00    0.00   12.63    0.00    0.00    0.00   13.68
00:43:39       3   26.00    0.00   44.00    0.00    0.00   11.00    0.00    0.00    0.00   19.00

00:43:39     CPU    %usr   %nice    %sys %iowait    %irq   %soft  %steal  %guest  %gnice   %idle
00:43:40     all   30.33    0.00   37.34    0.25    0.00   17.54    0.00    0.00    0.00   14.54
00:43:40       0   25.93    0.00   31.48    0.93    0.00   25.93    0.00    0.00    0.00   15.74
00:43:40       1   38.14    0.00   38.14    0.00    0.00   12.37    0.00    0.00    0.00   11.34
00:43:40       2   30.21    0.00   41.67    0.00    0.00   15.62    0.00    0.00    0.00   12.50
00:43:40       3   27.55    0.00   38.78    0.00    0.00   15.31    0.00    0.00    0.00   18.37

00:43:40     CPU    %usr   %nice    %sys %iowait    %irq   %soft  %steal  %guest  %gnice   %idle
00:43:41     all   29.80    0.00   38.38    0.00    0.00   15.66    0.00    0.00    0.00   16.16
00:43:41       0   20.00    0.00   27.62    0.00    0.00   28.57    0.00    0.00    0.00   23.81
00:43:41       1   28.57    0.00   41.84    0.00    0.00   10.20    0.00    0.00    0.00   19.39
00:43:41       2   35.79    0.00   43.16    0.00    0.00   12.63    0.00    0.00    0.00    8.42
00:43:41       3   35.71    0.00   41.84    0.00    0.00   10.20    0.00    0.00    0.00   12.24

00:43:41     CPU    %usr   %nice    %sys %iowait    %irq   %soft  %steal  %guest  %gnice   %idle
00:43:42     all   30.30    0.00   39.39    0.00    0.00   16.41    0.00    0.00    0.00   13.89
00:43:42       0   21.15    0.00   35.58    0.00    0.00   25.00    0.00    0.00    0.00   18.27
00:43:42       1   35.79    0.00   40.00    0.00    0.00   14.74    0.00    0.00    0.00    9.47
00:43:42       2   29.29    0.00   41.41    0.00    0.00   12.12    0.00    0.00    0.00   17.17
00:43:42       3   35.71    0.00   40.82    0.00    0.00   13.27    0.00    0.00    0.00   10.20

00:43:42     CPU    %usr   %nice    %sys %iowait    %irq   %soft  %steal  %guest  %gnice   %idle
00:43:43     all   33.50    0.00   36.00    0.00    0.00   16.50    0.00    0.00    0.00   14.00
00:43:43       0   21.90    0.00   33.33    0.00    0.00   24.76    0.00    0.00    0.00   20.00
00:43:43       1   38.00    0.00   34.00    0.00    0.00   15.00    0.00    0.00    0.00   13.00
00:43:43       2   38.38    0.00   38.38    0.00    0.00   14.14    0.00    0.00    0.00    9.09
00:43:43       3   36.46    0.00   38.54    0.00    0.00   11.46    0.00    0.00    0.00   13.54

00:43:43     CPU    %usr   %nice    %sys %iowait    %irq   %soft  %steal  %guest  %gnice   %idle
00:43:44     all   30.73    0.00   38.04    0.00    0.00   16.37    0.00    0.00    0.00   14.86
00:43:44       0   27.88    0.00   31.73    0.00    0.00   24.04    0.00    0.00    0.00   16.35
00:43:44       1   29.59    0.00   37.76    0.00    0.00   13.27    0.00    0.00    0.00   19.39
00:43:44       2   30.61    0.00   38.78    0.00    0.00   16.33    0.00    0.00    0.00   14.29
00:43:44       3   35.05    0.00   44.33    0.00    0.00   11.34    0.00    0.00    0.00    9.28

00:43:44     CPU    %usr   %nice    %sys %iowait    %irq   %soft  %steal  %guest  %gnice   %idle
00:43:45     all   31.06    0.00   35.10    0.00    0.00   18.94    0.00    0.00    0.00   14.90
00:43:45       0   20.19    0.00   32.69    0.00    0.00   27.88    0.00    0.00    0.00   19.23
00:43:45       1   31.63    0.00   35.71    0.00    0.00   13.27    0.00    0.00    0.00   19.39
00:43:45       2   37.76    0.00   34.69    0.00    0.00   19.39    0.00    0.00    0.00    8.16
00:43:45       3   35.42    0.00   37.50    0.00    0.00   14.58    0.00    0.00    0.00   12.50

00:43:45     CPU    %usr   %nice    %sys %iowait    %irq   %soft  %steal  %guest  %gnice   %idle
00:43:46     all   28.47    0.00   37.38    0.00    0.00   16.34    0.00    0.00    0.00   17.82
00:43:46       0   30.28    0.00   26.61    0.00    0.00   26.61    0.00    0.00    0.00   16.51
00:43:46       1   32.67    0.00   39.60    0.00    0.00   17.82    0.00    0.00    0.00    9.90
00:43:46       2   22.34    0.00   45.74    0.00    0.00   11.70    0.00    0.00    0.00   20.21
00:43:46       3   28.00    0.00   39.00    0.00    0.00    8.00    0.00    0.00    0.00   25.00

00:43:46     CPU    %usr   %nice    %sys %iowait    %irq   %soft  %steal  %guest  %gnice   %idle
00:43:47     all   26.91    0.00   35.80    0.00    0.00   17.04    0.00    0.00    0.00   20.25
00:43:47       0   16.07    0.00   31.25    0.00    0.00   31.25    0.00    0.00    0.00   21.43
00:43:47       1   18.18    0.00   46.46    0.00    0.00   10.10    0.00    0.00    0.00   25.25
00:43:47       2   43.88    0.00   30.61    0.00    0.00   14.29    0.00    0.00    0.00   11.22
00:43:47       3   31.25    0.00   35.42    0.00    0.00   10.42    0.00    0.00    0.00   22.92

00:43:47     CPU    %usr   %nice    %sys %iowait    %irq   %soft  %steal  %guest  %gnice   %idle
00:43:48     all   28.50    0.00   35.14    0.00    0.00   16.46    0.00    0.00    0.00   19.90
00:43:48       0   20.18    0.00   30.28    0.00    0.00   30.28    0.00    0.00    0.00   19.27
00:43:48       1   24.24    0.00   39.39    0.00    0.00    9.09    0.00    0.00    0.00   27.27
00:43:48       2   42.42    0.00   33.33    0.00    0.00   12.12    0.00    0.00    0.00   12.12
00:43:48       3   28.00    0.00   38.00    0.00    0.00   13.00    0.00    0.00    0.00   21.00

00:43:48     CPU    %usr   %nice    %sys %iowait    %irq   %soft  %steal  %guest  %gnice   %idle
00:43:49     all   27.83    0.00   33.74    0.00    0.00   17.98    0.00    0.00    0.00   20.44
00:43:49       0   22.52    0.00   27.03    0.00    0.00   29.73    0.00    0.00    0.00   20.72
00:43:49       1   29.59    0.00   35.71    0.00    0.00   13.27    0.00    0.00    0.00   21.43
00:43:49       2   34.74    0.00   33.68    0.00    0.00   15.79    0.00    0.00    0.00   15.79
00:43:49       3   25.49    0.00   39.22    0.00    0.00   11.76    0.00    0.00    0.00   23.53

00:43:49     CPU    %usr   %nice    %sys %iowait    %irq   %soft  %steal  %guest  %gnice   %idle
00:43:50     all   29.88    0.00   38.27    0.00    0.00   16.54    0.00    0.00    0.00   15.31
00:43:50       0   28.30    0.00   29.25    0.00    0.00   26.42    0.00    0.00    0.00   16.04
00:43:50       1   27.72    0.00   45.54    0.00    0.00    9.90    0.00    0.00    0.00   16.83
00:43:50       2   32.32    0.00   39.39    0.00    0.00   14.14    0.00    0.00    0.00   14.14
00:43:50       3   31.31    0.00   39.39    0.00    0.00   15.15    0.00    0.00    0.00   14.14

00:43:50     CPU    %usr   %nice    %sys %iowait    %irq   %soft  %steal  %guest  %gnice   %idle
00:43:51     all   30.00    0.00   36.75    0.00    0.00   18.25    0.00    0.00    0.00   15.00
00:43:51       0   18.10    0.00   37.14    0.00    0.00   26.67    0.00    0.00    0.00   18.10
00:43:51       1   27.45    0.00   44.12    0.00    0.00   12.75    0.00    0.00    0.00   15.69
00:43:51       2   34.00    0.00   37.00    0.00    0.00   17.00    0.00    0.00    0.00   12.00
00:43:51       3   41.94    0.00   27.96    0.00    0.00   16.13    0.00    0.00    0.00   13.98

00:43:51     CPU    %usr   %nice    %sys %iowait    %irq   %soft  %steal  %guest  %gnice   %idle
00:43:52     all   29.34    0.00   40.31    0.00    0.00   16.07    0.00    0.00    0.00   14.29
00:43:52       0   21.21    0.00   34.34    0.00    0.00   28.28    0.00    0.00    0.00   16.16
00:43:52       1   44.90    0.00   32.65    0.00    0.00   15.31    0.00    0.00    0.00    7.14
00:43:52       2   27.08    0.00   44.79    0.00    0.00   10.42    0.00    0.00    0.00   17.71
00:43:52       3   24.24    0.00   49.49    0.00    0.00   10.10    0.00    0.00    0.00   16.16

00:43:52     CPU    %usr   %nice    %sys %iowait    %irq   %soft  %steal  %guest  %gnice   %idle
00:43:53     all   13.66    0.00   39.95    0.00    0.00    9.28    0.00    0.00    0.00   37.11
00:43:53       0   12.15    0.00   32.71    0.00    0.00   20.56    0.00    0.00    0.00   34.58
00:43:53       1   15.79    0.00   41.05    0.00    0.00    5.26    0.00    0.00    0.00   37.89
00:43:53       2   12.90    0.00   45.16    0.00    0.00    4.30    0.00    0.00    0.00   37.63
00:43:53       3   13.98    0.00   41.94    0.00    0.00    5.38    0.00    0.00    0.00   38.71

00:43:53     CPU    %usr   %nice    %sys %iowait    %irq   %soft  %steal  %guest  %gnice   %idle
00:43:54     all   14.04    0.00   38.85    0.00    0.00   10.03    0.00    0.00    0.00   37.09
00:43:54       0   11.32    0.00   34.91    0.00    0.00   18.87    0.00    0.00    0.00   34.91
00:43:54       1   15.84    0.00   38.61    0.00    0.00    7.92    0.00    0.00    0.00   37.62
00:43:54       2   13.54    0.00   43.75    0.00    0.00    6.25    0.00    0.00    0.00   36.46
00:43:54       3   15.62    0.00   38.54    0.00    0.00    6.25    0.00    0.00    0.00   39.58

00:43:54     CPU    %usr   %nice    %sys %iowait    %irq   %soft  %steal  %guest  %gnice   %idle
00:43:55     all   12.41    0.00   40.45    0.25    0.00   10.17    0.00    0.00    0.00   36.72
00:43:55       0   12.50    0.00   33.93    0.00    0.00   20.54    0.00    0.00    0.00   33.04
00:43:55       1    9.68    0.00   41.94    1.08    0.00    7.53    0.00    0.00    0.00   39.78
00:43:55       2   15.00    0.00   45.00    0.00    0.00    4.00    0.00    0.00    0.00   36.00
00:43:55       3   12.24    0.00   41.84    0.00    0.00    7.14    0.00    0.00    0.00   38.78
