Linux 6.6.87.2-microsoft-standard-WSL2 (Udeepa-ASUS) 	04/16/26 	_x86_64_	(4 CPU)

00:23:47     CPU    %usr   %nice    %sys %iowait    %irq   %soft  %steal  %guest  %gnice   %idle
00:23:48     all    2.80    0.00   13.74    0.00    0.00    5.60    0.00    0.00    0.00   77.86
00:23:48       0    0.00    0.00    5.66    0.00    0.00   20.75    0.00    0.00    0.00   73.58
00:23:48       1    3.16    0.00   14.74    0.00    0.00    0.00    0.00    0.00    0.00   82.11
00:23:48       2    3.16    0.00   16.84    0.00    0.00    0.00    0.00    0.00    0.00   80.00
00:23:48       3    5.15    0.00   18.56    0.00    0.00    0.00    0.00    0.00    0.00   76.29

00:23:48     CPU    %usr   %nice    %sys %iowait    %irq   %soft  %steal  %guest  %gnice   %idle
00:23:49     all    2.47    0.00   13.09    0.00    0.00    7.41    0.00    0.00    0.00   77.04
00:23:49       0    0.86    0.00    6.03    0.00    0.00   25.86    0.00    0.00    0.00   67.24
00:23:49       1    4.21    0.00   17.89    0.00    0.00    0.00    0.00    0.00    0.00   77.89
00:23:49       2    2.11    0.00   13.68    0.00    0.00    0.00    0.00    0.00    0.00   84.21
00:23:49       3    3.03    0.00   16.16    0.00    0.00    0.00    0.00    0.00    0.00   80.81

00:23:49     CPU    %usr   %nice    %sys %iowait    %irq   %soft  %steal  %guest  %gnice   %idle
00:23:50     all    1.77    0.00   13.64    0.00    0.00    4.80    0.00    0.00    0.00   79.80
00:23:50       0    0.00    0.00    3.92    0.00    0.00   18.63    0.00    0.00    0.00   77.45
00:23:50       1    3.00    0.00   17.00    0.00    0.00    0.00    0.00    0.00    0.00   80.00
00:23:50       2    1.06    0.00   18.09    0.00    0.00    0.00    0.00    0.00    0.00   80.85
00:23:50       3    3.00    0.00   16.00    0.00    0.00    0.00    0.00    0.00    0.00   81.00

00:23:50     CPU    %usr   %nice    %sys %iowait    %irq   %soft  %steal  %guest  %gnice   %idle
00:23:51     all    9.38    0.00   23.70    0.00    0.00    9.11    0.00    0.00    0.00   57.81
00:23:51       0    8.41    0.00   18.69    0.00    0.00   25.23    0.00    0.00    0.00   47.66
00:23:51       1    8.51    0.00   27.66    0.00    0.00    2.13    0.00    0.00    0.00   61.70
00:23:51       2   12.09    0.00   23.08    0.00    0.00    4.40    0.00    0.00    0.00   60.44
00:23:51       3    8.70    0.00   26.09    0.00    0.00    2.17    0.00    0.00    0.00   63.04

00:23:51     CPU    %usr   %nice    %sys %iowait    %irq   %soft  %steal  %guest  %gnice   %idle
00:23:52     all   11.44    0.00   31.09    0.00    0.00    9.45    0.00    0.00    0.00   48.01
00:23:52       0    6.19    0.00   28.32    0.00    0.00   24.78    0.00    0.00    0.00   40.71
00:23:52       1   12.50    0.00   33.33    0.00    0.00    4.17    0.00    0.00    0.00   50.00
00:23:52       2   13.98    0.00   30.11    0.00    0.00    4.30    0.00    0.00    0.00   51.61
00:23:52       3   14.00    0.00   33.00    0.00    0.00    2.00    0.00    0.00    0.00   51.00

00:23:52     CPU    %usr   %nice    %sys %iowait    %irq   %soft  %steal  %guest  %gnice   %idle
00:23:53     all   10.59    0.00   29.97    0.00    0.00    9.82    0.00    0.00    0.00   49.61
00:23:53       0    9.09    0.00   24.55    0.00    0.00   26.36    0.00    0.00    0.00   40.00
00:23:53       1   13.40    0.00   30.93    0.00    0.00    4.12    0.00    0.00    0.00   51.55
00:23:53       2    9.20    0.00   34.48    0.00    0.00    2.30    0.00    0.00    0.00   54.02
00:23:53       3   10.75    0.00   31.18    0.00    0.00    3.23    0.00    0.00    0.00   54.84

00:23:53     CPU    %usr   %nice    %sys %iowait    %irq   %soft  %steal  %guest  %gnice   %idle
00:23:54     all   10.16    0.00   27.27    0.00    0.00   10.43    0.00    0.00    0.00   52.14
00:23:54       0    7.41    0.00   20.37    0.00    0.00   30.56    0.00    0.00    0.00   41.67
00:23:54       1   11.36    0.00   30.68    0.00    0.00    2.27    0.00    0.00    0.00   55.68
00:23:54       2   11.76    0.00   28.24    0.00    0.00    1.18    0.00    0.00    0.00   58.82
00:23:54       3   10.75    0.00   31.18    0.00    0.00    3.23    0.00    0.00    0.00   54.84

00:23:54     CPU    %usr   %nice    %sys %iowait    %irq   %soft  %steal  %guest  %gnice   %idle
00:23:55     all   12.89    0.00   30.00    0.00    0.00    8.68    0.00    0.00    0.00   48.42
00:23:55       0   10.28    0.00   24.30    0.00    0.00   26.17    0.00    0.00    0.00   39.25
00:23:55       1   17.39    0.00   29.35    0.00    0.00    1.09    0.00    0.00    0.00   52.17
00:23:55       2   13.48    0.00   32.58    0.00    0.00    2.25    0.00    0.00    0.00   51.69
00:23:55       3   10.87    0.00   34.78    0.00    0.00    2.17    0.00    0.00    0.00   52.17

00:23:55     CPU    %usr   %nice    %sys %iowait    %irq   %soft  %steal  %guest  %gnice   %idle
00:23:56     all    8.70    0.00   27.45    0.00    0.00   11.96    0.00    0.00    0.00   51.90
00:23:56       0    6.67    0.00   19.05    0.00    0.00   32.38    0.00    0.00    0.00   41.90
00:23:56       1    9.68    0.00   33.33    0.00    0.00    5.38    0.00    0.00    0.00   51.61
00:23:56       2    9.52    0.00   27.38    0.00    0.00    3.57    0.00    0.00    0.00   59.52
00:23:56       3    9.30    0.00   31.40    0.00    0.00    2.33    0.00    0.00    0.00   56.98

00:23:56     CPU    %usr   %nice    %sys %iowait    %irq   %soft  %steal  %guest  %gnice   %idle
00:23:57     all    8.52    0.00   30.77    0.00    0.00   12.09    0.00    0.00    0.00   48.63
00:23:57       0    5.83    0.00   22.33    0.00    0.00   32.04    0.00    0.00    0.00   39.81
00:23:57       1    8.14    0.00   32.56    0.00    0.00    5.81    0.00    0.00    0.00   53.49
00:23:57       2   10.23    0.00   35.23    0.00    0.00    3.41    0.00    0.00    0.00   51.14
00:23:57       3   10.34    0.00   34.48    0.00    0.00    3.45    0.00    0.00    0.00   51.72

00:23:57     CPU    %usr   %nice    %sys %iowait    %irq   %soft  %steal  %guest  %gnice   %idle
00:23:58     all    6.67    0.00   28.06    0.00    0.00    9.72    0.00    0.00    0.00   55.56
00:23:58       0    4.85    0.00   22.33    0.00    0.00   27.18    0.00    0.00    0.00   45.63
00:23:58       1    9.20    0.00   29.89    0.00    0.00    2.30    0.00    0.00    0.00   58.62
00:23:58       2    5.95    0.00   29.76    0.00    0.00    2.38    0.00    0.00    0.00   61.90
00:23:58       3    6.98    0.00   31.40    0.00    0.00    3.49    0.00    0.00    0.00   58.14

00:23:58     CPU    %usr   %nice    %sys %iowait    %irq   %soft  %steal  %guest  %gnice   %idle
00:24:00     all    6.63    0.00   31.22    0.00    0.00   11.60    0.00    0.00    0.00   50.55
00:24:00       0    2.94    0.00   22.55    0.00    0.00   34.31    0.00    0.00    0.00   40.20
00:24:00       1    7.06    0.00   36.47    0.00    0.00    1.18    0.00    0.00    0.00   55.29
00:24:00       2    8.05    0.00   34.48    0.00    0.00    4.60    0.00    0.00    0.00   52.87
00:24:00       3    9.09    0.00   32.95    0.00    0.00    2.27    0.00    0.00    0.00   55.68

00:24:00     CPU    %usr   %nice    %sys %iowait    %irq   %soft  %steal  %guest  %gnice   %idle
00:24:01     all    6.46    0.00   30.34    0.00    0.00   11.80    0.00    0.00    0.00   51.40
00:24:01       0    3.81    0.00   25.71    0.00    0.00   30.48    0.00    0.00    0.00   40.00
00:24:01       1    8.33    0.00   30.95    0.00    0.00    4.76    0.00    0.00    0.00   55.95
00:24:01       2    9.20    0.00   34.48    0.00    0.00    2.30    0.00    0.00    0.00   54.02
00:24:01       3    5.00    0.00   31.25    0.00    0.00    5.00    0.00    0.00    0.00   58.75

00:24:01     CPU    %usr   %nice    %sys %iowait    %irq   %soft  %steal  %guest  %gnice   %idle
00:24:02     all   11.57    0.00   36.25    0.00    0.00   12.08    0.00    0.00    0.00   40.10
00:24:02       0    9.82    0.00   27.68    0.00    0.00   31.25    0.00    0.00    0.00   31.25
00:24:02       1   13.98    0.00   37.63    0.00    0.00    5.38    0.00    0.00    0.00   43.01
00:24:02       2   13.83    0.00   40.43    0.00    0.00    3.19    0.00    0.00    0.00   42.55
00:24:02       3    8.89    0.00   41.11    0.00    0.00    4.44    0.00    0.00    0.00   45.56

00:24:02     CPU    %usr   %nice    %sys %iowait    %irq   %soft  %steal  %guest  %gnice   %idle
00:24:03     all    6.93    0.00   26.04    0.00    0.00    9.42    0.00    0.00    0.00   57.62
00:24:03       0    4.76    0.00   21.90    0.00    0.00   26.67    0.00    0.00    0.00   46.67
00:24:03       1    9.20    0.00   25.29    0.00    0.00    3.45    0.00    0.00    0.00   62.07
00:24:03       2    7.50    0.00   27.50    0.00    0.00    1.25    0.00    0.00    0.00   63.75
00:24:03       3    6.74    0.00   30.34    0.00    0.00    2.25    0.00    0.00    0.00   60.67

00:24:03     CPU    %usr   %nice    %sys %iowait    %irq   %soft  %steal  %guest  %gnice   %idle
00:24:04     all    5.95    0.00   25.21    0.00    0.00    9.07    0.00    0.00    0.00   59.77
00:24:04       0    2.13    0.00   17.02    0.00    0.00   28.72    0.00    0.00    0.00   52.13
00:24:04       1    8.33    0.00   26.19    0.00    0.00    1.19    0.00    0.00    0.00   64.29
00:24:04       2    6.90    0.00   28.74    0.00    0.00    3.45    0.00    0.00    0.00   60.92
00:24:04       3    6.82    0.00   29.55    0.00    0.00    1.14    0.00    0.00    0.00   62.50

00:24:04     CPU    %usr   %nice    %sys %iowait    %irq   %soft  %steal  %guest  %gnice   %idle
00:24:05     all   11.78    0.00   43.86    0.00    0.00   12.03    0.00    0.00    0.00   32.33
00:24:05       0   12.96    0.00   33.33    0.00    0.00   25.00    0.00    0.00    0.00   28.70
00:24:05       1   12.37    0.00   44.33    0.00    0.00   10.31    0.00    0.00    0.00   32.99
00:24:05       2   10.42    0.00   51.04    0.00    0.00    5.21    0.00    0.00    0.00   33.33
00:24:05       3   11.22    0.00   47.96    0.00    0.00    6.12    0.00    0.00    0.00   34.69

00:24:05     CPU    %usr   %nice    %sys %iowait    %irq   %soft  %steal  %guest  %gnice   %idle
00:24:06     all   12.72    0.00   46.82    0.00    0.00    8.40    0.00    0.00    0.00   32.06
00:24:06       0    9.62    0.00   41.35    0.00    0.00   20.19    0.00    0.00    0.00   28.85
00:24:06       1   14.58    0.00   46.88    0.00    0.00    4.17    0.00    0.00    0.00   34.38
00:24:06       2   12.50    0.00   52.08    0.00    0.00    4.17    0.00    0.00    0.00   31.25
00:24:06       3   14.43    0.00   47.42    0.00    0.00    4.12    0.00    0.00    0.00   34.02

00:24:06     CPU    %usr   %nice    %sys %iowait    %irq   %soft  %steal  %guest  %gnice   %idle
00:24:07     all    7.86    0.00   31.44    0.00    0.00   11.92    0.00    0.00    0.00   48.78
00:24:07       0    7.21    0.00   23.42    0.00    0.00   31.53    0.00    0.00    0.00   37.84
00:24:07       1    8.05    0.00   33.33    0.00    0.00    5.75    0.00    0.00    0.00   52.87
00:24:07       2    5.68    0.00   42.05    0.00    0.00    2.27    0.00    0.00    0.00   50.00
00:24:07       3   10.84    0.00   28.92    0.00    0.00    2.41    0.00    0.00    0.00   57.83

00:24:07     CPU    %usr   %nice    %sys %iowait    %irq   %soft  %steal  %guest  %gnice   %idle
00:24:08     all   13.37    0.00   42.67    0.00    0.00   11.83    0.00    0.00    0.00   32.13
00:24:08       0   12.62    0.00   32.04    0.00    0.00   26.21    0.00    0.00    0.00   29.13
00:24:08       1   15.79    0.00   46.32    0.00    0.00    7.37    0.00    0.00    0.00   30.53
00:24:08       2   11.46    0.00   46.88    0.00    0.00    7.29    0.00    0.00    0.00   34.38
00:24:08       3   13.68    0.00   46.32    0.00    0.00    5.26    0.00    0.00    0.00   34.74

00:24:08     CPU    %usr   %nice    %sys %iowait    %irq   %soft  %steal  %guest  %gnice   %idle
00:24:09     all    9.84    0.00   35.11    0.27    0.00   11.44    0.00    0.00    0.00   43.35
00:24:09       0    8.57    0.00   25.71    0.00    0.00   29.52    0.00    0.00    0.00   36.19
00:24:09       1    6.67    0.00   42.22    0.00    0.00    2.22    0.00    0.00    0.00   48.89
00:24:09       2   11.11    0.00   40.00    0.00    0.00    4.44    0.00    0.00    0.00   44.44
00:24:09       3   13.19    0.00   34.07    1.10    0.00    6.59    0.00    0.00    0.00   45.05

00:24:09     CPU    %usr   %nice    %sys %iowait    %irq   %soft  %steal  %guest  %gnice   %idle
00:24:10     all   10.97    0.00   38.38    0.00    0.00   10.97    0.00    0.00    0.00   39.69
00:24:10       0    9.35    0.00   30.84    0.00    0.00   26.17    0.00    0.00    0.00   33.64
00:24:10       1   13.48    0.00   38.20    0.00    0.00    5.62    0.00    0.00    0.00   42.70
00:24:10       2   11.24    0.00   40.45    0.00    0.00    5.62    0.00    0.00    0.00   42.70
00:24:10       3   10.20    0.00   44.90    0.00    0.00    4.08    0.00    0.00    0.00   40.82

00:24:10     CPU    %usr   %nice    %sys %iowait    %irq   %soft  %steal  %guest  %gnice   %idle
00:24:11     all    9.76    0.00   35.88    0.00    0.00   13.19    0.00    0.00    0.00   41.16
00:24:11       0    9.26    0.00   28.70    0.00    0.00   30.56    0.00    0.00    0.00   31.48
00:24:11       1   12.50    0.00   38.64    0.00    0.00    3.41    0.00    0.00    0.00   45.45
00:24:11       2   10.75    0.00   36.56    0.00    0.00    8.60    0.00    0.00    0.00   44.09
00:24:11       3    6.67    0.00   41.11    0.00    0.00    6.67    0.00    0.00    0.00   45.56

00:24:11     CPU    %usr   %nice    %sys %iowait    %irq   %soft  %steal  %guest  %gnice   %idle
00:24:12     all    8.92    0.00   30.00    0.00    0.00    7.84    0.00    0.00    0.00   53.24
00:24:12       0    7.84    0.00   26.47    0.00    0.00   20.59    0.00    0.00    0.00   45.10
00:24:12       1    7.87    0.00   31.46    0.00    0.00    2.25    0.00    0.00    0.00   58.43
00:24:12       2    9.20    0.00   31.03    0.00    0.00    3.45    0.00    0.00    0.00   56.32
00:24:12       3   10.87    0.00   31.52    0.00    0.00    3.26    0.00    0.00    0.00   54.35

00:24:12     CPU    %usr   %nice    %sys %iowait    %irq   %soft  %steal  %guest  %gnice   %idle
00:24:13     all    5.15    0.00   22.76    0.00    0.00    8.94    0.00    0.00    0.00   63.14
00:24:13       0    3.64    0.00   22.73    0.00    0.00   22.73    0.00    0.00    0.00   50.91
00:24:13       1    7.06    0.00   21.18    0.00    0.00    2.35    0.00    0.00    0.00   69.41
00:24:13       2    6.67    0.00   25.56    0.00    0.00    2.22    0.00    0.00    0.00   65.56
00:24:13       3    3.57    0.00   21.43    0.00    0.00    4.76    0.00    0.00    0.00   70.24

00:24:13     CPU    %usr   %nice    %sys %iowait    %irq   %soft  %steal  %guest  %gnice   %idle
00:24:14     all    9.57    0.00   35.52    0.00    0.00   11.84    0.00    0.00    0.00   43.07
00:24:14       0    6.96    0.00   30.43    0.00    0.00   26.09    0.00    0.00    0.00   36.52
00:24:14       1   11.22    0.00   39.80    0.00    0.00    6.12    0.00    0.00    0.00   42.86
00:24:14       2   10.11    0.00   35.96    0.00    0.00    5.62    0.00    0.00    0.00   48.31
00:24:14       3   10.53    0.00   36.84    0.00    0.00    6.32    0.00    0.00    0.00   46.32

00:24:14     CPU    %usr   %nice    %sys %iowait    %irq   %soft  %steal  %guest  %gnice   %idle
00:24:15     all    7.79    0.00   23.68    0.00    0.00    9.97    0.00    0.00    0.00   58.57
00:24:15       0    5.81    0.00   19.77    0.00    0.00   17.44    0.00    0.00    0.00   56.98
00:24:15       1    7.79    0.00   25.97    0.00    0.00    7.79    0.00    0.00    0.00   58.44
00:24:15       2    9.76    0.00   21.95    0.00    0.00    8.54    0.00    0.00    0.00   59.76
00:24:15       3    7.89    0.00   27.63    0.00    0.00    5.26    0.00    0.00    0.00   59.21

00:24:15     CPU    %usr   %nice    %sys %iowait    %irq   %soft  %steal  %guest  %gnice   %idle
00:24:16     all   10.97    0.00   35.20    0.00    0.00   12.24    0.00    0.00    0.00   41.58
00:24:16       0    8.11    0.00   27.03    0.00    0.00   28.83    0.00    0.00    0.00   36.04
00:24:16       1    9.68    0.00   40.86    0.00    0.00    6.45    0.00    0.00    0.00   43.01
00:24:16       2   11.46    0.00   40.62    0.00    0.00    5.21    0.00    0.00    0.00   42.71
00:24:16       3   15.22    0.00   33.70    0.00    0.00    5.43    0.00    0.00    0.00   45.65

00:24:16     CPU    %usr   %nice    %sys %iowait    %irq   %soft  %steal  %guest  %gnice   %idle
00:24:17     all    9.63    0.00   30.21    0.00    0.00    7.49    0.00    0.00    0.00   52.67
00:24:17       0    8.16    0.00   28.57    0.00    0.00   14.29    0.00    0.00    0.00   48.98
00:24:17       1   12.09    0.00   27.47    0.00    0.00    5.49    0.00    0.00    0.00   54.95
00:24:17       2   10.53    0.00   34.74    0.00    0.00    3.16    0.00    0.00    0.00   51.58
00:24:17       3    7.78    0.00   30.00    0.00    0.00    6.67    0.00    0.00    0.00   55.56

00:24:17     CPU    %usr   %nice    %sys %iowait    %irq   %soft  %steal  %guest  %gnice   %idle
00:24:18     all    6.35    0.00   21.55    0.00    0.00    6.63    0.00    0.00    0.00   65.47
00:24:18       0    6.12    0.00   18.37    0.00    0.00   17.35    0.00    0.00    0.00   58.16
00:24:18       1    8.89    0.00   21.11    0.00    0.00    3.33    0.00    0.00    0.00   66.67
00:24:18       2    6.82    0.00   22.73    0.00    0.00    2.27    0.00    0.00    0.00   68.18
00:24:18       3    3.49    0.00   24.42    0.00    0.00    2.33    0.00    0.00    0.00   69.77

00:24:18     CPU    %usr   %nice    %sys %iowait    %irq   %soft  %steal  %guest  %gnice   %idle
00:24:19     all    8.36    0.00   24.26    0.00    0.00    7.82    0.00    0.00    0.00   59.57
00:24:19       0    5.94    0.00   23.76    0.00    0.00   16.83    0.00    0.00    0.00   53.47
00:24:19       1    8.79    0.00   23.08    0.00    0.00    5.49    0.00    0.00    0.00   62.64
00:24:19       2   10.00    0.00   26.67    0.00    0.00    3.33    0.00    0.00    0.00   60.00
00:24:19       3    8.99    0.00   23.60    0.00    0.00    4.49    0.00    0.00    0.00   62.92

00:24:19     CPU    %usr   %nice    %sys %iowait    %irq   %soft  %steal  %guest  %gnice   %idle
00:24:20     all    8.02    0.00   28.88    0.00    0.00    8.02    0.00    0.00    0.00   55.08
00:24:20       0    6.93    0.00   27.72    0.00    0.00   15.84    0.00    0.00    0.00   49.50
00:24:20       1   11.11    0.00   26.67    0.00    0.00    4.44    0.00    0.00    0.00   57.78
00:24:20       2    8.51    0.00   32.98    0.00    0.00    3.19    0.00    0.00    0.00   55.32
00:24:20       3    5.62    0.00   28.09    0.00    0.00    7.87    0.00    0.00    0.00   58.43

00:24:20     CPU    %usr   %nice    %sys %iowait    %irq   %soft  %steal  %guest  %gnice   %idle
00:24:21     all    8.09    0.00   28.30    0.00    0.00    9.16    0.00    0.00    0.00   54.45
00:24:21       0    8.91    0.00   23.76    0.00    0.00   18.81    0.00    0.00    0.00   48.51
00:24:21       1    7.95    0.00   29.55    0.00    0.00    4.55    0.00    0.00    0.00   57.95
00:24:21       2    7.53    0.00   32.26    0.00    0.00    6.45    0.00    0.00    0.00   53.76
00:24:21       3    7.87    0.00   28.09    0.00    0.00    5.62    0.00    0.00    0.00   58.43

00:24:21     CPU    %usr   %nice    %sys %iowait    %irq   %soft  %steal  %guest  %gnice   %idle
00:24:22     all    7.16    0.00   26.53    0.00    0.00    8.22    0.00    0.00    0.00   58.09
00:24:22       0    6.00    0.00   24.00    0.00    0.00   17.00    0.00    0.00    0.00   53.00
00:24:22       1    8.70    0.00   25.00    0.00    0.00    4.35    0.00    0.00    0.00   61.96
00:24:22       2    8.70    0.00   27.17    0.00    0.00    5.43    0.00    0.00    0.00   58.70
00:24:22       3    5.38    0.00   30.11    0.00    0.00    5.38    0.00    0.00    0.00   59.14

00:24:22     CPU    %usr   %nice    %sys %iowait    %irq   %soft  %steal  %guest  %gnice   %idle
00:24:23     all    2.23    0.00   11.42    0.00    0.00    6.41    0.00    0.00    0.00   79.94
00:24:23       0    1.01    0.00   12.12    0.00    0.00   16.16    0.00    0.00    0.00   70.71
00:24:23       1    2.30    0.00    9.20    0.00    0.00    4.60    0.00    0.00    0.00   83.91
00:24:23       2    3.45    0.00   11.49    0.00    0.00    2.30    0.00    0.00    0.00   82.76
00:24:23       3    2.33    0.00   12.79    0.00    0.00    1.16    0.00    0.00    0.00   83.72

00:24:23     CPU    %usr   %nice    %sys %iowait    %irq   %soft  %steal  %guest  %gnice   %idle
00:24:24     all    1.96    0.00   11.20    0.00    0.00    4.48    0.00    0.00    0.00   82.35
00:24:24       0    2.08    0.00   13.54    0.00    0.00   11.46    0.00    0.00    0.00   72.92
00:24:24       1    2.25    0.00   10.11    0.00    0.00    2.25    0.00    0.00    0.00   85.39
00:24:24       2    1.16    0.00   11.63    0.00    0.00    1.16    0.00    0.00    0.00   86.05
00:24:24       3    2.33    0.00    9.30    0.00    0.00    2.33    0.00    0.00    0.00   86.05

00:24:24     CPU    %usr   %nice    %sys %iowait    %irq   %soft  %steal  %guest  %gnice   %idle
00:24:25     all    9.87    0.00   31.20    0.00    0.00    7.73    0.00    0.00    0.00   51.20
00:24:25       0    7.00    0.00   28.00    0.00    0.00   18.00    0.00    0.00    0.00   47.00
00:24:25       1   11.11    0.00   31.11    0.00    0.00    5.56    0.00    0.00    0.00   52.22
00:24:25       2    6.67    0.00   36.67    0.00    0.00    2.22    0.00    0.00    0.00   54.44
00:24:25       3   14.74    0.00   29.47    0.00    0.00    4.21    0.00    0.00    0.00   51.58

00:24:25     CPU    %usr   %nice    %sys %iowait    %irq   %soft  %steal  %guest  %gnice   %idle
00:24:26     all    7.29    0.00   28.12    0.00    0.00    8.59    0.00    0.00    0.00   55.99
00:24:26       0    6.86    0.00   25.49    0.00    0.00   16.67    0.00    0.00    0.00   50.98
00:24:26       1    6.25    0.00   31.25    0.00    0.00    6.25    0.00    0.00    0.00   56.25
00:24:26       2    7.53    0.00   27.96    0.00    0.00    5.38    0.00    0.00    0.00   59.14
00:24:26       3    8.60    0.00   27.96    0.00    0.00    5.38    0.00    0.00    0.00   58.06

00:24:26     CPU    %usr   %nice    %sys %iowait    %irq   %soft  %steal  %guest  %gnice   %idle
00:24:27     all    3.97    0.00   16.38    0.00    0.00    6.70    0.00    0.00    0.00   72.95
00:24:27       0    3.77    0.00   17.92    0.00    0.00   13.21    0.00    0.00    0.00   65.09
00:24:27       1    4.04    0.00   16.16    0.00    0.00    4.04    0.00    0.00    0.00   75.76
00:24:27       2    2.08    0.00   16.67    0.00    0.00    3.12    0.00    0.00    0.00   78.12
00:24:27       3    5.88    0.00   14.71    0.00    0.00    5.88    0.00    0.00    0.00   73.53

00:24:27     CPU    %usr   %nice    %sys %iowait    %irq   %soft  %steal  %guest  %gnice   %idle
00:24:28     all    5.12    0.00   18.05    0.00    0.00    5.61    0.00    0.00    0.00   71.22
00:24:28       0    4.50    0.00   21.62    0.00    0.00   11.71    0.00    0.00    0.00   62.16
00:24:28       1    6.67    0.00   20.00    0.00    0.00    1.90    0.00    0.00    0.00   71.43
00:24:28       2    4.17    0.00   14.58    0.00    0.00    5.21    0.00    0.00    0.00   76.04
00:24:28       3    5.10    0.00   15.31    0.00    0.00    3.06    0.00    0.00    0.00   76.53

00:24:28     CPU    %usr   %nice    %sys %iowait    %irq   %soft  %steal  %guest  %gnice   %idle
00:24:29     all   11.26    0.00   31.94    0.00    0.00   10.47    0.00    0.00    0.00   46.34
00:24:29       0    7.92    0.00   30.69    0.00    0.00   17.82    0.00    0.00    0.00   43.56
00:24:29       1   10.31    0.00   36.08    0.00    0.00    8.25    0.00    0.00    0.00   45.36
00:24:29       2   14.44    0.00   28.89    0.00    0.00    6.67    0.00    0.00    0.00   50.00
00:24:29       3   12.77    0.00   31.91    0.00    0.00    8.51    0.00    0.00    0.00   46.81

00:24:29     CPU    %usr   %nice    %sys %iowait    %irq   %soft  %steal  %guest  %gnice   %idle
00:24:30     all   11.63    0.00   36.43    0.00    0.00    9.56    0.00    0.00    0.00   42.38
00:24:30       0    8.65    0.00   30.77    0.00    0.00   22.12    0.00    0.00    0.00   38.46
00:24:30       1   12.77    0.00   38.30    0.00    0.00    5.32    0.00    0.00    0.00   43.62
00:24:30       2   14.43    0.00   38.14    0.00    0.00    4.12    0.00    0.00    0.00   43.30
00:24:30       3   10.87    0.00   39.13    0.00    0.00    5.43    0.00    0.00    0.00   44.57

00:24:30     CPU    %usr   %nice    %sys %iowait    %irq   %soft  %steal  %guest  %gnice   %idle
00:24:31     all    9.04    0.00   30.49    0.00    0.00   10.59    0.00    0.00    0.00   49.87
00:24:31       0    8.00    0.00   25.00    0.00    0.00   21.00    0.00    0.00    0.00   46.00
00:24:31       1   10.89    0.00   31.68    0.00    0.00    6.93    0.00    0.00    0.00   50.50
00:24:31       2   10.20    0.00   37.76    0.00    0.00    6.12    0.00    0.00    0.00   45.92
00:24:31       3    6.82    0.00   27.27    0.00    0.00    7.95    0.00    0.00    0.00   57.95

00:24:31     CPU    %usr   %nice    %sys %iowait    %irq   %soft  %steal  %guest  %gnice   %idle
00:24:32     all   12.08    0.00   33.42    0.00    0.00    9.25    0.00    0.00    0.00   45.24
00:24:32       0   10.71    0.00   33.93    0.00    0.00   17.86    0.00    0.00    0.00   37.50
00:24:32       1   13.04    0.00   32.61    0.00    0.00    5.43    0.00    0.00    0.00   48.91
00:24:32       2   14.61    0.00   30.34    0.00    0.00    5.62    0.00    0.00    0.00   49.44
00:24:32       3   10.42    0.00   36.46    0.00    0.00    6.25    0.00    0.00    0.00   46.88

00:24:32     CPU    %usr   %nice    %sys %iowait    %irq   %soft  %steal  %guest  %gnice   %idle
00:24:33     all    7.75    0.00   26.63    0.00    0.00    7.02    0.00    0.00    0.00   58.60
00:24:33       0    5.71    0.00   26.67    0.00    0.00   13.33    0.00    0.00    0.00   54.29
00:24:33       1    9.71    0.00   24.27    0.00    0.00    6.80    0.00    0.00    0.00   59.22
00:24:33       2    7.92    0.00   27.72    0.00    0.00    2.97    0.00    0.00    0.00   61.39
00:24:33       3    7.69    0.00   27.88    0.00    0.00    4.81    0.00    0.00    0.00   59.62

00:24:33     CPU    %usr   %nice    %sys %iowait    %irq   %soft  %steal  %guest  %gnice   %idle
00:24:34     all   10.41    0.00   31.22    0.00    0.00    7.36    0.00    0.00    0.00   51.02
00:24:34       0    6.80    0.00   33.98    0.00    0.00   11.65    0.00    0.00    0.00   47.57
00:24:34       1   11.34    0.00   29.90    0.00    0.00    6.19    0.00    0.00    0.00   52.58
00:24:34       2   11.70    0.00   28.72    0.00    0.00    6.38    0.00    0.00    0.00   53.19
00:24:34       3   12.00    0.00   32.00    0.00    0.00    5.00    0.00    0.00    0.00   51.00

00:24:34     CPU    %usr   %nice    %sys %iowait    %irq   %soft  %steal  %guest  %gnice   %idle
00:24:35     all    6.60    0.00   28.87    0.00    0.00    6.19    0.00    0.00    0.00   58.35
00:24:35       0    7.20    0.00   24.80    0.00    0.00   13.60    0.00    0.00    0.00   54.40
00:24:35       1    7.63    0.00   27.97    0.00    0.00    3.39    0.00    0.00    0.00   61.02
00:24:35       2    6.56    0.00   28.69    0.00    0.00    5.74    0.00    0.00    0.00   59.02
00:24:35       3    5.00    0.00   34.17    0.00    0.00    1.67    0.00    0.00    0.00   59.17

00:24:35     CPU    %usr   %nice    %sys %iowait    %irq   %soft  %steal  %guest  %gnice   %idle
00:24:36     all    8.08    0.00   30.30    0.00    0.00    9.60    0.00    0.00    0.00   52.02
00:24:36       0    6.80    0.00   24.27    0.00    0.00   20.39    0.00    0.00    0.00   48.54
00:24:36       1    6.12    0.00   33.67    0.00    0.00    6.12    0.00    0.00    0.00   54.08
00:24:36       2   10.53    0.00   30.53    0.00    0.00    5.26    0.00    0.00    0.00   53.68
00:24:36       3    9.00    0.00   33.00    0.00    0.00    6.00    0.00    0.00    0.00   52.00

00:24:36     CPU    %usr   %nice    %sys %iowait    %irq   %soft  %steal  %guest  %gnice   %idle
00:24:37     all   10.08    0.00   26.05    0.00    0.00    6.72    0.00    0.00    0.00   57.14
00:24:37       0    7.14    0.00   27.78    0.00    0.00   13.49    0.00    0.00    0.00   51.59
00:24:37       1   13.16    0.00   23.68    0.00    0.00    2.63    0.00    0.00    0.00   60.53
00:24:37       2   10.92    0.00   26.05    0.00    0.00    5.04    0.00    0.00    0.00   57.98
00:24:37       3    9.40    0.00   26.50    0.00    0.00    5.13    0.00    0.00    0.00   58.97

00:24:37     CPU    %usr   %nice    %sys %iowait    %irq   %soft  %steal  %guest  %gnice   %idle
00:24:38     all    9.23    0.00   33.67    0.00    0.00   10.97    0.00    0.00    0.00   46.13
00:24:38       0    7.55    0.00   27.36    0.00    0.00   26.42    0.00    0.00    0.00   38.68
00:24:38       1   11.76    0.00   36.27    0.00    0.00    4.90    0.00    0.00    0.00   47.06
00:24:38       2    9.78    0.00   34.78    0.00    0.00    5.43    0.00    0.00    0.00   50.00
00:24:38       3    7.92    0.00   36.63    0.00    0.00    5.94    0.00    0.00    0.00   49.50

00:24:38     CPU    %usr   %nice    %sys %iowait    %irq   %soft  %steal  %guest  %gnice   %idle
00:24:39     all   10.46    0.00   33.82    0.00    0.00    8.76    0.00    0.00    0.00   46.96
00:24:39       0    9.35    0.00   30.84    0.00    0.00   16.82    0.00    0.00    0.00   42.99
00:24:39       1    9.38    0.00   33.33    0.00    0.00    7.29    0.00    0.00    0.00   50.00
00:24:39       2   11.76    0.00   36.27    0.00    0.00    4.90    0.00    0.00    0.00   47.06
00:24:39       3   11.32    0.00   34.91    0.00    0.00    5.66    0.00    0.00    0.00   48.11

00:24:39     CPU    %usr   %nice    %sys %iowait    %irq   %soft  %steal  %guest  %gnice   %idle
00:24:40     all   11.87    0.00   34.85    0.00    0.00   11.87    0.00    0.00    0.00   41.41
00:24:40       0    9.09    0.00   29.09    0.00    0.00   25.45    0.00    0.00    0.00   36.36
00:24:40       1   10.75    0.00   38.71    0.00    0.00    7.53    0.00    0.00    0.00   43.01
00:24:40       2   13.04    0.00   35.87    0.00    0.00    5.43    0.00    0.00    0.00   45.65
00:24:40       3   14.85    0.00   36.63    0.00    0.00    6.93    0.00    0.00    0.00   41.58

00:24:40     CPU    %usr   %nice    %sys %iowait    %irq   %soft  %steal  %guest  %gnice   %idle
00:24:41     all   11.22    0.00   33.65    0.00    0.00    9.55    0.00    0.00    0.00   45.58
00:24:41       0    8.26    0.00   30.28    0.00    0.00   19.27    0.00    0.00    0.00   42.20
00:24:41       1   15.53    0.00   33.01    0.00    0.00    5.83    0.00    0.00    0.00   45.63
00:24:41       2   11.43    0.00   36.19    0.00    0.00    6.67    0.00    0.00    0.00   45.71
00:24:41       3    9.80    0.00   35.29    0.00    0.00    5.88    0.00    0.00    0.00   49.02

00:24:41     CPU    %usr   %nice    %sys %iowait    %irq   %soft  %steal  %guest  %gnice   %idle
00:24:42     all    9.42    0.00   35.99    0.00    0.00   10.63    0.00    0.00    0.00   43.96
00:24:42       0   10.28    0.00   25.23    0.00    0.00   22.43    0.00    0.00    0.00   42.06
00:24:42       1    7.62    0.00   41.90    0.00    0.00    7.62    0.00    0.00    0.00   42.86
00:24:42       2   10.68    0.00   37.86    0.00    0.00    6.80    0.00    0.00    0.00   44.66
00:24:42       3    9.09    0.00   39.39    0.00    0.00    5.05    0.00    0.00    0.00   46.46

00:24:42     CPU    %usr   %nice    %sys %iowait    %irq   %soft  %steal  %guest  %gnice   %idle
00:24:43     all   10.18    0.00   26.27    0.00    0.00    4.28    0.00    0.00    0.00   59.27
00:24:43       0    8.94    0.00   26.02    0.00    0.00    9.76    0.00    0.00    0.00   55.28
00:24:43       1   10.24    0.00   29.13    0.00    0.00    2.36    0.00    0.00    0.00   58.27
00:24:43       2   10.32    0.00   26.98    0.00    0.00    3.17    0.00    0.00    0.00   59.52
00:24:43       3   11.30    0.00   22.61    0.00    0.00    1.74    0.00    0.00    0.00   64.35

00:24:43     CPU    %usr   %nice    %sys %iowait    %irq   %soft  %steal  %guest  %gnice   %idle
00:24:44     all    9.98    0.00   35.03    0.00    0.00    6.65    0.00    0.00    0.00   48.34
00:24:44       0   10.83    0.00   35.00    0.00    0.00   10.00    0.00    0.00    0.00   44.17
00:24:44       1   11.01    0.00   33.03    0.00    0.00    5.50    0.00    0.00    0.00   50.46
00:24:44       2    9.01    0.00   36.94    0.00    0.00    5.41    0.00    0.00    0.00   48.65
00:24:44       3    9.01    0.00   35.14    0.00    0.00    5.41    0.00    0.00    0.00   50.45

00:24:44     CPU    %usr   %nice    %sys %iowait    %irq   %soft  %steal  %guest  %gnice   %idle
00:24:45     all   10.18    0.00   32.52    0.00    0.00    5.75    0.00    0.00    0.00   51.55
00:24:45       0    8.47    0.00   33.90    0.00    0.00   10.17    0.00    0.00    0.00   47.46
00:24:45       1   12.96    0.00   28.70    0.00    0.00    3.70    0.00    0.00    0.00   54.63
00:24:45       2    8.55    0.00   35.90    0.00    0.00    5.13    0.00    0.00    0.00   50.43
00:24:45       3   11.01    0.00   31.19    0.00    0.00    3.67    0.00    0.00    0.00   54.13

00:24:45     CPU    %usr   %nice    %sys %iowait    %irq   %soft  %steal  %guest  %gnice   %idle
00:24:46     all    9.49    0.00   30.56    0.00    0.00    7.41    0.00    0.00    0.00   52.55
00:24:46       0    7.76    0.00   29.31    0.00    0.00   16.38    0.00    0.00    0.00   46.55
00:24:46       1    9.90    0.00   29.70    0.00    0.00    2.97    0.00    0.00    0.00   57.43
00:24:46       2   10.28    0.00   29.91    0.00    0.00    5.61    0.00    0.00    0.00   54.21
00:24:46       3   10.19    0.00   33.33    0.00    0.00    3.70    0.00    0.00    0.00   52.78

00:24:46     CPU    %usr   %nice    %sys %iowait    %irq   %soft  %steal  %guest  %gnice   %idle
00:24:47     all    8.58    0.00   28.67    0.00    0.00    6.55    0.00    0.00    0.00   56.21
00:24:47       0    6.14    0.00   27.19    0.00    0.00   14.91    0.00    0.00    0.00   51.75
00:24:47       1    9.82    0.00   30.36    0.00    0.00    2.68    0.00    0.00    0.00   57.14
00:24:47       2    8.41    0.00   28.04    0.00    0.00    4.67    0.00    0.00    0.00   58.88
00:24:47       3   10.00    0.00   29.09    0.00    0.00    3.64    0.00    0.00    0.00   57.27

00:24:47     CPU    %usr   %nice    %sys %iowait    %irq   %soft  %steal  %guest  %gnice   %idle
00:24:48     all    9.50    0.00   26.47    0.00    0.00    6.11    0.00    0.00    0.00   57.92
00:24:48       0    9.17    0.00   25.00    0.00    0.00   14.17    0.00    0.00    0.00   51.67
00:24:48       1    9.91    0.00   27.93    0.00    0.00    3.60    0.00    0.00    0.00   58.56
00:24:48       2    9.35    0.00   28.97    0.00    0.00    1.87    0.00    0.00    0.00   59.81
00:24:48       3    9.62    0.00   24.04    0.00    0.00    3.85    0.00    0.00    0.00   62.50

00:24:48     CPU    %usr   %nice    %sys %iowait    %irq   %soft  %steal  %guest  %gnice   %idle
00:24:49     all   13.10    0.00   35.71    0.00    0.00    8.10    0.00    0.00    0.00   43.10
00:24:49       0   11.71    0.00   32.43    0.00    0.00   17.12    0.00    0.00    0.00   38.74
00:24:49       1   13.89    0.00   37.96    0.00    0.00    6.48    0.00    0.00    0.00   41.67
00:24:49       2   14.29    0.00   34.69    0.00    0.00    4.08    0.00    0.00    0.00   46.94
00:24:49       3   12.62    0.00   37.86    0.00    0.00    3.88    0.00    0.00    0.00   45.63

00:24:49     CPU    %usr   %nice    %sys %iowait    %irq   %soft  %steal  %guest  %gnice   %idle
00:24:50     all    8.85    0.00   28.71    0.00    0.00    8.37    0.00    0.00    0.00   54.07
00:24:50       0    7.34    0.00   25.69    0.00    0.00   16.51    0.00    0.00    0.00   50.46
00:24:50       1    7.07    0.00   32.32    0.00    0.00    3.03    0.00    0.00    0.00   57.58
00:24:50       2   11.43    0.00   28.57    0.00    0.00    5.71    0.00    0.00    0.00   54.29
00:24:50       3    9.52    0.00   28.57    0.00    0.00    7.62    0.00    0.00    0.00   54.29

00:24:50     CPU    %usr   %nice    %sys %iowait    %irq   %soft  %steal  %guest  %gnice   %idle
00:24:51     all   11.94    0.00   36.04    0.00    0.00    7.21    0.00    0.00    0.00   44.82
00:24:51       0    9.57    0.00   33.91    0.00    0.00   15.65    0.00    0.00    0.00   40.87
00:24:51       1   13.51    0.00   37.84    0.00    0.00    2.70    0.00    0.00    0.00   45.95
00:24:51       2   11.82    0.00   37.27    0.00    0.00    4.55    0.00    0.00    0.00   46.36
00:24:51       3   12.96    0.00   35.19    0.00    0.00    5.56    0.00    0.00    0.00   46.30
