Linux 5.15.0-171-generic (cloudnet-s05) 	05/19/2026 	_x86_64_	(8 CPU)

12:43:36 PM  CPU    %usr   %nice    %sys %iowait    %irq   %soft  %steal  %guest  %gnice   %idle
12:43:37 PM  all   12.08    0.00    5.40    0.26    0.00    2.57    0.00    0.00    0.00   79.69
12:43:37 PM    0    9.18    0.00    9.18    0.00    0.00    3.06    0.00    0.00    0.00   78.57
12:43:37 PM    1   14.29    0.00    5.10    0.00    0.00    1.02    0.00    0.00    0.00   79.59
12:43:37 PM    2   15.46    0.00    4.12    0.00    0.00    2.06    0.00    0.00    0.00   78.35
12:43:37 PM    3    8.25    0.00    7.22    0.00    0.00    4.12    0.00    0.00    0.00   80.41
12:43:37 PM    4   12.37    0.00    4.12    1.03    0.00    3.09    0.00    0.00    0.00   79.38
12:43:37 PM    5   12.24    0.00    5.10    0.00    0.00    3.06    0.00    0.00    0.00   79.59
12:43:37 PM    6   12.37    0.00    4.12    1.03    0.00    3.09    0.00    0.00    0.00   79.38
12:43:37 PM    7   12.50    0.00    4.17    0.00    0.00    1.04    0.00    0.00    0.00   82.29

12:43:37 PM  CPU    %usr   %nice    %sys %iowait    %irq   %soft  %steal  %guest  %gnice   %idle
12:43:38 PM  all   11.97    0.00    6.11    0.00    0.00    3.31    0.00    0.00    0.00   78.60
12:43:38 PM    0   12.37    0.00    5.15    0.00    0.00    3.09    0.00    0.00    0.00   79.38
12:43:38 PM    1   14.14    0.00    6.06    0.00    0.00    2.02    0.00    0.00    0.00   77.78
12:43:38 PM    2   11.11    0.00    6.06    0.00    0.00    5.05    0.00    0.00    0.00   77.78
12:43:38 PM    3   14.43    0.00    3.09    0.00    0.00    3.09    0.00    0.00    0.00   79.38
12:43:38 PM    4   11.34    0.00    6.19    0.00    0.00    3.09    0.00    0.00    0.00   79.38
12:43:38 PM    5    9.28    0.00    9.28    0.00    0.00    2.06    0.00    0.00    0.00   79.38
12:43:38 PM    6   12.00    0.00    6.00    0.00    0.00    4.00    0.00    0.00    0.00   78.00
12:43:38 PM    7   11.11    0.00    7.07    0.00    0.00    4.04    0.00    0.00    0.00   77.78

12:43:38 PM  CPU    %usr   %nice    %sys %iowait    %irq   %soft  %steal  %guest  %gnice   %idle
12:43:39 PM  all   10.77    0.00    7.05    0.00    0.00    2.95    0.00    0.00    0.00   79.23
12:43:39 PM    0   11.00    0.00    8.00    0.00    0.00    3.00    0.00    0.00    0.00   78.00
12:43:39 PM    1   11.34    0.00    5.15    0.00    0.00    4.12    0.00    0.00    0.00   79.38
12:43:39 PM    2   12.37    0.00    6.19    0.00    0.00    2.06    0.00    0.00    0.00   79.38
12:43:39 PM    3   12.12    0.00    6.06    0.00    0.00    4.04    0.00    0.00    0.00   77.78
12:43:39 PM    4   12.24    0.00    7.14    0.00    0.00    3.06    0.00    0.00    0.00   77.55
12:43:39 PM    5    8.16    0.00   10.20    0.00    0.00    2.04    0.00    0.00    0.00   79.59
12:43:39 PM    6   10.42    0.00    6.25    0.00    0.00    3.12    0.00    0.00    0.00   80.21
12:43:39 PM    7    8.42    0.00    7.37    0.00    0.00    2.11    0.00    0.00    0.00   82.11

12:43:39 PM  CPU    %usr   %nice    %sys %iowait    %irq   %soft  %steal  %guest  %gnice   %idle
12:43:40 PM  all   12.69    0.00    7.18    0.00    0.00    1.67    0.00    0.00    0.00   78.46
12:43:40 PM    0   16.16    0.00    7.07    0.00    0.00    1.01    0.00    0.00    0.00   75.76
12:43:40 PM    1   13.27    0.00    7.14    0.00    0.00    1.02    0.00    0.00    0.00   78.57
12:43:40 PM    2   11.22    0.00    8.16    0.00    0.00    2.04    0.00    0.00    0.00   78.57
12:43:40 PM    3   13.68    0.00    6.32    0.00    0.00    1.05    0.00    0.00    0.00   78.95
12:43:40 PM    4    9.28    0.00    9.28    0.00    0.00    2.06    0.00    0.00    0.00   79.38
12:43:40 PM    5   11.46    0.00    7.29    0.00    0.00    1.04    0.00    0.00    0.00   80.21
12:43:40 PM    6   13.13    0.00    7.07    0.00    0.00    2.02    0.00    0.00    0.00   77.78
12:43:40 PM    7   13.27    0.00    5.10    0.00    0.00    3.06    0.00    0.00    0.00   78.57

12:43:40 PM  CPU    %usr   %nice    %sys %iowait    %irq   %soft  %steal  %guest  %gnice   %idle
12:43:41 PM  all   14.08    0.00    8.45    0.00    0.00    3.75    0.00    0.00    0.00   73.73
12:43:41 PM    0   11.83    0.00    8.60    0.00    0.00    5.38    0.00    0.00    0.00   74.19
12:43:41 PM    1   15.96    0.00    7.45    0.00    0.00    3.19    0.00    0.00    0.00   73.40
12:43:41 PM    2   12.90    0.00    9.68    0.00    0.00    3.23    0.00    0.00    0.00   74.19
12:43:41 PM    3   10.64    0.00   10.64    0.00    0.00    5.32    0.00    0.00    0.00   73.40
12:43:41 PM    4   15.22    0.00    8.70    0.00    0.00    2.17    0.00    0.00    0.00   73.91
12:43:41 PM    5   13.19    0.00    7.69    0.00    0.00    4.40    0.00    0.00    0.00   74.73
12:43:41 PM    6   16.30    0.00    5.43    0.00    0.00    3.26    0.00    0.00    0.00   75.00
12:43:41 PM    7   16.49    0.00    9.28    0.00    0.00    3.09    0.00    0.00    0.00   71.13

12:43:41 PM  CPU    %usr   %nice    %sys %iowait    %irq   %soft  %steal  %guest  %gnice   %idle
12:43:42 PM  all   14.34    0.00    7.98    0.41    0.00    4.33    0.00    0.00    0.00   72.94
12:43:42 PM    0   13.04    0.00   10.87    1.09    0.00    2.17    0.00    0.00    0.00   72.83
12:43:42 PM    1   11.96    0.00   10.87    0.00    0.00    4.35    0.00    0.00    0.00   72.83
12:43:42 PM    2   15.62    0.00    7.29    0.00    0.00    5.21    0.00    0.00    0.00   71.88
12:43:42 PM    3   18.75    0.00    5.21    0.00    0.00    5.21    0.00    0.00    0.00   70.83
12:43:42 PM    4   15.56    0.00    6.67    1.11    0.00    3.33    0.00    0.00    0.00   73.33
12:43:42 PM    5   13.98    0.00    7.53    0.00    0.00    5.38    0.00    0.00    0.00   73.12
12:43:42 PM    6   14.13    0.00    6.52    1.09    0.00    5.43    0.00    0.00    0.00   72.83
12:43:42 PM    7   11.36    0.00    9.09    0.00    0.00    3.41    0.00    0.00    0.00   76.14

12:43:42 PM  CPU    %usr   %nice    %sys %iowait    %irq   %soft  %steal  %guest  %gnice   %idle
12:43:43 PM  all   14.57    0.00   11.23    0.00    0.00    3.74    0.00    0.00    0.00   70.45
12:43:43 PM    0   14.13    0.00    9.78    0.00    0.00    3.26    0.00    0.00    0.00   72.83
12:43:43 PM    1   12.77    0.00   12.77    0.00    0.00    3.19    0.00    0.00    0.00   71.28
12:43:43 PM    2   13.98    0.00   12.90    0.00    0.00    3.23    0.00    0.00    0.00   69.89
12:43:43 PM    3   13.68    0.00   11.58    0.00    0.00    4.21    0.00    0.00    0.00   70.53
12:43:43 PM    4   13.83    0.00   12.77    0.00    0.00    4.26    0.00    0.00    0.00   69.15
12:43:43 PM    5   15.96    0.00    9.57    0.00    0.00    4.26    0.00    0.00    0.00   70.21
12:43:43 PM    6   18.48    0.00    7.61    0.00    0.00    3.26    0.00    0.00    0.00   70.65
12:43:43 PM    7   13.83    0.00   12.77    0.00    0.00    4.26    0.00    0.00    0.00   69.15

12:43:43 PM  CPU    %usr   %nice    %sys %iowait    %irq   %soft  %steal  %guest  %gnice   %idle
12:43:44 PM  all   14.95    0.00   11.38    0.00    0.00    4.50    0.00    0.00    0.00   69.18
12:43:44 PM    0   16.13    0.00   10.75    0.00    0.00    2.15    0.00    0.00    0.00   70.97
12:43:44 PM    1   13.98    0.00   10.75    0.00    0.00    5.38    0.00    0.00    0.00   69.89
12:43:44 PM    2   12.09    0.00    8.79    0.00    0.00    6.59    0.00    0.00    0.00   72.53
12:43:44 PM    3   16.49    0.00   11.34    0.00    0.00    4.12    0.00    0.00    0.00   68.04
12:43:44 PM    4   13.68    0.00   13.68    0.00    0.00    3.16    0.00    0.00    0.00   69.47
12:43:44 PM    5   14.58    0.00   11.46    0.00    0.00    6.25    0.00    0.00    0.00   67.71
12:43:44 PM    6   16.67    0.00   12.50    0.00    0.00    4.17    0.00    0.00    0.00   66.67
12:43:44 PM    7   15.79    0.00   11.58    0.00    0.00    4.21    0.00    0.00    0.00   68.42

12:43:44 PM  CPU    %usr   %nice    %sys %iowait    %irq   %soft  %steal  %guest  %gnice   %idle
12:43:45 PM  all   13.98    0.00   10.12    0.00    0.00    4.53    0.00    0.00    0.00   71.37
12:43:45 PM    0   14.13    0.00    8.70    0.00    0.00    3.26    0.00    0.00    0.00   73.91
12:43:45 PM    1   13.83    0.00    7.45    0.00    0.00    5.32    0.00    0.00    0.00   73.40
12:43:45 PM    2   10.99    0.00   10.99    0.00    0.00    3.30    0.00    0.00    0.00   74.73
12:43:45 PM    3   16.13    0.00    8.60    0.00    0.00    3.23    0.00    0.00    0.00   72.04
12:43:45 PM    4   15.96    0.00    9.57    0.00    0.00    4.26    0.00    0.00    0.00   70.21
12:43:45 PM    5   12.50    0.00   12.50    0.00    0.00    6.25    0.00    0.00    0.00   68.75
12:43:45 PM    6   16.13    0.00    9.68    0.00    0.00    3.23    0.00    0.00    0.00   70.97
12:43:45 PM    7   12.24    0.00   13.27    0.00    0.00    7.14    0.00    0.00    0.00   67.35

12:43:45 PM  CPU    %usr   %nice    %sys %iowait    %irq   %soft  %steal  %guest  %gnice   %idle
12:43:46 PM  all   17.62    0.00   17.23    0.00    0.00    4.70    0.00    0.00    0.00   60.44
12:43:46 PM    0   20.20    0.00   18.18    0.00    0.00    4.04    0.00    0.00    0.00   57.58
12:43:46 PM    1   15.91    0.00   15.91    0.00    0.00    3.41    0.00    0.00    0.00   64.77
12:43:46 PM    2   19.59    0.00   16.49    0.00    0.00    5.15    0.00    0.00    0.00   58.76
12:43:46 PM    3   18.95    0.00   18.95    0.00    0.00    3.16    0.00    0.00    0.00   58.95
12:43:46 PM    4   18.00    0.00   18.00    0.00    0.00    5.00    0.00    0.00    0.00   59.00
12:43:46 PM    5   15.31    0.00   18.37    0.00    0.00    7.14    0.00    0.00    0.00   59.18
12:43:46 PM    6   17.53    0.00   16.49    0.00    0.00    5.15    0.00    0.00    0.00   60.82
12:43:46 PM    7   15.22    0.00   15.22    0.00    0.00    4.35    0.00    0.00    0.00   65.22

12:43:46 PM  CPU    %usr   %nice    %sys %iowait    %irq   %soft  %steal  %guest  %gnice   %idle
12:43:47 PM  all   16.62    0.00   19.92    3.96    0.00    5.67    0.00    0.00    0.00   53.83
12:43:47 PM    0   18.56    0.00   19.59    0.00    0.00    6.19    0.00    0.00    0.00   55.67
12:43:47 PM    1   16.85    0.00   16.85    0.00    0.00    5.62    0.00    0.00    0.00   60.67
12:43:47 PM    2   14.89    0.00   22.34   11.70    0.00    4.26    0.00    0.00    0.00   46.81
12:43:47 PM    3   13.98    0.00   17.20   10.75    0.00    7.53    0.00    0.00    0.00   50.54
12:43:47 PM    4   15.46    0.00   22.68    9.28    0.00    5.15    0.00    0.00    0.00   47.42
12:43:47 PM    5   18.37    0.00   21.43    0.00    0.00    5.10    0.00    0.00    0.00   55.10
12:43:47 PM    6   14.89    0.00   20.21    0.00    0.00    7.45    0.00    0.00    0.00   57.45
12:43:47 PM    7   19.79    0.00   18.75    0.00    0.00    4.17    0.00    0.00    0.00   57.29

12:43:47 PM  CPU    %usr   %nice    %sys %iowait    %irq   %soft  %steal  %guest  %gnice   %idle
12:43:48 PM  all   15.78    0.00   13.32    0.00    0.00    4.14    0.00    0.00    0.00   66.75
12:43:48 PM    0   17.35    0.00   14.29    0.00    0.00    3.06    0.00    0.00    0.00   65.31
12:43:48 PM    1   18.27    0.00   13.46    0.00    0.00    4.81    0.00    0.00    0.00   63.46
12:43:48 PM    2   10.75    0.00   17.20    0.00    0.00    3.23    0.00    0.00    0.00   68.82
12:43:48 PM    3   16.16    0.00   14.14    0.00    0.00    4.04    0.00    0.00    0.00   65.66
12:43:48 PM    4   12.22    0.00   12.22    0.00    0.00    4.44    0.00    0.00    0.00   71.11
12:43:48 PM    5   15.79    0.00   11.58    0.00    0.00    4.21    0.00    0.00    0.00   68.42
12:43:48 PM    6   17.71    0.00   11.46    0.00    0.00    4.17    0.00    0.00    0.00   66.67
12:43:48 PM    7   17.35    0.00   12.24    0.00    0.00    5.10    0.00    0.00    0.00   65.31

12:43:48 PM  CPU    %usr   %nice    %sys %iowait    %irq   %soft  %steal  %guest  %gnice   %idle
12:43:49 PM  all   16.17    0.00   16.04    0.00    0.00    5.26    0.00    0.00    0.00   62.53
12:43:49 PM    0   13.79    0.00   12.64    0.00    0.00    8.05    0.00    0.00    0.00   65.52
12:43:49 PM    1   21.28    0.00   13.83    0.00    0.00    5.32    0.00    0.00    0.00   59.57
12:43:49 PM    2   17.58    0.00   16.48    0.00    0.00    4.40    0.00    0.00    0.00   61.54
12:43:49 PM    3   15.05    0.00   17.20    0.00    0.00    5.38    0.00    0.00    0.00   62.37
12:43:49 PM    4   13.83    0.00   18.09    0.00    0.00    5.32    0.00    0.00    0.00   62.77
12:43:49 PM    5   13.83    0.00   20.21    0.00    0.00    3.19    0.00    0.00    0.00   62.77
12:43:49 PM    6   14.13    0.00   13.04    0.00    0.00    6.52    0.00    0.00    0.00   66.30
12:43:49 PM    7   19.59    0.00   16.49    0.00    0.00    4.12    0.00    0.00    0.00   59.79

12:43:49 PM  CPU    %usr   %nice    %sys %iowait    %irq   %soft  %steal  %guest  %gnice   %idle
12:43:50 PM  all   18.83    0.00   18.97    0.00    0.00    4.91    0.00    0.00    0.00   57.29
12:43:50 PM    0   18.09    0.00   17.02    0.00    0.00    8.51    0.00    0.00    0.00   56.38
12:43:50 PM    1   21.21    0.00   17.17    0.00    0.00    5.05    0.00    0.00    0.00   56.57
12:43:50 PM    2   18.09    0.00   21.28    0.00    0.00    4.26    0.00    0.00    0.00   56.38
12:43:50 PM    3   20.00    0.00   18.95    0.00    0.00    5.26    0.00    0.00    0.00   55.79
12:43:50 PM    4   19.78    0.00   16.48    0.00    0.00    3.30    0.00    0.00    0.00   60.44
12:43:50 PM    5   18.28    0.00   18.28    0.00    0.00    4.30    0.00    0.00    0.00   59.14
12:43:50 PM    6   17.02    0.00   21.28    0.00    0.00    4.26    0.00    0.00    0.00   57.45
12:43:50 PM    7   18.09    0.00   21.28    0.00    0.00    4.26    0.00    0.00    0.00   56.38

12:43:50 PM  CPU    %usr   %nice    %sys %iowait    %irq   %soft  %steal  %guest  %gnice   %idle
12:43:51 PM  all   26.73    0.00   16.44    0.00    0.00    5.77    0.00    0.00    0.00   51.07
12:43:51 PM    0   21.78    0.00   19.80    0.00    0.00    4.95    0.00    0.00    0.00   53.47
12:43:51 PM    1   20.20    0.00   16.16    0.00    0.00    7.07    0.00    0.00    0.00   56.57
12:43:51 PM    2   18.37    0.00   18.37    0.00    0.00    6.12    0.00    0.00    0.00   57.14
12:43:51 PM    3   15.31    0.00   20.41    0.00    0.00    8.16    0.00    0.00    0.00   56.12
12:43:51 PM    4   48.54    0.00   13.59    0.00    0.00    2.91    0.00    0.00    0.00   34.95
12:43:51 PM    5   17.00    0.00   15.00    0.00    0.00    7.00    0.00    0.00    0.00   61.00
12:43:51 PM    6   52.04    0.00   10.20    0.00    0.00    3.06    0.00    0.00    0.00   34.69
12:43:51 PM    7   20.00    0.00   18.00    0.00    0.00    7.00    0.00    0.00    0.00   55.00

12:43:51 PM  CPU    %usr   %nice    %sys %iowait    %irq   %soft  %steal  %guest  %gnice   %idle
12:43:52 PM  all   16.58    0.00   16.46    0.00    0.00    5.15    0.00    0.00    0.00   61.81
12:43:52 PM    0   16.16    0.00   14.14    0.00    0.00    6.06    0.00    0.00    0.00   63.64
12:43:52 PM    1   17.00    0.00   18.00    0.00    0.00    3.00    0.00    0.00    0.00   62.00
12:43:52 PM    2   17.17    0.00   14.14    0.00    0.00    7.07    0.00    0.00    0.00   61.62
12:43:52 PM    3   16.83    0.00   16.83    0.00    0.00    5.94    0.00    0.00    0.00   60.40
12:43:52 PM    4   13.59    0.00   20.39    0.00    0.00    5.83    0.00    0.00    0.00   60.19
12:43:52 PM    5   16.83    0.00   15.84    0.00    0.00    5.94    0.00    0.00    0.00   61.39
12:43:52 PM    6   17.71    0.00   15.62    0.00    0.00    4.17    0.00    0.00    0.00   62.50
12:43:52 PM    7   17.53    0.00   16.49    0.00    0.00    3.09    0.00    0.00    0.00   62.89

12:43:52 PM  CPU    %usr   %nice    %sys %iowait    %irq   %soft  %steal  %guest  %gnice   %idle
12:43:53 PM  all   15.13    0.00   16.21    0.00    0.00    6.00    0.00    0.00    0.00   62.67
12:43:53 PM    0   14.42    0.00   16.35    0.00    0.00    6.73    0.00    0.00    0.00   62.50
12:43:53 PM    1   16.19    0.00   16.19    0.00    0.00    5.71    0.00    0.00    0.00   61.90
12:43:53 PM    2   12.50    0.00   16.35    0.00    0.00    6.73    0.00    0.00    0.00   64.42
12:43:53 PM    3   14.29    0.00   18.10    0.00    0.00    4.76    0.00    0.00    0.00   62.86
12:43:53 PM    4   11.76    0.00   16.67    0.00    0.00    7.84    0.00    0.00    0.00   63.73
12:43:53 PM    5   17.48    0.00   13.59    0.00    0.00    5.83    0.00    0.00    0.00   63.11
12:43:53 PM    6   18.45    0.00   12.62    0.00    0.00    5.83    0.00    0.00    0.00   63.11
12:43:53 PM    7   15.89    0.00   19.63    0.00    0.00    4.67    0.00    0.00    0.00   59.81

12:43:53 PM  CPU    %usr   %nice    %sys %iowait    %irq   %soft  %steal  %guest  %gnice   %idle
12:43:54 PM  all   15.66    0.00   17.71    0.00    0.00    4.57    0.00    0.00    0.00   62.06
12:43:54 PM    0   12.96    0.00   18.52    0.00    0.00    6.48    0.00    0.00    0.00   62.04
12:43:54 PM    1   16.22    0.00   18.02    0.00    0.00    3.60    0.00    0.00    0.00   62.16
12:43:54 PM    2   17.43    0.00   17.43    0.00    0.00    2.75    0.00    0.00    0.00   62.39
12:43:54 PM    3   15.89    0.00   15.89    0.00    0.00    3.74    0.00    0.00    0.00   64.49
12:43:54 PM    4   14.55    0.00   17.27    0.00    0.00    6.36    0.00    0.00    0.00   61.82
12:43:54 PM    5   15.93    0.00   20.35    0.00    0.00    3.54    0.00    0.00    0.00   60.18
12:43:54 PM    6   16.98    0.00   15.09    0.00    0.00    4.72    0.00    0.00    0.00   63.21
12:43:54 PM    7   15.32    0.00   18.92    0.00    0.00    5.41    0.00    0.00    0.00   60.36

12:43:54 PM  CPU    %usr   %nice    %sys %iowait    %irq   %soft  %steal  %guest  %gnice   %idle
12:43:55 PM  all   17.82    0.00   17.04    0.00    0.00    4.85    0.00    0.00    0.00   60.29
12:43:55 PM    0   16.84    0.00   17.89    0.00    0.00    4.21    0.00    0.00    0.00   61.05
12:43:55 PM    1   19.00    0.00   18.00    0.00    0.00    6.00    0.00    0.00    0.00   57.00
12:43:55 PM    2   20.00    0.00   14.74    0.00    0.00    5.26    0.00    0.00    0.00   60.00
12:43:55 PM    3   18.18    0.00   20.20    0.00    0.00    6.06    0.00    0.00    0.00   55.56
12:43:55 PM    4   19.57    0.00   14.13    0.00    0.00    2.17    0.00    0.00    0.00   64.13
12:43:55 PM    5   15.38    0.00   17.58    0.00    0.00    4.40    0.00    0.00    0.00   62.64
12:43:55 PM    6   17.53    0.00   16.49    0.00    0.00    6.19    0.00    0.00    0.00   59.79
12:43:55 PM    7   15.96    0.00   17.02    0.00    0.00    4.26    0.00    0.00    0.00   62.77

12:43:55 PM  CPU    %usr   %nice    %sys %iowait    %irq   %soft  %steal  %guest  %gnice   %idle
12:43:56 PM  all   17.43    0.00   17.96    0.00    0.00    4.46    0.00    0.00    0.00   60.16
12:43:56 PM    0   17.53    0.00   15.46    0.00    0.00    6.19    0.00    0.00    0.00   60.82
12:43:56 PM    1   14.74    0.00   20.00    0.00    0.00    4.21    0.00    0.00    0.00   61.05
12:43:56 PM    2   14.61    0.00   15.73    0.00    0.00    4.49    0.00    0.00    0.00   65.17
12:43:56 PM    3   16.84    0.00   21.05    0.00    0.00    4.21    0.00    0.00    0.00   57.89
12:43:56 PM    4   17.53    0.00   18.56    0.00    0.00    5.15    0.00    0.00    0.00   58.76
12:43:56 PM    5   19.39    0.00   17.35    0.00    0.00    5.10    0.00    0.00    0.00   58.16
12:43:56 PM    6   18.95    0.00   17.89    0.00    0.00    3.16    0.00    0.00    0.00   60.00
12:43:56 PM    7   19.59    0.00   17.53    0.00    0.00    3.09    0.00    0.00    0.00   59.79

12:43:56 PM  CPU    %usr   %nice    %sys %iowait    %irq   %soft  %steal  %guest  %gnice   %idle
12:43:57 PM  all   15.01    0.00   18.67    0.11    0.00    4.81    0.00    0.00    0.00   61.40
12:43:57 PM    0   12.96    0.00   18.52    0.00    0.00    5.56    0.00    0.00    0.00   62.96
12:43:57 PM    1   15.09    0.00   16.04    0.00    0.00    4.72    0.00    0.00    0.00   64.15
12:43:57 PM    2   13.89    0.00   18.52    0.00    0.00    5.56    0.00    0.00    0.00   62.04
12:43:57 PM    3   15.32    0.00   19.82    0.90    0.00    2.70    0.00    0.00    0.00   61.26
12:43:57 PM    4   17.12    0.00   20.72    0.00    0.00    3.60    0.00    0.00    0.00   58.56
12:43:57 PM    5   16.07    0.00   20.54    0.00    0.00    4.46    0.00    0.00    0.00   58.93
12:43:57 PM    6   16.82    0.00   14.95    0.00    0.00    5.61    0.00    0.00    0.00   62.62
12:43:57 PM    7   12.73    0.00   20.00    0.00    0.00    6.36    0.00    0.00    0.00   60.91

12:43:57 PM  CPU    %usr   %nice    %sys %iowait    %irq   %soft  %steal  %guest  %gnice   %idle
12:43:58 PM  all   15.92    0.00   19.63    0.00    0.00    5.34    0.00    0.00    0.00   59.11
12:43:58 PM    0   17.39    0.00   17.39    0.00    0.00    5.22    0.00    0.00    0.00   60.00
12:43:58 PM    1   18.42    0.00   14.91    0.00    0.00    6.14    0.00    0.00    0.00   60.53
12:43:58 PM    2   15.18    0.00   20.54    0.00    0.00    4.46    0.00    0.00    0.00   59.82
12:43:58 PM    3   13.79    0.00   21.55    0.00    0.00    6.03    0.00    0.00    0.00   58.62
12:43:58 PM    4   18.97    0.00   17.24    0.00    0.00    5.17    0.00    0.00    0.00   58.62
12:43:58 PM    5   15.04    0.00   20.35    0.00    0.00    5.31    0.00    0.00    0.00   59.29
12:43:58 PM    6   14.04    0.00   20.18    0.00    0.00    7.02    0.00    0.00    0.00   58.77
12:43:58 PM    7   14.53    0.00   24.79    0.00    0.00    3.42    0.00    0.00    0.00   57.26

12:43:58 PM  CPU    %usr   %nice    %sys %iowait    %irq   %soft  %steal  %guest  %gnice   %idle
12:43:59 PM  all   15.97    0.00   19.31    0.00    0.00    5.07    0.00    0.00    0.00   59.65
12:43:59 PM    0   16.16    0.00   17.17    0.00    0.00    6.06    0.00    0.00    0.00   60.61
12:43:59 PM    1   15.53    0.00   20.39    0.00    0.00    4.85    0.00    0.00    0.00   59.22
12:43:59 PM    2   14.29    0.00   17.35    0.00    0.00    6.12    0.00    0.00    0.00   62.24
12:43:59 PM    3   14.85    0.00   20.79    0.00    0.00    3.96    0.00    0.00    0.00   60.40
12:43:59 PM    4   15.84    0.00   18.81    0.00    0.00    6.93    0.00    0.00    0.00   58.42
12:43:59 PM    5   18.18    0.00   18.18    0.00    0.00    3.03    0.00    0.00    0.00   60.61
12:43:59 PM    6   17.14    0.00   20.95    0.00    0.00    4.76    0.00    0.00    0.00   57.14
12:43:59 PM    7   15.69    0.00   20.59    0.00    0.00    4.90    0.00    0.00    0.00   58.82

12:43:59 PM  CPU    %usr   %nice    %sys %iowait    %irq   %soft  %steal  %guest  %gnice   %idle
12:44:00 PM  all   16.36    0.00   20.12    0.00    0.00    5.21    0.00    0.00    0.00   58.30
12:44:00 PM    0   15.24    0.00   21.90    0.00    0.00    6.67    0.00    0.00    0.00   56.19
12:44:00 PM    1   18.81    0.00   18.81    0.00    0.00    3.96    0.00    0.00    0.00   58.42
12:44:00 PM    2   14.00    0.00   22.00    0.00    0.00    5.00    0.00    0.00    0.00   59.00
12:44:00 PM    3   17.92    0.00   20.75    0.00    0.00    5.66    0.00    0.00    0.00   55.66
12:44:00 PM    4   15.53    0.00   20.39    0.00    0.00    4.85    0.00    0.00    0.00   59.22
12:44:00 PM    5   20.00    0.00   15.00    0.00    0.00    4.00    0.00    0.00    0.00   61.00
12:44:00 PM    6   15.53    0.00   20.39    0.00    0.00    4.85    0.00    0.00    0.00   59.22
12:44:00 PM    7   14.02    0.00   21.50    0.00    0.00    6.54    0.00    0.00    0.00   57.94

12:44:00 PM  CPU    %usr   %nice    %sys %iowait    %irq   %soft  %steal  %guest  %gnice   %idle
12:44:01 PM  all   17.49    0.00   18.66    0.00    0.00    5.40    0.00    0.00    0.00   58.45
12:44:01 PM    0   24.53    0.00   13.21    0.00    0.00    5.66    0.00    0.00    0.00   56.60
12:44:01 PM    1   16.04    0.00   21.70    0.00    0.00    4.72    0.00    0.00    0.00   57.55
12:44:01 PM    2   12.50    0.00   24.04    0.00    0.00    7.69    0.00    0.00    0.00   55.77
12:44:01 PM    3   19.81    0.00   17.92    0.00    0.00    3.77    0.00    0.00    0.00   58.49
12:44:01 PM    4   14.15    0.00   16.98    0.00    0.00    6.60    0.00    0.00    0.00   62.26
12:44:01 PM    5   18.35    0.00   19.27    0.00    0.00    3.67    0.00    0.00    0.00   58.72
12:44:01 PM    6   16.82    0.00   18.69    0.00    0.00    4.67    0.00    0.00    0.00   59.81
12:44:01 PM    7   17.59    0.00   17.59    0.00    0.00    6.48    0.00    0.00    0.00   58.33

12:44:01 PM  CPU    %usr   %nice    %sys %iowait    %irq   %soft  %steal  %guest  %gnice   %idle
12:44:02 PM  all   18.89    0.00   21.28    0.00    0.00    5.04    0.00    0.00    0.00   54.79
12:44:02 PM    0   22.00    0.00   19.00    0.00    0.00    6.00    0.00    0.00    0.00   53.00
12:44:02 PM    1   23.16    0.00   17.89    0.00    0.00    4.21    0.00    0.00    0.00   54.74
12:44:02 PM    2   20.19    0.00   23.08    0.00    0.00    5.77    0.00    0.00    0.00   50.96
12:44:02 PM    3   18.75    0.00   21.88    0.00    0.00    6.25    0.00    0.00    0.00   53.12
12:44:02 PM    4   20.79    0.00   20.79    0.00    0.00    2.97    0.00    0.00    0.00   55.45
12:44:02 PM    5   17.00    0.00   22.00    0.00    0.00    5.00    0.00    0.00    0.00   56.00
12:44:02 PM    6   15.62    0.00   20.83    0.00    0.00    6.25    0.00    0.00    0.00   57.29
12:44:02 PM    7   13.73    0.00   24.51    0.00    0.00    3.92    0.00    0.00    0.00   57.84

12:44:02 PM  CPU    %usr   %nice    %sys %iowait    %irq   %soft  %steal  %guest  %gnice   %idle
12:44:03 PM  all   17.93    0.00   19.44    0.00    0.00    5.82    0.00    0.00    0.00   56.81
12:44:03 PM    0   18.10    0.00   18.10    0.00    0.00    6.67    0.00    0.00    0.00   57.14
12:44:03 PM    1   16.51    0.00   23.85    0.00    0.00    6.42    0.00    0.00    0.00   53.21
12:44:03 PM    2   19.81    0.00   17.92    0.00    0.00    8.49    0.00    0.00    0.00   53.77
12:44:03 PM    3   20.75    0.00   16.04    0.00    0.00    5.66    0.00    0.00    0.00   57.55
12:44:03 PM    4   19.09    0.00   19.09    0.00    0.00    4.55    0.00    0.00    0.00   57.27
12:44:03 PM    5   19.44    0.00   16.67    0.00    0.00    5.56    0.00    0.00    0.00   58.33
12:44:03 PM    6   13.89    0.00   25.00    0.00    0.00    2.78    0.00    0.00    0.00   58.33
12:44:03 PM    7   15.89    0.00   18.69    0.00    0.00    6.54    0.00    0.00    0.00   58.88

12:44:03 PM  CPU    %usr   %nice    %sys %iowait    %irq   %soft  %steal  %guest  %gnice   %idle
12:44:04 PM  all   18.23    0.00   20.61    0.00    0.00    4.42    0.00    0.00    0.00   56.74
12:44:04 PM    0   19.27    0.00   20.18    0.00    0.00    3.67    0.00    0.00    0.00   56.88
12:44:04 PM    1   17.86    0.00   20.54    0.00    0.00    4.46    0.00    0.00    0.00   57.14
12:44:04 PM    2   17.43    0.00   21.10    0.00    0.00    4.59    0.00    0.00    0.00   56.88
12:44:04 PM    3   18.58    0.00   18.58    0.00    0.00    5.31    0.00    0.00    0.00   57.52
12:44:04 PM    4   19.27    0.00   19.27    0.00    0.00    4.59    0.00    0.00    0.00   56.88
12:44:04 PM    5   15.60    0.00   21.10    0.00    0.00    5.50    0.00    0.00    0.00   57.80
12:44:04 PM    6   16.36    0.00   23.64    0.00    0.00    4.55    0.00    0.00    0.00   55.45
12:44:04 PM    7   21.43    0.00   20.54    0.00    0.00    2.68    0.00    0.00    0.00   55.36

12:44:04 PM  CPU    %usr   %nice    %sys %iowait    %irq   %soft  %steal  %guest  %gnice   %idle
12:44:05 PM  all   17.32    0.00   17.43    0.00    0.00    4.92    0.00    0.00    0.00   60.34
12:44:05 PM    0   18.75    0.00   15.18    0.00    0.00    6.25    0.00    0.00    0.00   59.82
12:44:05 PM    1   20.72    0.00   17.12    0.00    0.00    1.80    0.00    0.00    0.00   60.36
12:44:05 PM    2   16.67    0.00   19.30    0.00    0.00    6.14    0.00    0.00    0.00   57.89
12:44:05 PM    3   14.78    0.00   20.00    0.00    0.00    7.83    0.00    0.00    0.00   57.39
12:44:05 PM    4   15.45    0.00   17.27    0.00    0.00    4.55    0.00    0.00    0.00   62.73
12:44:05 PM    5   16.81    0.00   16.81    0.00    0.00    6.19    0.00    0.00    0.00   60.18
12:44:05 PM    6   15.93    0.00   19.47    0.00    0.00    3.54    0.00    0.00    0.00   61.06
12:44:05 PM    7   19.63    0.00   14.02    0.00    0.00    2.80    0.00    0.00    0.00   63.55

12:44:05 PM  CPU    %usr   %nice    %sys %iowait    %irq   %soft  %steal  %guest  %gnice   %idle
12:44:06 PM  all   16.55    0.00   18.62    0.00    0.00    4.71    0.00    0.00    0.00   60.11
12:44:06 PM    0   16.04    0.00   16.98    0.00    0.00    6.60    0.00    0.00    0.00   60.38
12:44:06 PM    1   16.98    0.00   15.09    0.00    0.00    5.66    0.00    0.00    0.00   62.26
12:44:06 PM    2   15.89    0.00   19.63    0.00    0.00    3.74    0.00    0.00    0.00   60.75
12:44:06 PM    3   16.04    0.00   19.81    0.00    0.00    2.83    0.00    0.00    0.00   61.32
12:44:06 PM    4   17.27    0.00   20.00    0.00    0.00    3.64    0.00    0.00    0.00   59.09
12:44:06 PM    5   16.51    0.00   18.35    0.00    0.00    4.59    0.00    0.00    0.00   60.55
12:44:06 PM    6   15.32    0.00   19.82    0.00    0.00    4.50    0.00    0.00    0.00   60.36
12:44:06 PM    7   18.26    0.00   19.13    0.00    0.00    6.09    0.00    0.00    0.00   56.52

12:44:06 PM  CPU    %usr   %nice    %sys %iowait    %irq   %soft  %steal  %guest  %gnice   %idle
12:44:07 PM  all   17.34    0.00   22.80    0.12    0.00    4.51    0.00    0.00    0.00   55.23
12:44:07 PM    0   18.00    0.00   22.00    0.00    0.00    5.00    0.00    0.00    0.00   55.00
12:44:07 PM    1   21.15    0.00   20.19    0.00    0.00    3.85    0.00    0.00    0.00   54.81
12:44:07 PM    2   14.56    0.00   23.30    0.00    0.00    6.80    0.00    0.00    0.00   55.34
12:44:07 PM    3   18.18    0.00   24.55    0.00    0.00    5.45    0.00    0.00    0.00   51.82
12:44:07 PM    4   17.14    0.00   20.95    0.95    0.00    3.81    0.00    0.00    0.00   57.14
12:44:07 PM    5   14.02    0.00   27.10    0.00    0.00    3.74    0.00    0.00    0.00   55.14
12:44:07 PM    6   19.63    0.00   21.50    0.00    0.00    3.74    0.00    0.00    0.00   55.14
12:44:07 PM    7   16.04    0.00   22.64    0.00    0.00    3.77    0.00    0.00    0.00   57.55

12:44:07 PM  CPU    %usr   %nice    %sys %iowait    %irq   %soft  %steal  %guest  %gnice   %idle
12:44:08 PM  all   18.25    0.00   22.39    0.00    0.00    5.92    0.00    0.00    0.00   53.44
12:44:08 PM    0   18.45    0.00   21.36    0.00    0.00    6.80    0.00    0.00    0.00   53.40
12:44:08 PM    1   20.37    0.00   21.30    0.00    0.00    6.48    0.00    0.00    0.00   51.85
12:44:08 PM    2   16.33    0.00   22.45    0.00    0.00    7.14    0.00    0.00    0.00   54.08
12:44:08 PM    3   22.86    0.00   20.95    0.00    0.00    4.76    0.00    0.00    0.00   51.43
12:44:08 PM    4   15.89    0.00   24.30    0.00    0.00    5.61    0.00    0.00    0.00   54.21
12:44:08 PM    5   13.21    0.00   23.58    0.00    0.00    5.66    0.00    0.00    0.00   57.55
12:44:08 PM    6   18.69    0.00   19.63    0.00    0.00    7.48    0.00    0.00    0.00   54.21
12:44:08 PM    7   20.00    0.00   25.45    0.00    0.00    3.64    0.00    0.00    0.00   50.91

12:44:08 PM  CPU    %usr   %nice    %sys %iowait    %irq   %soft  %steal  %guest  %gnice   %idle
12:44:09 PM  all   19.46    0.00   19.70    0.00    0.00    5.05    0.00    0.00    0.00   55.79
12:44:09 PM    0   19.39    0.00   23.47    0.00    0.00    2.04    0.00    0.00    0.00   55.10
12:44:09 PM    1   23.36    0.00   22.43    0.00    0.00    4.67    0.00    0.00    0.00   49.53
12:44:09 PM    2   21.15    0.00   17.31    0.00    0.00    7.69    0.00    0.00    0.00   53.85
12:44:09 PM    3   15.69    0.00   25.49    0.00    0.00    7.84    0.00    0.00    0.00   50.98
12:44:09 PM    4   20.79    0.00   14.85    0.00    0.00    4.95    0.00    0.00    0.00   59.41
12:44:09 PM    5   20.20    0.00   16.16    0.00    0.00    4.04    0.00    0.00    0.00   59.60
12:44:09 PM    6   19.61    0.00   16.67    0.00    0.00    4.90    0.00    0.00    0.00   58.82
12:44:09 PM    7   15.15    0.00   21.21    0.00    0.00    4.04    0.00    0.00    0.00   59.60

12:44:09 PM  CPU    %usr   %nice    %sys %iowait    %irq   %soft  %steal  %guest  %gnice   %idle
12:44:10 PM  all   18.33    0.00   21.40    0.00    0.00    5.17    0.00    0.00    0.00   55.10
12:44:10 PM    0   19.39    0.00   13.27    0.00    0.00    8.16    0.00    0.00    0.00   59.18
12:44:10 PM    1   16.83    0.00   28.71    0.00    0.00    3.96    0.00    0.00    0.00   50.50
12:44:10 PM    2   17.48    0.00   21.36    0.00    0.00    8.74    0.00    0.00    0.00   52.43
12:44:10 PM    3   18.87    0.00   20.75    0.00    0.00    7.55    0.00    0.00    0.00   52.83
12:44:10 PM    4   20.79    0.00   18.81    0.00    0.00    3.96    0.00    0.00    0.00   56.44
12:44:10 PM    5   16.82    0.00   25.23    0.00    0.00    3.74    0.00    0.00    0.00   54.21
12:44:10 PM    6   17.53    0.00   21.65    0.00    0.00    2.06    0.00    0.00    0.00   58.76
12:44:10 PM    7   19.00    0.00   21.00    0.00    0.00    3.00    0.00    0.00    0.00   57.00

12:44:10 PM  CPU    %usr   %nice    %sys %iowait    %irq   %soft  %steal  %guest  %gnice   %idle
12:44:11 PM  all   16.52    0.00   16.03    0.00    0.00    4.04    0.00    0.00    0.00   63.40
12:44:11 PM    0   16.50    0.00   17.48    0.00    0.00    5.83    0.00    0.00    0.00   60.19
12:44:11 PM    1   17.48    0.00   17.48    0.00    0.00    2.91    0.00    0.00    0.00   62.14
12:44:11 PM    2   15.84    0.00   15.84    0.00    0.00    4.95    0.00    0.00    0.00   63.37
12:44:11 PM    3   17.35    0.00   14.29    0.00    0.00    4.08    0.00    0.00    0.00   64.29
12:44:11 PM    4   12.62    0.00   19.42    0.00    0.00    2.91    0.00    0.00    0.00   65.05
12:44:11 PM    5   16.50    0.00   12.62    0.00    0.00    3.88    0.00    0.00    0.00   66.99
12:44:11 PM    6   14.42    0.00   18.27    0.00    0.00    3.85    0.00    0.00    0.00   63.46
12:44:11 PM    7   21.57    0.00   12.75    0.00    0.00    3.92    0.00    0.00    0.00   61.76

12:44:11 PM  CPU    %usr   %nice    %sys %iowait    %irq   %soft  %steal  %guest  %gnice   %idle
12:44:12 PM  all   15.75    0.00   16.73    0.61    0.00    4.15    0.00    0.00    0.00   62.76
12:44:12 PM    0   14.14    0.00   15.15    0.00    0.00    5.05    0.00    0.00    0.00   65.66
12:44:12 PM    1   16.19    0.00   18.10    0.00    0.00    4.76    0.00    0.00    0.00   60.95
12:44:12 PM    2   14.71    0.00   17.65    0.00    0.00    2.94    0.00    0.00    0.00   64.71
12:44:12 PM    3   16.50    0.00   13.59    0.00    0.00    7.77    0.00    0.00    0.00   62.14
12:44:12 PM    4   13.73    0.00   20.59    1.96    0.00    1.96    0.00    0.00    0.00   61.76
12:44:12 PM    5   16.35    0.00   17.31    1.92    0.00    4.81    0.00    0.00    0.00   59.62
12:44:12 PM    6   19.23    0.00   12.50    0.00    0.00    3.85    0.00    0.00    0.00   64.42
12:44:12 PM    7   15.00    0.00   19.00    1.00    0.00    2.00    0.00    0.00    0.00   63.00

12:44:12 PM  CPU    %usr   %nice    %sys %iowait    %irq   %soft  %steal  %guest  %gnice   %idle
12:44:13 PM  all   20.28    0.00   23.06    0.00    0.00    5.68    0.00    0.00    0.00   50.98
12:44:13 PM    0   23.36    0.00   20.56    0.00    0.00    6.54    0.00    0.00    0.00   49.53
12:44:13 PM    1   22.33    0.00   20.39    0.00    0.00    5.83    0.00    0.00    0.00   51.46
12:44:13 PM    2   19.61    0.00   22.55    0.00    0.00    6.86    0.00    0.00    0.00   50.98
12:44:13 PM    3   19.81    0.00   25.47    0.00    0.00    5.66    0.00    0.00    0.00   49.06
12:44:13 PM    4   15.24    0.00   23.81    0.00    0.00    5.71    0.00    0.00    0.00   55.24
12:44:13 PM    5   22.32    0.00   25.00    0.00    0.00    4.46    0.00    0.00    0.00   48.21
12:44:13 PM    6   21.24    0.00   23.01    0.00    0.00    4.42    0.00    0.00    0.00   51.33
12:44:13 PM    7   18.26    0.00   23.48    0.00    0.00    6.09    0.00    0.00    0.00   52.17

12:44:13 PM  CPU    %usr   %nice    %sys %iowait    %irq   %soft  %steal  %guest  %gnice   %idle
12:44:14 PM  all   17.39    0.00   13.58    0.00    0.00    3.55    0.00    0.00    0.00   65.48
12:44:14 PM    0   19.59    0.00    9.28    0.00    0.00    6.19    0.00    0.00    0.00   64.95
12:44:14 PM    1   15.46    0.00   16.49    0.00    0.00    2.06    0.00    0.00    0.00   65.98
12:44:14 PM    2   14.85    0.00   14.85    0.00    0.00    4.95    0.00    0.00    0.00   65.35
12:44:14 PM    3   14.58    0.00   14.58    0.00    0.00    4.17    0.00    0.00    0.00   66.67
12:44:14 PM    4   18.45    0.00   14.56    0.00    0.00    2.91    0.00    0.00    0.00   64.08
12:44:14 PM    5   19.59    0.00   14.43    0.00    0.00    2.06    0.00    0.00    0.00   63.92
12:44:14 PM    6   19.59    0.00   10.31    0.00    0.00    3.09    0.00    0.00    0.00   67.01
12:44:14 PM    7   17.00    0.00   14.00    0.00    0.00    3.00    0.00    0.00    0.00   66.00

12:44:14 PM  CPU    %usr   %nice    %sys %iowait    %irq   %soft  %steal  %guest  %gnice   %idle
12:44:15 PM  all   16.62    0.00   15.25    0.00    0.00    4.88    0.00    0.00    0.00   63.25
12:44:15 PM    0   17.82    0.00   13.86    0.00    0.00    6.93    0.00    0.00    0.00   61.39
12:44:15 PM    1   15.62    0.00   17.71    0.00    0.00    4.17    0.00    0.00    0.00   62.50
12:44:15 PM    2   18.75    0.00   12.50    0.00    0.00    4.17    0.00    0.00    0.00   64.58
12:44:15 PM    3   18.95    0.00   12.63    0.00    0.00    4.21    0.00    0.00    0.00   64.21
12:44:15 PM    4   15.69    0.00   15.69    0.00    0.00    4.90    0.00    0.00    0.00   63.73
12:44:15 PM    5   16.67    0.00   15.69    0.00    0.00    3.92    0.00    0.00    0.00   63.73
12:44:15 PM    6   13.89    0.00   18.52    0.00    0.00    7.41    0.00    0.00    0.00   60.19
12:44:15 PM    7   16.00    0.00   15.00    0.00    0.00    3.00    0.00    0.00    0.00   66.00

12:44:15 PM  CPU    %usr   %nice    %sys %iowait    %irq   %soft  %steal  %guest  %gnice   %idle
12:44:16 PM  all   15.42    0.00   11.20    0.00    0.00    3.82    0.00    0.00    0.00   69.57
12:44:16 PM    0   15.46    0.00   14.43    0.00    0.00    3.09    0.00    0.00    0.00   67.01
12:44:16 PM    1   16.48    0.00    9.89    0.00    0.00    3.30    0.00    0.00    0.00   70.33
12:44:16 PM    2   16.67    0.00    9.38    0.00    0.00    5.21    0.00    0.00    0.00   68.75
12:44:16 PM    3   14.89    0.00   10.64    0.00    0.00    4.26    0.00    0.00    0.00   70.21
12:44:16 PM    4   16.84    0.00   10.53    0.00    0.00    3.16    0.00    0.00    0.00   69.47
12:44:16 PM    5   14.74    0.00   10.53    0.00    0.00    3.16    0.00    0.00    0.00   71.58
12:44:16 PM    6   15.46    0.00   12.37    0.00    0.00    4.12    0.00    0.00    0.00   68.04
12:44:16 PM    7   12.77    0.00   11.70    0.00    0.00    4.26    0.00    0.00    0.00   71.28

12:44:16 PM  CPU    %usr   %nice    %sys %iowait    %irq   %soft  %steal  %guest  %gnice   %idle
12:44:17 PM  all   14.52    0.00    9.86    0.27    0.00    3.56    0.00    0.00    0.00   71.78
12:44:17 PM    0   18.89    0.00    8.89    0.00    0.00    1.11    0.00    0.00    0.00   71.11
12:44:17 PM    1   16.13    0.00    8.60    0.00    0.00    4.30    0.00    0.00    0.00   70.97
12:44:17 PM    2   10.99    0.00   12.09    0.00    0.00    5.49    0.00    0.00    0.00   71.43
12:44:17 PM    3   16.85    0.00    6.74    1.12    0.00    3.37    0.00    0.00    0.00   71.91
12:44:17 PM    4   12.90    0.00   11.83    0.00    0.00    3.23    0.00    0.00    0.00   72.04
12:44:17 PM    5   15.38    0.00    8.79    1.10    0.00    3.30    0.00    0.00    0.00   71.43
12:44:17 PM    6   13.04    0.00   10.87    0.00    0.00    3.26    0.00    0.00    0.00   72.83
12:44:17 PM    7   12.09    0.00   10.99    0.00    0.00    4.40    0.00    0.00    0.00   72.53

12:44:17 PM  CPU    %usr   %nice    %sys %iowait    %irq   %soft  %steal  %guest  %gnice   %idle
12:44:18 PM  all   18.37    0.00   16.40    0.00    0.00    4.07    0.00    0.00    0.00   61.15
12:44:18 PM    0   19.15    0.00   14.89    0.00    0.00    6.38    0.00    0.00    0.00   59.57
12:44:18 PM    1   22.92    0.00   15.62    0.00    0.00    4.17    0.00    0.00    0.00   57.29
12:44:18 PM    2   22.11    0.00   15.79    0.00    0.00    3.16    0.00    0.00    0.00   58.95
12:44:18 PM    3   17.02    0.00   19.15    0.00    0.00    4.26    0.00    0.00    0.00   59.57
12:44:18 PM    4   17.89    0.00   13.68    0.00    0.00    5.26    0.00    0.00    0.00   63.16
12:44:18 PM    5   15.05    0.00   15.05    0.00    0.00    4.30    0.00    0.00    0.00   65.59
12:44:18 PM    6   17.65    0.00   19.61    0.00    0.00    2.94    0.00    0.00    0.00   59.80
12:44:18 PM    7   15.05    0.00   17.20    0.00    0.00    2.15    0.00    0.00    0.00   65.59

12:44:18 PM  CPU    %usr   %nice    %sys %iowait    %irq   %soft  %steal  %guest  %gnice   %idle
12:44:19 PM  all   12.39    0.00    7.06    0.00    0.00    3.75    0.00    0.00    0.00   76.80
12:44:19 PM    0   14.77    0.00    6.82    0.00    0.00    4.55    0.00    0.00    0.00   73.86
12:44:19 PM    1   13.48    0.00   10.11    0.00    0.00    4.49    0.00    0.00    0.00   71.91
12:44:19 PM    2   14.77    0.00    7.95    0.00    0.00    2.27    0.00    0.00    0.00   75.00
12:44:19 PM    3   11.49    0.00    6.90    0.00    0.00    4.60    0.00    0.00    0.00   77.01
12:44:19 PM    4   12.20    0.00    4.88    0.00    0.00    2.44    0.00    0.00    0.00   80.49
12:44:19 PM    5   10.71    0.00    4.76    0.00    0.00    3.57    0.00    0.00    0.00   80.95
12:44:19 PM    6   10.23    0.00    7.95    0.00    0.00    3.41    0.00    0.00    0.00   78.41
12:44:19 PM    7   11.36    0.00    6.82    0.00    0.00    4.55    0.00    0.00    0.00   77.27

12:44:19 PM  CPU    %usr   %nice    %sys %iowait    %irq   %soft  %steal  %guest  %gnice   %idle
12:44:20 PM  all   12.61    0.00   11.59    0.00    0.00    3.33    0.00    0.00    0.00   72.46
12:44:20 PM    0   12.50    0.00   11.36    0.00    0.00    5.68    0.00    0.00    0.00   70.45
12:44:20 PM    1   16.28    0.00    8.14    0.00    0.00    3.49    0.00    0.00    0.00   72.09
12:44:20 PM    2   16.09    0.00   11.49    0.00    0.00    2.30    0.00    0.00    0.00   70.11
12:44:20 PM    3   13.64    0.00   11.36    0.00    0.00    6.82    0.00    0.00    0.00   68.18
12:44:20 PM    4   10.59    0.00   12.94    0.00    0.00    1.18    0.00    0.00    0.00   75.29
12:44:20 PM    5   11.76    0.00   11.76    0.00    0.00    1.18    0.00    0.00    0.00   75.29
12:44:20 PM    6    9.30    0.00   16.28    0.00    0.00    1.16    0.00    0.00    0.00   73.26
12:44:20 PM    7   10.59    0.00    9.41    0.00    0.00    4.71    0.00    0.00    0.00   75.29

12:44:20 PM  CPU    %usr   %nice    %sys %iowait    %irq   %soft  %steal  %guest  %gnice   %idle
12:44:21 PM  all   13.15    0.00    8.91    0.00    0.00    3.54    0.00    0.00    0.00   74.40
12:44:21 PM    0    8.89    0.00   11.11    0.00    0.00    4.44    0.00    0.00    0.00   75.56
12:44:21 PM    1   13.79    0.00    6.90    0.00    0.00    2.30    0.00    0.00    0.00   77.01
12:44:21 PM    2   13.95    0.00    6.98    0.00    0.00    2.33    0.00    0.00    0.00   76.74
12:44:21 PM    3   10.99    0.00    8.79    0.00    0.00    4.40    0.00    0.00    0.00   75.82
12:44:21 PM    4   12.50    0.00   10.23    0.00    0.00    4.55    0.00    0.00    0.00   72.73
12:44:21 PM    5   14.94    0.00    9.20    0.00    0.00    3.45    0.00    0.00    0.00   72.41
12:44:21 PM    6   14.61    0.00    8.99    0.00    0.00    3.37    0.00    0.00    0.00   73.03
12:44:21 PM    7   15.73    0.00    8.99    0.00    0.00    3.37    0.00    0.00    0.00   71.91

12:44:21 PM  CPU    %usr   %nice    %sys %iowait    %irq   %soft  %steal  %guest  %gnice   %idle
12:44:22 PM  all   12.45    0.00    8.15    0.43    0.00    3.86    0.00    0.00    0.00   75.11
12:44:22 PM    0   11.11    0.00    8.89    0.00    0.00    3.33    0.00    0.00    0.00   76.67
12:44:22 PM    1   14.94    0.00    4.60    0.00    0.00    2.30    0.00    0.00    0.00   78.16
12:44:22 PM    2   11.24    0.00    6.74    0.00    0.00    4.49    0.00    0.00    0.00   77.53
12:44:22 PM    3   12.22    0.00    7.78    0.00    0.00    3.33    0.00    0.00    0.00   76.67
12:44:22 PM    4   13.64    0.00    7.95    0.00    0.00    5.68    0.00    0.00    0.00   72.73
12:44:22 PM    5   10.47    0.00   11.63    2.33    0.00    3.49    0.00    0.00    0.00   72.09
12:44:22 PM    6   11.90    0.00    9.52    1.19    0.00    4.76    0.00    0.00    0.00   72.62
12:44:22 PM    7   14.12    0.00    8.24    0.00    0.00    3.53    0.00    0.00    0.00   74.12

12:44:22 PM  CPU    %usr   %nice    %sys %iowait    %irq   %soft  %steal  %guest  %gnice   %idle
12:44:23 PM  all   12.13    0.00    7.99    0.00    0.00    3.00    0.00    0.00    0.00   76.89
12:44:23 PM    0   14.44    0.00    6.67    0.00    0.00    3.33    0.00    0.00    0.00   75.56
12:44:23 PM    1   11.24    0.00    6.74    0.00    0.00    4.49    0.00    0.00    0.00   77.53
12:44:23 PM    2   11.49    0.00    8.05    0.00    0.00    1.15    0.00    0.00    0.00   79.31
12:44:23 PM    3    8.89    0.00   10.00    0.00    0.00    4.44    0.00    0.00    0.00   76.67
12:44:23 PM    4   14.29    0.00    5.95    0.00    0.00    2.38    0.00    0.00    0.00   77.38
12:44:23 PM    5   13.48    0.00    7.87    0.00    0.00    4.49    0.00    0.00    0.00   74.16
12:44:23 PM    6   11.63    0.00    9.30    0.00    0.00    1.16    0.00    0.00    0.00   77.91
12:44:23 PM    7   11.63    0.00    9.30    0.00    0.00    2.33    0.00    0.00    0.00   76.74

12:44:23 PM  CPU    %usr   %nice    %sys %iowait    %irq   %soft  %steal  %guest  %gnice   %idle
12:44:24 PM  all   14.73    0.00   15.00    0.14    0.00    4.73    0.00    0.00    0.00   65.41
12:44:24 PM    0   12.90    0.00   15.05    0.00    0.00    6.45    0.00    0.00    0.00   65.59
12:44:24 PM    1    9.78    0.00   17.39    0.00    0.00    6.52    0.00    0.00    0.00   66.30
12:44:24 PM    2   17.35    0.00   16.33    0.00    0.00    4.08    0.00    0.00    0.00   62.24
12:44:24 PM    3   11.58    0.00   16.84    0.00    0.00    5.26    0.00    0.00    0.00   66.32
12:44:24 PM    4   19.78    0.00   13.19    0.00    0.00    2.20    0.00    0.00    0.00   64.84
12:44:24 PM    5   13.33    0.00   14.44    0.00    0.00    4.44    0.00    0.00    0.00   67.78
12:44:24 PM    6   17.58    0.00   13.19    0.00    0.00    4.40    0.00    0.00    0.00   64.84
12:44:24 PM    7   15.56    0.00   13.33    1.11    0.00    4.44    0.00    0.00    0.00   65.56

12:44:24 PM  CPU    %usr   %nice    %sys %iowait    %irq   %soft  %steal  %guest  %gnice   %idle
12:44:25 PM  all   20.37    0.00   18.39    0.00    0.00    4.50    0.00    0.00    0.00   56.75
12:44:25 PM    0   17.53    0.00   17.53    0.00    0.00    5.15    0.00    0.00    0.00   59.79
12:44:25 PM    1   14.74    0.00   21.05    0.00    0.00    4.21    0.00    0.00    0.00   60.00
12:44:25 PM    2   18.56    0.00   17.53    0.00    0.00    5.15    0.00    0.00    0.00   58.76
12:44:25 PM    3   16.30    0.00   19.57    0.00    0.00    2.17    0.00    0.00    0.00   61.96
12:44:25 PM    4   23.16    0.00   17.89    0.00    0.00    5.26    0.00    0.00    0.00   53.68
12:44:25 PM    5   26.04    0.00   17.71    0.00    0.00    4.17    0.00    0.00    0.00   52.08
12:44:25 PM    6   23.08    0.00   17.58    0.00    0.00    4.40    0.00    0.00    0.00   54.95
12:44:25 PM    7   23.66    0.00   18.28    0.00    0.00    5.38    0.00    0.00    0.00   52.69

12:44:25 PM  CPU    %usr   %nice    %sys %iowait    %irq   %soft  %steal  %guest  %gnice   %idle
12:44:26 PM  all   16.83    0.00   16.55    0.00    0.00    3.83    0.00    0.00    0.00   62.79
12:44:26 PM    0   13.79    0.00   14.94    0.00    0.00    3.45    0.00    0.00    0.00   67.82
12:44:26 PM    1   14.58    0.00   19.79    0.00    0.00    3.12    0.00    0.00    0.00   62.50
12:44:26 PM    2   15.38    0.00   16.48    0.00    0.00    3.30    0.00    0.00    0.00   64.84
12:44:26 PM    3   13.19    0.00   15.38    0.00    0.00    5.49    0.00    0.00    0.00   65.93
12:44:26 PM    4   18.48    0.00   18.48    0.00    0.00    2.17    0.00    0.00    0.00   60.87
12:44:26 PM    5   15.73    0.00   16.85    0.00    0.00    5.62    0.00    0.00    0.00   61.80
12:44:26 PM    6   22.34    0.00   15.96    0.00    0.00    3.19    0.00    0.00    0.00   58.51
12:44:26 PM    7   20.88    0.00   14.29    0.00    0.00    4.40    0.00    0.00    0.00   60.44

12:44:26 PM  CPU    %usr   %nice    %sys %iowait    %irq   %soft  %steal  %guest  %gnice   %idle
12:44:27 PM  all   14.25    0.00   13.03    0.41    0.00    4.75    0.00    0.00    0.00   67.57
12:44:27 PM    0   14.74    0.00   11.58    0.00    0.00    3.16    0.00    0.00    0.00   70.53
12:44:27 PM    1   15.05    0.00   13.98    0.00    0.00    3.23    0.00    0.00    0.00   67.74
12:44:27 PM    2   13.83    0.00   12.77    0.00    0.00    5.32    0.00    0.00    0.00   68.09
12:44:27 PM    3   12.50    0.00   15.62    0.00    0.00    4.17    0.00    0.00    0.00   67.71
12:44:27 PM    4   14.44    0.00   13.33    1.11    0.00    5.56    0.00    0.00    0.00   65.56
12:44:27 PM    5   15.56    0.00   12.22    0.00    0.00    4.44    0.00    0.00    0.00   67.78
12:44:27 PM    6   14.61    0.00   10.11    2.25    0.00    6.74    0.00    0.00    0.00   66.29
12:44:27 PM    7   13.33    0.00   14.44    0.00    0.00    5.56    0.00    0.00    0.00   66.67

12:44:27 PM  CPU    %usr   %nice    %sys %iowait    %irq   %soft  %steal  %guest  %gnice   %idle
12:44:28 PM  all   14.94    0.00    6.70    0.00    0.00    3.21    0.00    0.00    0.00   75.14
12:44:28 PM    0   15.22    0.00    5.43    0.00    0.00    3.26    0.00    0.00    0.00   76.09
12:44:28 PM    1   16.48    0.00    5.49    0.00    0.00    1.10    0.00    0.00    0.00   76.92
12:44:28 PM    2   13.04    0.00    7.61    0.00    0.00    5.43    0.00    0.00    0.00   73.91
12:44:28 PM    3   13.48    0.00    5.62    0.00    0.00    3.37    0.00    0.00    0.00   77.53
12:44:28 PM    4   14.77    0.00    7.95    0.00    0.00    3.41    0.00    0.00    0.00   73.86
12:44:28 PM    5   14.94    0.00    8.05    0.00    0.00    2.30    0.00    0.00    0.00   74.71
12:44:28 PM    6   15.91    0.00    6.82    0.00    0.00    3.41    0.00    0.00    0.00   73.86
12:44:28 PM    7   15.73    0.00    6.74    0.00    0.00    3.37    0.00    0.00    0.00   74.16

12:44:28 PM  CPU    %usr   %nice    %sys %iowait    %irq   %soft  %steal  %guest  %gnice   %idle
12:44:29 PM  all   15.09    0.00   14.15    0.00    0.00    3.64    0.00    0.00    0.00   67.12
12:44:29 PM    0   16.67    0.00   12.50    0.00    0.00    3.12    0.00    0.00    0.00   67.71
12:44:29 PM    1   11.83    0.00   15.05    0.00    0.00    3.23    0.00    0.00    0.00   69.89
12:44:29 PM    2   14.29    0.00   16.33    0.00    0.00    3.06    0.00    0.00    0.00   66.33
12:44:29 PM    3   12.63    0.00   14.74    0.00    0.00    4.21    0.00    0.00    0.00   68.42
12:44:29 PM    4   14.44    0.00   14.44    0.00    0.00    4.44    0.00    0.00    0.00   66.67
12:44:29 PM    5   16.30    0.00   15.22    0.00    0.00    3.26    0.00    0.00    0.00   65.22
12:44:29 PM    6   14.94    0.00   14.94    0.00    0.00    3.45    0.00    0.00    0.00   66.67
12:44:29 PM    7   19.78    0.00    9.89    0.00    0.00    4.40    0.00    0.00    0.00   65.93

12:44:29 PM  CPU    %usr   %nice    %sys %iowait    %irq   %soft  %steal  %guest  %gnice   %idle
12:44:30 PM  all   16.87    0.00   18.47    0.00    0.00    5.62    0.00    0.00    0.00   59.04
12:44:30 PM    0   13.83    0.00   21.28    0.00    0.00    3.19    0.00    0.00    0.00   61.70
12:44:30 PM    1   19.15    0.00   13.83    0.00    0.00    5.32    0.00    0.00    0.00   61.70
12:44:30 PM    2   10.00    0.00   17.78    0.00    0.00    5.56    0.00    0.00    0.00   66.67
12:44:30 PM    3   13.68    0.00   20.00    0.00    0.00    5.26    0.00    0.00    0.00   61.05
12:44:30 PM    4   18.48    0.00   15.22    0.00    0.00    7.61    0.00    0.00    0.00   58.70
12:44:30 PM    5   21.05    0.00   21.05    0.00    0.00    5.26    0.00    0.00    0.00   52.63
12:44:30 PM    6   19.15    0.00   19.15    0.00    0.00    6.38    0.00    0.00    0.00   55.32
12:44:30 PM    7   19.35    0.00   19.35    0.00    0.00    6.45    0.00    0.00    0.00   54.84

12:44:30 PM  CPU    %usr   %nice    %sys %iowait    %irq   %soft  %steal  %guest  %gnice   %idle
12:44:31 PM  all   17.53    0.00   19.74    0.00    0.00    5.58    0.00    0.00    0.00   57.14
12:44:31 PM    0   18.95    0.00   20.00    0.00    0.00    2.11    0.00    0.00    0.00   58.95
12:44:31 PM    1   16.49    0.00   17.53    0.00    0.00    5.15    0.00    0.00    0.00   60.82
12:44:31 PM    2   17.89    0.00   18.95    0.00    0.00    3.16    0.00    0.00    0.00   60.00
12:44:31 PM    3   14.43    0.00   18.56    0.00    0.00    9.28    0.00    0.00    0.00   57.73
12:44:31 PM    4   19.59    0.00   20.62    0.00    0.00    5.15    0.00    0.00    0.00   54.64
12:44:31 PM    5   19.19    0.00   19.19    0.00    0.00    7.07    0.00    0.00    0.00   54.55
12:44:31 PM    6   15.96    0.00   23.40    0.00    0.00    5.32    0.00    0.00    0.00   55.32
12:44:31 PM    7   17.71    0.00   19.79    0.00    0.00    7.29    0.00    0.00    0.00   55.21

12:44:31 PM  CPU    %usr   %nice    %sys %iowait    %irq   %soft  %steal  %guest  %gnice   %idle
12:44:32 PM  all   16.10    0.00   14.87    0.95    0.00    4.77    0.00    0.00    0.00   63.30
12:44:32 PM    0   17.53    0.00   17.53    3.09    0.00    4.12    0.00    0.00    0.00   57.73
12:44:32 PM    1   13.68    0.00   17.89    0.00    0.00    6.32    0.00    0.00    0.00   62.11
12:44:32 PM    2   14.44    0.00   13.33    0.00    0.00    5.56    0.00    0.00    0.00   66.67
12:44:32 PM    3   16.67    0.00   17.71    0.00    0.00    3.12    0.00    0.00    0.00   62.50
12:44:32 PM    4   17.02    0.00   15.96    0.00    0.00    4.26    0.00    0.00    0.00   62.77
12:44:32 PM    5   13.64    0.00   14.77    0.00    0.00    4.55    0.00    0.00    0.00   67.05
12:44:32 PM    6   21.18    0.00    9.41    4.71    0.00    3.53    0.00    0.00    0.00   61.18
12:44:32 PM    7   14.77    0.00   11.36    0.00    0.00    6.82    0.00    0.00    0.00   67.05

12:44:32 PM  CPU    %usr   %nice    %sys %iowait    %irq   %soft  %steal  %guest  %gnice   %idle
12:44:33 PM  all   15.73    0.00   14.77    0.00    0.00    4.38    0.00    0.00    0.00   65.12
12:44:33 PM    0   13.48    0.00   13.48    0.00    0.00    4.49    0.00    0.00    0.00   68.54
12:44:33 PM    1   13.98    0.00   16.13    0.00    0.00    4.30    0.00    0.00    0.00   65.59
12:44:33 PM    2   14.13    0.00   14.13    0.00    0.00    4.35    0.00    0.00    0.00   67.39
12:44:33 PM    3   17.02    0.00   13.83    0.00    0.00    4.26    0.00    0.00    0.00   64.89
12:44:33 PM    4   14.13    0.00   19.57    0.00    0.00    4.35    0.00    0.00    0.00   61.96
12:44:33 PM    5   16.85    0.00   15.73    0.00    0.00    2.25    0.00    0.00    0.00   65.17
12:44:33 PM    6   17.98    0.00   11.24    0.00    0.00    5.62    0.00    0.00    0.00   65.17
12:44:33 PM    7   18.28    0.00   13.98    0.00    0.00    5.38    0.00    0.00    0.00   62.37

12:44:33 PM  CPU    %usr   %nice    %sys %iowait    %irq   %soft  %steal  %guest  %gnice   %idle
12:44:34 PM  all   17.70    0.00   20.08    0.00    0.00    5.15    0.00    0.00    0.00   57.07
12:44:34 PM    0   19.80    0.00   19.80    0.00    0.00    4.95    0.00    0.00    0.00   55.45
12:44:34 PM    1   16.49    0.00   19.59    0.00    0.00    7.22    0.00    0.00    0.00   56.70
12:44:34 PM    2   14.74    0.00   23.16    0.00    0.00    3.16    0.00    0.00    0.00   58.95
12:44:34 PM    3   14.14    0.00   24.24    0.00    0.00    5.05    0.00    0.00    0.00   56.57
12:44:34 PM    4   17.02    0.00   21.28    0.00    0.00    4.26    0.00    0.00    0.00   57.45
12:44:34 PM    5   22.58    0.00   17.20    0.00    0.00    5.38    0.00    0.00    0.00   54.84
12:44:34 PM    6   17.58    0.00   19.78    0.00    0.00    4.40    0.00    0.00    0.00   58.24
12:44:34 PM    7   19.54    0.00   14.94    0.00    0.00    6.90    0.00    0.00    0.00   58.62

12:44:34 PM  CPU    %usr   %nice    %sys %iowait    %irq   %soft  %steal  %guest  %gnice   %idle
12:44:35 PM  all   12.53    0.00    7.94    0.00    0.00    3.48    0.00    0.00    0.00   76.04
12:44:35 PM    0   12.77    0.00    8.51    0.00    0.00    4.26    0.00    0.00    0.00   74.47
12:44:35 PM    1   11.96    0.00    7.61    0.00    0.00    3.26    0.00    0.00    0.00   77.17
12:44:35 PM    2   12.90    0.00    8.60    0.00    0.00    3.23    0.00    0.00    0.00   75.27
12:44:35 PM    3   13.98    0.00    7.53    0.00    0.00    4.30    0.00    0.00    0.00   74.19
12:44:35 PM    4   10.59    0.00    9.41    0.00    0.00    3.53    0.00    0.00    0.00   76.47
12:44:35 PM    5   13.48    0.00    6.74    0.00    0.00    4.49    0.00    0.00    0.00   75.28
12:44:35 PM    6   11.76    0.00    7.06    0.00    0.00    2.35    0.00    0.00    0.00   78.82
12:44:35 PM    7   12.64    0.00    8.05    0.00    0.00    2.30    0.00    0.00    0.00   77.01

12:44:35 PM  CPU    %usr   %nice    %sys %iowait    %irq   %soft  %steal  %guest  %gnice   %idle
12:44:36 PM  all   15.91    0.00    9.09    0.00    0.00    3.88    0.00    0.00    0.00   71.12
12:44:36 PM    0   14.74    0.00    9.47    0.00    0.00    3.16    0.00    0.00    0.00   72.63
12:44:36 PM    1   17.71    0.00    8.33    0.00    0.00    3.12    0.00    0.00    0.00   70.83
12:44:36 PM    2   17.02    0.00    6.38    0.00    0.00    3.19    0.00    0.00    0.00   73.40
12:44:36 PM    3   12.90    0.00    9.68    0.00    0.00    3.23    0.00    0.00    0.00   74.19
12:44:36 PM    4   16.67    0.00   10.42    0.00    0.00    5.21    0.00    0.00    0.00   67.71
12:44:36 PM    5   13.33    0.00   12.22    0.00    0.00    3.33    0.00    0.00    0.00   71.11
12:44:36 PM    6   18.09    0.00    8.51    0.00    0.00    5.32    0.00    0.00    0.00   68.09
12:44:36 PM    7   16.67    0.00    7.78    0.00    0.00    4.44    0.00    0.00    0.00   71.11

12:44:36 PM  CPU    %usr   %nice    %sys %iowait    %irq   %soft  %steal  %guest  %gnice   %idle
12:44:37 PM  all    7.37    0.00   10.01    0.28    0.00    2.09    0.00    0.00    0.00   80.25
12:44:37 PM    0    6.52    0.00   10.87    0.00    0.00    1.09    0.00    0.00    0.00   81.52
12:44:37 PM    1    6.25    0.00   10.42    0.00    0.00    3.12    0.00    0.00    0.00   80.21
12:44:37 PM    2    5.38    0.00   11.83    0.00    0.00    3.23    0.00    0.00    0.00   79.57
12:44:37 PM    3    5.62    0.00   10.11    0.00    0.00    2.25    0.00    0.00    0.00   82.02
12:44:37 PM    4    7.95    0.00   11.36    1.14    0.00    1.14    0.00    0.00    0.00   78.41
12:44:37 PM    5    9.41    0.00    5.88    1.18    0.00    1.18    0.00    0.00    0.00   82.35
12:44:37 PM    6    8.24    0.00    8.24    0.00    0.00    2.35    0.00    0.00    0.00   81.18
12:44:37 PM    7    9.89    0.00   10.99    0.00    0.00    2.20    0.00    0.00    0.00   76.92

12:44:37 PM  CPU    %usr   %nice    %sys %iowait    %irq   %soft  %steal  %guest  %gnice   %idle
12:44:38 PM  all    8.21    0.00   10.77    0.00    0.00    2.83    0.00    0.00    0.00   78.20
12:44:38 PM    0    4.49    0.00   10.11    0.00    0.00    2.25    0.00    0.00    0.00   83.15
12:44:38 PM    1    6.32    0.00   14.74    0.00    0.00    4.21    0.00    0.00    0.00   74.74
12:44:38 PM    2    9.38    0.00   11.46    0.00    0.00    3.12    0.00    0.00    0.00   76.04
12:44:38 PM    3    8.51    0.00    9.57    0.00    0.00    3.19    0.00    0.00    0.00   78.72
12:44:38 PM    4   10.11    0.00    8.99    0.00    0.00    2.25    0.00    0.00    0.00   78.65
12:44:38 PM    5   11.70    0.00    8.51    0.00    0.00    3.19    0.00    0.00    0.00   76.60
12:44:38 PM    6    9.38    0.00   10.42    0.00    0.00    4.17    0.00    0.00    0.00   76.04
12:44:38 PM    7    5.56    0.00   12.22    0.00    0.00    0.00    0.00    0.00    0.00   82.22

12:44:38 PM  CPU    %usr   %nice    %sys %iowait    %irq   %soft  %steal  %guest  %gnice   %idle
12:44:39 PM  all    7.43    0.00   11.14    0.00    0.00    1.79    0.00    0.00    0.00   79.64
12:44:39 PM    0    5.43    0.00    9.78    0.00    0.00    3.26    0.00    0.00    0.00   81.52
12:44:39 PM    1    4.65    0.00    8.14    0.00    0.00    0.00    0.00    0.00    0.00   87.21
12:44:39 PM    2    5.62    0.00    8.99    0.00    0.00    2.25    0.00    0.00    0.00   83.15
12:44:39 PM    3    4.40    0.00   12.09    0.00    0.00    2.20    0.00    0.00    0.00   81.32
12:44:39 PM    4    6.82    0.00   11.36    0.00    0.00    2.27    0.00    0.00    0.00   79.55
12:44:39 PM    5   10.99    0.00   13.19    0.00    0.00    1.10    0.00    0.00    0.00   74.73
12:44:39 PM    6   10.53    0.00   11.58    0.00    0.00    1.05    0.00    0.00    0.00   76.84
12:44:39 PM    7   10.53    0.00   13.68    0.00    0.00    2.11    0.00    0.00    0.00   73.68

12:44:39 PM  CPU    %usr   %nice    %sys %iowait    %irq   %soft  %steal  %guest  %gnice   %idle
12:44:40 PM  all    6.82    0.00   10.17    0.00    0.00    2.51    0.00    0.00    0.00   80.50
12:44:40 PM    0    7.53    0.00   11.83    0.00    0.00    2.15    0.00    0.00    0.00   78.49
12:44:40 PM    1    6.38    0.00   11.70    0.00    0.00    4.26    0.00    0.00    0.00   77.66
12:44:40 PM    2    5.62    0.00   11.24    0.00    0.00    2.25    0.00    0.00    0.00   80.90
12:44:40 PM    3    6.59    0.00   10.99    0.00    0.00    2.20    0.00    0.00    0.00   80.22
12:44:40 PM    4    6.98    0.00    6.98    0.00    0.00    2.33    0.00    0.00    0.00   83.72
12:44:40 PM    5    8.70    0.00    8.70    0.00    0.00    4.35    0.00    0.00    0.00   78.26
12:44:40 PM    6    5.75    0.00   11.49    0.00    0.00    1.15    0.00    0.00    0.00   81.61
12:44:40 PM    7    6.98    0.00    8.14    0.00    0.00    1.16    0.00    0.00    0.00   83.72
