Linux 6.6.87.2-microsoft-standard-WSL2 (Udeepa-ASUS) 	04/16/26 	_x86_64_	(4 CPU)

00:43:55     CPU    %usr   %nice    %sys %iowait    %irq   %soft  %steal  %guest  %gnice   %idle
00:43:56     all   32.04    0.00   27.65    0.00    0.00   17.31    0.00    0.00    0.00   23.00
00:43:56       0   27.72    0.00   30.69    0.00    0.00   23.76    0.00    0.00    0.00   17.82
00:43:56       1   43.30    0.00   25.77    0.00    0.00   18.56    0.00    0.00    0.00   12.37
00:43:56       2   31.91    0.00   24.47    0.00    0.00   11.70    0.00    0.00    0.00   31.91
00:43:56       3   25.26    0.00   29.47    0.00    0.00   14.74    0.00    0.00    0.00   30.53

00:43:56     CPU    %usr   %nice    %sys %iowait    %irq   %soft  %steal  %guest  %gnice   %idle
00:43:57     all   35.95    0.00   28.86    0.00    0.00   16.46    0.00    0.00    0.00   18.73
00:43:57       0   38.38    0.00   26.26    0.00    0.00   17.17    0.00    0.00    0.00   18.18
00:43:57       1   40.40    0.00   29.29    0.00    0.00   17.17    0.00    0.00    0.00   13.13
00:43:57       2   29.59    0.00   28.57    0.00    0.00   14.29    0.00    0.00    0.00   27.55
00:43:57       3   35.35    0.00   31.31    0.00    0.00   17.17    0.00    0.00    0.00   16.16

00:43:57     CPU    %usr   %nice    %sys %iowait    %irq   %soft  %steal  %guest  %gnice   %idle
00:43:59     all   35.82    0.00   27.06    0.00    0.00   18.30    0.00    0.00    0.00   18.81
00:43:59       0   38.00    0.00   26.00    0.00    0.00   23.00    0.00    0.00    0.00   13.00
00:43:59       1   39.39    0.00   31.31    0.00    0.00   19.19    0.00    0.00    0.00   10.10
00:43:59       2   32.61    0.00   20.65    0.00    0.00   17.39    0.00    0.00    0.00   29.35
00:43:59       3   32.99    0.00   29.90    0.00    0.00   13.40    0.00    0.00    0.00   23.71

00:43:59     CPU    %usr   %nice    %sys %iowait    %irq   %soft  %steal  %guest  %gnice   %idle
00:44:00     all   31.16    0.00   34.67    0.00    0.00   15.83    0.00    0.00    0.00   18.34
00:44:00       0   28.43    0.00   27.45    0.00    0.00   23.53    0.00    0.00    0.00   20.59
00:44:00       1   41.24    0.00   31.96    0.00    0.00   13.40    0.00    0.00    0.00   13.40
00:44:00       2   29.00    0.00   41.00    0.00    0.00   12.00    0.00    0.00    0.00   18.00
00:44:00       3   26.26    0.00   38.38    0.00    0.00   14.14    0.00    0.00    0.00   21.21

00:44:00     CPU    %usr   %nice    %sys %iowait    %irq   %soft  %steal  %guest  %gnice   %idle
00:44:01     all   30.94    0.00   35.15    0.00    0.00   18.81    0.00    0.00    0.00   15.10
00:44:01       0   22.43    0.00   35.51    0.00    0.00   25.23    0.00    0.00    0.00   16.82
00:44:01       1   32.32    0.00   32.32    0.00    0.00   18.18    0.00    0.00    0.00   17.17
00:44:01       2   35.42    0.00   35.42    0.00    0.00   16.67    0.00    0.00    0.00   12.50
00:44:01       3   34.31    0.00   37.25    0.00    0.00   14.71    0.00    0.00    0.00   13.73

00:44:01     CPU    %usr   %nice    %sys %iowait    %irq   %soft  %steal  %guest  %gnice   %idle
00:44:02     all   30.65    0.00   37.94    0.00    0.00   16.58    0.00    0.00    0.00   14.82
00:44:02       0   21.90    0.00   35.24    0.00    0.00   22.86    0.00    0.00    0.00   20.00
00:44:02       1   31.63    0.00   38.78    0.00    0.00   15.31    0.00    0.00    0.00   14.29
00:44:02       2   34.69    0.00   37.76    0.00    0.00   14.29    0.00    0.00    0.00   13.27
00:44:02       3   35.05    0.00   40.21    0.00    0.00   13.40    0.00    0.00    0.00   11.34

00:44:02     CPU    %usr   %nice    %sys %iowait    %irq   %soft  %steal  %guest  %gnice   %idle
00:44:03     all   28.25    0.00   35.50    0.00    0.00   20.00    0.00    0.00    0.00   16.25
00:44:03       0   17.31    0.00   30.77    0.00    0.00   32.69    0.00    0.00    0.00   19.23
00:44:03       1   28.57    0.00   40.82    0.00    0.00   11.22    0.00    0.00    0.00   19.39
00:44:03       2   33.00    0.00   33.00    0.00    0.00   19.00    0.00    0.00    0.00   15.00
00:44:03       3   34.69    0.00   37.76    0.00    0.00   16.33    0.00    0.00    0.00   11.22

00:44:03     CPU    %usr   %nice    %sys %iowait    %irq   %soft  %steal  %guest  %gnice   %idle
00:44:04     all   30.23    0.00   37.03    0.00    0.00   18.39    0.00    0.00    0.00   14.36
00:44:04       0   26.42    0.00   33.96    0.00    0.00   23.58    0.00    0.00    0.00   16.04
00:44:04       1   29.90    0.00   40.21    0.00    0.00   14.43    0.00    0.00    0.00   15.46
00:44:04       2   34.38    0.00   34.38    0.00    0.00   18.75    0.00    0.00    0.00   12.50
00:44:04       3   30.61    0.00   39.80    0.00    0.00   16.33    0.00    0.00    0.00   13.27

00:44:04     CPU    %usr   %nice    %sys %iowait    %irq   %soft  %steal  %guest  %gnice   %idle
00:44:05     all   31.92    0.00   36.91    0.00    0.00   16.96    0.00    0.00    0.00   14.21
00:44:05       0   26.42    0.00   32.08    0.00    0.00   23.58    0.00    0.00    0.00   17.92
00:44:05       1   30.93    0.00   38.14    0.00    0.00   14.43    0.00    0.00    0.00   16.49
00:44:05       2   41.84    0.00   35.71    0.00    0.00   15.31    0.00    0.00    0.00    7.14
00:44:05       3   29.00    0.00   42.00    0.00    0.00   14.00    0.00    0.00    0.00   15.00

00:44:05     CPU    %usr   %nice    %sys %iowait    %irq   %soft  %steal  %guest  %gnice   %idle
00:44:06     all   29.75    0.00   39.00    0.25    0.00   17.25    0.00    0.00    0.00   13.75
00:44:06       0   25.71    0.00   33.33    0.00    0.00   25.71    0.00    0.00    0.00   15.24
00:44:06       1   34.34    0.00   38.38    0.00    0.00   18.18    0.00    0.00    0.00    9.09
00:44:06       2   27.08    0.00   44.79    0.00    0.00   14.58    0.00    0.00    0.00   13.54
00:44:06       3   32.00    0.00   40.00    1.00    0.00   10.00    0.00    0.00    0.00   17.00

00:44:06     CPU    %usr   %nice    %sys %iowait    %irq   %soft  %steal  %guest  %gnice   %idle
00:44:07     all   29.10    0.00   37.56    0.00    0.00   17.66    0.00    0.00    0.00   15.67
00:44:07       0   17.43    0.00   36.70    0.00    0.00   24.77    0.00    0.00    0.00   21.10
00:44:07       1   22.92    0.00   42.71    0.00    0.00   16.67    0.00    0.00    0.00   17.71
00:44:07       2   36.73    0.00   40.82    0.00    0.00   12.24    0.00    0.00    0.00   10.20
00:44:07       3   40.40    0.00   30.30    0.00    0.00   16.16    0.00    0.00    0.00   13.13

00:44:07     CPU    %usr   %nice    %sys %iowait    %irq   %soft  %steal  %guest  %gnice   %idle
00:44:08     all   32.83    0.00   35.10    0.00    0.00   16.41    0.00    0.00    0.00   15.66
00:44:08       0   27.62    0.00   29.52    0.00    0.00   24.76    0.00    0.00    0.00   18.10
00:44:08       1   28.57    0.00   41.84    0.00    0.00   12.24    0.00    0.00    0.00   17.35
00:44:08       2   39.18    0.00   34.02    0.00    0.00   13.40    0.00    0.00    0.00   13.40
00:44:08       3   36.46    0.00   35.42    0.00    0.00   14.58    0.00    0.00    0.00   13.54

00:44:08     CPU    %usr   %nice    %sys %iowait    %irq   %soft  %steal  %guest  %gnice   %idle
00:44:09     all   31.25    0.00   36.50    0.00    0.00   15.75    0.00    0.00    0.00   16.50
00:44:09       0   18.87    0.00   30.19    0.00    0.00   30.19    0.00    0.00    0.00   20.75
00:44:09       1   34.34    0.00   41.41    0.00    0.00    9.09    0.00    0.00    0.00   15.15
00:44:09       2   34.02    0.00   37.11    0.00    0.00   10.31    0.00    0.00    0.00   18.56
00:44:09       3   38.78    0.00   37.76    0.00    0.00   12.24    0.00    0.00    0.00   11.22

00:44:09     CPU    %usr   %nice    %sys %iowait    %irq   %soft  %steal  %guest  %gnice   %idle
00:44:10     all   32.42    0.00   33.17    0.00    0.00   19.20    0.00    0.00    0.00   15.21
00:44:10       0   25.47    0.00   26.42    0.00    0.00   28.30    0.00    0.00    0.00   19.81
00:44:10       1   36.73    0.00   27.55    0.00    0.00   21.43    0.00    0.00    0.00   14.29
00:44:10       2   36.00    0.00   39.00    0.00    0.00   15.00    0.00    0.00    0.00   10.00
00:44:10       3   31.96    0.00   40.21    0.00    0.00   11.34    0.00    0.00    0.00   16.49

00:44:10     CPU    %usr   %nice    %sys %iowait    %irq   %soft  %steal  %guest  %gnice   %idle
00:44:11     all   33.17    0.00   34.16    0.00    0.00   16.09    0.00    0.00    0.00   16.58
00:44:11       0   20.95    0.00   30.48    0.00    0.00   24.76    0.00    0.00    0.00   23.81
00:44:11       1   33.33    0.00   38.24    0.00    0.00    9.80    0.00    0.00    0.00   18.63
00:44:11       2   44.33    0.00   30.93    0.00    0.00   15.46    0.00    0.00    0.00    9.28
00:44:11       3   35.00    0.00   37.00    0.00    0.00   14.00    0.00    0.00    0.00   14.00

00:44:11     CPU    %usr   %nice    %sys %iowait    %irq   %soft  %steal  %guest  %gnice   %idle
00:44:12     all   30.67    0.00   37.16    0.00    0.00   17.21    0.00    0.00    0.00   14.96
00:44:12       0   24.76    0.00   26.67    0.00    0.00   26.67    0.00    0.00    0.00   21.90
00:44:12       1   30.61    0.00   43.88    0.00    0.00   12.24    0.00    0.00    0.00   13.27
00:44:12       2   37.11    0.00   36.08    0.00    0.00   15.46    0.00    0.00    0.00   11.34
00:44:12       3   30.69    0.00   42.57    0.00    0.00   13.86    0.00    0.00    0.00   12.87

00:44:12     CPU    %usr   %nice    %sys %iowait    %irq   %soft  %steal  %guest  %gnice   %idle
00:44:13     all   30.71    0.00   38.58    0.00    0.00   15.48    0.00    0.00    0.00   15.23
00:44:13       0   25.49    0.00   36.27    0.00    0.00   23.53    0.00    0.00    0.00   14.71
00:44:13       1   24.24    0.00   46.46    0.00    0.00   13.13    0.00    0.00    0.00   16.16
00:44:13       2   30.53    0.00   37.89    0.00    0.00   10.53    0.00    0.00    0.00   21.05
00:44:13       3   42.86    0.00   33.67    0.00    0.00   14.29    0.00    0.00    0.00    9.18

00:44:13     CPU    %usr   %nice    %sys %iowait    %irq   %soft  %steal  %guest  %gnice   %idle
00:44:14     all   30.25    0.00   37.50    0.00    0.00   17.25    0.00    0.00    0.00   15.00
00:44:14       0   23.81    0.00   31.43    0.00    0.00   26.67    0.00    0.00    0.00   18.10
00:44:14       1   25.51    0.00   45.92    0.00    0.00   12.24    0.00    0.00    0.00   16.33
00:44:14       2   32.29    0.00   38.54    0.00    0.00   15.62    0.00    0.00    0.00   13.54
00:44:14       3   39.60    0.00   34.65    0.00    0.00   13.86    0.00    0.00    0.00   11.88

00:44:14     CPU    %usr   %nice    %sys %iowait    %irq   %soft  %steal  %guest  %gnice   %idle
00:44:15     all   32.25    0.00   37.00    0.00    0.00   17.00    0.00    0.00    0.00   13.75
00:44:15       0   28.43    0.00   31.37    0.00    0.00   25.49    0.00    0.00    0.00   14.71
00:44:15       1   31.68    0.00   41.58    0.00    0.00   10.89    0.00    0.00    0.00   15.84
00:44:15       2   34.00    0.00   37.00    0.00    0.00   18.00    0.00    0.00    0.00   11.00
00:44:15       3   35.05    0.00   38.14    0.00    0.00   13.40    0.00    0.00    0.00   13.40

00:44:15     CPU    %usr   %nice    %sys %iowait    %irq   %soft  %steal  %guest  %gnice   %idle
00:44:16     all   31.73    0.00   37.31    0.00    0.00   16.24    0.00    0.00    0.00   14.72
00:44:16       0   22.00    0.00   32.00    0.00    0.00   26.00    0.00    0.00    0.00   20.00
00:44:16       1   36.73    0.00   37.76    0.00    0.00   12.24    0.00    0.00    0.00   13.27
00:44:16       2   34.00    0.00   40.00    0.00    0.00   13.00    0.00    0.00    0.00   13.00
00:44:16       3   34.38    0.00   39.58    0.00    0.00   13.54    0.00    0.00    0.00   12.50

00:44:16     CPU    %usr   %nice    %sys %iowait    %irq   %soft  %steal  %guest  %gnice   %idle
00:44:17     all   33.33    0.00   36.52    0.00    0.00   15.20    0.00    0.00    0.00   14.95
00:44:17       0   23.08    0.00   34.62    0.00    0.00   23.08    0.00    0.00    0.00   19.23
00:44:17       1   30.19    0.00   38.68    0.00    0.00   11.32    0.00    0.00    0.00   19.81
00:44:17       2   38.54    0.00   35.42    0.00    0.00   12.50    0.00    0.00    0.00   13.54
00:44:17       3   42.16    0.00   37.25    0.00    0.00   13.73    0.00    0.00    0.00    6.86

00:44:17     CPU    %usr   %nice    %sys %iowait    %irq   %soft  %steal  %guest  %gnice   %idle
00:44:18     all   30.96    0.00   37.59    0.00    0.00   15.72    0.00    0.00    0.00   15.72
00:44:18       0   21.50    0.00   31.78    0.00    0.00   24.30    0.00    0.00    0.00   22.43
00:44:18       1   26.73    0.00   45.54    0.00    0.00    9.90    0.00    0.00    0.00   17.82
00:44:18       2   37.00    0.00   38.00    0.00    0.00   15.00    0.00    0.00    0.00   10.00
00:44:18       3   39.39    0.00   35.35    0.00    0.00   13.13    0.00    0.00    0.00   12.12

00:44:18     CPU    %usr   %nice    %sys %iowait    %irq   %soft  %steal  %guest  %gnice   %idle
00:44:19     all   28.64    0.00   38.27    0.00    0.00   19.26    0.00    0.00    0.00   13.83
00:44:19       0   12.15    0.00   35.51    0.00    0.00   28.97    0.00    0.00    0.00   23.36
00:44:19       1   33.33    0.00   38.38    0.00    0.00   17.17    0.00    0.00    0.00   11.11
00:44:19       2   35.35    0.00   38.38    0.00    0.00   16.16    0.00    0.00    0.00   10.10
00:44:19       3   35.00    0.00   41.00    0.00    0.00   14.00    0.00    0.00    0.00   10.00

00:44:19     CPU    %usr   %nice    %sys %iowait    %irq   %soft  %steal  %guest  %gnice   %idle
00:44:20     all   32.18    0.00   36.39    0.00    0.00   17.33    0.00    0.00    0.00   14.11
00:44:20       0   22.43    0.00   29.91    0.00    0.00   28.97    0.00    0.00    0.00   18.69
00:44:20       1   36.36    0.00   36.36    0.00    0.00    9.09    0.00    0.00    0.00   18.18
00:44:20       2   38.14    0.00   40.21    0.00    0.00   14.43    0.00    0.00    0.00    7.22
00:44:20       3   32.67    0.00   39.60    0.00    0.00   15.84    0.00    0.00    0.00   11.88

00:44:20     CPU    %usr   %nice    %sys %iowait    %irq   %soft  %steal  %guest  %gnice   %idle
00:44:21     all   30.94    0.00   35.89    0.25    0.00   17.82    0.00    0.00    0.00   15.10
00:44:21       0   24.76    0.00   29.52    0.00    0.00   28.57    0.00    0.00    0.00   17.14
00:44:21       1   42.16    0.00   32.35    0.00    0.00   15.69    0.00    0.00    0.00    9.80
00:44:21       2   28.71    0.00   38.61    0.99    0.00   15.84    0.00    0.00    0.00   15.84
00:44:21       3   28.12    0.00   43.75    0.00    0.00   10.42    0.00    0.00    0.00   17.71

00:44:21     CPU    %usr   %nice    %sys %iowait    %irq   %soft  %steal  %guest  %gnice   %idle
00:44:22     all   33.08    0.00   38.46    0.00    0.00   14.10    0.00    0.00    0.00   14.36
00:44:22       0   27.72    0.00   35.64    0.00    0.00   20.79    0.00    0.00    0.00   15.84
00:44:22       1   28.00    0.00   46.00    0.00    0.00   10.00    0.00    0.00    0.00   16.00
00:44:22       2   45.36    0.00   35.05    0.00    0.00   11.34    0.00    0.00    0.00    8.25
00:44:22       3   31.52    0.00   36.96    0.00    0.00   14.13    0.00    0.00    0.00   17.39

00:44:22     CPU    %usr   %nice    %sys %iowait    %irq   %soft  %steal  %guest  %gnice   %idle
00:44:23     all   30.02    0.00   38.96    0.00    0.00   16.13    0.00    0.00    0.00   14.89
00:44:23       0   19.63    0.00   31.78    0.00    0.00   29.91    0.00    0.00    0.00   18.69
00:44:23       1   41.67    0.00   34.38    0.00    0.00   14.58    0.00    0.00    0.00    9.38
00:44:23       2   30.61    0.00   42.86    0.00    0.00    9.18    0.00    0.00    0.00   17.35
00:44:23       3   29.41    0.00   47.06    0.00    0.00    9.80    0.00    0.00    0.00   13.73

00:44:23     CPU    %usr   %nice    %sys %iowait    %irq   %soft  %steal  %guest  %gnice   %idle
00:44:24     all   32.59    0.00   37.31    0.00    0.00   16.17    0.00    0.00    0.00   13.93
00:44:24       0   16.19    0.00   35.24    0.00    0.00   27.62    0.00    0.00    0.00   20.95
00:44:24       1   33.66    0.00   43.56    0.00    0.00   10.89    0.00    0.00    0.00   11.88
00:44:24       2   36.08    0.00   38.14    0.00    0.00   12.37    0.00    0.00    0.00   13.40
00:44:24       3   45.45    0.00   32.32    0.00    0.00   13.13    0.00    0.00    0.00    9.09

00:44:24     CPU    %usr   %nice    %sys %iowait    %irq   %soft  %steal  %guest  %gnice   %idle
00:44:25     all   32.48    0.00   36.83    0.00    0.00   15.60    0.00    0.00    0.00   15.09
00:44:25       0   26.42    0.00   31.13    0.00    0.00   24.53    0.00    0.00    0.00   17.92
00:44:25       1   35.42    0.00   33.33    0.00    0.00   12.50    0.00    0.00    0.00   18.75
00:44:25       2   33.33    0.00   41.67    0.00    0.00   13.54    0.00    0.00    0.00   11.46
00:44:25       3   35.48    0.00   41.94    0.00    0.00   10.75    0.00    0.00    0.00   11.83

00:44:25     CPU    %usr   %nice    %sys %iowait    %irq   %soft  %steal  %guest  %gnice   %idle
00:44:26     all   32.91    0.00   37.22    0.00    0.00   15.44    0.00    0.00    0.00   14.43
00:44:26       0   24.76    0.00   37.14    0.00    0.00   22.86    0.00    0.00    0.00   15.24
00:44:26       1   32.99    0.00   44.33    0.00    0.00   11.34    0.00    0.00    0.00   11.34
00:44:26       2   44.79    0.00   30.21    0.00    0.00   14.58    0.00    0.00    0.00   10.42
00:44:26       3   29.90    0.00   37.11    0.00    0.00   12.37    0.00    0.00    0.00   20.62

00:44:26     CPU    %usr   %nice    %sys %iowait    %irq   %soft  %steal  %guest  %gnice   %idle
00:44:27     all   29.46    0.00   40.05    0.00    0.00   15.50    0.00    0.00    0.00   14.99
00:44:27       0   30.61    0.00   36.73    0.00    0.00   22.45    0.00    0.00    0.00   10.20
00:44:27       1   27.37    0.00   42.11    0.00    0.00    7.37    0.00    0.00    0.00   23.16
00:44:27       2   33.33    0.00   42.42    0.00    0.00   17.17    0.00    0.00    0.00    7.07
00:44:27       3   26.32    0.00   38.95    0.00    0.00   14.74    0.00    0.00    0.00   20.00

00:44:27     CPU    %usr   %nice    %sys %iowait    %irq   %soft  %steal  %guest  %gnice   %idle
00:44:28     all   30.90    0.00   39.20    0.00    0.00   15.33    0.00    0.00    0.00   14.57
00:44:28       0   28.57    0.00   37.14    0.00    0.00   23.81    0.00    0.00    0.00   10.48
00:44:28       1   37.00    0.00   40.00    0.00    0.00   13.00    0.00    0.00    0.00   10.00
00:44:28       2   30.53    0.00   40.00    0.00    0.00    9.47    0.00    0.00    0.00   20.00
00:44:28       3   27.55    0.00   39.80    0.00    0.00   14.29    0.00    0.00    0.00   18.37

00:44:28     CPU    %usr   %nice    %sys %iowait    %irq   %soft  %steal  %guest  %gnice   %idle
00:44:29     all   29.29    0.00   38.89    0.00    0.00   17.17    0.00    0.00    0.00   14.65
00:44:29       0   24.53    0.00   36.79    0.00    0.00   25.47    0.00    0.00    0.00   13.21
00:44:29       1   38.00    0.00   38.00    0.00    0.00   14.00    0.00    0.00    0.00   10.00
00:44:29       2   26.60    0.00   42.55    0.00    0.00   13.83    0.00    0.00    0.00   17.02
00:44:29       3   28.12    0.00   38.54    0.00    0.00   14.58    0.00    0.00    0.00   18.75

00:44:29     CPU    %usr   %nice    %sys %iowait    %irq   %soft  %steal  %guest  %gnice   %idle
00:44:30     all   26.74    0.00   35.29    0.00    0.00   19.25    0.00    0.00    0.00   18.72
00:44:30       0   26.26    0.00   35.35    0.00    0.00   26.26    0.00    0.00    0.00   12.12
00:44:30       1   31.11    0.00   31.11    0.00    0.00   17.78    0.00    0.00    0.00   20.00
00:44:30       2   22.58    0.00   38.71    0.00    0.00   17.20    0.00    0.00    0.00   21.51
00:44:30       3   27.17    0.00   35.87    0.00    0.00   15.22    0.00    0.00    0.00   21.74

00:44:30     CPU    %usr   %nice    %sys %iowait    %irq   %soft  %steal  %guest  %gnice   %idle
00:44:32     all   30.75    0.00   37.75    0.00    0.00   16.75    0.00    0.00    0.00   14.75
00:44:32       0   23.81    0.00   38.10    0.00    0.00   22.86    0.00    0.00    0.00   15.24
00:44:32       1   28.57    0.00   40.82    0.00    0.00   12.24    0.00    0.00    0.00   18.37
00:44:32       2   39.80    0.00   32.65    0.00    0.00   17.35    0.00    0.00    0.00   10.20
00:44:32       3   31.31    0.00   39.39    0.00    0.00   14.14    0.00    0.00    0.00   15.15

00:44:32     CPU    %usr   %nice    %sys %iowait    %irq   %soft  %steal  %guest  %gnice   %idle
00:44:33     all   30.48    0.00   37.78    0.00    0.00   16.37    0.00    0.00    0.00   15.37
00:44:33       0   24.04    0.00   35.58    0.00    0.00   24.04    0.00    0.00    0.00   16.35
00:44:33       1   24.49    0.00   45.92    0.00    0.00   10.20    0.00    0.00    0.00   19.39
00:44:33       2   33.67    0.00   36.73    0.00    0.00   17.35    0.00    0.00    0.00   12.24
00:44:33       3   40.21    0.00   32.99    0.00    0.00   13.40    0.00    0.00    0.00   13.40

00:44:33     CPU    %usr   %nice    %sys %iowait    %irq   %soft  %steal  %guest  %gnice   %idle
00:44:34     all   38.40    0.00   32.67    0.00    0.00   13.72    0.00    0.00    0.00   15.21
00:44:34       0   36.54    0.00   28.85    0.00    0.00   19.23    0.00    0.00    0.00   15.38
00:44:34       1   38.61    0.00   37.62    0.00    0.00    9.90    0.00    0.00    0.00   13.86
00:44:34       2   39.18    0.00   26.80    0.00    0.00   14.43    0.00    0.00    0.00   19.59
00:44:34       3   39.39    0.00   37.37    0.00    0.00   11.11    0.00    0.00    0.00   12.12

00:44:34     CPU    %usr   %nice    %sys %iowait    %irq   %soft  %steal  %guest  %gnice   %idle
00:44:35     all   36.41    0.00   34.36    0.00    0.00   15.38    0.00    0.00    0.00   13.85
00:44:35       0   34.34    0.00   35.35    0.00    0.00   16.16    0.00    0.00    0.00   14.14
00:44:35       1   42.27    0.00   29.90    0.00    0.00   13.40    0.00    0.00    0.00   14.43
00:44:35       2   37.89    0.00   32.63    0.00    0.00   15.79    0.00    0.00    0.00   13.68
00:44:35       3   31.31    0.00   39.39    0.00    0.00   16.16    0.00    0.00    0.00   13.13

00:44:35     CPU    %usr   %nice    %sys %iowait    %irq   %soft  %steal  %guest  %gnice   %idle
00:44:36     all   31.12    0.00   40.05    0.00    0.00   15.05    0.00    0.00    0.00   13.78
00:44:36       0   24.49    0.00   39.80    0.00    0.00   22.45    0.00    0.00    0.00   13.27
00:44:36       1   34.34    0.00   38.38    0.00    0.00   16.16    0.00    0.00    0.00   11.11
00:44:36       2   32.29    0.00   43.75    0.00    0.00    9.38    0.00    0.00    0.00   14.58
00:44:36       3   33.33    0.00   38.38    0.00    0.00   12.12    0.00    0.00    0.00   16.16

00:44:36     CPU    %usr   %nice    %sys %iowait    %irq   %soft  %steal  %guest  %gnice   %idle
00:44:37     all   30.81    0.00   39.39    0.00    0.00   14.90    0.00    0.00    0.00   14.90
00:44:37       0   28.43    0.00   33.33    0.00    0.00   24.51    0.00    0.00    0.00   13.73
00:44:37       1   34.34    0.00   38.38    0.00    0.00   10.10    0.00    0.00    0.00   17.17
00:44:37       2   28.28    0.00   43.43    0.00    0.00   12.12    0.00    0.00    0.00   16.16
00:44:37       3   32.29    0.00   42.71    0.00    0.00   12.50    0.00    0.00    0.00   12.50

00:44:37     CPU    %usr   %nice    %sys %iowait    %irq   %soft  %steal  %guest  %gnice   %idle
00:44:38     all   33.42    0.00   38.19    0.00    0.00   14.82    0.00    0.00    0.00   13.57
00:44:38       0   32.04    0.00   33.01    0.00    0.00   19.42    0.00    0.00    0.00   15.53
00:44:38       1   29.59    0.00   42.86    0.00    0.00   13.27    0.00    0.00    0.00   14.29
00:44:38       2   38.00    0.00   39.00    0.00    0.00   12.00    0.00    0.00    0.00   11.00
00:44:38       3   34.02    0.00   38.14    0.00    0.00   14.43    0.00    0.00    0.00   13.40

00:44:38     CPU    %usr   %nice    %sys %iowait    %irq   %soft  %steal  %guest  %gnice   %idle
00:44:39     all   34.36    0.00   37.18    0.00    0.00   13.85    0.00    0.00    0.00   14.62
00:44:39       0   32.65    0.00   32.65    0.00    0.00   20.41    0.00    0.00    0.00   14.29
00:44:39       1   33.67    0.00   41.84    0.00    0.00   10.20    0.00    0.00    0.00   14.29
00:44:39       2   34.69    0.00   37.76    0.00    0.00   12.24    0.00    0.00    0.00   15.31
00:44:39       3   36.46    0.00   36.46    0.00    0.00   12.50    0.00    0.00    0.00   14.58

00:44:39     CPU    %usr   %nice    %sys %iowait    %irq   %soft  %steal  %guest  %gnice   %idle
00:44:40     all   33.92    0.00   35.95    0.00    0.00   15.44    0.00    0.00    0.00   14.68
00:44:40       0   27.72    0.00   35.64    0.00    0.00   20.79    0.00    0.00    0.00   15.84
00:44:40       1   27.55    0.00   39.80    0.00    0.00   12.24    0.00    0.00    0.00   20.41
00:44:40       2   40.21    0.00   35.05    0.00    0.00   12.37    0.00    0.00    0.00   12.37
00:44:40       3   40.40    0.00   33.33    0.00    0.00   16.16    0.00    0.00    0.00   10.10

00:44:40     CPU    %usr   %nice    %sys %iowait    %irq   %soft  %steal  %guest  %gnice   %idle
00:44:41     all   30.89    0.00   34.68    0.00    0.00   17.97    0.00    0.00    0.00   16.46
00:44:41       0   27.45    0.00   29.41    0.00    0.00   30.39    0.00    0.00    0.00   12.75
00:44:41       1   28.28    0.00   40.40    0.00    0.00   15.15    0.00    0.00    0.00   16.16
00:44:41       2   36.46    0.00   32.29    0.00    0.00   14.58    0.00    0.00    0.00   16.67
00:44:41       3   31.63    0.00   36.73    0.00    0.00   11.22    0.00    0.00    0.00   20.41

00:44:41     CPU    %usr   %nice    %sys %iowait    %irq   %soft  %steal  %guest  %gnice   %idle
00:44:42     all   30.59    0.00   34.57    0.00    0.00   20.21    0.00    0.00    0.00   14.63
00:44:42       0   25.51    0.00   27.55    0.00    0.00   32.65    0.00    0.00    0.00   14.29
00:44:42       1   26.37    0.00   39.56    0.00    0.00   15.38    0.00    0.00    0.00   18.68
00:44:42       2   33.33    0.00   34.38    0.00    0.00   15.62    0.00    0.00    0.00   16.67
00:44:42       3   37.36    0.00   37.36    0.00    0.00   16.48    0.00    0.00    0.00    8.79

00:44:42     CPU    %usr   %nice    %sys %iowait    %irq   %soft  %steal  %guest  %gnice   %idle
00:44:43     all   31.58    0.00   38.35    0.00    0.00   16.29    0.00    0.00    0.00   13.78
00:44:43       0   24.51    0.00   35.29    0.00    0.00   22.55    0.00    0.00    0.00   17.65
00:44:43       1   27.72    0.00   41.58    0.00    0.00   12.87    0.00    0.00    0.00   17.82
00:44:43       2   36.73    0.00   38.78    0.00    0.00   15.31    0.00    0.00    0.00    9.18
00:44:43       3   37.76    0.00   37.76    0.00    0.00   14.29    0.00    0.00    0.00   10.20

00:44:43     CPU    %usr   %nice    %sys %iowait    %irq   %soft  %steal  %guest  %gnice   %idle
00:44:44     all   31.14    0.00   36.46    0.00    0.00   18.23    0.00    0.00    0.00   14.18
00:44:44       0   28.57    0.00   30.48    0.00    0.00   26.67    0.00    0.00    0.00   14.29
00:44:44       1   29.47    0.00   42.11    0.00    0.00   14.74    0.00    0.00    0.00   13.68
00:44:44       2   33.67    0.00   36.73    0.00    0.00   16.33    0.00    0.00    0.00   13.27
00:44:44       3   32.99    0.00   37.11    0.00    0.00   14.43    0.00    0.00    0.00   15.46

00:44:44     CPU    %usr   %nice    %sys %iowait    %irq   %soft  %steal  %guest  %gnice   %idle
00:44:45     all   33.08    0.00   36.41    0.00    0.00   15.90    0.00    0.00    0.00   14.62
00:44:45       0   32.99    0.00   34.02    0.00    0.00   23.71    0.00    0.00    0.00    9.28
00:44:45       1   38.00    0.00   36.00    0.00    0.00   15.00    0.00    0.00    0.00   11.00
00:44:45       2   29.90    0.00   41.24    0.00    0.00   10.31    0.00    0.00    0.00   18.56
00:44:45       3   31.25    0.00   34.38    0.00    0.00   14.58    0.00    0.00    0.00   19.79

00:44:45     CPU    %usr   %nice    %sys %iowait    %irq   %soft  %steal  %guest  %gnice   %idle
00:44:46     all   30.48    0.00   35.77    0.00    0.00   18.89    0.00    0.00    0.00   14.86
00:44:46       0   22.86    0.00   29.52    0.00    0.00   29.52    0.00    0.00    0.00   18.10
00:44:46       1   35.05    0.00   37.11    0.00    0.00   13.40    0.00    0.00    0.00   14.43
00:44:46       2   30.93    0.00   39.18    0.00    0.00   16.49    0.00    0.00    0.00   13.40
00:44:46       3   33.67    0.00   37.76    0.00    0.00   15.31    0.00    0.00    0.00   13.27

00:44:46     CPU    %usr   %nice    %sys %iowait    %irq   %soft  %steal  %guest  %gnice   %idle
00:44:47     all   30.00    0.00   39.75    0.00    0.00   15.50    0.00    0.00    0.00   14.75
00:44:47       0   23.08    0.00   40.38    0.00    0.00   20.19    0.00    0.00    0.00   16.35
00:44:47       1   27.00    0.00   44.00    0.00    0.00   12.00    0.00    0.00    0.00   17.00
00:44:47       2   34.69    0.00   38.78    0.00    0.00   14.29    0.00    0.00    0.00   12.24
00:44:47       3   35.71    0.00   35.71    0.00    0.00   15.31    0.00    0.00    0.00   13.27

00:44:47     CPU    %usr   %nice    %sys %iowait    %irq   %soft  %steal  %guest  %gnice   %idle
00:44:48     all   33.67    0.00   39.24    0.00    0.00   13.16    0.00    0.00    0.00   13.92
00:44:48       0   33.33    0.00   41.41    0.00    0.00   16.16    0.00    0.00    0.00    9.09
00:44:48       1   35.00    0.00   38.00    0.00    0.00   12.00    0.00    0.00    0.00   15.00
00:44:48       2   29.90    0.00   40.21    0.00    0.00   13.40    0.00    0.00    0.00   16.49
00:44:48       3   36.36    0.00   37.37    0.00    0.00   11.11    0.00    0.00    0.00   15.15

00:44:48     CPU    %usr   %nice    %sys %iowait    %irq   %soft  %steal  %guest  %gnice   %idle
00:44:49     all   32.31    0.00   37.69    0.00    0.00   16.41    0.00    0.00    0.00   13.59
00:44:49       0   25.96    0.00   36.54    0.00    0.00   21.15    0.00    0.00    0.00   16.35
00:44:49       1   31.91    0.00   39.36    0.00    0.00   12.77    0.00    0.00    0.00   15.96
00:44:49       2   32.63    0.00   38.95    0.00    0.00   15.79    0.00    0.00    0.00   12.63
00:44:49       3   39.18    0.00   36.08    0.00    0.00   15.46    0.00    0.00    0.00    9.28

00:44:49     CPU    %usr   %nice    %sys %iowait    %irq   %soft  %steal  %guest  %gnice   %idle
00:44:50     all   32.29    0.00   36.72    0.00    0.00   15.10    0.00    0.00    0.00   15.89
00:44:50       0   31.25    0.00   33.33    0.00    0.00   19.79    0.00    0.00    0.00   15.62
00:44:50       1   33.33    0.00   38.38    0.00    0.00   17.17    0.00    0.00    0.00   11.11
00:44:50       2   34.74    0.00   34.74    0.00    0.00   15.79    0.00    0.00    0.00   14.74
00:44:50       3   29.79    0.00   40.43    0.00    0.00    7.45    0.00    0.00    0.00   22.34

00:44:50     CPU    %usr   %nice    %sys %iowait    %irq   %soft  %steal  %guest  %gnice   %idle
00:44:51     all   34.01    0.00   35.28    0.00    0.00   15.99    0.00    0.00    0.00   14.72
00:44:51       0   33.33    0.00   34.31    0.00    0.00   17.65    0.00    0.00    0.00   14.71
00:44:51       1   36.46    0.00   35.42    0.00    0.00   14.58    0.00    0.00    0.00   13.54
00:44:51       2   36.46    0.00   32.29    0.00    0.00   16.67    0.00    0.00    0.00   14.58
00:44:51       3   30.00    0.00   39.00    0.00    0.00   15.00    0.00    0.00    0.00   16.00

00:44:51     CPU    %usr   %nice    %sys %iowait    %irq   %soft  %steal  %guest  %gnice   %idle
00:44:52     all   32.40    0.00   35.97    0.00    0.00   17.35    0.00    0.00    0.00   14.29
00:44:52       0   28.87    0.00   30.93    0.00    0.00   24.74    0.00    0.00    0.00   15.46
00:44:52       1   33.00    0.00   36.00    0.00    0.00   16.00    0.00    0.00    0.00   15.00
00:44:52       2   37.11    0.00   38.14    0.00    0.00   12.37    0.00    0.00    0.00   12.37
00:44:52       3   30.61    0.00   38.78    0.00    0.00   16.33    0.00    0.00    0.00   14.29

00:44:52     CPU    %usr   %nice    %sys %iowait    %irq   %soft  %steal  %guest  %gnice   %idle
00:44:53     all   35.03    0.00   36.29    0.00    0.00   13.45    0.00    0.00    0.00   15.23
00:44:53       0   34.38    0.00   31.25    0.00    0.00   16.67    0.00    0.00    0.00   17.71
00:44:53       1   33.00    0.00   40.00    0.00    0.00   12.00    0.00    0.00    0.00   15.00
00:44:53       2   30.69    0.00   39.60    0.00    0.00   14.85    0.00    0.00    0.00   14.85
00:44:53       3   42.27    0.00   34.02    0.00    0.00   10.31    0.00    0.00    0.00   13.40

00:44:53     CPU    %usr   %nice    %sys %iowait    %irq   %soft  %steal  %guest  %gnice   %idle
00:44:54     all   31.73    0.00   37.56    0.00    0.00   16.24    0.00    0.00    0.00   14.47
00:44:54       0   24.51    0.00   37.25    0.00    0.00   22.55    0.00    0.00    0.00   15.69
00:44:54       1   31.96    0.00   37.11    0.00    0.00   12.37    0.00    0.00    0.00   18.56
00:44:54       2   33.68    0.00   41.05    0.00    0.00   11.58    0.00    0.00    0.00   13.68
00:44:54       3   37.00    0.00   35.00    0.00    0.00   18.00    0.00    0.00    0.00   10.00

00:44:54     CPU    %usr   %nice    %sys %iowait    %irq   %soft  %steal  %guest  %gnice   %idle
00:44:55     all   32.57    0.00   37.66    0.00    0.00   15.52    0.00    0.00    0.00   14.25
00:44:55       0   23.08    0.00   36.54    0.00    0.00   22.12    0.00    0.00    0.00   18.27
00:44:55       1   36.08    0.00   36.08    0.00    0.00   16.49    0.00    0.00    0.00   11.34
00:44:55       2   33.67    0.00   40.82    0.00    0.00   12.24    0.00    0.00    0.00   13.27
00:44:55       3   38.30    0.00   37.23    0.00    0.00   10.64    0.00    0.00    0.00   13.83

00:44:55     CPU    %usr   %nice    %sys %iowait    %irq   %soft  %steal  %guest  %gnice   %idle
00:44:56     all   29.95    0.00   38.83    0.00    0.00   16.75    0.00    0.00    0.00   14.47
00:44:56       0   23.76    0.00   38.61    0.00    0.00   21.78    0.00    0.00    0.00   15.84
00:44:56       1   30.93    0.00   39.18    0.00    0.00   18.56    0.00    0.00    0.00   11.34
00:44:56       2   29.29    0.00   42.42    0.00    0.00   12.12    0.00    0.00    0.00   16.16
00:44:56       3   36.08    0.00   35.05    0.00    0.00   14.43    0.00    0.00    0.00   14.43

00:44:56     CPU    %usr   %nice    %sys %iowait    %irq   %soft  %steal  %guest  %gnice   %idle
00:44:57     all   32.16    0.00   39.45    0.00    0.00   13.82    0.00    0.00    0.00   14.57
00:44:57       0   32.67    0.00   36.63    0.00    0.00   19.80    0.00    0.00    0.00   10.89
00:44:57       1   28.28    0.00   44.44    0.00    0.00   13.13    0.00    0.00    0.00   14.14
00:44:57       2   31.31    0.00   39.39    0.00    0.00   11.11    0.00    0.00    0.00   18.18
00:44:57       3   36.36    0.00   37.37    0.00    0.00   11.11    0.00    0.00    0.00   15.15

00:44:57     CPU    %usr   %nice    %sys %iowait    %irq   %soft  %steal  %guest  %gnice   %idle
00:44:58     all   11.25    0.00   40.41    0.00    0.00    8.18    0.00    0.00    0.00   40.15
00:44:58       0   10.20    0.00   42.86    0.00    0.00    7.14    0.00    0.00    0.00   39.80
00:44:58       1   11.22    0.00   38.78    0.00    0.00   10.20    0.00    0.00    0.00   39.80
00:44:58       2   10.20    0.00   41.84    0.00    0.00    8.16    0.00    0.00    0.00   39.80
00:44:58       3   13.40    0.00   38.14    0.00    0.00    7.22    0.00    0.00    0.00   41.24

00:44:58     CPU    %usr   %nice    %sys %iowait    %irq   %soft  %steal  %guest  %gnice   %idle
00:44:59     all    7.76    0.00   23.27    0.00    0.00    6.09    0.00    0.00    0.00   62.88
00:44:59       0    9.09    0.00   23.23    0.00    0.00   10.10    0.00    0.00    0.00   57.58
00:44:59       1    6.90    0.00   22.99    0.00    0.00    4.60    0.00    0.00    0.00   65.52
00:44:59       2   10.23    0.00   19.32    0.00    0.00    5.68    0.00    0.00    0.00   64.77
00:44:59       3    4.60    0.00   27.59    0.00    0.00    3.45    0.00    0.00    0.00   64.37

00:44:59     CPU    %usr   %nice    %sys %iowait    %irq   %soft  %steal  %guest  %gnice   %idle
00:45:00     all   11.57    0.00   33.93    0.00    0.00   10.03    0.00    0.00    0.00   44.47
00:45:00       0    9.17    0.00   30.28    0.00    0.00   21.10    0.00    0.00    0.00   39.45
00:45:00       1   12.90    0.00   34.41    0.00    0.00    5.38    0.00    0.00    0.00   47.31
00:45:00       2   13.83    0.00   35.11    0.00    0.00    5.32    0.00    0.00    0.00   45.74
00:45:00       3   10.75    0.00   36.56    0.00    0.00    6.45    0.00    0.00    0.00   46.24
