Linux 6.6.87.2-microsoft-standard-WSL2 (Udeepa-ASUS) 	04/16/26 	_x86_64_	(4 CPU)

00:19:17     CPU    %usr   %nice    %sys %iowait    %irq   %soft  %steal  %guest  %gnice   %idle
00:19:18     all   31.27    0.00   26.36    0.00    0.00   15.76    0.00    0.00    0.00   26.61
00:19:18       0   29.29    0.00   23.23    0.00    0.00   25.25    0.00    0.00    0.00   22.22
00:19:18       1   32.97    0.00   23.08    0.00    0.00   13.19    0.00    0.00    0.00   30.77
00:19:18       2   32.65    0.00   27.55    0.00    0.00   13.27    0.00    0.00    0.00   26.53
00:19:18       3   30.30    0.00   31.31    0.00    0.00   11.11    0.00    0.00    0.00   27.27

00:19:18     CPU    %usr   %nice    %sys %iowait    %irq   %soft  %steal  %guest  %gnice   %idle
00:19:19     all   34.77    0.00   24.62    0.00    0.00   16.75    0.00    0.00    0.00   23.86
00:19:19       0   32.35    0.00   20.59    0.00    0.00   25.49    0.00    0.00    0.00   21.57
00:19:19       1   35.05    0.00   26.80    0.00    0.00   14.43    0.00    0.00    0.00   23.71
00:19:19       2   29.29    0.00   29.29    0.00    0.00   15.15    0.00    0.00    0.00   26.26
00:19:19       3   42.71    0.00   21.88    0.00    0.00   11.46    0.00    0.00    0.00   23.96

00:19:19     CPU    %usr   %nice    %sys %iowait    %irq   %soft  %steal  %guest  %gnice   %idle
00:19:20     all   34.04    0.00   24.73    0.00    0.00   17.02    0.00    0.00    0.00   24.20
00:19:20       0   31.37    0.00   20.59    0.00    0.00   28.43    0.00    0.00    0.00   19.61
00:19:20       1   36.96    0.00   25.00    0.00    0.00   16.30    0.00    0.00    0.00   21.74
00:19:20       2   31.82    0.00   29.55    0.00    0.00    9.09    0.00    0.00    0.00   29.55
00:19:20       3   36.17    0.00   24.47    0.00    0.00   12.77    0.00    0.00    0.00   26.60

00:19:20     CPU    %usr   %nice    %sys %iowait    %irq   %soft  %steal  %guest  %gnice   %idle
00:19:21     all   34.97    0.00   27.46    0.00    0.00   17.10    0.00    0.00    0.00   20.47
00:19:21       0   28.43    0.00   25.49    0.00    0.00   23.53    0.00    0.00    0.00   22.55
00:19:21       1   32.29    0.00   29.17    0.00    0.00   13.54    0.00    0.00    0.00   25.00
00:19:21       2   38.95    0.00   29.47    0.00    0.00   17.89    0.00    0.00    0.00   13.68
00:19:21       3   40.86    0.00   25.81    0.00    0.00   12.90    0.00    0.00    0.00   20.43

00:19:21     CPU    %usr   %nice    %sys %iowait    %irq   %soft  %steal  %guest  %gnice   %idle
00:19:22     all   33.17    0.00   34.92    0.00    0.00   14.32    0.00    0.00    0.00   17.59
00:19:22       0   37.11    0.00   32.99    0.00    0.00   14.43    0.00    0.00    0.00   15.46
00:19:22       1   34.65    0.00   34.65    0.00    0.00   11.88    0.00    0.00    0.00   18.81
00:19:22       2   30.30    0.00   37.37    0.00    0.00   14.14    0.00    0.00    0.00   18.18
00:19:22       3   30.69    0.00   34.65    0.00    0.00   16.83    0.00    0.00    0.00   17.82

00:19:22     CPU    %usr   %nice    %sys %iowait    %irq   %soft  %steal  %guest  %gnice   %idle
00:19:23     all   33.76    0.00   35.28    0.00    0.00   15.99    0.00    0.00    0.00   14.97
00:19:23       0   37.62    0.00   29.70    0.00    0.00   21.78    0.00    0.00    0.00   10.89
00:19:23       1   38.30    0.00   30.85    0.00    0.00   19.15    0.00    0.00    0.00   11.70
00:19:23       2   28.43    0.00   44.12    0.00    0.00   10.78    0.00    0.00    0.00   16.67
00:19:23       3   30.93    0.00   36.08    0.00    0.00   12.37    0.00    0.00    0.00   20.62

00:19:23     CPU    %usr   %nice    %sys %iowait    %irq   %soft  %steal  %guest  %gnice   %idle
00:19:24     all   31.67    0.00   38.65    0.00    0.00   14.46    0.00    0.00    0.00   15.21
00:19:24       0   29.52    0.00   34.29    0.00    0.00   21.90    0.00    0.00    0.00   14.29
00:19:24       1   30.69    0.00   41.58    0.00    0.00    9.90    0.00    0.00    0.00   17.82
00:19:24       2   33.67    0.00   40.82    0.00    0.00   12.24    0.00    0.00    0.00   13.27
00:19:24       3   32.99    0.00   38.14    0.00    0.00   13.40    0.00    0.00    0.00   15.46

00:19:24     CPU    %usr   %nice    %sys %iowait    %irq   %soft  %steal  %guest  %gnice   %idle
00:19:25     all   32.05    0.00   35.38    0.00    0.00   16.67    0.00    0.00    0.00   15.90
00:19:25       0   27.72    0.00   33.66    0.00    0.00   23.76    0.00    0.00    0.00   14.85
00:19:25       1   32.63    0.00   34.74    0.00    0.00   17.89    0.00    0.00    0.00   14.74
00:19:25       2   30.61    0.00   38.78    0.00    0.00   13.27    0.00    0.00    0.00   17.35
00:19:25       3   37.50    0.00   34.38    0.00    0.00   11.46    0.00    0.00    0.00   16.67

00:19:25     CPU    %usr   %nice    %sys %iowait    %irq   %soft  %steal  %guest  %gnice   %idle
00:19:26     all   35.91    0.00   35.16    0.00    0.00   13.47    0.00    0.00    0.00   15.46
00:19:26       0   37.62    0.00   32.67    0.00    0.00   17.82    0.00    0.00    0.00   11.88
00:19:26       1   38.38    0.00   39.39    0.00    0.00    8.08    0.00    0.00    0.00   14.14
00:19:26       2   36.36    0.00   35.35    0.00    0.00   13.13    0.00    0.00    0.00   15.15
00:19:26       3   31.37    0.00   33.33    0.00    0.00   14.71    0.00    0.00    0.00   20.59

00:19:26     CPU    %usr   %nice    %sys %iowait    %irq   %soft  %steal  %guest  %gnice   %idle
00:19:27     all   34.11    0.00   35.66    0.00    0.00   13.44    0.00    0.00    0.00   16.80
00:19:27       0   33.66    0.00   33.66    0.00    0.00   17.82    0.00    0.00    0.00   14.85
00:19:27       1   31.96    0.00   39.18    0.00    0.00   11.34    0.00    0.00    0.00   17.53
00:19:27       2   34.78    0.00   34.78    0.00    0.00   10.87    0.00    0.00    0.00   19.57
00:19:27       3   36.08    0.00   35.05    0.00    0.00   13.40    0.00    0.00    0.00   15.46

00:19:27     CPU    %usr   %nice    %sys %iowait    %irq   %soft  %steal  %guest  %gnice   %idle
00:19:28     all   30.73    0.00   38.79    0.00    0.00   14.86    0.00    0.00    0.00   15.62
00:19:28       0   29.41    0.00   36.27    0.00    0.00   21.57    0.00    0.00    0.00   12.75
00:19:28       1   33.01    0.00   39.81    0.00    0.00   14.56    0.00    0.00    0.00   12.62
00:19:28       2   34.38    0.00   37.50    0.00    0.00   10.42    0.00    0.00    0.00   17.71
00:19:28       3   26.04    0.00   41.67    0.00    0.00   12.50    0.00    0.00    0.00   19.79

00:19:28     CPU    %usr   %nice    %sys %iowait    %irq   %soft  %steal  %guest  %gnice   %idle
00:19:29     all   30.28    0.00   36.39    0.00    0.00   15.78    0.00    0.00    0.00   17.56
00:19:29       0   30.39    0.00   33.33    0.00    0.00   22.55    0.00    0.00    0.00   13.73
00:19:29       1   39.18    0.00   29.90    0.00    0.00   17.53    0.00    0.00    0.00   13.40
00:19:29       2   25.51    0.00   42.86    0.00    0.00   12.24    0.00    0.00    0.00   19.39
00:19:29       3   26.04    0.00   39.58    0.00    0.00   10.42    0.00    0.00    0.00   23.96

00:19:29     CPU    %usr   %nice    %sys %iowait    %irq   %soft  %steal  %guest  %gnice   %idle
00:19:30     all   31.16    0.00   37.44    0.00    0.00   15.33    0.00    0.00    0.00   16.08
00:19:30       0   28.43    0.00   37.25    0.00    0.00   19.61    0.00    0.00    0.00   14.71
00:19:30       1   33.33    0.00   35.29    0.00    0.00   13.73    0.00    0.00    0.00   17.65
00:19:30       2   30.93    0.00   39.18    0.00    0.00   15.46    0.00    0.00    0.00   14.43
00:19:30       3   31.96    0.00   38.14    0.00    0.00   12.37    0.00    0.00    0.00   17.53

00:19:30     CPU    %usr   %nice    %sys %iowait    %irq   %soft  %steal  %guest  %gnice   %idle
00:19:31     all   30.73    0.00   38.54    0.00    0.00   15.62    0.00    0.00    0.00   15.11
00:19:31       0   33.33    0.00   31.37    0.00    0.00   18.63    0.00    0.00    0.00   16.67
00:19:31       1   24.75    0.00   44.55    0.00    0.00   12.87    0.00    0.00    0.00   17.82
00:19:31       2   36.46    0.00   36.46    0.00    0.00   16.67    0.00    0.00    0.00   10.42
00:19:31       3   28.57    0.00   41.84    0.00    0.00   14.29    0.00    0.00    0.00   15.31

00:19:31     CPU    %usr   %nice    %sys %iowait    %irq   %soft  %steal  %guest  %gnice   %idle
00:19:32     all   30.71    0.00   40.29    0.00    0.00   14.74    0.00    0.00    0.00   14.25
00:19:32       0   34.65    0.00   26.73    0.00    0.00   26.73    0.00    0.00    0.00   11.88
00:19:32       1   34.31    0.00   40.20    0.00    0.00   13.73    0.00    0.00    0.00   11.76
00:19:32       2   30.69    0.00   43.56    0.00    0.00   10.89    0.00    0.00    0.00   14.85
00:19:32       3   23.30    0.00   50.49    0.00    0.00    7.77    0.00    0.00    0.00   18.45

00:19:32     CPU    %usr   %nice    %sys %iowait    %irq   %soft  %steal  %guest  %gnice   %idle
00:19:33     all   32.07    0.00   37.88    0.00    0.00   15.66    0.00    0.00    0.00   14.39
00:19:33       0   32.35    0.00   29.41    0.00    0.00   23.53    0.00    0.00    0.00   14.71
00:19:33       1   30.61    0.00   40.82    0.00    0.00   14.29    0.00    0.00    0.00   14.29
00:19:33       2   35.05    0.00   40.21    0.00    0.00   12.37    0.00    0.00    0.00   12.37
00:19:33       3   30.30    0.00   41.41    0.00    0.00   12.12    0.00    0.00    0.00   16.16

00:19:33     CPU    %usr   %nice    %sys %iowait    %irq   %soft  %steal  %guest  %gnice   %idle
00:19:34     all   32.84    0.00   35.32    0.00    0.00   15.17    0.00    0.00    0.00   16.67
00:19:34       0   31.07    0.00   28.16    0.00    0.00   24.27    0.00    0.00    0.00   16.50
00:19:34       1   27.84    0.00   39.18    0.00    0.00   11.34    0.00    0.00    0.00   21.65
00:19:34       2   40.00    0.00   35.00    0.00    0.00   13.00    0.00    0.00    0.00   12.00
00:19:34       3   32.35    0.00   39.22    0.00    0.00   11.76    0.00    0.00    0.00   16.67

00:19:34     CPU    %usr   %nice    %sys %iowait    %irq   %soft  %steal  %guest  %gnice   %idle
00:19:35     all   31.50    0.00   37.75    0.00    0.00   15.00    0.00    0.00    0.00   15.75
00:19:35       0   31.37    0.00   33.33    0.00    0.00   20.59    0.00    0.00    0.00   14.71
00:19:35       1   35.00    0.00   35.00    0.00    0.00   14.00    0.00    0.00    0.00   16.00
00:19:35       2   30.30    0.00   42.42    0.00    0.00   13.13    0.00    0.00    0.00   14.14
00:19:35       3   29.29    0.00   40.40    0.00    0.00   12.12    0.00    0.00    0.00   18.18

00:19:35     CPU    %usr   %nice    %sys %iowait    %irq   %soft  %steal  %guest  %gnice   %idle
00:19:36     all   31.99    0.00   38.79    0.00    0.00   14.61    0.00    0.00    0.00   14.61
00:19:36       0   25.74    0.00   41.58    0.00    0.00   17.82    0.00    0.00    0.00   14.85
00:19:36       1   33.67    0.00   35.71    0.00    0.00   13.27    0.00    0.00    0.00   17.35
00:19:36       2   34.69    0.00   38.78    0.00    0.00   13.27    0.00    0.00    0.00   13.27
00:19:36       3   34.00    0.00   39.00    0.00    0.00   14.00    0.00    0.00    0.00   13.00

00:19:36     CPU    %usr   %nice    %sys %iowait    %irq   %soft  %steal  %guest  %gnice   %idle
00:19:37     all   32.59    0.00   39.30    0.00    0.00   13.93    0.00    0.00    0.00   14.18
00:19:37       0   26.67    0.00   38.10    0.00    0.00   17.14    0.00    0.00    0.00   18.10
00:19:37       1   28.57    0.00   42.86    0.00    0.00   11.22    0.00    0.00    0.00   17.35
00:19:37       2   38.54    0.00   37.50    0.00    0.00   14.58    0.00    0.00    0.00    9.38
00:19:37       3   36.89    0.00   38.83    0.00    0.00   12.62    0.00    0.00    0.00   11.65

00:19:37     CPU    %usr   %nice    %sys %iowait    %irq   %soft  %steal  %guest  %gnice   %idle
00:19:38     all   32.99    0.00   38.11    0.00    0.00   14.07    0.00    0.00    0.00   14.83
00:19:38       0   23.96    0.00   36.46    0.00    0.00   19.79    0.00    0.00    0.00   19.79
00:19:38       1   29.29    0.00   44.44    0.00    0.00    9.09    0.00    0.00    0.00   17.17
00:19:38       2   43.56    0.00   33.66    0.00    0.00   12.87    0.00    0.00    0.00    9.90
00:19:38       3   34.74    0.00   37.89    0.00    0.00   14.74    0.00    0.00    0.00   12.63

00:19:38     CPU    %usr   %nice    %sys %iowait    %irq   %soft  %steal  %guest  %gnice   %idle
00:19:39     all   33.50    0.00   37.25    0.00    0.00   13.25    0.00    0.00    0.00   16.00
00:19:39       0   37.00    0.00   32.00    0.00    0.00   18.00    0.00    0.00    0.00   13.00
00:19:39       1   38.00    0.00   34.00    0.00    0.00   18.00    0.00    0.00    0.00   10.00
00:19:39       2   31.31    0.00   42.42    0.00    0.00    8.08    0.00    0.00    0.00   18.18
00:19:39       3   27.72    0.00   40.59    0.00    0.00    8.91    0.00    0.00    0.00   22.77

00:19:39     CPU    %usr   %nice    %sys %iowait    %irq   %soft  %steal  %guest  %gnice   %idle
00:19:40     all   32.16    0.00   37.69    0.00    0.00   13.82    0.00    0.00    0.00   16.33
00:19:40       0   36.00    0.00   33.00    0.00    0.00   21.00    0.00    0.00    0.00   10.00
00:19:40       1   31.07    0.00   37.86    0.00    0.00   13.59    0.00    0.00    0.00   17.48
00:19:40       2   36.08    0.00   37.11    0.00    0.00   10.31    0.00    0.00    0.00   16.49
00:19:40       3   25.51    0.00   42.86    0.00    0.00   10.20    0.00    0.00    0.00   21.43

00:19:40     CPU    %usr   %nice    %sys %iowait    %irq   %soft  %steal  %guest  %gnice   %idle
00:19:41     all   29.05    0.00   40.62    0.00    0.00   14.40    0.00    0.00    0.00   15.94
00:19:41       0   26.53    0.00   35.71    0.00    0.00   20.41    0.00    0.00    0.00   17.35
00:19:41       1   33.33    0.00   37.50    0.00    0.00   13.54    0.00    0.00    0.00   15.62
00:19:41       2   26.80    0.00   43.30    0.00    0.00   12.37    0.00    0.00    0.00   17.53
00:19:41       3   29.59    0.00   45.92    0.00    0.00   11.22    0.00    0.00    0.00   13.27

00:19:41     CPU    %usr   %nice    %sys %iowait    %irq   %soft  %steal  %guest  %gnice   %idle
00:19:42     all   29.62    0.00   39.49    0.00    0.00   15.70    0.00    0.00    0.00   15.19
00:19:42       0   30.10    0.00   37.86    0.00    0.00   20.39    0.00    0.00    0.00   11.65
00:19:42       1   27.55    0.00   40.82    0.00    0.00   15.31    0.00    0.00    0.00   16.33
00:19:42       2   34.38    0.00   36.46    0.00    0.00   13.54    0.00    0.00    0.00   15.62
00:19:42       3   26.53    0.00   42.86    0.00    0.00   13.27    0.00    0.00    0.00   17.35

00:19:42     CPU    %usr   %nice    %sys %iowait    %irq   %soft  %steal  %guest  %gnice   %idle
00:19:43     all   30.52    0.00   39.70    0.00    0.00   15.63    0.00    0.00    0.00   14.14
00:19:43       0   26.67    0.00   38.10    0.00    0.00   21.90    0.00    0.00    0.00   13.33
00:19:43       1   36.00    0.00   37.00    0.00    0.00   12.00    0.00    0.00    0.00   15.00
00:19:43       2   26.26    0.00   45.45    0.00    0.00   14.14    0.00    0.00    0.00   14.14
00:19:43       3   33.33    0.00   38.38    0.00    0.00   14.14    0.00    0.00    0.00   14.14

00:19:43     CPU    %usr   %nice    %sys %iowait    %irq   %soft  %steal  %guest  %gnice   %idle
00:19:44     all   29.95    0.00   39.59    0.00    0.00   15.48    0.00    0.00    0.00   14.97
00:19:44       0   27.00    0.00   38.00    0.00    0.00   17.00    0.00    0.00    0.00   18.00
00:19:44       1   32.65    0.00   36.73    0.00    0.00   17.35    0.00    0.00    0.00   13.27
00:19:44       2   32.67    0.00   42.57    0.00    0.00   14.85    0.00    0.00    0.00    9.90
00:19:44       3   27.37    0.00   41.05    0.00    0.00   12.63    0.00    0.00    0.00   18.95

00:19:44     CPU    %usr   %nice    %sys %iowait    %irq   %soft  %steal  %guest  %gnice   %idle
00:19:45     all   30.79    0.00   38.42    0.00    0.00   15.52    0.00    0.00    0.00   15.27
00:19:45       0   32.32    0.00   35.35    0.00    0.00   19.19    0.00    0.00    0.00   13.13
00:19:45       1   32.65    0.00   36.73    0.00    0.00   15.31    0.00    0.00    0.00   15.31
00:19:45       2   29.29    0.00   42.42    0.00    0.00   13.13    0.00    0.00    0.00   15.15
00:19:45       3   28.87    0.00   39.18    0.00    0.00   14.43    0.00    0.00    0.00   17.53

00:19:45     CPU    %usr   %nice    %sys %iowait    %irq   %soft  %steal  %guest  %gnice   %idle
00:19:46     all   31.46    0.00   37.60    0.00    0.00   16.37    0.00    0.00    0.00   14.58
00:19:46       0   34.65    0.00   31.68    0.00    0.00   21.78    0.00    0.00    0.00   11.88
00:19:46       1   27.08    0.00   35.42    0.00    0.00   20.83    0.00    0.00    0.00   16.67
00:19:46       2   30.93    0.00   42.27    0.00    0.00   11.34    0.00    0.00    0.00   15.46
00:19:46       3   32.99    0.00   41.24    0.00    0.00   11.34    0.00    0.00    0.00   14.43

00:19:46     CPU    %usr   %nice    %sys %iowait    %irq   %soft  %steal  %guest  %gnice   %idle
00:19:47     all   31.46    0.00   37.60    0.00    0.00   16.11    0.00    0.00    0.00   14.83
00:19:47       0   26.80    0.00   40.21    0.00    0.00   16.49    0.00    0.00    0.00   16.49
00:19:47       1   31.31    0.00   37.37    0.00    0.00   15.15    0.00    0.00    0.00   16.16
00:19:47       2   33.33    0.00   35.42    0.00    0.00   17.71    0.00    0.00    0.00   13.54
00:19:47       3   34.34    0.00   37.37    0.00    0.00   15.15    0.00    0.00    0.00   13.13

00:19:47     CPU    %usr   %nice    %sys %iowait    %irq   %soft  %steal  %guest  %gnice   %idle
00:19:48     all   33.50    0.00   37.22    0.00    0.00   14.64    0.00    0.00    0.00   14.64
00:19:48       0   22.55    0.00   41.18    0.00    0.00   17.65    0.00    0.00    0.00   18.63
00:19:48       1   30.00    0.00   44.00    0.00    0.00    9.00    0.00    0.00    0.00   17.00
00:19:48       2   41.58    0.00   31.68    0.00    0.00   15.84    0.00    0.00    0.00   10.89
00:19:48       3   40.00    0.00   32.00    0.00    0.00   16.00    0.00    0.00    0.00   12.00

00:19:48     CPU    %usr   %nice    %sys %iowait    %irq   %soft  %steal  %guest  %gnice   %idle
00:19:49     all   31.88    0.00   39.33    0.00    0.00   14.65    0.00    0.00    0.00   14.14
00:19:49       0   26.92    0.00   38.46    0.00    0.00   19.23    0.00    0.00    0.00   15.38
00:19:49       1   33.68    0.00   38.95    0.00    0.00   11.58    0.00    0.00    0.00   15.79
00:19:49       2   31.31    0.00   41.41    0.00    0.00   14.14    0.00    0.00    0.00   13.13
00:19:49       3   36.26    0.00   38.46    0.00    0.00   13.19    0.00    0.00    0.00   12.09

00:19:49     CPU    %usr   %nice    %sys %iowait    %irq   %soft  %steal  %guest  %gnice   %idle
00:19:50     all   33.42    0.00   36.76    0.00    0.00   14.40    0.00    0.00    0.00   15.42
00:19:50       0   34.65    0.00   30.69    0.00    0.00   19.80    0.00    0.00    0.00   14.85
00:19:50       1   35.71    0.00   37.76    0.00    0.00   12.24    0.00    0.00    0.00   14.29
00:19:50       2   29.03    0.00   44.09    0.00    0.00    9.68    0.00    0.00    0.00   17.20
00:19:50       3   34.02    0.00   35.05    0.00    0.00   15.46    0.00    0.00    0.00   15.46

00:19:50     CPU    %usr   %nice    %sys %iowait    %irq   %soft  %steal  %guest  %gnice   %idle
00:19:51     all   33.60    0.00   34.91    0.00    0.00   13.91    0.00    0.00    0.00   17.59
00:19:51       0   34.00    0.00   32.00    0.00    0.00   19.00    0.00    0.00    0.00   15.00
00:19:51       1   34.83    0.00   34.83    0.00    0.00   13.48    0.00    0.00    0.00   16.85
00:19:51       2   31.58    0.00   36.84    0.00    0.00   12.63    0.00    0.00    0.00   18.95
00:19:51       3   34.02    0.00   36.08    0.00    0.00   10.31    0.00    0.00    0.00   19.59

00:19:51     CPU    %usr   %nice    %sys %iowait    %irq   %soft  %steal  %guest  %gnice   %idle
00:19:52     all   37.53    0.00   29.40    0.00    0.00   16.54    0.00    0.00    0.00   16.54
00:19:52       0   31.52    0.00   28.26    0.00    0.00   23.91    0.00    0.00    0.00   16.30
00:19:52       1   40.40    0.00   28.28    0.00    0.00   14.14    0.00    0.00    0.00   17.17
00:19:52       2   40.22    0.00   28.26    0.00    0.00   15.22    0.00    0.00    0.00   16.30
00:19:52       3   37.76    0.00   32.65    0.00    0.00   13.27    0.00    0.00    0.00   16.33

00:19:52     CPU    %usr   %nice    %sys %iowait    %irq   %soft  %steal  %guest  %gnice   %idle
00:19:53     all   31.63    0.00   37.24    0.00    0.00   15.31    0.00    0.00    0.00   15.82
00:19:53       0   32.35    0.00   32.35    0.00    0.00   20.59    0.00    0.00    0.00   14.71
00:19:53       1   31.58    0.00   41.05    0.00    0.00   13.68    0.00    0.00    0.00   13.68
00:19:53       2   35.00    0.00   39.00    0.00    0.00   11.00    0.00    0.00    0.00   15.00
00:19:53       3   27.37    0.00   36.84    0.00    0.00   15.79    0.00    0.00    0.00   20.00

00:19:53     CPU    %usr   %nice    %sys %iowait    %irq   %soft  %steal  %guest  %gnice   %idle
00:19:55     all   36.22    0.00   37.76    0.26    0.00   15.05    0.00    0.00    0.00   10.71
00:19:55       0   37.00    0.00   33.00    0.00    0.00   19.00    0.00    0.00    0.00   11.00
00:19:55       1   40.40    0.00   49.49    1.01    0.00    4.04    0.00    0.00    0.00    5.05
00:19:55       2   34.41    0.00   32.26    0.00    0.00   19.35    0.00    0.00    0.00   13.98
00:19:55       3   33.00    0.00   36.00    0.00    0.00   18.00    0.00    0.00    0.00   13.00

00:19:55     CPU    %usr   %nice    %sys %iowait    %irq   %soft  %steal  %guest  %gnice   %idle
00:19:56     all   28.93    0.00   38.40    0.00    0.00   18.45    0.00    0.00    0.00   14.21
00:19:56       0   16.04    0.00   33.96    0.00    0.00   29.25    0.00    0.00    0.00   20.75
00:19:56       1   32.99    0.00   40.21    0.00    0.00   13.40    0.00    0.00    0.00   13.40
00:19:56       2   38.78    0.00   34.69    0.00    0.00   17.35    0.00    0.00    0.00    9.18
00:19:56       3   29.00    0.00   45.00    0.00    0.00   13.00    0.00    0.00    0.00   13.00

00:19:56     CPU    %usr   %nice    %sys %iowait    %irq   %soft  %steal  %guest  %gnice   %idle
00:19:57     all   30.65    0.00   37.69    0.00    0.00   16.33    0.00    0.00    0.00   15.33
00:19:57       0   14.41    0.00   33.33    0.00    0.00   30.63    0.00    0.00    0.00   21.62
00:19:57       1   29.17    0.00   41.67    0.00    0.00    8.33    0.00    0.00    0.00   20.83
00:19:57       2   35.48    0.00   43.01    0.00    0.00   10.75    0.00    0.00    0.00   10.75
00:19:57       3   45.92    0.00   33.67    0.00    0.00   13.27    0.00    0.00    0.00    7.14

00:19:57     CPU    %usr   %nice    %sys %iowait    %irq   %soft  %steal  %guest  %gnice   %idle
00:19:58     all   25.81    0.00   41.44    0.00    0.00   17.62    0.00    0.00    0.00   15.14
00:19:58       0   15.74    0.00   28.70    0.00    0.00   33.33    0.00    0.00    0.00   22.22
00:19:58       1   31.63    0.00   42.86    0.00    0.00   14.29    0.00    0.00    0.00   11.22
00:19:58       2   28.57    0.00   45.92    0.00    0.00   10.20    0.00    0.00    0.00   15.31
00:19:58       3   28.28    0.00   49.49    0.00    0.00   11.11    0.00    0.00    0.00   11.11

00:19:58     CPU    %usr   %nice    %sys %iowait    %irq   %soft  %steal  %guest  %gnice   %idle
00:19:59     all   27.09    0.00   39.49    0.00    0.00   17.47    0.00    0.00    0.00   15.95
00:19:59       0   21.50    0.00   30.84    0.00    0.00   30.84    0.00    0.00    0.00   16.82
00:19:59       1   35.71    0.00   43.88    0.00    0.00   11.22    0.00    0.00    0.00    9.18
00:19:59       2   27.55    0.00   42.86    0.00    0.00   13.27    0.00    0.00    0.00   16.33
00:19:59       3   23.91    0.00   41.30    0.00    0.00   13.04    0.00    0.00    0.00   21.74

00:19:59     CPU    %usr   %nice    %sys %iowait    %irq   %soft  %steal  %guest  %gnice   %idle
00:20:00     all   29.07    0.00   38.10    0.00    0.00   17.04    0.00    0.00    0.00   15.79
00:20:00       0   19.23    0.00   31.73    0.00    0.00   29.81    0.00    0.00    0.00   19.23
00:20:00       1   31.58    0.00   44.21    0.00    0.00   15.79    0.00    0.00    0.00    8.42
00:20:00       2   35.35    0.00   37.37    0.00    0.00   13.13    0.00    0.00    0.00   14.14
00:20:00       3   30.69    0.00   39.60    0.00    0.00    8.91    0.00    0.00    0.00   20.79

00:20:00     CPU    %usr   %nice    %sys %iowait    %irq   %soft  %steal  %guest  %gnice   %idle
00:20:01     all   30.67    0.00   38.65    0.00    0.00   15.96    0.00    0.00    0.00   14.71
00:20:01       0   28.43    0.00   34.31    0.00    0.00   26.47    0.00    0.00    0.00   10.78
00:20:01       1   36.73    0.00   38.78    0.00    0.00   16.33    0.00    0.00    0.00    8.16
00:20:01       2   29.70    0.00   39.60    0.00    0.00   15.84    0.00    0.00    0.00   14.85
00:20:01       3   28.00    0.00   42.00    0.00    0.00    5.00    0.00    0.00    0.00   25.00

00:20:01     CPU    %usr   %nice    %sys %iowait    %irq   %soft  %steal  %guest  %gnice   %idle
00:20:02     all   28.72    0.00   40.05    0.00    0.00   15.37    0.00    0.00    0.00   15.87
00:20:02       0   26.17    0.00   30.84    0.00    0.00   29.91    0.00    0.00    0.00   13.08
00:20:02       1   36.36    0.00   40.40    0.00    0.00   10.10    0.00    0.00    0.00   13.13
00:20:02       2   28.42    0.00   44.21    0.00    0.00   14.74    0.00    0.00    0.00   12.63
00:20:02       3   23.96    0.00   45.83    0.00    0.00    5.21    0.00    0.00    0.00   25.00

00:20:02     CPU    %usr   %nice    %sys %iowait    %irq   %soft  %steal  %guest  %gnice   %idle
00:20:03     all   26.00    0.00   43.75    0.00    0.00   16.50    0.00    0.00    0.00   13.75
00:20:03       0   19.61    0.00   38.24    0.00    0.00   27.45    0.00    0.00    0.00   14.71
00:20:03       1   27.37    0.00   44.21    0.00    0.00   13.68    0.00    0.00    0.00   14.74
00:20:03       2   25.00    0.00   47.00    0.00    0.00   14.00    0.00    0.00    0.00   14.00
00:20:03       3   32.04    0.00   45.63    0.00    0.00   10.68    0.00    0.00    0.00   11.65

00:20:03     CPU    %usr   %nice    %sys %iowait    %irq   %soft  %steal  %guest  %gnice   %idle
00:20:04     all   26.87    0.00   42.29    0.00    0.00   17.16    0.00    0.00    0.00   13.68
00:20:04       0   16.67    0.00   31.48    0.00    0.00   31.48    0.00    0.00    0.00   20.37
00:20:04       1   35.42    0.00   41.67    0.00    0.00   11.46    0.00    0.00    0.00   11.46
00:20:04       2   27.27    0.00   47.47    0.00    0.00   12.12    0.00    0.00    0.00   13.13
00:20:04       3   29.29    0.00   49.49    0.00    0.00   12.12    0.00    0.00    0.00    9.09

00:20:04     CPU    %usr   %nice    %sys %iowait    %irq   %soft  %steal  %guest  %gnice   %idle
00:20:05     all   29.68    0.00   40.40    0.25    0.00   14.96    0.00    0.00    0.00   14.71
00:20:05       0   22.86    0.00   32.38    0.00    0.00   25.71    0.00    0.00    0.00   19.05
00:20:05       1   26.53    0.00   46.94    1.02    0.00    9.18    0.00    0.00    0.00   16.33
00:20:05       2   35.64    0.00   43.56    0.00    0.00   12.87    0.00    0.00    0.00    7.92
00:20:05       3   34.02    0.00   39.18    0.00    0.00   11.34    0.00    0.00    0.00   15.46

00:20:05     CPU    %usr   %nice    %sys %iowait    %irq   %soft  %steal  %guest  %gnice   %idle
00:20:06     all   27.14    0.00   44.72    0.00    0.00   15.33    0.00    0.00    0.00   12.81
00:20:06       0   19.05    0.00   43.81    0.00    0.00   24.76    0.00    0.00    0.00   12.38
00:20:06       1   35.05    0.00   42.27    0.00    0.00   16.49    0.00    0.00    0.00    6.19
00:20:06       2   29.41    0.00   45.10    0.00    0.00   12.75    0.00    0.00    0.00   12.75
00:20:06       3   25.53    0.00   47.87    0.00    0.00    6.38    0.00    0.00    0.00   20.21

00:20:06     CPU    %usr   %nice    %sys %iowait    %irq   %soft  %steal  %guest  %gnice   %idle
00:20:07     all   29.01    0.00   40.20    0.00    0.00   16.03    0.00    0.00    0.00   14.76
00:20:07       0   24.51    0.00   35.29    0.00    0.00   26.47    0.00    0.00    0.00   13.73
00:20:07       1   33.33    0.00   41.41    0.00    0.00   11.11    0.00    0.00    0.00   14.14
00:20:07       2   32.99    0.00   41.24    0.00    0.00   14.43    0.00    0.00    0.00   11.34
00:20:07       3   25.26    0.00   43.16    0.00    0.00   11.58    0.00    0.00    0.00   20.00

00:20:07     CPU    %usr   %nice    %sys %iowait    %irq   %soft  %steal  %guest  %gnice   %idle
00:20:08     all   28.83    0.00   39.29    0.00    0.00   17.09    0.00    0.00    0.00   14.80
00:20:08       0   21.00    0.00   36.00    0.00    0.00   29.00    0.00    0.00    0.00   14.00
00:20:08       1   36.27    0.00   39.22    0.00    0.00   14.71    0.00    0.00    0.00    9.80
00:20:08       2   29.90    0.00   41.24    0.00    0.00   15.46    0.00    0.00    0.00   13.40
00:20:08       3   27.96    0.00   40.86    0.00    0.00    8.60    0.00    0.00    0.00   22.58

00:20:08     CPU    %usr   %nice    %sys %iowait    %irq   %soft  %steal  %guest  %gnice   %idle
00:20:09     all   30.87    0.00   38.52    0.00    0.00   16.58    0.00    0.00    0.00   14.03
00:20:09       0   21.36    0.00   34.95    0.00    0.00   28.16    0.00    0.00    0.00   15.53
00:20:09       1   28.72    0.00   46.81    0.00    0.00   11.70    0.00    0.00    0.00   12.77
00:20:09       2   41.24    0.00   35.05    0.00    0.00   12.37    0.00    0.00    0.00   11.34
00:20:09       3   32.65    0.00   37.76    0.00    0.00   13.27    0.00    0.00    0.00   16.33

00:20:09     CPU    %usr   %nice    %sys %iowait    %irq   %soft  %steal  %guest  %gnice   %idle
00:20:10     all   30.92    0.00   40.40    0.00    0.00   14.71    0.00    0.00    0.00   13.97
00:20:10       0   25.74    0.00   29.70    0.00    0.00   27.72    0.00    0.00    0.00   16.83
00:20:10       1   36.00    0.00   42.00    0.00    0.00   13.00    0.00    0.00    0.00    9.00
00:20:10       2   29.13    0.00   47.57    0.00    0.00    9.71    0.00    0.00    0.00   13.59
00:20:10       3   32.99    0.00   42.27    0.00    0.00    8.25    0.00    0.00    0.00   16.49

00:20:10     CPU    %usr   %nice    %sys %iowait    %irq   %soft  %steal  %guest  %gnice   %idle
00:20:11     all   30.40    0.00   38.44    0.00    0.00   16.83    0.00    0.00    0.00   14.32
00:20:11       0   20.37    0.00   34.26    0.00    0.00   29.63    0.00    0.00    0.00   15.74
00:20:11       1   30.21    0.00   41.67    0.00    0.00   12.50    0.00    0.00    0.00   15.62
00:20:11       2   34.02    0.00   40.21    0.00    0.00   13.40    0.00    0.00    0.00   12.37
00:20:11       3   38.14    0.00   38.14    0.00    0.00   10.31    0.00    0.00    0.00   13.40

00:20:11     CPU    %usr   %nice    %sys %iowait    %irq   %soft  %steal  %guest  %gnice   %idle
00:20:12     all   27.36    0.00   41.04    0.00    0.00   16.17    0.00    0.00    0.00   15.42
00:20:12       0   22.22    0.00   30.56    0.00    0.00   28.70    0.00    0.00    0.00   18.52
00:20:12       1   29.29    0.00   46.46    0.00    0.00   11.11    0.00    0.00    0.00   13.13
00:20:12       2   30.30    0.00   42.42    0.00    0.00   13.13    0.00    0.00    0.00   14.14
00:20:12       3   28.12    0.00   45.83    0.00    0.00   10.42    0.00    0.00    0.00   15.62

00:20:12     CPU    %usr   %nice    %sys %iowait    %irq   %soft  %steal  %guest  %gnice   %idle
00:20:13     all   28.82    0.00   41.63    0.00    0.00   15.76    0.00    0.00    0.00   13.79
00:20:13       0   23.15    0.00   35.19    0.00    0.00   25.93    0.00    0.00    0.00   15.74
00:20:13       1   37.25    0.00   36.27    0.00    0.00   12.75    0.00    0.00    0.00   13.73
00:20:13       2   30.00    0.00   47.00    0.00    0.00   10.00    0.00    0.00    0.00   13.00
00:20:13       3   25.00    0.00   48.96    0.00    0.00   13.54    0.00    0.00    0.00   12.50

00:20:13     CPU    %usr   %nice    %sys %iowait    %irq   %soft  %steal  %guest  %gnice   %idle
00:20:14     all   31.31    0.00   38.64    0.00    0.00   15.66    0.00    0.00    0.00   14.39
00:20:14       0   24.27    0.00   29.13    0.00    0.00   33.01    0.00    0.00    0.00   13.59
00:20:14       1   37.37    0.00   39.39    0.00    0.00    9.09    0.00    0.00    0.00   14.14
00:20:14       2   32.99    0.00   43.30    0.00    0.00   11.34    0.00    0.00    0.00   12.37
00:20:14       3   30.93    0.00   43.30    0.00    0.00    8.25    0.00    0.00    0.00   17.53

00:20:14     CPU    %usr   %nice    %sys %iowait    %irq   %soft  %steal  %guest  %gnice   %idle
00:20:15     all   27.64    0.00   43.72    0.00    0.00   15.33    0.00    0.00    0.00   13.32
00:20:15       0   25.96    0.00   37.50    0.00    0.00   22.12    0.00    0.00    0.00   14.42
00:20:15       1   26.00    0.00   52.00    0.00    0.00   11.00    0.00    0.00    0.00   11.00
00:20:15       2   28.87    0.00   42.27    0.00    0.00   13.40    0.00    0.00    0.00   15.46
00:20:15       3   29.90    0.00   43.30    0.00    0.00   14.43    0.00    0.00    0.00   12.37

00:20:15     CPU    %usr   %nice    %sys %iowait    %irq   %soft  %steal  %guest  %gnice   %idle
00:20:16     all   28.86    0.00   40.00    0.00    0.00   16.46    0.00    0.00    0.00   14.68
00:20:16       0   30.39    0.00   31.37    0.00    0.00   24.51    0.00    0.00    0.00   13.73
00:20:16       1   37.76    0.00   37.76    0.00    0.00   16.33    0.00    0.00    0.00    8.16
00:20:16       2   24.24    0.00   48.48    0.00    0.00   13.13    0.00    0.00    0.00   14.14
00:20:16       3   22.92    0.00   42.71    0.00    0.00   11.46    0.00    0.00    0.00   22.92

00:20:16     CPU    %usr   %nice    %sys %iowait    %irq   %soft  %steal  %guest  %gnice   %idle
00:20:17     all   28.61    0.00   43.53    0.00    0.00   14.18    0.00    0.00    0.00   13.68
00:20:17       0   22.86    0.00   37.14    0.00    0.00   26.67    0.00    0.00    0.00   13.33
00:20:17       1   38.78    0.00   39.80    0.00    0.00   15.31    0.00    0.00    0.00    6.12
00:20:17       2   29.13    0.00   50.49    0.00    0.00    4.85    0.00    0.00    0.00   15.53
00:20:17       3   23.96    0.00   46.88    0.00    0.00    9.38    0.00    0.00    0.00   19.79

00:20:17     CPU    %usr   %nice    %sys %iowait    %irq   %soft  %steal  %guest  %gnice   %idle
00:20:18     all   29.50    0.00   38.75    0.00    0.00   15.50    0.00    0.00    0.00   16.25
00:20:18       0   19.44    0.00   34.26    0.00    0.00   30.56    0.00    0.00    0.00   15.74
00:20:18       1   35.71    0.00   37.76    0.00    0.00    9.18    0.00    0.00    0.00   17.35
00:20:18       2   32.32    0.00   41.41    0.00    0.00   12.12    0.00    0.00    0.00   14.14
00:20:18       3   31.58    0.00   42.11    0.00    0.00    8.42    0.00    0.00    0.00   17.89

00:20:18     CPU    %usr   %nice    %sys %iowait    %irq   %soft  %steal  %guest  %gnice   %idle
00:20:19     all   14.87    0.00   42.56    0.00    0.00   11.28    0.00    0.00    0.00   31.28
00:20:19       0   13.89    0.00   32.41    0.00    0.00   27.78    0.00    0.00    0.00   25.93
00:20:19       1   13.40    0.00   46.39    0.00    0.00    6.19    0.00    0.00    0.00   34.02
00:20:19       2   18.09    0.00   44.68    0.00    0.00    4.26    0.00    0.00    0.00   32.98
00:20:19       3   14.29    0.00   48.35    0.00    0.00    4.40    0.00    0.00    0.00   32.97

00:20:19     CPU    %usr   %nice    %sys %iowait    %irq   %soft  %steal  %guest  %gnice   %idle
00:20:20     all   12.66    0.00   41.52    0.00    0.00   11.14    0.00    0.00    0.00   34.68
00:20:20       0    9.01    0.00   36.04    0.00    0.00   26.13    0.00    0.00    0.00   28.83
00:20:20       1   12.77    0.00   44.68    0.00    0.00    6.38    0.00    0.00    0.00   36.17
00:20:20       2   13.54    0.00   45.83    0.00    0.00    5.21    0.00    0.00    0.00   35.42
00:20:20       3   15.96    0.00   40.43    0.00    0.00    4.26    0.00    0.00    0.00   39.36

00:20:20     CPU    %usr   %nice    %sys %iowait    %irq   %soft  %steal  %guest  %gnice   %idle
00:20:21     all   10.05    0.00   37.99    0.00    0.00   11.76    0.00    0.00    0.00   40.20
00:20:21       0    8.47    0.00   33.05    0.00    0.00   23.73    0.00    0.00    0.00   34.75
00:20:21       1   10.31    0.00   39.18    0.00    0.00    7.22    0.00    0.00    0.00   43.30
00:20:21       2    9.18    0.00   42.86    0.00    0.00    7.14    0.00    0.00    0.00   40.82
00:20:21       3   12.63    0.00   37.89    0.00    0.00    6.32    0.00    0.00    0.00   43.16

00:20:21     CPU    %usr   %nice    %sys %iowait    %irq   %soft  %steal  %guest  %gnice   %idle
00:20:22     all   15.44    0.00   35.19    0.00    0.00    9.11    0.00    0.00    0.00   40.25
00:20:22       0   12.15    0.00   30.84    0.00    0.00   22.43    0.00    0.00    0.00   34.58
00:20:22       1   17.17    0.00   35.35    0.00    0.00    5.05    0.00    0.00    0.00   42.42
00:20:22       2   18.48    0.00   35.87    0.00    0.00    3.26    0.00    0.00    0.00   42.39
00:20:22       3   14.43    0.00   39.18    0.00    0.00    4.12    0.00    0.00    0.00   42.27

00:20:22     CPU    %usr   %nice    %sys %iowait    %irq   %soft  %steal  %guest  %gnice   %idle
00:20:23     all    1.01    0.00    5.04    0.00    0.00    1.26    0.00    0.00    0.00   92.70
00:20:23       0    0.00    0.00    5.10    0.00    0.00    3.06    0.00    0.00    0.00   91.84
00:20:23       1    3.00    0.00    6.00    0.00    0.00    0.00    0.00    0.00    0.00   91.00
00:20:23       2    0.99    0.00    4.95    0.00    0.00    0.99    0.00    0.00    0.00   93.07
00:20:23       3    0.00    0.00    4.08    0.00    0.00    1.02    0.00    0.00    0.00   94.90

Average:     CPU    %usr   %nice    %sys %iowait    %irq   %soft  %steal  %guest  %gnice   %idle
Average:     all   29.46    0.00   37.40    0.01    0.00   15.04    0.00    0.00    0.00   18.10
Average:       0   25.87    0.00   32.79    0.00    0.00   23.54    0.00    0.00    0.00   17.81
Average:       1   31.57    0.00   38.47    0.03    0.00   12.50    0.00    0.00    0.00   17.42
Average:       2   30.88    0.00   39.44    0.00    0.00   12.30    0.00    0.00    0.00   17.38
Average:       3   29.71    0.00   39.15    0.00    0.00   11.35    0.00    0.00    0.00   19.79
