Linux 5.15.0-171-generic (cloudnet-s05) 	05/19/2026 	_x86_64_	(8 CPU)

12:57:50 PM  CPU    %usr   %nice    %sys %iowait    %irq   %soft  %steal  %guest  %gnice   %idle
12:57:51 PM  all   18.38    0.00   11.47    0.00    0.00    4.69    0.00    0.00    0.00   65.45
12:57:51 PM    0   19.79    0.00   12.50    0.00    0.00    4.17    0.00    0.00    0.00   63.54
12:57:51 PM    1   16.67    0.00    9.38    0.00    0.00    6.25    0.00    0.00    0.00   67.71
12:57:51 PM    2   17.53    0.00   10.31    0.00    0.00    6.19    0.00    0.00    0.00   65.98
12:57:51 PM    3   14.43    0.00   14.43    0.00    0.00    3.09    0.00    0.00    0.00   68.04
12:57:51 PM    4   17.35    0.00   13.27    0.00    0.00    6.12    0.00    0.00    0.00   63.27
12:57:51 PM    5   17.39    0.00   11.96    0.00    0.00    4.35    0.00    0.00    0.00   66.30
12:57:51 PM    6   22.92    0.00    9.38    0.00    0.00    3.12    0.00    0.00    0.00   64.58
12:57:51 PM    7   21.05    0.00   10.53    0.00    0.00    4.21    0.00    0.00    0.00   64.21

12:57:51 PM  CPU    %usr   %nice    %sys %iowait    %irq   %soft  %steal  %guest  %gnice   %idle
12:57:52 PM  all   20.50    0.00    9.46    0.13    0.00    4.99    0.00    0.00    0.00   64.91
12:57:52 PM    0   20.21    0.00   10.64    0.00    0.00    3.19    0.00    0.00    0.00   65.96
12:57:52 PM    1   20.83    0.00    9.38    0.00    0.00    5.21    0.00    0.00    0.00   64.58
12:57:52 PM    2   16.84    0.00   10.53    0.00    0.00    6.32    0.00    0.00    0.00   66.32
12:57:52 PM    3   21.05    0.00    7.37    1.05    0.00    6.32    0.00    0.00    0.00   64.21
12:57:52 PM    4   17.71    0.00   10.42    0.00    0.00    7.29    0.00    0.00    0.00   64.58
12:57:52 PM    5   21.88    0.00    8.33    0.00    0.00    6.25    0.00    0.00    0.00   63.54
12:57:52 PM    6   22.11    0.00    9.47    0.00    0.00    3.16    0.00    0.00    0.00   65.26
12:57:52 PM    7   23.40    0.00    9.57    0.00    0.00    2.13    0.00    0.00    0.00   64.89

12:57:52 PM  CPU    %usr   %nice    %sys %iowait    %irq   %soft  %steal  %guest  %gnice   %idle
12:57:53 PM  all   21.36    0.00   10.17    0.00    0.00    4.63    0.00    0.00    0.00   63.84
12:57:53 PM    0   23.23    0.00    8.08    0.00    0.00    6.06    0.00    0.00    0.00   62.63
12:57:53 PM    1   18.37    0.00   13.27    0.00    0.00    4.08    0.00    0.00    0.00   64.29
12:57:53 PM    2   22.68    0.00    9.28    0.00    0.00    4.12    0.00    0.00    0.00   63.92
12:57:53 PM    3   23.16    0.00    7.37    0.00    0.00    3.16    0.00    0.00    0.00   66.32
12:57:53 PM    4   14.89    0.00   12.77    0.00    0.00    7.45    0.00    0.00    0.00   64.89
12:57:53 PM    5   24.49    0.00    9.18    0.00    0.00    3.06    0.00    0.00    0.00   63.27
12:57:53 PM    6   23.47    0.00    8.16    0.00    0.00    6.12    0.00    0.00    0.00   62.24
12:57:53 PM    7   20.41    0.00   13.27    0.00    0.00    3.06    0.00    0.00    0.00   63.27

12:57:53 PM  CPU    %usr   %nice    %sys %iowait    %irq   %soft  %steal  %guest  %gnice   %idle
12:57:54 PM  all   20.31    0.00   21.72    0.00    0.00    6.14    0.00    0.00    0.00   51.83
12:57:54 PM    0   19.05    0.00   20.00    0.00    0.00    8.57    0.00    0.00    0.00   52.38
12:57:54 PM    1   17.31    0.00   23.08    0.00    0.00    5.77    0.00    0.00    0.00   53.85
12:57:54 PM    2   20.39    0.00   19.42    0.00    0.00    5.83    0.00    0.00    0.00   54.37
12:57:54 PM    3   22.43    0.00   20.56    0.00    0.00    5.61    0.00    0.00    0.00   51.40
12:57:54 PM    4   18.02    0.00   25.23    0.00    0.00    8.11    0.00    0.00    0.00   48.65
12:57:54 PM    5   21.30    0.00   23.15    0.00    0.00    4.63    0.00    0.00    0.00   50.93
12:57:54 PM    6   24.53    0.00   20.75    0.00    0.00    4.72    0.00    0.00    0.00   50.00
12:57:54 PM    7   19.42    0.00   21.36    0.00    0.00    5.83    0.00    0.00    0.00   53.40

12:57:54 PM  CPU    %usr   %nice    %sys %iowait    %irq   %soft  %steal  %guest  %gnice   %idle
12:57:55 PM  all   23.03    0.00   22.56    0.00    0.00    7.05    0.00    0.00    0.00   47.36
12:57:55 PM    0   26.17    0.00   22.43    0.00    0.00    5.61    0.00    0.00    0.00   45.79
12:57:55 PM    1   22.86    0.00   22.86    0.00    0.00    7.62    0.00    0.00    0.00   46.67
12:57:55 PM    2   27.78    0.00   20.37    0.00    0.00    7.41    0.00    0.00    0.00   44.44
12:57:55 PM    3   24.30    0.00   20.56    0.00    0.00    9.35    0.00    0.00    0.00   45.79
12:57:55 PM    4   19.80    0.00   21.78    0.00    0.00    6.93    0.00    0.00    0.00   51.49
12:57:55 PM    5   19.44    0.00   24.07    0.00    0.00    8.33    0.00    0.00    0.00   48.15
12:57:55 PM    6   22.94    0.00   23.85    0.00    0.00    5.50    0.00    0.00    0.00   47.71
12:57:55 PM    7   20.75    0.00   24.53    0.00    0.00    5.66    0.00    0.00    0.00   49.06

12:57:55 PM  CPU    %usr   %nice    %sys %iowait    %irq   %soft  %steal  %guest  %gnice   %idle
12:57:56 PM  all   21.39    0.00   23.11    0.00    0.00    7.09    0.00    0.00    0.00   48.41
12:57:56 PM    0   22.00    0.00   20.00    0.00    0.00    6.00    0.00    0.00    0.00   52.00
12:57:56 PM    1   18.27    0.00   26.92    0.00    0.00    5.77    0.00    0.00    0.00   49.04
12:57:56 PM    2   17.31    0.00   27.88    0.00    0.00    7.69    0.00    0.00    0.00   47.12
12:57:56 PM    3   20.79    0.00   21.78    0.00    0.00    5.94    0.00    0.00    0.00   51.49
12:57:56 PM    4   22.33    0.00   20.39    0.00    0.00    9.71    0.00    0.00    0.00   47.57
12:57:56 PM    5   24.51    0.00   20.59    0.00    0.00    8.82    0.00    0.00    0.00   46.08
12:57:56 PM    6   24.51    0.00   22.55    0.00    0.00    5.88    0.00    0.00    0.00   47.06
12:57:56 PM    7   21.57    0.00   24.51    0.00    0.00    6.86    0.00    0.00    0.00   47.06

12:57:56 PM  CPU    %usr   %nice    %sys %iowait    %irq   %soft  %steal  %guest  %gnice   %idle
12:57:57 PM  all   21.43    0.00   22.43    0.11    0.00    7.37    0.00    0.00    0.00   48.66
12:57:57 PM    0   22.52    0.00   20.72    0.00    0.00    7.21    0.00    0.00    0.00   49.55
12:57:57 PM    1   14.95    0.00   24.30    0.00    0.00    8.41    0.00    0.00    0.00   52.34
12:57:57 PM    2   24.32    0.00   18.92    0.00    0.00    5.41    0.00    0.00    0.00   51.35
12:57:57 PM    3   18.92    0.00   21.62    0.00    0.00    9.01    0.00    0.00    0.00   50.45
12:57:57 PM    4   20.18    0.00   20.18    0.00    0.00   10.09    0.00    0.00    0.00   49.54
12:57:57 PM    5   23.68    0.00   21.93    0.88    0.00    7.89    0.00    0.00    0.00   45.61
12:57:57 PM    6   24.14    0.00   24.14    0.00    0.00    6.03    0.00    0.00    0.00   45.69
12:57:57 PM    7   22.22    0.00   27.35    0.00    0.00    5.13    0.00    0.00    0.00   45.30

12:57:57 PM  CPU    %usr   %nice    %sys %iowait    %irq   %soft  %steal  %guest  %gnice   %idle
12:57:58 PM  all   24.47    0.00   22.24    0.12    0.00    7.20    0.00    0.00    0.00   45.96
12:57:58 PM    0   26.00    0.00   26.00    0.00    0.00    4.00    0.00    0.00    0.00   44.00
12:57:58 PM    1   27.27    0.00   22.22    0.00    0.00    6.06    0.00    0.00    0.00   44.44
12:57:58 PM    2   25.74    0.00   21.78    0.00    0.00    8.91    0.00    0.00    0.00   43.56
12:57:58 PM    3   27.78    0.00   20.37    0.93    0.00    9.26    0.00    0.00    0.00   41.67
12:57:58 PM    4   22.33    0.00   22.33    0.00    0.00    7.77    0.00    0.00    0.00   47.57
12:57:58 PM    5   22.77    0.00   21.78    0.00    0.00    8.91    0.00    0.00    0.00   46.53
12:57:58 PM    6   20.83    0.00   21.88    0.00    0.00    6.25    0.00    0.00    0.00   51.04
12:57:58 PM    7   22.68    0.00   21.65    0.00    0.00    6.19    0.00    0.00    0.00   49.48

12:57:58 PM  CPU    %usr   %nice    %sys %iowait    %irq   %soft  %steal  %guest  %gnice   %idle
12:57:59 PM  all   25.47    0.00   23.72    0.00    0.00    6.62    0.00    0.00    0.00   44.19
12:57:59 PM    0   23.47    0.00   22.45    0.00    0.00    6.12    0.00    0.00    0.00   47.96
12:57:59 PM    1   25.25    0.00   24.24    0.00    0.00    7.07    0.00    0.00    0.00   43.43
12:57:59 PM    2   26.26    0.00   24.24    0.00    0.00    5.05    0.00    0.00    0.00   44.44
12:57:59 PM    3   24.27    0.00   24.27    0.00    0.00    5.83    0.00    0.00    0.00   45.63
12:57:59 PM    4   27.27    0.00   23.23    0.00    0.00    6.06    0.00    0.00    0.00   43.43
12:57:59 PM    5   26.00    0.00   24.00    0.00    0.00    6.00    0.00    0.00    0.00   44.00
12:57:59 PM    6   23.53    0.00   25.49    0.00    0.00    9.80    0.00    0.00    0.00   41.18
12:57:59 PM    7   27.72    0.00   21.78    0.00    0.00    6.93    0.00    0.00    0.00   43.56

12:57:59 PM  CPU    %usr   %nice    %sys %iowait    %irq   %soft  %steal  %guest  %gnice   %idle
12:58:00 PM  all   23.99    0.00   22.48    0.00    0.00    5.68    0.00    0.00    0.00   47.86
12:58:00 PM    0   25.23    0.00   19.63    0.00    0.00    4.67    0.00    0.00    0.00   50.47
12:58:00 PM    1   23.81    0.00   21.90    0.00    0.00    3.81    0.00    0.00    0.00   50.48
12:58:00 PM    2   22.94    0.00   23.85    0.00    0.00    5.50    0.00    0.00    0.00   47.71
12:58:00 PM    3   22.22    0.00   23.15    0.00    0.00    6.48    0.00    0.00    0.00   48.15
12:58:00 PM    4   22.12    0.00   23.89    0.00    0.00    8.85    0.00    0.00    0.00   45.13
12:58:00 PM    5   21.70    0.00   23.58    0.00    0.00    7.55    0.00    0.00    0.00   47.17
12:58:00 PM    6   26.17    0.00   21.50    0.00    0.00    5.61    0.00    0.00    0.00   46.73
12:58:00 PM    7   27.78    0.00   22.22    0.00    0.00    2.78    0.00    0.00    0.00   47.22

12:58:00 PM  CPU    %usr   %nice    %sys %iowait    %irq   %soft  %steal  %guest  %gnice   %idle
12:58:01 PM  all   22.73    0.00   22.38    0.00    0.00    6.64    0.00    0.00    0.00   48.25
12:58:01 PM    0   23.21    0.00   20.54    0.00    0.00    9.82    0.00    0.00    0.00   46.43
12:58:01 PM    1   25.96    0.00   18.27    0.00    0.00    5.77    0.00    0.00    0.00   50.00
12:58:01 PM    2   22.64    0.00   24.53    0.00    0.00    3.77    0.00    0.00    0.00   49.06
12:58:01 PM    3   23.36    0.00   22.43    0.00    0.00    6.54    0.00    0.00    0.00   47.66
12:58:01 PM    4   22.64    0.00   23.58    0.00    0.00    4.72    0.00    0.00    0.00   49.06
12:58:01 PM    5   23.58    0.00   22.64    0.00    0.00    5.66    0.00    0.00    0.00   48.11
12:58:01 PM    6   20.37    0.00   23.15    0.00    0.00    7.41    0.00    0.00    0.00   49.07
12:58:01 PM    7   20.18    0.00   23.85    0.00    0.00    9.17    0.00    0.00    0.00   46.79

12:58:01 PM  CPU    %usr   %nice    %sys %iowait    %irq   %soft  %steal  %guest  %gnice   %idle
12:58:02 PM  all   22.70    0.00   22.10    0.12    0.00    6.57    0.00    0.00    0.00   48.51
12:58:02 PM    0   20.79    0.00   23.76    0.99    0.00    3.96    0.00    0.00    0.00   50.50
12:58:02 PM    1   25.49    0.00   21.57    0.00    0.00    3.92    0.00    0.00    0.00   49.02
12:58:02 PM    2   23.08    0.00   21.15    0.00    0.00    7.69    0.00    0.00    0.00   48.08
12:58:02 PM    3   22.43    0.00   21.50    0.00    0.00    7.48    0.00    0.00    0.00   48.60
12:58:02 PM    4   21.90    0.00   24.76    0.00    0.00    4.76    0.00    0.00    0.00   48.57
12:58:02 PM    5   22.64    0.00   20.75    0.00    0.00    8.49    0.00    0.00    0.00   48.11
12:58:02 PM    6   21.30    0.00   24.07    0.00    0.00    8.33    0.00    0.00    0.00   46.30
12:58:02 PM    7   24.04    0.00   19.23    0.00    0.00    7.69    0.00    0.00    0.00   49.04

12:58:02 PM  CPU    %usr   %nice    %sys %iowait    %irq   %soft  %steal  %guest  %gnice   %idle
12:58:03 PM  all   24.13    0.00   18.52    0.12    0.00    6.33    0.00    0.00    0.00   50.90
12:58:03 PM    0   24.53    0.00   18.87    0.00    0.00    6.60    0.00    0.00    0.00   50.00
12:58:03 PM    1   25.47    0.00   17.92    0.94    0.00    6.60    0.00    0.00    0.00   49.06
12:58:03 PM    2   25.00    0.00   17.31    0.00    0.00    7.69    0.00    0.00    0.00   50.00
12:58:03 PM    3   24.51    0.00   17.65    0.00    0.00    6.86    0.00    0.00    0.00   50.98
12:58:03 PM    4   23.30    0.00   18.45    0.00    0.00    5.83    0.00    0.00    0.00   52.43
12:58:03 PM    5   25.23    0.00   19.63    0.00    0.00    4.67    0.00    0.00    0.00   50.47
12:58:03 PM    6   21.90    0.00   19.05    0.00    0.00    6.67    0.00    0.00    0.00   52.38
12:58:03 PM    7   23.08    0.00   19.23    0.00    0.00    5.77    0.00    0.00    0.00   51.92

12:58:03 PM  CPU    %usr   %nice    %sys %iowait    %irq   %soft  %steal  %guest  %gnice   %idle
12:58:04 PM  all   26.09    0.00   23.73    0.00    0.00    5.67    0.00    0.00    0.00   44.51
12:58:04 PM    0   25.69    0.00   28.44    0.00    0.00    4.59    0.00    0.00    0.00   41.28
12:58:04 PM    1   28.04    0.00   25.23    0.00    0.00    4.67    0.00    0.00    0.00   42.06
12:58:04 PM    2   27.36    0.00   23.58    0.00    0.00    7.55    0.00    0.00    0.00   41.51
12:58:04 PM    3   29.36    0.00   22.94    0.00    0.00    5.50    0.00    0.00    0.00   42.20
12:58:04 PM    4   22.86    0.00   23.81    0.00    0.00    5.71    0.00    0.00    0.00   47.62
12:58:04 PM    5   24.51    0.00   19.61    0.00    0.00    7.84    0.00    0.00    0.00   48.04
12:58:04 PM    6   22.22    0.00   24.24    0.00    0.00    4.04    0.00    0.00    0.00   49.49
12:58:04 PM    7   28.18    0.00   21.82    0.00    0.00    5.45    0.00    0.00    0.00   44.55

12:58:04 PM  CPU    %usr   %nice    %sys %iowait    %irq   %soft  %steal  %guest  %gnice   %idle
12:58:05 PM  all   25.06    0.00   23.29    0.00    0.00    7.22    0.00    0.00    0.00   44.43
12:58:05 PM    0   22.92    0.00   21.88    0.00    0.00    7.29    0.00    0.00    0.00   47.92
12:58:05 PM    1   24.24    0.00   26.26    0.00    0.00    4.04    0.00    0.00    0.00   45.45
12:58:05 PM    2   24.51    0.00   23.53    0.00    0.00    6.86    0.00    0.00    0.00   45.10
12:58:05 PM    3   24.75    0.00   26.73    0.00    0.00    3.96    0.00    0.00    0.00   44.55
12:58:05 PM    4   26.73    0.00   19.80    0.00    0.00   11.88    0.00    0.00    0.00   41.58
12:58:05 PM    5   24.74    0.00   23.71    0.00    0.00    7.22    0.00    0.00    0.00   44.33
12:58:05 PM    6   21.65    0.00   24.74    0.00    0.00   10.31    0.00    0.00    0.00   43.30
12:58:05 PM    7   30.93    0.00   19.59    0.00    0.00    6.19    0.00    0.00    0.00   43.30

12:58:05 PM  CPU    %usr   %nice    %sys %iowait    %irq   %soft  %steal  %guest  %gnice   %idle
12:58:06 PM  all   23.76    0.00   24.63    0.00    0.00    5.69    0.00    0.00    0.00   45.92
12:58:06 PM    0   26.92    0.00   24.04    0.00    0.00    5.77    0.00    0.00    0.00   43.27
12:58:06 PM    1   25.74    0.00   21.78    0.00    0.00    7.92    0.00    0.00    0.00   44.55
12:58:06 PM    2   24.27    0.00   25.24    0.00    0.00    6.80    0.00    0.00    0.00   43.69
12:58:06 PM    3   25.77    0.00   21.65    0.00    0.00    6.19    0.00    0.00    0.00   46.39
12:58:06 PM    4   20.00    0.00   27.00    0.00    0.00    5.00    0.00    0.00    0.00   48.00
12:58:06 PM    5   24.24    0.00   24.24    0.00    0.00    4.04    0.00    0.00    0.00   47.47
12:58:06 PM    6   20.79    0.00   27.72    0.00    0.00    3.96    0.00    0.00    0.00   47.52
12:58:06 PM    7   22.33    0.00   25.24    0.00    0.00    5.83    0.00    0.00    0.00   46.60

12:58:06 PM  CPU    %usr   %nice    %sys %iowait    %irq   %soft  %steal  %guest  %gnice   %idle
12:58:07 PM  all   24.08    0.00   19.19    0.00    0.00    5.50    0.00    0.00    0.00   51.22
12:58:07 PM    0   23.53    0.00   20.59    0.00    0.00    6.86    0.00    0.00    0.00   49.02
12:58:07 PM    1   29.81    0.00   17.31    0.00    0.00    4.81    0.00    0.00    0.00   48.08
12:58:07 PM    2   23.47    0.00   17.35    0.00    0.00    8.16    0.00    0.00    0.00   51.02
12:58:07 PM    3   24.49    0.00   19.39    0.00    0.00    5.10    0.00    0.00    0.00   51.02
12:58:07 PM    4   24.53    0.00   18.87    0.00    0.00    4.72    0.00    0.00    0.00   51.89
12:58:07 PM    5   25.96    0.00   15.38    0.00    0.00    5.77    0.00    0.00    0.00   52.88
12:58:07 PM    6   20.19    0.00   22.12    0.00    0.00    4.81    0.00    0.00    0.00   52.88
12:58:07 PM    7   20.59    0.00   22.55    0.00    0.00    3.92    0.00    0.00    0.00   52.94

12:58:07 PM  CPU    %usr   %nice    %sys %iowait    %irq   %soft  %steal  %guest  %gnice   %idle
12:58:08 PM  all   22.59    0.00   23.95    0.12    0.00    5.56    0.00    0.00    0.00   47.78
12:58:08 PM    0   24.51    0.00   25.49    0.00    0.00    5.88    0.00    0.00    0.00   44.12
12:58:08 PM    1   26.00    0.00   23.00    0.00    0.00    5.00    0.00    0.00    0.00   46.00
12:58:08 PM    2   26.04    0.00   22.92    0.00    0.00    4.17    0.00    0.00    0.00   46.88
12:58:08 PM    3   25.00    0.00   23.00    0.00    0.00    7.00    0.00    0.00    0.00   45.00
12:58:08 PM    4   20.75    0.00   24.53    0.94    0.00    5.66    0.00    0.00    0.00   48.11
12:58:08 PM    5   16.50    0.00   27.18    0.00    0.00    5.83    0.00    0.00    0.00   50.49
12:58:08 PM    6   20.79    0.00   23.76    0.00    0.00    4.95    0.00    0.00    0.00   50.50
12:58:08 PM    7   21.57    0.00   21.57    0.00    0.00    5.88    0.00    0.00    0.00   50.98

12:58:08 PM  CPU    %usr   %nice    %sys %iowait    %irq   %soft  %steal  %guest  %gnice   %idle
12:58:09 PM  all   23.31    0.00   20.05    0.00    0.00    6.52    0.00    0.00    0.00   50.13
12:58:09 PM    0   27.88    0.00   19.23    0.00    0.00    7.69    0.00    0.00    0.00   45.19
12:58:09 PM    1   25.49    0.00   20.59    0.00    0.00    7.84    0.00    0.00    0.00   46.08
12:58:09 PM    2   23.00    0.00   18.00    0.00    0.00   12.00    0.00    0.00    0.00   47.00
12:58:09 PM    3   21.78    0.00   24.75    0.00    0.00    5.94    0.00    0.00    0.00   47.52
12:58:09 PM    4   25.26    0.00   16.84    0.00    0.00    4.21    0.00    0.00    0.00   53.68
12:58:09 PM    5   18.56    0.00   21.65    0.00    0.00    4.12    0.00    0.00    0.00   55.67
12:58:09 PM    6   23.76    0.00   17.82    0.00    0.00    5.94    0.00    0.00    0.00   52.48
12:58:09 PM    7   20.41    0.00   21.43    0.00    0.00    4.08    0.00    0.00    0.00   54.08

12:58:09 PM  CPU    %usr   %nice    %sys %iowait    %irq   %soft  %steal  %guest  %gnice   %idle
12:58:10 PM  all   23.18    0.00   15.62    0.00    0.00    5.08    0.00    0.00    0.00   56.12
12:58:10 PM    0   26.04    0.00   14.58    0.00    0.00    4.17    0.00    0.00    0.00   55.21
12:58:10 PM    1   25.51    0.00   14.29    0.00    0.00    6.12    0.00    0.00    0.00   54.08
12:58:10 PM    2   25.00    0.00   13.04    0.00    0.00    6.52    0.00    0.00    0.00   55.43
12:58:10 PM    3   20.62    0.00   18.56    0.00    0.00    7.22    0.00    0.00    0.00   53.61
12:58:10 PM    4   23.96    0.00   14.58    0.00    0.00    3.12    0.00    0.00    0.00   58.33
12:58:10 PM    5   18.75    0.00   17.71    0.00    0.00    6.25    0.00    0.00    0.00   57.29
12:58:10 PM    6   22.92    0.00   15.62    0.00    0.00    3.12    0.00    0.00    0.00   58.33
12:58:10 PM    7   22.68    0.00   16.49    0.00    0.00    4.12    0.00    0.00    0.00   56.70

12:58:10 PM  CPU    %usr   %nice    %sys %iowait    %irq   %soft  %steal  %guest  %gnice   %idle
12:58:11 PM  all   23.09    0.00   19.32    0.00    0.00    7.03    0.00    0.00    0.00   50.56
12:58:11 PM    0   29.29    0.00   16.16    0.00    0.00    8.08    0.00    0.00    0.00   46.46
12:58:11 PM    1   25.51    0.00   21.43    0.00    0.00    3.06    0.00    0.00    0.00   50.00
12:58:11 PM    2   20.79    0.00   23.76    0.00    0.00    7.92    0.00    0.00    0.00   47.52
12:58:11 PM    3   23.40    0.00   20.21    0.00    0.00    4.26    0.00    0.00    0.00   52.13
12:58:11 PM    4   19.00    0.00   22.00    0.00    0.00    6.00    0.00    0.00    0.00   53.00
12:58:11 PM    5   23.76    0.00   16.83    0.00    0.00    7.92    0.00    0.00    0.00   51.49
12:58:11 PM    6   19.61    0.00   17.65    0.00    0.00   10.78    0.00    0.00    0.00   51.96
12:58:11 PM    7   23.53    0.00   16.67    0.00    0.00    7.84    0.00    0.00    0.00   51.96

12:58:11 PM  CPU    %usr   %nice    %sys %iowait    %irq   %soft  %steal  %guest  %gnice   %idle
12:58:12 PM  all   23.63    0.00   18.65    0.00    0.00    6.00    0.00    0.00    0.00   51.72
12:58:12 PM    0   24.49    0.00   20.41    0.00    0.00    7.14    0.00    0.00    0.00   47.96
12:58:12 PM    1   29.81    0.00   18.27    0.00    0.00    6.73    0.00    0.00    0.00   45.19
12:58:12 PM    2   26.53    0.00   18.37    0.00    0.00    6.12    0.00    0.00    0.00   48.98
12:58:12 PM    3   27.00    0.00   19.00    0.00    0.00    6.00    0.00    0.00    0.00   48.00
12:58:12 PM    4   22.11    0.00   15.79    0.00    0.00    5.26    0.00    0.00    0.00   56.84
12:58:12 PM    5   21.05    0.00   16.84    0.00    0.00    5.26    0.00    0.00    0.00   56.84
12:58:12 PM    6   19.39    0.00   20.41    0.00    0.00    7.14    0.00    0.00    0.00   53.06
12:58:12 PM    7   17.89    0.00   20.00    0.00    0.00    4.21    0.00    0.00    0.00   57.89

12:58:12 PM  CPU    %usr   %nice    %sys %iowait    %irq   %soft  %steal  %guest  %gnice   %idle
12:58:13 PM  all   26.23    0.00   21.45    0.12    0.00    7.11    0.00    0.00    0.00   45.10
12:58:13 PM    0   30.61    0.00   21.43    0.00    0.00    5.10    0.00    0.00    0.00   42.86
12:58:13 PM    1   28.12    0.00   18.75    0.00    0.00    7.29    0.00    0.00    0.00   45.83
12:58:13 PM    2   28.12    0.00   17.71    0.00    0.00    7.29    0.00    0.00    0.00   46.88
12:58:13 PM    3   25.00    0.00   25.00    0.00    0.00    7.00    0.00    0.00    0.00   43.00
12:58:13 PM    4   24.04    0.00   23.08    0.00    0.00    5.77    0.00    0.00    0.00   47.12
12:58:13 PM    5   23.58    0.00   24.53    0.00    0.00    6.60    0.00    0.00    0.00   45.28
12:58:13 PM    6   24.30    0.00   20.56    0.00    0.00    9.35    0.00    0.00    0.00   45.79
12:58:13 PM    7   26.61    0.00   20.18    0.92    0.00    8.26    0.00    0.00    0.00   44.04

12:58:13 PM  CPU    %usr   %nice    %sys %iowait    %irq   %soft  %steal  %guest  %gnice   %idle
12:58:14 PM  all   24.52    0.00   18.19    0.00    0.00    5.81    0.00    0.00    0.00   51.48
12:58:14 PM    0   29.17    0.00   14.58    0.00    0.00    8.33    0.00    0.00    0.00   47.92
12:58:14 PM    1   26.26    0.00   22.22    0.00    0.00    4.04    0.00    0.00    0.00   47.47
12:58:14 PM    2   30.21    0.00   17.71    0.00    0.00    5.21    0.00    0.00    0.00   46.88
12:58:14 PM    3   26.80    0.00   16.49    0.00    0.00    9.28    0.00    0.00    0.00   47.42
12:58:14 PM    4   21.05    0.00   15.79    0.00    0.00    6.32    0.00    0.00    0.00   56.84
12:58:14 PM    5   20.41    0.00   19.39    0.00    0.00    5.10    0.00    0.00    0.00   55.10
12:58:14 PM    6   19.79    0.00   18.75    0.00    0.00    5.21    0.00    0.00    0.00   56.25
12:58:14 PM    7   22.45    0.00   20.41    0.00    0.00    3.06    0.00    0.00    0.00   54.08

12:58:14 PM  CPU    %usr   %nice    %sys %iowait    %irq   %soft  %steal  %guest  %gnice   %idle
12:58:15 PM  all   23.90    0.00   14.36    0.00    0.00    5.94    0.00    0.00    0.00   55.80
12:58:15 PM    0   26.09    0.00   14.13    0.00    0.00    7.61    0.00    0.00    0.00   52.17
12:58:15 PM    1   26.37    0.00   13.19    0.00    0.00    6.59    0.00    0.00    0.00   53.85
12:58:15 PM    2   25.00    0.00   15.22    0.00    0.00    5.43    0.00    0.00    0.00   54.35
12:58:15 PM    3   24.44    0.00   13.33    0.00    0.00    7.78    0.00    0.00    0.00   54.44
12:58:15 PM    4   21.35    0.00   15.73    0.00    0.00    4.49    0.00    0.00    0.00   58.43
12:58:15 PM    5   22.83    0.00   16.30    0.00    0.00    4.35    0.00    0.00    0.00   56.52
12:58:15 PM    6   22.73    0.00   13.64    0.00    0.00    4.55    0.00    0.00    0.00   59.09
12:58:15 PM    7   22.22    0.00   13.33    0.00    0.00    6.67    0.00    0.00    0.00   57.78

12:58:15 PM  CPU    %usr   %nice    %sys %iowait    %irq   %soft  %steal  %guest  %gnice   %idle
12:58:16 PM  all   24.20    0.00   16.49    0.00    0.00    6.65    0.00    0.00    0.00   52.66
12:58:16 PM    0   26.97    0.00   13.48    0.00    0.00    5.62    0.00    0.00    0.00   53.93
12:58:16 PM    1   25.00    0.00   15.22    0.00    0.00    8.70    0.00    0.00    0.00   51.09
12:58:16 PM    2   26.04    0.00   20.83    0.00    0.00    5.21    0.00    0.00    0.00   47.92
12:58:16 PM    3   29.35    0.00   13.04    0.00    0.00    6.52    0.00    0.00    0.00   51.09
12:58:16 PM    4   20.83    0.00   17.71    0.00    0.00    6.25    0.00    0.00    0.00   55.21
12:58:16 PM    5   24.73    0.00   15.05    0.00    0.00    5.38    0.00    0.00    0.00   54.84
12:58:16 PM    6   22.34    0.00   15.96    0.00    0.00    7.45    0.00    0.00    0.00   54.26
12:58:16 PM    7   19.00    0.00   20.00    0.00    0.00    8.00    0.00    0.00    0.00   53.00

12:58:16 PM  CPU    %usr   %nice    %sys %iowait    %irq   %soft  %steal  %guest  %gnice   %idle
12:58:17 PM  all   21.90    0.00   17.28    0.00    0.00    6.26    0.00    0.00    0.00   54.56
12:58:17 PM    0   25.53    0.00   20.21    0.00    0.00    6.38    0.00    0.00    0.00   47.87
12:58:17 PM    1   18.89    0.00   22.22    0.00    0.00    8.89    0.00    0.00    0.00   50.00
12:58:17 PM    2   27.47    0.00   15.38    0.00    0.00    6.59    0.00    0.00    0.00   50.55
12:58:17 PM    3   24.73    0.00   17.20    0.00    0.00    9.68    0.00    0.00    0.00   48.39
12:58:17 PM    4   17.20    0.00   17.20    0.00    0.00    5.38    0.00    0.00    0.00   60.22
12:58:17 PM    5   21.11    0.00   14.44    0.00    0.00    5.56    0.00    0.00    0.00   58.89
12:58:17 PM    6   21.74    0.00   15.22    0.00    0.00    3.26    0.00    0.00    0.00   59.78
12:58:17 PM    7   18.48    0.00   16.30    0.00    0.00    4.35    0.00    0.00    0.00   60.87

12:58:17 PM  CPU    %usr   %nice    %sys %iowait    %irq   %soft  %steal  %guest  %gnice   %idle
12:58:18 PM  all   21.84    0.00   15.66    0.72    0.00    5.75    0.00    0.00    0.00   56.03
12:58:18 PM    0   20.22    0.00   20.22    2.25    0.00    4.49    0.00    0.00    0.00   52.81
12:58:18 PM    1   24.14    0.00   16.09    0.00    0.00    6.90    0.00    0.00    0.00   52.87
12:58:18 PM    2   24.39    0.00   12.20    0.00    0.00    6.10    0.00    0.00    0.00   57.32
12:58:18 PM    3   24.71    0.00   14.12    0.00    0.00    4.71    0.00    0.00    0.00   56.47
12:58:18 PM    4   20.69    0.00   12.64    0.00    0.00    6.90    0.00    0.00    0.00   59.77
12:58:18 PM    5   20.88    0.00   15.38    1.10    0.00    6.59    0.00    0.00    0.00   56.04
12:58:18 PM    6   20.00    0.00   16.47    1.18    0.00    4.71    0.00    0.00    0.00   57.65
12:58:18 PM    7   20.00    0.00   17.78    1.11    0.00    5.56    0.00    0.00    0.00   55.56

12:58:18 PM  CPU    %usr   %nice    %sys %iowait    %irq   %soft  %steal  %guest  %gnice   %idle
12:58:19 PM  all   21.95    0.00   16.15    0.00    0.00    5.38    0.00    0.00    0.00   56.52
12:58:19 PM    0   26.44    0.00   17.24    0.00    0.00    4.60    0.00    0.00    0.00   51.72
12:58:19 PM    1   22.35    0.00   15.29    0.00    0.00    7.06    0.00    0.00    0.00   55.29
12:58:19 PM    2   26.37    0.00   16.48    0.00    0.00    6.59    0.00    0.00    0.00   50.55
12:58:19 PM    3   25.27    0.00   18.68    0.00    0.00    4.40    0.00    0.00    0.00   51.65
12:58:19 PM    4   15.29    0.00   16.47    0.00    0.00    4.71    0.00    0.00    0.00   63.53
12:58:19 PM    5   18.89    0.00   14.44    0.00    0.00    6.67    0.00    0.00    0.00   60.00
12:58:19 PM    6   19.78    0.00   16.48    0.00    0.00    5.49    0.00    0.00    0.00   58.24
12:58:19 PM    7   20.93    0.00   13.95    0.00    0.00    3.49    0.00    0.00    0.00   61.63

12:58:19 PM  CPU    %usr   %nice    %sys %iowait    %irq   %soft  %steal  %guest  %gnice   %idle
12:58:20 PM  all   20.99    0.00   14.37    0.00    0.00    5.07    0.00    0.00    0.00   59.58
12:58:20 PM    0   23.33    0.00   16.67    0.00    0.00    5.56    0.00    0.00    0.00   54.44
12:58:20 PM    1   21.84    0.00   12.64    0.00    0.00    6.90    0.00    0.00    0.00   58.62
12:58:20 PM    2   24.72    0.00   14.61    0.00    0.00    4.49    0.00    0.00    0.00   56.18
12:58:20 PM    3   23.60    0.00   15.73    0.00    0.00    4.49    0.00    0.00    0.00   56.18
12:58:20 PM    4   15.91    0.00   13.64    0.00    0.00    6.82    0.00    0.00    0.00   63.64
12:58:20 PM    5   18.89    0.00   13.33    0.00    0.00    5.56    0.00    0.00    0.00   62.22
12:58:20 PM    6   20.45    0.00   13.64    0.00    0.00    3.41    0.00    0.00    0.00   62.50
12:58:20 PM    7   19.10    0.00   14.61    0.00    0.00    3.37    0.00    0.00    0.00   62.92

12:58:20 PM  CPU    %usr   %nice    %sys %iowait    %irq   %soft  %steal  %guest  %gnice   %idle
12:58:21 PM  all   23.21    0.00   20.24    0.00    0.00    7.83    0.00    0.00    0.00   48.72
12:58:21 PM    0   30.43    0.00   16.30    0.00    0.00    9.78    0.00    0.00    0.00   43.48
12:58:21 PM    1   28.42    0.00   22.11    0.00    0.00    8.42    0.00    0.00    0.00   41.05
12:58:21 PM    2   30.21    0.00   18.75    0.00    0.00    9.38    0.00    0.00    0.00   41.67
12:58:21 PM    3   28.57    0.00   21.98    0.00    0.00    6.59    0.00    0.00    0.00   42.86
12:58:21 PM    4   12.22    0.00   23.33    0.00    0.00    7.78    0.00    0.00    0.00   56.67
12:58:21 PM    5   19.57    0.00   18.48    0.00    0.00    7.61    0.00    0.00    0.00   54.35
12:58:21 PM    6   18.60    0.00   16.28    0.00    0.00    5.81    0.00    0.00    0.00   59.30
12:58:21 PM    7   17.17    0.00   24.24    0.00    0.00    7.07    0.00    0.00    0.00   51.52

12:58:21 PM  CPU    %usr   %nice    %sys %iowait    %irq   %soft  %steal  %guest  %gnice   %idle
12:58:22 PM  all   25.06    0.00   18.73    0.13    0.00    6.46    0.00    0.00    0.00   49.61
12:58:22 PM    0   29.17    0.00   20.83    0.00    0.00    6.25    0.00    0.00    0.00   43.75
12:58:22 PM    1   25.00    0.00   22.92    0.00    0.00    7.29    0.00    0.00    0.00   44.79
12:58:22 PM    2   31.63    0.00   14.29    0.00    0.00   10.20    0.00    0.00    0.00   43.88
12:58:22 PM    3   28.12    0.00   21.88    0.00    0.00    8.33    0.00    0.00    0.00   41.67
12:58:22 PM    4   20.00    0.00   16.84    1.05    0.00    6.32    0.00    0.00    0.00   55.79
12:58:22 PM    5   22.77    0.00   16.83    0.00    0.00    5.94    0.00    0.00    0.00   54.46
12:58:22 PM    6   18.95    0.00   18.95    0.00    0.00    4.21    0.00    0.00    0.00   57.89
12:58:22 PM    7   24.74    0.00   17.53    0.00    0.00    3.09    0.00    0.00    0.00   54.64

12:58:22 PM  CPU    %usr   %nice    %sys %iowait    %irq   %soft  %steal  %guest  %gnice   %idle
12:58:23 PM  all   22.25    0.00   10.27    0.00    0.00    5.99    0.00    0.00    0.00   61.48
12:58:23 PM    0   20.88    0.00   13.19    0.00    0.00    6.59    0.00    0.00    0.00   59.34
12:58:23 PM    1   25.29    0.00   11.49    0.00    0.00    3.45    0.00    0.00    0.00   59.77
12:58:23 PM    2   24.71    0.00    8.24    0.00    0.00    5.88    0.00    0.00    0.00   61.18
12:58:23 PM    3   23.08    0.00   10.99    0.00    0.00    6.59    0.00    0.00    0.00   59.34
12:58:23 PM    4   20.00    0.00    9.41    0.00    0.00    7.06    0.00    0.00    0.00   63.53
12:58:23 PM    5   21.43    0.00    9.52    0.00    0.00    4.76    0.00    0.00    0.00   64.29
12:58:23 PM    6   19.32    0.00   10.23    0.00    0.00    6.82    0.00    0.00    0.00   63.64
12:58:23 PM    7   23.33    0.00    8.89    0.00    0.00    6.67    0.00    0.00    0.00   61.11

12:58:23 PM  CPU    %usr   %nice    %sys %iowait    %irq   %soft  %steal  %guest  %gnice   %idle
12:58:24 PM  all   31.85    0.00   21.24    0.00    0.00    6.32    0.00    0.00    0.00   40.59
12:58:24 PM    0   37.63    0.00   22.58    0.00    0.00    5.38    0.00    0.00    0.00   34.41
12:58:24 PM    1   29.67    0.00   23.08    0.00    0.00    7.69    0.00    0.00    0.00   39.56
12:58:24 PM    2   26.88    0.00   22.58    0.00    0.00    9.68    0.00    0.00    0.00   40.86
12:58:24 PM    3   28.72    0.00   26.60    0.00    0.00    6.38    0.00    0.00    0.00   38.30
12:58:24 PM    4   48.98    0.00   16.33    0.00    0.00    3.06    0.00    0.00    0.00   31.63
12:58:24 PM    5   40.00    0.00   13.33    0.00    0.00    4.44    0.00    0.00    0.00   42.22
12:58:24 PM    6   23.91    0.00   21.74    0.00    0.00    5.43    0.00    0.00    0.00   48.91
12:58:24 PM    7   18.28    0.00   23.66    0.00    0.00    8.60    0.00    0.00    0.00   49.46

12:58:24 PM  CPU    %usr   %nice    %sys %iowait    %irq   %soft  %steal  %guest  %gnice   %idle
12:58:25 PM  all   23.07    0.00   15.20    0.00    0.00    6.92    0.00    0.00    0.00   54.82
12:58:25 PM    0   24.73    0.00   16.13    0.00    0.00    7.53    0.00    0.00    0.00   51.61
12:58:25 PM    1   29.03    0.00   17.20    0.00    0.00    5.38    0.00    0.00    0.00   48.39
12:58:25 PM    2   26.67    0.00   15.56    0.00    0.00    7.78    0.00    0.00    0.00   50.00
12:58:25 PM    3   26.88    0.00   13.98    0.00    0.00    8.60    0.00    0.00    0.00   50.54
12:58:25 PM    4   21.28    0.00   14.89    0.00    0.00    5.32    0.00    0.00    0.00   58.51
12:58:25 PM    5   15.56    0.00   15.56    0.00    0.00    7.78    0.00    0.00    0.00   61.11
12:58:25 PM    6   18.48    0.00   15.22    0.00    0.00    7.61    0.00    0.00    0.00   58.70
12:58:25 PM    7   21.74    0.00   13.04    0.00    0.00    5.43    0.00    0.00    0.00   59.78

12:58:25 PM  CPU    %usr   %nice    %sys %iowait    %irq   %soft  %steal  %guest  %gnice   %idle
12:58:26 PM  all   23.55    0.00   12.99    0.00    0.00    5.55    0.00    0.00    0.00   57.92
12:58:26 PM    0   25.56    0.00   11.11    0.00    0.00    5.56    0.00    0.00    0.00   57.78
12:58:26 PM    1   20.88    0.00   16.48    0.00    0.00    6.59    0.00    0.00    0.00   56.04
12:58:26 PM    2   25.27    0.00   13.19    0.00    0.00    3.30    0.00    0.00    0.00   58.24
12:58:26 PM    3   28.72    0.00   14.89    0.00    0.00    2.13    0.00    0.00    0.00   54.26
12:58:26 PM    4   25.53    0.00   11.70    0.00    0.00    4.26    0.00    0.00    0.00   58.51
12:58:26 PM    5   18.28    0.00   12.90    0.00    0.00    9.68    0.00    0.00    0.00   59.14
12:58:26 PM    6   23.91    0.00    9.78    0.00    0.00    6.52    0.00    0.00    0.00   59.78
12:58:26 PM    7   20.21    0.00   13.83    0.00    0.00    6.38    0.00    0.00    0.00   59.57

12:58:26 PM  CPU    %usr   %nice    %sys %iowait    %irq   %soft  %steal  %guest  %gnice   %idle
12:58:27 PM  all   20.85    0.00   13.80    0.00    0.00    5.07    0.00    0.00    0.00   60.28
12:58:27 PM    0   19.32    0.00   15.91    0.00    0.00    5.68    0.00    0.00    0.00   59.09
12:58:27 PM    1   21.35    0.00   14.61    0.00    0.00    5.62    0.00    0.00    0.00   58.43
12:58:27 PM    2   22.99    0.00   14.94    0.00    0.00    2.30    0.00    0.00    0.00   59.77
12:58:27 PM    3   20.93    0.00   11.63    0.00    0.00    6.98    0.00    0.00    0.00   60.47
12:58:27 PM    4   18.68    0.00   15.38    0.00    0.00    5.49    0.00    0.00    0.00   60.44
12:58:27 PM    5   21.35    0.00   12.36    0.00    0.00    4.49    0.00    0.00    0.00   61.80
12:58:27 PM    6   19.78    0.00   14.29    0.00    0.00    5.49    0.00    0.00    0.00   60.44
12:58:27 PM    7   22.47    0.00   11.24    0.00    0.00    4.49    0.00    0.00    0.00   61.80

12:58:27 PM  CPU    %usr   %nice    %sys %iowait    %irq   %soft  %steal  %guest  %gnice   %idle
12:58:28 PM  all   23.61    0.00   21.90    0.26    0.00    5.80    0.00    0.00    0.00   48.42
12:58:28 PM    0   28.87    0.00   19.59    0.00    0.00    8.25    0.00    0.00    0.00   43.30
12:58:28 PM    1   27.84    0.00   22.68    0.00    0.00    5.15    0.00    0.00    0.00   44.33
12:58:28 PM    2   28.87    0.00   17.53    0.00    0.00    9.28    0.00    0.00    0.00   44.33
12:58:28 PM    3   26.37    0.00   21.98    0.00    0.00    5.49    0.00    0.00    0.00   46.15
12:58:28 PM    4   21.05    0.00   20.00    1.05    0.00    7.37    0.00    0.00    0.00   50.53
12:58:28 PM    5   18.56    0.00   25.77    1.03    0.00    5.15    0.00    0.00    0.00   49.48
12:58:28 PM    6   16.13    0.00   25.81    0.00    0.00    3.23    0.00    0.00    0.00   54.84
12:58:28 PM    7   20.88    0.00   21.98    0.00    0.00    2.20    0.00    0.00    0.00   54.95

12:58:28 PM  CPU    %usr   %nice    %sys %iowait    %irq   %soft  %steal  %guest  %gnice   %idle
12:58:29 PM  all   25.43    0.00   22.53    0.00    0.00    5.80    0.00    0.00    0.00   46.25
12:58:29 PM    0   32.98    0.00   22.34    0.00    0.00    4.26    0.00    0.00    0.00   40.43
12:58:29 PM    1   32.61    0.00   20.65    0.00    0.00    5.43    0.00    0.00    0.00   41.30
12:58:29 PM    2   29.47    0.00   23.16    0.00    0.00    5.26    0.00    0.00    0.00   42.11
12:58:29 PM    3   26.60    0.00   25.53    0.00    0.00    6.38    0.00    0.00    0.00   41.49
12:58:29 PM    4   21.98    0.00   18.68    0.00    0.00    4.40    0.00    0.00    0.00   54.95
12:58:29 PM    5   18.09    0.00   22.34    0.00    0.00    8.51    0.00    0.00    0.00   51.06
12:58:29 PM    6   19.00    0.00   27.00    0.00    0.00    5.00    0.00    0.00    0.00   49.00
12:58:29 PM    7   23.23    0.00   20.20    0.00    0.00    7.07    0.00    0.00    0.00   49.49

12:58:29 PM  CPU    %usr   %nice    %sys %iowait    %irq   %soft  %steal  %guest  %gnice   %idle
12:58:30 PM  all   23.86    0.00   11.53    0.00    0.00    5.50    0.00    0.00    0.00   59.12
12:58:30 PM    0   25.00    0.00   12.50    0.00    0.00    5.21    0.00    0.00    0.00   57.29
12:58:30 PM    1   21.74    0.00   11.96    0.00    0.00    6.52    0.00    0.00    0.00   59.78
12:58:30 PM    2   22.34    0.00   14.89    0.00    0.00    6.38    0.00    0.00    0.00   56.38
12:58:30 PM    3   25.26    0.00   12.63    0.00    0.00    5.26    0.00    0.00    0.00   56.84
12:58:30 PM    4   21.51    0.00   11.83    0.00    0.00    5.38    0.00    0.00    0.00   61.29
12:58:30 PM    5   24.44    0.00    8.89    0.00    0.00    4.44    0.00    0.00    0.00   62.22
12:58:30 PM    6   25.53    0.00   10.64    0.00    0.00    4.26    0.00    0.00    0.00   59.57
12:58:30 PM    7   25.00    0.00    8.70    0.00    0.00    6.52    0.00    0.00    0.00   59.78

12:58:30 PM  CPU    %usr   %nice    %sys %iowait    %irq   %soft  %steal  %guest  %gnice   %idle
12:58:31 PM  all   23.63    0.00   12.50    0.00    0.00    4.67    0.00    0.00    0.00   59.20
12:58:31 PM    0   25.26    0.00   13.68    0.00    0.00    7.37    0.00    0.00    0.00   53.68
12:58:31 PM    1   27.66    0.00   13.83    0.00    0.00    3.19    0.00    0.00    0.00   55.32
12:58:31 PM    2   25.81    0.00   12.90    0.00    0.00    6.45    0.00    0.00    0.00   54.84
12:58:31 PM    3   23.66    0.00   16.13    0.00    0.00    5.38    0.00    0.00    0.00   54.84
12:58:31 PM    4   19.54    0.00   12.64    0.00    0.00    3.45    0.00    0.00    0.00   64.37
12:58:31 PM    5   22.47    0.00    8.99    0.00    0.00    4.49    0.00    0.00    0.00   64.04
12:58:31 PM    6   22.09    0.00   10.47    0.00    0.00    2.33    0.00    0.00    0.00   65.12
12:58:31 PM    7   21.98    0.00   10.99    0.00    0.00    4.40    0.00    0.00    0.00   62.64

12:58:31 PM  CPU    %usr   %nice    %sys %iowait    %irq   %soft  %steal  %guest  %gnice   %idle
12:58:32 PM  all   24.38    0.00   17.25    0.00    0.00    7.26    0.00    0.00    0.00   51.10
12:58:32 PM    0   26.80    0.00   15.46    0.00    0.00    9.28    0.00    0.00    0.00   48.45
12:58:32 PM    1   23.47    0.00   21.43    0.00    0.00    8.16    0.00    0.00    0.00   46.94
12:58:32 PM    2   27.55    0.00   19.39    0.00    0.00    7.14    0.00    0.00    0.00   45.92
12:58:32 PM    3   28.42    0.00   15.79    0.00    0.00    8.42    0.00    0.00    0.00   47.37
12:58:32 PM    4   21.05    0.00   16.84    0.00    0.00    6.32    0.00    0.00    0.00   55.79
12:58:32 PM    5   23.71    0.00   16.49    0.00    0.00    5.15    0.00    0.00    0.00   54.64
12:58:32 PM    6   22.45    0.00   16.33    0.00    0.00    7.14    0.00    0.00    0.00   54.08
12:58:32 PM    7   21.51    0.00   16.13    0.00    0.00    6.45    0.00    0.00    0.00   55.91

12:58:32 PM  CPU    %usr   %nice    %sys %iowait    %irq   %soft  %steal  %guest  %gnice   %idle
12:58:33 PM  all   23.25    0.00   25.63    0.26    0.00    7.27    0.00    0.00    0.00   43.59
12:58:33 PM    0   27.96    0.00   24.73    0.00    0.00    7.53    0.00    0.00    0.00   39.78
12:58:33 PM    1   22.58    0.00   25.81    0.00    0.00   11.83    0.00    0.00    0.00   39.78
12:58:33 PM    2   27.66    0.00   26.60    1.06    0.00    7.45    0.00    0.00    0.00   37.23
12:58:33 PM    3   30.21    0.00   21.88    0.00    0.00    9.38    0.00    0.00    0.00   38.54
12:58:33 PM    4   18.37    0.00   28.57    1.02    0.00    4.08    0.00    0.00    0.00   47.96
12:58:33 PM    5   20.41    0.00   28.57    0.00    0.00    4.08    0.00    0.00    0.00   46.94
12:58:33 PM    6   21.28    0.00   21.28    0.00    0.00    9.57    0.00    0.00    0.00   47.87
12:58:33 PM    7   17.58    0.00   27.47    0.00    0.00    4.40    0.00    0.00    0.00   50.55

12:58:33 PM  CPU    %usr   %nice    %sys %iowait    %irq   %soft  %steal  %guest  %gnice   %idle
12:58:34 PM  all   21.82    0.00   13.01    0.00    0.00    5.49    0.00    0.00    0.00   59.68
12:58:34 PM    0   25.56    0.00   12.22    0.00    0.00    5.56    0.00    0.00    0.00   56.67
12:58:34 PM    1   21.59    0.00   13.64    0.00    0.00    7.95    0.00    0.00    0.00   56.82
12:58:34 PM    2   25.58    0.00    9.30    0.00    0.00    5.81    0.00    0.00    0.00   59.30
12:58:34 PM    3   21.84    0.00   16.09    0.00    0.00    4.60    0.00    0.00    0.00   57.47
12:58:34 PM    4   20.93    0.00   12.79    0.00    0.00    4.65    0.00    0.00    0.00   61.63
12:58:34 PM    5   22.89    0.00   10.84    0.00    0.00    3.61    0.00    0.00    0.00   62.65
12:58:34 PM    6   17.05    0.00   15.91    0.00    0.00    6.82    0.00    0.00    0.00   60.23
12:58:34 PM    7   19.05    0.00   13.10    0.00    0.00    4.76    0.00    0.00    0.00   63.10

12:58:34 PM  CPU    %usr   %nice    %sys %iowait    %irq   %soft  %steal  %guest  %gnice   %idle
12:58:35 PM  all   25.79    0.00   14.74    0.00    0.00    6.45    0.00    0.00    0.00   53.03
12:58:35 PM    0   28.12    0.00   15.62    0.00    0.00    6.25    0.00    0.00    0.00   50.00
12:58:35 PM    1   31.63    0.00   14.29    0.00    0.00    6.12    0.00    0.00    0.00   47.96
12:58:35 PM    2   32.29    0.00   13.54    0.00    0.00    6.25    0.00    0.00    0.00   47.92
12:58:35 PM    3   26.32    0.00   15.79    0.00    0.00    8.42    0.00    0.00    0.00   49.47
12:58:35 PM    4   23.16    0.00   11.58    0.00    0.00    7.37    0.00    0.00    0.00   57.89
12:58:35 PM    5   19.59    0.00   18.56    0.00    0.00    6.19    0.00    0.00    0.00   55.67
12:58:35 PM    6   24.18    0.00   13.19    0.00    0.00    5.49    0.00    0.00    0.00   57.14
12:58:35 PM    7   20.65    0.00   15.22    0.00    0.00    5.43    0.00    0.00    0.00   58.70

12:58:35 PM  CPU    %usr   %nice    %sys %iowait    %irq   %soft  %steal  %guest  %gnice   %idle
12:58:36 PM  all   24.09    0.00   12.31    0.00    0.00    5.01    0.00    0.00    0.00   58.59
12:58:36 PM    0   23.60    0.00    8.99    0.00    0.00    6.74    0.00    0.00    0.00   60.67
12:58:36 PM    1   23.33    0.00   12.22    0.00    0.00    5.56    0.00    0.00    0.00   58.89
12:58:36 PM    2   27.37    0.00   11.58    0.00    0.00    4.21    0.00    0.00    0.00   56.84
12:58:36 PM    3   24.74    0.00   13.40    0.00    0.00    6.19    0.00    0.00    0.00   55.67
12:58:36 PM    4   25.00    0.00   13.04    0.00    0.00    3.26    0.00    0.00    0.00   58.70
12:58:36 PM    5   24.44    0.00   11.11    0.00    0.00    3.33    0.00    0.00    0.00   61.11
12:58:36 PM    6   22.58    0.00   11.83    0.00    0.00    6.45    0.00    0.00    0.00   59.14
12:58:36 PM    7   21.51    0.00   16.13    0.00    0.00    4.30    0.00    0.00    0.00   58.06

12:58:36 PM  CPU    %usr   %nice    %sys %iowait    %irq   %soft  %steal  %guest  %gnice   %idle
12:58:37 PM  all   25.07    0.00   22.39    0.00    0.00    6.43    0.00    0.00    0.00   46.11
12:58:37 PM    0   31.18    0.00   21.51    0.00    0.00    6.45    0.00    0.00    0.00   40.86
12:58:37 PM    1   26.88    0.00   24.73    0.00    0.00    7.53    0.00    0.00    0.00   40.86
12:58:37 PM    2   29.03    0.00   23.66    0.00    0.00    6.45    0.00    0.00    0.00   40.86
12:58:37 PM    3   23.40    0.00   24.47    0.00    0.00    8.51    0.00    0.00    0.00   43.62
12:58:37 PM    4   22.34    0.00   21.28    0.00    0.00    6.38    0.00    0.00    0.00   50.00
12:58:37 PM    5   22.58    0.00   19.35    0.00    0.00    6.45    0.00    0.00    0.00   51.61
12:58:37 PM    6   24.47    0.00   21.28    0.00    0.00    5.32    0.00    0.00    0.00   48.94
12:58:37 PM    7   20.65    0.00   22.83    0.00    0.00    4.35    0.00    0.00    0.00   52.17

12:58:37 PM  CPU    %usr   %nice    %sys %iowait    %irq   %soft  %steal  %guest  %gnice   %idle
12:58:38 PM  all   23.70    0.00   18.24    0.40    0.00    6.79    0.00    0.00    0.00   50.87
12:58:38 PM    0   33.33    0.00   16.13    1.08    0.00    5.38    0.00    0.00    0.00   44.09
12:58:38 PM    1   27.96    0.00   19.35    0.00    0.00    7.53    0.00    0.00    0.00   45.16
12:58:38 PM    2   27.37    0.00   20.00    0.00    0.00    8.42    0.00    0.00    0.00   44.21
12:58:38 PM    3   25.00    0.00   21.74    0.00    0.00    6.52    0.00    0.00    0.00   46.74
12:58:38 PM    4   19.15    0.00   14.89    0.00    0.00    8.51    0.00    0.00    0.00   57.45
12:58:38 PM    5   17.02    0.00   21.28    1.06    0.00    4.26    0.00    0.00    0.00   56.38
12:58:38 PM    6   20.43    0.00   15.05    0.00    0.00    6.45    0.00    0.00    0.00   58.06
12:58:38 PM    7   19.59    0.00   17.53    1.03    0.00    7.22    0.00    0.00    0.00   54.64

12:58:38 PM  CPU    %usr   %nice    %sys %iowait    %irq   %soft  %steal  %guest  %gnice   %idle
12:58:39 PM  all   24.20    0.00   12.10    0.13    0.00    5.32    0.00    0.00    0.00   58.24
12:58:39 PM    0   26.80    0.00   13.40    0.00    0.00    4.12    0.00    0.00    0.00   55.67
12:58:39 PM    1   23.91    0.00   13.04    1.09    0.00    5.43    0.00    0.00    0.00   56.52
12:58:39 PM    2   19.15    0.00   14.89    0.00    0.00    7.45    0.00    0.00    0.00   58.51
12:58:39 PM    3   26.88    0.00    9.68    0.00    0.00    6.45    0.00    0.00    0.00   56.99
12:58:39 PM    4   22.83    0.00   10.87    0.00    0.00    5.43    0.00    0.00    0.00   60.87
12:58:39 PM    5   24.47    0.00   11.70    0.00    0.00    4.26    0.00    0.00    0.00   59.57
12:58:39 PM    6   25.26    0.00   13.68    0.00    0.00    2.11    0.00    0.00    0.00   58.95
12:58:39 PM    7   24.21    0.00    9.47    0.00    0.00    7.37    0.00    0.00    0.00   58.95

12:58:39 PM  CPU    %usr   %nice    %sys %iowait    %irq   %soft  %steal  %guest  %gnice   %idle
12:58:40 PM  all   23.05    0.00   18.94    0.00    0.00    6.36    0.00    0.00    0.00   51.66
12:58:40 PM    0   30.53    0.00   21.05    0.00    0.00    5.26    0.00    0.00    0.00   43.16
12:58:40 PM    1   28.72    0.00   19.15    0.00    0.00    6.38    0.00    0.00    0.00   45.74
12:58:40 PM    2   25.26    0.00   21.05    0.00    0.00    9.47    0.00    0.00    0.00   44.21
12:58:40 PM    3   27.27    0.00   21.21    0.00    0.00    8.08    0.00    0.00    0.00   43.43
12:58:40 PM    4   18.95    0.00   18.95    0.00    0.00    4.21    0.00    0.00    0.00   57.89
12:58:40 PM    5   15.38    0.00   16.48    0.00    0.00    6.59    0.00    0.00    0.00   61.54
12:58:40 PM    6   21.05    0.00   15.79    0.00    0.00    5.26    0.00    0.00    0.00   57.89
12:58:40 PM    7   16.48    0.00   17.58    0.00    0.00    5.49    0.00    0.00    0.00   60.44

12:58:40 PM  CPU    %usr   %nice    %sys %iowait    %irq   %soft  %steal  %guest  %gnice   %idle
12:58:41 PM  all   24.34    0.00   18.35    0.00    0.00    5.72    0.00    0.00    0.00   51.60
12:58:41 PM    0   29.17    0.00   15.62    0.00    0.00    8.33    0.00    0.00    0.00   46.88
12:58:41 PM    1   26.60    0.00   22.34    0.00    0.00    4.26    0.00    0.00    0.00   46.81
12:58:41 PM    2   27.84    0.00   19.59    0.00    0.00    7.22    0.00    0.00    0.00   45.36
12:58:41 PM    3   30.93    0.00   17.53    0.00    0.00    6.19    0.00    0.00    0.00   45.36
12:58:41 PM    4   19.78    0.00   16.48    0.00    0.00    6.59    0.00    0.00    0.00   57.14
12:58:41 PM    5   18.48    0.00   19.57    0.00    0.00    3.26    0.00    0.00    0.00   58.70
12:58:41 PM    6   23.40    0.00   17.02    0.00    0.00    4.26    0.00    0.00    0.00   55.32
12:58:41 PM    7   17.58    0.00   18.68    0.00    0.00    5.49    0.00    0.00    0.00   58.24

12:58:41 PM  CPU    %usr   %nice    %sys %iowait    %irq   %soft  %steal  %guest  %gnice   %idle
12:58:42 PM  all   23.87    0.00   17.68    0.00    0.00    6.19    0.00    0.00    0.00   52.26
12:58:42 PM    0   24.74    0.00   18.56    0.00    0.00    7.22    0.00    0.00    0.00   49.48
12:58:42 PM    1   26.53    0.00   17.35    0.00    0.00    8.16    0.00    0.00    0.00   47.96
12:58:42 PM    2   27.27    0.00   18.18    0.00    0.00    4.04    0.00    0.00    0.00   50.51
12:58:42 PM    3   25.53    0.00   15.96    0.00    0.00    6.38    0.00    0.00    0.00   52.13
12:58:42 PM    4   19.15    0.00   18.09    0.00    0.00    6.38    0.00    0.00    0.00   56.38
12:58:42 PM    5   23.47    0.00   17.35    0.00    0.00    5.10    0.00    0.00    0.00   54.08
12:58:42 PM    6   22.00    0.00   18.00    0.00    0.00    8.00    0.00    0.00    0.00   52.00
12:58:42 PM    7   22.11    0.00   17.89    0.00    0.00    4.21    0.00    0.00    0.00   55.79

12:58:42 PM  CPU    %usr   %nice    %sys %iowait    %irq   %soft  %steal  %guest  %gnice   %idle
12:58:43 PM  all   23.20    0.00   21.78    0.39    0.00    6.70    0.00    0.00    0.00   47.94
12:58:43 PM    0   27.08    0.00   21.88    1.04    0.00    8.33    0.00    0.00    0.00   41.67
12:58:43 PM    1   28.00    0.00   22.00    0.00    0.00    9.00    0.00    0.00    0.00   41.00
12:58:43 PM    2   28.00    0.00   24.00    0.00    0.00    8.00    0.00    0.00    0.00   40.00
12:58:43 PM    3   31.31    0.00   22.22    0.00    0.00    6.06    0.00    0.00    0.00   40.40
12:58:43 PM    4   18.56    0.00   19.59    1.03    0.00    7.22    0.00    0.00    0.00   53.61
12:58:43 PM    5   17.20    0.00   17.20    1.08    0.00    6.45    0.00    0.00    0.00   58.06
12:58:43 PM    6   15.62    0.00   25.00    0.00    0.00    4.17    0.00    0.00    0.00   55.21
12:58:43 PM    7   18.95    0.00   22.11    0.00    0.00    4.21    0.00    0.00    0.00   54.74

12:58:43 PM  CPU    %usr   %nice    %sys %iowait    %irq   %soft  %steal  %guest  %gnice   %idle
12:58:44 PM  all   22.92    0.00   16.15    0.00    0.00    7.42    0.00    0.00    0.00   53.52
12:58:44 PM    0   23.16    0.00   16.84    0.00    0.00    8.42    0.00    0.00    0.00   51.58
12:58:44 PM    1   26.26    0.00   17.17    0.00    0.00    6.06    0.00    0.00    0.00   50.51
12:58:44 PM    2   21.05    0.00   18.95    0.00    0.00    7.37    0.00    0.00    0.00   52.63
12:58:44 PM    3   25.25    0.00   16.16    0.00    0.00    8.08    0.00    0.00    0.00   50.51
12:58:44 PM    4   24.24    0.00   15.15    0.00    0.00    7.07    0.00    0.00    0.00   53.54
12:58:44 PM    5   23.16    0.00   15.79    0.00    0.00    6.32    0.00    0.00    0.00   54.74
12:58:44 PM    6   21.51    0.00   12.90    0.00    0.00    7.53    0.00    0.00    0.00   58.06
12:58:44 PM    7   18.28    0.00   16.13    0.00    0.00    8.60    0.00    0.00    0.00   56.99

12:58:44 PM  CPU    %usr   %nice    %sys %iowait    %irq   %soft  %steal  %guest  %gnice   %idle
12:58:45 PM  all   24.47    0.00   17.59    0.00    0.00    7.54    0.00    0.00    0.00   50.40
12:58:45 PM    0   32.32    0.00   16.16    0.00    0.00    6.06    0.00    0.00    0.00   45.45
12:58:45 PM    1   26.09    0.00   19.57    0.00    0.00    7.61    0.00    0.00    0.00   46.74
12:58:45 PM    2   29.59    0.00   16.33    0.00    0.00   10.20    0.00    0.00    0.00   43.88
12:58:45 PM    3   26.32    0.00   22.11    0.00    0.00    6.32    0.00    0.00    0.00   45.26
12:58:45 PM    4   19.78    0.00   17.58    0.00    0.00    6.59    0.00    0.00    0.00   56.04
12:58:45 PM    5   20.21    0.00   17.02    0.00    0.00    7.45    0.00    0.00    0.00   55.32
12:58:45 PM    6   17.78    0.00   17.78    0.00    0.00    7.78    0.00    0.00    0.00   56.67
12:58:45 PM    7   22.68    0.00   14.43    0.00    0.00    8.25    0.00    0.00    0.00   54.64

12:58:45 PM  CPU    %usr   %nice    %sys %iowait    %irq   %soft  %steal  %guest  %gnice   %idle
12:58:46 PM  all   21.52    0.00   19.85    0.00    0.00    7.60    0.00    0.00    0.00   51.03
12:58:46 PM    0   22.92    0.00   18.75    0.00    0.00    8.33    0.00    0.00    0.00   50.00
12:58:46 PM    1   23.23    0.00   23.23    0.00    0.00    6.06    0.00    0.00    0.00   47.47
12:58:46 PM    2   20.83    0.00   21.88    0.00    0.00    7.29    0.00    0.00    0.00   50.00
12:58:46 PM    3   23.23    0.00   22.22    0.00    0.00    8.08    0.00    0.00    0.00   46.46
12:58:46 PM    4   19.39    0.00   20.41    0.00    0.00    8.16    0.00    0.00    0.00   52.04
12:58:46 PM    5   21.43    0.00   17.35    0.00    0.00    8.16    0.00    0.00    0.00   53.06
12:58:46 PM    6   21.65    0.00   18.56    0.00    0.00    6.19    0.00    0.00    0.00   53.61
12:58:46 PM    7   19.35    0.00   16.13    0.00    0.00    8.60    0.00    0.00    0.00   55.91

12:58:46 PM  CPU    %usr   %nice    %sys %iowait    %irq   %soft  %steal  %guest  %gnice   %idle
12:58:47 PM  all   21.71    0.00   16.87    0.00    0.00    7.44    0.00    0.00    0.00   53.97
12:58:47 PM    0   23.53    0.00   16.67    0.00    0.00    6.86    0.00    0.00    0.00   52.94
12:58:47 PM    1   23.53    0.00   15.69    0.00    0.00    8.82    0.00    0.00    0.00   51.96
12:58:47 PM    2   25.25    0.00   13.13    0.00    0.00    8.08    0.00    0.00    0.00   53.54
12:58:47 PM    3   24.07    0.00   19.44    0.00    0.00    7.41    0.00    0.00    0.00   49.07
12:58:47 PM    4   17.53    0.00   16.49    0.00    0.00    8.25    0.00    0.00    0.00   57.73
12:58:47 PM    5   20.79    0.00   15.84    0.00    0.00    8.91    0.00    0.00    0.00   54.46
12:58:47 PM    6   20.62    0.00   17.53    0.00    0.00    5.15    0.00    0.00    0.00   56.70
12:58:47 PM    7   18.00    0.00   20.00    0.00    0.00    6.00    0.00    0.00    0.00   56.00

12:58:47 PM  CPU    %usr   %nice    %sys %iowait    %irq   %soft  %steal  %guest  %gnice   %idle
12:58:48 PM  all   21.88    0.00   18.25    0.12    0.00    6.50    0.00    0.00    0.00   53.25
12:58:48 PM    0   21.78    0.00   19.80    0.00    0.00    6.93    0.00    0.00    0.00   51.49
12:58:48 PM    1   24.51    0.00   15.69    0.00    0.00    8.82    0.00    0.00    0.00   50.98
12:58:48 PM    2   23.23    0.00   17.17    0.00    0.00    6.06    0.00    0.00    0.00   53.54
12:58:48 PM    3   24.00    0.00   21.00    0.00    0.00    4.00    0.00    0.00    0.00   51.00
12:58:48 PM    4   20.41    0.00   16.33    0.00    0.00    8.16    0.00    0.00    0.00   55.10
12:58:48 PM    5   24.51    0.00   13.73    0.98    0.00    7.84    0.00    0.00    0.00   52.94
12:58:48 PM    6   19.80    0.00   18.81    0.00    0.00    5.94    0.00    0.00    0.00   55.45
12:58:48 PM    7   16.49    0.00   23.71    0.00    0.00    4.12    0.00    0.00    0.00   55.67

12:58:48 PM  CPU    %usr   %nice    %sys %iowait    %irq   %soft  %steal  %guest  %gnice   %idle
12:58:49 PM  all   23.03    0.00   21.09    0.00    0.00    7.63    0.00    0.00    0.00   48.25
12:58:49 PM    0   29.00    0.00   23.00    0.00    0.00    8.00    0.00    0.00    0.00   40.00
12:58:49 PM    1   27.45    0.00   23.53    0.00    0.00    9.80    0.00    0.00    0.00   39.22
12:58:49 PM    2   32.32    0.00   19.19    0.00    0.00    8.08    0.00    0.00    0.00   40.40
12:58:49 PM    3   26.04    0.00   23.96    0.00    0.00    8.33    0.00    0.00    0.00   41.67
12:58:49 PM    4   14.89    0.00   23.40    0.00    0.00    5.32    0.00    0.00    0.00   56.38
12:58:49 PM    5   15.56    0.00   21.11    0.00    0.00    4.44    0.00    0.00    0.00   58.89
12:58:49 PM    6   17.71    0.00   18.75    0.00    0.00    8.33    0.00    0.00    0.00   55.21
12:58:49 PM    7   19.79    0.00   15.62    0.00    0.00    8.33    0.00    0.00    0.00   56.25

12:58:49 PM  CPU    %usr   %nice    %sys %iowait    %irq   %soft  %steal  %guest  %gnice   %idle
12:58:50 PM  all   22.90    0.00   22.37    0.00    0.00    6.66    0.00    0.00    0.00   48.07
12:58:50 PM    0   26.44    0.00   19.54    0.00    0.00    6.90    0.00    0.00    0.00   47.13
12:58:50 PM    1   27.37    0.00   20.00    0.00    0.00    8.42    0.00    0.00    0.00   44.21
12:58:50 PM    2   23.16    0.00   24.21    0.00    0.00    8.42    0.00    0.00    0.00   44.21
12:58:50 PM    3   23.08    0.00   20.88    0.00    0.00    9.89    0.00    0.00    0.00   46.15
12:58:50 PM    4   21.88    0.00   21.88    0.00    0.00    6.25    0.00    0.00    0.00   50.00
12:58:50 PM    5   21.88    0.00   22.92    0.00    0.00    4.17    0.00    0.00    0.00   51.04
12:58:50 PM    6   18.95    0.00   25.26    0.00    0.00    4.21    0.00    0.00    0.00   51.58
12:58:50 PM    7   20.83    0.00   23.96    0.00    0.00    5.21    0.00    0.00    0.00   50.00

12:58:50 PM  CPU    %usr   %nice    %sys %iowait    %irq   %soft  %steal  %guest  %gnice   %idle
12:58:51 PM  all    9.74    0.00   13.92    0.00    0.00    2.78    0.00    0.00    0.00   73.55
12:58:51 PM    0    9.26    0.00   12.96    0.00    0.00    4.63    0.00    0.00    0.00   73.15
12:58:51 PM    1    9.52    0.00   14.29    0.00    0.00    1.90    0.00    0.00    0.00   74.29
12:58:51 PM    2    6.67    0.00   16.19    0.00    0.00    2.86    0.00    0.00    0.00   74.29
12:58:51 PM    3   14.41    0.00   12.61    0.00    0.00    2.70    0.00    0.00    0.00   70.27
12:58:51 PM    4    8.33    0.00   13.89    0.00    0.00    2.78    0.00    0.00    0.00   75.00
12:58:51 PM    5   12.04    0.00   12.04    0.00    0.00    1.85    0.00    0.00    0.00   74.07
12:58:51 PM    6    9.35    0.00   13.08    0.00    0.00    2.80    0.00    0.00    0.00   74.77
12:58:51 PM    7    8.18    0.00   16.36    0.00    0.00    2.73    0.00    0.00    0.00   72.73

12:58:51 PM  CPU    %usr   %nice    %sys %iowait    %irq   %soft  %steal  %guest  %gnice   %idle
12:58:52 PM  all    7.67    0.00   15.44    0.00    0.00    3.29    0.00    0.00    0.00   73.60
12:58:52 PM    0    7.69    0.00   17.09    0.00    0.00    4.27    0.00    0.00    0.00   70.94
12:58:52 PM    1    7.83    0.00   15.65    0.00    0.00    3.48    0.00    0.00    0.00   73.04
12:58:52 PM    2    7.69    0.00   17.09    0.00    0.00    3.42    0.00    0.00    0.00   71.79
12:58:52 PM    3    9.09    0.00   11.82    0.00    0.00    1.82    0.00    0.00    0.00   77.27
12:58:52 PM    4    9.32    0.00   16.10    0.00    0.00    4.24    0.00    0.00    0.00   70.34
12:58:52 PM    5    7.14    0.00   14.29    0.00    0.00    2.68    0.00    0.00    0.00   75.89
12:58:52 PM    6    7.08    0.00   16.81    0.00    0.00    1.77    0.00    0.00    0.00   74.34
12:58:52 PM    7    5.41    0.00   14.41    0.00    0.00    4.50    0.00    0.00    0.00   75.68

12:58:52 PM  CPU    %usr   %nice    %sys %iowait    %irq   %soft  %steal  %guest  %gnice   %idle
12:58:53 PM  all    8.17    0.00   15.66    0.34    0.00    2.35    0.00    0.00    0.00   73.49
12:58:53 PM    0    7.41    0.00   12.04    0.00    0.00    2.78    0.00    0.00    0.00   77.78
12:58:53 PM    1   10.53    0.00   14.04    0.88    0.00    2.63    0.00    0.00    0.00   71.93
12:58:53 PM    2    7.14    0.00   15.18    0.00    0.00    4.46    0.00    0.00    0.00   73.21
12:58:53 PM    3    8.77    0.00   17.54    0.00    0.00    1.75    0.00    0.00    0.00   71.93
12:58:53 PM    4    8.62    0.00   18.97    0.00    0.00    2.59    0.00    0.00    0.00   69.83
12:58:53 PM    5    5.71    0.00   15.24    0.95    0.00    0.00    0.00    0.00    0.00   78.10
12:58:53 PM    6    8.70    0.00   16.52    0.87    0.00    3.48    0.00    0.00    0.00   70.43
12:58:53 PM    7    8.18    0.00   15.45    0.00    0.00    0.91    0.00    0.00    0.00   75.45
