Linux 5.15.0-171-generic (cloudnet-s05) 	05/19/2026 	_x86_64_	(8 CPU)

12:44:42 PM  CPU    %usr   %nice    %sys %iowait    %irq   %soft  %steal  %guest  %gnice   %idle
12:44:43 PM  all   13.45    0.00    6.60    0.00    0.00    3.24    0.00    0.00    0.00   76.71
12:44:43 PM    0   12.00    0.00    7.00    0.00    0.00    3.00    0.00    0.00    0.00   78.00
12:44:43 PM    1   15.15    0.00    7.07    0.00    0.00    4.04    0.00    0.00    0.00   73.74
12:44:43 PM    2   12.75    0.00    8.82    0.00    0.00    1.96    0.00    0.00    0.00   76.47
12:44:43 PM    3   15.15    0.00    4.04    0.00    0.00    4.04    0.00    0.00    0.00   76.77
12:44:43 PM    4   15.84    0.00    4.95    0.00    0.00    2.97    0.00    0.00    0.00   76.24
12:44:43 PM    5   11.76    0.00    7.84    0.00    0.00    3.92    0.00    0.00    0.00   76.47
12:44:43 PM    6   12.87    0.00    6.93    0.00    0.00    2.97    0.00    0.00    0.00   77.23
12:44:43 PM    7   12.12    0.00    6.06    0.00    0.00    3.03    0.00    0.00    0.00   78.79

12:44:43 PM  CPU    %usr   %nice    %sys %iowait    %irq   %soft  %steal  %guest  %gnice   %idle
12:44:44 PM  all   11.69    0.00    6.99    0.00    0.00    2.92    0.00    0.00    0.00   78.40
12:44:44 PM    0   11.22    0.00    4.08    0.00    0.00    6.12    0.00    0.00    0.00   78.57
12:44:44 PM    1   11.11    0.00    9.09    0.00    0.00    2.02    0.00    0.00    0.00   77.78
12:44:44 PM    2   14.43    0.00    5.15    0.00    0.00    1.03    0.00    0.00    0.00   79.38
12:44:44 PM    3   12.87    0.00    6.93    0.00    0.00    3.96    0.00    0.00    0.00   76.24
12:44:44 PM    4   12.00    0.00   10.00    0.00    0.00    1.00    0.00    0.00    0.00   77.00
12:44:44 PM    5   12.24    0.00    7.14    0.00    0.00    1.02    0.00    0.00    0.00   79.59
12:44:44 PM    6    9.18    0.00    8.16    0.00    0.00    4.08    0.00    0.00    0.00   78.57
12:44:44 PM    7   10.42    0.00    5.21    0.00    0.00    4.17    0.00    0.00    0.00   80.21

12:44:44 PM  CPU    %usr   %nice    %sys %iowait    %irq   %soft  %steal  %guest  %gnice   %idle
12:44:45 PM  all   11.33    0.00    5.79    0.00    0.00    2.83    0.00    0.00    0.00   80.05
12:44:45 PM    0   11.22    0.00    6.12    0.00    0.00    3.06    0.00    0.00    0.00   79.59
12:44:45 PM    1   11.34    0.00    5.15    0.00    0.00    3.09    0.00    0.00    0.00   80.41
12:44:45 PM    2   10.42    0.00    6.25    0.00    0.00    2.08    0.00    0.00    0.00   81.25
12:44:45 PM    3   12.24    0.00    5.10    0.00    0.00    3.06    0.00    0.00    0.00   79.59
12:44:45 PM    4    9.38    0.00    6.25    0.00    0.00    3.12    0.00    0.00    0.00   81.25
12:44:45 PM    5   10.42    0.00    6.25    0.00    0.00    2.08    0.00    0.00    0.00   81.25
12:44:45 PM    6   14.29    0.00    4.08    0.00    0.00    2.04    0.00    0.00    0.00   79.59
12:44:45 PM    7   11.22    0.00    7.14    0.00    0.00    4.08    0.00    0.00    0.00   77.55

12:44:45 PM  CPU    %usr   %nice    %sys %iowait    %irq   %soft  %steal  %guest  %gnice   %idle
12:44:46 PM  all   14.34    0.00    9.13    0.00    0.00    3.39    0.00    0.00    0.00   73.14
12:44:46 PM    0   12.77    0.00    9.57    0.00    0.00    2.13    0.00    0.00    0.00   75.53
12:44:46 PM    1   15.46    0.00    6.19    0.00    0.00    6.19    0.00    0.00    0.00   72.16
12:44:46 PM    2   17.00    0.00   12.00    0.00    0.00    3.00    0.00    0.00    0.00   68.00
12:44:46 PM    3   13.68    0.00    9.47    0.00    0.00    2.11    0.00    0.00    0.00   74.74
12:44:46 PM    4   16.84    0.00    6.32    0.00    0.00    3.16    0.00    0.00    0.00   73.68
12:44:46 PM    5   10.64    0.00    9.57    0.00    0.00    5.32    0.00    0.00    0.00   74.47
12:44:46 PM    6   15.62    0.00    9.38    0.00    0.00    2.08    0.00    0.00    0.00   72.92
12:44:46 PM    7   12.50    0.00   10.42    0.00    0.00    3.12    0.00    0.00    0.00   73.96

12:44:46 PM  CPU    %usr   %nice    %sys %iowait    %irq   %soft  %steal  %guest  %gnice   %idle
12:44:47 PM  all   13.52    0.00   10.27    0.39    0.00    5.72    0.00    0.00    0.00   70.09
12:44:47 PM    0   13.27    0.00   11.22    0.00    0.00    5.10    0.00    0.00    0.00   70.41
12:44:47 PM    1   15.62    0.00    8.33    0.00    0.00    6.25    0.00    0.00    0.00   69.79
12:44:47 PM    2   12.63    0.00    9.47    0.00    0.00    6.32    0.00    0.00    0.00   71.58
12:44:47 PM    3   14.58    0.00    9.38    0.00    0.00    5.21    0.00    0.00    0.00   70.83
12:44:47 PM    4   14.29    0.00    9.18    1.02    0.00    6.12    0.00    0.00    0.00   69.39
12:44:47 PM    5   13.68    0.00   12.63    1.05    0.00    3.16    0.00    0.00    0.00   69.47
12:44:47 PM    6   11.34    0.00   12.37    1.03    0.00    7.22    0.00    0.00    0.00   68.04
12:44:47 PM    7   12.77    0.00    9.57    0.00    0.00    6.38    0.00    0.00    0.00   71.28

12:44:47 PM  CPU    %usr   %nice    %sys %iowait    %irq   %soft  %steal  %guest  %gnice   %idle
12:44:48 PM  all   14.42    0.00   15.34    0.00    0.00    5.03    0.00    0.00    0.00   65.21
12:44:48 PM    0   11.96    0.00   14.13    0.00    0.00    5.43    0.00    0.00    0.00   68.48
12:44:48 PM    1   12.77    0.00   14.89    0.00    0.00    5.32    0.00    0.00    0.00   67.02
12:44:48 PM    2   12.90    0.00   15.05    0.00    0.00    6.45    0.00    0.00    0.00   65.59
12:44:48 PM    3   16.84    0.00   14.74    0.00    0.00    4.21    0.00    0.00    0.00   64.21
12:44:48 PM    4   13.68    0.00   16.84    0.00    0.00    5.26    0.00    0.00    0.00   64.21
12:44:48 PM    5   16.00    0.00   19.00    0.00    0.00    4.00    0.00    0.00    0.00   61.00
12:44:48 PM    6   14.74    0.00   13.68    0.00    0.00    6.32    0.00    0.00    0.00   65.26
12:44:48 PM    7   16.30    0.00   14.13    0.00    0.00    3.26    0.00    0.00    0.00   66.30

12:44:48 PM  CPU    %usr   %nice    %sys %iowait    %irq   %soft  %steal  %guest  %gnice   %idle
12:44:49 PM  all   14.73    0.00   13.04    0.00    0.00    4.30    0.00    0.00    0.00   67.93
12:44:49 PM    0   13.68    0.00   11.58    0.00    0.00    4.21    0.00    0.00    0.00   70.53
12:44:49 PM    1   13.54    0.00   13.54    0.00    0.00    4.17    0.00    0.00    0.00   68.75
12:44:49 PM    2   13.27    0.00   15.31    0.00    0.00    5.10    0.00    0.00    0.00   66.33
12:44:49 PM    3   14.74    0.00   12.63    0.00    0.00    3.16    0.00    0.00    0.00   69.47
12:44:49 PM    4   16.67    0.00   12.50    0.00    0.00    4.17    0.00    0.00    0.00   66.67
12:44:49 PM    5   16.33    0.00   13.27    0.00    0.00    4.08    0.00    0.00    0.00   66.33
12:44:49 PM    6   16.67    0.00   12.50    0.00    0.00    4.17    0.00    0.00    0.00   66.67
12:44:49 PM    7   12.90    0.00   12.90    0.00    0.00    5.38    0.00    0.00    0.00   68.82

12:44:49 PM  CPU    %usr   %nice    %sys %iowait    %irq   %soft  %steal  %guest  %gnice   %idle
12:44:50 PM  all   14.92    0.00   14.67    0.00    0.00    5.18    0.00    0.00    0.00   65.23
12:44:50 PM    0   13.59    0.00   17.48    0.00    0.00    4.85    0.00    0.00    0.00   64.08
12:44:50 PM    1   15.00    0.00   15.00    0.00    0.00    4.00    0.00    0.00    0.00   66.00
12:44:50 PM    2   13.13    0.00   13.13    0.00    0.00    7.07    0.00    0.00    0.00   66.67
12:44:50 PM    3   16.67    0.00   14.71    0.00    0.00    4.90    0.00    0.00    0.00   63.73
12:44:50 PM    4   12.87    0.00   15.84    0.00    0.00    4.95    0.00    0.00    0.00   66.34
12:44:50 PM    5   17.31    0.00   12.50    0.00    0.00    6.73    0.00    0.00    0.00   63.46
12:44:50 PM    6   13.13    0.00   16.16    0.00    0.00    4.04    0.00    0.00    0.00   66.67
12:44:50 PM    7   17.48    0.00   12.62    0.00    0.00    4.85    0.00    0.00    0.00   65.05

12:44:50 PM  CPU    %usr   %nice    %sys %iowait    %irq   %soft  %steal  %guest  %gnice   %idle
12:44:51 PM  all   16.11    0.00   14.13    0.12    0.00    4.58    0.00    0.00    0.00   65.06
12:44:51 PM    0   10.89    0.00   17.82    0.00    0.00    4.95    0.00    0.00    0.00   66.34
12:44:51 PM    1   17.65    0.00   12.75    0.00    0.00    3.92    0.00    0.00    0.00   65.69
12:44:51 PM    2   16.67    0.00   15.69    0.00    0.00    3.92    0.00    0.00    0.00   63.73
12:44:51 PM    3   16.35    0.00   13.46    0.00    0.00    5.77    0.00    0.00    0.00   64.42
12:44:51 PM    4   17.82    0.00   12.87    0.00    0.00    4.95    0.00    0.00    0.00   64.36
12:44:51 PM    5   19.19    0.00   13.13    0.00    0.00    3.03    0.00    0.00    0.00   64.65
12:44:51 PM    6   15.15    0.00   14.14    0.00    0.00    5.05    0.00    0.00    0.00   65.66
12:44:51 PM    7   15.15    0.00   13.13    1.01    0.00    5.05    0.00    0.00    0.00   65.66

12:44:51 PM  CPU    %usr   %nice    %sys %iowait    %irq   %soft  %steal  %guest  %gnice   %idle
12:44:52 PM  all   18.03    0.00   18.42    0.26    0.00    5.97    0.00    0.00    0.00   57.33
12:44:52 PM    0   17.17    0.00   18.18    0.00    0.00    7.07    0.00    0.00    0.00   57.58
12:44:52 PM    1   16.84    0.00   17.89    0.00    0.00    6.32    0.00    0.00    0.00   58.95
12:44:52 PM    2   16.33    0.00   18.37    1.02    0.00    7.14    0.00    0.00    0.00   57.14
12:44:52 PM    3   17.89    0.00   16.84    0.00    0.00    7.37    0.00    0.00    0.00   57.89
12:44:52 PM    4   17.53    0.00   21.65    0.00    0.00    4.12    0.00    0.00    0.00   56.70
12:44:52 PM    5   18.95    0.00   18.95    0.00    0.00    5.26    0.00    0.00    0.00   56.84
12:44:52 PM    6   18.95    0.00   17.89    1.05    0.00    5.26    0.00    0.00    0.00   56.84
12:44:52 PM    7   20.62    0.00   17.53    0.00    0.00    5.15    0.00    0.00    0.00   56.70

12:44:52 PM  CPU    %usr   %nice    %sys %iowait    %irq   %soft  %steal  %guest  %gnice   %idle
12:44:53 PM  all   18.87    0.00   20.45    0.00    0.00    4.72    0.00    0.00    0.00   55.96
12:44:53 PM    0   15.46    0.00   20.62    0.00    0.00    7.22    0.00    0.00    0.00   56.70
12:44:53 PM    1   18.37    0.00   20.41    0.00    0.00    6.12    0.00    0.00    0.00   55.10
12:44:53 PM    2   16.49    0.00   24.74    0.00    0.00    4.12    0.00    0.00    0.00   54.64
12:44:53 PM    3   18.56    0.00   21.65    0.00    0.00    4.12    0.00    0.00    0.00   55.67
12:44:53 PM    4   19.15    0.00   20.21    0.00    0.00    3.19    0.00    0.00    0.00   57.45
12:44:53 PM    5   21.51    0.00   17.20    0.00    0.00    3.23    0.00    0.00    0.00   58.06
12:44:53 PM    6   24.74    0.00   17.53    0.00    0.00    4.12    0.00    0.00    0.00   53.61
12:44:53 PM    7   16.67    0.00   21.11    0.00    0.00    5.56    0.00    0.00    0.00   56.67

12:44:53 PM  CPU    %usr   %nice    %sys %iowait    %irq   %soft  %steal  %guest  %gnice   %idle
12:44:54 PM  all   17.00    0.00   16.07    0.00    0.00    4.91    0.00    0.00    0.00   62.02
12:44:54 PM    0   18.28    0.00   15.05    0.00    0.00    5.38    0.00    0.00    0.00   61.29
12:44:54 PM    1   17.71    0.00   19.79    0.00    0.00    3.12    0.00    0.00    0.00   59.38
12:44:54 PM    2   16.67    0.00   13.33    0.00    0.00    4.44    0.00    0.00    0.00   65.56
12:44:54 PM    3   17.89    0.00   14.74    0.00    0.00    6.32    0.00    0.00    0.00   61.05
12:44:54 PM    4   18.75    0.00   14.58    0.00    0.00    5.21    0.00    0.00    0.00   61.46
12:44:54 PM    5   15.84    0.00   21.78    0.00    0.00    3.96    0.00    0.00    0.00   58.42
12:44:54 PM    6   16.30    0.00   13.04    0.00    0.00    5.43    0.00    0.00    0.00   65.22
12:44:54 PM    7   14.44    0.00   15.56    0.00    0.00    5.56    0.00    0.00    0.00   64.44

12:44:54 PM  CPU    %usr   %nice    %sys %iowait    %irq   %soft  %steal  %guest  %gnice   %idle
12:44:55 PM  all   14.42    0.00   17.40    0.00    0.00    4.81    0.00    0.00    0.00   63.38
12:44:55 PM    0   14.29    0.00   18.37    0.00    0.00    4.08    0.00    0.00    0.00   63.27
12:44:55 PM    1   13.68    0.00   15.79    0.00    0.00    5.26    0.00    0.00    0.00   65.26
12:44:55 PM    2   13.40    0.00   17.53    0.00    0.00    4.12    0.00    0.00    0.00   64.95
12:44:55 PM    3   14.44    0.00   11.11    0.00    0.00    5.56    0.00    0.00    0.00   68.89
12:44:55 PM    4   17.17    0.00   18.18    0.00    0.00    4.04    0.00    0.00    0.00   60.61
12:44:55 PM    5   17.00    0.00   17.00    0.00    0.00    6.00    0.00    0.00    0.00   60.00
12:44:55 PM    6   12.63    0.00   18.95    0.00    0.00    5.26    0.00    0.00    0.00   63.16
12:44:55 PM    7   12.50    0.00   21.88    0.00    0.00    4.17    0.00    0.00    0.00   61.46

12:44:55 PM  CPU    %usr   %nice    %sys %iowait    %irq   %soft  %steal  %guest  %gnice   %idle
12:44:56 PM  all   17.08    0.00   16.40    0.00    0.00    5.43    0.00    0.00    0.00   61.09
12:44:56 PM    0   19.44    0.00   14.81    0.00    0.00    2.78    0.00    0.00    0.00   62.96
12:44:56 PM    1   15.60    0.00   16.51    0.00    0.00    6.42    0.00    0.00    0.00   61.47
12:44:56 PM    2   19.09    0.00   16.36    0.00    0.00    3.64    0.00    0.00    0.00   60.91
12:44:56 PM    3   16.07    0.00   17.86    0.00    0.00    6.25    0.00    0.00    0.00   59.82
12:44:56 PM    4   13.51    0.00   18.92    0.00    0.00    6.31    0.00    0.00    0.00   61.26
12:44:56 PM    5   19.47    0.00   14.16    0.00    0.00    7.08    0.00    0.00    0.00   59.29
12:44:56 PM    6   15.32    0.00   18.02    0.00    0.00    5.41    0.00    0.00    0.00   61.26
12:44:56 PM    7   18.18    0.00   14.55    0.00    0.00    5.45    0.00    0.00    0.00   61.82

12:44:56 PM  CPU    %usr   %nice    %sys %iowait    %irq   %soft  %steal  %guest  %gnice   %idle
12:44:57 PM  all   17.57    0.00   16.31    0.25    0.00    4.30    0.00    0.00    0.00   61.57
12:44:57 PM    0   18.27    0.00   16.35    0.96    0.00    5.77    0.00    0.00    0.00   58.65
12:44:57 PM    1   17.35    0.00   15.31    0.00    0.00    4.08    0.00    0.00    0.00   63.27
12:44:57 PM    2   17.53    0.00   14.43    0.00    0.00    4.12    0.00    0.00    0.00   63.92
12:44:57 PM    3   15.46    0.00   15.46    0.00    0.00    4.12    0.00    0.00    0.00   64.95
12:44:57 PM    4   16.67    0.00   17.71    0.00    0.00    3.12    0.00    0.00    0.00   62.50
12:44:57 PM    5   16.49    0.00   16.49    1.03    0.00    5.15    0.00    0.00    0.00   60.82
12:44:57 PM    6   20.79    0.00   17.82    0.00    0.00    2.97    0.00    0.00    0.00   58.42
12:44:57 PM    7   17.82    0.00   16.83    0.00    0.00    4.95    0.00    0.00    0.00   60.40

12:44:57 PM  CPU    %usr   %nice    %sys %iowait    %irq   %soft  %steal  %guest  %gnice   %idle
12:44:58 PM  all   16.32    0.00   17.83    0.00    0.00    6.29    0.00    0.00    0.00   59.56
12:44:58 PM    0   15.32    0.00   18.92    0.00    0.00    9.01    0.00    0.00    0.00   56.76
12:44:58 PM    1   18.69    0.00   15.89    0.00    0.00    6.54    0.00    0.00    0.00   58.88
12:44:58 PM    2   15.74    0.00   20.37    0.00    0.00    5.56    0.00    0.00    0.00   58.33
12:44:58 PM    3   18.27    0.00   14.42    0.00    0.00    5.77    0.00    0.00    0.00   61.54
12:44:58 PM    4   16.51    0.00   17.43    0.00    0.00    5.50    0.00    0.00    0.00   60.55
12:44:58 PM    5   15.60    0.00   19.27    0.00    0.00    6.42    0.00    0.00    0.00   58.72
12:44:58 PM    6   12.75    0.00   15.69    0.00    0.00    7.84    0.00    0.00    0.00   63.73
12:44:58 PM    7   17.59    0.00   20.37    0.00    0.00    3.70    0.00    0.00    0.00   58.33

12:44:58 PM  CPU    %usr   %nice    %sys %iowait    %irq   %soft  %steal  %guest  %gnice   %idle
12:44:59 PM  all   16.55    0.00   19.29    0.00    0.00    4.45    0.00    0.00    0.00   59.70
12:44:59 PM    0   15.89    0.00   16.82    0.00    0.00    5.61    0.00    0.00    0.00   61.68
12:44:59 PM    1   17.43    0.00   20.18    0.00    0.00    2.75    0.00    0.00    0.00   59.63
12:44:59 PM    2   13.89    0.00   22.22    0.00    0.00    3.70    0.00    0.00    0.00   60.19
12:44:59 PM    3   19.30    0.00   20.18    0.00    0.00    4.39    0.00    0.00    0.00   56.14
12:44:59 PM    4   16.36    0.00   17.27    0.00    0.00    7.27    0.00    0.00    0.00   59.09
12:44:59 PM    5   13.39    0.00   23.21    0.00    0.00    3.57    0.00    0.00    0.00   59.82
12:44:59 PM    6   17.92    0.00   16.04    0.00    0.00    3.77    0.00    0.00    0.00   62.26
12:44:59 PM    7   18.18    0.00   18.18    0.00    0.00    4.55    0.00    0.00    0.00   59.09

12:44:59 PM  CPU    %usr   %nice    %sys %iowait    %irq   %soft  %steal  %guest  %gnice   %idle
12:45:00 PM  all   15.85    0.00   19.33    0.00    0.00    5.75    0.00    0.00    0.00   59.07
12:45:00 PM    0   14.55    0.00   18.18    0.00    0.00    5.45    0.00    0.00    0.00   61.82
12:45:00 PM    1   15.25    0.00   22.88    0.00    0.00    4.24    0.00    0.00    0.00   57.63
12:45:00 PM    2   13.16    0.00   21.05    0.00    0.00    5.26    0.00    0.00    0.00   60.53
12:45:00 PM    3   16.07    0.00   16.07    0.00    0.00    6.25    0.00    0.00    0.00   61.61
12:45:00 PM    4   18.49    0.00   18.49    0.00    0.00    5.88    0.00    0.00    0.00   57.14
12:45:00 PM    5   20.00    0.00   18.26    0.00    0.00    3.48    0.00    0.00    0.00   58.26
12:45:00 PM    6   15.25    0.00   21.19    0.00    0.00    6.78    0.00    0.00    0.00   56.78
12:45:00 PM    7   13.91    0.00   18.26    0.00    0.00    8.70    0.00    0.00    0.00   59.13

12:45:00 PM  CPU    %usr   %nice    %sys %iowait    %irq   %soft  %steal  %guest  %gnice   %idle
12:45:01 PM  all   16.17    0.00   20.02    0.00    0.00    4.95    0.00    0.00    0.00   58.86
12:45:01 PM    0   15.18    0.00   19.64    0.00    0.00    5.36    0.00    0.00    0.00   59.82
12:45:01 PM    1   18.02    0.00   18.92    0.00    0.00    2.70    0.00    0.00    0.00   60.36
12:45:01 PM    2   13.16    0.00   22.81    0.00    0.00    5.26    0.00    0.00    0.00   58.77
12:45:01 PM    3   15.52    0.00   23.28    0.00    0.00    4.31    0.00    0.00    0.00   56.90
12:45:01 PM    4   22.12    0.00   14.16    0.00    0.00    4.42    0.00    0.00    0.00   59.29
12:45:01 PM    5   15.79    0.00   20.18    0.00    0.00    5.26    0.00    0.00    0.00   58.77
12:45:01 PM    6   15.52    0.00   20.69    0.00    0.00    6.03    0.00    0.00    0.00   57.76
12:45:01 PM    7   14.16    0.00   20.35    0.00    0.00    6.19    0.00    0.00    0.00   59.29

12:45:01 PM  CPU    %usr   %nice    %sys %iowait    %irq   %soft  %steal  %guest  %gnice   %idle
12:45:02 PM  all   17.85    0.00   20.33    0.24    0.00    5.08    0.00    0.00    0.00   56.50
12:45:02 PM    0   17.92    0.00   19.81    0.00    0.00    3.77    0.00    0.00    0.00   58.49
12:45:02 PM    1   15.24    0.00   22.86    0.95    0.00    4.76    0.00    0.00    0.00   56.19
12:45:02 PM    2   16.04    0.00   20.75    0.00    0.00    4.72    0.00    0.00    0.00   58.49
12:45:02 PM    3   11.32    0.00   24.53    0.94    0.00    5.66    0.00    0.00    0.00   57.55
12:45:02 PM    4   21.90    0.00   17.14    0.00    0.00    5.71    0.00    0.00    0.00   55.24
12:45:02 PM    5   18.87    0.00   20.75    0.00    0.00    5.66    0.00    0.00    0.00   54.72
12:45:02 PM    6   19.81    0.00   17.92    0.00    0.00    5.66    0.00    0.00    0.00   56.60
12:45:02 PM    7   21.70    0.00   18.87    0.00    0.00    4.72    0.00    0.00    0.00   54.72

12:45:02 PM  CPU    %usr   %nice    %sys %iowait    %irq   %soft  %steal  %guest  %gnice   %idle
12:45:03 PM  all   19.40    0.00   22.53    0.00    0.00    5.60    0.00    0.00    0.00   52.47
12:45:03 PM    0   19.10    0.00   17.98    0.00    0.00    4.49    0.00    0.00    0.00   58.43
12:45:03 PM    1   17.89    0.00   21.05    0.00    0.00    6.32    0.00    0.00    0.00   54.74
12:45:03 PM    2   22.45    0.00   22.45    0.00    0.00    5.10    0.00    0.00    0.00   50.00
12:45:03 PM    3   16.83    0.00   24.75    0.00    0.00    7.92    0.00    0.00    0.00   50.50
12:45:03 PM    4   21.05    0.00   23.16    0.00    0.00    4.21    0.00    0.00    0.00   51.58
12:45:03 PM    5   19.19    0.00   21.21    0.00    0.00    8.08    0.00    0.00    0.00   51.52
12:45:03 PM    6   19.15    0.00   24.47    0.00    0.00    4.26    0.00    0.00    0.00   52.13
12:45:03 PM    7   19.59    0.00   24.74    0.00    0.00    4.12    0.00    0.00    0.00   51.55

12:45:03 PM  CPU    %usr   %nice    %sys %iowait    %irq   %soft  %steal  %guest  %gnice   %idle
12:45:04 PM  all   18.62    0.00   18.96    0.00    0.00    4.77    0.00    0.00    0.00   57.66
12:45:04 PM    0   18.52    0.00   17.59    0.00    0.00    3.70    0.00    0.00    0.00   60.19
12:45:04 PM    1   14.95    0.00   17.76    0.00    0.00    7.48    0.00    0.00    0.00   59.81
12:45:04 PM    2   18.02    0.00   20.72    0.00    0.00    2.70    0.00    0.00    0.00   58.56
12:45:04 PM    3   20.00    0.00   18.18    0.00    0.00    3.64    0.00    0.00    0.00   58.18
12:45:04 PM    4   22.12    0.00   17.70    0.00    0.00    4.42    0.00    0.00    0.00   55.75
12:45:04 PM    5   16.82    0.00   20.56    0.00    0.00    4.67    0.00    0.00    0.00   57.94
12:45:04 PM    6   18.92    0.00   18.92    0.00    0.00    5.41    0.00    0.00    0.00   56.76
12:45:04 PM    7   19.30    0.00   20.18    0.00    0.00    6.14    0.00    0.00    0.00   54.39

12:45:04 PM  CPU    %usr   %nice    %sys %iowait    %irq   %soft  %steal  %guest  %gnice   %idle
12:45:05 PM  all   17.29    0.00   21.26    0.00    0.00    5.49    0.00    0.00    0.00   55.96
12:45:05 PM    0   16.19    0.00   21.90    0.00    0.00    3.81    0.00    0.00    0.00   58.10
12:45:05 PM    1   12.00    0.00   22.00    0.00    0.00    5.00    0.00    0.00    0.00   61.00
12:45:05 PM    2   17.14    0.00   19.05    0.00    0.00    5.71    0.00    0.00    0.00   58.10
12:45:05 PM    3   16.19    0.00   20.00    0.00    0.00    5.71    0.00    0.00    0.00   58.10
12:45:05 PM    4   20.91    0.00   20.00    0.00    0.00    6.36    0.00    0.00    0.00   52.73
12:45:05 PM    5   16.96    0.00   24.11    0.00    0.00    6.25    0.00    0.00    0.00   52.68
12:45:05 PM    6   19.63    0.00   20.56    0.00    0.00    4.67    0.00    0.00    0.00   55.14
12:45:05 PM    7   18.75    0.00   22.32    0.00    0.00    6.25    0.00    0.00    0.00   52.68

12:45:05 PM  CPU    %usr   %nice    %sys %iowait    %irq   %soft  %steal  %guest  %gnice   %idle
12:45:06 PM  all   18.30    0.00   21.58    0.00    0.00    6.55    0.00    0.00    0.00   53.58
12:45:06 PM    0   14.42    0.00   23.08    0.00    0.00    7.69    0.00    0.00    0.00   54.81
12:45:06 PM    1   14.71    0.00   22.55    0.00    0.00    6.86    0.00    0.00    0.00   55.88
12:45:06 PM    2   17.82    0.00   17.82    0.00    0.00    7.92    0.00    0.00    0.00   56.44
12:45:06 PM    3   18.18    0.00   18.18    0.00    0.00    4.04    0.00    0.00    0.00   59.60
12:45:06 PM    4   20.37    0.00   24.07    0.00    0.00    6.48    0.00    0.00    0.00   49.07
12:45:06 PM    5   21.15    0.00   20.19    0.00    0.00    7.69    0.00    0.00    0.00   50.96
12:45:06 PM    6   17.82    0.00   22.77    0.00    0.00    5.94    0.00    0.00    0.00   53.47
12:45:06 PM    7   21.70    0.00   23.58    0.00    0.00    5.66    0.00    0.00    0.00   49.06

12:45:06 PM  CPU    %usr   %nice    %sys %iowait    %irq   %soft  %steal  %guest  %gnice   %idle
12:45:07 PM  all   18.25    0.00   19.91    1.18    0.00    6.99    0.00    0.00    0.00   53.67
12:45:07 PM    0   17.14    0.00   20.00    0.00    0.00    5.71    0.00    0.00    0.00   57.14
12:45:07 PM    1   17.31    0.00   17.31    3.85    0.00    7.69    0.00    0.00    0.00   53.85
12:45:07 PM    2   15.24    0.00   20.95    0.00    0.00    8.57    0.00    0.00    0.00   55.24
12:45:07 PM    3   17.59    0.00   24.07    0.00    0.00    5.56    0.00    0.00    0.00   52.78
12:45:07 PM    4   19.81    0.00   20.75    0.00    0.00    6.60    0.00    0.00    0.00   52.83
12:45:07 PM    5   18.27    0.00   17.31    0.00    0.00    7.69    0.00    0.00    0.00   56.73
12:45:07 PM    6   18.10    0.00   20.00    2.86    0.00    6.67    0.00    0.00    0.00   52.38
12:45:07 PM    7   22.43    0.00   18.69    2.80    0.00    7.48    0.00    0.00    0.00   48.60

12:45:07 PM  CPU    %usr   %nice    %sys %iowait    %irq   %soft  %steal  %guest  %gnice   %idle
12:45:08 PM  all   18.82    0.00   18.94    0.00    0.00    4.39    0.00    0.00    0.00   57.85
12:45:08 PM    0   18.35    0.00   19.27    0.00    0.00    3.67    0.00    0.00    0.00   58.72
12:45:08 PM    1   18.75    0.00   21.43    0.00    0.00    3.57    0.00    0.00    0.00   56.25
12:45:08 PM    2   16.35    0.00   18.27    0.00    0.00    3.85    0.00    0.00    0.00   61.54
12:45:08 PM    3   15.24    0.00   18.10    0.00    0.00    5.71    0.00    0.00    0.00   60.95
12:45:08 PM    4   21.50    0.00   17.76    0.00    0.00    3.74    0.00    0.00    0.00   57.01
12:45:08 PM    5   18.75    0.00   20.54    0.00    0.00    4.46    0.00    0.00    0.00   56.25
12:45:08 PM    6   19.27    0.00   18.35    0.00    0.00    6.42    0.00    0.00    0.00   55.96
12:45:08 PM    7   22.22    0.00   17.59    0.00    0.00    3.70    0.00    0.00    0.00   56.48

12:45:08 PM  CPU    %usr   %nice    %sys %iowait    %irq   %soft  %steal  %guest  %gnice   %idle
12:45:09 PM  all   15.50    0.00   16.33    0.00    0.00    3.91    0.00    0.00    0.00   64.26
12:45:09 PM    0   12.75    0.00   15.69    0.00    0.00    3.92    0.00    0.00    0.00   67.65
12:45:09 PM    1   14.14    0.00   12.12    0.00    0.00    4.04    0.00    0.00    0.00   69.70
12:45:09 PM    2   14.02    0.00   16.82    0.00    0.00    4.67    0.00    0.00    0.00   64.49
12:45:09 PM    3   15.53    0.00   16.50    0.00    0.00    0.97    0.00    0.00    0.00   66.99
12:45:09 PM    4   16.67    0.00   16.67    0.00    0.00    5.56    0.00    0.00    0.00   61.11
12:45:09 PM    5   18.02    0.00   18.02    0.00    0.00    3.60    0.00    0.00    0.00   60.36
12:45:09 PM    6   15.60    0.00   20.18    0.00    0.00    2.75    0.00    0.00    0.00   61.47
12:45:09 PM    7   16.98    0.00   14.15    0.00    0.00    5.66    0.00    0.00    0.00   63.21

12:45:09 PM  CPU    %usr   %nice    %sys %iowait    %irq   %soft  %steal  %guest  %gnice   %idle
12:45:10 PM  all   19.52    0.00   22.70    0.00    0.00    5.74    0.00    0.00    0.00   52.04
12:45:10 PM    0   16.67    0.00   22.92    0.00    0.00    6.25    0.00    0.00    0.00   54.17
12:45:10 PM    1   19.19    0.00   23.23    0.00    0.00    4.04    0.00    0.00    0.00   53.54
12:45:10 PM    2   18.18    0.00   24.24    0.00    0.00    5.05    0.00    0.00    0.00   52.53
12:45:10 PM    3   19.19    0.00   22.22    0.00    0.00    5.05    0.00    0.00    0.00   53.54
12:45:10 PM    4   17.82    0.00   23.76    0.00    0.00    6.93    0.00    0.00    0.00   51.49
12:45:10 PM    5   22.92    0.00   21.88    0.00    0.00    5.21    0.00    0.00    0.00   50.00
12:45:10 PM    6   22.34    0.00   21.28    0.00    0.00    7.45    0.00    0.00    0.00   48.94
12:45:10 PM    7   20.00    0.00   22.00    0.00    0.00    6.00    0.00    0.00    0.00   52.00

12:45:10 PM  CPU    %usr   %nice    %sys %iowait    %irq   %soft  %steal  %guest  %gnice   %idle
12:45:11 PM  all   18.00    0.00   18.98    0.00    0.00    3.65    0.00    0.00    0.00   59.37
12:45:11 PM    0   17.92    0.00   17.92    0.00    0.00    4.72    0.00    0.00    0.00   59.43
12:45:11 PM    1   13.73    0.00   20.59    0.00    0.00    3.92    0.00    0.00    0.00   61.76
12:45:11 PM    2   17.48    0.00   19.42    0.00    0.00    2.91    0.00    0.00    0.00   60.19
12:45:11 PM    3   18.45    0.00   15.53    0.00    0.00    5.83    0.00    0.00    0.00   60.19
12:45:11 PM    4   22.55    0.00   15.69    0.00    0.00    2.94    0.00    0.00    0.00   58.82
12:45:11 PM    5   16.00    0.00   19.00    0.00    0.00    6.00    0.00    0.00    0.00   59.00
12:45:11 PM    6   17.82    0.00   22.77    0.00    0.00    0.99    0.00    0.00    0.00   58.42
12:45:11 PM    7   20.00    0.00   20.95    0.00    0.00    1.90    0.00    0.00    0.00   57.14

12:45:11 PM  CPU    %usr   %nice    %sys %iowait    %irq   %soft  %steal  %guest  %gnice   %idle
12:45:12 PM  all   18.31    0.00   17.24    0.12    0.00    4.64    0.00    0.00    0.00   59.69
12:45:12 PM    0   21.70    0.00   12.26    0.00    0.00    3.77    0.00    0.00    0.00   62.26
12:45:12 PM    1   16.50    0.00   15.53    0.00    0.00    3.88    0.00    0.00    0.00   64.08
12:45:12 PM    2   13.86    0.00   16.83    0.00    0.00    5.94    0.00    0.00    0.00   63.37
12:45:12 PM    3   13.33    0.00   18.10    0.00    0.00    5.71    0.00    0.00    0.00   62.86
12:45:12 PM    4   21.62    0.00   19.82    0.00    0.00    4.50    0.00    0.00    0.00   54.05
12:45:12 PM    5   19.23    0.00   17.31    0.00    0.00    5.77    0.00    0.00    0.00   57.69
12:45:12 PM    6   20.37    0.00   18.52    0.93    0.00    4.63    0.00    0.00    0.00   55.56
12:45:12 PM    7   19.42    0.00   19.42    0.00    0.00    2.91    0.00    0.00    0.00   58.25

12:45:12 PM  CPU    %usr   %nice    %sys %iowait    %irq   %soft  %steal  %guest  %gnice   %idle
12:45:13 PM  all   19.49    0.00   20.77    0.00    0.00    5.10    0.00    0.00    0.00   54.64
12:45:13 PM    0   19.27    0.00   21.10    0.00    0.00    3.67    0.00    0.00    0.00   55.96
12:45:13 PM    1   16.82    0.00   21.50    0.00    0.00    5.61    0.00    0.00    0.00   56.07
12:45:13 PM    2   20.18    0.00   19.27    0.00    0.00    4.59    0.00    0.00    0.00   55.96
12:45:13 PM    3   19.05    0.00   20.95    0.00    0.00    3.81    0.00    0.00    0.00   56.19
12:45:13 PM    4   21.30    0.00   19.44    0.00    0.00    6.48    0.00    0.00    0.00   52.78
12:45:13 PM    5   22.12    0.00   19.23    0.00    0.00    2.88    0.00    0.00    0.00   55.77
12:45:13 PM    6   20.00    0.00   20.00    0.00    0.00    7.27    0.00    0.00    0.00   52.73
12:45:13 PM    7   17.27    0.00   24.55    0.00    0.00    6.36    0.00    0.00    0.00   51.82

12:45:13 PM  CPU    %usr   %nice    %sys %iowait    %irq   %soft  %steal  %guest  %gnice   %idle
12:45:14 PM  all   17.64    0.00   21.53    0.00    0.00    5.96    0.00    0.00    0.00   54.87
12:45:14 PM    0   19.00    0.00   18.00    0.00    0.00    6.00    0.00    0.00    0.00   57.00
12:45:14 PM    1   16.35    0.00   24.04    0.00    0.00    3.85    0.00    0.00    0.00   55.77
12:45:14 PM    2   18.00    0.00   19.00    0.00    0.00    6.00    0.00    0.00    0.00   57.00
12:45:14 PM    3   17.14    0.00   22.86    0.00    0.00    5.71    0.00    0.00    0.00   54.29
12:45:14 PM    4   13.86    0.00   22.77    0.00    0.00    7.92    0.00    0.00    0.00   55.45
12:45:14 PM    5   17.31    0.00   22.12    0.00    0.00    6.73    0.00    0.00    0.00   53.85
12:45:14 PM    6   20.56    0.00   25.23    0.00    0.00    3.74    0.00    0.00    0.00   50.47
12:45:14 PM    7   18.81    0.00   17.82    0.00    0.00    7.92    0.00    0.00    0.00   55.45

12:45:14 PM  CPU    %usr   %nice    %sys %iowait    %irq   %soft  %steal  %guest  %gnice   %idle
12:45:15 PM  all   15.56    0.00   17.53    0.00    0.00    4.07    0.00    0.00    0.00   62.84
12:45:15 PM    0   12.50    0.00   20.19    0.00    0.00    3.85    0.00    0.00    0.00   63.46
12:45:15 PM    1   18.87    0.00   16.98    0.00    0.00    3.77    0.00    0.00    0.00   60.38
12:45:15 PM    2   13.21    0.00   19.81    0.00    0.00    5.66    0.00    0.00    0.00   61.32
12:45:15 PM    3   15.31    0.00   14.29    0.00    0.00    4.08    0.00    0.00    0.00   66.33
12:45:15 PM    4   17.53    0.00   15.46    0.00    0.00    4.12    0.00    0.00    0.00   62.89
12:45:15 PM    5   15.84    0.00   18.81    0.00    0.00    2.97    0.00    0.00    0.00   62.38
12:45:15 PM    6   16.00    0.00   17.00    0.00    0.00    4.00    0.00    0.00    0.00   63.00
12:45:15 PM    7   15.31    0.00   17.35    0.00    0.00    4.08    0.00    0.00    0.00   63.27

12:45:15 PM  CPU    %usr   %nice    %sys %iowait    %irq   %soft  %steal  %guest  %gnice   %idle
12:45:16 PM  all   15.18    0.00   12.83    0.00    0.00    3.14    0.00    0.00    0.00   68.85
12:45:16 PM    0   13.68    0.00   12.63    0.00    0.00    2.11    0.00    0.00    0.00   71.58
12:45:16 PM    1   12.50    0.00   13.54    0.00    0.00    4.17    0.00    0.00    0.00   69.79
12:45:16 PM    2   10.64    0.00   11.70    0.00    0.00    4.26    0.00    0.00    0.00   73.40
12:45:16 PM    3   10.31    0.00   17.53    0.00    0.00    4.12    0.00    0.00    0.00   68.04
12:45:16 PM    4   15.96    0.00   12.77    0.00    0.00    2.13    0.00    0.00    0.00   69.15
12:45:16 PM    5   18.09    0.00   10.64    0.00    0.00    3.19    0.00    0.00    0.00   68.09
12:45:16 PM    6   19.79    0.00   10.42    0.00    0.00    3.12    0.00    0.00    0.00   66.67
12:45:16 PM    7   20.41    0.00   13.27    0.00    0.00    2.04    0.00    0.00    0.00   64.29

12:45:16 PM  CPU    %usr   %nice    %sys %iowait    %irq   %soft  %steal  %guest  %gnice   %idle
12:45:17 PM  all   15.59    0.00   11.86    0.26    0.00    3.48    0.00    0.00    0.00   68.81
12:45:17 PM    0   14.43    0.00   12.37    0.00    0.00    4.12    0.00    0.00    0.00   69.07
12:45:17 PM    1   15.96    0.00    9.57    0.00    0.00    2.13    0.00    0.00    0.00   72.34
12:45:17 PM    2   13.98    0.00    8.60    1.08    0.00    3.23    0.00    0.00    0.00   73.12
12:45:17 PM    3   12.37    0.00   14.43    0.00    0.00    2.06    0.00    0.00    0.00   71.13
12:45:17 PM    4   16.83    0.00   14.85    0.00    0.00    2.97    0.00    0.00    0.00   65.35
12:45:17 PM    5   18.18    0.00   12.12    0.00    0.00    4.04    0.00    0.00    0.00   65.66
12:45:17 PM    6   15.46    0.00   13.40    0.00    0.00    3.09    0.00    0.00    0.00   68.04
12:45:17 PM    7   17.35    0.00    9.18    1.02    0.00    6.12    0.00    0.00    0.00   66.33

12:45:17 PM  CPU    %usr   %nice    %sys %iowait    %irq   %soft  %steal  %guest  %gnice   %idle
12:45:18 PM  all   19.63    0.00   15.98    0.00    0.00    6.10    0.00    0.00    0.00   58.29
12:45:18 PM    0   13.73    0.00   17.65    0.00    0.00    7.84    0.00    0.00    0.00   60.78
12:45:18 PM    1   19.19    0.00   14.14    0.00    0.00    6.06    0.00    0.00    0.00   60.61
12:45:18 PM    2   16.13    0.00   11.83    0.00    0.00    5.38    0.00    0.00    0.00   66.67
12:45:18 PM    3   15.46    0.00   18.56    0.00    0.00    2.06    0.00    0.00    0.00   63.92
12:45:18 PM    4   25.23    0.00   14.41    0.00    0.00    8.11    0.00    0.00    0.00   52.25
12:45:18 PM    5   22.02    0.00   19.27    0.00    0.00    5.50    0.00    0.00    0.00   53.21
12:45:18 PM    6   20.75    0.00   16.98    0.00    0.00    7.55    0.00    0.00    0.00   54.72
12:45:18 PM    7   23.30    0.00   14.56    0.00    0.00    5.83    0.00    0.00    0.00   56.31

12:45:18 PM  CPU    %usr   %nice    %sys %iowait    %irq   %soft  %steal  %guest  %gnice   %idle
12:45:19 PM  all   19.01    0.00   16.86    0.76    0.00    4.31    0.00    0.00    0.00   59.06
12:45:19 PM    0   18.63    0.00   18.63    0.00    0.00    3.92    0.00    0.00    0.00   58.82
12:45:19 PM    1   22.00    0.00   16.00    0.00    0.00    3.00    0.00    0.00    0.00   59.00
12:45:19 PM    2   21.43    0.00   16.33    0.00    0.00    2.04    0.00    0.00    0.00   60.20
12:45:19 PM    3   18.63    0.00   15.69    0.00    0.00    5.88    0.00    0.00    0.00   59.80
12:45:19 PM    4   16.49    0.00   16.49    1.03    0.00    7.22    0.00    0.00    0.00   58.76
12:45:19 PM    5   18.00    0.00   18.00    2.00    0.00    5.00    0.00    0.00    0.00   57.00
12:45:19 PM    6   18.56    0.00   17.53    3.09    0.00    3.09    0.00    0.00    0.00   57.73
12:45:19 PM    7   18.28    0.00   16.13    0.00    0.00    4.30    0.00    0.00    0.00   61.29

12:45:19 PM  CPU    %usr   %nice    %sys %iowait    %irq   %soft  %steal  %guest  %gnice   %idle
12:45:20 PM  all   15.14    0.00   13.51    0.00    0.00    3.14    0.00    0.00    0.00   68.21
12:45:20 PM    0   13.98    0.00   12.90    0.00    0.00    4.30    0.00    0.00    0.00   68.82
12:45:20 PM    1   15.62    0.00   12.50    0.00    0.00    5.21    0.00    0.00    0.00   66.67
12:45:20 PM    2   10.87    0.00   16.30    0.00    0.00    3.26    0.00    0.00    0.00   69.57
12:45:20 PM    3   16.30    0.00   11.96    0.00    0.00    2.17    0.00    0.00    0.00   69.57
12:45:20 PM    4   17.78    0.00   13.33    0.00    0.00    1.11    0.00    0.00    0.00   67.78
12:45:20 PM    5   18.18    0.00   11.36    0.00    0.00    2.27    0.00    0.00    0.00   68.18
12:45:20 PM    6   15.73    0.00   11.24    0.00    0.00    3.37    0.00    0.00    0.00   69.66
12:45:20 PM    7   12.90    0.00   18.28    0.00    0.00    3.23    0.00    0.00    0.00   65.59

12:45:20 PM  CPU    %usr   %nice    %sys %iowait    %irq   %soft  %steal  %guest  %gnice   %idle
12:45:21 PM  all   15.89    0.00    8.94    0.00    0.00    2.98    0.00    0.00    0.00   72.20
12:45:21 PM    0   25.27    0.00    8.79    0.00    0.00    3.30    0.00    0.00    0.00   62.64
12:45:21 PM    1   11.49    0.00    9.20    0.00    0.00    2.30    0.00    0.00    0.00   77.01
12:45:21 PM    2   10.11    0.00   10.11    0.00    0.00    2.25    0.00    0.00    0.00   77.53
12:45:21 PM    3   15.05    0.00    8.60    0.00    0.00    3.23    0.00    0.00    0.00   73.12
12:45:21 PM    4   15.91    0.00   10.23    0.00    0.00    4.55    0.00    0.00    0.00   69.32
12:45:21 PM    5   13.64    0.00   12.50    0.00    0.00    2.27    0.00    0.00    0.00   71.59
12:45:21 PM    6   17.44    0.00    6.98    0.00    0.00    3.49    0.00    0.00    0.00   72.09
12:45:21 PM    7   18.07    0.00    4.82    0.00    0.00    2.41    0.00    0.00    0.00   74.70

12:45:21 PM  CPU    %usr   %nice    %sys %iowait    %irq   %soft  %steal  %guest  %gnice   %idle
12:45:22 PM  all   18.58    0.00    7.52    0.28    0.00    2.70    0.00    0.00    0.00   70.92
12:45:22 PM    0   11.63    0.00    8.14    0.00    0.00    3.49    0.00    0.00    0.00   76.74
12:45:22 PM    1   15.91    0.00    7.95    0.00    0.00    2.27    0.00    0.00    0.00   73.86
12:45:22 PM    2   13.48    0.00    8.99    1.12    0.00    2.25    0.00    0.00    0.00   74.16
12:45:22 PM    3   14.94    0.00    5.75    0.00    0.00    4.60    0.00    0.00    0.00   74.71
12:45:22 PM    4   34.44    0.00    5.56    0.00    0.00    2.22    0.00    0.00    0.00   57.78
12:45:22 PM    5   14.94    0.00    8.05    0.00    0.00    1.15    0.00    0.00    0.00   75.86
12:45:22 PM    6   10.23    0.00   10.23    1.14    0.00    2.27    0.00    0.00    0.00   76.14
12:45:22 PM    7   32.22    0.00    5.56    0.00    0.00    3.33    0.00    0.00    0.00   58.89

12:45:22 PM  CPU    %usr   %nice    %sys %iowait    %irq   %soft  %steal  %guest  %gnice   %idle
12:45:23 PM  all   14.53    0.00    6.98    0.00    0.00    3.78    0.00    0.00    0.00   74.71
12:45:23 PM    0   10.71    0.00    5.95    0.00    0.00    5.95    0.00    0.00    0.00   77.38
12:45:23 PM    1   12.64    0.00    6.90    0.00    0.00    4.60    0.00    0.00    0.00   75.86
12:45:23 PM    2    9.64    0.00    7.23    0.00    0.00    3.61    0.00    0.00    0.00   79.52
12:45:23 PM    3   11.90    0.00    5.95    0.00    0.00    3.57    0.00    0.00    0.00   78.57
12:45:23 PM    4   14.77    0.00    6.82    0.00    0.00    4.55    0.00    0.00    0.00   73.86
12:45:23 PM    5   13.95    0.00    9.30    0.00    0.00    2.33    0.00    0.00    0.00   74.42
12:45:23 PM    6   16.09    0.00    6.90    0.00    0.00    3.45    0.00    0.00    0.00   73.56
12:45:23 PM    7   25.84    0.00    6.74    0.00    0.00    2.25    0.00    0.00    0.00   65.17

12:45:23 PM  CPU    %usr   %nice    %sys %iowait    %irq   %soft  %steal  %guest  %gnice   %idle
12:45:24 PM  all   16.53    0.00   13.77    0.00    0.00    3.99    0.00    0.00    0.00   65.70
12:45:24 PM    0   11.24    0.00   14.61    0.00    0.00    4.49    0.00    0.00    0.00   69.66
12:45:24 PM    1    8.99    0.00   19.10    0.00    0.00    3.37    0.00    0.00    0.00   68.54
12:45:24 PM    2   15.29    0.00   12.94    0.00    0.00    1.18    0.00    0.00    0.00   70.59
12:45:24 PM    3   14.44    0.00   15.56    0.00    0.00    3.33    0.00    0.00    0.00   66.67
12:45:24 PM    4   22.83    0.00   11.96    0.00    0.00    2.17    0.00    0.00    0.00   63.04
12:45:24 PM    5   15.96    0.00   12.77    0.00    0.00    6.38    0.00    0.00    0.00   64.89
12:45:24 PM    6   23.08    0.00    9.89    0.00    0.00    6.59    0.00    0.00    0.00   60.44
12:45:24 PM    7   19.79    0.00   13.54    0.00    0.00    4.17    0.00    0.00    0.00   62.50

12:45:24 PM  CPU    %usr   %nice    %sys %iowait    %irq   %soft  %steal  %guest  %gnice   %idle
12:45:25 PM  all   15.20    0.00   13.67    0.00    0.00    2.79    0.00    0.00    0.00   68.34
12:45:25 PM    0   15.56    0.00   15.56    0.00    0.00    2.22    0.00    0.00    0.00   66.67
12:45:25 PM    1   15.22    0.00   14.13    0.00    0.00    3.26    0.00    0.00    0.00   67.39
12:45:25 PM    2   13.79    0.00   12.64    0.00    0.00    2.30    0.00    0.00    0.00   71.26
12:45:25 PM    3   13.41    0.00   10.98    0.00    0.00    1.22    0.00    0.00    0.00   74.39
12:45:25 PM    4   18.48    0.00   11.96    0.00    0.00    3.26    0.00    0.00    0.00   66.30
12:45:25 PM    5   15.22    0.00   14.13    0.00    0.00    4.35    0.00    0.00    0.00   66.30
12:45:25 PM    6   14.61    0.00   14.61    0.00    0.00    2.25    0.00    0.00    0.00   68.54
12:45:25 PM    7   15.05    0.00   15.05    0.00    0.00    3.23    0.00    0.00    0.00   66.67

12:45:25 PM  CPU    %usr   %nice    %sys %iowait    %irq   %soft  %steal  %guest  %gnice   %idle
12:45:26 PM  all   18.21    0.00   21.37    0.00    0.00    5.01    0.00    0.00    0.00   55.41
12:45:26 PM    0   14.58    0.00   21.88    0.00    0.00    4.17    0.00    0.00    0.00   59.38
12:45:26 PM    1   15.56    0.00   23.33    0.00    0.00    2.22    0.00    0.00    0.00   58.89
12:45:26 PM    2   17.71    0.00   20.83    0.00    0.00    4.17    0.00    0.00    0.00   57.29
12:45:26 PM    3   18.09    0.00   20.21    0.00    0.00    4.26    0.00    0.00    0.00   57.45
12:45:26 PM    4   22.11    0.00   21.05    0.00    0.00    3.16    0.00    0.00    0.00   53.68
12:45:26 PM    5   18.09    0.00   20.21    0.00    0.00    8.51    0.00    0.00    0.00   53.19
12:45:26 PM    6   16.84    0.00   23.16    0.00    0.00    6.32    0.00    0.00    0.00   53.68
12:45:26 PM    7   22.45    0.00   20.41    0.00    0.00    7.14    0.00    0.00    0.00   50.00

12:45:26 PM  CPU    %usr   %nice    %sys %iowait    %irq   %soft  %steal  %guest  %gnice   %idle
12:45:27 PM  all   17.18    0.00   19.97    0.13    0.00    4.93    0.00    0.00    0.00   57.79
12:45:27 PM    0   17.78    0.00   16.67    0.00    0.00    2.22    0.00    0.00    0.00   63.33
12:45:27 PM    1   11.46    0.00   22.92    0.00    0.00    6.25    0.00    0.00    0.00   59.38
12:45:27 PM    2   12.90    0.00   21.51    0.00    0.00    5.38    0.00    0.00    0.00   60.22
12:45:27 PM    3   12.77    0.00   20.21    0.00    0.00    5.32    0.00    0.00    0.00   61.70
12:45:27 PM    4   20.43    0.00   16.13    1.08    0.00    6.45    0.00    0.00    0.00   55.91
12:45:27 PM    5   20.00    0.00   22.11    0.00    0.00    5.26    0.00    0.00    0.00   52.63
12:45:27 PM    6   20.83    0.00   20.83    0.00    0.00    4.17    0.00    0.00    0.00   54.17
12:45:27 PM    7   21.28    0.00   19.15    0.00    0.00    4.26    0.00    0.00    0.00   55.32

12:45:27 PM  CPU    %usr   %nice    %sys %iowait    %irq   %soft  %steal  %guest  %gnice   %idle
12:45:28 PM  all   12.94    0.00    7.54    0.00    0.00    4.13    0.00    0.00    0.00   75.39
12:45:28 PM    0   14.94    0.00    4.60    0.00    0.00    4.60    0.00    0.00    0.00   75.86
12:45:28 PM    1   13.64    0.00    9.09    0.00    0.00    2.27    0.00    0.00    0.00   75.00
12:45:28 PM    2   15.56    0.00    4.44    0.00    0.00    5.56    0.00    0.00    0.00   74.44
12:45:28 PM    3   11.83    0.00   10.75    0.00    0.00    4.30    0.00    0.00    0.00   73.12
12:45:28 PM    4   11.63    0.00    6.98    0.00    0.00    4.65    0.00    0.00    0.00   76.74
12:45:28 PM    5   11.49    0.00    8.05    0.00    0.00    4.60    0.00    0.00    0.00   75.86
12:45:28 PM    6   12.79    0.00    8.14    0.00    0.00    2.33    0.00    0.00    0.00   76.74
12:45:28 PM    7   11.63    0.00    8.14    0.00    0.00    4.65    0.00    0.00    0.00   75.58

12:45:28 PM  CPU    %usr   %nice    %sys %iowait    %irq   %soft  %steal  %guest  %gnice   %idle
12:45:29 PM  all   16.22    0.00   18.62    0.27    0.00    5.32    0.00    0.00    0.00   59.57
12:45:29 PM    0   13.54    0.00   18.75    0.00    0.00    7.29    0.00    0.00    0.00   60.42
12:45:29 PM    1   16.13    0.00   17.20    0.00    0.00    2.15    0.00    0.00    0.00   64.52
12:45:29 PM    2   15.84    0.00   21.78    0.00    0.00    5.94    0.00    0.00    0.00   56.44
12:45:29 PM    3   14.61    0.00   15.73    1.12    0.00    4.49    0.00    0.00    0.00   64.04
12:45:29 PM    4   18.09    0.00   18.09    0.00    0.00    5.32    0.00    0.00    0.00   58.51
12:45:29 PM    5   17.02    0.00   20.21    0.00    0.00    5.32    0.00    0.00    0.00   57.45
12:45:29 PM    6   16.85    0.00   15.73    1.12    0.00    6.74    0.00    0.00    0.00   59.55
12:45:29 PM    7   17.71    0.00   20.83    0.00    0.00    5.21    0.00    0.00    0.00   56.25

12:45:29 PM  CPU    %usr   %nice    %sys %iowait    %irq   %soft  %steal  %guest  %gnice   %idle
12:45:30 PM  all   15.26    0.00   15.40    0.00    0.00    4.16    0.00    0.00    0.00   65.19
12:45:30 PM    0   14.44    0.00   13.33    0.00    0.00    3.33    0.00    0.00    0.00   68.89
12:45:30 PM    1   18.89    0.00   14.44    0.00    0.00    2.22    0.00    0.00    0.00   64.44
12:45:30 PM    2   15.56    0.00   11.11    0.00    0.00    7.78    0.00    0.00    0.00   65.56
12:45:30 PM    3   13.19    0.00   19.78    0.00    0.00    3.30    0.00    0.00    0.00   63.74
12:45:30 PM    4   13.33    0.00   17.78    0.00    0.00    3.33    0.00    0.00    0.00   65.56
12:45:30 PM    5   16.85    0.00   13.48    0.00    0.00    4.49    0.00    0.00    0.00   65.17
12:45:30 PM    6   15.56    0.00   14.44    0.00    0.00    4.44    0.00    0.00    0.00   65.56
12:45:30 PM    7   14.29    0.00   18.68    0.00    0.00    4.40    0.00    0.00    0.00   62.64

12:45:30 PM  CPU    %usr   %nice    %sys %iowait    %irq   %soft  %steal  %guest  %gnice   %idle
12:45:31 PM  all   14.29    0.00   11.93    0.00    0.00    3.61    0.00    0.00    0.00   70.18
12:45:31 PM    0   11.83    0.00   11.83    0.00    0.00    4.30    0.00    0.00    0.00   72.04
12:45:31 PM    1   15.05    0.00    9.68    0.00    0.00    4.30    0.00    0.00    0.00   70.97
12:45:31 PM    2   13.68    0.00   14.74    0.00    0.00    2.11    0.00    0.00    0.00   69.47
12:45:31 PM    3   13.68    0.00   14.74    0.00    0.00    3.16    0.00    0.00    0.00   68.42
12:45:31 PM    4   15.29    0.00   10.59    0.00    0.00    2.35    0.00    0.00    0.00   71.76
12:45:31 PM    5   13.25    0.00    9.64    0.00    0.00    4.82    0.00    0.00    0.00   72.29
12:45:31 PM    6   15.73    0.00   12.36    0.00    0.00    4.49    0.00    0.00    0.00   67.42
12:45:31 PM    7   15.91    0.00   11.36    0.00    0.00    3.41    0.00    0.00    0.00   69.32

12:45:31 PM  CPU    %usr   %nice    %sys %iowait    %irq   %soft  %steal  %guest  %gnice   %idle
12:45:32 PM  all   16.46    0.00   14.27    0.27    0.00    3.84    0.00    0.00    0.00   65.16
12:45:32 PM    0   13.19    0.00   14.29    0.00    0.00    5.49    0.00    0.00    0.00   67.03
12:45:32 PM    1   17.20    0.00   15.05    0.00    0.00    2.15    0.00    0.00    0.00   65.59
12:45:32 PM    2   16.67    0.00   13.33    0.00    0.00    3.33    0.00    0.00    0.00   66.67
12:45:32 PM    3   15.22    0.00   15.22    0.00    0.00    4.35    0.00    0.00    0.00   65.22
12:45:32 PM    4   16.85    0.00   14.61    0.00    0.00    3.37    0.00    0.00    0.00   65.17
12:45:32 PM    5   18.28    0.00   13.98    1.08    0.00    5.38    0.00    0.00    0.00   61.29
12:45:32 PM    6   18.68    0.00   13.19    1.10    0.00    2.20    0.00    0.00    0.00   64.84
12:45:32 PM    7   15.56    0.00   14.44    0.00    0.00    4.44    0.00    0.00    0.00   65.56

12:45:32 PM  CPU    %usr   %nice    %sys %iowait    %irq   %soft  %steal  %guest  %gnice   %idle
12:45:33 PM  all   14.01    0.00   10.99    0.27    0.00    4.95    0.00    0.00    0.00   69.78
12:45:33 PM    0   15.38    0.00    9.89    1.10    0.00    7.69    0.00    0.00    0.00   65.93
12:45:33 PM    1   15.38    0.00    8.79    1.10    0.00    5.49    0.00    0.00    0.00   69.23
12:45:33 PM    2   12.77    0.00   12.77    0.00    0.00    5.32    0.00    0.00    0.00   69.15
12:45:33 PM    3   14.89    0.00   12.77    0.00    0.00    5.32    0.00    0.00    0.00   67.02
12:45:33 PM    4   13.64    0.00    9.09    0.00    0.00    4.55    0.00    0.00    0.00   72.73
12:45:33 PM    5   12.36    0.00   13.48    0.00    0.00    2.25    0.00    0.00    0.00   71.91
12:45:33 PM    6   14.13    0.00   11.96    0.00    0.00    4.35    0.00    0.00    0.00   69.57
12:45:33 PM    7   13.48    0.00    8.99    0.00    0.00    4.49    0.00    0.00    0.00   73.03

12:45:33 PM  CPU    %usr   %nice    %sys %iowait    %irq   %soft  %steal  %guest  %gnice   %idle
12:45:34 PM  all   14.50    0.00   12.02    0.00    0.00    4.14    0.00    0.00    0.00   69.34
12:45:34 PM    0   17.89    0.00   11.58    0.00    0.00    3.16    0.00    0.00    0.00   67.37
12:45:34 PM    1   12.90    0.00   12.90    0.00    0.00    6.45    0.00    0.00    0.00   67.74
12:45:34 PM    2   14.29    0.00   10.99    0.00    0.00    6.59    0.00    0.00    0.00   68.13
12:45:34 PM    3   13.64    0.00    9.09    0.00    0.00    3.41    0.00    0.00    0.00   73.86
12:45:34 PM    4   13.33    0.00   13.33    0.00    0.00    3.33    0.00    0.00    0.00   70.00
12:45:34 PM    5   13.79    0.00   11.49    0.00    0.00    3.45    0.00    0.00    0.00   71.26
12:45:34 PM    6   13.48    0.00   13.48    0.00    0.00    3.37    0.00    0.00    0.00   69.66
12:45:34 PM    7   16.48    0.00   13.19    0.00    0.00    3.30    0.00    0.00    0.00   67.03

12:45:34 PM  CPU    %usr   %nice    %sys %iowait    %irq   %soft  %steal  %guest  %gnice   %idle
12:45:35 PM  all   16.82    0.00   16.28    0.00    0.00    4.48    0.00    0.00    0.00   62.42
12:45:35 PM    0   20.43    0.00   13.98    0.00    0.00    3.23    0.00    0.00    0.00   62.37
12:45:35 PM    1   15.56    0.00   15.56    0.00    0.00    4.44    0.00    0.00    0.00   64.44
12:45:35 PM    2   17.39    0.00   16.30    0.00    0.00    4.35    0.00    0.00    0.00   61.96
12:45:35 PM    3   17.58    0.00   14.29    0.00    0.00    3.30    0.00    0.00    0.00   64.84
12:45:35 PM    4   15.05    0.00   16.13    0.00    0.00    6.45    0.00    0.00    0.00   62.37
12:45:35 PM    5   15.22    0.00   19.57    0.00    0.00    4.35    0.00    0.00    0.00   60.87
12:45:35 PM    6   19.15    0.00   15.96    0.00    0.00    4.26    0.00    0.00    0.00   60.64
12:45:35 PM    7   14.13    0.00   18.48    0.00    0.00    5.43    0.00    0.00    0.00   61.96

12:45:35 PM  CPU    %usr   %nice    %sys %iowait    %irq   %soft  %steal  %guest  %gnice   %idle
12:45:36 PM  all   18.22    0.00   16.62    0.00    0.00    5.05    0.00    0.00    0.00   60.11
12:45:36 PM    0   17.58    0.00   13.19    0.00    0.00    4.40    0.00    0.00    0.00   64.84
12:45:36 PM    1   18.28    0.00   13.98    0.00    0.00    5.38    0.00    0.00    0.00   62.37
12:45:36 PM    2   15.22    0.00   15.22    0.00    0.00    4.35    0.00    0.00    0.00   65.22
12:45:36 PM    3   15.62    0.00   18.75    0.00    0.00    4.17    0.00    0.00    0.00   61.46
12:45:36 PM    4   23.23    0.00   18.18    0.00    0.00    6.06    0.00    0.00    0.00   52.53
12:45:36 PM    5   18.95    0.00   18.95    0.00    0.00    4.21    0.00    0.00    0.00   57.89
12:45:36 PM    6   15.91    0.00   17.05    0.00    0.00    5.68    0.00    0.00    0.00   61.36
12:45:36 PM    7   20.41    0.00   17.35    0.00    0.00    6.12    0.00    0.00    0.00   56.12

12:45:36 PM  CPU    %usr   %nice    %sys %iowait    %irq   %soft  %steal  %guest  %gnice   %idle
12:45:37 PM  all   14.01    0.00   10.26    0.14    0.00    4.85    0.00    0.00    0.00   70.74
12:45:37 PM    0   13.04    0.00   10.87    0.00    0.00    2.17    0.00    0.00    0.00   73.91
12:45:37 PM    1   12.22    0.00    8.89    0.00    0.00    4.44    0.00    0.00    0.00   74.44
12:45:37 PM    2   13.33    0.00   10.00    0.00    0.00    4.44    0.00    0.00    0.00   72.22
12:45:37 PM    3    7.95    0.00   11.36    0.00    0.00    5.68    0.00    0.00    0.00   75.00
12:45:37 PM    4   17.58    0.00    8.79    0.00    0.00    6.59    0.00    0.00    0.00   67.03
12:45:37 PM    5   15.38    0.00   10.99    0.00    0.00    7.69    0.00    0.00    0.00   65.93
12:45:37 PM    6   17.78    0.00    8.89    1.11    0.00    3.33    0.00    0.00    0.00   68.89
12:45:37 PM    7   14.61    0.00   12.36    0.00    0.00    4.49    0.00    0.00    0.00   68.54

12:45:37 PM  CPU    %usr   %nice    %sys %iowait    %irq   %soft  %steal  %guest  %gnice   %idle
12:45:38 PM  all   15.85    0.00    9.97    0.00    0.00    4.37    0.00    0.00    0.00   69.81
12:45:38 PM    0   14.13    0.00    9.78    0.00    0.00    4.35    0.00    0.00    0.00   71.74
12:45:38 PM    1   13.33    0.00   10.00    0.00    0.00    4.44    0.00    0.00    0.00   72.22
12:45:38 PM    2   17.58    0.00    8.79    0.00    0.00    2.20    0.00    0.00    0.00   71.43
12:45:38 PM    3   15.91    0.00    7.95    0.00    0.00    3.41    0.00    0.00    0.00   72.73
12:45:38 PM    4   18.95    0.00    8.42    0.00    0.00    6.32    0.00    0.00    0.00   66.32
12:45:38 PM    5   15.05    0.00   11.83    0.00    0.00    4.30    0.00    0.00    0.00   68.82
12:45:38 PM    6   17.39    0.00   10.87    0.00    0.00    3.26    0.00    0.00    0.00   68.48
12:45:38 PM    7   14.29    0.00   12.09    0.00    0.00    6.59    0.00    0.00    0.00   67.03

12:45:38 PM  CPU    %usr   %nice    %sys %iowait    %irq   %soft  %steal  %guest  %gnice   %idle
12:45:39 PM  all   16.67    0.00   15.20    0.00    0.00    4.13    0.00    0.00    0.00   64.00
12:45:39 PM    0   15.62    0.00   16.67    0.00    0.00    4.17    0.00    0.00    0.00   63.54
12:45:39 PM    1   13.04    0.00   18.48    0.00    0.00    2.17    0.00    0.00    0.00   66.30
12:45:39 PM    2   17.20    0.00   15.05    0.00    0.00    2.15    0.00    0.00    0.00   65.59
12:45:39 PM    3   17.89    0.00   13.68    0.00    0.00    3.16    0.00    0.00    0.00   65.26
12:45:39 PM    4   16.48    0.00   14.29    0.00    0.00    3.30    0.00    0.00    0.00   65.93
12:45:39 PM    5   17.20    0.00   12.90    0.00    0.00    6.45    0.00    0.00    0.00   63.44
12:45:39 PM    6   18.48    0.00   14.13    0.00    0.00    4.35    0.00    0.00    0.00   63.04
12:45:39 PM    7   17.35    0.00   16.33    0.00    0.00    7.14    0.00    0.00    0.00   59.18

12:45:39 PM  CPU    %usr   %nice    %sys %iowait    %irq   %soft  %steal  %guest  %gnice   %idle
12:45:40 PM  all   15.56    0.00   14.34    0.00    0.00    4.87    0.00    0.00    0.00   65.22
12:45:40 PM    0   14.29    0.00   10.99    0.00    0.00    6.59    0.00    0.00    0.00   68.13
12:45:40 PM    1   15.96    0.00   13.83    0.00    0.00    4.26    0.00    0.00    0.00   65.96
12:45:40 PM    2   12.64    0.00    9.20    0.00    0.00    4.60    0.00    0.00    0.00   73.56
12:45:40 PM    3    7.87    0.00   13.48    0.00    0.00    6.74    0.00    0.00    0.00   71.91
12:45:40 PM    4   16.85    0.00   14.61    0.00    0.00    5.62    0.00    0.00    0.00   62.92
12:45:40 PM    5   16.84    0.00   18.95    0.00    0.00    4.21    0.00    0.00    0.00   60.00
12:45:40 PM    6   18.56    0.00   16.49    0.00    0.00    5.15    0.00    0.00    0.00   59.79
12:45:40 PM    7   20.62    0.00   16.49    0.00    0.00    2.06    0.00    0.00    0.00   60.82

12:45:40 PM  CPU    %usr   %nice    %sys %iowait    %irq   %soft  %steal  %guest  %gnice   %idle
12:45:41 PM  all   14.82    0.00   11.73    0.13    0.00    4.18    0.00    0.00    0.00   69.14
12:45:41 PM    0   11.24    0.00   11.24    0.00    0.00    5.62    0.00    0.00    0.00   71.91
12:45:41 PM    1   15.73    0.00    8.99    0.00    0.00    3.37    0.00    0.00    0.00   71.91
12:45:41 PM    2   13.83    0.00   12.77    0.00    0.00    3.19    0.00    0.00    0.00   70.21
12:45:41 PM    3   11.70    0.00   13.83    0.00    0.00    4.26    0.00    0.00    0.00   70.21
12:45:41 PM    4   13.04    0.00   13.04    0.00    0.00    5.43    0.00    0.00    0.00   68.48
12:45:41 PM    5   17.89    0.00   10.53    0.00    0.00    5.26    0.00    0.00    0.00   66.32
12:45:41 PM    6   17.02    0.00   13.83    0.00    0.00    2.13    0.00    0.00    0.00   67.02
12:45:41 PM    7   17.89    0.00    9.47    1.05    0.00    4.21    0.00    0.00    0.00   67.37

12:45:41 PM  CPU    %usr   %nice    %sys %iowait    %irq   %soft  %steal  %guest  %gnice   %idle
12:45:42 PM  all   15.43    0.00   17.32    0.14    0.00    4.47    0.00    0.00    0.00   62.65
12:45:42 PM    0   10.00    0.00   18.89    0.00    0.00    5.56    0.00    0.00    0.00   65.56
12:45:42 PM    1   11.83    0.00   19.35    0.00    0.00    4.30    0.00    0.00    0.00   64.52
12:45:42 PM    2   14.29    0.00   15.38    0.00    0.00    4.40    0.00    0.00    0.00   65.93
12:45:42 PM    3   16.48    0.00   13.19    0.00    0.00    5.49    0.00    0.00    0.00   64.84
12:45:42 PM    4   17.89    0.00   21.05    1.05    0.00    1.05    0.00    0.00    0.00   58.95
12:45:42 PM    5   15.96    0.00   14.89    0.00    0.00    6.38    0.00    0.00    0.00   62.77
12:45:42 PM    6   20.21    0.00   17.02    0.00    0.00    4.26    0.00    0.00    0.00   58.51
12:45:42 PM    7   16.48    0.00   18.68    0.00    0.00    4.40    0.00    0.00    0.00   60.44

12:45:42 PM  CPU    %usr   %nice    %sys %iowait    %irq   %soft  %steal  %guest  %gnice   %idle
12:45:43 PM  all    4.29    0.00    5.95    0.00    0.00    1.24    0.00    0.00    0.00   88.52
12:45:43 PM    0    4.44    0.00    5.56    0.00    0.00    0.00    0.00    0.00    0.00   90.00
12:45:43 PM    1    3.37    0.00    5.62    0.00    0.00    2.25    0.00    0.00    0.00   88.76
12:45:43 PM    2    3.30    0.00    4.40    0.00    0.00    3.30    0.00    0.00    0.00   89.01
12:45:43 PM    3    6.38    0.00    6.38    0.00    0.00    2.13    0.00    0.00    0.00   85.11
12:45:43 PM    4    5.56    0.00    6.67    0.00    0.00    0.00    0.00    0.00    0.00   87.78
12:45:43 PM    5    2.27    0.00    5.68    0.00    0.00    0.00    0.00    0.00    0.00   92.05
12:45:43 PM    6    3.30    0.00    7.69    0.00    0.00    1.10    0.00    0.00    0.00   87.91
12:45:43 PM    7    5.56    0.00    5.56    0.00    0.00    1.11    0.00    0.00    0.00   87.78

12:45:43 PM  CPU    %usr   %nice    %sys %iowait    %irq   %soft  %steal  %guest  %gnice   %idle
12:45:44 PM  all    5.04    0.00    7.42    0.00    0.00    1.68    0.00    0.00    0.00   85.85
12:45:44 PM    0    4.55    0.00    5.68    0.00    0.00    2.27    0.00    0.00    0.00   87.50
12:45:44 PM    1    3.33    0.00    8.89    0.00    0.00    1.11    0.00    0.00    0.00   86.67
12:45:44 PM    2    6.59    0.00    8.79    0.00    0.00    2.20    0.00    0.00    0.00   82.42
12:45:44 PM    3    4.44    0.00   10.00    0.00    0.00    1.11    0.00    0.00    0.00   84.44
12:45:44 PM    4    6.52    0.00    6.52    0.00    0.00    2.17    0.00    0.00    0.00   84.78
12:45:44 PM    5    3.57    0.00    4.76    0.00    0.00    1.19    0.00    0.00    0.00   90.48
12:45:44 PM    6    4.40    0.00    8.79    0.00    0.00    2.20    0.00    0.00    0.00   84.62
12:45:44 PM    7    6.82    0.00    5.68    0.00    0.00    1.14    0.00    0.00    0.00   86.36

12:45:44 PM  CPU    %usr   %nice    %sys %iowait    %irq   %soft  %steal  %guest  %gnice   %idle
12:45:45 PM  all    7.04    0.00   13.94    0.54    0.00    2.84    0.00    0.00    0.00   75.64
12:45:45 PM    0    8.42    0.00   14.74    0.00    0.00    3.16    0.00    0.00    0.00   73.68
12:45:45 PM    1    4.40    0.00   14.29    2.20    0.00    3.30    0.00    0.00    0.00   75.82
12:45:45 PM    2    7.29    0.00   13.54    0.00    0.00    3.12    0.00    0.00    0.00   76.04
12:45:45 PM    3    6.52    0.00   14.13    0.00    0.00    2.17    0.00    0.00    0.00   77.17
12:45:45 PM    4    7.87    0.00   11.24    0.00    0.00    3.37    0.00    0.00    0.00   77.53
12:45:45 PM    5    7.37    0.00   17.89    2.11    0.00    1.05    0.00    0.00    0.00   71.58
12:45:45 PM    6    6.74    0.00   13.48    0.00    0.00    2.25    0.00    0.00    0.00   77.53
12:45:45 PM    7    7.61    0.00   11.96    0.00    0.00    4.35    0.00    0.00    0.00   76.09

12:45:45 PM  CPU    %usr   %nice    %sys %iowait    %irq   %soft  %steal  %guest  %gnice   %idle
12:45:46 PM  all    1.91    0.00    3.30    0.00    0.00    0.38    0.00    0.00    0.00   94.41
12:45:46 PM    0    1.94    0.00    5.83    0.00    0.00    0.00    0.00    0.00    0.00   92.23
12:45:46 PM    1    2.04    0.00    3.06    0.00    0.00    0.00    0.00    0.00    0.00   94.90
12:45:46 PM    2    1.02    0.00    3.06    0.00    0.00    1.02    0.00    0.00    0.00   94.90
12:45:46 PM    3    2.08    0.00    2.08    0.00    0.00    0.00    0.00    0.00    0.00   95.83
12:45:46 PM    4    2.02    0.00    2.02    0.00    0.00    1.01    0.00    0.00    0.00   94.95
12:45:46 PM    5    1.03    0.00    4.12    0.00    0.00    0.00    0.00    0.00    0.00   94.85
12:45:46 PM    6    3.03    0.00    3.03    0.00    0.00    1.01    0.00    0.00    0.00   92.93
12:45:46 PM    7    2.06    0.00    3.09    0.00    0.00    0.00    0.00    0.00    0.00   94.85
