Linux 5.15.0-171-generic (cloudnet-s05) 	05/19/2026 	_x86_64_	(8 CPU)

01:05:27 PM  CPU    %usr   %nice    %sys %iowait    %irq   %soft  %steal  %guest  %gnice   %idle
01:05:28 PM  all   11.46    0.00    6.62    0.00    0.00    2.42    0.00    0.00    0.00   79.49
01:05:28 PM    0   14.29    0.00    6.12    0.00    0.00    2.04    0.00    0.00    0.00   77.55
01:05:28 PM    1   11.22    0.00    6.12    0.00    0.00    2.04    0.00    0.00    0.00   80.61
01:05:28 PM    2   14.00    0.00    3.00    0.00    0.00    4.00    0.00    0.00    0.00   79.00
01:05:28 PM    3    9.28    0.00    7.22    0.00    0.00    2.06    0.00    0.00    0.00   81.44
01:05:28 PM    4   10.10    0.00    9.09    0.00    0.00    2.02    0.00    0.00    0.00   78.79
01:05:28 PM    5   10.20    0.00    7.14    0.00    0.00    2.04    0.00    0.00    0.00   80.61
01:05:28 PM    6   13.13    0.00    8.08    0.00    0.00    2.02    0.00    0.00    0.00   76.77
01:05:28 PM    7    9.38    0.00    6.25    0.00    0.00    3.12    0.00    0.00    0.00   81.25

01:05:28 PM  CPU    %usr   %nice    %sys %iowait    %irq   %soft  %steal  %guest  %gnice   %idle
01:05:29 PM  all   13.59    0.00    8.10    0.25    0.00    3.24    0.00    0.00    0.00   74.81
01:05:29 PM    0   12.87    0.00    8.91    0.99    0.00    2.97    0.00    0.00    0.00   74.26
01:05:29 PM    1   13.86    0.00    5.94    0.99    0.00    3.96    0.00    0.00    0.00   75.25
01:05:29 PM    2   14.14    0.00   10.10    0.00    0.00    2.02    0.00    0.00    0.00   73.74
01:05:29 PM    3   14.85    0.00    5.94    0.00    0.00    2.97    0.00    0.00    0.00   76.24
01:05:29 PM    4   14.00    0.00   12.00    0.00    0.00    2.00    0.00    0.00    0.00   72.00
01:05:29 PM    5   15.84    0.00    5.94    0.00    0.00    3.96    0.00    0.00    0.00   74.26
01:05:29 PM    6   12.12    0.00    7.07    0.00    0.00    4.04    0.00    0.00    0.00   76.77
01:05:29 PM    7   11.00    0.00    9.00    0.00    0.00    4.00    0.00    0.00    0.00   76.00

01:05:29 PM  CPU    %usr   %nice    %sys %iowait    %irq   %soft  %steal  %guest  %gnice   %idle
01:05:30 PM  all   13.76    0.00    7.74    0.25    0.00    4.05    0.00    0.00    0.00   74.20
01:05:30 PM    0   12.62    0.00    8.74    0.00    0.00    4.85    0.00    0.00    0.00   73.79
01:05:30 PM    1   14.85    0.00    6.93    0.00    0.00    2.97    0.00    0.00    0.00   75.25
01:05:30 PM    2   13.86    0.00    5.94    0.00    0.00    3.96    0.00    0.00    0.00   76.24
01:05:30 PM    3   12.62    0.00    7.77    0.00    0.00    5.83    0.00    0.00    0.00   73.79
01:05:30 PM    4   16.83    0.00    7.92    1.98    0.00    1.98    0.00    0.00    0.00   71.29
01:05:30 PM    5   13.86    0.00    9.90    0.00    0.00    1.98    0.00    0.00    0.00   74.26
01:05:30 PM    6   11.76    0.00    9.80    0.00    0.00    3.92    0.00    0.00    0.00   74.51
01:05:30 PM    7   13.73    0.00    4.90    0.00    0.00    6.86    0.00    0.00    0.00   74.51

01:05:30 PM  CPU    %usr   %nice    %sys %iowait    %irq   %soft  %steal  %guest  %gnice   %idle
01:05:31 PM  all   12.94    0.00    6.22    0.00    0.00    3.05    0.00    0.00    0.00   77.79
01:05:31 PM    0   10.10    0.00    8.08    0.00    0.00    4.04    0.00    0.00    0.00   77.78
01:05:31 PM    1   11.22    0.00    7.14    0.00    0.00    3.06    0.00    0.00    0.00   78.57
01:05:31 PM    2   13.27    0.00    4.08    0.00    0.00    4.08    0.00    0.00    0.00   78.57
01:05:31 PM    3   12.50    0.00    6.25    0.00    0.00    1.04    0.00    0.00    0.00   80.21
01:05:31 PM    4   12.24    0.00    6.12    0.00    0.00    3.06    0.00    0.00    0.00   78.57
01:05:31 PM    5   13.13    0.00    5.05    0.00    0.00    4.04    0.00    0.00    0.00   77.78
01:05:31 PM    6   18.00    0.00    5.00    0.00    0.00    3.00    0.00    0.00    0.00   74.00
01:05:31 PM    7   13.00    0.00    8.00    0.00    0.00    2.00    0.00    0.00    0.00   77.00

01:05:31 PM  CPU    %usr   %nice    %sys %iowait    %irq   %soft  %steal  %guest  %gnice   %idle
01:05:32 PM  all   13.85    0.00    7.27    0.00    0.00    2.94    0.00    0.00    0.00   75.94
01:05:32 PM    0   12.50    0.00    6.82    0.00    0.00    3.41    0.00    0.00    0.00   77.27
01:05:32 PM    1   11.63    0.00    6.98    0.00    0.00    2.33    0.00    0.00    0.00   79.07
01:05:32 PM    2   13.64    0.00    7.95    0.00    0.00    2.27    0.00    0.00    0.00   76.14
01:05:32 PM    3   11.63    0.00    8.14    0.00    0.00    1.16    0.00    0.00    0.00   79.07
01:05:32 PM    4   18.48    0.00    5.43    0.00    0.00    2.17    0.00    0.00    0.00   73.91
01:05:32 PM    5   14.13    0.00    6.52    0.00    0.00    4.35    0.00    0.00    0.00   75.00
01:05:32 PM    6   15.56    0.00    8.89    0.00    0.00    1.11    0.00    0.00    0.00   74.44
01:05:32 PM    7   12.90    0.00    7.53    0.00    0.00    6.45    0.00    0.00    0.00   73.12

01:05:32 PM  CPU    %usr   %nice    %sys %iowait    %irq   %soft  %steal  %guest  %gnice   %idle
01:05:33 PM  all   16.46    0.00   13.88    0.00    0.00    4.22    0.00    0.00    0.00   65.44
01:05:33 PM    0   16.67    0.00   13.33    0.00    0.00    4.44    0.00    0.00    0.00   65.56
01:05:33 PM    1   14.44    0.00   15.56    0.00    0.00    3.33    0.00    0.00    0.00   66.67
01:05:33 PM    2   17.58    0.00   13.19    0.00    0.00    3.30    0.00    0.00    0.00   65.93
01:05:33 PM    3   16.30    0.00   13.04    0.00    0.00    5.43    0.00    0.00    0.00   65.22
01:05:33 PM    4   15.38    0.00   13.19    0.00    0.00    4.40    0.00    0.00    0.00   67.03
01:05:33 PM    5   15.79    0.00   15.79    0.00    0.00    4.21    0.00    0.00    0.00   64.21
01:05:33 PM    6   15.38    0.00   13.19    0.00    0.00    6.59    0.00    0.00    0.00   64.84
01:05:33 PM    7   20.00    0.00   13.68    0.00    0.00    2.11    0.00    0.00    0.00   64.21

01:05:33 PM  CPU    %usr   %nice    %sys %iowait    %irq   %soft  %steal  %guest  %gnice   %idle
01:05:34 PM  all   18.06    0.00   14.40    0.26    0.00    4.06    0.00    0.00    0.00   63.22
01:05:34 PM    0   16.13    0.00   15.05    0.00    0.00    3.23    0.00    0.00    0.00   65.59
01:05:34 PM    1   17.53    0.00   15.46    1.03    0.00    3.09    0.00    0.00    0.00   62.89
01:05:34 PM    2   16.67    0.00   14.58    0.00    0.00    4.17    0.00    0.00    0.00   64.58
01:05:34 PM    3   20.41    0.00   13.27    1.02    0.00    3.06    0.00    0.00    0.00   62.24
01:05:34 PM    4   18.09    0.00   14.89    0.00    0.00    4.26    0.00    0.00    0.00   62.77
01:05:34 PM    5   17.02    0.00   13.83    0.00    0.00    5.32    0.00    0.00    0.00   63.83
01:05:34 PM    6   20.43    0.00   11.83    0.00    0.00    4.30    0.00    0.00    0.00   63.44
01:05:34 PM    7   18.18    0.00   16.16    0.00    0.00    5.05    0.00    0.00    0.00   60.61

01:05:34 PM  CPU    %usr   %nice    %sys %iowait    %irq   %soft  %steal  %guest  %gnice   %idle
01:05:35 PM  all   15.26    0.00   13.76    0.00    0.00    4.22    0.00    0.00    0.00   66.76
01:05:35 PM    0   17.89    0.00   11.58    0.00    0.00    4.21    0.00    0.00    0.00   66.32
01:05:35 PM    1   11.96    0.00   16.30    0.00    0.00    4.35    0.00    0.00    0.00   67.39
01:05:35 PM    2   15.05    0.00   16.13    0.00    0.00    3.23    0.00    0.00    0.00   65.59
01:05:35 PM    3   14.94    0.00    9.20    0.00    0.00    4.60    0.00    0.00    0.00   71.26
01:05:35 PM    4   13.64    0.00   13.64    0.00    0.00    4.55    0.00    0.00    0.00   68.18
01:05:35 PM    5   15.96    0.00   12.77    0.00    0.00    5.32    0.00    0.00    0.00   65.96
01:05:35 PM    6   17.39    0.00   13.04    0.00    0.00    4.35    0.00    0.00    0.00   65.22
01:05:35 PM    7   15.05    0.00   17.20    0.00    0.00    3.23    0.00    0.00    0.00   64.52

01:05:35 PM  CPU    %usr   %nice    %sys %iowait    %irq   %soft  %steal  %guest  %gnice   %idle
01:05:36 PM  all   13.36    0.00   11.29    0.00    0.00    3.72    0.00    0.00    0.00   71.63
01:05:36 PM    0   13.33    0.00    8.89    0.00    0.00    4.44    0.00    0.00    0.00   73.33
01:05:36 PM    1   10.00    0.00   13.33    0.00    0.00    3.33    0.00    0.00    0.00   73.33
01:05:36 PM    2   11.36    0.00    9.09    0.00    0.00    4.55    0.00    0.00    0.00   75.00
01:05:36 PM    3   10.87    0.00   15.22    0.00    0.00    2.17    0.00    0.00    0.00   71.74
01:05:36 PM    4   13.48    0.00   11.24    0.00    0.00    3.37    0.00    0.00    0.00   71.91
01:05:36 PM    5   14.29    0.00    9.89    0.00    0.00    5.49    0.00    0.00    0.00   70.33
01:05:36 PM    6   15.22    0.00   11.96    0.00    0.00    2.17    0.00    0.00    0.00   70.65
01:05:36 PM    7   18.09    0.00   10.64    0.00    0.00    4.26    0.00    0.00    0.00   67.02

01:05:36 PM  CPU    %usr   %nice    %sys %iowait    %irq   %soft  %steal  %guest  %gnice   %idle
01:05:37 PM  all   14.89    0.00    9.71    0.27    0.00    3.46    0.00    0.00    0.00   71.68
01:05:37 PM    0   11.70    0.00   11.70    0.00    0.00    4.26    0.00    0.00    0.00   72.34
01:05:37 PM    1   15.79    0.00    9.47    2.11    0.00    3.16    0.00    0.00    0.00   69.47
01:05:37 PM    2   15.05    0.00    9.68    0.00    0.00    3.23    0.00    0.00    0.00   72.04
01:05:37 PM    3   15.38    0.00    8.79    0.00    0.00    2.20    0.00    0.00    0.00   73.63
01:05:37 PM    4   12.77    0.00    7.45    0.00    0.00    6.38    0.00    0.00    0.00   73.40
01:05:37 PM    5   14.74    0.00   11.58    0.00    0.00    2.11    0.00    0.00    0.00   71.58
01:05:37 PM    6   17.89    0.00    8.42    0.00    0.00    3.16    0.00    0.00    0.00   70.53
01:05:37 PM    7   15.79    0.00   10.53    0.00    0.00    3.16    0.00    0.00    0.00   70.53

01:05:37 PM  CPU    %usr   %nice    %sys %iowait    %irq   %soft  %steal  %guest  %gnice   %idle
01:05:38 PM  all   14.53    0.00   10.57    0.00    0.00    4.23    0.00    0.00    0.00   70.67
01:05:38 PM    0   14.29    0.00   10.99    0.00    0.00    2.20    0.00    0.00    0.00   72.53
01:05:38 PM    1   13.04    0.00    9.78    0.00    0.00    4.35    0.00    0.00    0.00   72.83
01:05:38 PM    2   13.98    0.00    9.68    0.00    0.00    5.38    0.00    0.00    0.00   70.97
01:05:38 PM    3   14.74    0.00   11.58    0.00    0.00    3.16    0.00    0.00    0.00   70.53
01:05:38 PM    4   12.63    0.00   12.63    0.00    0.00    4.21    0.00    0.00    0.00   70.53
01:05:38 PM    5   17.00    0.00   10.00    0.00    0.00    6.00    0.00    0.00    0.00   67.00
01:05:38 PM    6   15.79    0.00    8.42    0.00    0.00    5.26    0.00    0.00    0.00   70.53
01:05:38 PM    7   14.58    0.00   11.46    0.00    0.00    3.12    0.00    0.00    0.00   70.83

01:05:38 PM  CPU    %usr   %nice    %sys %iowait    %irq   %soft  %steal  %guest  %gnice   %idle
01:05:39 PM  all   14.67    0.00   11.44    0.00    0.00    4.17    0.00    0.00    0.00   69.72
01:05:39 PM    0   15.79    0.00    9.47    0.00    0.00    7.37    0.00    0.00    0.00   67.37
01:05:39 PM    1   12.90    0.00   13.98    0.00    0.00    5.38    0.00    0.00    0.00   67.74
01:05:39 PM    2   18.68    0.00    8.79    0.00    0.00    2.20    0.00    0.00    0.00   70.33
01:05:39 PM    3   17.02    0.00   12.77    0.00    0.00    3.19    0.00    0.00    0.00   67.02
01:05:39 PM    4   10.64    0.00   12.77    0.00    0.00    5.32    0.00    0.00    0.00   71.28
01:05:39 PM    5   15.22    0.00   10.87    0.00    0.00    3.26    0.00    0.00    0.00   70.65
01:05:39 PM    6   15.22    0.00   10.87    0.00    0.00    3.26    0.00    0.00    0.00   70.65
01:05:39 PM    7   11.96    0.00   11.96    0.00    0.00    3.26    0.00    0.00    0.00   72.83

01:05:39 PM  CPU    %usr   %nice    %sys %iowait    %irq   %soft  %steal  %guest  %gnice   %idle
01:05:40 PM  all   12.17    0.00   11.51    0.00    0.00    4.50    0.00    0.00    0.00   71.83
01:05:40 PM    0   13.40    0.00   10.31    0.00    0.00    5.15    0.00    0.00    0.00   71.13
01:05:40 PM    1    8.79    0.00    9.89    0.00    0.00    5.49    0.00    0.00    0.00   75.82
01:05:40 PM    2   13.04    0.00    8.70    0.00    0.00    4.35    0.00    0.00    0.00   73.91
01:05:40 PM    3   10.75    0.00   11.83    0.00    0.00    3.23    0.00    0.00    0.00   74.19
01:05:40 PM    4   11.70    0.00   11.70    0.00    0.00    5.32    0.00    0.00    0.00   71.28
01:05:40 PM    5   14.43    0.00   12.37    0.00    0.00    4.12    0.00    0.00    0.00   69.07
01:05:40 PM    6   13.13    0.00   15.15    0.00    0.00    4.04    0.00    0.00    0.00   67.68
01:05:40 PM    7   11.83    0.00   11.83    0.00    0.00    4.30    0.00    0.00    0.00   72.04

01:05:40 PM  CPU    %usr   %nice    %sys %iowait    %irq   %soft  %steal  %guest  %gnice   %idle
01:05:41 PM  all   16.29    0.00   15.24    0.00    0.00    3.81    0.00    0.00    0.00   64.65
01:05:41 PM    0   16.67    0.00   17.71    0.00    0.00    3.12    0.00    0.00    0.00   62.50
01:05:41 PM    1   19.59    0.00   12.37    0.00    0.00    4.12    0.00    0.00    0.00   63.92
01:05:41 PM    2   13.04    0.00   17.39    0.00    0.00    3.26    0.00    0.00    0.00   66.30
01:05:41 PM    3   16.13    0.00   11.83    0.00    0.00    6.45    0.00    0.00    0.00   65.59
01:05:41 PM    4   16.67    0.00   14.58    0.00    0.00    4.17    0.00    0.00    0.00   64.58
01:05:41 PM    5   18.00    0.00   16.00    0.00    0.00    4.00    0.00    0.00    0.00   62.00
01:05:41 PM    6   15.62    0.00   15.62    0.00    0.00    3.12    0.00    0.00    0.00   65.62
01:05:41 PM    7   14.29    0.00   16.48    0.00    0.00    2.20    0.00    0.00    0.00   67.03

01:05:41 PM  CPU    %usr   %nice    %sys %iowait    %irq   %soft  %steal  %guest  %gnice   %idle
01:05:42 PM  all   17.43    0.00   20.18    0.00    0.00    5.11    0.00    0.00    0.00   57.27
01:05:42 PM    0   16.30    0.00   18.48    0.00    0.00    5.43    0.00    0.00    0.00   59.78
01:05:42 PM    1   22.00    0.00   20.00    0.00    0.00    6.00    0.00    0.00    0.00   52.00
01:05:42 PM    2   17.89    0.00   18.95    0.00    0.00    6.32    0.00    0.00    0.00   56.84
01:05:42 PM    3   18.75    0.00   22.92    0.00    0.00    2.08    0.00    0.00    0.00   56.25
01:05:42 PM    4   16.13    0.00   20.43    0.00    0.00    5.38    0.00    0.00    0.00   58.06
01:05:42 PM    5   16.67    0.00   18.75    0.00    0.00    5.21    0.00    0.00    0.00   59.38
01:05:42 PM    6   14.89    0.00   21.28    0.00    0.00    4.26    0.00    0.00    0.00   59.57
01:05:42 PM    7   16.49    0.00   20.62    0.00    0.00    6.19    0.00    0.00    0.00   56.70

01:05:42 PM  CPU    %usr   %nice    %sys %iowait    %irq   %soft  %steal  %guest  %gnice   %idle
01:05:43 PM  all   18.35    0.00   14.68    0.00    0.00    4.46    0.00    0.00    0.00   62.52
01:05:43 PM    0   13.54    0.00   16.67    0.00    0.00    5.21    0.00    0.00    0.00   64.58
01:05:43 PM    1   18.56    0.00   14.43    0.00    0.00    4.12    0.00    0.00    0.00   62.89
01:05:43 PM    2   19.35    0.00   10.75    0.00    0.00    4.30    0.00    0.00    0.00   65.59
01:05:43 PM    3   13.04    0.00   15.22    0.00    0.00    4.35    0.00    0.00    0.00   67.39
01:05:43 PM    4   20.43    0.00   13.98    0.00    0.00    3.23    0.00    0.00    0.00   62.37
01:05:43 PM    5   21.05    0.00   12.63    0.00    0.00    5.26    0.00    0.00    0.00   61.05
01:05:43 PM    6   17.35    0.00   19.39    0.00    0.00    5.10    0.00    0.00    0.00   58.16
01:05:43 PM    7   23.23    0.00   14.14    0.00    0.00    4.04    0.00    0.00    0.00   58.59

01:05:43 PM  CPU    %usr   %nice    %sys %iowait    %irq   %soft  %steal  %guest  %gnice   %idle
01:05:44 PM  all   17.43    0.00   15.95    0.27    0.00    4.56    0.00    0.00    0.00   61.80
01:05:44 PM    0   19.59    0.00   18.56    0.00    0.00    4.12    0.00    0.00    0.00   57.73
01:05:44 PM    1   20.00    0.00   13.33    0.00    0.00    3.33    0.00    0.00    0.00   63.33
01:05:44 PM    2   20.43    0.00   15.05    1.08    0.00    3.23    0.00    0.00    0.00   60.22
01:05:44 PM    3   17.20    0.00   15.05    1.08    0.00    6.45    0.00    0.00    0.00   60.22
01:05:44 PM    4   16.48    0.00   14.29    0.00    0.00    5.49    0.00    0.00    0.00   63.74
01:05:44 PM    5   16.49    0.00   18.56    0.00    0.00    3.09    0.00    0.00    0.00   61.86
01:05:44 PM    6   10.87    0.00   19.57    0.00    0.00    5.43    0.00    0.00    0.00   64.13
01:05:44 PM    7   18.28    0.00   12.90    0.00    0.00    5.38    0.00    0.00    0.00   63.44

01:05:44 PM  CPU    %usr   %nice    %sys %iowait    %irq   %soft  %steal  %guest  %gnice   %idle
01:05:45 PM  all   17.52    0.00   16.79    0.00    0.00    6.00    0.00    0.00    0.00   59.68
01:05:45 PM    0   15.15    0.00   17.17    0.00    0.00    6.06    0.00    0.00    0.00   61.62
01:05:45 PM    1   23.76    0.00   13.86    0.00    0.00    2.97    0.00    0.00    0.00   59.41
01:05:45 PM    2   18.27    0.00   16.35    0.00    0.00    7.69    0.00    0.00    0.00   57.69
01:05:45 PM    3   16.19    0.00   20.95    0.00    0.00    4.76    0.00    0.00    0.00   58.10
01:05:45 PM    4   17.89    0.00   11.58    0.00    0.00    5.26    0.00    0.00    0.00   65.26
01:05:45 PM    5   18.10    0.00   18.10    0.00    0.00    6.67    0.00    0.00    0.00   57.14
01:05:45 PM    6   13.46    0.00   20.19    0.00    0.00    6.73    0.00    0.00    0.00   59.62
01:05:45 PM    7   17.48    0.00   15.53    0.00    0.00    7.77    0.00    0.00    0.00   59.22

01:05:45 PM  CPU    %usr   %nice    %sys %iowait    %irq   %soft  %steal  %guest  %gnice   %idle
01:05:46 PM  all   16.38    0.00   16.25    0.00    0.00    5.72    0.00    0.00    0.00   61.64
01:05:46 PM    0   16.67    0.00   14.58    0.00    0.00    4.17    0.00    0.00    0.00   64.58
01:05:46 PM    1   15.62    0.00   14.58    0.00    0.00    5.21    0.00    0.00    0.00   64.58
01:05:46 PM    2   11.58    0.00   21.05    0.00    0.00    3.16    0.00    0.00    0.00   64.21
01:05:46 PM    3   15.53    0.00   18.45    0.00    0.00    6.80    0.00    0.00    0.00   59.22
01:05:46 PM    4   17.20    0.00   16.13    0.00    0.00    5.38    0.00    0.00    0.00   61.29
01:05:46 PM    5   17.53    0.00   17.53    0.00    0.00    6.19    0.00    0.00    0.00   58.76
01:05:46 PM    6   18.95    0.00   13.68    0.00    0.00    7.37    0.00    0.00    0.00   60.00
01:05:46 PM    7   18.09    0.00   13.83    0.00    0.00    7.45    0.00    0.00    0.00   60.64

01:05:46 PM  CPU    %usr   %nice    %sys %iowait    %irq   %soft  %steal  %guest  %gnice   %idle
01:05:47 PM  all   15.63    0.00   16.69    0.00    0.00    5.99    0.00    0.00    0.00   61.69
01:05:47 PM    0   15.24    0.00   17.14    0.00    0.00    4.76    0.00    0.00    0.00   62.86
01:05:47 PM    1   17.31    0.00   11.54    0.00    0.00    6.73    0.00    0.00    0.00   64.42
01:05:47 PM    2   12.62    0.00   16.50    0.00    0.00    6.80    0.00    0.00    0.00   64.08
01:05:47 PM    3   14.95    0.00   14.95    0.00    0.00    7.48    0.00    0.00    0.00   62.62
01:05:47 PM    4   12.04    0.00   20.37    0.00    0.00    7.41    0.00    0.00    0.00   60.19
01:05:47 PM    5   16.67    0.00   17.59    0.00    0.00    5.56    0.00    0.00    0.00   60.19
01:05:47 PM    6   16.19    0.00   19.05    0.00    0.00    3.81    0.00    0.00    0.00   60.95
01:05:47 PM    7   19.82    0.00   16.22    0.00    0.00    5.41    0.00    0.00    0.00   58.56

01:05:47 PM  CPU    %usr   %nice    %sys %iowait    %irq   %soft  %steal  %guest  %gnice   %idle
01:05:48 PM  all   16.58    0.00   17.88    0.00    0.00    4.53    0.00    0.00    0.00   61.01
01:05:48 PM    0   14.74    0.00   18.95    0.00    0.00    2.11    0.00    0.00    0.00   64.21
01:05:48 PM    1   17.02    0.00   13.83    0.00    0.00    5.32    0.00    0.00    0.00   63.83
01:05:48 PM    2   13.83    0.00   18.09    0.00    0.00    5.32    0.00    0.00    0.00   62.77
01:05:48 PM    3   18.37    0.00   15.31    0.00    0.00    4.08    0.00    0.00    0.00   62.24
01:05:48 PM    4   14.43    0.00   19.59    0.00    0.00    7.22    0.00    0.00    0.00   58.76
01:05:48 PM    5   20.00    0.00   15.00    0.00    0.00    6.00    0.00    0.00    0.00   59.00
01:05:48 PM    6   19.19    0.00   18.18    0.00    0.00    4.04    0.00    0.00    0.00   58.59
01:05:48 PM    7   14.74    0.00   24.21    0.00    0.00    2.11    0.00    0.00    0.00   58.95

01:05:48 PM  CPU    %usr   %nice    %sys %iowait    %irq   %soft  %steal  %guest  %gnice   %idle
01:05:49 PM  all   17.15    0.00   17.02    0.25    0.00    4.54    0.00    0.00    0.00   61.03
01:05:49 PM    0   16.35    0.00   16.35    0.00    0.00    6.73    0.00    0.00    0.00   60.58
01:05:49 PM    1   14.58    0.00   14.58    1.04    0.00    4.17    0.00    0.00    0.00   65.62
01:05:49 PM    2   19.00    0.00   14.00    0.00    0.00    6.00    0.00    0.00    0.00   61.00
01:05:49 PM    3   15.46    0.00   17.53    1.03    0.00    2.06    0.00    0.00    0.00   63.92
01:05:49 PM    4   15.62    0.00   19.79    0.00    0.00    3.12    0.00    0.00    0.00   61.46
01:05:49 PM    5   21.78    0.00   16.83    0.00    0.00    2.97    0.00    0.00    0.00   58.42
01:05:49 PM    6   16.49    0.00   19.59    0.00    0.00    4.12    0.00    0.00    0.00   59.79
01:05:49 PM    7   17.65    0.00   17.65    0.00    0.00    6.86    0.00    0.00    0.00   57.84

01:05:49 PM  CPU    %usr   %nice    %sys %iowait    %irq   %soft  %steal  %guest  %gnice   %idle
01:05:50 PM  all   16.60    0.00   19.12    0.00    0.00    5.03    0.00    0.00    0.00   59.25
01:05:50 PM    0   14.85    0.00   21.78    0.00    0.00    2.97    0.00    0.00    0.00   60.40
01:05:50 PM    1   16.49    0.00   17.53    0.00    0.00    3.09    0.00    0.00    0.00   62.89
01:05:50 PM    2   17.82    0.00   18.81    0.00    0.00    2.97    0.00    0.00    0.00   60.40
01:05:50 PM    3   14.43    0.00   19.59    0.00    0.00    3.09    0.00    0.00    0.00   62.89
01:05:50 PM    4   18.81    0.00   19.80    0.00    0.00    4.95    0.00    0.00    0.00   56.44
01:05:50 PM    5   18.81    0.00   17.82    0.00    0.00    7.92    0.00    0.00    0.00   55.45
01:05:50 PM    6   16.33    0.00   20.41    0.00    0.00    6.12    0.00    0.00    0.00   57.14
01:05:50 PM    7   15.15    0.00   17.17    0.00    0.00    9.09    0.00    0.00    0.00   58.59

01:05:50 PM  CPU    %usr   %nice    %sys %iowait    %irq   %soft  %steal  %guest  %gnice   %idle
01:05:51 PM  all   18.00    0.00   19.77    0.00    0.00    6.08    0.00    0.00    0.00   56.15
01:05:51 PM    0   15.15    0.00   20.20    0.00    0.00    5.05    0.00    0.00    0.00   59.60
01:05:51 PM    1   10.53    0.00   18.95    0.00    0.00    7.37    0.00    0.00    0.00   63.16
01:05:51 PM    2   15.53    0.00   21.36    0.00    0.00    6.80    0.00    0.00    0.00   56.31
01:05:51 PM    3   14.71    0.00   21.57    0.00    0.00    5.88    0.00    0.00    0.00   57.84
01:05:51 PM    4   22.55    0.00   20.59    0.00    0.00    5.88    0.00    0.00    0.00   50.98
01:05:51 PM    5   24.24    0.00   19.19    0.00    0.00    5.05    0.00    0.00    0.00   51.52
01:05:51 PM    6   20.83    0.00   18.75    0.00    0.00    7.29    0.00    0.00    0.00   53.12
01:05:51 PM    7   20.43    0.00   17.20    0.00    0.00    5.38    0.00    0.00    0.00   56.99

01:05:51 PM  CPU    %usr   %nice    %sys %iowait    %irq   %soft  %steal  %guest  %gnice   %idle
01:05:52 PM  all   17.08    0.00   19.91    0.00    0.00    5.18    0.00    0.00    0.00   57.83
01:05:52 PM    0   14.95    0.00   20.56    0.00    0.00    5.61    0.00    0.00    0.00   58.88
01:05:52 PM    1   13.21    0.00   23.58    0.00    0.00    3.77    0.00    0.00    0.00   59.43
01:05:52 PM    2   13.73    0.00   21.57    0.00    0.00    2.94    0.00    0.00    0.00   61.76
01:05:52 PM    3   15.24    0.00   21.90    0.00    0.00    2.86    0.00    0.00    0.00   60.00
01:05:52 PM    4   19.82    0.00   19.82    0.00    0.00    7.21    0.00    0.00    0.00   53.15
01:05:52 PM    5   22.22    0.00   19.44    0.00    0.00    4.63    0.00    0.00    0.00   53.70
01:05:52 PM    6   19.42    0.00   14.56    0.00    0.00    6.80    0.00    0.00    0.00   59.22
01:05:52 PM    7   17.76    0.00   17.76    0.00    0.00    7.48    0.00    0.00    0.00   57.01

01:05:52 PM  CPU    %usr   %nice    %sys %iowait    %irq   %soft  %steal  %guest  %gnice   %idle
01:05:53 PM  all   16.22    0.00   17.43    0.00    0.00    5.69    0.00    0.00    0.00   60.65
01:05:53 PM    0   14.42    0.00   20.19    0.00    0.00    4.81    0.00    0.00    0.00   60.58
01:05:53 PM    1   17.14    0.00   17.14    0.00    0.00    4.76    0.00    0.00    0.00   60.95
01:05:53 PM    2   15.69    0.00   16.67    0.00    0.00    4.90    0.00    0.00    0.00   62.75
01:05:53 PM    3   12.50    0.00   20.19    0.00    0.00    5.77    0.00    0.00    0.00   61.54
01:05:53 PM    4   13.86    0.00   17.82    0.00    0.00    6.93    0.00    0.00    0.00   61.39
01:05:53 PM    5   15.84    0.00   17.82    0.00    0.00    4.95    0.00    0.00    0.00   61.39
01:05:53 PM    6   19.81    0.00   16.04    0.00    0.00    6.60    0.00    0.00    0.00   57.55
01:05:53 PM    7   20.39    0.00   13.59    0.00    0.00    6.80    0.00    0.00    0.00   59.22

01:05:53 PM  CPU    %usr   %nice    %sys %iowait    %irq   %soft  %steal  %guest  %gnice   %idle
01:05:54 PM  all   15.26    0.00   20.97    0.12    0.00    5.46    0.00    0.00    0.00   58.19
01:05:54 PM    0   13.46    0.00   23.08    0.00    0.00    5.77    0.00    0.00    0.00   57.69
01:05:54 PM    1   19.42    0.00   18.45    0.00    0.00    4.85    0.00    0.00    0.00   57.28
01:05:54 PM    2   14.29    0.00   20.41    0.00    0.00    5.10    0.00    0.00    0.00   60.20
01:05:54 PM    3   16.67    0.00   20.59    0.98    0.00    3.92    0.00    0.00    0.00   57.84
01:05:54 PM    4   16.50    0.00   17.48    0.00    0.00    8.74    0.00    0.00    0.00   57.28
01:05:54 PM    5   18.18    0.00   19.19    0.00    0.00    5.05    0.00    0.00    0.00   57.58
01:05:54 PM    6   11.70    0.00   21.28    0.00    0.00    5.32    0.00    0.00    0.00   61.70
01:05:54 PM    7   11.65    0.00   27.18    0.00    0.00    4.85    0.00    0.00    0.00   56.31

01:05:54 PM  CPU    %usr   %nice    %sys %iowait    %irq   %soft  %steal  %guest  %gnice   %idle
01:05:55 PM  all   17.17    0.00   20.41    0.00    0.00    5.04    0.00    0.00    0.00   57.38
01:05:55 PM    0   18.87    0.00   20.75    0.00    0.00    4.72    0.00    0.00    0.00   55.66
01:05:55 PM    1   17.48    0.00   19.42    0.00    0.00    4.85    0.00    0.00    0.00   58.25
01:05:55 PM    2   16.16    0.00   18.18    0.00    0.00    5.05    0.00    0.00    0.00   60.61
01:05:55 PM    3   15.09    0.00   22.64    0.00    0.00    3.77    0.00    0.00    0.00   58.49
01:05:55 PM    4   18.63    0.00   17.65    0.00    0.00    5.88    0.00    0.00    0.00   57.84
01:05:55 PM    5   19.63    0.00   20.56    0.00    0.00    4.67    0.00    0.00    0.00   55.14
01:05:55 PM    6   17.48    0.00   19.42    0.00    0.00    5.83    0.00    0.00    0.00   57.28
01:05:55 PM    7   14.02    0.00   24.30    0.00    0.00    5.61    0.00    0.00    0.00   56.07

01:05:55 PM  CPU    %usr   %nice    %sys %iowait    %irq   %soft  %steal  %guest  %gnice   %idle
01:05:56 PM  all   17.19    0.00   19.66    0.11    0.00    5.73    0.00    0.00    0.00   57.30
01:05:56 PM    0   16.67    0.00   17.59    0.00    0.00    4.63    0.00    0.00    0.00   61.11
01:05:56 PM    1   15.65    0.00   22.61    0.00    0.00    6.09    0.00    0.00    0.00   55.65
01:05:56 PM    2   11.93    0.00   21.10    0.00    0.00    6.42    0.00    0.00    0.00   60.55
01:05:56 PM    3   20.69    0.00   19.83    0.00    0.00    4.31    0.00    0.00    0.00   55.17
01:05:56 PM    4   16.22    0.00   18.02    0.90    0.00    7.21    0.00    0.00    0.00   57.66
01:05:56 PM    5   19.64    0.00   17.86    0.00    0.00    5.36    0.00    0.00    0.00   57.14
01:05:56 PM    6   17.12    0.00   18.92    0.00    0.00    7.21    0.00    0.00    0.00   56.76
01:05:56 PM    7   19.44    0.00   21.30    0.00    0.00    4.63    0.00    0.00    0.00   54.63

01:05:56 PM  CPU    %usr   %nice    %sys %iowait    %irq   %soft  %steal  %guest  %gnice   %idle
01:05:57 PM  all   16.95    0.00   19.21    0.00    0.00    5.20    0.00    0.00    0.00   58.64
01:05:57 PM    0   17.39    0.00   21.74    0.00    0.00    2.61    0.00    0.00    0.00   58.26
01:05:57 PM    1   16.07    0.00   20.54    0.00    0.00    3.57    0.00    0.00    0.00   59.82
01:05:57 PM    2   16.81    0.00   19.47    0.00    0.00    6.19    0.00    0.00    0.00   57.52
01:05:57 PM    3   16.52    0.00   19.13    0.00    0.00    6.96    0.00    0.00    0.00   57.39
01:05:57 PM    4   18.18    0.00   18.18    0.00    0.00    6.36    0.00    0.00    0.00   57.27
01:05:57 PM    5   14.95    0.00   19.63    0.00    0.00    7.48    0.00    0.00    0.00   57.94
01:05:57 PM    6   16.04    0.00   18.87    0.00    0.00    4.72    0.00    0.00    0.00   60.38
01:05:57 PM    7   19.63    0.00   15.89    0.00    0.00    3.74    0.00    0.00    0.00   60.75

01:05:57 PM  CPU    %usr   %nice    %sys %iowait    %irq   %soft  %steal  %guest  %gnice   %idle
01:05:58 PM  all   16.69    0.00   22.01    0.00    0.00    5.32    0.00    0.00    0.00   55.99
01:05:58 PM    0   16.19    0.00   20.00    0.00    0.00    4.76    0.00    0.00    0.00   59.05
01:05:58 PM    1   16.19    0.00   21.90    0.00    0.00    5.71    0.00    0.00    0.00   56.19
01:05:58 PM    2   14.42    0.00   21.15    0.00    0.00    5.77    0.00    0.00    0.00   58.65
01:05:58 PM    3   13.73    0.00   25.49    0.00    0.00    2.94    0.00    0.00    0.00   57.84
01:05:58 PM    4   18.00    0.00   22.00    0.00    0.00    5.00    0.00    0.00    0.00   55.00
01:05:58 PM    5   16.51    0.00   22.94    0.00    0.00    7.34    0.00    0.00    0.00   53.21
01:05:58 PM    6   20.95    0.00   20.95    0.00    0.00    5.71    0.00    0.00    0.00   52.38
01:05:58 PM    7   17.53    0.00   21.65    0.00    0.00    5.15    0.00    0.00    0.00   55.67

01:05:58 PM  CPU    %usr   %nice    %sys %iowait    %irq   %soft  %steal  %guest  %gnice   %idle
01:05:59 PM  all   17.13    0.00   19.93    0.12    0.00    4.90    0.00    0.00    0.00   57.93
01:05:59 PM    0   12.38    0.00   23.81    0.00    0.00    3.81    0.00    0.00    0.00   60.00
01:05:59 PM    1   17.70    0.00   21.24    0.00    0.00    5.31    0.00    0.00    0.00   55.75
01:05:59 PM    2   17.43    0.00   20.18    0.00    0.00    5.50    0.00    0.00    0.00   56.88
01:05:59 PM    3   18.45    0.00   15.53    0.97    0.00    2.91    0.00    0.00    0.00   62.14
01:05:59 PM    4   20.95    0.00   17.14    0.00    0.00    3.81    0.00    0.00    0.00   58.10
01:05:59 PM    5   16.98    0.00   20.75    0.00    0.00    5.66    0.00    0.00    0.00   56.60
01:05:59 PM    6   16.51    0.00   21.10    0.00    0.00    5.50    0.00    0.00    0.00   56.88
01:05:59 PM    7   16.67    0.00   19.44    0.00    0.00    6.48    0.00    0.00    0.00   57.41

01:05:59 PM  CPU    %usr   %nice    %sys %iowait    %irq   %soft  %steal  %guest  %gnice   %idle
01:06:00 PM  all   16.53    0.00   20.66    0.00    0.00    6.61    0.00    0.00    0.00   56.20
01:06:00 PM    0   15.69    0.00   18.63    0.00    0.00    4.90    0.00    0.00    0.00   60.78
01:06:00 PM    1   17.43    0.00   20.18    0.00    0.00    6.42    0.00    0.00    0.00   55.96
01:06:00 PM    2   12.73    0.00   25.45    0.00    0.00    7.27    0.00    0.00    0.00   54.55
01:06:00 PM    3   17.65    0.00   18.63    0.00    0.00    3.92    0.00    0.00    0.00   59.80
01:06:00 PM    4   18.87    0.00   18.87    0.00    0.00    6.60    0.00    0.00    0.00   55.66
01:06:00 PM    5   19.23    0.00   17.31    0.00    0.00    6.73    0.00    0.00    0.00   56.73
01:06:00 PM    6   13.08    0.00   25.23    0.00    0.00    8.41    0.00    0.00    0.00   53.27
01:06:00 PM    7   17.76    0.00   20.56    0.00    0.00    8.41    0.00    0.00    0.00   53.27

01:06:00 PM  CPU    %usr   %nice    %sys %iowait    %irq   %soft  %steal  %guest  %gnice   %idle
01:06:01 PM  all   16.43    0.00   19.74    0.00    0.00    5.67    0.00    0.00    0.00   58.16
01:06:01 PM    0   14.15    0.00   21.70    0.00    0.00    3.77    0.00    0.00    0.00   60.38
01:06:01 PM    1   15.38    0.00   17.31    0.00    0.00    5.77    0.00    0.00    0.00   61.54
01:06:01 PM    2   15.24    0.00   19.05    0.00    0.00    4.76    0.00    0.00    0.00   60.95
01:06:01 PM    3   16.98    0.00   19.81    0.00    0.00    3.77    0.00    0.00    0.00   59.43
01:06:01 PM    4   19.63    0.00   17.76    0.00    0.00    6.54    0.00    0.00    0.00   56.07
01:06:01 PM    5   15.53    0.00   19.42    0.00    0.00    8.74    0.00    0.00    0.00   56.31
01:06:01 PM    6   18.87    0.00   18.87    0.00    0.00    6.60    0.00    0.00    0.00   55.66
01:06:01 PM    7   15.60    0.00   23.85    0.00    0.00    5.50    0.00    0.00    0.00   55.05

01:06:01 PM  CPU    %usr   %nice    %sys %iowait    %irq   %soft  %steal  %guest  %gnice   %idle
01:06:02 PM  all   18.59    0.00   18.82    0.71    0.00    5.06    0.00    0.00    0.00   56.82
01:06:02 PM    0   18.27    0.00   18.27    1.92    0.00    3.85    0.00    0.00    0.00   57.69
01:06:02 PM    1   17.59    0.00   20.37    0.00    0.00    4.63    0.00    0.00    0.00   57.41
01:06:02 PM    2   19.23    0.00   17.31    0.00    0.00    3.85    0.00    0.00    0.00   59.62
01:06:02 PM    3   17.59    0.00   18.52    0.00    0.00    5.56    0.00    0.00    0.00   58.33
01:06:02 PM    4   20.56    0.00   18.69    0.00    0.00    5.61    0.00    0.00    0.00   55.14
01:06:02 PM    5   19.81    0.00   17.92    2.83    0.00    4.72    0.00    0.00    0.00   54.72
01:06:02 PM    6   14.95    0.00   20.56    0.93    0.00    7.48    0.00    0.00    0.00   56.07
01:06:02 PM    7   20.75    0.00   18.87    0.00    0.00    4.72    0.00    0.00    0.00   55.66

01:06:02 PM  CPU    %usr   %nice    %sys %iowait    %irq   %soft  %steal  %guest  %gnice   %idle
01:06:03 PM  all   17.87    0.00   18.70    0.00    0.00    4.38    0.00    0.00    0.00   59.05
01:06:03 PM    0   16.36    0.00   17.27    0.00    0.00    8.18    0.00    0.00    0.00   58.18
01:06:03 PM    1   17.76    0.00   18.69    0.00    0.00    3.74    0.00    0.00    0.00   59.81
01:06:03 PM    2   20.39    0.00   13.59    0.00    0.00    2.91    0.00    0.00    0.00   63.11
01:06:03 PM    3   16.82    0.00   19.63    0.00    0.00    3.74    0.00    0.00    0.00   59.81
01:06:03 PM    4   21.90    0.00   16.19    0.00    0.00    4.76    0.00    0.00    0.00   57.14
01:06:03 PM    5   16.83    0.00   18.81    0.00    0.00    4.95    0.00    0.00    0.00   59.41
01:06:03 PM    6   17.14    0.00   21.90    0.00    0.00    2.86    0.00    0.00    0.00   58.10
01:06:03 PM    7   15.89    0.00   23.36    0.00    0.00    3.74    0.00    0.00    0.00   57.01

01:06:03 PM  CPU    %usr   %nice    %sys %iowait    %irq   %soft  %steal  %guest  %gnice   %idle
01:06:04 PM  all   18.66    0.00   19.62    0.24    0.00    4.90    0.00    0.00    0.00   56.58
01:06:04 PM    0   15.38    0.00   23.08    0.96    0.00    4.81    0.00    0.00    0.00   55.77
01:06:04 PM    1   17.31    0.00   20.19    0.00    0.00    4.81    0.00    0.00    0.00   57.69
01:06:04 PM    2   18.18    0.00   21.82    0.91    0.00    5.45    0.00    0.00    0.00   53.64
01:06:04 PM    3   21.50    0.00   17.76    0.00    0.00    3.74    0.00    0.00    0.00   57.01
01:06:04 PM    4   21.36    0.00   18.45    0.00    0.00    4.85    0.00    0.00    0.00   55.34
01:06:04 PM    5   16.98    0.00   20.75    0.00    0.00    5.66    0.00    0.00    0.00   56.60
01:06:04 PM    6   20.00    0.00   17.00    0.00    0.00    4.00    0.00    0.00    0.00   59.00
01:06:04 PM    7   18.63    0.00   17.65    0.00    0.00    5.88    0.00    0.00    0.00   57.84

01:06:04 PM  CPU    %usr   %nice    %sys %iowait    %irq   %soft  %steal  %guest  %gnice   %idle
01:06:05 PM  all   17.20    0.00   18.07    0.00    0.00    3.84    0.00    0.00    0.00   60.89
01:06:05 PM    0   15.89    0.00   20.56    0.00    0.00    5.61    0.00    0.00    0.00   57.94
01:06:05 PM    1   15.84    0.00   18.81    0.00    0.00    3.96    0.00    0.00    0.00   61.39
01:06:05 PM    2   21.57    0.00   17.65    0.00    0.00    1.96    0.00    0.00    0.00   58.82
01:06:05 PM    3   17.00    0.00   18.00    0.00    0.00    4.00    0.00    0.00    0.00   61.00
01:06:05 PM    4   14.43    0.00   17.53    0.00    0.00    4.12    0.00    0.00    0.00   63.92
01:06:05 PM    5   13.86    0.00   19.80    0.00    0.00    3.96    0.00    0.00    0.00   62.38
01:06:05 PM    6   20.41    0.00   13.27    0.00    0.00    5.10    0.00    0.00    0.00   61.22
01:06:05 PM    7   18.63    0.00   18.63    0.00    0.00    1.96    0.00    0.00    0.00   60.78

01:06:05 PM  CPU    %usr   %nice    %sys %iowait    %irq   %soft  %steal  %guest  %gnice   %idle
01:06:06 PM  all   16.84    0.00   15.82    0.00    0.00    4.30    0.00    0.00    0.00   63.04
01:06:06 PM    0   17.17    0.00   14.14    0.00    0.00    4.04    0.00    0.00    0.00   64.65
01:06:06 PM    1   14.74    0.00   12.63    0.00    0.00    4.21    0.00    0.00    0.00   68.42
01:06:06 PM    2   17.82    0.00   14.85    0.00    0.00    2.97    0.00    0.00    0.00   64.36
01:06:06 PM    3   14.29    0.00   15.31    0.00    0.00    5.10    0.00    0.00    0.00   65.31
01:06:06 PM    4   19.61    0.00   16.67    0.00    0.00    3.92    0.00    0.00    0.00   59.80
01:06:06 PM    5   15.79    0.00   16.84    0.00    0.00    4.21    0.00    0.00    0.00   63.16
01:06:06 PM    6   16.50    0.00   20.39    0.00    0.00    4.85    0.00    0.00    0.00   58.25
01:06:06 PM    7   18.56    0.00   15.46    0.00    0.00    5.15    0.00    0.00    0.00   60.82

01:06:06 PM  CPU    %usr   %nice    %sys %iowait    %irq   %soft  %steal  %guest  %gnice   %idle
01:06:07 PM  all   15.61    0.00   15.74    0.13    0.00    4.13    0.00    0.00    0.00   64.39
01:06:07 PM    0   15.31    0.00   16.33    0.00    0.00    3.06    0.00    0.00    0.00   65.31
01:06:07 PM    1   12.77    0.00   14.89    0.00    0.00    4.26    0.00    0.00    0.00   68.09
01:06:07 PM    2   17.35    0.00   15.31    0.00    0.00    2.04    0.00    0.00    0.00   65.31
01:06:07 PM    3   17.17    0.00   13.13    0.00    0.00    3.03    0.00    0.00    0.00   66.67
01:06:07 PM    4   14.43    0.00   18.56    0.00    0.00    4.12    0.00    0.00    0.00   62.89
01:06:07 PM    5   13.27    0.00   19.39    1.02    0.00    5.10    0.00    0.00    0.00   61.22
01:06:07 PM    6   19.15    0.00   11.70    0.00    0.00    5.32    0.00    0.00    0.00   63.83
01:06:07 PM    7   15.46    0.00   16.49    0.00    0.00    6.19    0.00    0.00    0.00   61.86

01:06:07 PM  CPU    %usr   %nice    %sys %iowait    %irq   %soft  %steal  %guest  %gnice   %idle
01:06:08 PM  all   16.71    0.00   11.77    0.00    0.00    4.81    0.00    0.00    0.00   66.71
01:06:08 PM    0   14.14    0.00   15.15    0.00    0.00    3.03    0.00    0.00    0.00   67.68
01:06:08 PM    1   18.00    0.00   10.00    0.00    0.00    4.00    0.00    0.00    0.00   68.00
01:06:08 PM    2   13.27    0.00   13.27    0.00    0.00    5.10    0.00    0.00    0.00   68.37
01:06:08 PM    3   15.62    0.00   12.50    0.00    0.00    2.08    0.00    0.00    0.00   69.79
01:06:08 PM    4   18.18    0.00    9.09    0.00    0.00    7.07    0.00    0.00    0.00   65.66
01:06:08 PM    5   18.18    0.00   11.11    0.00    0.00    6.06    0.00    0.00    0.00   64.65
01:06:08 PM    6   18.18    0.00   13.13    0.00    0.00    4.04    0.00    0.00    0.00   64.65
01:06:08 PM    7   18.00    0.00   10.00    0.00    0.00    7.00    0.00    0.00    0.00   65.00

01:06:08 PM  CPU    %usr   %nice    %sys %iowait    %irq   %soft  %steal  %guest  %gnice   %idle
01:06:09 PM  all   14.17    0.00    9.89    0.27    0.00    3.48    0.00    0.00    0.00   72.19
01:06:09 PM    0   12.77    0.00   11.70    1.06    0.00    2.13    0.00    0.00    0.00   72.34
01:06:09 PM    1   13.83    0.00   11.70    0.00    0.00    2.13    0.00    0.00    0.00   72.34
01:06:09 PM    2   13.19    0.00    9.89    0.00    0.00    1.10    0.00    0.00    0.00   75.82
01:06:09 PM    3   14.58    0.00   10.42    0.00    0.00    3.12    0.00    0.00    0.00   71.88
01:06:09 PM    4   15.96    0.00    9.57    0.00    0.00    4.26    0.00    0.00    0.00   70.21
01:06:09 PM    5   13.83    0.00   10.64    1.06    0.00    4.26    0.00    0.00    0.00   70.21
01:06:09 PM    6   14.13    0.00    7.61    0.00    0.00    5.43    0.00    0.00    0.00   72.83
01:06:09 PM    7   15.05    0.00    7.53    0.00    0.00    5.38    0.00    0.00    0.00   72.04

01:06:09 PM  CPU    %usr   %nice    %sys %iowait    %irq   %soft  %steal  %guest  %gnice   %idle
01:06:10 PM  all   17.94    0.00   18.06    0.00    0.00    5.62    0.00    0.00    0.00   58.37
01:06:10 PM    0   16.35    0.00   21.15    0.00    0.00    3.85    0.00    0.00    0.00   58.65
01:06:10 PM    1   22.64    0.00   15.09    0.00    0.00    3.77    0.00    0.00    0.00   58.49
01:06:10 PM    2   18.27    0.00   15.38    0.00    0.00    5.77    0.00    0.00    0.00   60.58
01:06:10 PM    3   18.87    0.00   16.04    0.00    0.00    6.60    0.00    0.00    0.00   58.49
01:06:10 PM    4   15.74    0.00   20.37    0.00    0.00    6.48    0.00    0.00    0.00   57.41
01:06:10 PM    5   18.63    0.00   17.65    0.00    0.00    3.92    0.00    0.00    0.00   59.80
01:06:10 PM    6   17.31    0.00   19.23    0.00    0.00    8.65    0.00    0.00    0.00   54.81
01:06:10 PM    7   15.69    0.00   19.61    0.00    0.00    5.88    0.00    0.00    0.00   58.82

01:06:10 PM  CPU    %usr   %nice    %sys %iowait    %irq   %soft  %steal  %guest  %gnice   %idle
01:06:11 PM  all   14.17    0.00    9.03    0.00    0.00    2.08    0.00    0.00    0.00   74.72
01:06:11 PM    0   13.19    0.00    8.79    0.00    0.00    2.20    0.00    0.00    0.00   75.82
01:06:11 PM    1   13.04    0.00    9.78    0.00    0.00    2.17    0.00    0.00    0.00   75.00
01:06:11 PM    2   14.61    0.00    5.62    0.00    0.00    2.25    0.00    0.00    0.00   77.53
01:06:11 PM    3   16.48    0.00    7.69    0.00    0.00    1.10    0.00    0.00    0.00   74.73
01:06:11 PM    4   15.73    0.00    8.99    0.00    0.00    1.12    0.00    0.00    0.00   74.16
01:06:11 PM    5   14.13    0.00   10.87    0.00    0.00    3.26    0.00    0.00    0.00   71.74
01:06:11 PM    6   14.77    0.00    7.95    0.00    0.00    2.27    0.00    0.00    0.00   75.00
01:06:11 PM    7   11.36    0.00   12.50    0.00    0.00    2.27    0.00    0.00    0.00   73.86

01:06:11 PM  CPU    %usr   %nice    %sys %iowait    %irq   %soft  %steal  %guest  %gnice   %idle
01:06:12 PM  all   16.89    0.00   17.15    0.00    0.00    4.88    0.00    0.00    0.00   61.08
01:06:12 PM    0   15.79    0.00   15.79    0.00    0.00    4.21    0.00    0.00    0.00   64.21
01:06:12 PM    1   13.83    0.00   20.21    0.00    0.00    2.13    0.00    0.00    0.00   63.83
01:06:12 PM    2   20.00    0.00   10.00    0.00    0.00    2.22    0.00    0.00    0.00   67.78
01:06:12 PM    3   16.49    0.00   17.53    0.00    0.00    5.15    0.00    0.00    0.00   60.82
01:06:12 PM    4   18.18    0.00   16.16    0.00    0.00    6.06    0.00    0.00    0.00   59.60
01:06:12 PM    5   17.78    0.00   16.67    0.00    0.00    5.56    0.00    0.00    0.00   60.00
01:06:12 PM    6   16.49    0.00   19.59    0.00    0.00    7.22    0.00    0.00    0.00   56.70
01:06:12 PM    7   16.67    0.00   20.83    0.00    0.00    6.25    0.00    0.00    0.00   56.25

01:06:12 PM  CPU    %usr   %nice    %sys %iowait    %irq   %soft  %steal  %guest  %gnice   %idle
01:06:13 PM  all   13.87    0.00   10.40    0.00    0.00    3.47    0.00    0.00    0.00   72.26
01:06:13 PM    0    9.30    0.00   10.47    0.00    0.00    2.33    0.00    0.00    0.00   77.91
01:06:13 PM    1   13.79    0.00    5.75    0.00    0.00    3.45    0.00    0.00    0.00   77.01
01:06:13 PM    2   14.29    0.00    9.89    0.00    0.00    2.20    0.00    0.00    0.00   73.63
01:06:13 PM    3    9.20    0.00   10.34    0.00    0.00    3.45    0.00    0.00    0.00   77.01
01:06:13 PM    4   16.84    0.00   12.63    0.00    0.00    4.21    0.00    0.00    0.00   66.32
01:06:13 PM    5   15.38    0.00   10.99    0.00    0.00    3.30    0.00    0.00    0.00   70.33
01:06:13 PM    6   13.04    0.00   13.04    0.00    0.00    5.43    0.00    0.00    0.00   68.48
01:06:13 PM    7   18.48    0.00    9.78    0.00    0.00    3.26    0.00    0.00    0.00   68.48

01:06:13 PM  CPU    %usr   %nice    %sys %iowait    %irq   %soft  %steal  %guest  %gnice   %idle
01:06:14 PM  all   10.98    0.00    8.64    0.15    0.00    3.37    0.00    0.00    0.00   76.87
01:06:14 PM    0    8.86    0.00    5.06    0.00    0.00    2.53    0.00    0.00    0.00   83.54
01:06:14 PM    1   11.76    0.00    8.24    1.18    0.00    1.18    0.00    0.00    0.00   77.65
01:06:14 PM    2    9.52    0.00    8.33    0.00    0.00    4.76    0.00    0.00    0.00   77.38
01:06:14 PM    3    9.52    0.00    9.52    0.00    0.00    1.19    0.00    0.00    0.00   79.76
01:06:14 PM    4   12.36    0.00    8.99    0.00    0.00    3.37    0.00    0.00    0.00   75.28
01:06:14 PM    5   10.59    0.00   10.59    0.00    0.00    3.53    0.00    0.00    0.00   75.29
01:06:14 PM    6   13.33    0.00    8.89    0.00    0.00    5.56    0.00    0.00    0.00   72.22
01:06:14 PM    7   11.49    0.00    9.20    0.00    0.00    4.60    0.00    0.00    0.00   74.71

01:06:14 PM  CPU    %usr   %nice    %sys %iowait    %irq   %soft  %steal  %guest  %gnice   %idle
01:06:15 PM  all   13.01    0.00    7.21    0.00    0.00    3.25    0.00    0.00    0.00   76.52
01:06:15 PM    0    9.64    0.00    4.82    0.00    0.00    3.61    0.00    0.00    0.00   81.93
01:06:15 PM    1   13.64    0.00    5.68    0.00    0.00    2.27    0.00    0.00    0.00   78.41
01:06:15 PM    2   11.63    0.00    5.81    0.00    0.00    2.33    0.00    0.00    0.00   80.23
01:06:15 PM    3   11.36    0.00    9.09    0.00    0.00    1.14    0.00    0.00    0.00   78.41
01:06:15 PM    4   12.22    0.00    8.89    0.00    0.00    4.44    0.00    0.00    0.00   74.44
01:06:15 PM    5   15.91    0.00    6.82    0.00    0.00    3.41    0.00    0.00    0.00   73.86
01:06:15 PM    6   14.13    0.00    8.70    0.00    0.00    4.35    0.00    0.00    0.00   72.83
01:06:15 PM    7   15.22    0.00    7.61    0.00    0.00    4.35    0.00    0.00    0.00   72.83

01:06:15 PM  CPU    %usr   %nice    %sys %iowait    %irq   %soft  %steal  %guest  %gnice   %idle
01:06:16 PM  all   18.48    0.00   20.58    0.00    0.00    6.42    0.00    0.00    0.00   54.52
01:06:16 PM    0   20.62    0.00   18.56    0.00    0.00    4.12    0.00    0.00    0.00   56.70
01:06:16 PM    1   19.35    0.00   19.35    0.00    0.00    4.30    0.00    0.00    0.00   56.99
01:06:16 PM    2   17.39    0.00   21.74    0.00    0.00    4.35    0.00    0.00    0.00   56.52
01:06:16 PM    3   19.32    0.00   14.77    0.00    0.00    5.68    0.00    0.00    0.00   60.23
01:06:16 PM    4   16.00    0.00   23.00    0.00    0.00    9.00    0.00    0.00    0.00   52.00
01:06:16 PM    5   19.79    0.00   19.79    0.00    0.00    7.29    0.00    0.00    0.00   53.12
01:06:16 PM    6   17.17    0.00   24.24    0.00    0.00    8.08    0.00    0.00    0.00   50.51
01:06:16 PM    7   18.37    0.00   22.45    0.00    0.00    8.16    0.00    0.00    0.00   51.02

01:06:16 PM  CPU    %usr   %nice    %sys %iowait    %irq   %soft  %steal  %guest  %gnice   %idle
01:06:17 PM  all   18.48    0.00   18.61    0.00    0.00    6.55    0.00    0.00    0.00   56.36
01:06:17 PM    0   15.05    0.00   20.43    0.00    0.00    5.38    0.00    0.00    0.00   59.14
01:06:17 PM    1   10.99    0.00   21.98    0.00    0.00    6.59    0.00    0.00    0.00   60.44
01:06:17 PM    2   17.89    0.00   14.74    0.00    0.00    5.26    0.00    0.00    0.00   62.11
01:06:17 PM    3   18.81    0.00   19.80    0.00    0.00    4.95    0.00    0.00    0.00   56.44
01:06:17 PM    4   19.19    0.00   20.20    0.00    0.00    8.08    0.00    0.00    0.00   52.53
01:06:17 PM    5   20.21    0.00   15.96    0.00    0.00    9.57    0.00    0.00    0.00   54.26
01:06:17 PM    6   24.47    0.00   15.96    0.00    0.00    7.45    0.00    0.00    0.00   52.13
01:06:17 PM    7   20.83    0.00   19.79    0.00    0.00    5.21    0.00    0.00    0.00   54.17

01:06:17 PM  CPU    %usr   %nice    %sys %iowait    %irq   %soft  %steal  %guest  %gnice   %idle
01:06:18 PM  all   18.18    0.00   18.86    0.00    0.00    4.88    0.00    0.00    0.00   58.07
01:06:18 PM    0   17.39    0.00   19.57    0.00    0.00    2.17    0.00    0.00    0.00   60.87
01:06:18 PM    1   18.28    0.00   18.28    0.00    0.00    4.30    0.00    0.00    0.00   59.14
01:06:18 PM    2   14.74    0.00   20.00    0.00    0.00    6.32    0.00    0.00    0.00   58.95
01:06:18 PM    3   18.89    0.00   14.44    0.00    0.00    3.33    0.00    0.00    0.00   63.33
01:06:18 PM    4   17.05    0.00   18.18    0.00    0.00    6.82    0.00    0.00    0.00   57.95
01:06:18 PM    5   19.57    0.00   20.65    0.00    0.00    4.35    0.00    0.00    0.00   55.43
01:06:18 PM    6   19.15    0.00   20.21    0.00    0.00    6.38    0.00    0.00    0.00   54.26
01:06:18 PM    7   20.43    0.00   19.35    0.00    0.00    5.38    0.00    0.00    0.00   54.84

01:06:18 PM  CPU    %usr   %nice    %sys %iowait    %irq   %soft  %steal  %guest  %gnice   %idle
01:06:19 PM  all   13.17    0.00    7.53    0.14    0.00    3.18    0.00    0.00    0.00   75.98
01:06:19 PM    0   10.47    0.00    8.14    1.16    0.00    2.33    0.00    0.00    0.00   77.91
01:06:19 PM    1   11.90    0.00    4.76    0.00    0.00    3.57    0.00    0.00    0.00   79.76
01:06:19 PM    2   13.79    0.00    6.90    0.00    0.00    2.30    0.00    0.00    0.00   77.01
01:06:19 PM    3   14.94    0.00    8.05    0.00    0.00    1.15    0.00    0.00    0.00   75.86
01:06:19 PM    4   12.22    0.00   12.22    0.00    0.00    3.33    0.00    0.00    0.00   72.22
01:06:19 PM    5   12.64    0.00    8.05    0.00    0.00    4.60    0.00    0.00    0.00   74.71
01:06:19 PM    6   14.46    0.00    4.82    0.00    0.00    3.61    0.00    0.00    0.00   77.11
01:06:19 PM    7   14.94    0.00    6.90    0.00    0.00    4.60    0.00    0.00    0.00   73.56

01:06:19 PM  CPU    %usr   %nice    %sys %iowait    %irq   %soft  %steal  %guest  %gnice   %idle
01:06:20 PM  all   10.96    0.00    7.46    0.00    0.00    3.36    0.00    0.00    0.00   78.22
01:06:20 PM    0    9.30    0.00    6.98    0.00    0.00    3.49    0.00    0.00    0.00   80.23
01:06:20 PM    1    6.02    0.00    7.23    0.00    0.00    3.61    0.00    0.00    0.00   83.13
01:06:20 PM    2    7.41    0.00    6.17    0.00    0.00    3.70    0.00    0.00    0.00   82.72
01:06:20 PM    3    9.52    0.00    5.95    0.00    0.00    3.57    0.00    0.00    0.00   80.95
01:06:20 PM    4   14.61    0.00    7.87    0.00    0.00    2.25    0.00    0.00    0.00   75.28
01:06:20 PM    5   16.28    0.00    8.14    0.00    0.00    1.16    0.00    0.00    0.00   74.42
01:06:20 PM    6   13.64    0.00    7.95    0.00    0.00    4.55    0.00    0.00    0.00   73.86
01:06:20 PM    7   10.34    0.00    9.20    0.00    0.00    4.60    0.00    0.00    0.00   75.86

01:06:20 PM  CPU    %usr   %nice    %sys %iowait    %irq   %soft  %steal  %guest  %gnice   %idle
01:06:21 PM  all   12.05    0.00    6.24    0.00    0.00    3.48    0.00    0.00    0.00   78.23
01:06:21 PM    0    9.64    0.00    4.82    0.00    0.00    2.41    0.00    0.00    0.00   83.13
01:06:21 PM    1    8.33    0.00    7.14    0.00    0.00    2.38    0.00    0.00    0.00   82.14
01:06:21 PM    2   10.59    0.00    4.71    0.00    0.00    4.71    0.00    0.00    0.00   80.00
01:06:21 PM    3    9.41    0.00    5.88    0.00    0.00    3.53    0.00    0.00    0.00   81.18
01:06:21 PM    4   14.77    0.00    6.82    0.00    0.00    4.55    0.00    0.00    0.00   73.86
01:06:21 PM    5   12.50    0.00    7.95    0.00    0.00    3.41    0.00    0.00    0.00   76.14
01:06:21 PM    6   14.77    0.00    6.82    0.00    0.00    3.41    0.00    0.00    0.00   75.00
01:06:21 PM    7   15.91    0.00    5.68    0.00    0.00    3.41    0.00    0.00    0.00   75.00

01:06:21 PM  CPU    %usr   %nice    %sys %iowait    %irq   %soft  %steal  %guest  %gnice   %idle
01:06:22 PM  all   14.48    0.00    7.38    0.00    0.00    3.34    0.00    0.00    0.00   74.79
01:06:22 PM    0   14.61    0.00    6.74    0.00    0.00    2.25    0.00    0.00    0.00   76.40
01:06:22 PM    1   12.50    0.00    5.68    0.00    0.00    5.68    0.00    0.00    0.00   76.14
01:06:22 PM    2   13.79    0.00    8.05    0.00    0.00    1.15    0.00    0.00    0.00   77.01
01:06:22 PM    3   13.48    0.00    6.74    0.00    0.00    3.37    0.00    0.00    0.00   76.40
01:06:22 PM    4   14.29    0.00    6.59    0.00    0.00    5.49    0.00    0.00    0.00   73.63
01:06:22 PM    5   16.48    0.00    8.79    0.00    0.00    1.10    0.00    0.00    0.00   73.63
01:06:22 PM    6   17.39    0.00    7.61    0.00    0.00    3.26    0.00    0.00    0.00   71.74
01:06:22 PM    7   13.19    0.00    8.79    0.00    0.00    4.40    0.00    0.00    0.00   73.63

01:06:22 PM  CPU    %usr   %nice    %sys %iowait    %irq   %soft  %steal  %guest  %gnice   %idle
01:06:23 PM  all   12.98    0.00    7.19    0.00    0.00    3.24    0.00    0.00    0.00   76.59
01:06:23 PM    0   14.29    0.00    3.57    0.00    0.00    1.19    0.00    0.00    0.00   80.95
01:06:23 PM    1   11.76    0.00    5.88    0.00    0.00    1.18    0.00    0.00    0.00   81.18
01:06:23 PM    2    9.30    0.00    8.14    0.00    0.00    3.49    0.00    0.00    0.00   79.07
01:06:23 PM    3   11.63    0.00    5.81    0.00    0.00    3.49    0.00    0.00    0.00   79.07
01:06:23 PM    4   15.22    0.00    7.61    0.00    0.00    3.26    0.00    0.00    0.00   73.91
01:06:23 PM    5   13.83    0.00    9.57    0.00    0.00    4.26    0.00    0.00    0.00   72.34
01:06:23 PM    6   11.11    0.00   10.00    0.00    0.00    4.44    0.00    0.00    0.00   74.44
01:06:23 PM    7   16.30    0.00    6.52    0.00    0.00    4.35    0.00    0.00    0.00   72.83

01:06:23 PM  CPU    %usr   %nice    %sys %iowait    %irq   %soft  %steal  %guest  %gnice   %idle
01:06:24 PM  all   13.58    0.00    9.48    0.14    0.00    3.54    0.00    0.00    0.00   73.27
01:06:24 PM    0   11.90    0.00    7.14    1.19    0.00    3.57    0.00    0.00    0.00   76.19
01:06:24 PM    1   12.20    0.00    6.10    0.00    0.00    2.44    0.00    0.00    0.00   79.27
01:06:24 PM    2    8.43    0.00    9.64    0.00    0.00    2.41    0.00    0.00    0.00   79.52
01:06:24 PM    3   10.59    0.00    8.24    0.00    0.00    4.71    0.00    0.00    0.00   76.47
01:06:24 PM    4   14.29    0.00    9.89    0.00    0.00    4.40    0.00    0.00    0.00   71.43
01:06:24 PM    5   15.22    0.00   11.96    0.00    0.00    4.35    0.00    0.00    0.00   68.48
01:06:24 PM    6   17.02    0.00   11.70    0.00    0.00    2.13    0.00    0.00    0.00   69.15
01:06:24 PM    7   17.71    0.00   10.42    0.00    0.00    4.17    0.00    0.00    0.00   67.71

01:06:24 PM  CPU    %usr   %nice    %sys %iowait    %irq   %soft  %steal  %guest  %gnice   %idle
01:06:25 PM  all   15.79    0.00   15.11    0.00    0.00    6.07    0.00    0.00    0.00   63.02
01:06:25 PM    0   13.33    0.00   13.33    0.00    0.00    4.44    0.00    0.00    0.00   68.89
01:06:25 PM    1   13.33    0.00   12.22    0.00    0.00    6.67    0.00    0.00    0.00   67.78
01:06:25 PM    2   15.22    0.00   17.39    0.00    0.00    3.26    0.00    0.00    0.00   64.13
01:06:25 PM    3   12.50    0.00   12.50    0.00    0.00    6.82    0.00    0.00    0.00   68.18
01:06:25 PM    4   17.89    0.00   16.84    0.00    0.00    5.26    0.00    0.00    0.00   60.00
01:06:25 PM    5   16.33    0.00   18.37    0.00    0.00    7.14    0.00    0.00    0.00   58.16
01:06:25 PM    6   18.28    0.00   13.98    0.00    0.00    7.53    0.00    0.00    0.00   60.22
01:06:25 PM    7   18.95    0.00   15.79    0.00    0.00    7.37    0.00    0.00    0.00   57.89

01:06:25 PM  CPU    %usr   %nice    %sys %iowait    %irq   %soft  %steal  %guest  %gnice   %idle
01:06:26 PM  all   17.62    0.00   15.30    0.00    0.00    3.96    0.00    0.00    0.00   63.11
01:06:26 PM    0   16.28    0.00   12.79    0.00    0.00    2.33    0.00    0.00    0.00   68.60
01:06:26 PM    1   17.39    0.00   16.30    0.00    0.00    3.26    0.00    0.00    0.00   63.04
01:06:26 PM    2   17.05    0.00   12.50    0.00    0.00    4.55    0.00    0.00    0.00   65.91
01:06:26 PM    3   23.33    0.00   11.11    0.00    0.00    2.22    0.00    0.00    0.00   63.33
01:06:26 PM    4   17.53    0.00   16.49    0.00    0.00    5.15    0.00    0.00    0.00   60.82
01:06:26 PM    5   14.44    0.00   16.67    0.00    0.00    5.56    0.00    0.00    0.00   63.33
01:06:26 PM    6   16.30    0.00   18.48    0.00    0.00    3.26    0.00    0.00    0.00   61.96
01:06:26 PM    7   18.56    0.00   17.53    0.00    0.00    5.15    0.00    0.00    0.00   58.76

01:06:26 PM  CPU    %usr   %nice    %sys %iowait    %irq   %soft  %steal  %guest  %gnice   %idle
01:06:27 PM  all   17.65    0.00   20.95    0.00    0.00    5.14    0.00    0.00    0.00   56.26
01:06:27 PM    0   14.89    0.00   20.21    0.00    0.00    4.26    0.00    0.00    0.00   60.64
01:06:27 PM    1   15.91    0.00   18.18    0.00    0.00    3.41    0.00    0.00    0.00   62.50
01:06:27 PM    2   14.89    0.00   20.21    0.00    0.00    4.26    0.00    0.00    0.00   60.64
01:06:27 PM    3   15.96    0.00   20.21    0.00    0.00    4.26    0.00    0.00    0.00   59.57
01:06:27 PM    4   22.34    0.00   17.02    0.00    0.00    6.38    0.00    0.00    0.00   54.26
01:06:27 PM    5   20.20    0.00   21.21    0.00    0.00    6.06    0.00    0.00    0.00   52.53
01:06:27 PM    6   17.35    0.00   27.55    0.00    0.00    5.10    0.00    0.00    0.00   50.00
01:06:27 PM    7   19.39    0.00   22.45    0.00    0.00    7.14    0.00    0.00    0.00   51.02

01:06:27 PM  CPU    %usr   %nice    %sys %iowait    %irq   %soft  %steal  %guest  %gnice   %idle
01:06:28 PM  all    8.83    0.00   14.76    0.00    0.00    2.48    0.00    0.00    0.00   73.93
01:06:28 PM    0    8.05    0.00   14.94    0.00    0.00    1.15    0.00    0.00    0.00   75.86
01:06:28 PM    1   10.11    0.00   13.48    0.00    0.00    1.12    0.00    0.00    0.00   75.28
01:06:28 PM    2    7.87    0.00   13.48    0.00    0.00    3.37    0.00    0.00    0.00   75.28
01:06:28 PM    3    7.53    0.00   18.28    0.00    0.00    2.15    0.00    0.00    0.00   72.04
01:06:28 PM    4   11.70    0.00   14.89    0.00    0.00    2.13    0.00    0.00    0.00   71.28
01:06:28 PM    5    8.70    0.00   14.13    0.00    0.00    3.26    0.00    0.00    0.00   73.91
01:06:28 PM    6   10.64    0.00   14.89    0.00    0.00    4.26    0.00    0.00    0.00   70.21
01:06:28 PM    7    5.75    0.00   13.79    0.00    0.00    2.30    0.00    0.00    0.00   78.16

01:06:28 PM  CPU    %usr   %nice    %sys %iowait    %irq   %soft  %steal  %guest  %gnice   %idle
01:06:29 PM  all    2.17    0.00    2.17    0.29    0.00    0.72    0.00    0.00    0.00   94.65
01:06:29 PM    0    2.33    0.00    2.33    1.16    0.00    0.00    0.00    0.00    0.00   94.19
01:06:29 PM    1    1.15    0.00    3.45    1.15    0.00    1.15    0.00    0.00    0.00   93.10
01:06:29 PM    2    2.33    0.00    3.49    0.00    0.00    1.16    0.00    0.00    0.00   93.02
01:06:29 PM    3    2.35    0.00    2.35    0.00    0.00    1.18    0.00    0.00    0.00   94.12
01:06:29 PM    4    4.44    0.00    2.22    0.00    0.00    1.11    0.00    0.00    0.00   92.22
01:06:29 PM    5    2.41    0.00    1.20    0.00    0.00    0.00    0.00    0.00    0.00   96.39
01:06:29 PM    6    1.16    0.00    1.16    0.00    0.00    0.00    0.00    0.00    0.00   97.67
01:06:29 PM    7    1.14    0.00    1.14    0.00    0.00    1.14    0.00    0.00    0.00   96.59

01:06:29 PM  CPU    %usr   %nice    %sys %iowait    %irq   %soft  %steal  %guest  %gnice   %idle
01:06:30 PM  all    1.74    0.00    2.33    0.00    0.00    0.87    0.00    0.00    0.00   95.06
01:06:30 PM    0    1.15    0.00    2.30    0.00    0.00    2.30    0.00    0.00    0.00   94.25
01:06:30 PM    1    2.35    0.00    3.53    0.00    0.00    0.00    0.00    0.00    0.00   94.12
01:06:30 PM    2    1.15    0.00    1.15    0.00    0.00    1.15    0.00    0.00    0.00   96.55
01:06:30 PM    3    1.16    0.00    1.16    0.00    0.00    1.16    0.00    0.00    0.00   96.51
01:06:30 PM    4    2.33    0.00    2.33    0.00    0.00    0.00    0.00    0.00    0.00   95.35
01:06:30 PM    5    1.16    0.00    3.49    0.00    0.00    1.16    0.00    0.00    0.00   94.19
01:06:30 PM    6    2.30    0.00    3.45    0.00    0.00    1.15    0.00    0.00    0.00   93.10
01:06:30 PM    7    2.38    0.00    1.19    0.00    0.00    0.00    0.00    0.00    0.00   96.43

01:06:30 PM  CPU    %usr   %nice    %sys %iowait    %irq   %soft  %steal  %guest  %gnice   %idle
01:06:31 PM  all    2.45    0.00    2.59    0.00    0.00    0.43    0.00    0.00    0.00   94.52
01:06:31 PM    0    2.33    0.00    3.49    0.00    0.00    0.00    0.00    0.00    0.00   94.19
01:06:31 PM    1    2.30    0.00    2.30    0.00    0.00    1.15    0.00    0.00    0.00   94.25
01:06:31 PM    2    1.20    0.00    1.20    0.00    0.00    0.00    0.00    0.00    0.00   97.59
01:06:31 PM    3    3.45    0.00    2.30    0.00    0.00    0.00    0.00    0.00    0.00   94.25
01:06:31 PM    4    3.37    0.00    4.49    0.00    0.00    0.00    0.00    0.00    0.00   92.13
01:06:31 PM    5    2.38    0.00    2.38    0.00    0.00    0.00    0.00    0.00    0.00   95.24
01:06:31 PM    6    2.25    0.00    2.25    0.00    0.00    1.12    0.00    0.00    0.00   94.38
01:06:31 PM    7    2.25    0.00    2.25    0.00    0.00    1.12    0.00    0.00    0.00   94.38
