Linux 6.6.87.2-microsoft-standard-WSL2 (Udeepa-ASUS) 	04/16/26 	_x86_64_	(4 CPU)

00:40:35     CPU    %usr   %nice    %sys %iowait    %irq   %soft  %steal  %guest  %gnice   %idle
00:40:36     all   32.75    0.00   26.25    0.00    0.00   15.00    0.00    0.00    0.00   26.00
00:40:36       0   25.49    0.00   27.45    0.00    0.00   21.57    0.00    0.00    0.00   25.49
00:40:36       1   34.34    0.00   25.25    0.00    0.00   13.13    0.00    0.00    0.00   27.27
00:40:36       2   36.63    0.00   27.72    0.00    0.00   12.87    0.00    0.00    0.00   22.77
00:40:36       3   34.69    0.00   24.49    0.00    0.00   12.24    0.00    0.00    0.00   28.57

00:40:36     CPU    %usr   %nice    %sys %iowait    %irq   %soft  %steal  %guest  %gnice   %idle
00:40:37     all   34.49    0.00   29.03    0.00    0.00   19.35    0.00    0.00    0.00   17.12
00:40:37       0   20.56    0.00   28.04    0.00    0.00   26.17    0.00    0.00    0.00   25.23
00:40:37       1   37.00    0.00   30.00    0.00    0.00   19.00    0.00    0.00    0.00   14.00
00:40:37       2   42.86    0.00   28.57    0.00    0.00   16.33    0.00    0.00    0.00   12.24
00:40:37       3   38.78    0.00   29.59    0.00    0.00   15.31    0.00    0.00    0.00   16.33

00:40:37     CPU    %usr   %nice    %sys %iowait    %irq   %soft  %steal  %guest  %gnice   %idle
00:40:38     all   35.37    0.00   27.74    0.00    0.00   16.79    0.00    0.00    0.00   20.10
00:40:38       0   33.66    0.00   26.73    0.00    0.00   21.78    0.00    0.00    0.00   17.82
00:40:38       1   38.61    0.00   27.72    0.00    0.00   19.80    0.00    0.00    0.00   13.86
00:40:38       2   27.84    0.00   32.99    0.00    0.00   14.43    0.00    0.00    0.00   24.74
00:40:38       3   41.49    0.00   23.40    0.00    0.00   10.64    0.00    0.00    0.00   24.47

00:40:38     CPU    %usr   %nice    %sys %iowait    %irq   %soft  %steal  %guest  %gnice   %idle
00:40:39     all   36.27    0.00   27.46    0.00    0.00   17.13    0.00    0.00    0.00   19.14
00:40:39       0   26.21    0.00   27.18    0.00    0.00   22.33    0.00    0.00    0.00   24.27
00:40:39       1   49.02    0.00   22.55    0.00    0.00   18.63    0.00    0.00    0.00    9.80
00:40:39       2   33.33    0.00   31.25    0.00    0.00   10.42    0.00    0.00    0.00   25.00
00:40:39       3   36.46    0.00   29.17    0.00    0.00   16.67    0.00    0.00    0.00   17.71

00:40:39     CPU    %usr   %nice    %sys %iowait    %irq   %soft  %steal  %guest  %gnice   %idle
00:40:40     all   31.63    0.00   36.74    0.00    0.00   14.84    0.00    0.00    0.00   16.79
00:40:40       0   20.95    0.00   36.19    0.00    0.00   20.95    0.00    0.00    0.00   21.90
00:40:40       1   34.31    0.00   36.27    0.00    0.00    8.82    0.00    0.00    0.00   20.59
00:40:40       2   33.98    0.00   37.86    0.00    0.00   17.48    0.00    0.00    0.00   10.68
00:40:40       3   37.62    0.00   36.63    0.00    0.00   11.88    0.00    0.00    0.00   13.86

00:40:40     CPU    %usr   %nice    %sys %iowait    %irq   %soft  %steal  %guest  %gnice   %idle
00:40:42     all   29.76    0.00   37.07    0.00    0.00   15.85    0.00    0.00    0.00   17.32
00:40:42       0   19.27    0.00   35.78    0.00    0.00   25.69    0.00    0.00    0.00   19.27
00:40:42       1   38.61    0.00   37.62    0.00    0.00    9.90    0.00    0.00    0.00   13.86
00:40:42       2   28.28    0.00   40.40    0.00    0.00   12.12    0.00    0.00    0.00   19.19
00:40:42       3   33.66    0.00   34.65    0.00    0.00   14.85    0.00    0.00    0.00   16.83

00:40:42     CPU    %usr   %nice    %sys %iowait    %irq   %soft  %steal  %guest  %gnice   %idle
00:40:43     all   30.83    0.00   38.85    0.00    0.00   13.78    0.00    0.00    0.00   16.54
00:40:43       0   26.42    0.00   33.96    0.00    0.00   21.70    0.00    0.00    0.00   17.92
00:40:43       1   35.00    0.00   41.00    0.00    0.00   11.00    0.00    0.00    0.00   13.00
00:40:43       2   30.61    0.00   40.82    0.00    0.00   11.22    0.00    0.00    0.00   17.35
00:40:43       3   31.58    0.00   40.00    0.00    0.00   10.53    0.00    0.00    0.00   17.89

00:40:43     CPU    %usr   %nice    %sys %iowait    %irq   %soft  %steal  %guest  %gnice   %idle
00:40:44     all   32.17    0.00   35.41    0.00    0.00   16.96    0.00    0.00    0.00   15.46
00:40:44       0   19.63    0.00   33.64    0.00    0.00   26.17    0.00    0.00    0.00   20.56
00:40:44       1   26.53    0.00   44.90    0.00    0.00   11.22    0.00    0.00    0.00   17.35
00:40:44       2   42.16    0.00   34.31    0.00    0.00   14.71    0.00    0.00    0.00    8.82
00:40:44       3   41.49    0.00   28.72    0.00    0.00   14.89    0.00    0.00    0.00   14.89

00:40:44     CPU    %usr   %nice    %sys %iowait    %irq   %soft  %steal  %guest  %gnice   %idle
00:40:45     all   32.84    0.00   34.57    0.00    0.00   17.78    0.00    0.00    0.00   14.81
00:40:45       0   24.27    0.00   29.13    0.00    0.00   31.07    0.00    0.00    0.00   15.53
00:40:45       1   29.70    0.00   37.62    0.00    0.00   15.84    0.00    0.00    0.00   16.83
00:40:45       2   37.86    0.00   35.92    0.00    0.00   13.59    0.00    0.00    0.00   12.62
00:40:45       3   39.80    0.00   35.71    0.00    0.00   10.20    0.00    0.00    0.00   14.29

00:40:45     CPU    %usr   %nice    %sys %iowait    %irq   %soft  %steal  %guest  %gnice   %idle
00:40:46     all   33.33    0.00   36.90    0.00    0.00   16.28    0.00    0.00    0.00   13.49
00:40:46       0   26.42    0.00   33.02    0.00    0.00   24.53    0.00    0.00    0.00   16.04
00:40:46       1   30.93    0.00   41.24    0.00    0.00   15.46    0.00    0.00    0.00   12.37
00:40:46       2   40.62    0.00   35.42    0.00    0.00   14.58    0.00    0.00    0.00    9.38
00:40:46       3   36.17    0.00   38.30    0.00    0.00    9.57    0.00    0.00    0.00   15.96

00:40:46     CPU    %usr   %nice    %sys %iowait    %irq   %soft  %steal  %guest  %gnice   %idle
00:40:47     all   32.41    0.00   35.19    0.00    0.00   17.22    0.00    0.00    0.00   15.19
00:40:47       0   26.92    0.00   30.77    0.00    0.00   23.08    0.00    0.00    0.00   19.23
00:40:47       1   28.72    0.00   38.30    0.00    0.00   10.64    0.00    0.00    0.00   22.34
00:40:47       2   38.54    0.00   37.50    0.00    0.00   13.54    0.00    0.00    0.00   10.42
00:40:47       3   35.64    0.00   34.65    0.00    0.00   20.79    0.00    0.00    0.00    8.91

00:40:47     CPU    %usr   %nice    %sys %iowait    %irq   %soft  %steal  %guest  %gnice   %idle
00:40:48     all   32.25    0.00   37.75    0.00    0.00   15.00    0.00    0.00    0.00   15.00
00:40:48       0   24.04    0.00   35.58    0.00    0.00   23.08    0.00    0.00    0.00   17.31
00:40:48       1   31.31    0.00   39.39    0.00    0.00   12.12    0.00    0.00    0.00   17.17
00:40:48       2   37.37    0.00   36.36    0.00    0.00   13.13    0.00    0.00    0.00   13.13
00:40:48       3   36.73    0.00   39.80    0.00    0.00   11.22    0.00    0.00    0.00   12.24

00:40:48     CPU    %usr   %nice    %sys %iowait    %irq   %soft  %steal  %guest  %gnice   %idle
00:40:49     all   30.27    0.00   37.47    0.00    0.00   18.61    0.00    0.00    0.00   13.65
00:40:49       0   25.47    0.00   33.96    0.00    0.00   26.42    0.00    0.00    0.00   14.15
00:40:49       1   33.67    0.00   36.73    0.00    0.00   14.29    0.00    0.00    0.00   15.31
00:40:49       2   30.00    0.00   38.00    0.00    0.00   20.00    0.00    0.00    0.00   12.00
00:40:49       3   32.32    0.00   41.41    0.00    0.00   13.13    0.00    0.00    0.00   13.13

00:40:49     CPU    %usr   %nice    %sys %iowait    %irq   %soft  %steal  %guest  %gnice   %idle
00:40:50     all   31.66    0.00   37.19    0.25    0.00   14.82    0.00    0.00    0.00   16.08
00:40:50       0   26.42    0.00   33.02    0.00    0.00   22.64    0.00    0.00    0.00   17.92
00:40:50       1   26.26    0.00   45.45    0.00    0.00   14.14    0.00    0.00    0.00   14.14
00:40:50       2   42.11    0.00   35.79    0.00    0.00   11.58    0.00    0.00    0.00   10.53
00:40:50       3   32.65    0.00   34.69    1.02    0.00   10.20    0.00    0.00    0.00   21.43

00:40:50     CPU    %usr   %nice    %sys %iowait    %irq   %soft  %steal  %guest  %gnice   %idle
00:40:51     all   30.45    0.00   39.11    0.00    0.00   16.83    0.00    0.00    0.00   13.61
00:40:51       0   22.64    0.00   33.02    0.00    0.00   26.42    0.00    0.00    0.00   17.92
00:40:51       1   26.73    0.00   46.53    0.00    0.00   10.89    0.00    0.00    0.00   15.84
00:40:51       2   40.40    0.00   35.35    0.00    0.00   14.14    0.00    0.00    0.00   10.10
00:40:51       3   32.65    0.00   41.84    0.00    0.00   15.31    0.00    0.00    0.00   10.20

00:40:51     CPU    %usr   %nice    %sys %iowait    %irq   %soft  %steal  %guest  %gnice   %idle
00:40:52     all   29.87    0.00   38.99    0.00    0.00   17.72    0.00    0.00    0.00   13.42
00:40:52       0   17.17    0.00   34.34    0.00    0.00   29.29    0.00    0.00    0.00   19.19
00:40:52       1   34.34    0.00   42.42    0.00    0.00   11.11    0.00    0.00    0.00   12.12
00:40:52       2   37.11    0.00   40.21    0.00    0.00   15.46    0.00    0.00    0.00    7.22
00:40:52       3   31.00    0.00   39.00    0.00    0.00   15.00    0.00    0.00    0.00   15.00

00:40:52     CPU    %usr   %nice    %sys %iowait    %irq   %soft  %steal  %guest  %gnice   %idle
00:40:53     all   34.77    0.00   38.07    0.00    0.00   14.21    0.00    0.00    0.00   12.94
00:40:53       0   33.98    0.00   30.10    0.00    0.00   21.36    0.00    0.00    0.00   14.56
00:40:53       1   30.21    0.00   42.71    0.00    0.00    7.29    0.00    0.00    0.00   19.79
00:40:53       2   37.76    0.00   36.73    0.00    0.00   15.31    0.00    0.00    0.00   10.20
00:40:53       3   37.11    0.00   43.30    0.00    0.00   12.37    0.00    0.00    0.00    7.22

00:40:53     CPU    %usr   %nice    %sys %iowait    %irq   %soft  %steal  %guest  %gnice   %idle
00:40:54     all   31.27    0.00   36.97    0.00    0.00   17.37    0.00    0.00    0.00   14.39
00:40:54       0   22.12    0.00   36.54    0.00    0.00   23.08    0.00    0.00    0.00   18.27
00:40:54       1   28.28    0.00   43.43    0.00    0.00   12.12    0.00    0.00    0.00   16.16
00:40:54       2   42.00    0.00   32.00    0.00    0.00   13.00    0.00    0.00    0.00   13.00
00:40:54       3   33.00    0.00   36.00    0.00    0.00   21.00    0.00    0.00    0.00   10.00

00:40:54     CPU    %usr   %nice    %sys %iowait    %irq   %soft  %steal  %guest  %gnice   %idle
00:40:55     all   31.22    0.00   38.83    0.00    0.00   14.97    0.00    0.00    0.00   14.97
00:40:55       0   23.58    0.00   36.79    0.00    0.00   20.75    0.00    0.00    0.00   18.87
00:40:55       1   35.16    0.00   35.16    0.00    0.00   13.19    0.00    0.00    0.00   16.48
00:40:55       2   36.73    0.00   39.80    0.00    0.00   15.31    0.00    0.00    0.00    8.16
00:40:55       3   30.30    0.00   43.43    0.00    0.00   10.10    0.00    0.00    0.00   16.16

00:40:55     CPU    %usr   %nice    %sys %iowait    %irq   %soft  %steal  %guest  %gnice   %idle
00:40:56     all   31.14    0.00   37.23    0.00    0.00   16.55    0.00    0.00    0.00   15.09
00:40:56       0   23.85    0.00   31.19    0.00    0.00   25.69    0.00    0.00    0.00   19.27
00:40:56       1   35.29    0.00   39.22    0.00    0.00   13.73    0.00    0.00    0.00   11.76
00:40:56       2   37.25    0.00   38.24    0.00    0.00   12.75    0.00    0.00    0.00   11.76
00:40:56       3   28.57    0.00   40.82    0.00    0.00   13.27    0.00    0.00    0.00   17.35

00:40:56     CPU    %usr   %nice    %sys %iowait    %irq   %soft  %steal  %guest  %gnice   %idle
00:40:57     all   31.28    0.00   38.42    0.00    0.00   16.01    0.00    0.00    0.00   14.29
00:40:57       0   28.44    0.00   31.19    0.00    0.00   24.77    0.00    0.00    0.00   15.60
00:40:57       1   37.76    0.00   39.80    0.00    0.00   11.22    0.00    0.00    0.00   11.22
00:40:57       2   28.28    0.00   42.42    0.00    0.00   13.13    0.00    0.00    0.00   16.16
00:40:57       3   31.00    0.00   41.00    0.00    0.00   14.00    0.00    0.00    0.00   14.00

00:40:57     CPU    %usr   %nice    %sys %iowait    %irq   %soft  %steal  %guest  %gnice   %idle
00:40:58     all   28.61    0.00   37.47    0.00    0.00   17.22    0.00    0.00    0.00   16.71
00:40:58       0   19.23    0.00   31.73    0.00    0.00   29.81    0.00    0.00    0.00   19.23
00:40:58       1   30.61    0.00   39.80    0.00    0.00   15.31    0.00    0.00    0.00   14.29
00:40:58       2   33.33    0.00   43.43    0.00    0.00   13.13    0.00    0.00    0.00   10.10
00:40:58       3   31.91    0.00   35.11    0.00    0.00    9.57    0.00    0.00    0.00   23.40

00:40:58     CPU    %usr   %nice    %sys %iowait    %irq   %soft  %steal  %guest  %gnice   %idle
00:40:59     all   29.78    0.00   35.48    0.00    0.00   19.11    0.00    0.00    0.00   15.63
00:40:59       0   16.67    0.00   32.41    0.00    0.00   30.56    0.00    0.00    0.00   20.37
00:40:59       1   33.00    0.00   37.00    0.00    0.00   15.00    0.00    0.00    0.00   15.00
00:40:59       2   33.33    0.00   36.46    0.00    0.00   17.71    0.00    0.00    0.00   12.50
00:40:59       3   37.37    0.00   36.36    0.00    0.00   12.12    0.00    0.00    0.00   14.14

00:40:59     CPU    %usr   %nice    %sys %iowait    %irq   %soft  %steal  %guest  %gnice   %idle
00:41:00     all   29.11    0.00   36.20    0.00    0.00   19.49    0.00    0.00    0.00   15.19
00:41:00       0   21.57    0.00   27.45    0.00    0.00   30.39    0.00    0.00    0.00   20.59
00:41:00       1   34.38    0.00   37.50    0.00    0.00   13.54    0.00    0.00    0.00   14.58
00:41:00       2   33.33    0.00   40.40    0.00    0.00   14.14    0.00    0.00    0.00   12.12
00:41:00       3   27.55    0.00   39.80    0.00    0.00   19.39    0.00    0.00    0.00   13.27

00:41:00     CPU    %usr   %nice    %sys %iowait    %irq   %soft  %steal  %guest  %gnice   %idle
00:41:01     all   31.17    0.00   38.15    0.00    0.00   15.71    0.00    0.00    0.00   14.96
00:41:01       0   20.00    0.00   32.38    0.00    0.00   28.57    0.00    0.00    0.00   19.05
00:41:01       1   30.30    0.00   44.44    0.00    0.00   11.11    0.00    0.00    0.00   14.14
00:41:01       2   34.02    0.00   37.11    0.00    0.00   13.40    0.00    0.00    0.00   15.46
00:41:01       3   41.00    0.00   39.00    0.00    0.00    9.00    0.00    0.00    0.00   11.00

00:41:01     CPU    %usr   %nice    %sys %iowait    %irq   %soft  %steal  %guest  %gnice   %idle
00:41:02     all   32.35    0.00   36.79    0.00    0.00   16.79    0.00    0.00    0.00   14.07
00:41:02       0   23.01    0.00   32.74    0.00    0.00   23.89    0.00    0.00    0.00   20.35
00:41:02       1   26.04    0.00   42.71    0.00    0.00   10.42    0.00    0.00    0.00   20.83
00:41:02       2   39.18    0.00   39.18    0.00    0.00   13.40    0.00    0.00    0.00    8.25
00:41:02       3   42.42    0.00   33.33    0.00    0.00   18.18    0.00    0.00    0.00    6.06

00:41:02     CPU    %usr   %nice    %sys %iowait    %irq   %soft  %steal  %guest  %gnice   %idle
00:41:03     all   28.79    0.00   36.36    0.00    0.00   19.70    0.00    0.00    0.00   15.15
00:41:03       0   21.36    0.00   29.13    0.00    0.00   30.10    0.00    0.00    0.00   19.42
00:41:03       1   31.96    0.00   36.08    0.00    0.00   15.46    0.00    0.00    0.00   16.49
00:41:03       2   32.65    0.00   39.80    0.00    0.00   18.37    0.00    0.00    0.00    9.18
00:41:03       3   29.59    0.00   40.82    0.00    0.00   14.29    0.00    0.00    0.00   15.31

00:41:03     CPU    %usr   %nice    %sys %iowait    %irq   %soft  %steal  %guest  %gnice   %idle
00:41:04     all   32.83    0.00   38.85    0.00    0.00   15.29    0.00    0.00    0.00   13.03
00:41:04       0   28.71    0.00   34.65    0.00    0.00   21.78    0.00    0.00    0.00   14.85
00:41:04       1   33.98    0.00   42.72    0.00    0.00   14.56    0.00    0.00    0.00    8.74
00:41:04       2   34.69    0.00   37.76    0.00    0.00   14.29    0.00    0.00    0.00   13.27
00:41:04       3   34.02    0.00   40.21    0.00    0.00   10.31    0.00    0.00    0.00   15.46

00:41:04     CPU    %usr   %nice    %sys %iowait    %irq   %soft  %steal  %guest  %gnice   %idle
00:41:05     all   30.46    0.00   40.36    0.00    0.00   13.20    0.00    0.00    0.00   15.99
00:41:05       0   21.78    0.00   36.63    0.00    0.00   22.77    0.00    0.00    0.00   18.81
00:41:05       1   32.32    0.00   45.45    0.00    0.00    9.09    0.00    0.00    0.00   13.13
00:41:05       2   34.00    0.00   40.00    0.00    0.00   11.00    0.00    0.00    0.00   15.00
00:41:05       3   34.04    0.00   39.36    0.00    0.00    9.57    0.00    0.00    0.00   17.02

00:41:05     CPU    %usr   %nice    %sys %iowait    %irq   %soft  %steal  %guest  %gnice   %idle
00:41:06     all   32.40    0.00   41.33    0.00    0.00   12.24    0.00    0.00    0.00   14.03
00:41:06       0   29.81    0.00   40.38    0.00    0.00   17.31    0.00    0.00    0.00   12.50
00:41:06       1   40.21    0.00   40.21    0.00    0.00   10.31    0.00    0.00    0.00    9.28
00:41:06       2   31.91    0.00   39.36    0.00    0.00   12.77    0.00    0.00    0.00   15.96
00:41:06       3   27.84    0.00   45.36    0.00    0.00    8.25    0.00    0.00    0.00   18.56

00:41:06     CPU    %usr   %nice    %sys %iowait    %irq   %soft  %steal  %guest  %gnice   %idle
00:41:07     all   27.66    0.00   33.25    0.00    0.00   21.07    0.00    0.00    0.00   18.02
00:41:07       0   20.18    0.00   23.85    0.00    0.00   35.78    0.00    0.00    0.00   20.18
00:41:07       1   39.58    0.00   32.29    0.00    0.00   16.67    0.00    0.00    0.00   11.46
00:41:07       2   26.80    0.00   39.18    0.00    0.00   16.49    0.00    0.00    0.00   17.53
00:41:07       3   25.00    0.00   39.13    0.00    0.00   13.04    0.00    0.00    0.00   22.83

00:41:07     CPU    %usr   %nice    %sys %iowait    %irq   %soft  %steal  %guest  %gnice   %idle
00:41:08     all   27.55    0.00   39.03    0.00    0.00   16.84    0.00    0.00    0.00   16.58
00:41:08       0   22.86    0.00   33.33    0.00    0.00   24.76    0.00    0.00    0.00   19.05
00:41:08       1   32.32    0.00   39.39    0.00    0.00   14.14    0.00    0.00    0.00   14.14
00:41:08       2   33.68    0.00   43.16    0.00    0.00   12.63    0.00    0.00    0.00   10.53
00:41:08       3   21.51    0.00   40.86    0.00    0.00   15.05    0.00    0.00    0.00   22.58

00:41:08     CPU    %usr   %nice    %sys %iowait    %irq   %soft  %steal  %guest  %gnice   %idle
00:41:09     all   31.25    0.00   37.75    0.00    0.00   15.50    0.00    0.00    0.00   15.50
00:41:09       0   26.67    0.00   32.38    0.00    0.00   22.86    0.00    0.00    0.00   18.10
00:41:09       1   33.33    0.00   43.43    0.00    0.00   12.12    0.00    0.00    0.00   11.11
00:41:09       2   35.35    0.00   37.37    0.00    0.00   16.16    0.00    0.00    0.00   11.11
00:41:09       3   29.90    0.00   38.14    0.00    0.00   10.31    0.00    0.00    0.00   21.65

00:41:09     CPU    %usr   %nice    %sys %iowait    %irq   %soft  %steal  %guest  %gnice   %idle
00:41:10     all   30.89    0.00   36.20    0.00    0.00   17.22    0.00    0.00    0.00   15.70
00:41:10       0   21.43    0.00   33.67    0.00    0.00   25.51    0.00    0.00    0.00   19.39
00:41:10       1   41.00    0.00   33.00    0.00    0.00   15.00    0.00    0.00    0.00   11.00
00:41:10       2   31.00    0.00   40.00    0.00    0.00   14.00    0.00    0.00    0.00   15.00
00:41:10       3   29.90    0.00   38.14    0.00    0.00   14.43    0.00    0.00    0.00   17.53

00:41:10     CPU    %usr   %nice    %sys %iowait    %irq   %soft  %steal  %guest  %gnice   %idle
00:41:11     all   32.25    0.00   36.00    0.00    0.00   16.50    0.00    0.00    0.00   15.25
00:41:11       0   30.39    0.00   32.35    0.00    0.00   21.57    0.00    0.00    0.00   15.69
00:41:11       1   29.90    0.00   40.21    0.00    0.00   15.46    0.00    0.00    0.00   14.43
00:41:11       2   33.33    0.00   38.38    0.00    0.00   15.15    0.00    0.00    0.00   13.13
00:41:11       3   35.29    0.00   33.33    0.00    0.00   13.73    0.00    0.00    0.00   17.65

00:41:11     CPU    %usr   %nice    %sys %iowait    %irq   %soft  %steal  %guest  %gnice   %idle
00:41:12     all   31.67    0.00   36.66    0.00    0.00   16.71    0.00    0.00    0.00   14.96
00:41:12       0   24.30    0.00   30.84    0.00    0.00   27.10    0.00    0.00    0.00   17.76
00:41:12       1   23.96    0.00   43.75    0.00    0.00    8.33    0.00    0.00    0.00   23.96
00:41:12       2   43.14    0.00   35.29    0.00    0.00   14.71    0.00    0.00    0.00    6.86
00:41:12       3   35.42    0.00   37.50    0.00    0.00   15.62    0.00    0.00    0.00   11.46

00:41:12     CPU    %usr   %nice    %sys %iowait    %irq   %soft  %steal  %guest  %gnice   %idle
00:41:13     all   31.98    0.00   37.82    0.00    0.00   15.48    0.00    0.00    0.00   14.72
00:41:13       0   24.51    0.00   33.33    0.00    0.00   22.55    0.00    0.00    0.00   19.61
00:41:13       1   33.33    0.00   39.58    0.00    0.00   13.54    0.00    0.00    0.00   13.54
00:41:13       2   38.14    0.00   34.02    0.00    0.00   13.40    0.00    0.00    0.00   14.43
00:41:13       3   32.32    0.00   44.44    0.00    0.00   12.12    0.00    0.00    0.00   11.11

00:41:13     CPU    %usr   %nice    %sys %iowait    %irq   %soft  %steal  %guest  %gnice   %idle
00:41:14     all   27.59    0.00   38.99    0.00    0.00   18.23    0.00    0.00    0.00   15.19
00:41:14       0   19.42    0.00   32.04    0.00    0.00   28.16    0.00    0.00    0.00   20.39
00:41:14       1   33.68    0.00   44.21    0.00    0.00   12.63    0.00    0.00    0.00    9.47
00:41:14       2   26.53    0.00   40.82    0.00    0.00   15.31    0.00    0.00    0.00   17.35
00:41:14       3   31.31    0.00   39.39    0.00    0.00   16.16    0.00    0.00    0.00   13.13

00:41:14     CPU    %usr   %nice    %sys %iowait    %irq   %soft  %steal  %guest  %gnice   %idle
00:41:15     all   30.85    0.00   37.56    0.00    0.00   16.92    0.00    0.00    0.00   14.68
00:41:15       0   27.62    0.00   30.48    0.00    0.00   20.95    0.00    0.00    0.00   20.95
00:41:15       1   36.36    0.00   38.38    0.00    0.00   14.14    0.00    0.00    0.00   11.11
00:41:15       2   30.00    0.00   36.00    0.00    0.00   19.00    0.00    0.00    0.00   15.00
00:41:15       3   29.59    0.00   45.92    0.00    0.00   13.27    0.00    0.00    0.00   11.22

00:41:15     CPU    %usr   %nice    %sys %iowait    %irq   %soft  %steal  %guest  %gnice   %idle
00:41:16     all   30.15    0.00   37.69    0.00    0.00   17.84    0.00    0.00    0.00   14.32
00:41:16       0   18.45    0.00   33.01    0.00    0.00   27.18    0.00    0.00    0.00   21.36
00:41:16       1   28.00    0.00   42.00    0.00    0.00   15.00    0.00    0.00    0.00   15.00
00:41:16       2   42.27    0.00   35.05    0.00    0.00   16.49    0.00    0.00    0.00    6.19
00:41:16       3   32.65    0.00   40.82    0.00    0.00   12.24    0.00    0.00    0.00   14.29

00:41:16     CPU    %usr   %nice    %sys %iowait    %irq   %soft  %steal  %guest  %gnice   %idle
00:41:17     all   30.85    0.00   38.06    0.00    0.00   17.66    0.00    0.00    0.00   13.43
00:41:17       0   23.08    0.00   34.62    0.00    0.00   25.00    0.00    0.00    0.00   17.31
00:41:17       1   39.60    0.00   34.65    0.00    0.00   15.84    0.00    0.00    0.00    9.90
00:41:17       2   31.25    0.00   39.58    0.00    0.00   13.54    0.00    0.00    0.00   15.62
00:41:17       3   29.70    0.00   43.56    0.00    0.00   15.84    0.00    0.00    0.00   10.89

00:41:17     CPU    %usr   %nice    %sys %iowait    %irq   %soft  %steal  %guest  %gnice   %idle
00:41:18     all   27.68    0.00   39.65    0.00    0.00   16.96    0.00    0.00    0.00   15.71
00:41:18       0   18.52    0.00   32.41    0.00    0.00   27.78    0.00    0.00    0.00   21.30
00:41:18       1   19.79    0.00   44.79    0.00    0.00   12.50    0.00    0.00    0.00   22.92
00:41:18       2   39.00    0.00   40.00    0.00    0.00   14.00    0.00    0.00    0.00    7.00
00:41:18       3   34.02    0.00   42.27    0.00    0.00   12.37    0.00    0.00    0.00   11.34

00:41:18     CPU    %usr   %nice    %sys %iowait    %irq   %soft  %steal  %guest  %gnice   %idle
00:41:19     all   32.50    0.00   35.50    0.00    0.00   17.50    0.00    0.00    0.00   14.50
00:41:19       0   25.49    0.00   29.41    0.00    0.00   27.45    0.00    0.00    0.00   17.65
00:41:19       1   37.76    0.00   33.67    0.00    0.00   14.29    0.00    0.00    0.00   14.29
00:41:19       2   35.35    0.00   38.38    0.00    0.00   14.14    0.00    0.00    0.00   12.12
00:41:19       3   31.68    0.00   40.59    0.00    0.00   13.86    0.00    0.00    0.00   13.86

00:41:19     CPU    %usr   %nice    %sys %iowait    %irq   %soft  %steal  %guest  %gnice   %idle
00:41:20     all   31.47    0.00   37.31    0.00    0.00   16.24    0.00    0.00    0.00   14.97
00:41:20       0   24.00    0.00   36.00    0.00    0.00   26.00    0.00    0.00    0.00   14.00
00:41:20       1   28.12    0.00   41.67    0.00    0.00    9.38    0.00    0.00    0.00   20.83
00:41:20       2   39.80    0.00   33.67    0.00    0.00   15.31    0.00    0.00    0.00   11.22
00:41:20       3   34.00    0.00   38.00    0.00    0.00   14.00    0.00    0.00    0.00   14.00

00:41:20     CPU    %usr   %nice    %sys %iowait    %irq   %soft  %steal  %guest  %gnice   %idle
00:41:21     all   29.72    0.00   35.66    0.00    0.00   18.09    0.00    0.00    0.00   16.54
00:41:21       0   21.00    0.00   25.00    0.00    0.00   33.00    0.00    0.00    0.00   21.00
00:41:21       1   34.74    0.00   40.00    0.00    0.00   11.58    0.00    0.00    0.00   13.68
00:41:21       2   31.52    0.00   38.04    0.00    0.00   15.22    0.00    0.00    0.00   15.22
00:41:21       3   32.00    0.00   40.00    0.00    0.00   12.00    0.00    0.00    0.00   16.00

00:41:21     CPU    %usr   %nice    %sys %iowait    %irq   %soft  %steal  %guest  %gnice   %idle
00:41:22     all   27.34    0.00   39.24    0.00    0.00   19.75    0.00    0.00    0.00   13.67
00:41:22       0   16.19    0.00   34.29    0.00    0.00   32.38    0.00    0.00    0.00   17.14
00:41:22       1   33.33    0.00   41.41    0.00    0.00   15.15    0.00    0.00    0.00   10.10
00:41:22       2   32.29    0.00   39.58    0.00    0.00   14.58    0.00    0.00    0.00   13.54
00:41:22       3   28.42    0.00   42.11    0.00    0.00   15.79    0.00    0.00    0.00   13.68

00:41:22     CPU    %usr   %nice    %sys %iowait    %irq   %soft  %steal  %guest  %gnice   %idle
00:41:23     all   25.13    0.00   43.78    0.00    0.00   19.69    0.00    0.00    0.00   11.40
00:41:23       0   13.00    0.00   37.00    0.00    0.00   35.00    0.00    0.00    0.00   15.00
00:41:23       1   28.12    0.00   51.04    0.00    0.00   13.54    0.00    0.00    0.00    7.29
00:41:23       2   32.26    0.00   43.01    0.00    0.00   18.28    0.00    0.00    0.00    6.45
00:41:23       3   27.84    0.00   44.33    0.00    0.00   11.34    0.00    0.00    0.00   16.49

00:41:23     CPU    %usr   %nice    %sys %iowait    %irq   %soft  %steal  %guest  %gnice   %idle
00:41:24     all   28.64    0.00   44.22    0.00    0.00   15.58    0.00    0.00    0.00   11.56
00:41:24       0   13.33    0.00   41.90    0.00    0.00   25.71    0.00    0.00    0.00   19.05
00:41:24       1   25.77    0.00   55.67    0.00    0.00    8.25    0.00    0.00    0.00   10.31
00:41:24       2   34.00    0.00   42.00    0.00    0.00   15.00    0.00    0.00    0.00    9.00
00:41:24       3   42.71    0.00   37.50    0.00    0.00   12.50    0.00    0.00    0.00    7.29

00:41:24     CPU    %usr   %nice    %sys %iowait    %irq   %soft  %steal  %guest  %gnice   %idle
00:41:25     all   27.11    0.00   39.80    0.00    0.00   18.41    0.00    0.00    0.00   14.68
00:41:25       0   22.02    0.00   32.11    0.00    0.00   29.36    0.00    0.00    0.00   16.51
00:41:25       1   26.04    0.00   38.54    0.00    0.00   14.58    0.00    0.00    0.00   20.83
00:41:25       2   31.63    0.00   47.96    0.00    0.00   11.22    0.00    0.00    0.00    9.18
00:41:25       3   29.29    0.00   41.41    0.00    0.00   17.17    0.00    0.00    0.00   12.12

00:41:25     CPU    %usr   %nice    %sys %iowait    %irq   %soft  %steal  %guest  %gnice   %idle
00:41:26     all   30.94    0.00   38.86    0.00    0.00   17.33    0.00    0.00    0.00   12.87
00:41:26       0   17.59    0.00   36.11    0.00    0.00   28.70    0.00    0.00    0.00   17.59
00:41:26       1   30.00    0.00   44.00    0.00    0.00   10.00    0.00    0.00    0.00   16.00
00:41:26       2   36.46    0.00   37.50    0.00    0.00   16.67    0.00    0.00    0.00    9.38
00:41:26       3   41.00    0.00   38.00    0.00    0.00   13.00    0.00    0.00    0.00    8.00

00:41:26     CPU    %usr   %nice    %sys %iowait    %irq   %soft  %steal  %guest  %gnice   %idle
00:41:27     all   26.49    0.00   39.85    0.00    0.00   17.57    0.00    0.00    0.00   16.09
00:41:27       0   13.21    0.00   33.02    0.00    0.00   33.02    0.00    0.00    0.00   20.75
00:41:27       1   35.00    0.00   40.00    0.00    0.00   12.00    0.00    0.00    0.00   13.00
00:41:27       2   32.32    0.00   41.41    0.00    0.00   12.12    0.00    0.00    0.00   14.14
00:41:27       3   26.26    0.00   45.45    0.00    0.00   12.12    0.00    0.00    0.00   16.16

00:41:27     CPU    %usr   %nice    %sys %iowait    %irq   %soft  %steal  %guest  %gnice   %idle
00:41:28     all   29.43    0.00   39.65    0.00    0.00   18.20    0.00    0.00    0.00   12.72
00:41:28       0   18.45    0.00   33.98    0.00    0.00   29.13    0.00    0.00    0.00   18.45
00:41:28       1   35.71    0.00   41.84    0.00    0.00   12.24    0.00    0.00    0.00   10.20
00:41:28       2   32.65    0.00   42.86    0.00    0.00   14.29    0.00    0.00    0.00   10.20
00:41:28       3   31.37    0.00   40.20    0.00    0.00   16.67    0.00    0.00    0.00   11.76

00:41:28     CPU    %usr   %nice    %sys %iowait    %irq   %soft  %steal  %guest  %gnice   %idle
00:41:29     all   30.48    0.00   38.79    0.25    0.00   16.37    0.00    0.00    0.00   14.11
00:41:29       0   27.10    0.00   27.10    0.00    0.00   29.91    0.00    0.00    0.00   15.89
00:41:29       1   31.25    0.00   43.75    1.04    0.00   12.50    0.00    0.00    0.00   11.46
00:41:29       2   31.25    0.00   45.83    0.00    0.00    8.33    0.00    0.00    0.00   14.58
00:41:29       3   32.65    0.00   39.80    0.00    0.00   13.27    0.00    0.00    0.00   14.29

00:41:29     CPU    %usr   %nice    %sys %iowait    %irq   %soft  %steal  %guest  %gnice   %idle
00:41:30     all   27.75    0.00   39.75    0.00    0.00   17.75    0.00    0.00    0.00   14.75
00:41:30       0   20.75    0.00   32.08    0.00    0.00   30.19    0.00    0.00    0.00   16.98
00:41:30       1   25.77    0.00   44.33    0.00    0.00   12.37    0.00    0.00    0.00   17.53
00:41:30       2   34.69    0.00   41.84    0.00    0.00   15.31    0.00    0.00    0.00    8.16
00:41:30       3   30.30    0.00   41.41    0.00    0.00   12.12    0.00    0.00    0.00   16.16

00:41:30     CPU    %usr   %nice    %sys %iowait    %irq   %soft  %steal  %guest  %gnice   %idle
00:41:31     all   32.91    0.00   37.72    0.00    0.00   15.44    0.00    0.00    0.00   13.92
00:41:31       0   34.95    0.00   27.18    0.00    0.00   25.24    0.00    0.00    0.00   12.62
00:41:31       1   35.71    0.00   38.78    0.00    0.00   12.24    0.00    0.00    0.00   13.27
00:41:31       2   34.02    0.00   39.18    0.00    0.00   13.40    0.00    0.00    0.00   13.40
00:41:31       3   26.80    0.00   46.39    0.00    0.00   10.31    0.00    0.00    0.00   16.49

00:41:31     CPU    %usr   %nice    %sys %iowait    %irq   %soft  %steal  %guest  %gnice   %idle
00:41:32     all   30.00    0.00   37.50    0.00    0.00   18.50    0.00    0.00    0.00   14.00
00:41:32       0   16.19    0.00   34.29    0.00    0.00   27.62    0.00    0.00    0.00   21.90
00:41:32       1   31.25    0.00   41.67    0.00    0.00   13.54    0.00    0.00    0.00   13.54
00:41:32       2   37.76    0.00   35.71    0.00    0.00   16.33    0.00    0.00    0.00   10.20
00:41:32       3   35.64    0.00   38.61    0.00    0.00   15.84    0.00    0.00    0.00    9.90

00:41:32     CPU    %usr   %nice    %sys %iowait    %irq   %soft  %steal  %guest  %gnice   %idle
00:41:33     all   28.50    0.00   40.29    0.00    0.00   18.18    0.00    0.00    0.00   13.02
00:41:33       0   20.95    0.00   35.24    0.00    0.00   30.48    0.00    0.00    0.00   13.33
00:41:33       1   36.36    0.00   38.38    0.00    0.00   19.19    0.00    0.00    0.00    6.06
00:41:33       2   29.13    0.00   42.72    0.00    0.00   11.65    0.00    0.00    0.00   16.50
00:41:33       3   28.00    0.00   45.00    0.00    0.00   11.00    0.00    0.00    0.00   16.00

00:41:33     CPU    %usr   %nice    %sys %iowait    %irq   %soft  %steal  %guest  %gnice   %idle
00:41:34     all   31.31    0.00   38.13    0.00    0.00   16.92    0.00    0.00    0.00   13.64
00:41:34       0   25.49    0.00   32.35    0.00    0.00   28.43    0.00    0.00    0.00   13.73
00:41:34       1   32.67    0.00   44.55    0.00    0.00   13.86    0.00    0.00    0.00    8.91
00:41:34       2   31.58    0.00   37.89    0.00    0.00   15.79    0.00    0.00    0.00   14.74
00:41:34       3   35.71    0.00   37.76    0.00    0.00    9.18    0.00    0.00    0.00   17.35

00:41:34     CPU    %usr   %nice    %sys %iowait    %irq   %soft  %steal  %guest  %gnice   %idle
00:41:35     all   27.46    0.00   41.81    0.00    0.00   16.88    0.00    0.00    0.00   13.85
00:41:35       0   27.62    0.00   34.29    0.00    0.00   26.67    0.00    0.00    0.00   11.43
00:41:35       1   31.25    0.00   43.75    0.00    0.00   15.62    0.00    0.00    0.00    9.38
00:41:35       2   30.00    0.00   45.00    0.00    0.00   12.00    0.00    0.00    0.00   13.00
00:41:35       3   20.83    0.00   44.79    0.00    0.00   12.50    0.00    0.00    0.00   21.88

00:41:35     CPU    %usr   %nice    %sys %iowait    %irq   %soft  %steal  %guest  %gnice   %idle
00:41:36     all   31.12    0.00   36.73    0.00    0.00   17.60    0.00    0.00    0.00   14.54
00:41:36       0   26.21    0.00   33.01    0.00    0.00   29.13    0.00    0.00    0.00   11.65
00:41:36       1   31.96    0.00   44.33    0.00    0.00   13.40    0.00    0.00    0.00   10.31
00:41:36       2   33.68    0.00   37.89    0.00    0.00   13.68    0.00    0.00    0.00   14.74
00:41:36       3   32.99    0.00   31.96    0.00    0.00   13.40    0.00    0.00    0.00   21.65

00:41:36     CPU    %usr   %nice    %sys %iowait    %irq   %soft  %steal  %guest  %gnice   %idle
00:41:37     all   13.57    0.00   41.46    0.00    0.00   11.81    0.00    0.00    0.00   33.17
00:41:37       0   10.81    0.00   30.63    0.00    0.00   29.73    0.00    0.00    0.00   28.83
00:41:37       1   13.83    0.00   44.68    0.00    0.00    6.38    0.00    0.00    0.00   35.11
00:41:37       2   16.67    0.00   44.79    0.00    0.00    4.17    0.00    0.00    0.00   34.38
00:41:37       3   13.40    0.00   47.42    0.00    0.00    4.12    0.00    0.00    0.00   35.05

00:41:37     CPU    %usr   %nice    %sys %iowait    %irq   %soft  %steal  %guest  %gnice   %idle
00:41:38     all   12.41    0.00   42.68    0.00    0.00   12.41    0.00    0.00    0.00   32.51
00:41:38       0    9.91    0.00   34.23    0.00    0.00   29.73    0.00    0.00    0.00   26.13
00:41:38       1   13.40    0.00   43.30    0.00    0.00    7.22    0.00    0.00    0.00   36.08
00:41:38       2   14.29    0.00   47.96    0.00    0.00    5.10    0.00    0.00    0.00   32.65
00:41:38       3   12.37    0.00   46.39    0.00    0.00    5.15    0.00    0.00    0.00   36.08

00:41:38     CPU    %usr   %nice    %sys %iowait    %irq   %soft  %steal  %guest  %gnice   %idle
00:41:39     all   13.93    0.00   40.55    0.00    0.00   12.69    0.00    0.00    0.00   32.84
00:41:39       0    8.49    0.00   33.96    0.00    0.00   30.19    0.00    0.00    0.00   27.36
00:41:39       1   14.85    0.00   46.53    0.00    0.00    4.95    0.00    0.00    0.00   33.66
00:41:39       2   16.13    0.00   39.78    0.00    0.00    7.53    0.00    0.00    0.00   36.56
00:41:39       3   16.67    0.00   42.16    0.00    0.00    6.86    0.00    0.00    0.00   34.31

00:41:39     CPU    %usr   %nice    %sys %iowait    %irq   %soft  %steal  %guest  %gnice   %idle
00:41:40     all   10.86    0.00   40.40    0.00    0.00   14.14    0.00    0.00    0.00   34.60
00:41:40       0    8.70    0.00   30.43    0.00    0.00   33.04    0.00    0.00    0.00   27.83
00:41:40       1   13.27    0.00   45.92    0.00    0.00    7.14    0.00    0.00    0.00   33.67
00:41:40       2    9.57    0.00   46.81    0.00    0.00    6.38    0.00    0.00    0.00   37.23
00:41:40       3   12.36    0.00   40.45    0.00    0.00    5.62    0.00    0.00    0.00   41.57
