Linux 6.6.87.2-microsoft-standard-WSL2 (Udeepa-ASUS) 	04/16/26 	_x86_64_	(4 CPU)

00:17:03     CPU    %usr   %nice    %sys %iowait    %irq   %soft  %steal  %guest  %gnice   %idle
00:17:04     all   14.51    0.00   10.29    0.00    0.00    3.69    0.00    0.00    0.00   71.50
00:17:04       0   16.49    0.00   11.34    0.00    0.00    4.12    0.00    0.00    0.00   68.04
00:17:04       1   13.98    0.00    7.53    0.00    0.00    4.30    0.00    0.00    0.00   74.19
00:17:04       2   13.83    0.00    9.57    0.00    0.00    3.19    0.00    0.00    0.00   73.40
00:17:04       3   13.68    0.00   12.63    0.00    0.00    3.16    0.00    0.00    0.00   70.53

00:17:04     CPU    %usr   %nice    %sys %iowait    %irq   %soft  %steal  %guest  %gnice   %idle
00:17:05     all   15.97    0.00   11.78    0.00    0.00    6.81    0.00    0.00    0.00   65.45
00:17:05       0   12.77    0.00   12.77    0.00    0.00    8.51    0.00    0.00    0.00   65.96
00:17:05       1   16.49    0.00    9.28    0.00    0.00    8.25    0.00    0.00    0.00   65.98
00:17:05       2   18.18    0.00   13.13    0.00    0.00    5.05    0.00    0.00    0.00   63.64
00:17:05       3   16.30    0.00   11.96    0.00    0.00    5.43    0.00    0.00    0.00   66.30

00:17:05     CPU    %usr   %nice    %sys %iowait    %irq   %soft  %steal  %guest  %gnice   %idle
00:17:06     all   15.38    0.00   10.51    0.00    0.00    4.87    0.00    0.00    0.00   69.23
00:17:06       0   19.00    0.00   11.00    0.00    0.00    3.00    0.00    0.00    0.00   67.00
00:17:06       1   10.64    0.00   12.77    0.00    0.00    3.19    0.00    0.00    0.00   73.40
00:17:06       2   14.14    0.00   10.10    0.00    0.00    7.07    0.00    0.00    0.00   68.69
00:17:06       3   17.53    0.00    8.25    0.00    0.00    6.19    0.00    0.00    0.00   68.04

00:17:06     CPU    %usr   %nice    %sys %iowait    %irq   %soft  %steal  %guest  %gnice   %idle
00:17:07     all   13.68    0.00   10.26    0.00    0.00    6.58    0.00    0.00    0.00   69.47
00:17:07       0   14.89    0.00    9.57    0.00    0.00    6.38    0.00    0.00    0.00   69.15
00:17:07       1   15.79    0.00   10.53    0.00    0.00    3.16    0.00    0.00    0.00   70.53
00:17:07       2   13.40    0.00    8.25    0.00    0.00    9.28    0.00    0.00    0.00   69.07
00:17:07       3   10.64    0.00   12.77    0.00    0.00    7.45    0.00    0.00    0.00   69.15

00:17:07     CPU    %usr   %nice    %sys %iowait    %irq   %soft  %steal  %guest  %gnice   %idle
00:17:08     all   16.39    0.00   16.67    0.00    0.00    6.67    0.00    0.00    0.00   60.28
00:17:08       0   12.50    0.00   17.05    0.00    0.00    9.09    0.00    0.00    0.00   61.36
00:17:08       1   19.10    0.00   13.48    0.00    0.00    5.62    0.00    0.00    0.00   61.80
00:17:08       2   14.61    0.00   17.98    0.00    0.00    6.74    0.00    0.00    0.00   60.67
00:17:08       3   19.15    0.00   18.09    0.00    0.00    5.32    0.00    0.00    0.00   57.45

00:17:08     CPU    %usr   %nice    %sys %iowait    %irq   %soft  %steal  %guest  %gnice   %idle
00:17:09     all   25.84    0.00   28.68    0.00    0.00    9.82    0.00    0.00    0.00   35.66
00:17:09       0   26.04    0.00   29.17    0.00    0.00    8.33    0.00    0.00    0.00   36.46
00:17:09       1   28.57    0.00   27.55    0.00    0.00    8.16    0.00    0.00    0.00   35.71
00:17:09       2   25.25    0.00   30.30    0.00    0.00   10.10    0.00    0.00    0.00   34.34
00:17:09       3   23.40    0.00   27.66    0.00    0.00   12.77    0.00    0.00    0.00   36.17

00:17:09     CPU    %usr   %nice    %sys %iowait    %irq   %soft  %steal  %guest  %gnice   %idle
00:17:11     all   22.72    0.00   21.93    0.00    0.00    9.14    0.00    0.00    0.00   46.21
00:17:11       0   24.74    0.00   21.65    0.00    0.00    8.25    0.00    0.00    0.00   45.36
00:17:11       1   21.88    0.00   23.96    0.00    0.00    8.33    0.00    0.00    0.00   45.83
00:17:11       2   25.77    0.00   20.62    0.00    0.00    8.25    0.00    0.00    0.00   45.36
00:17:11       3   18.28    0.00   21.51    0.00    0.00   11.83    0.00    0.00    0.00   48.39

00:17:11     CPU    %usr   %nice    %sys %iowait    %irq   %soft  %steal  %guest  %gnice   %idle
00:17:12     all   19.23    0.00   19.74    0.26    0.00    9.23    0.00    0.00    0.00   51.54
00:17:12       0   22.22    0.00   20.20    0.00    0.00    8.08    0.00    0.00    0.00   49.49
00:17:12       1   17.35    0.00   18.37    0.00    0.00   11.22    0.00    0.00    0.00   53.06
00:17:12       2   16.33    0.00   22.45    1.02    0.00    9.18    0.00    0.00    0.00   51.02
00:17:12       3   21.05    0.00   17.89    0.00    0.00    8.42    0.00    0.00    0.00   52.63

00:17:12     CPU    %usr   %nice    %sys %iowait    %irq   %soft  %steal  %guest  %gnice   %idle
00:17:13     all   26.36    0.00   32.04    0.00    0.00   11.11    0.00    0.00    0.00   30.49
00:17:13       0   25.53    0.00   34.04    0.00    0.00    9.57    0.00    0.00    0.00   30.85
00:17:13       1   24.74    0.00   30.93    0.00    0.00   13.40    0.00    0.00    0.00   30.93
00:17:13       2   25.00    0.00   31.25    0.00    0.00   13.54    0.00    0.00    0.00   30.21
00:17:13       3   30.00    0.00   32.00    0.00    0.00    8.00    0.00    0.00    0.00   30.00

00:17:13     CPU    %usr   %nice    %sys %iowait    %irq   %soft  %steal  %guest  %gnice   %idle
00:17:14     all   26.40    0.00   32.23    0.00    0.00   12.18    0.00    0.00    0.00   29.19
00:17:14       0   24.24    0.00   33.33    0.00    0.00   13.13    0.00    0.00    0.00   29.29
00:17:14       1   23.53    0.00   36.27    0.00    0.00   12.75    0.00    0.00    0.00   27.45
00:17:14       2   29.90    0.00   30.93    0.00    0.00   10.31    0.00    0.00    0.00   28.87
00:17:14       3   28.12    0.00   28.12    0.00    0.00   12.50    0.00    0.00    0.00   31.25

00:17:14     CPU    %usr   %nice    %sys %iowait    %irq   %soft  %steal  %guest  %gnice   %idle
00:17:15     all   26.70    0.00   37.17    0.00    0.00    9.42    0.00    0.00    0.00   26.70
00:17:15       0   30.85    0.00   34.04    0.00    0.00    8.51    0.00    0.00    0.00   26.60
00:17:15       1   31.63    0.00   29.59    0.00    0.00   13.27    0.00    0.00    0.00   25.51
00:17:15       2   24.74    0.00   41.24    0.00    0.00    9.28    0.00    0.00    0.00   24.74
00:17:15       3   19.35    0.00   44.09    0.00    0.00    6.45    0.00    0.00    0.00   30.11

00:17:15     CPU    %usr   %nice    %sys %iowait    %irq   %soft  %steal  %guest  %gnice   %idle
00:17:16     all   26.02    0.00   31.12    0.00    0.00    9.95    0.00    0.00    0.00   32.91
00:17:16       0   28.12    0.00   29.17    0.00    0.00    9.38    0.00    0.00    0.00   33.33
00:17:16       1   22.55    0.00   35.29    0.00    0.00    9.80    0.00    0.00    0.00   32.35
00:17:16       2   24.74    0.00   30.93    0.00    0.00   12.37    0.00    0.00    0.00   31.96
00:17:16       3   28.87    0.00   28.87    0.00    0.00    8.25    0.00    0.00    0.00   34.02

00:17:16     CPU    %usr   %nice    %sys %iowait    %irq   %soft  %steal  %guest  %gnice   %idle
00:17:17     all   27.08    0.00   35.08    0.31    0.00   13.54    0.00    0.00    0.00   24.00
00:17:17       0   29.87    0.00   35.06    0.00    0.00   12.99    0.00    0.00    0.00   22.08
00:17:17       1   21.52    0.00   35.44    0.00    0.00   15.19    0.00    0.00    0.00   27.85
00:17:17       2   27.38    0.00   36.90    0.00    0.00   10.71    0.00    0.00    0.00   25.00
00:17:17       3   29.41    0.00   32.94    1.18    0.00   15.29    0.00    0.00    0.00   21.18

00:17:17     CPU    %usr   %nice    %sys %iowait    %irq   %soft  %steal  %guest  %gnice   %idle
00:17:18     all   25.78    0.00   36.46    0.00    0.00   10.68    0.00    0.00    0.00   27.08
00:17:18       0   26.04    0.00   36.46    0.00    0.00   11.46    0.00    0.00    0.00   26.04
00:17:18       1   23.23    0.00   41.41    0.00    0.00    8.08    0.00    0.00    0.00   27.27
00:17:18       2   29.79    0.00   29.79    0.00    0.00   13.83    0.00    0.00    0.00   26.60
00:17:18       3   24.21    0.00   37.89    0.00    0.00    9.47    0.00    0.00    0.00   28.42

00:17:18     CPU    %usr   %nice    %sys %iowait    %irq   %soft  %steal  %guest  %gnice   %idle
00:17:19     all   27.48    0.00   36.39    0.00    0.00   11.70    0.00    0.00    0.00   24.43
00:17:19       0   27.00    0.00   36.00    0.00    0.00   13.00    0.00    0.00    0.00   24.00
00:17:19       1   25.25    0.00   37.37    0.00    0.00   12.12    0.00    0.00    0.00   25.25
00:17:19       2   30.61    0.00   32.65    0.00    0.00   12.24    0.00    0.00    0.00   24.49
00:17:19       3   27.08    0.00   39.58    0.00    0.00    9.38    0.00    0.00    0.00   23.96

00:17:19     CPU    %usr   %nice    %sys %iowait    %irq   %soft  %steal  %guest  %gnice   %idle
00:17:20     all   23.24    0.00   34.46    0.00    0.00    9.66    0.00    0.00    0.00   32.64
00:17:20       0   22.58    0.00   32.26    0.00    0.00   11.83    0.00    0.00    0.00   33.33
00:17:20       1   27.84    0.00   32.99    0.00    0.00    7.22    0.00    0.00    0.00   31.96
00:17:20       2   22.11    0.00   32.63    0.00    0.00   11.58    0.00    0.00    0.00   33.68
00:17:20       3   20.41    0.00   39.80    0.00    0.00    8.16    0.00    0.00    0.00   31.63

00:17:20     CPU    %usr   %nice    %sys %iowait    %irq   %soft  %steal  %guest  %gnice   %idle
00:17:21     all   25.20    0.00   31.30    0.00    0.00   11.94    0.00    0.00    0.00   31.56
00:17:21       0   27.17    0.00   30.43    0.00    0.00   11.96    0.00    0.00    0.00   30.43
00:17:21       1   21.88    0.00   33.33    0.00    0.00   11.46    0.00    0.00    0.00   33.33
00:17:21       2   26.60    0.00   27.66    0.00    0.00   13.83    0.00    0.00    0.00   31.91
00:17:21       3   25.26    0.00   33.68    0.00    0.00   10.53    0.00    0.00    0.00   30.53

00:17:21     CPU    %usr   %nice    %sys %iowait    %irq   %soft  %steal  %guest  %gnice   %idle
00:17:22     all   23.63    0.00   35.07    0.25    0.00    9.20    0.00    0.00    0.00   31.84
00:17:22       0   22.00    0.00   36.00    0.00    0.00   10.00    0.00    0.00    0.00   32.00
00:17:22       1   23.23    0.00   36.36    1.01    0.00    7.07    0.00    0.00    0.00   32.32
00:17:22       2   27.55    0.00   29.59    0.00    0.00   11.22    0.00    0.00    0.00   31.63
00:17:22       3   21.90    0.00   38.10    0.00    0.00    8.57    0.00    0.00    0.00   31.43

00:17:22     CPU    %usr   %nice    %sys %iowait    %irq   %soft  %steal  %guest  %gnice   %idle
00:17:23     all   23.43    0.00   31.23    0.00    0.00   10.83    0.00    0.00    0.00   34.51
00:17:23       0   21.78    0.00   34.65    0.00    0.00    8.91    0.00    0.00    0.00   34.65
00:17:23       1   23.71    0.00   30.93    0.00    0.00   10.31    0.00    0.00    0.00   35.05
00:17:23       2   19.59    0.00   30.93    0.00    0.00   13.40    0.00    0.00    0.00   36.08
00:17:23       3   28.43    0.00   28.43    0.00    0.00   10.78    0.00    0.00    0.00   32.35

00:17:23     CPU    %usr   %nice    %sys %iowait    %irq   %soft  %steal  %guest  %gnice   %idle
00:17:24     all   22.60    0.00   32.19    0.00    0.00    9.58    0.00    0.00    0.00   35.63
00:17:24       0   25.00    0.00   30.21    0.00    0.00    9.38    0.00    0.00    0.00   35.42
00:17:24       1   21.57    0.00   31.37    0.00    0.00    9.80    0.00    0.00    0.00   37.25
00:17:24       2   23.00    0.00   32.00    0.00    0.00   10.00    0.00    0.00    0.00   35.00
00:17:24       3   21.10    0.00   34.86    0.00    0.00    9.17    0.00    0.00    0.00   34.86

00:17:24     CPU    %usr   %nice    %sys %iowait    %irq   %soft  %steal  %guest  %gnice   %idle
00:17:25     all   21.99    0.00   31.21    0.00    0.00    8.98    0.00    0.00    0.00   37.83
00:17:25       0   27.03    0.00   29.73    0.00    0.00    9.01    0.00    0.00    0.00   34.23
00:17:25       1   21.15    0.00   28.85    0.00    0.00   11.54    0.00    0.00    0.00   38.46
00:17:25       2   20.00    0.00   34.29    0.00    0.00    6.67    0.00    0.00    0.00   39.05
00:17:25       3   19.42    0.00   32.04    0.00    0.00    8.74    0.00    0.00    0.00   39.81

00:17:25     CPU    %usr   %nice    %sys %iowait    %irq   %soft  %steal  %guest  %gnice   %idle
00:17:26     all   26.07    0.00   36.84    0.00    0.00   10.53    0.00    0.00    0.00   26.57
00:17:26       0   24.04    0.00   40.38    0.00    0.00   11.54    0.00    0.00    0.00   24.04
00:17:26       1   22.68    0.00   39.18    0.00    0.00   10.31    0.00    0.00    0.00   27.84
00:17:26       2   30.00    0.00   32.00    0.00    0.00   12.00    0.00    0.00    0.00   26.00
00:17:26       3   27.55    0.00   35.71    0.00    0.00    8.16    0.00    0.00    0.00   28.57

00:17:26     CPU    %usr   %nice    %sys %iowait    %irq   %soft  %steal  %guest  %gnice   %idle
00:17:27     all   22.99    0.00   30.57    0.00    0.00   10.19    0.00    0.00    0.00   36.26
00:17:27       0   19.44    0.00   32.41    0.00    0.00   11.11    0.00    0.00    0.00   37.04
00:17:27       1   25.71    0.00   27.62    0.00    0.00   11.43    0.00    0.00    0.00   35.24
00:17:27       2   24.04    0.00   28.85    0.00    0.00   11.54    0.00    0.00    0.00   35.58
00:17:27       3   22.86    0.00   33.33    0.00    0.00    6.67    0.00    0.00    0.00   37.14

00:17:27     CPU    %usr   %nice    %sys %iowait    %irq   %soft  %steal  %guest  %gnice   %idle
00:17:28     all   21.56    0.00   32.94    0.00    0.00    9.95    0.00    0.00    0.00   35.55
00:17:28       0   23.30    0.00   33.98    0.00    0.00    8.74    0.00    0.00    0.00   33.98
00:17:28       1   21.70    0.00   32.08    0.00    0.00    7.55    0.00    0.00    0.00   38.68
00:17:28       2   24.04    0.00   30.77    0.00    0.00   10.58    0.00    0.00    0.00   34.62
00:17:28       3   17.43    0.00   34.86    0.00    0.00   12.84    0.00    0.00    0.00   34.86

00:17:28     CPU    %usr   %nice    %sys %iowait    %irq   %soft  %steal  %guest  %gnice   %idle
00:17:29     all   24.94    0.00   33.50    0.00    0.00   10.33    0.00    0.00    0.00   31.23
00:17:29       0   24.24    0.00   33.33    0.00    0.00   12.12    0.00    0.00    0.00   30.30
00:17:29       1   25.00    0.00   35.00    0.00    0.00    8.00    0.00    0.00    0.00   32.00
00:17:29       2   26.73    0.00   32.67    0.00    0.00   10.89    0.00    0.00    0.00   29.70
00:17:29       3   23.71    0.00   32.99    0.00    0.00   10.31    0.00    0.00    0.00   32.99

00:17:29     CPU    %usr   %nice    %sys %iowait    %irq   %soft  %steal  %guest  %gnice   %idle
00:17:30     all   23.33    0.00   34.74    0.00    0.00   10.92    0.00    0.00    0.00   31.02
00:17:30       0   27.37    0.00   33.68    0.00    0.00    8.42    0.00    0.00    0.00   30.53
00:17:30       1   21.15    0.00   36.54    0.00    0.00   12.50    0.00    0.00    0.00   29.81
00:17:30       2   21.50    0.00   35.51    0.00    0.00   13.08    0.00    0.00    0.00   29.91
00:17:30       3   23.71    0.00   32.99    0.00    0.00    9.28    0.00    0.00    0.00   34.02

00:17:30     CPU    %usr   %nice    %sys %iowait    %irq   %soft  %steal  %guest  %gnice   %idle
00:17:31     all   26.26    0.00   36.11    0.00    0.00   12.63    0.00    0.00    0.00   25.00
00:17:31       0   26.53    0.00   34.69    0.00    0.00   13.27    0.00    0.00    0.00   25.51
00:17:31       1   26.21    0.00   38.83    0.00    0.00   11.65    0.00    0.00    0.00   23.30
00:17:31       2   27.08    0.00   33.33    0.00    0.00   13.54    0.00    0.00    0.00   26.04
00:17:31       3   25.25    0.00   37.37    0.00    0.00   12.12    0.00    0.00    0.00   25.25

00:17:31     CPU    %usr   %nice    %sys %iowait    %irq   %soft  %steal  %guest  %gnice   %idle
00:17:32     all   26.17    0.00   33.33    0.00    0.00   10.12    0.00    0.00    0.00   30.37
00:17:32       0   25.47    0.00   35.85    0.00    0.00    9.43    0.00    0.00    0.00   29.25
00:17:32       1   25.51    0.00   31.63    0.00    0.00   11.22    0.00    0.00    0.00   31.63
00:17:32       2   26.00    0.00   33.00    0.00    0.00   11.00    0.00    0.00    0.00   30.00
00:17:32       3   27.72    0.00   32.67    0.00    0.00    8.91    0.00    0.00    0.00   30.69

00:17:32     CPU    %usr   %nice    %sys %iowait    %irq   %soft  %steal  %guest  %gnice   %idle
00:17:33     all   28.65    0.00   34.75    0.00    0.00   12.20    0.00    0.00    0.00   24.40
00:17:33       0   33.33    0.00   35.42    0.00    0.00   12.50    0.00    0.00    0.00   18.75
00:17:33       1   27.47    0.00   32.97    0.00    0.00   12.09    0.00    0.00    0.00   27.47
00:17:33       2   29.35    0.00   27.17    0.00    0.00   16.30    0.00    0.00    0.00   27.17
00:17:33       3   24.49    0.00   42.86    0.00    0.00    8.16    0.00    0.00    0.00   24.49

00:17:33     CPU    %usr   %nice    %sys %iowait    %irq   %soft  %steal  %guest  %gnice   %idle
00:17:34     all   24.08    0.00   29.24    0.00    0.00    8.85    0.00    0.00    0.00   37.84
00:17:34       0   21.36    0.00   32.04    0.00    0.00   10.68    0.00    0.00    0.00   35.92
00:17:34       1   23.00    0.00   31.00    0.00    0.00    7.00    0.00    0.00    0.00   39.00
00:17:34       2   24.75    0.00   27.72    0.00    0.00    9.90    0.00    0.00    0.00   37.62
00:17:34       3   27.18    0.00   26.21    0.00    0.00    7.77    0.00    0.00    0.00   38.83

00:17:34     CPU    %usr   %nice    %sys %iowait    %irq   %soft  %steal  %guest  %gnice   %idle
00:17:35     all   21.99    0.00   30.37    0.00    0.00   10.73    0.00    0.00    0.00   36.91
00:17:35       0   26.26    0.00   29.29    0.00    0.00   10.10    0.00    0.00    0.00   34.34
00:17:35       1   20.43    0.00   31.18    0.00    0.00    9.68    0.00    0.00    0.00   38.71
00:17:35       2   21.28    0.00   28.72    0.00    0.00   12.77    0.00    0.00    0.00   37.23
00:17:35       3   19.79    0.00   32.29    0.00    0.00   10.42    0.00    0.00    0.00   37.50

00:17:35     CPU    %usr   %nice    %sys %iowait    %irq   %soft  %steal  %guest  %gnice   %idle
00:17:36     all   28.33    0.00   35.96    0.00    0.00   10.10    0.00    0.00    0.00   25.62
00:17:36       0   23.23    0.00   38.38    0.00    0.00   11.11    0.00    0.00    0.00   27.27
00:17:36       1   27.72    0.00   36.63    0.00    0.00    8.91    0.00    0.00    0.00   26.73
00:17:36       2   32.35    0.00   33.33    0.00    0.00    9.80    0.00    0.00    0.00   24.51
00:17:36       3   29.81    0.00   35.58    0.00    0.00   10.58    0.00    0.00    0.00   24.04

00:17:36     CPU    %usr   %nice    %sys %iowait    %irq   %soft  %steal  %guest  %gnice   %idle
00:17:37     all   27.85    0.00   34.68    0.00    0.00    9.11    0.00    0.00    0.00   28.35
00:17:37       0   26.47    0.00   37.25    0.00    0.00    7.84    0.00    0.00    0.00   28.43
00:17:37       1   29.90    0.00   30.93    0.00    0.00    9.28    0.00    0.00    0.00   29.90
00:17:37       2   27.55    0.00   36.73    0.00    0.00    9.18    0.00    0.00    0.00   26.53
00:17:37       3   27.55    0.00   33.67    0.00    0.00   10.20    0.00    0.00    0.00   28.57

00:17:37     CPU    %usr   %nice    %sys %iowait    %irq   %soft  %steal  %guest  %gnice   %idle
00:17:38     all   27.71    0.00   31.49    0.00    0.00    9.82    0.00    0.00    0.00   30.98
00:17:38       0   28.00    0.00   34.00    0.00    0.00   10.00    0.00    0.00    0.00   28.00
00:17:38       1   31.31    0.00   28.28    0.00    0.00    8.08    0.00    0.00    0.00   32.32
00:17:38       2   23.00    0.00   33.00    0.00    0.00   12.00    0.00    0.00    0.00   32.00
00:17:38       3   28.57    0.00   30.61    0.00    0.00    9.18    0.00    0.00    0.00   31.63

00:17:38     CPU    %usr   %nice    %sys %iowait    %irq   %soft  %steal  %guest  %gnice   %idle
00:17:39     all   25.43    0.00   33.33    0.00    0.00    9.88    0.00    0.00    0.00   31.36
00:17:39       0   25.25    0.00   32.32    0.00    0.00   11.11    0.00    0.00    0.00   31.31
00:17:39       1   28.71    0.00   31.68    0.00    0.00    7.92    0.00    0.00    0.00   31.68
00:17:39       2   24.27    0.00   33.98    0.00    0.00   11.65    0.00    0.00    0.00   30.10
00:17:39       3   23.53    0.00   35.29    0.00    0.00    8.82    0.00    0.00    0.00   32.35

00:17:39     CPU    %usr   %nice    %sys %iowait    %irq   %soft  %steal  %guest  %gnice   %idle
00:17:40     all   26.70    0.00   36.27    0.00    0.00   11.08    0.00    0.00    0.00   25.94
00:17:40       0   28.43    0.00   34.31    0.00    0.00   12.75    0.00    0.00    0.00   24.51
00:17:40       1   22.12    0.00   42.31    0.00    0.00    9.62    0.00    0.00    0.00   25.96
00:17:40       2   28.12    0.00   34.38    0.00    0.00   12.50    0.00    0.00    0.00   25.00
00:17:40       3   28.42    0.00   33.68    0.00    0.00    9.47    0.00    0.00    0.00   28.42

00:17:40     CPU    %usr   %nice    %sys %iowait    %irq   %soft  %steal  %guest  %gnice   %idle
00:17:41     all   28.46    0.00   35.13    0.00    0.00   10.00    0.00    0.00    0.00   26.41
00:17:41       0   30.53    0.00   34.74    0.00    0.00    9.47    0.00    0.00    0.00   25.26
00:17:41       1   25.00    0.00   35.00    0.00    0.00   12.00    0.00    0.00    0.00   28.00
00:17:41       2   34.34    0.00   32.32    0.00    0.00    8.08    0.00    0.00    0.00   25.25
00:17:41       3   23.96    0.00   38.54    0.00    0.00   10.42    0.00    0.00    0.00   27.08

00:17:41     CPU    %usr   %nice    %sys %iowait    %irq   %soft  %steal  %guest  %gnice   %idle
00:17:42     all   29.82    0.00   33.16    0.00    0.00   10.54    0.00    0.00    0.00   26.48
00:17:42       0   26.32    0.00   36.84    0.00    0.00    9.47    0.00    0.00    0.00   27.37
00:17:42       1   25.53    0.00   34.04    0.00    0.00    9.57    0.00    0.00    0.00   30.85
00:17:42       2   31.31    0.00   33.33    0.00    0.00   10.10    0.00    0.00    0.00   25.25
00:17:42       3   35.64    0.00   28.71    0.00    0.00   12.87    0.00    0.00    0.00   22.77

00:17:42     CPU    %usr   %nice    %sys %iowait    %irq   %soft  %steal  %guest  %gnice   %idle
00:17:43     all   25.33    0.00   34.56    0.00    0.00   11.61    0.00    0.00    0.00   28.50
00:17:43       0   25.00    0.00   35.42    0.00    0.00   11.46    0.00    0.00    0.00   28.12
00:17:43       1   24.21    0.00   34.74    0.00    0.00   10.53    0.00    0.00    0.00   30.53
00:17:43       2   20.65    0.00   34.78    0.00    0.00   15.22    0.00    0.00    0.00   29.35
00:17:43       3   31.25    0.00   33.33    0.00    0.00    9.38    0.00    0.00    0.00   26.04

00:17:43     CPU    %usr   %nice    %sys %iowait    %irq   %soft  %steal  %guest  %gnice   %idle
00:17:44     all   25.13    0.00   26.46    0.00    0.00   10.58    0.00    0.00    0.00   37.83
00:17:44       0   23.91    0.00   25.00    0.00    0.00   14.13    0.00    0.00    0.00   36.96
00:17:44       1   25.77    0.00   27.84    0.00    0.00   10.31    0.00    0.00    0.00   36.08
00:17:44       2   26.04    0.00   27.08    0.00    0.00    9.38    0.00    0.00    0.00   37.50
00:17:44       3   24.73    0.00   25.81    0.00    0.00    8.60    0.00    0.00    0.00   40.86

00:17:44     CPU    %usr   %nice    %sys %iowait    %irq   %soft  %steal  %guest  %gnice   %idle
00:17:45     all   25.34    0.00   23.71    0.00    0.00    8.99    0.00    0.00    0.00   41.96
00:17:45       0   30.34    0.00   17.98    0.00    0.00   10.11    0.00    0.00    0.00   41.57
00:17:45       1   20.43    0.00   29.03    0.00    0.00    8.60    0.00    0.00    0.00   41.94
00:17:45       2   27.17    0.00   21.74    0.00    0.00    9.78    0.00    0.00    0.00   41.30
00:17:45       3   23.66    0.00   25.81    0.00    0.00    7.53    0.00    0.00    0.00   43.01

00:17:45     CPU    %usr   %nice    %sys %iowait    %irq   %soft  %steal  %guest  %gnice   %idle
00:17:46     all   23.53    0.00   22.41    0.00    0.00   10.08    0.00    0.00    0.00   43.98
00:17:46       0   21.11    0.00   24.44    0.00    0.00   12.22    0.00    0.00    0.00   42.22
00:17:46       1   23.86    0.00   21.59    0.00    0.00    7.95    0.00    0.00    0.00   46.59
00:17:46       2   24.72    0.00   20.22    0.00    0.00   12.36    0.00    0.00    0.00   42.70
00:17:46       3   24.44    0.00   23.33    0.00    0.00    7.78    0.00    0.00    0.00   44.44

00:17:46     CPU    %usr   %nice    %sys %iowait    %irq   %soft  %steal  %guest  %gnice   %idle
00:17:47     all   24.12    0.00   27.64    0.54    0.00   11.11    0.00    0.00    0.00   36.59
00:17:47       0   21.28    0.00   29.79    0.00    0.00   12.77    0.00    0.00    0.00   36.17
00:17:47       1   23.86    0.00   25.00    1.14    0.00   12.50    0.00    0.00    0.00   37.50
00:17:47       2   28.57    0.00   23.08    0.00    0.00   10.99    0.00    0.00    0.00   37.36
00:17:47       3   22.92    0.00   32.29    1.04    0.00    8.33    0.00    0.00    0.00   35.42

00:17:47     CPU    %usr   %nice    %sys %iowait    %irq   %soft  %steal  %guest  %gnice   %idle
00:17:48     all   25.07    0.00   34.04    0.00    0.00   11.61    0.00    0.00    0.00   29.29
00:17:48       0   25.00    0.00   31.82    0.00    0.00   14.77    0.00    0.00    0.00   28.41
00:17:48       1   25.96    0.00   35.58    0.00    0.00   11.54    0.00    0.00    0.00   26.92
00:17:48       2   23.66    0.00   32.26    0.00    0.00   15.05    0.00    0.00    0.00   29.03
00:17:48       3   25.53    0.00   36.17    0.00    0.00    5.32    0.00    0.00    0.00   32.98

00:17:48     CPU    %usr   %nice    %sys %iowait    %irq   %soft  %steal  %guest  %gnice   %idle
00:17:49     all   25.13    0.00   36.36    0.00    0.00   11.23    0.00    0.00    0.00   27.27
00:17:49       0   21.51    0.00   38.71    0.00    0.00   13.98    0.00    0.00    0.00   25.81
00:17:49       1   26.88    0.00   34.41    0.00    0.00    9.68    0.00    0.00    0.00   29.03
00:17:49       2   24.21    0.00   37.89    0.00    0.00   10.53    0.00    0.00    0.00   27.37
00:17:49       3   27.96    0.00   34.41    0.00    0.00   10.75    0.00    0.00    0.00   26.88

00:17:49     CPU    %usr   %nice    %sys %iowait    %irq   %soft  %steal  %guest  %gnice   %idle
00:17:50     all   24.93    0.00   20.34    0.00    0.00    8.60    0.00    0.00    0.00   46.13
00:17:50       0   26.51    0.00   19.28    0.00    0.00    7.23    0.00    0.00    0.00   46.99
00:17:50       1   22.73    0.00   22.73    0.00    0.00    7.95    0.00    0.00    0.00   46.59
00:17:50       2   29.55    0.00   17.05    0.00    0.00    7.95    0.00    0.00    0.00   45.45
00:17:50       3   21.11    0.00   22.22    0.00    0.00   11.11    0.00    0.00    0.00   45.56

00:17:50     CPU    %usr   %nice    %sys %iowait    %irq   %soft  %steal  %guest  %gnice   %idle
00:17:51     all   24.29    0.00   26.84    0.00    0.00   10.17    0.00    0.00    0.00   38.70
00:17:51       0   26.67    0.00   27.78    0.00    0.00    7.78    0.00    0.00    0.00   37.78
00:17:51       1   20.45    0.00   28.41    0.00    0.00   11.36    0.00    0.00    0.00   39.77
00:17:51       2   22.09    0.00   26.74    0.00    0.00   11.63    0.00    0.00    0.00   39.53
00:17:51       3   27.78    0.00   24.44    0.00    0.00   10.00    0.00    0.00    0.00   37.78

00:17:51     CPU    %usr   %nice    %sys %iowait    %irq   %soft  %steal  %guest  %gnice   %idle
00:17:52     all   25.70    0.00   26.26    0.00    0.00    7.82    0.00    0.00    0.00   40.22
00:17:52       0   25.81    0.00   29.03    0.00    0.00    7.53    0.00    0.00    0.00   37.63
00:17:52       1   27.27    0.00   23.86    0.00    0.00    6.82    0.00    0.00    0.00   42.05
00:17:52       2   23.33    0.00   24.44    0.00    0.00   12.22    0.00    0.00    0.00   40.00
00:17:52       3   26.44    0.00   27.59    0.00    0.00    4.60    0.00    0.00    0.00   41.38

00:17:52     CPU    %usr   %nice    %sys %iowait    %irq   %soft  %steal  %guest  %gnice   %idle
00:17:53     all   26.88    0.00   32.26    0.00    0.00   10.75    0.00    0.00    0.00   30.11
00:17:53       0   25.56    0.00   34.44    0.00    0.00   10.00    0.00    0.00    0.00   30.00
00:17:53       1   26.53    0.00   32.65    0.00    0.00   10.20    0.00    0.00    0.00   30.61
00:17:53       2   29.79    0.00   30.85    0.00    0.00   10.64    0.00    0.00    0.00   28.72
00:17:53       3   25.56    0.00   31.11    0.00    0.00   12.22    0.00    0.00    0.00   31.11

00:17:53     CPU    %usr   %nice    %sys %iowait    %irq   %soft  %steal  %guest  %gnice   %idle
00:17:54     all   22.91    0.00   21.79    0.00    0.00   10.34    0.00    0.00    0.00   44.97
00:17:54       0   23.26    0.00   22.09    0.00    0.00    8.14    0.00    0.00    0.00   46.51
00:17:54       1   21.28    0.00   24.47    0.00    0.00   10.64    0.00    0.00    0.00   43.62
00:17:54       2   21.18    0.00   21.18    0.00    0.00   10.59    0.00    0.00    0.00   47.06
00:17:54       3   25.81    0.00   19.35    0.00    0.00   11.83    0.00    0.00    0.00   43.01

00:17:54     CPU    %usr   %nice    %sys %iowait    %irq   %soft  %steal  %guest  %gnice   %idle
00:17:55     all   24.72    0.00   21.91    0.00    0.00   10.39    0.00    0.00    0.00   42.98
00:17:55       0   26.97    0.00   24.72    0.00    0.00    7.87    0.00    0.00    0.00   40.45
00:17:55       1   18.60    0.00   23.26    0.00    0.00   11.63    0.00    0.00    0.00   46.51
00:17:55       2   27.78    0.00   20.00    0.00    0.00   11.11    0.00    0.00    0.00   41.11
00:17:55       3   25.27    0.00   19.78    0.00    0.00   10.99    0.00    0.00    0.00   43.96

00:17:55     CPU    %usr   %nice    %sys %iowait    %irq   %soft  %steal  %guest  %gnice   %idle
00:17:56     all   23.97    0.00   22.59    0.00    0.00    9.64    0.00    0.00    0.00   43.80
00:17:56       0   21.98    0.00   24.18    0.00    0.00   10.99    0.00    0.00    0.00   42.86
00:17:56       1   26.14    0.00   20.45    0.00    0.00    7.95    0.00    0.00    0.00   45.45
00:17:56       2   22.83    0.00   25.00    0.00    0.00    8.70    0.00    0.00    0.00   43.48
00:17:56       3   25.00    0.00   20.65    0.00    0.00   10.87    0.00    0.00    0.00   43.48

00:17:56     CPU    %usr   %nice    %sys %iowait    %irq   %soft  %steal  %guest  %gnice   %idle
00:17:57     all   28.53    0.00   30.10    0.52    0.00    9.69    0.00    0.00    0.00   31.15
00:17:57       0   32.29    0.00   25.00    1.04    0.00   11.46    0.00    0.00    0.00   30.21
00:17:57       1   25.51    0.00   34.69    0.00    0.00    8.16    0.00    0.00    0.00   31.63
00:17:57       2   26.67    0.00   28.89    0.00    0.00   11.11    0.00    0.00    0.00   33.33
00:17:57       3   29.59    0.00   31.63    1.02    0.00    8.16    0.00    0.00    0.00   29.59

00:17:57     CPU    %usr   %nice    %sys %iowait    %irq   %soft  %steal  %guest  %gnice   %idle
00:17:58     all   27.85    0.00   33.95    0.00    0.00    8.49    0.00    0.00    0.00   29.71
00:17:58       0   30.43    0.00   33.70    0.00    0.00    8.70    0.00    0.00    0.00   27.17
00:17:58       1   28.57    0.00   33.67    0.00    0.00    9.18    0.00    0.00    0.00   28.57
00:17:58       2   25.00    0.00   34.78    0.00    0.00    7.61    0.00    0.00    0.00   32.61
00:17:58       3   27.37    0.00   33.68    0.00    0.00    8.42    0.00    0.00    0.00   30.53

00:17:58     CPU    %usr   %nice    %sys %iowait    %irq   %soft  %steal  %guest  %gnice   %idle
00:17:59     all   26.88    0.00   37.10    0.00    0.00   11.83    0.00    0.00    0.00   24.19
00:17:59       0   30.00    0.00   36.67    0.00    0.00    8.89    0.00    0.00    0.00   24.44
00:17:59       1   21.98    0.00   39.56    0.00    0.00   13.19    0.00    0.00    0.00   25.27
00:17:59       2   27.84    0.00   37.11    0.00    0.00   12.37    0.00    0.00    0.00   22.68
00:17:59       3   27.66    0.00   35.11    0.00    0.00   12.77    0.00    0.00    0.00   24.47

00:17:59     CPU    %usr   %nice    %sys %iowait    %irq   %soft  %steal  %guest  %gnice   %idle
00:18:00     all   29.85    0.00   31.12    0.00    0.00   13.52    0.00    0.00    0.00   25.51
00:18:00       0   27.37    0.00   33.68    0.00    0.00   12.63    0.00    0.00    0.00   26.32
00:18:00       1   26.00    0.00   33.00    0.00    0.00   14.00    0.00    0.00    0.00   27.00
00:18:00       2   36.73    0.00   28.57    0.00    0.00   11.22    0.00    0.00    0.00   23.47
00:18:00       3   29.29    0.00   29.29    0.00    0.00   16.16    0.00    0.00    0.00   25.25

00:18:00     CPU    %usr   %nice    %sys %iowait    %irq   %soft  %steal  %guest  %gnice   %idle
00:18:01     all   26.36    0.00   39.02    0.00    0.00   10.34    0.00    0.00    0.00   24.29
00:18:01       0   26.60    0.00   38.30    0.00    0.00   12.77    0.00    0.00    0.00   22.34
00:18:01       1   31.31    0.00   37.37    0.00    0.00    9.09    0.00    0.00    0.00   22.22
00:18:01       2   23.96    0.00   41.67    0.00    0.00    7.29    0.00    0.00    0.00   27.08
00:18:01       3   23.47    0.00   38.78    0.00    0.00   12.24    0.00    0.00    0.00   25.51

00:18:01     CPU    %usr   %nice    %sys %iowait    %irq   %soft  %steal  %guest  %gnice   %idle
00:18:02     all   27.03    0.00   34.30    0.00    0.00   15.12    0.00    0.00    0.00   23.55
00:18:02       0   29.55    0.00   31.82    0.00    0.00   11.36    0.00    0.00    0.00   27.27
00:18:02       1   27.27    0.00   35.23    0.00    0.00   14.77    0.00    0.00    0.00   22.73
00:18:02       2   26.19    0.00   38.10    0.00    0.00   15.48    0.00    0.00    0.00   20.24
00:18:02       3   25.00    0.00   32.14    0.00    0.00   19.05    0.00    0.00    0.00   23.81

00:18:02     CPU    %usr   %nice    %sys %iowait    %irq   %soft  %steal  %guest  %gnice   %idle
00:18:03     all   27.18    0.00   35.09    0.00    0.00   11.61    0.00    0.00    0.00   26.12
00:18:03       0   29.47    0.00   35.79    0.00    0.00    8.42    0.00    0.00    0.00   26.32
00:18:03       1   23.71    0.00   38.14    0.00    0.00   13.40    0.00    0.00    0.00   24.74
00:18:03       2   30.43    0.00   31.52    0.00    0.00   10.87    0.00    0.00    0.00   27.17
00:18:03       3   25.26    0.00   34.74    0.00    0.00   13.68    0.00    0.00    0.00   26.32

00:18:03     CPU    %usr   %nice    %sys %iowait    %irq   %soft  %steal  %guest  %gnice   %idle
00:18:04     all   25.67    0.00   33.16    0.00    0.00   13.10    0.00    0.00    0.00   28.07
00:18:04       0   24.49    0.00   34.69    0.00    0.00   13.27    0.00    0.00    0.00   27.55
00:18:04       1   24.44    0.00   35.56    0.00    0.00   10.00    0.00    0.00    0.00   30.00
00:18:04       2   26.14    0.00   28.41    0.00    0.00   15.91    0.00    0.00    0.00   29.55
00:18:04       3   27.55    0.00   33.67    0.00    0.00   13.27    0.00    0.00    0.00   25.51

00:18:04     CPU    %usr   %nice    %sys %iowait    %irq   %soft  %steal  %guest  %gnice   %idle
00:18:05     all    1.20    0.00    0.60    0.00    0.00    0.60    0.00    0.00    0.00   97.59
00:18:05       0    1.22    0.00    0.00    0.00    0.00    0.00    0.00    0.00    0.00   98.78
00:18:05       1    2.41    0.00    0.00    0.00    0.00    0.00    0.00    0.00    0.00   97.59
00:18:05       2    0.00    0.00    1.20    0.00    0.00    1.20    0.00    0.00    0.00   97.59
00:18:05       3    1.19    0.00    1.19    0.00    0.00    1.19    0.00    0.00    0.00   96.43

00:18:05     CPU    %usr   %nice    %sys %iowait    %irq   %soft  %steal  %guest  %gnice   %idle
00:18:06     all    4.00    0.00   12.86    0.00    0.00    2.57    0.00    0.00    0.00   80.57
00:18:06       0    4.60    0.00   10.34    0.00    0.00    3.45    0.00    0.00    0.00   81.61
00:18:06       1    5.56    0.00   13.33    0.00    0.00    3.33    0.00    0.00    0.00   77.78
00:18:06       2    3.53    0.00   11.76    0.00    0.00    1.18    0.00    0.00    0.00   83.53
00:18:06       3    2.27    0.00   15.91    0.00    0.00    2.27    0.00    0.00    0.00   79.55

00:18:06     CPU    %usr   %nice    %sys %iowait    %irq   %soft  %steal  %guest  %gnice   %idle
00:18:07     all    3.70    0.00    9.40    0.00    0.00    2.28    0.00    0.00    0.00   84.62
00:18:07       0    4.44    0.00   11.11    0.00    0.00    2.22    0.00    0.00    0.00   82.22
00:18:07       1    3.41    0.00    9.09    0.00    0.00    3.41    0.00    0.00    0.00   84.09
00:18:07       2    4.71    0.00    7.06    0.00    0.00    1.18    0.00    0.00    0.00   87.06
00:18:07       3    2.27    0.00   10.23    0.00    0.00    2.27    0.00    0.00    0.00   85.23

00:18:07     CPU    %usr   %nice    %sys %iowait    %irq   %soft  %steal  %guest  %gnice   %idle
00:18:08     all    5.87    0.00   20.11    0.00    0.00    3.35    0.00    0.00    0.00   70.67
00:18:08       0    5.75    0.00   19.54    0.00    0.00    1.15    0.00    0.00    0.00   73.56
00:18:08       1    8.70    0.00   16.30    0.00    0.00    6.52    0.00    0.00    0.00   68.48
00:18:08       2    5.62    0.00   21.35    0.00    0.00    2.25    0.00    0.00    0.00   70.79
00:18:08       3    3.33    0.00   23.33    0.00    0.00    3.33    0.00    0.00    0.00   70.00
