Linux 5.15.0-171-generic (cloudnet-s05) 	05/19/2026 	_x86_64_	(8 CPU)

01:10:58 PM  CPU    %usr   %nice    %sys %iowait    %irq   %soft  %steal  %guest  %gnice   %idle
01:10:59 PM  all   32.64    0.00   14.38    0.00    0.00    6.99    0.00    0.00    0.00   45.98
01:10:59 PM    0   34.38    0.00   13.54    0.00    0.00    5.21    0.00    0.00    0.00   46.88
01:10:59 PM    1   34.38    0.00   11.46    0.00    0.00    7.29    0.00    0.00    0.00   46.88
01:10:59 PM    2   32.65    0.00   14.29    0.00    0.00    6.12    0.00    0.00    0.00   46.94
01:10:59 PM    3   31.31    0.00   16.16    0.00    0.00    7.07    0.00    0.00    0.00   45.45
01:10:59 PM    4   35.42    0.00   14.58    0.00    0.00    8.33    0.00    0.00    0.00   41.67
01:10:59 PM    5   33.68    0.00   13.68    0.00    0.00    6.32    0.00    0.00    0.00   46.32
01:10:59 PM    6   29.17    0.00   16.67    0.00    0.00    7.29    0.00    0.00    0.00   46.88
01:10:59 PM    7   30.21    0.00   14.58    0.00    0.00    8.33    0.00    0.00    0.00   46.88

01:10:59 PM  CPU    %usr   %nice    %sys %iowait    %irq   %soft  %steal  %guest  %gnice   %idle
01:11:00 PM  all   32.14    0.00   15.34    0.40    0.00    8.60    0.00    0.00    0.00   43.52
01:11:00 PM    0   30.11    0.00   16.13    3.23    0.00    7.53    0.00    0.00    0.00   43.01
01:11:00 PM    1   31.58    0.00   14.74    0.00    0.00    9.47    0.00    0.00    0.00   44.21
01:11:00 PM    2   31.91    0.00   17.02    0.00    0.00    7.45    0.00    0.00    0.00   43.62
01:11:00 PM    3   33.68    0.00   13.68    0.00    0.00    8.42    0.00    0.00    0.00   44.21
01:11:00 PM    4   31.96    0.00   14.43    0.00    0.00   11.34    0.00    0.00    0.00   42.27
01:11:00 PM    5   31.91    0.00   14.89    0.00    0.00    9.57    0.00    0.00    0.00   43.62
01:11:00 PM    6   37.50    0.00   14.58    0.00    0.00    5.21    0.00    0.00    0.00   42.71
01:11:00 PM    7   28.26    0.00   17.39    0.00    0.00    9.78    0.00    0.00    0.00   44.57

01:11:00 PM  CPU    %usr   %nice    %sys %iowait    %irq   %soft  %steal  %guest  %gnice   %idle
01:11:01 PM  all   32.28    0.00   16.67    0.00    0.00    7.28    0.00    0.00    0.00   43.78
01:11:01 PM    0   36.73    0.00   15.31    0.00    0.00    6.12    0.00    0.00    0.00   41.84
01:11:01 PM    1   31.91    0.00   14.89    0.00    0.00    8.51    0.00    0.00    0.00   44.68
01:11:01 PM    2   29.79    0.00   18.09    0.00    0.00    7.45    0.00    0.00    0.00   44.68
01:11:01 PM    3   30.53    0.00   18.95    0.00    0.00    6.32    0.00    0.00    0.00   44.21
01:11:01 PM    4   32.29    0.00   18.75    0.00    0.00    6.25    0.00    0.00    0.00   42.71
01:11:01 PM    5   32.63    0.00   17.89    0.00    0.00    7.37    0.00    0.00    0.00   42.11
01:11:01 PM    6   31.52    0.00   15.22    0.00    0.00    7.61    0.00    0.00    0.00   45.65
01:11:01 PM    7   32.61    0.00   14.13    0.00    0.00    8.70    0.00    0.00    0.00   44.57

01:11:01 PM  CPU    %usr   %nice    %sys %iowait    %irq   %soft  %steal  %guest  %gnice   %idle
01:11:02 PM  all   32.98    0.00   16.22    0.00    0.00    7.31    0.00    0.00    0.00   43.48
01:11:02 PM    0   33.68    0.00   17.89    0.00    0.00    6.32    0.00    0.00    0.00   42.11
01:11:02 PM    1   36.96    0.00   14.13    0.00    0.00    5.43    0.00    0.00    0.00   43.48
01:11:02 PM    2   27.47    0.00   18.68    0.00    0.00    8.79    0.00    0.00    0.00   45.05
01:11:02 PM    3   29.79    0.00   18.09    0.00    0.00    8.51    0.00    0.00    0.00   43.62
01:11:02 PM    4   32.29    0.00   17.71    0.00    0.00    8.33    0.00    0.00    0.00   41.67
01:11:02 PM    5   32.63    0.00   15.79    0.00    0.00    8.42    0.00    0.00    0.00   43.16
01:11:02 PM    6   38.54    0.00   11.46    0.00    0.00    5.21    0.00    0.00    0.00   44.79
01:11:02 PM    7   32.26    0.00   16.13    0.00    0.00    7.53    0.00    0.00    0.00   44.09

01:11:02 PM  CPU    %usr   %nice    %sys %iowait    %irq   %soft  %steal  %guest  %gnice   %idle
01:11:03 PM  all   33.29    0.00   16.71    0.00    0.00    9.05    0.00    0.00    0.00   40.95
01:11:03 PM    0   35.16    0.00   15.38    0.00    0.00   12.09    0.00    0.00    0.00   37.36
01:11:03 PM    1   35.87    0.00   18.48    0.00    0.00    8.70    0.00    0.00    0.00   36.96
01:11:03 PM    2   33.33    0.00   18.89    0.00    0.00   11.11    0.00    0.00    0.00   36.67
01:11:03 PM    3   33.71    0.00   20.22    0.00    0.00    8.99    0.00    0.00    0.00   37.08
01:11:03 PM    4   30.00    0.00   17.78    0.00    0.00    8.89    0.00    0.00    0.00   43.33
01:11:03 PM    5   31.76    0.00   14.12    0.00    0.00    5.88    0.00    0.00    0.00   48.24
01:11:03 PM    6   34.78    0.00   14.13    0.00    0.00    8.70    0.00    0.00    0.00   42.39
01:11:03 PM    7   31.46    0.00   14.61    0.00    0.00    7.87    0.00    0.00    0.00   46.07

01:11:03 PM  CPU    %usr   %nice    %sys %iowait    %irq   %soft  %steal  %guest  %gnice   %idle
01:11:04 PM  all   34.71    0.00   20.43    0.00    0.00    8.68    0.00    0.00    0.00   36.18
01:11:04 PM    0   33.71    0.00   20.22    0.00    0.00    8.99    0.00    0.00    0.00   37.08
01:11:04 PM    1   37.36    0.00   17.58    0.00    0.00    7.69    0.00    0.00    0.00   37.36
01:11:04 PM    2   32.65    0.00   21.43    0.00    0.00   13.27    0.00    0.00    0.00   32.65
01:11:04 PM    3   31.91    0.00   22.34    0.00    0.00   10.64    0.00    0.00    0.00   35.11
01:11:04 PM    4   36.17    0.00   21.28    0.00    0.00    7.45    0.00    0.00    0.00   35.11
01:11:04 PM    5   36.84    0.00   21.05    0.00    0.00    6.32    0.00    0.00    0.00   35.79
01:11:04 PM    6   37.89    0.00   16.84    0.00    0.00    7.37    0.00    0.00    0.00   37.89
01:11:04 PM    7   31.18    0.00   22.58    0.00    0.00    7.53    0.00    0.00    0.00   38.71

01:11:04 PM  CPU    %usr   %nice    %sys %iowait    %irq   %soft  %steal  %guest  %gnice   %idle
01:11:05 PM  all   33.81    0.00   23.87    0.26    0.00    9.29    0.00    0.00    0.00   32.77
01:11:05 PM    0   32.26    0.00   23.66    0.00    0.00   10.75    0.00    0.00    0.00   33.33
01:11:05 PM    1   32.29    0.00   21.88    1.04    0.00   11.46    0.00    0.00    0.00   33.33
01:11:05 PM    2   31.63    0.00   24.49    1.02    0.00    9.18    0.00    0.00    0.00   33.67
01:11:05 PM    3   36.63    0.00   22.77    0.00    0.00    8.91    0.00    0.00    0.00   31.68
01:11:05 PM    4   29.59    0.00   26.53    0.00    0.00   10.20    0.00    0.00    0.00   33.67
01:11:05 PM    5   35.71    0.00   24.49    0.00    0.00    7.14    0.00    0.00    0.00   32.65
01:11:05 PM    6   36.17    0.00   21.28    0.00    0.00    9.57    0.00    0.00    0.00   32.98
01:11:05 PM    7   36.08    0.00   25.77    0.00    0.00    7.22    0.00    0.00    0.00   30.93

01:11:05 PM  CPU    %usr   %nice    %sys %iowait    %irq   %soft  %steal  %guest  %gnice   %idle
01:11:06 PM  all   34.50    0.00   22.18    0.00    0.00   10.12    0.00    0.00    0.00   33.20
01:11:06 PM    0   43.88    0.00   19.39    0.00    0.00   10.20    0.00    0.00    0.00   26.53
01:11:06 PM    1   40.40    0.00   22.22    0.00    0.00   12.12    0.00    0.00    0.00   25.25
01:11:06 PM    2   37.00    0.00   28.00    0.00    0.00   11.00    0.00    0.00    0.00   24.00
01:11:06 PM    3   39.39    0.00   22.22    0.00    0.00   12.12    0.00    0.00    0.00   26.26
01:11:06 PM    4   29.90    0.00   23.71    0.00    0.00    8.25    0.00    0.00    0.00   38.14
01:11:06 PM    5   32.26    0.00   17.20    0.00    0.00    7.53    0.00    0.00    0.00   43.01
01:11:06 PM    6   24.47    0.00   22.34    0.00    0.00   10.64    0.00    0.00    0.00   42.55
01:11:06 PM    7   27.47    0.00   21.98    0.00    0.00    8.79    0.00    0.00    0.00   41.76

01:11:06 PM  CPU    %usr   %nice    %sys %iowait    %irq   %soft  %steal  %guest  %gnice   %idle
01:11:07 PM  all   33.69    0.00   22.28    0.00    0.00    9.55    0.00    0.00    0.00   34.48
01:11:07 PM    0   38.54    0.00   21.88    0.00    0.00   12.50    0.00    0.00    0.00   27.08
01:11:07 PM    1   40.00    0.00   21.00    0.00    0.00   12.00    0.00    0.00    0.00   27.00
01:11:07 PM    2   39.18    0.00   24.74    0.00    0.00    8.25    0.00    0.00    0.00   27.84
01:11:07 PM    3   39.78    0.00   19.35    0.00    0.00    8.60    0.00    0.00    0.00   32.26
01:11:07 PM    4   23.91    0.00   25.00    0.00    0.00    9.78    0.00    0.00    0.00   41.30
01:11:07 PM    5   29.79    0.00   24.47    0.00    0.00    5.32    0.00    0.00    0.00   40.43
01:11:07 PM    6   35.56    0.00   16.67    0.00    0.00    6.67    0.00    0.00    0.00   41.11
01:11:07 PM    7   21.74    0.00   25.00    0.00    0.00   13.04    0.00    0.00    0.00   40.22

01:11:07 PM  CPU    %usr   %nice    %sys %iowait    %irq   %soft  %steal  %guest  %gnice   %idle
01:11:08 PM  all   36.76    0.00   22.73    0.13    0.00    9.22    0.00    0.00    0.00   31.15
01:11:08 PM    0   47.87    0.00   23.40    0.00    0.00   10.64    0.00    0.00    0.00   18.09
01:11:08 PM    1   47.87    0.00   23.40    0.00    0.00    8.51    0.00    0.00    0.00   20.21
01:11:08 PM    2   44.79    0.00   23.96    0.00    0.00   11.46    0.00    0.00    0.00   19.79
01:11:08 PM    3   41.94    0.00   20.43    0.00    0.00   11.83    0.00    0.00    0.00   25.81
01:11:08 PM    4   28.72    0.00   20.21    0.00    0.00    8.51    0.00    0.00    0.00   42.55
01:11:08 PM    5   26.32    0.00   25.26    0.00    0.00    7.37    0.00    0.00    0.00   41.05
01:11:08 PM    6   28.89    0.00   23.33    0.00    0.00    6.67    0.00    0.00    0.00   41.11
01:11:08 PM    7   27.17    0.00   21.74    1.09    0.00    8.70    0.00    0.00    0.00   41.30

01:11:08 PM  CPU    %usr   %nice    %sys %iowait    %irq   %soft  %steal  %guest  %gnice   %idle
01:11:09 PM  all   33.38    0.00   20.19    0.00    0.00    9.42    0.00    0.00    0.00   37.01
01:11:09 PM    0   37.37    0.00   24.24    0.00    0.00   10.10    0.00    0.00    0.00   28.28
01:11:09 PM    1   42.00    0.00   18.00    0.00    0.00   12.00    0.00    0.00    0.00   28.00
01:11:09 PM    2   33.67    0.00   21.43    0.00    0.00   13.27    0.00    0.00    0.00   31.63
01:11:09 PM    3   38.71    0.00   22.58    0.00    0.00    8.60    0.00    0.00    0.00   30.11
01:11:09 PM    4   26.44    0.00   20.69    0.00    0.00    8.05    0.00    0.00    0.00   44.83
01:11:09 PM    5   25.00    0.00   21.59    0.00    0.00    7.95    0.00    0.00    0.00   45.45
01:11:09 PM    6   32.22    0.00   16.67    0.00    0.00    7.78    0.00    0.00    0.00   43.33
01:11:09 PM    7   29.55    0.00   15.91    0.00    0.00    6.82    0.00    0.00    0.00   47.73

01:11:09 PM  CPU    %usr   %nice    %sys %iowait    %irq   %soft  %steal  %guest  %gnice   %idle
01:11:10 PM  all   34.65    0.00   21.78    0.00    0.00   10.45    0.00    0.00    0.00   33.12
01:11:10 PM    0   32.98    0.00   24.47    0.00    0.00    4.26    0.00    0.00    0.00   38.30
01:11:10 PM    1   31.52    0.00   17.39    0.00    0.00   10.87    0.00    0.00    0.00   40.22
01:11:10 PM    2   33.00    0.00   20.00    0.00    0.00   12.00    0.00    0.00    0.00   35.00
01:11:10 PM    3   31.63    0.00   17.35    0.00    0.00   12.24    0.00    0.00    0.00   38.78
01:11:10 PM    4   37.62    0.00   24.75    0.00    0.00    8.91    0.00    0.00    0.00   28.71
01:11:10 PM    5   36.73    0.00   19.39    0.00    0.00   14.29    0.00    0.00    0.00   29.59
01:11:10 PM    6   36.89    0.00   26.21    0.00    0.00   10.68    0.00    0.00    0.00   26.21
01:11:10 PM    7   36.36    0.00   24.24    0.00    0.00   10.10    0.00    0.00    0.00   29.29

01:11:10 PM  CPU    %usr   %nice    %sys %iowait    %irq   %soft  %steal  %guest  %gnice   %idle
01:11:11 PM  all   34.97    0.00   21.47    0.00    0.00   11.29    0.00    0.00    0.00   32.27
01:11:11 PM    0   32.32    0.00   21.21    0.00    0.00   10.10    0.00    0.00    0.00   36.36
01:11:11 PM    1   32.04    0.00   23.30    0.00    0.00    9.71    0.00    0.00    0.00   34.95
01:11:11 PM    2   35.24    0.00   19.05    0.00    0.00   12.38    0.00    0.00    0.00   33.33
01:11:11 PM    3   31.68    0.00   21.78    0.00    0.00    9.90    0.00    0.00    0.00   36.63
01:11:11 PM    4   36.79    0.00   20.75    0.00    0.00   13.21    0.00    0.00    0.00   29.25
01:11:11 PM    5   38.24    0.00   22.55    0.00    0.00   10.78    0.00    0.00    0.00   28.43
01:11:11 PM    6   37.25    0.00   21.57    0.00    0.00   11.76    0.00    0.00    0.00   29.41
01:11:11 PM    7   36.08    0.00   21.65    0.00    0.00   12.37    0.00    0.00    0.00   29.90

01:11:11 PM  CPU    %usr   %nice    %sys %iowait    %irq   %soft  %steal  %guest  %gnice   %idle
01:11:12 PM  all   34.30    0.00   23.61    0.00    0.00   10.42    0.00    0.00    0.00   31.66
01:11:12 PM    0   24.14    0.00   22.99    0.00    0.00    6.90    0.00    0.00    0.00   45.98
01:11:12 PM    1   23.66    0.00   21.51    0.00    0.00   10.75    0.00    0.00    0.00   44.09
01:11:12 PM    2   27.27    0.00   18.18    0.00    0.00    6.82    0.00    0.00    0.00   47.73
01:11:12 PM    3   24.47    0.00   23.40    0.00    0.00    6.38    0.00    0.00    0.00   45.74
01:11:12 PM    4   43.00    0.00   24.00    0.00    0.00   15.00    0.00    0.00    0.00   18.00
01:11:12 PM    5   43.00    0.00   26.00    0.00    0.00   11.00    0.00    0.00    0.00   20.00
01:11:12 PM    6   42.86    0.00   25.51    0.00    0.00   13.27    0.00    0.00    0.00   18.37
01:11:12 PM    7   42.86    0.00   26.53    0.00    0.00   12.24    0.00    0.00    0.00   18.37

01:11:12 PM  CPU    %usr   %nice    %sys %iowait    %irq   %soft  %steal  %guest  %gnice   %idle
01:11:13 PM  all   34.16    0.00   22.98    0.00    0.00    9.94    0.00    0.00    0.00   32.92
01:11:13 PM    0   25.00    0.00   22.92    0.00    0.00    8.33    0.00    0.00    0.00   43.75
01:11:13 PM    1   27.84    0.00   22.68    0.00    0.00    8.25    0.00    0.00    0.00   41.24
01:11:13 PM    2   30.93    0.00   20.62    0.00    0.00    8.25    0.00    0.00    0.00   40.21
01:11:13 PM    3   24.74    0.00   22.68    0.00    0.00    9.28    0.00    0.00    0.00   43.30
01:11:13 PM    4   37.50    0.00   26.92    0.00    0.00   11.54    0.00    0.00    0.00   24.04
01:11:13 PM    5   39.25    0.00   24.30    0.00    0.00   13.08    0.00    0.00    0.00   23.36
01:11:13 PM    6   45.10    0.00   16.67    0.00    0.00   12.75    0.00    0.00    0.00   25.49
01:11:13 PM    7   40.95    0.00   26.67    0.00    0.00    7.62    0.00    0.00    0.00   24.76

01:11:13 PM  CPU    %usr   %nice    %sys %iowait    %irq   %soft  %steal  %guest  %gnice   %idle
01:11:14 PM  all   33.79    0.00   20.82    0.00    0.00   11.22    0.00    0.00    0.00   34.16
01:11:14 PM    0   31.63    0.00   20.41    0.00    0.00   11.22    0.00    0.00    0.00   36.73
01:11:14 PM    1   34.95    0.00   20.39    0.00    0.00   10.68    0.00    0.00    0.00   33.98
01:11:14 PM    2   32.99    0.00   20.62    0.00    0.00    8.25    0.00    0.00    0.00   38.14
01:11:14 PM    3   29.00    0.00   21.00    0.00    0.00   11.00    0.00    0.00    0.00   39.00
01:11:14 PM    4   34.00    0.00   20.00    0.00    0.00   14.00    0.00    0.00    0.00   32.00
01:11:14 PM    5   42.72    0.00   19.42    0.00    0.00    8.74    0.00    0.00    0.00   29.13
01:11:14 PM    6   31.68    0.00   22.77    0.00    0.00   12.87    0.00    0.00    0.00   32.67
01:11:14 PM    7   33.00    0.00   22.00    0.00    0.00   13.00    0.00    0.00    0.00   32.00

01:11:14 PM  CPU    %usr   %nice    %sys %iowait    %irq   %soft  %steal  %guest  %gnice   %idle
01:11:15 PM  all   35.88    0.00   23.38    0.25    0.00   11.38    0.00    0.00    0.00   29.12
01:11:15 PM    0   30.39    0.00   27.45    0.98    0.00   15.69    0.00    0.00    0.00   25.49
01:11:15 PM    1   42.00    0.00   22.00    1.00    0.00    9.00    0.00    0.00    0.00   26.00
01:11:15 PM    2   38.38    0.00   22.22    0.00    0.00   11.11    0.00    0.00    0.00   28.28
01:11:15 PM    3   38.24    0.00   22.55    0.00    0.00   12.75    0.00    0.00    0.00   26.47
01:11:15 PM    4   34.38    0.00   26.04    0.00    0.00    8.33    0.00    0.00    0.00   31.25
01:11:15 PM    5   32.99    0.00   22.68    0.00    0.00   12.37    0.00    0.00    0.00   31.96
01:11:15 PM    6   35.64    0.00   23.76    0.00    0.00    7.92    0.00    0.00    0.00   32.67
01:11:15 PM    7   34.95    0.00   20.39    0.00    0.00   13.59    0.00    0.00    0.00   31.07

01:11:15 PM  CPU    %usr   %nice    %sys %iowait    %irq   %soft  %steal  %guest  %gnice   %idle
01:11:16 PM  all   31.79    0.00   22.69    0.00    0.00    9.74    0.00    0.00    0.00   35.77
01:11:16 PM    0   22.47    0.00   21.35    0.00    0.00    7.87    0.00    0.00    0.00   48.31
01:11:16 PM    1   23.40    0.00   24.47    0.00    0.00    8.51    0.00    0.00    0.00   43.62
01:11:16 PM    2   27.17    0.00   21.74    0.00    0.00    5.43    0.00    0.00    0.00   45.65
01:11:16 PM    3   28.26    0.00   17.39    0.00    0.00    7.61    0.00    0.00    0.00   46.74
01:11:16 PM    4   36.79    0.00   25.47    0.00    0.00   12.26    0.00    0.00    0.00   25.47
01:11:16 PM    5   39.22    0.00   22.55    0.00    0.00   11.76    0.00    0.00    0.00   26.47
01:11:16 PM    6   37.74    0.00   21.70    0.00    0.00   12.26    0.00    0.00    0.00   28.30
01:11:16 PM    7   36.36    0.00   26.26    0.00    0.00   11.11    0.00    0.00    0.00   26.26

01:11:16 PM  CPU    %usr   %nice    %sys %iowait    %irq   %soft  %steal  %guest  %gnice   %idle
01:11:17 PM  all   33.83    0.00   20.43    0.00    0.00   11.53    0.00    0.00    0.00   34.21
01:11:17 PM    0   26.60    0.00   19.15    0.00    0.00   10.64    0.00    0.00    0.00   43.62
01:11:17 PM    1   27.72    0.00   21.78    0.00    0.00    9.90    0.00    0.00    0.00   40.59
01:11:17 PM    2   28.87    0.00   18.56    0.00    0.00    8.25    0.00    0.00    0.00   44.33
01:11:17 PM    3   31.31    0.00   18.18    0.00    0.00    8.08    0.00    0.00    0.00   42.42
01:11:17 PM    4   42.72    0.00   19.42    0.00    0.00   12.62    0.00    0.00    0.00   25.24
01:11:17 PM    5   37.37    0.00   22.22    0.00    0.00   14.14    0.00    0.00    0.00   26.26
01:11:17 PM    6   39.00    0.00   22.00    0.00    0.00   14.00    0.00    0.00    0.00   25.00
01:11:17 PM    7   36.19    0.00   21.90    0.00    0.00   14.29    0.00    0.00    0.00   27.62

01:11:17 PM  CPU    %usr   %nice    %sys %iowait    %irq   %soft  %steal  %guest  %gnice   %idle
01:11:18 PM  all   34.03    0.00   20.76    0.25    0.00   11.30    0.00    0.00    0.00   33.66
01:11:18 PM    0   33.01    0.00   21.36    0.00    0.00    7.77    0.00    0.00    0.00   37.86
01:11:18 PM    1   27.66    0.00   17.02    0.00    0.00   10.64    0.00    0.00    0.00   44.68
01:11:18 PM    2   32.04    0.00   17.48    0.00    0.00   11.65    0.00    0.00    0.00   38.83
01:11:18 PM    3   27.27    0.00   21.21    0.00    0.00    9.09    0.00    0.00    0.00   42.42
01:11:18 PM    4   41.12    0.00   21.50    0.00    0.00   11.21    0.00    0.00    0.00   26.17
01:11:18 PM    5   39.00    0.00   19.00    1.00    0.00   13.00    0.00    0.00    0.00   28.00
01:11:18 PM    6   38.68    0.00   21.70    0.00    0.00   13.21    0.00    0.00    0.00   26.42
01:11:18 PM    7   32.35    0.00   26.47    0.98    0.00   13.73    0.00    0.00    0.00   26.47

01:11:18 PM  CPU    %usr   %nice    %sys %iowait    %irq   %soft  %steal  %guest  %gnice   %idle
01:11:19 PM  all   32.09    0.00   22.04    0.00    0.00   10.31    0.00    0.00    0.00   35.57
01:11:19 PM    0   22.83    0.00   23.91    0.00    0.00    7.61    0.00    0.00    0.00   45.65
01:11:19 PM    1   26.00    0.00   24.00    0.00    0.00    8.00    0.00    0.00    0.00   42.00
01:11:19 PM    2   27.08    0.00   19.79    0.00    0.00    8.33    0.00    0.00    0.00   44.79
01:11:19 PM    3   28.87    0.00   18.56    0.00    0.00    9.28    0.00    0.00    0.00   43.30
01:11:19 PM    4   30.93    0.00   26.80    0.00    0.00   14.43    0.00    0.00    0.00   27.84
01:11:19 PM    5   39.80    0.00   20.41    0.00    0.00   11.22    0.00    0.00    0.00   28.57
01:11:19 PM    6   41.00    0.00   21.00    0.00    0.00   14.00    0.00    0.00    0.00   24.00
01:11:19 PM    7   39.58    0.00   21.88    0.00    0.00    9.38    0.00    0.00    0.00   29.17

01:11:19 PM  CPU    %usr   %nice    %sys %iowait    %irq   %soft  %steal  %guest  %gnice   %idle
01:11:20 PM  all   34.77    0.00   20.84    0.12    0.00    9.62    0.00    0.00    0.00   34.65
01:11:20 PM    0   33.00    0.00   20.00    0.00    0.00    9.00    0.00    0.00    0.00   38.00
01:11:20 PM    1   33.33    0.00   19.19    0.00    0.00   10.10    0.00    0.00    0.00   37.37
01:11:20 PM    2   32.65    0.00   23.47    0.00    0.00    7.14    0.00    0.00    0.00   36.73
01:11:20 PM    3   37.50    0.00   20.19    0.00    0.00    8.65    0.00    0.00    0.00   33.65
01:11:20 PM    4   36.00    0.00   19.00    0.00    0.00   11.00    0.00    0.00    0.00   34.00
01:11:20 PM    5   35.58    0.00   19.23    0.00    0.00   12.50    0.00    0.00    0.00   32.69
01:11:20 PM    6   34.34    0.00   22.22    1.01    0.00    9.09    0.00    0.00    0.00   33.33
01:11:20 PM    7   35.51    0.00   23.36    0.00    0.00    9.35    0.00    0.00    0.00   31.78

01:11:20 PM  CPU    %usr   %nice    %sys %iowait    %irq   %soft  %steal  %guest  %gnice   %idle
01:11:21 PM  all   33.20    0.00   21.45    0.00    0.00    9.95    0.00    0.00    0.00   35.40
01:11:21 PM    0   27.37    0.00   20.00    0.00    0.00   10.53    0.00    0.00    0.00   42.11
01:11:21 PM    1   27.84    0.00   21.65    0.00    0.00    9.28    0.00    0.00    0.00   41.24
01:11:21 PM    2   27.08    0.00   18.75    0.00    0.00   11.46    0.00    0.00    0.00   42.71
01:11:21 PM    3   30.53    0.00   18.95    0.00    0.00    8.42    0.00    0.00    0.00   42.11
01:11:21 PM    4   37.11    0.00   24.74    0.00    0.00    9.28    0.00    0.00    0.00   28.87
01:11:21 PM    5   36.73    0.00   23.47    0.00    0.00   12.24    0.00    0.00    0.00   27.55
01:11:21 PM    6   34.02    0.00   25.77    0.00    0.00   11.34    0.00    0.00    0.00   28.87
01:11:21 PM    7   44.44    0.00   18.18    0.00    0.00    7.07    0.00    0.00    0.00   30.30

01:11:21 PM  CPU    %usr   %nice    %sys %iowait    %irq   %soft  %steal  %guest  %gnice   %idle
01:11:22 PM  all   33.46    0.00   20.60    0.00    0.00   10.37    0.00    0.00    0.00   35.56
01:11:22 PM    0   30.53    0.00   18.95    0.00    0.00    8.42    0.00    0.00    0.00   42.11
01:11:22 PM    1   27.66    0.00   18.09    0.00    0.00   11.70    0.00    0.00    0.00   42.55
01:11:22 PM    2   23.40    0.00   23.40    0.00    0.00   10.64    0.00    0.00    0.00   42.55
01:11:22 PM    3   25.00    0.00   21.88    0.00    0.00    9.38    0.00    0.00    0.00   43.75
01:11:22 PM    4   40.40    0.00   23.23    0.00    0.00    9.09    0.00    0.00    0.00   27.27
01:11:22 PM    5   38.38    0.00   20.20    0.00    0.00   12.12    0.00    0.00    0.00   29.29
01:11:22 PM    6   41.30    0.00   19.57    0.00    0.00   10.87    0.00    0.00    0.00   28.26
01:11:22 PM    7   40.86    0.00   19.35    0.00    0.00   10.75    0.00    0.00    0.00   29.03

01:11:22 PM  CPU    %usr   %nice    %sys %iowait    %irq   %soft  %steal  %guest  %gnice   %idle
01:11:23 PM  all   33.99    0.00   23.01    0.00    0.00    9.67    0.00    0.00    0.00   33.33
01:11:23 PM    0   20.21    0.00   21.28    0.00    0.00    8.51    0.00    0.00    0.00   50.00
01:11:23 PM    1   17.02    0.00   25.53    0.00    0.00    6.38    0.00    0.00    0.00   51.06
01:11:23 PM    2   20.43    0.00   19.35    0.00    0.00   10.75    0.00    0.00    0.00   49.46
01:11:23 PM    3   18.48    0.00   23.91    0.00    0.00    4.35    0.00    0.00    0.00   53.26
01:11:23 PM    4   49.49    0.00   24.24    0.00    0.00   10.10    0.00    0.00    0.00   16.16
01:11:23 PM    5   47.42    0.00   22.68    0.00    0.00   13.40    0.00    0.00    0.00   16.49
01:11:23 PM    6   46.94    0.00   23.47    0.00    0.00   12.24    0.00    0.00    0.00   17.35
01:11:23 PM    7   48.98    0.00   23.47    0.00    0.00   11.22    0.00    0.00    0.00   16.33

01:11:23 PM  CPU    %usr   %nice    %sys %iowait    %irq   %soft  %steal  %guest  %gnice   %idle
01:11:24 PM  all   31.62    0.00   23.52    0.00    0.00    9.51    0.00    0.00    0.00   35.35
01:11:24 PM    0   22.00    0.00   27.00    0.00    0.00    8.00    0.00    0.00    0.00   43.00
01:11:24 PM    1   25.77    0.00   23.71    0.00    0.00    7.22    0.00    0.00    0.00   43.30
01:11:24 PM    2   30.93    0.00   20.62    0.00    0.00    4.12    0.00    0.00    0.00   44.33
01:11:24 PM    3   21.28    0.00   25.53    0.00    0.00    7.45    0.00    0.00    0.00   45.74
01:11:24 PM    4   35.71    0.00   26.53    0.00    0.00   11.22    0.00    0.00    0.00   26.53
01:11:24 PM    5   43.30    0.00   19.59    0.00    0.00   11.34    0.00    0.00    0.00   25.77
01:11:24 PM    6   38.30    0.00   20.21    0.00    0.00   13.83    0.00    0.00    0.00   27.66
01:11:24 PM    7   35.64    0.00   24.75    0.00    0.00   12.87    0.00    0.00    0.00   26.73

01:11:24 PM  CPU    %usr   %nice    %sys %iowait    %irq   %soft  %steal  %guest  %gnice   %idle
01:11:25 PM  all   31.36    0.00   23.46    0.12    0.00    8.64    0.00    0.00    0.00   36.42
01:11:25 PM    0   31.07    0.00   18.45    0.00    0.00    7.77    0.00    0.00    0.00   42.72
01:11:25 PM    1   25.96    0.00   25.00    0.00    0.00    5.77    0.00    0.00    0.00   43.27
01:11:25 PM    2   24.76    0.00   23.81    0.00    0.00    9.52    0.00    0.00    0.00   41.90
01:11:25 PM    3   21.78    0.00   27.72    0.00    0.00    5.94    0.00    0.00    0.00   44.55
01:11:25 PM    4   39.22    0.00   22.55    0.98    0.00    8.82    0.00    0.00    0.00   28.43
01:11:25 PM    5   36.63    0.00   22.77    0.00    0.00   11.88    0.00    0.00    0.00   28.71
01:11:25 PM    6   35.64    0.00   26.73    0.00    0.00    9.90    0.00    0.00    0.00   27.72
01:11:25 PM    7   36.56    0.00   20.43    0.00    0.00    9.68    0.00    0.00    0.00   33.33

01:11:25 PM  CPU    %usr   %nice    %sys %iowait    %irq   %soft  %steal  %guest  %gnice   %idle
01:11:26 PM  all   33.04    0.00   23.58    0.00    0.00    8.45    0.00    0.00    0.00   34.93
01:11:26 PM    0   26.73    0.00   26.73    0.00    0.00    6.93    0.00    0.00    0.00   39.60
01:11:26 PM    1   28.28    0.00   25.25    0.00    0.00    6.06    0.00    0.00    0.00   40.40
01:11:26 PM    2   27.27    0.00   23.23    0.00    0.00    8.08    0.00    0.00    0.00   41.41
01:11:26 PM    3   32.29    0.00   21.88    0.00    0.00    4.17    0.00    0.00    0.00   41.67
01:11:26 PM    4   36.63    0.00   18.81    0.00    0.00   14.85    0.00    0.00    0.00   29.70
01:11:26 PM    5   38.78    0.00   23.47    0.00    0.00    9.18    0.00    0.00    0.00   28.57
01:11:26 PM    6   36.00    0.00   26.00    0.00    0.00   10.00    0.00    0.00    0.00   28.00
01:11:26 PM    7   38.38    0.00   23.23    0.00    0.00    8.08    0.00    0.00    0.00   30.30

01:11:26 PM  CPU    %usr   %nice    %sys %iowait    %irq   %soft  %steal  %guest  %gnice   %idle
01:11:27 PM  all   32.60    0.00   27.81    0.00    0.00    9.06    0.00    0.00    0.00   30.53
01:11:27 PM    0   21.21    0.00   30.30    0.00    0.00    7.07    0.00    0.00    0.00   41.41
01:11:27 PM    1   21.05    0.00   28.42    0.00    0.00    6.32    0.00    0.00    0.00   44.21
01:11:27 PM    2   20.88    0.00   27.47    0.00    0.00    5.49    0.00    0.00    0.00   46.15
01:11:27 PM    3   16.67    0.00   30.21    0.00    0.00    5.21    0.00    0.00    0.00   47.92
01:11:27 PM    4   43.56    0.00   30.69    0.00    0.00    9.90    0.00    0.00    0.00   15.84
01:11:27 PM    5   46.00    0.00   24.00    0.00    0.00   13.00    0.00    0.00    0.00   17.00
01:11:27 PM    6   48.98    0.00   23.47    0.00    0.00   11.22    0.00    0.00    0.00   16.33
01:11:27 PM    7   40.86    0.00   27.96    0.00    0.00   13.98    0.00    0.00    0.00   17.20

01:11:27 PM  CPU    %usr   %nice    %sys %iowait    %irq   %soft  %steal  %guest  %gnice   %idle
01:11:28 PM  all   33.92    0.00   23.15    0.00    0.00    9.69    0.00    0.00    0.00   33.24
01:11:28 PM    0   19.10    0.00   25.84    0.00    0.00    5.62    0.00    0.00    0.00   49.44
01:11:28 PM    1   15.73    0.00   21.35    0.00    0.00    8.99    0.00    0.00    0.00   53.93
01:11:28 PM    2   21.35    0.00   19.10    0.00    0.00    7.87    0.00    0.00    0.00   51.69
01:11:28 PM    3   18.18    0.00   22.73    0.00    0.00    3.41    0.00    0.00    0.00   55.68
01:11:28 PM    4   50.52    0.00   22.68    0.00    0.00   12.37    0.00    0.00    0.00   14.43
01:11:28 PM    5   49.49    0.00   21.21    0.00    0.00   12.12    0.00    0.00    0.00   17.17
01:11:28 PM    6   42.86    0.00   30.61    0.00    0.00   12.24    0.00    0.00    0.00   14.29
01:11:28 PM    7   48.94    0.00   21.28    0.00    0.00   13.83    0.00    0.00    0.00   15.96

01:11:28 PM  CPU    %usr   %nice    %sys %iowait    %irq   %soft  %steal  %guest  %gnice   %idle
01:11:29 PM  all   32.30    0.00   24.88    0.00    0.00    9.45    0.00    0.00    0.00   33.37
01:11:29 PM    0   33.03    0.00   20.18    0.00    0.00    6.42    0.00    0.00    0.00   40.37
01:11:29 PM    1   23.30    0.00   30.10    0.00    0.00    6.80    0.00    0.00    0.00   39.81
01:11:29 PM    2   23.42    0.00   32.43    0.00    0.00    7.21    0.00    0.00    0.00   36.94
01:11:29 PM    3   30.84    0.00   21.50    0.00    0.00   10.28    0.00    0.00    0.00   37.38
01:11:29 PM    4   39.00    0.00   24.00    0.00    0.00    9.00    0.00    0.00    0.00   28.00
01:11:29 PM    5   41.75    0.00   20.39    0.00    0.00   10.68    0.00    0.00    0.00   27.18
01:11:29 PM    6   35.58    0.00   24.04    0.00    0.00   13.46    0.00    0.00    0.00   26.92
01:11:29 PM    7   32.32    0.00   26.26    0.00    0.00   12.12    0.00    0.00    0.00   29.29

01:11:29 PM  CPU    %usr   %nice    %sys %iowait    %irq   %soft  %steal  %guest  %gnice   %idle
01:11:30 PM  all   33.38    0.00   26.47    0.00    0.00    9.91    0.00    0.00    0.00   30.25
01:11:30 PM    0   21.28    0.00   29.79    0.00    0.00    7.45    0.00    0.00    0.00   41.49
01:11:30 PM    1   25.51    0.00   27.55    0.00    0.00    7.14    0.00    0.00    0.00   39.80
01:11:30 PM    2   23.66    0.00   26.88    0.00    0.00    4.30    0.00    0.00    0.00   45.16
01:11:30 PM    3   23.71    0.00   24.74    0.00    0.00    6.19    0.00    0.00    0.00   45.36
01:11:30 PM    4   41.49    0.00   24.47    0.00    0.00   15.96    0.00    0.00    0.00   18.09
01:11:30 PM    5   46.32    0.00   26.32    0.00    0.00    9.47    0.00    0.00    0.00   17.89
01:11:30 PM    6   38.30    0.00   28.72    0.00    0.00   14.89    0.00    0.00    0.00   18.09
01:11:30 PM    7   46.08    0.00   23.53    0.00    0.00   13.73    0.00    0.00    0.00   16.67

01:11:30 PM  CPU    %usr   %nice    %sys %iowait    %irq   %soft  %steal  %guest  %gnice   %idle
01:11:31 PM  all   32.88    0.00   24.23    0.00    0.00    9.52    0.00    0.00    0.00   33.37
01:11:31 PM    0   25.00    0.00   23.08    0.00    0.00   12.50    0.00    0.00    0.00   39.42
01:11:31 PM    1   24.24    0.00   25.25    0.00    0.00    8.08    0.00    0.00    0.00   42.42
01:11:31 PM    2   28.28    0.00   23.23    0.00    0.00    6.06    0.00    0.00    0.00   42.42
01:11:31 PM    3   27.45    0.00   22.55    0.00    0.00    7.84    0.00    0.00    0.00   42.16
01:11:31 PM    4   37.14    0.00   24.76    0.00    0.00   13.33    0.00    0.00    0.00   24.76
01:11:31 PM    5   43.00    0.00   23.00    0.00    0.00    9.00    0.00    0.00    0.00   25.00
01:11:31 PM    6   37.62    0.00   29.70    0.00    0.00    6.93    0.00    0.00    0.00   25.74
01:11:31 PM    7   40.40    0.00   22.22    0.00    0.00   12.12    0.00    0.00    0.00   25.25

01:11:31 PM  CPU    %usr   %nice    %sys %iowait    %irq   %soft  %steal  %guest  %gnice   %idle
01:11:32 PM  all   32.31    0.00   26.56    0.00    0.00    8.08    0.00    0.00    0.00   33.05
01:11:32 PM    0   24.24    0.00   24.24    0.00    0.00    8.08    0.00    0.00    0.00   43.43
01:11:32 PM    1   26.42    0.00   26.42    0.00    0.00    6.60    0.00    0.00    0.00   40.57
01:11:32 PM    2   25.71    0.00   28.57    0.00    0.00    3.81    0.00    0.00    0.00   41.90
01:11:32 PM    3   21.57    0.00   26.47    0.00    0.00    7.84    0.00    0.00    0.00   44.12
01:11:32 PM    4   40.20    0.00   24.51    0.00    0.00   10.78    0.00    0.00    0.00   24.51
01:11:32 PM    5   41.24    0.00   25.77    0.00    0.00    9.28    0.00    0.00    0.00   23.71
01:11:32 PM    6   41.75    0.00   29.13    0.00    0.00    6.80    0.00    0.00    0.00   22.33
01:11:32 PM    7   37.86    0.00   27.18    0.00    0.00   11.65    0.00    0.00    0.00   23.30

01:11:32 PM  CPU    %usr   %nice    %sys %iowait    %irq   %soft  %steal  %guest  %gnice   %idle
01:11:33 PM  all   31.91    0.00   26.38    0.00    0.00   11.06    0.00    0.00    0.00   30.65
01:11:33 PM    0   25.00    0.00   25.00    0.00    0.00    6.25    0.00    0.00    0.00   43.75
01:11:33 PM    1   25.71    0.00   26.67    0.00    0.00   10.48    0.00    0.00    0.00   37.14
01:11:33 PM    2   22.68    0.00   25.77    0.00    0.00    9.28    0.00    0.00    0.00   42.27
01:11:33 PM    3   25.00    0.00   25.00    0.00    0.00   10.58    0.00    0.00    0.00   39.42
01:11:33 PM    4   35.64    0.00   28.71    0.00    0.00   13.86    0.00    0.00    0.00   21.78
01:11:33 PM    5   42.42    0.00   27.27    0.00    0.00   10.10    0.00    0.00    0.00   20.20
01:11:33 PM    6   42.71    0.00   26.04    0.00    0.00   12.50    0.00    0.00    0.00   18.75
01:11:33 PM    7   36.73    0.00   26.53    0.00    0.00   15.31    0.00    0.00    0.00   21.43

01:11:33 PM  CPU    %usr   %nice    %sys %iowait    %irq   %soft  %steal  %guest  %gnice   %idle
01:11:34 PM  all   32.75    0.00   27.46    0.25    0.00   10.58    0.00    0.00    0.00   28.97
01:11:34 PM    0   20.00    0.00   31.00    0.00    0.00   10.00    0.00    0.00    0.00   39.00
01:11:34 PM    1   18.63    0.00   30.39    0.00    0.00   12.75    0.00    0.00    0.00   38.24
01:11:34 PM    2   24.75    0.00   28.71    0.00    0.00    8.91    0.00    0.00    0.00   37.62
01:11:34 PM    3   23.71    0.00   27.84    1.03    0.00    6.19    0.00    0.00    0.00   41.24
01:11:34 PM    4   45.36    0.00   23.71    0.00    0.00   10.31    0.00    0.00    0.00   20.62
01:11:34 PM    5   42.42    0.00   27.27    0.00    0.00   12.12    0.00    0.00    0.00   18.18
01:11:34 PM    6   43.88    0.00   27.55    1.02    0.00   11.22    0.00    0.00    0.00   16.33
01:11:34 PM    7   44.00    0.00   23.00    0.00    0.00   13.00    0.00    0.00    0.00   20.00

01:11:34 PM  CPU    %usr   %nice    %sys %iowait    %irq   %soft  %steal  %guest  %gnice   %idle
01:11:35 PM  all   31.23    0.00   26.61    0.12    0.00   10.69    0.00    0.00    0.00   31.35
01:11:35 PM    0   21.36    0.00   29.13    0.00    0.00    7.77    0.00    0.00    0.00   41.75
01:11:35 PM    1   20.75    0.00   30.19    0.00    0.00    5.66    0.00    0.00    0.00   43.40
01:11:35 PM    2   16.98    0.00   29.25    0.00    0.00   10.38    0.00    0.00    0.00   43.40
01:11:35 PM    3   20.18    0.00   28.44    0.92    0.00    8.26    0.00    0.00    0.00   42.20
01:11:35 PM    4   43.56    0.00   21.78    0.00    0.00   14.85    0.00    0.00    0.00   19.80
01:11:35 PM    5   41.84    0.00   27.55    0.00    0.00   12.24    0.00    0.00    0.00   18.37
01:11:35 PM    6   47.52    0.00   18.81    0.00    0.00   13.86    0.00    0.00    0.00   19.80
01:11:35 PM    7   40.40    0.00   27.27    0.00    0.00   13.13    0.00    0.00    0.00   19.19

01:11:35 PM  CPU    %usr   %nice    %sys %iowait    %irq   %soft  %steal  %guest  %gnice   %idle
01:11:36 PM  all   31.72    0.00   23.67    0.00    0.00    8.99    0.00    0.00    0.00   35.62
01:11:36 PM    0   25.00    0.00   26.79    0.00    0.00    9.82    0.00    0.00    0.00   38.39
01:11:36 PM    1   32.08    0.00   21.70    0.00    0.00    6.60    0.00    0.00    0.00   39.62
01:11:36 PM    2   25.00    0.00   25.00    0.00    0.00    9.82    0.00    0.00    0.00   40.18
01:11:36 PM    3   25.69    0.00   27.52    0.00    0.00    6.42    0.00    0.00    0.00   40.37
01:11:36 PM    4   39.60    0.00   18.81    0.00    0.00    8.91    0.00    0.00    0.00   32.67
01:11:36 PM    5   34.31    0.00   23.53    0.00    0.00   11.76    0.00    0.00    0.00   30.39
01:11:36 PM    6   36.54    0.00   23.08    0.00    0.00   10.58    0.00    0.00    0.00   29.81
01:11:36 PM    7   37.37    0.00   22.22    0.00    0.00    8.08    0.00    0.00    0.00   32.32

01:11:36 PM  CPU    %usr   %nice    %sys %iowait    %irq   %soft  %steal  %guest  %gnice   %idle
01:11:37 PM  all   35.20    0.00   27.24    0.00    0.00    9.70    0.00    0.00    0.00   27.86
01:11:37 PM    0   29.70    0.00   27.72    0.00    0.00    7.92    0.00    0.00    0.00   34.65
01:11:37 PM    1   22.00    0.00   31.00    0.00    0.00    9.00    0.00    0.00    0.00   38.00
01:11:37 PM    2   26.73    0.00   28.71    0.00    0.00    8.91    0.00    0.00    0.00   35.64
01:11:37 PM    3   30.85    0.00   21.28    0.00    0.00   10.64    0.00    0.00    0.00   37.23
01:11:37 PM    4   47.52    0.00   24.75    0.00    0.00    7.92    0.00    0.00    0.00   19.80
01:11:37 PM    5   42.42    0.00   26.26    0.00    0.00   10.10    0.00    0.00    0.00   21.21
01:11:37 PM    6   39.81    0.00   30.10    0.00    0.00   10.68    0.00    0.00    0.00   19.42
01:11:37 PM    7   41.90    0.00   27.62    0.00    0.00   12.38    0.00    0.00    0.00   18.10

01:11:37 PM  CPU    %usr   %nice    %sys %iowait    %irq   %soft  %steal  %guest  %gnice   %idle
01:11:38 PM  all   32.96    0.00   23.49    0.00    0.00    8.36    0.00    0.00    0.00   35.18
01:11:38 PM    0   26.79    0.00   23.21    0.00    0.00    6.25    0.00    0.00    0.00   43.75
01:11:38 PM    1   25.49    0.00   22.55    0.00    0.00    3.92    0.00    0.00    0.00   48.04
01:11:38 PM    2   21.57    0.00   23.53    0.00    0.00    4.90    0.00    0.00    0.00   50.00
01:11:38 PM    3   25.47    0.00   22.64    0.00    0.00    6.60    0.00    0.00    0.00   45.28
01:11:38 PM    4   37.23    0.00   26.60    0.00    0.00   12.77    0.00    0.00    0.00   23.40
01:11:38 PM    5   42.00    0.00   25.00    0.00    0.00   12.00    0.00    0.00    0.00   21.00
01:11:38 PM    6   43.00    0.00   23.00    0.00    0.00   10.00    0.00    0.00    0.00   24.00
01:11:38 PM    7   44.33    0.00   21.65    0.00    0.00   11.34    0.00    0.00    0.00   22.68

01:11:38 PM  CPU    %usr   %nice    %sys %iowait    %irq   %soft  %steal  %guest  %gnice   %idle
01:11:39 PM  all   34.06    0.00   24.36    0.00    0.00    8.85    0.00    0.00    0.00   32.73
01:11:39 PM    0   24.07    0.00   25.00    0.00    0.00    9.26    0.00    0.00    0.00   41.67
01:11:39 PM    1   25.71    0.00   24.76    0.00    0.00    5.71    0.00    0.00    0.00   43.81
01:11:39 PM    2   25.96    0.00   23.08    0.00    0.00    8.65    0.00    0.00    0.00   42.31
01:11:39 PM    3   23.58    0.00   27.36    0.00    0.00    6.60    0.00    0.00    0.00   42.45
01:11:39 PM    4   45.19    0.00   24.04    0.00    0.00    7.69    0.00    0.00    0.00   23.08
01:11:39 PM    5   46.46    0.00   22.22    0.00    0.00   10.10    0.00    0.00    0.00   21.21
01:11:39 PM    6   43.30    0.00   19.59    0.00    0.00   13.40    0.00    0.00    0.00   23.71
01:11:39 PM    7   40.20    0.00   28.43    0.00    0.00    9.80    0.00    0.00    0.00   21.57

01:11:39 PM  CPU    %usr   %nice    %sys %iowait    %irq   %soft  %steal  %guest  %gnice   %idle
01:11:40 PM  all   32.04    0.00   23.37    0.13    0.00    7.91    0.00    0.00    0.00   36.56
01:11:40 PM    0   22.68    0.00   22.68    0.00    0.00    5.15    0.00    0.00    0.00   49.48
01:11:40 PM    1   24.00    0.00   24.00    0.00    0.00    6.00    0.00    0.00    0.00   46.00
01:11:40 PM    2   26.92    0.00   20.19    0.00    0.00    7.69    0.00    0.00    0.00   45.19
01:11:40 PM    3   22.77    0.00   22.77    0.00    0.00    7.92    0.00    0.00    0.00   46.53
01:11:40 PM    4   39.18    0.00   21.65    0.00    0.00   11.34    0.00    0.00    0.00   27.84
01:11:40 PM    5   44.55    0.00   24.75    0.00    0.00    5.94    0.00    0.00    0.00   24.75
01:11:40 PM    6   37.76    0.00   24.49    1.02    0.00   10.20    0.00    0.00    0.00   26.53
01:11:40 PM    7   38.78    0.00   26.53    0.00    0.00    9.18    0.00    0.00    0.00   25.51

01:11:40 PM  CPU    %usr   %nice    %sys %iowait    %irq   %soft  %steal  %guest  %gnice   %idle
01:11:41 PM  all   31.72    0.00   22.64    0.00    0.00   10.41    0.00    0.00    0.00   35.23
01:11:41 PM    0   27.10    0.00   21.50    0.00    0.00   10.28    0.00    0.00    0.00   41.12
01:11:41 PM    1   26.67    0.00   21.90    0.00    0.00   10.48    0.00    0.00    0.00   40.95
01:11:41 PM    2   27.18    0.00   21.36    0.00    0.00    8.74    0.00    0.00    0.00   42.72
01:11:41 PM    3   25.47    0.00   23.58    0.00    0.00    7.55    0.00    0.00    0.00   43.40
01:11:41 PM    4   32.04    0.00   24.27    0.00    0.00   16.50    0.00    0.00    0.00   27.18
01:11:41 PM    5   37.37    0.00   22.22    0.00    0.00   10.10    0.00    0.00    0.00   30.30
01:11:41 PM    6   40.59    0.00   22.77    0.00    0.00    9.90    0.00    0.00    0.00   26.73
01:11:41 PM    7   38.24    0.00   23.53    0.00    0.00    9.80    0.00    0.00    0.00   28.43

01:11:41 PM  CPU    %usr   %nice    %sys %iowait    %irq   %soft  %steal  %guest  %gnice   %idle
01:11:42 PM  all   33.21    0.00   28.16    0.00    0.00    9.51    0.00    0.00    0.00   29.12
01:11:42 PM    0   26.67    0.00   27.62    0.00    0.00    4.76    0.00    0.00    0.00   40.95
01:11:42 PM    1   18.52    0.00   31.48    0.00    0.00    7.41    0.00    0.00    0.00   42.59
01:11:42 PM    2   20.37    0.00   30.56    0.00    0.00    6.48    0.00    0.00    0.00   42.59
01:11:42 PM    3   22.12    0.00   30.97    0.00    0.00    6.19    0.00    0.00    0.00   40.71
01:11:42 PM    4   38.78    0.00   31.63    0.00    0.00   13.27    0.00    0.00    0.00   16.33
01:11:42 PM    5   48.48    0.00   24.24    0.00    0.00   12.12    0.00    0.00    0.00   15.15
01:11:42 PM    6   42.42    0.00   25.25    0.00    0.00   17.17    0.00    0.00    0.00   15.15
01:11:42 PM    7   52.48    0.00   22.77    0.00    0.00    9.90    0.00    0.00    0.00   14.85

01:11:42 PM  CPU    %usr   %nice    %sys %iowait    %irq   %soft  %steal  %guest  %gnice   %idle
01:11:43 PM  all   32.84    0.00   23.99    0.00    0.00    9.84    0.00    0.00    0.00   33.33
01:11:43 PM    0   24.76    0.00   26.67    0.00    0.00    6.67    0.00    0.00    0.00   41.90
01:11:43 PM    1   24.77    0.00   25.69    0.00    0.00    8.26    0.00    0.00    0.00   41.28
01:11:43 PM    2   23.81    0.00   28.57    0.00    0.00    5.71    0.00    0.00    0.00   41.90
01:11:43 PM    3   25.00    0.00   25.00    0.00    0.00    7.69    0.00    0.00    0.00   42.31
01:11:43 PM    4   38.95    0.00   23.16    0.00    0.00   13.68    0.00    0.00    0.00   24.21
01:11:43 PM    5   43.56    0.00   21.78    0.00    0.00   10.89    0.00    0.00    0.00   23.76
01:11:43 PM    6   42.86    0.00   19.39    0.00    0.00   13.27    0.00    0.00    0.00   24.49
01:11:43 PM    7   41.67    0.00   20.83    0.00    0.00   13.54    0.00    0.00    0.00   23.96

01:11:43 PM  CPU    %usr   %nice    %sys %iowait    %irq   %soft  %steal  %guest  %gnice   %idle
01:11:44 PM  all   31.59    0.00   21.28    0.00    0.00    9.40    0.00    0.00    0.00   37.73
01:11:44 PM    0   31.25    0.00   21.88    0.00    0.00    7.29    0.00    0.00    0.00   39.58
01:11:44 PM    1   29.90    0.00   19.59    0.00    0.00   11.34    0.00    0.00    0.00   39.18
01:11:44 PM    2   30.53    0.00   20.00    0.00    0.00   10.53    0.00    0.00    0.00   38.95
01:11:44 PM    3   27.66    0.00   24.47    0.00    0.00    7.45    0.00    0.00    0.00   40.43
01:11:44 PM    4   30.93    0.00   21.65    0.00    0.00   11.34    0.00    0.00    0.00   36.08
01:11:44 PM    5   33.70    0.00   19.57    0.00    0.00   10.87    0.00    0.00    0.00   35.87
01:11:44 PM    6   37.11    0.00   19.59    0.00    0.00    7.22    0.00    0.00    0.00   36.08
01:11:44 PM    7   31.63    0.00   23.47    0.00    0.00    9.18    0.00    0.00    0.00   35.71

01:11:44 PM  CPU    %usr   %nice    %sys %iowait    %irq   %soft  %steal  %guest  %gnice   %idle
01:11:45 PM  all   31.78    0.00   20.49    0.13    0.00   10.25    0.00    0.00    0.00   37.35
01:11:45 PM    0   27.55    0.00   20.41    0.00    0.00    9.18    0.00    0.00    0.00   42.86
01:11:45 PM    1   28.42    0.00   18.95    0.00    0.00    8.42    0.00    0.00    0.00   44.21
01:11:45 PM    2   34.04    0.00   15.96    0.00    0.00    6.38    0.00    0.00    0.00   43.62
01:11:45 PM    3   25.26    0.00   20.00    0.00    0.00    9.47    0.00    0.00    0.00   45.26
01:11:45 PM    4   36.73    0.00   20.41    1.02    0.00   11.22    0.00    0.00    0.00   30.61
01:11:45 PM    5   35.64    0.00   24.75    0.00    0.00   10.89    0.00    0.00    0.00   28.71
01:11:45 PM    6   32.98    0.00   23.40    0.00    0.00   10.64    0.00    0.00    0.00   32.98
01:11:45 PM    7   33.33    0.00   19.79    0.00    0.00   15.62    0.00    0.00    0.00   31.25

01:11:45 PM  CPU    %usr   %nice    %sys %iowait    %irq   %soft  %steal  %guest  %gnice   %idle
01:11:46 PM  all   31.67    0.00   20.50    0.00    0.00    9.99    0.00    0.00    0.00   37.84
01:11:46 PM    0   26.00    0.00   20.00    0.00    0.00    9.00    0.00    0.00    0.00   45.00
01:11:46 PM    1   32.63    0.00   16.84    0.00    0.00    7.37    0.00    0.00    0.00   43.16
01:11:46 PM    2   23.66    0.00   18.28    0.00    0.00   11.83    0.00    0.00    0.00   46.24
01:11:46 PM    3   24.21    0.00   22.11    0.00    0.00    8.42    0.00    0.00    0.00   45.26
01:11:46 PM    4   37.23    0.00   21.28    0.00    0.00   10.64    0.00    0.00    0.00   30.85
01:11:46 PM    5   39.58    0.00   21.88    0.00    0.00    8.33    0.00    0.00    0.00   30.21
01:11:46 PM    6   30.11    0.00   25.81    0.00    0.00   12.90    0.00    0.00    0.00   31.18
01:11:46 PM    7   40.00    0.00   17.89    0.00    0.00   11.58    0.00    0.00    0.00   30.53

01:11:46 PM  CPU    %usr   %nice    %sys %iowait    %irq   %soft  %steal  %guest  %gnice   %idle
01:11:47 PM  all   33.46    0.00   27.03    0.00    0.00    9.84    0.00    0.00    0.00   29.66
01:11:47 PM    0   19.35    0.00   29.03    0.00    0.00    9.68    0.00    0.00    0.00   41.94
01:11:47 PM    1   21.28    0.00   23.40    0.00    0.00    9.57    0.00    0.00    0.00   45.74
01:11:47 PM    2   24.47    0.00   27.66    0.00    0.00    4.26    0.00    0.00    0.00   43.62
01:11:47 PM    3   26.88    0.00   22.58    0.00    0.00    6.45    0.00    0.00    0.00   44.09
01:11:47 PM    4   49.47    0.00   25.26    0.00    0.00   11.58    0.00    0.00    0.00   13.68
01:11:47 PM    5   40.21    0.00   30.93    0.00    0.00   11.34    0.00    0.00    0.00   17.53
01:11:47 PM    6   39.60    0.00   29.70    0.00    0.00   13.86    0.00    0.00    0.00   16.83
01:11:47 PM    7   45.26    0.00   27.37    0.00    0.00   11.58    0.00    0.00    0.00   15.79

01:11:47 PM  CPU    %usr   %nice    %sys %iowait    %irq   %soft  %steal  %guest  %gnice   %idle
01:11:48 PM  all   32.49    0.00   18.91    0.00    0.00    8.96    0.00    0.00    0.00   39.64
01:11:48 PM    0   21.18    0.00   15.29    0.00    0.00    5.88    0.00    0.00    0.00   57.65
01:11:48 PM    1   21.43    0.00   13.10    0.00    0.00    9.52    0.00    0.00    0.00   55.95
01:11:48 PM    2   24.14    0.00   12.64    0.00    0.00    9.20    0.00    0.00    0.00   54.02
01:11:48 PM    3   24.72    0.00   15.73    0.00    0.00    5.62    0.00    0.00    0.00   53.93
01:11:48 PM    4   43.48    0.00   21.74    0.00    0.00   10.87    0.00    0.00    0.00   23.91
01:11:48 PM    5   38.71    0.00   23.66    0.00    0.00   12.90    0.00    0.00    0.00   24.73
01:11:48 PM    6   43.48    0.00   23.91    0.00    0.00    7.61    0.00    0.00    0.00   25.00
01:11:48 PM    7   40.22    0.00   23.91    0.00    0.00    9.78    0.00    0.00    0.00   26.09

01:11:48 PM  CPU    %usr   %nice    %sys %iowait    %irq   %soft  %steal  %guest  %gnice   %idle
01:11:49 PM  all   30.07    0.00   27.17    0.00    0.00   10.90    0.00    0.00    0.00   31.86
01:11:49 PM    0   17.86    0.00   23.81    0.00    0.00    7.14    0.00    0.00    0.00   51.19
01:11:49 PM    1   25.00    0.00   23.86    0.00    0.00    6.82    0.00    0.00    0.00   44.32
01:11:49 PM    2   17.98    0.00   25.84    0.00    0.00   10.11    0.00    0.00    0.00   46.07
01:11:49 PM    3   18.28    0.00   31.18    0.00    0.00    6.45    0.00    0.00    0.00   44.09
01:11:49 PM    4   38.30    0.00   32.98    0.00    0.00   11.70    0.00    0.00    0.00   17.02
01:11:49 PM    5   41.76    0.00   21.98    0.00    0.00   15.38    0.00    0.00    0.00   20.88
01:11:49 PM    6   39.36    0.00   28.72    0.00    0.00   13.83    0.00    0.00    0.00   18.09
01:11:49 PM    7   40.22    0.00   28.26    0.00    0.00   15.22    0.00    0.00    0.00   16.30

01:11:49 PM  CPU    %usr   %nice    %sys %iowait    %irq   %soft  %steal  %guest  %gnice   %idle
01:11:50 PM  all   31.13    0.00   19.37    0.00    0.00    9.18    0.00    0.00    0.00   40.32
01:11:50 PM    0   22.89    0.00   15.66    0.00    0.00    6.02    0.00    0.00    0.00   55.42
01:11:50 PM    1   22.62    0.00   14.29    0.00    0.00    8.33    0.00    0.00    0.00   54.76
01:11:50 PM    2   22.22    0.00   18.52    0.00    0.00    3.70    0.00    0.00    0.00   55.56
01:11:50 PM    3   22.47    0.00   19.10    0.00    0.00    7.87    0.00    0.00    0.00   50.56
01:11:50 PM    4   37.78    0.00   20.00    0.00    0.00   14.44    0.00    0.00    0.00   27.78
01:11:50 PM    5   38.30    0.00   21.28    0.00    0.00   11.70    0.00    0.00    0.00   28.72
01:11:50 PM    6   39.77    0.00   23.86    0.00    0.00    9.09    0.00    0.00    0.00   27.27
01:11:50 PM    7   40.91    0.00   21.59    0.00    0.00   11.36    0.00    0.00    0.00   26.14

01:11:50 PM  CPU    %usr   %nice    %sys %iowait    %irq   %soft  %steal  %guest  %gnice   %idle
01:11:51 PM  all   33.48    0.00   15.24    0.00    0.00    8.97    0.00    0.00    0.00   42.31
01:11:51 PM    0   26.44    0.00   13.79    0.00    0.00    6.90    0.00    0.00    0.00   52.87
01:11:51 PM    1   27.91    0.00   13.95    0.00    0.00    6.98    0.00    0.00    0.00   51.16
01:11:51 PM    2   26.44    0.00   12.64    0.00    0.00   10.34    0.00    0.00    0.00   50.57
01:11:51 PM    3   28.74    0.00   13.79    0.00    0.00   10.34    0.00    0.00    0.00   47.13
01:11:51 PM    4   42.05    0.00   17.05    0.00    0.00    6.82    0.00    0.00    0.00   34.09
01:11:51 PM    5   43.82    0.00   12.36    0.00    0.00    8.99    0.00    0.00    0.00   34.83
01:11:51 PM    6   33.72    0.00   22.09    0.00    0.00    8.14    0.00    0.00    0.00   36.05
01:11:51 PM    7   38.04    0.00   16.30    0.00    0.00   13.04    0.00    0.00    0.00   32.61

01:11:51 PM  CPU    %usr   %nice    %sys %iowait    %irq   %soft  %steal  %guest  %gnice   %idle
01:11:52 PM  all   33.38    0.00   18.56    0.00    0.00    7.34    0.00    0.00    0.00   40.72
01:11:52 PM    0   23.17    0.00   18.29    0.00    0.00    9.76    0.00    0.00    0.00   48.78
01:11:52 PM    1   21.52    0.00   17.72    0.00    0.00    7.59    0.00    0.00    0.00   53.16
01:11:52 PM    2   28.92    0.00   18.07    0.00    0.00    1.20    0.00    0.00    0.00   51.81
01:11:52 PM    3   28.57    0.00   16.67    0.00    0.00    4.76    0.00    0.00    0.00   50.00
01:11:52 PM    4   43.02    0.00   19.77    0.00    0.00    4.65    0.00    0.00    0.00   32.56
01:11:52 PM    5   39.29    0.00   21.43    0.00    0.00    7.14    0.00    0.00    0.00   32.14
01:11:52 PM    6   41.18    0.00   16.47    0.00    0.00   12.94    0.00    0.00    0.00   29.41
01:11:52 PM    7   40.00    0.00   20.00    0.00    0.00   10.59    0.00    0.00    0.00   29.41

01:11:52 PM  CPU    %usr   %nice    %sys %iowait    %irq   %soft  %steal  %guest  %gnice   %idle
01:11:53 PM  all   32.58    0.00   28.57    0.00    0.00    9.61    0.00    0.00    0.00   29.24
01:11:53 PM    0   19.35    0.00   29.03    0.00    0.00    6.45    0.00    0.00    0.00   45.16
01:11:53 PM    1   18.89    0.00   31.11    0.00    0.00    5.56    0.00    0.00    0.00   44.44
01:11:53 PM    2   20.65    0.00   30.43    0.00    0.00    3.26    0.00    0.00    0.00   45.65
01:11:53 PM    3   22.22    0.00   25.56    0.00    0.00    7.78    0.00    0.00    0.00   44.44
01:11:53 PM    4   42.27    0.00   25.77    0.00    0.00   17.53    0.00    0.00    0.00   14.43
01:11:53 PM    5   45.65    0.00   31.52    0.00    0.00    8.70    0.00    0.00    0.00   14.13
01:11:53 PM    6   45.45    0.00   26.26    0.00    0.00   15.15    0.00    0.00    0.00   13.13
01:11:53 PM    7   43.75    0.00   29.17    0.00    0.00   11.46    0.00    0.00    0.00   15.62

01:11:53 PM  CPU    %usr   %nice    %sys %iowait    %irq   %soft  %steal  %guest  %gnice   %idle
01:11:54 PM  all   32.18    0.00   24.03    0.00    0.00    8.84    0.00    0.00    0.00   34.94
01:11:54 PM    0   29.67    0.00   24.18    0.00    0.00    4.40    0.00    0.00    0.00   41.76
01:11:54 PM    1   21.35    0.00   29.21    0.00    0.00    3.37    0.00    0.00    0.00   46.07
01:11:54 PM    2   22.83    0.00   26.09    0.00    0.00    5.43    0.00    0.00    0.00   45.65
01:11:54 PM    3   26.14    0.00   21.59    0.00    0.00    6.82    0.00    0.00    0.00   45.45
01:11:54 PM    4   35.87    0.00   26.09    0.00    0.00   11.96    0.00    0.00    0.00   26.09
01:11:54 PM    5   41.94    0.00   17.20    0.00    0.00   16.13    0.00    0.00    0.00   24.73
01:11:54 PM    6   38.46    0.00   25.27    0.00    0.00   10.99    0.00    0.00    0.00   25.27
01:11:54 PM    7   40.91    0.00   22.73    0.00    0.00   11.36    0.00    0.00    0.00   25.00

01:11:54 PM  CPU    %usr   %nice    %sys %iowait    %irq   %soft  %steal  %guest  %gnice   %idle
01:11:55 PM  all   35.80    0.00   19.32    0.00    0.00    6.82    0.00    0.00    0.00   38.07
01:11:55 PM    0   32.95    0.00   20.45    0.00    0.00    4.55    0.00    0.00    0.00   42.05
01:11:55 PM    1   35.23    0.00   18.18    0.00    0.00    6.82    0.00    0.00    0.00   39.77
01:11:55 PM    2   32.95    0.00   19.32    0.00    0.00    5.68    0.00    0.00    0.00   42.05
01:11:55 PM    3   33.72    0.00   16.28    0.00    0.00    8.14    0.00    0.00    0.00   41.86
01:11:55 PM    4   38.71    0.00   19.35    0.00    0.00    8.60    0.00    0.00    0.00   33.33
01:11:55 PM    5   34.48    0.00   21.84    0.00    0.00    6.90    0.00    0.00    0.00   36.78
01:11:55 PM    6   43.02    0.00   15.12    0.00    0.00    6.98    0.00    0.00    0.00   34.88
01:11:55 PM    7   35.23    0.00   23.86    0.00    0.00    6.82    0.00    0.00    0.00   34.09

01:11:55 PM  CPU    %usr   %nice    %sys %iowait    %irq   %soft  %steal  %guest  %gnice   %idle
01:11:56 PM  all   32.74    0.00   22.33    0.00    0.00    9.32    0.00    0.00    0.00   35.62
01:11:56 PM    0   16.48    0.00   24.18    0.00    0.00    7.69    0.00    0.00    0.00   51.65
01:11:56 PM    1   20.69    0.00   19.54    0.00    0.00    3.45    0.00    0.00    0.00   56.32
01:11:56 PM    2   18.82    0.00   20.00    0.00    0.00    5.88    0.00    0.00    0.00   55.29
01:11:56 PM    3   21.11    0.00   21.11    0.00    0.00    4.44    0.00    0.00    0.00   53.33
01:11:56 PM    4   48.94    0.00   21.28    0.00    0.00   12.77    0.00    0.00    0.00   17.02
01:11:56 PM    5   47.83    0.00   18.48    0.00    0.00   14.13    0.00    0.00    0.00   19.57
01:11:56 PM    6   48.98    0.00   23.47    0.00    0.00   10.20    0.00    0.00    0.00   17.35
01:11:56 PM    7   35.48    0.00   30.11    0.00    0.00   15.05    0.00    0.00    0.00   19.35

01:11:56 PM  CPU    %usr   %nice    %sys %iowait    %irq   %soft  %steal  %guest  %gnice   %idle
01:11:57 PM  all   33.87    0.00   16.93    0.00    0.00    8.18    0.00    0.00    0.00   41.02
01:11:57 PM    0   30.12    0.00   13.25    0.00    0.00    8.43    0.00    0.00    0.00   48.19
01:11:57 PM    1   32.56    0.00   17.44    0.00    0.00    8.14    0.00    0.00    0.00   41.86
01:11:57 PM    2   32.53    0.00   13.25    0.00    0.00    8.43    0.00    0.00    0.00   45.78
01:11:57 PM    3   30.59    0.00   18.82    0.00    0.00    5.88    0.00    0.00    0.00   44.71
01:11:57 PM    4   37.21    0.00   17.44    0.00    0.00    6.98    0.00    0.00    0.00   38.37
01:11:57 PM    5   35.96    0.00   17.98    0.00    0.00   10.11    0.00    0.00    0.00   35.96
01:11:57 PM    6   38.20    0.00   15.73    0.00    0.00   11.24    0.00    0.00    0.00   34.83
01:11:57 PM    7   33.33    0.00   21.43    0.00    0.00    5.95    0.00    0.00    0.00   39.29

01:11:57 PM  CPU    %usr   %nice    %sys %iowait    %irq   %soft  %steal  %guest  %gnice   %idle
01:11:58 PM  all   33.76    0.00   18.25    0.14    0.00    7.47    0.00    0.00    0.00   40.37
01:11:58 PM    0   23.81    0.00   16.67    0.00    0.00    9.52    0.00    0.00    0.00   50.00
01:11:58 PM    1   27.71    0.00   15.66    0.00    0.00    4.82    0.00    0.00    0.00   51.81
01:11:58 PM    2   25.61    0.00   15.85    0.00    0.00    7.32    0.00    0.00    0.00   51.22
01:11:58 PM    3   25.58    0.00   13.95    0.00    0.00    9.30    0.00    0.00    0.00   51.16
01:11:58 PM    4   41.30    0.00   19.57    1.09    0.00    9.78    0.00    0.00    0.00   28.26
01:11:58 PM    5   40.66    0.00   23.08    0.00    0.00    5.49    0.00    0.00    0.00   30.77
01:11:58 PM    6   39.08    0.00   21.84    0.00    0.00    6.90    0.00    0.00    0.00   32.18
01:11:58 PM    7   43.96    0.00   18.68    0.00    0.00    6.59    0.00    0.00    0.00   30.77

01:11:58 PM  CPU    %usr   %nice    %sys %iowait    %irq   %soft  %steal  %guest  %gnice   %idle
01:11:59 PM  all    5.04    0.00    5.19    0.00    0.00    1.01    0.00    0.00    0.00   88.76
01:11:59 PM    0    3.49    0.00    5.81    0.00    0.00    2.33    0.00    0.00    0.00   88.37
01:11:59 PM    1    3.57    0.00    3.57    0.00    0.00    1.19    0.00    0.00    0.00   91.67
01:11:59 PM    2    4.71    0.00    5.88    0.00    0.00    0.00    0.00    0.00    0.00   89.41
01:11:59 PM    3    4.76    0.00    4.76    0.00    0.00    1.19    0.00    0.00    0.00   89.29
01:11:59 PM    4    6.82    0.00    5.68    0.00    0.00    0.00    0.00    0.00    0.00   87.50
01:11:59 PM    5    5.49    0.00    5.49    0.00    0.00    2.20    0.00    0.00    0.00   86.81
01:11:59 PM    6    3.49    0.00    4.65    0.00    0.00    0.00    0.00    0.00    0.00   91.86
01:11:59 PM    7    7.78    0.00    5.56    0.00    0.00    1.11    0.00    0.00    0.00   85.56

01:11:59 PM  CPU    %usr   %nice    %sys %iowait    %irq   %soft  %steal  %guest  %gnice   %idle
01:12:00 PM  all    0.59    0.00    1.02    0.44    0.00    0.15    0.00    0.00    0.00   97.80
01:12:00 PM    0    1.16    0.00    2.33    0.00    0.00    0.00    0.00    0.00    0.00   96.51
01:12:00 PM    1    0.00    0.00    0.00    0.00    0.00    0.00    0.00    0.00    0.00  100.00
01:12:00 PM    2    0.00    0.00    1.23    1.23    0.00    0.00    0.00    0.00    0.00   97.53
01:12:00 PM    3    1.22    0.00    0.00    0.00    0.00    0.00    0.00    0.00    0.00   98.78
01:12:00 PM    4    0.00    0.00    0.00    0.00    0.00    0.00    0.00    0.00    0.00  100.00
01:12:00 PM    5    1.12    0.00    2.25    0.00    0.00    0.00    0.00    0.00    0.00   96.63
01:12:00 PM    6    1.12    0.00    2.25    2.25    0.00    1.12    0.00    0.00    0.00   93.26
01:12:00 PM    7    0.00    0.00    0.00    0.00    0.00    0.00    0.00    0.00    0.00  100.00

01:12:00 PM  CPU    %usr   %nice    %sys %iowait    %irq   %soft  %steal  %guest  %gnice   %idle
01:12:01 PM  all    2.72    0.00    4.15    0.00    0.00    1.72    0.00    0.00    0.00   91.40
01:12:01 PM    0    3.53    0.00    4.71    0.00    0.00    0.00    0.00    0.00    0.00   91.76
01:12:01 PM    1    2.27    0.00    4.55    0.00    0.00    2.27    0.00    0.00    0.00   90.91
01:12:01 PM    2    4.49    0.00    5.62    0.00    0.00    2.25    0.00    0.00    0.00   87.64
01:12:01 PM    3    1.18    0.00    3.53    0.00    0.00    2.35    0.00    0.00    0.00   92.94
01:12:01 PM    4    2.27    0.00    4.55    0.00    0.00    1.14    0.00    0.00    0.00   92.05
01:12:01 PM    5    2.30    0.00    2.30    0.00    0.00    2.30    0.00    0.00    0.00   93.10
01:12:01 PM    6    2.35    0.00    2.35    0.00    0.00    1.18    0.00    0.00    0.00   94.12
01:12:01 PM    7    3.30    0.00    5.49    0.00    0.00    2.20    0.00    0.00    0.00   89.01

01:12:01 PM  CPU    %usr   %nice    %sys %iowait    %irq   %soft  %steal  %guest  %gnice   %idle
01:12:02 PM  all    6.15    0.00   11.48    0.00    0.00    2.19    0.00    0.00    0.00   80.19
01:12:02 PM    0    5.38    0.00   13.98    0.00    0.00    1.08    0.00    0.00    0.00   79.57
01:12:02 PM    1    4.26    0.00   11.70    0.00    0.00    3.19    0.00    0.00    0.00   80.85
01:12:02 PM    2    6.67    0.00   11.11    0.00    0.00    3.33    0.00    0.00    0.00   78.89
01:12:02 PM    3    4.55    0.00    9.09    0.00    0.00    1.14    0.00    0.00    0.00   85.23
01:12:02 PM    4    6.32    0.00   10.53    0.00    0.00    2.11    0.00    0.00    0.00   81.05
01:12:02 PM    5    5.68    0.00   12.50    0.00    0.00    0.00    0.00    0.00    0.00   81.82
01:12:02 PM    6    8.51    0.00   13.83    0.00    0.00    4.26    0.00    0.00    0.00   73.40
01:12:02 PM    7    7.78    0.00    8.89    0.00    0.00    2.22    0.00    0.00    0.00   81.11
