Linux 5.15.0-171-generic (cloudnet-s05) 	05/19/2026 	_x86_64_	(8 CPU)

12:55:39 PM  CPU    %usr   %nice    %sys %iowait    %irq   %soft  %steal  %guest  %gnice   %idle
12:55:40 PM  all   12.61    0.00    6.31    0.00    0.00    2.90    0.00    0.00    0.00   78.18
12:55:40 PM    0   12.87    0.00    7.92    0.00    0.00    1.98    0.00    0.00    0.00   77.23
12:55:40 PM    1   10.31    0.00    6.19    0.00    0.00    2.06    0.00    0.00    0.00   81.44
12:55:40 PM    2   12.87    0.00    5.94    0.00    0.00    2.97    0.00    0.00    0.00   78.22
12:55:40 PM    3   15.84    0.00    6.93    0.00    0.00    3.96    0.00    0.00    0.00   73.27
12:55:40 PM    4   12.00    0.00    6.00    0.00    0.00    4.00    0.00    0.00    0.00   78.00
12:55:40 PM    5   10.31    0.00    6.19    0.00    0.00    4.12    0.00    0.00    0.00   79.38
12:55:40 PM    6   11.34    0.00    5.15    0.00    0.00    3.09    0.00    0.00    0.00   80.41
12:55:40 PM    7   15.15    0.00    6.06    0.00    0.00    1.01    0.00    0.00    0.00   77.78

12:55:40 PM  CPU    %usr   %nice    %sys %iowait    %irq   %soft  %steal  %guest  %gnice   %idle
12:55:41 PM  all   12.52    0.00    6.83    0.00    0.00    2.78    0.00    0.00    0.00   77.88
12:55:41 PM    0   12.24    0.00    7.14    0.00    0.00    2.04    0.00    0.00    0.00   78.57
12:55:41 PM    1   11.11    0.00    8.08    0.00    0.00    3.03    0.00    0.00    0.00   77.78
12:55:41 PM    2   13.40    0.00    5.15    0.00    0.00    2.06    0.00    0.00    0.00   79.38
12:55:41 PM    3   12.12    0.00    8.08    0.00    0.00    1.01    0.00    0.00    0.00   78.79
12:55:41 PM    4   12.00    0.00    8.00    0.00    0.00    3.00    0.00    0.00    0.00   77.00
12:55:41 PM    5   12.00    0.00    7.00    0.00    0.00    4.00    0.00    0.00    0.00   77.00
12:55:41 PM    6   13.13    0.00    6.06    0.00    0.00    4.04    0.00    0.00    0.00   76.77
12:55:41 PM    7   14.14    0.00    5.05    0.00    0.00    3.03    0.00    0.00    0.00   77.78

12:55:41 PM  CPU    %usr   %nice    %sys %iowait    %irq   %soft  %steal  %guest  %gnice   %idle
12:55:42 PM  all   12.22    0.00    6.73    0.12    0.00    3.62    0.00    0.00    0.00   77.31
12:55:42 PM    0   13.00    0.00    5.00    0.00    0.00    4.00    0.00    0.00    0.00   78.00
12:55:42 PM    1   12.00    0.00    7.00    0.00    0.00    3.00    0.00    0.00    0.00   78.00
12:55:42 PM    2   12.87    0.00    5.94    0.00    0.00    4.95    0.00    0.00    0.00   76.24
12:55:42 PM    3   12.00    0.00    7.00    0.00    0.00    3.00    0.00    0.00    0.00   78.00
12:55:42 PM    4   11.88    0.00    6.93    0.99    0.00    3.96    0.00    0.00    0.00   76.24
12:55:42 PM    5   14.00    0.00    7.00    0.00    0.00    2.00    0.00    0.00    0.00   77.00
12:55:42 PM    6   12.12    0.00    8.08    0.00    0.00    2.02    0.00    0.00    0.00   77.78
12:55:42 PM    7    9.90    0.00    6.93    0.00    0.00    5.94    0.00    0.00    0.00   77.23

12:55:42 PM  CPU    %usr   %nice    %sys %iowait    %irq   %soft  %steal  %guest  %gnice   %idle
12:55:43 PM  all   14.03    0.00   10.04    0.26    0.00    4.12    0.00    0.00    0.00   71.56
12:55:43 PM    0   14.14    0.00   11.11    0.00    0.00    4.04    0.00    0.00    0.00   70.71
12:55:43 PM    1   16.49    0.00    7.22    0.00    0.00    5.15    0.00    0.00    0.00   71.13
12:55:43 PM    2   12.63    0.00    9.47    0.00    0.00    4.21    0.00    0.00    0.00   73.68
12:55:43 PM    3   14.29    0.00   10.20    0.00    0.00    4.08    0.00    0.00    0.00   71.43
12:55:43 PM    4   12.24    0.00   11.22    0.00    0.00    4.08    0.00    0.00    0.00   72.45
12:55:43 PM    5   15.79    0.00   10.53    1.05    0.00    3.16    0.00    0.00    0.00   69.47
12:55:43 PM    6   13.40    0.00   10.31    1.03    0.00    3.09    0.00    0.00    0.00   72.16
12:55:43 PM    7   13.27    0.00   10.20    0.00    0.00    5.10    0.00    0.00    0.00   71.43

12:55:43 PM  CPU    %usr   %nice    %sys %iowait    %irq   %soft  %steal  %guest  %gnice   %idle
12:55:44 PM  all   16.53    0.00   12.53    0.00    0.00    3.73    0.00    0.00    0.00   67.20
12:55:44 PM    0   18.28    0.00   12.90    0.00    0.00    1.08    0.00    0.00    0.00   67.74
12:55:44 PM    1   16.30    0.00    8.70    0.00    0.00    6.52    0.00    0.00    0.00   68.48
12:55:44 PM    2   16.67    0.00   11.11    0.00    0.00    2.22    0.00    0.00    0.00   70.00
12:55:44 PM    3   18.75    0.00   11.46    0.00    0.00    4.17    0.00    0.00    0.00   65.62
12:55:44 PM    4   12.90    0.00   13.98    0.00    0.00    4.30    0.00    0.00    0.00   68.82
12:55:44 PM    5   21.65    0.00   10.31    0.00    0.00    4.12    0.00    0.00    0.00   63.92
12:55:44 PM    6   13.98    0.00   15.05    0.00    0.00    4.30    0.00    0.00    0.00   66.67
12:55:44 PM    7   13.54    0.00   16.67    0.00    0.00    3.12    0.00    0.00    0.00   66.67

12:55:44 PM  CPU    %usr   %nice    %sys %iowait    %irq   %soft  %steal  %guest  %gnice   %idle
12:55:45 PM  all   14.73    0.00   10.78    0.00    0.00    5.05    0.00    0.00    0.00   69.44
12:55:45 PM    0   13.19    0.00   13.19    0.00    0.00    3.30    0.00    0.00    0.00   70.33
12:55:45 PM    1   14.13    0.00    8.70    0.00    0.00    6.52    0.00    0.00    0.00   70.65
12:55:45 PM    2   13.19    0.00   10.99    0.00    0.00    4.40    0.00    0.00    0.00   71.43
12:55:45 PM    3   12.36    0.00   12.36    0.00    0.00    3.37    0.00    0.00    0.00   71.91
12:55:45 PM    4   15.56    0.00    8.89    0.00    0.00    4.44    0.00    0.00    0.00   71.11
12:55:45 PM    5   14.29    0.00   12.09    0.00    0.00    5.49    0.00    0.00    0.00   68.13
12:55:45 PM    6   18.28    0.00    8.60    0.00    0.00    5.38    0.00    0.00    0.00   67.74
12:55:45 PM    7   16.67    0.00   11.46    0.00    0.00    7.29    0.00    0.00    0.00   64.58

12:55:45 PM  CPU    %usr   %nice    %sys %iowait    %irq   %soft  %steal  %guest  %gnice   %idle
12:55:46 PM  all   14.88    0.00   14.61    0.00    0.00    3.89    0.00    0.00    0.00   66.62
12:55:46 PM    0   15.38    0.00   13.19    0.00    0.00    3.30    0.00    0.00    0.00   68.13
12:55:46 PM    1   11.96    0.00   16.30    0.00    0.00    4.35    0.00    0.00    0.00   67.39
12:55:46 PM    2   10.42    0.00   18.75    0.00    0.00    5.21    0.00    0.00    0.00   65.62
12:55:46 PM    3   16.48    0.00   10.99    0.00    0.00    3.30    0.00    0.00    0.00   69.23
12:55:46 PM    4   16.67    0.00   15.62    0.00    0.00    3.12    0.00    0.00    0.00   64.58
12:55:46 PM    5   14.89    0.00   13.83    0.00    0.00    5.32    0.00    0.00    0.00   65.96
12:55:46 PM    6   17.20    0.00   13.98    0.00    0.00    2.15    0.00    0.00    0.00   66.67
12:55:46 PM    7   16.13    0.00   13.98    0.00    0.00    4.30    0.00    0.00    0.00   65.59

12:55:46 PM  CPU    %usr   %nice    %sys %iowait    %irq   %soft  %steal  %guest  %gnice   %idle
12:55:47 PM  all   13.46    0.00   12.93    0.00    0.00    4.09    0.00    0.00    0.00   69.53
12:55:47 PM    0   11.46    0.00   14.58    0.00    0.00    4.17    0.00    0.00    0.00   69.79
12:55:47 PM    1   12.22    0.00   10.00    0.00    0.00    2.22    0.00    0.00    0.00   75.56
12:55:47 PM    2   12.77    0.00   13.83    0.00    0.00    3.19    0.00    0.00    0.00   70.21
12:55:47 PM    3   14.14    0.00   14.14    0.00    0.00    4.04    0.00    0.00    0.00   67.68
12:55:47 PM    4   12.50    0.00   15.62    0.00    0.00    5.21    0.00    0.00    0.00   66.67
12:55:47 PM    5   13.98    0.00   10.75    0.00    0.00    5.38    0.00    0.00    0.00   69.89
12:55:47 PM    6   14.89    0.00   10.64    0.00    0.00    5.32    0.00    0.00    0.00   69.15
12:55:47 PM    7   15.62    0.00   13.54    0.00    0.00    3.12    0.00    0.00    0.00   67.71

12:55:47 PM  CPU    %usr   %nice    %sys %iowait    %irq   %soft  %steal  %guest  %gnice   %idle
12:55:48 PM  all   16.35    0.00   15.94    0.27    0.00    3.95    0.00    0.00    0.00   63.49
12:55:48 PM    0   16.13    0.00   15.05    0.00    0.00    5.38    0.00    0.00    0.00   63.44
12:55:48 PM    1   16.67    0.00   17.78    0.00    0.00    2.22    0.00    0.00    0.00   63.33
12:55:48 PM    2   14.74    0.00   17.89    0.00    0.00    5.26    0.00    0.00    0.00   62.11
12:55:48 PM    3   16.30    0.00   15.22    0.00    0.00    4.35    0.00    0.00    0.00   64.13
12:55:48 PM    4   18.75    0.00   15.62    1.04    0.00    4.17    0.00    0.00    0.00   60.42
12:55:48 PM    5   18.68    0.00   12.09    1.10    0.00    4.40    0.00    0.00    0.00   63.74
12:55:48 PM    6   11.76    0.00   17.65    0.00    0.00    3.53    0.00    0.00    0.00   67.06
12:55:48 PM    7   17.39    0.00   16.30    0.00    0.00    2.17    0.00    0.00    0.00   64.13

12:55:48 PM  CPU    %usr   %nice    %sys %iowait    %irq   %soft  %steal  %guest  %gnice   %idle
12:55:49 PM  all   16.19    0.00   17.36    0.00    0.00    5.35    0.00    0.00    0.00   61.10
12:55:49 PM    0   18.95    0.00   15.79    0.00    0.00    5.26    0.00    0.00    0.00   60.00
12:55:49 PM    1   18.09    0.00   15.96    0.00    0.00    4.26    0.00    0.00    0.00   61.70
12:55:49 PM    2   15.46    0.00   21.65    0.00    0.00    4.12    0.00    0.00    0.00   58.76
12:55:49 PM    3   13.68    0.00   18.95    0.00    0.00    7.37    0.00    0.00    0.00   60.00
12:55:49 PM    4   14.14    0.00   20.20    0.00    0.00    5.05    0.00    0.00    0.00   60.61
12:55:49 PM    5   18.09    0.00   13.83    0.00    0.00    5.32    0.00    0.00    0.00   62.77
12:55:49 PM    6   15.62    0.00   13.54    0.00    0.00    7.29    0.00    0.00    0.00   63.54
12:55:49 PM    7   15.62    0.00   18.75    0.00    0.00    4.17    0.00    0.00    0.00   61.46

12:55:49 PM  CPU    %usr   %nice    %sys %iowait    %irq   %soft  %steal  %guest  %gnice   %idle
12:55:50 PM  all   15.44    0.00   16.22    0.26    0.00    4.89    0.00    0.00    0.00   63.19
12:55:50 PM    0   14.74    0.00   12.63    0.00    0.00    7.37    0.00    0.00    0.00   65.26
12:55:50 PM    1   16.16    0.00   18.18    1.01    0.00    4.04    0.00    0.00    0.00   60.61
12:55:50 PM    2   17.71    0.00   15.62    0.00    0.00    5.21    0.00    0.00    0.00   61.46
12:55:50 PM    3   15.00    0.00   19.00    1.00    0.00    5.00    0.00    0.00    0.00   60.00
12:55:50 PM    4   15.00    0.00   18.00    0.00    0.00    6.00    0.00    0.00    0.00   61.00
12:55:50 PM    5   13.54    0.00   17.71    0.00    0.00    3.12    0.00    0.00    0.00   65.62
12:55:50 PM    6   14.58    0.00   15.62    0.00    0.00    4.17    0.00    0.00    0.00   65.62
12:55:50 PM    7   16.84    0.00   12.63    0.00    0.00    4.21    0.00    0.00    0.00   66.32

12:55:50 PM  CPU    %usr   %nice    %sys %iowait    %irq   %soft  %steal  %guest  %gnice   %idle
12:55:51 PM  all   14.97    0.00   14.97    0.00    0.00    6.09    0.00    0.00    0.00   63.96
12:55:51 PM    0   18.00    0.00   13.00    0.00    0.00    8.00    0.00    0.00    0.00   61.00
12:55:51 PM    1   14.14    0.00   17.17    0.00    0.00    5.05    0.00    0.00    0.00   63.64
12:55:51 PM    2   14.85    0.00   14.85    0.00    0.00    6.93    0.00    0.00    0.00   63.37
12:55:51 PM    3   17.35    0.00   13.27    0.00    0.00    6.12    0.00    0.00    0.00   63.27
12:55:51 PM    4   14.43    0.00   16.49    0.00    0.00    3.09    0.00    0.00    0.00   65.98
12:55:51 PM    5   13.83    0.00   13.83    0.00    0.00    4.26    0.00    0.00    0.00   68.09
12:55:51 PM    6   14.00    0.00   15.00    0.00    0.00    9.00    0.00    0.00    0.00   62.00
12:55:51 PM    7   13.13    0.00   16.16    0.00    0.00    6.06    0.00    0.00    0.00   64.65

12:55:51 PM  CPU    %usr   %nice    %sys %iowait    %irq   %soft  %steal  %guest  %gnice   %idle
12:55:52 PM  all   13.89    0.00   15.64    0.00    0.00    5.13    0.00    0.00    0.00   65.33
12:55:52 PM    0   14.14    0.00   13.13    0.00    0.00    7.07    0.00    0.00    0.00   65.66
12:55:52 PM    1   14.71    0.00   18.63    0.00    0.00    3.92    0.00    0.00    0.00   62.75
12:55:52 PM    2   17.17    0.00   14.14    0.00    0.00    4.04    0.00    0.00    0.00   64.65
12:55:52 PM    3   14.85    0.00   17.82    0.00    0.00    2.97    0.00    0.00    0.00   64.36
12:55:52 PM    4   14.29    0.00   15.31    0.00    0.00    3.06    0.00    0.00    0.00   67.35
12:55:52 PM    5    9.90    0.00   15.84    0.00    0.00    8.91    0.00    0.00    0.00   65.35
12:55:52 PM    6   13.86    0.00   15.84    0.00    0.00    3.96    0.00    0.00    0.00   66.34
12:55:52 PM    7   12.24    0.00   14.29    0.00    0.00    7.14    0.00    0.00    0.00   66.33

12:55:52 PM  CPU    %usr   %nice    %sys %iowait    %irq   %soft  %steal  %guest  %gnice   %idle
12:55:53 PM  all   16.75    0.00   14.79    0.12    0.00    5.01    0.00    0.00    0.00   63.33
12:55:53 PM    0   16.50    0.00   15.53    0.00    0.00    5.83    0.00    0.00    0.00   62.14
12:55:53 PM    1   16.50    0.00   12.62    0.00    0.00    7.77    0.00    0.00    0.00   63.11
12:55:53 PM    2   14.85    0.00   18.81    0.00    0.00    3.96    0.00    0.00    0.00   62.38
12:55:53 PM    3   19.00    0.00   13.00    0.00    0.00    5.00    0.00    0.00    0.00   63.00
12:55:53 PM    4   14.42    0.00   16.35    0.96    0.00    4.81    0.00    0.00    0.00   63.46
12:55:53 PM    5   18.00    0.00   12.00    0.00    0.00    5.00    0.00    0.00    0.00   65.00
12:55:53 PM    6   14.56    0.00   16.50    0.00    0.00    4.85    0.00    0.00    0.00   64.08
12:55:53 PM    7   20.19    0.00   13.46    0.00    0.00    2.88    0.00    0.00    0.00   63.46

12:55:53 PM  CPU    %usr   %nice    %sys %iowait    %irq   %soft  %steal  %guest  %gnice   %idle
12:55:54 PM  all   14.22    0.00   16.01    0.00    0.00    5.14    0.00    0.00    0.00   64.64
12:55:54 PM    0   13.59    0.00   14.56    0.00    0.00    5.83    0.00    0.00    0.00   66.02
12:55:54 PM    1   15.24    0.00   16.19    0.00    0.00    4.76    0.00    0.00    0.00   63.81
12:55:54 PM    2   13.08    0.00   19.63    0.00    0.00    3.74    0.00    0.00    0.00   63.55
12:55:54 PM    3   13.33    0.00   17.14    0.00    0.00    4.76    0.00    0.00    0.00   64.76
12:55:54 PM    4   12.26    0.00   15.09    0.00    0.00    8.49    0.00    0.00    0.00   64.15
12:55:54 PM    5   14.85    0.00   12.87    0.00    0.00    4.95    0.00    0.00    0.00   67.33
12:55:54 PM    6   12.50    0.00   18.27    0.00    0.00    4.81    0.00    0.00    0.00   64.42
12:55:54 PM    7   18.87    0.00   14.15    0.00    0.00    3.77    0.00    0.00    0.00   63.21

12:55:54 PM  CPU    %usr   %nice    %sys %iowait    %irq   %soft  %steal  %guest  %gnice   %idle
12:55:55 PM  all   14.74    0.00   15.94    0.00    0.00    5.71    0.00    0.00    0.00   63.61
12:55:55 PM    0   13.68    0.00   17.89    0.00    0.00    5.26    0.00    0.00    0.00   63.16
12:55:55 PM    1   14.58    0.00   14.58    0.00    0.00    6.25    0.00    0.00    0.00   64.58
12:55:55 PM    2   14.61    0.00   12.36    0.00    0.00    6.74    0.00    0.00    0.00   66.29
12:55:55 PM    3   15.62    0.00   15.62    0.00    0.00    4.17    0.00    0.00    0.00   64.58
12:55:55 PM    4   15.79    0.00   15.79    0.00    0.00    5.26    0.00    0.00    0.00   63.16
12:55:55 PM    5   13.98    0.00   18.28    0.00    0.00    5.38    0.00    0.00    0.00   62.37
12:55:55 PM    6   16.49    0.00   16.49    0.00    0.00    6.19    0.00    0.00    0.00   60.82
12:55:55 PM    7   13.04    0.00   16.30    0.00    0.00    6.52    0.00    0.00    0.00   64.13

12:55:55 PM  CPU    %usr   %nice    %sys %iowait    %irq   %soft  %steal  %guest  %gnice   %idle
12:55:56 PM  all   16.19    0.00   16.91    0.00    0.00    5.64    0.00    0.00    0.00   61.27
12:55:56 PM    0   16.67    0.00   13.73    0.00    0.00    7.84    0.00    0.00    0.00   61.76
12:55:56 PM    1   16.19    0.00   20.95    0.00    0.00    1.90    0.00    0.00    0.00   60.95
12:55:56 PM    2   14.95    0.00   19.63    0.00    0.00    5.61    0.00    0.00    0.00   59.81
12:55:56 PM    3   18.27    0.00   16.35    0.00    0.00    4.81    0.00    0.00    0.00   60.58
12:55:56 PM    4   15.69    0.00   16.67    0.00    0.00    3.92    0.00    0.00    0.00   63.73
12:55:56 PM    5   15.89    0.00   18.69    0.00    0.00    7.48    0.00    0.00    0.00   57.94
12:55:56 PM    6   16.35    0.00   15.38    0.00    0.00    5.77    0.00    0.00    0.00   62.50
12:55:56 PM    7   15.53    0.00   13.59    0.00    0.00    7.77    0.00    0.00    0.00   63.11

12:55:56 PM  CPU    %usr   %nice    %sys %iowait    %irq   %soft  %steal  %guest  %gnice   %idle
12:55:57 PM  all   15.96    0.00   17.64    0.00    0.00    5.28    0.00    0.00    0.00   61.12
12:55:57 PM    0   12.96    0.00   18.52    0.00    0.00    5.56    0.00    0.00    0.00   62.96
12:55:57 PM    1   15.93    0.00   18.58    0.00    0.00    5.31    0.00    0.00    0.00   60.18
12:55:57 PM    2   15.65    0.00   21.74    0.00    0.00    3.48    0.00    0.00    0.00   59.13
12:55:57 PM    3   14.81    0.00   15.74    0.00    0.00    5.56    0.00    0.00    0.00   63.89
12:55:57 PM    4   17.12    0.00   17.12    0.00    0.00    4.50    0.00    0.00    0.00   61.26
12:55:57 PM    5   15.79    0.00   19.30    0.00    0.00    5.26    0.00    0.00    0.00   59.65
12:55:57 PM    6   18.92    0.00   14.41    0.00    0.00    5.41    0.00    0.00    0.00   61.26
12:55:57 PM    7   16.36    0.00   15.45    0.00    0.00    7.27    0.00    0.00    0.00   60.91

12:55:57 PM  CPU    %usr   %nice    %sys %iowait    %irq   %soft  %steal  %guest  %gnice   %idle
12:55:58 PM  all   15.02    0.00   17.58    0.12    0.00    6.11    0.00    0.00    0.00   61.17
12:55:58 PM    0   15.84    0.00   15.84    0.00    0.00    3.96    0.00    0.00    0.00   64.36
12:55:58 PM    1   13.59    0.00   21.36    0.00    0.00    3.88    0.00    0.00    0.00   61.17
12:55:58 PM    2   13.08    0.00   20.56    0.00    0.00    5.61    0.00    0.00    0.00   60.75
12:55:58 PM    3   16.50    0.00   14.56    0.00    0.00    7.77    0.00    0.00    0.00   61.17
12:55:58 PM    4   13.73    0.00   19.61    0.00    0.00    5.88    0.00    0.00    0.00   60.78
12:55:58 PM    5   20.59    0.00   13.73    0.98    0.00    5.88    0.00    0.00    0.00   58.82
12:55:58 PM    6   14.71    0.00   17.65    0.00    0.00    7.84    0.00    0.00    0.00   59.80
12:55:58 PM    7   12.12    0.00   17.17    0.00    0.00    8.08    0.00    0.00    0.00   62.63

12:55:58 PM  CPU    %usr   %nice    %sys %iowait    %irq   %soft  %steal  %guest  %gnice   %idle
12:55:59 PM  all   18.99    0.00   17.59    0.00    0.00    5.44    0.00    0.00    0.00   57.97
12:55:59 PM    0   21.57    0.00   18.63    0.00    0.00    3.92    0.00    0.00    0.00   55.88
12:55:59 PM    1   19.59    0.00   14.43    0.00    0.00    7.22    0.00    0.00    0.00   58.76
12:55:59 PM    2   18.00    0.00   18.00    0.00    0.00    6.00    0.00    0.00    0.00   58.00
12:55:59 PM    3   19.00    0.00   18.00    0.00    0.00    6.00    0.00    0.00    0.00   57.00
12:55:59 PM    4   18.75    0.00   17.71    0.00    0.00    4.17    0.00    0.00    0.00   59.38
12:55:59 PM    5   18.00    0.00   19.00    0.00    0.00    6.00    0.00    0.00    0.00   57.00
12:55:59 PM    6   20.20    0.00   18.18    0.00    0.00    4.04    0.00    0.00    0.00   57.58
12:55:59 PM    7   16.67    0.00   16.67    0.00    0.00    6.25    0.00    0.00    0.00   60.42

12:55:59 PM  CPU    %usr   %nice    %sys %iowait    %irq   %soft  %steal  %guest  %gnice   %idle
12:56:00 PM  all   16.70    0.00   18.15    0.22    0.00    5.46    0.00    0.00    0.00   59.47
12:56:00 PM    0   16.51    0.00   15.60    0.00    0.00    4.59    0.00    0.00    0.00   63.30
12:56:00 PM    1   15.32    0.00   18.02    0.90    0.00    5.41    0.00    0.00    0.00   60.36
12:56:00 PM    2   14.68    0.00   18.35    0.00    0.00    4.59    0.00    0.00    0.00   62.39
12:56:00 PM    3   15.38    0.00   18.80    0.85    0.00    6.84    0.00    0.00    0.00   58.12
12:56:00 PM    4   16.67    0.00   21.93    0.00    0.00    4.39    0.00    0.00    0.00   57.02
12:56:00 PM    5   20.35    0.00   16.81    0.00    0.00    5.31    0.00    0.00    0.00   57.52
12:56:00 PM    6   17.70    0.00   17.70    0.00    0.00    6.19    0.00    0.00    0.00   58.41
12:56:00 PM    7   16.96    0.00   17.86    0.00    0.00    6.25    0.00    0.00    0.00   58.93

12:56:00 PM  CPU    %usr   %nice    %sys %iowait    %irq   %soft  %steal  %guest  %gnice   %idle
12:56:01 PM  all   16.42    0.00   19.84    0.00    0.00    5.02    0.00    0.00    0.00   58.72
12:56:01 PM    0   12.26    0.00   18.87    0.00    0.00    6.60    0.00    0.00    0.00   62.26
12:56:01 PM    1   19.64    0.00   17.86    0.00    0.00    4.46    0.00    0.00    0.00   58.04
12:56:01 PM    2   20.51    0.00   18.80    0.00    0.00    5.13    0.00    0.00    0.00   55.56
12:56:01 PM    3   13.33    0.00   19.05    0.00    0.00    4.76    0.00    0.00    0.00   62.86
12:56:01 PM    4   16.07    0.00   23.21    0.00    0.00    3.57    0.00    0.00    0.00   57.14
12:56:01 PM    5   18.18    0.00   20.00    0.00    0.00    4.55    0.00    0.00    0.00   57.27
12:56:01 PM    6   16.51    0.00   20.18    0.00    0.00    5.50    0.00    0.00    0.00   57.80
12:56:01 PM    7   14.15    0.00   20.75    0.00    0.00    5.66    0.00    0.00    0.00   59.43

12:56:01 PM  CPU    %usr   %nice    %sys %iowait    %irq   %soft  %steal  %guest  %gnice   %idle
12:56:02 PM  all   18.36    0.00   19.87    0.13    0.00    5.79    0.00    0.00    0.00   55.85
12:56:02 PM    0   17.82    0.00   21.78    0.00    0.00    3.96    0.00    0.00    0.00   56.44
12:56:02 PM    1   13.54    0.00   20.83    0.00    0.00    6.25    0.00    0.00    0.00   59.38
12:56:02 PM    2   19.61    0.00   21.57    0.00    0.00    3.92    0.00    0.00    0.00   54.90
12:56:02 PM    3   18.63    0.00   20.59    0.00    0.00    5.88    0.00    0.00    0.00   54.90
12:56:02 PM    4   15.46    0.00   19.59    1.03    0.00    7.22    0.00    0.00    0.00   56.70
12:56:02 PM    5   20.20    0.00   18.18    0.00    0.00    6.06    0.00    0.00    0.00   55.56
12:56:02 PM    6   24.00    0.00   16.00    0.00    0.00    6.00    0.00    0.00    0.00   54.00
12:56:02 PM    7   17.35    0.00   20.41    0.00    0.00    7.14    0.00    0.00    0.00   55.10

12:56:02 PM  CPU    %usr   %nice    %sys %iowait    %irq   %soft  %steal  %guest  %gnice   %idle
12:56:03 PM  all   15.76    0.00   20.00    0.12    0.00    5.65    0.00    0.00    0.00   58.47
12:56:03 PM    0   14.55    0.00   23.64    0.00    0.00    2.73    0.00    0.00    0.00   59.09
12:56:03 PM    1   11.43    0.00   19.05    0.00    0.00    6.67    0.00    0.00    0.00   62.86
12:56:03 PM    2   17.27    0.00   18.18    0.00    0.00    6.36    0.00    0.00    0.00   58.18
12:56:03 PM    3   15.89    0.00   18.69    0.00    0.00    4.67    0.00    0.00    0.00   60.75
12:56:03 PM    4   16.67    0.00   19.61    0.00    0.00    5.88    0.00    0.00    0.00   57.84
12:56:03 PM    5   19.81    0.00   17.92    0.94    0.00    4.72    0.00    0.00    0.00   56.60
12:56:03 PM    6   16.67    0.00   20.37    0.00    0.00    7.41    0.00    0.00    0.00   55.56
12:56:03 PM    7   13.73    0.00   22.55    0.00    0.00    6.86    0.00    0.00    0.00   56.86

12:56:03 PM  CPU    %usr   %nice    %sys %iowait    %irq   %soft  %steal  %guest  %gnice   %idle
12:56:04 PM  all   17.46    0.00   20.45    0.00    0.00    6.23    0.00    0.00    0.00   55.86
12:56:04 PM    0   14.56    0.00   20.39    0.00    0.00    6.80    0.00    0.00    0.00   58.25
12:56:04 PM    1   18.27    0.00   20.19    0.00    0.00    4.81    0.00    0.00    0.00   56.73
12:56:04 PM    2   13.00    0.00   21.00    0.00    0.00    6.00    0.00    0.00    0.00   60.00
12:56:04 PM    3   15.69    0.00   20.59    0.00    0.00    4.90    0.00    0.00    0.00   58.82
12:56:04 PM    4   17.00    0.00   23.00    0.00    0.00    7.00    0.00    0.00    0.00   53.00
12:56:04 PM    5   19.39    0.00   22.45    0.00    0.00    5.10    0.00    0.00    0.00   53.06
12:56:04 PM    6   21.21    0.00   20.20    0.00    0.00    7.07    0.00    0.00    0.00   51.52
12:56:04 PM    7   20.83    0.00   15.62    0.00    0.00    8.33    0.00    0.00    0.00   55.21

12:56:04 PM  CPU    %usr   %nice    %sys %iowait    %irq   %soft  %steal  %guest  %gnice   %idle
12:56:05 PM  all   18.06    0.00   22.10    0.00    0.00    6.69    0.00    0.00    0.00   53.16
12:56:05 PM    0   15.46    0.00   19.59    0.00    0.00    7.22    0.00    0.00    0.00   57.73
12:56:05 PM    1   15.00    0.00   20.00    0.00    0.00   12.00    0.00    0.00    0.00   53.00
12:56:05 PM    2   18.37    0.00   22.45    0.00    0.00    4.08    0.00    0.00    0.00   55.10
12:56:05 PM    3   14.58    0.00   21.88    0.00    0.00    6.25    0.00    0.00    0.00   57.29
12:56:05 PM    4   21.78    0.00   21.78    0.00    0.00    6.93    0.00    0.00    0.00   49.50
12:56:05 PM    5   19.42    0.00   25.24    0.00    0.00    4.85    0.00    0.00    0.00   50.49
12:56:05 PM    6   22.45    0.00   21.43    0.00    0.00    5.10    0.00    0.00    0.00   51.02
12:56:05 PM    7   17.17    0.00   24.24    0.00    0.00    7.07    0.00    0.00    0.00   51.52

12:56:05 PM  CPU    %usr   %nice    %sys %iowait    %irq   %soft  %steal  %guest  %gnice   %idle
12:56:06 PM  all   17.62    0.00   20.77    0.00    0.00    4.78    0.00    0.00    0.00   56.83
12:56:06 PM    0   16.33    0.00   17.35    0.00    0.00    3.06    0.00    0.00    0.00   63.27
12:56:06 PM    1   15.09    0.00   21.70    0.00    0.00    3.77    0.00    0.00    0.00   59.43
12:56:06 PM    2   15.38    0.00   22.12    0.00    0.00    2.88    0.00    0.00    0.00   59.62
12:56:06 PM    3   14.15    0.00   22.64    0.00    0.00    4.72    0.00    0.00    0.00   58.49
12:56:06 PM    4   22.02    0.00   17.43    0.00    0.00    5.50    0.00    0.00    0.00   55.05
12:56:06 PM    5   21.24    0.00   19.47    0.00    0.00    6.19    0.00    0.00    0.00   53.10
12:56:06 PM    6   21.74    0.00   20.00    0.00    0.00    6.09    0.00    0.00    0.00   52.17
12:56:06 PM    7   14.15    0.00   25.47    0.00    0.00    5.66    0.00    0.00    0.00   54.72

12:56:06 PM  CPU    %usr   %nice    %sys %iowait    %irq   %soft  %steal  %guest  %gnice   %idle
12:56:07 PM  all   16.42    0.00   19.82    0.00    0.00    4.98    0.00    0.00    0.00   58.78
12:56:07 PM    0   18.75    0.00   18.75    0.00    0.00    3.57    0.00    0.00    0.00   58.93
12:56:07 PM    1   16.07    0.00   19.64    0.00    0.00    4.46    0.00    0.00    0.00   59.82
12:56:07 PM    2   14.55    0.00   20.91    0.00    0.00    3.64    0.00    0.00    0.00   60.91
12:56:07 PM    3   15.60    0.00   19.27    0.00    0.00    4.59    0.00    0.00    0.00   60.55
12:56:07 PM    4   16.98    0.00   17.92    0.00    0.00    5.66    0.00    0.00    0.00   59.43
12:56:07 PM    5   18.18    0.00   17.27    0.00    0.00    6.36    0.00    0.00    0.00   58.18
12:56:07 PM    6   16.22    0.00   21.62    0.00    0.00    5.41    0.00    0.00    0.00   56.76
12:56:07 PM    7   15.04    0.00   23.01    0.00    0.00    6.19    0.00    0.00    0.00   55.75

12:56:07 PM  CPU    %usr   %nice    %sys %iowait    %irq   %soft  %steal  %guest  %gnice   %idle
12:56:08 PM  all   18.72    0.00   21.43    0.12    0.00    5.67    0.00    0.00    0.00   54.06
12:56:08 PM    0   18.00    0.00   18.00    0.00    0.00    6.00    0.00    0.00    0.00   58.00
12:56:08 PM    1   15.00    0.00   22.00    0.00    0.00    5.00    0.00    0.00    0.00   58.00
12:56:08 PM    2   15.84    0.00   20.79    0.00    0.00    4.95    0.00    0.00    0.00   58.42
12:56:08 PM    3   16.67    0.00   18.75    0.00    0.00    3.12    0.00    0.00    0.00   61.46
12:56:08 PM    4   21.78    0.00   20.79    0.00    0.00    4.95    0.00    0.00    0.00   52.48
12:56:08 PM    5   23.15    0.00   21.30    0.93    0.00    8.33    0.00    0.00    0.00   46.30
12:56:08 PM    6   19.42    0.00   27.18    0.00    0.00    4.85    0.00    0.00    0.00   48.54
12:56:08 PM    7   19.42    0.00   22.33    0.00    0.00    7.77    0.00    0.00    0.00   50.49

12:56:08 PM  CPU    %usr   %nice    %sys %iowait    %irq   %soft  %steal  %guest  %gnice   %idle
12:56:09 PM  all   17.59    0.00   18.16    0.00    0.00    4.71    0.00    0.00    0.00   59.54
12:56:09 PM    0   16.96    0.00   19.64    0.00    0.00    4.46    0.00    0.00    0.00   58.93
12:56:09 PM    1   21.43    0.00   16.07    0.00    0.00    3.57    0.00    0.00    0.00   58.93
12:56:09 PM    2   16.51    0.00   20.18    0.00    0.00    3.67    0.00    0.00    0.00   59.63
12:56:09 PM    3   17.12    0.00   18.92    0.00    0.00    4.50    0.00    0.00    0.00   59.46
12:56:09 PM    4   15.09    0.00   18.87    0.00    0.00    5.66    0.00    0.00    0.00   60.38
12:56:09 PM    5   16.82    0.00   18.69    0.00    0.00    5.61    0.00    0.00    0.00   58.88
12:56:09 PM    6   13.73    0.00   17.65    0.00    0.00    5.88    0.00    0.00    0.00   62.75
12:56:09 PM    7   22.52    0.00   15.32    0.00    0.00    4.50    0.00    0.00    0.00   57.66

12:56:09 PM  CPU    %usr   %nice    %sys %iowait    %irq   %soft  %steal  %guest  %gnice   %idle
12:56:10 PM  all   18.31    0.00   20.48    0.00    0.00    4.46    0.00    0.00    0.00   56.75
12:56:10 PM    0   17.31    0.00   19.23    0.00    0.00    4.81    0.00    0.00    0.00   58.65
12:56:10 PM    1   15.84    0.00   22.77    0.00    0.00    1.98    0.00    0.00    0.00   59.41
12:56:10 PM    2   17.14    0.00   20.95    0.00    0.00    3.81    0.00    0.00    0.00   58.10
12:56:10 PM    3   16.67    0.00   21.57    0.00    0.00    1.96    0.00    0.00    0.00   59.80
12:56:10 PM    4   21.15    0.00   19.23    0.00    0.00    4.81    0.00    0.00    0.00   54.81
12:56:10 PM    5   19.44    0.00   21.30    0.00    0.00    6.48    0.00    0.00    0.00   52.78
12:56:10 PM    6   19.05    0.00   22.86    0.00    0.00    4.76    0.00    0.00    0.00   53.33
12:56:10 PM    7   19.80    0.00   15.84    0.00    0.00    6.93    0.00    0.00    0.00   57.43

12:56:10 PM  CPU    %usr   %nice    %sys %iowait    %irq   %soft  %steal  %guest  %gnice   %idle
12:56:11 PM  all   15.90    0.00   17.35    0.00    0.00    4.13    0.00    0.00    0.00   62.62
12:56:11 PM    0   17.14    0.00   18.10    0.00    0.00    1.90    0.00    0.00    0.00   62.86
12:56:11 PM    1   13.89    0.00   21.30    0.00    0.00    3.70    0.00    0.00    0.00   61.11
12:56:11 PM    2   15.24    0.00   18.10    0.00    0.00    3.81    0.00    0.00    0.00   62.86
12:56:11 PM    3   15.38    0.00   17.31    0.00    0.00    3.85    0.00    0.00    0.00   63.46
12:56:11 PM    4   17.31    0.00   15.38    0.00    0.00    5.77    0.00    0.00    0.00   61.54
12:56:11 PM    5   20.41    0.00   13.27    0.00    0.00    3.06    0.00    0.00    0.00   63.27
12:56:11 PM    6   14.14    0.00   18.18    0.00    0.00    5.05    0.00    0.00    0.00   62.63
12:56:11 PM    7   13.86    0.00   16.83    0.00    0.00    5.94    0.00    0.00    0.00   63.37

12:56:11 PM  CPU    %usr   %nice    %sys %iowait    %irq   %soft  %steal  %guest  %gnice   %idle
12:56:12 PM  all   17.05    0.00   18.88    0.12    0.00    4.26    0.00    0.00    0.00   59.68
12:56:12 PM    0   14.56    0.00   20.39    0.00    0.00    4.85    0.00    0.00    0.00   60.19
12:56:12 PM    1   19.80    0.00   13.86    0.00    0.00    5.94    0.00    0.00    0.00   60.40
12:56:12 PM    2   19.23    0.00   19.23    0.00    0.00    2.88    0.00    0.00    0.00   58.65
12:56:12 PM    3   17.31    0.00   19.23    0.00    0.00    4.81    0.00    0.00    0.00   58.65
12:56:12 PM    4   12.50    0.00   24.04    0.96    0.00    3.85    0.00    0.00    0.00   58.65
12:56:12 PM    5   18.18    0.00   17.17    0.00    0.00    3.03    0.00    0.00    0.00   61.62
12:56:12 PM    6   20.37    0.00   18.52    0.00    0.00    3.70    0.00    0.00    0.00   57.41
12:56:12 PM    7   14.29    0.00   18.37    0.00    0.00    5.10    0.00    0.00    0.00   62.24

12:56:12 PM  CPU    %usr   %nice    %sys %iowait    %irq   %soft  %steal  %guest  %gnice   %idle
12:56:13 PM  all   14.99    0.00   12.07    0.00    0.00    4.32    0.00    0.00    0.00   68.61
12:56:13 PM    0   16.00    0.00   11.00    0.00    0.00    5.00    0.00    0.00    0.00   68.00
12:56:13 PM    1   15.15    0.00   13.13    0.00    0.00    3.03    0.00    0.00    0.00   68.69
12:56:13 PM    2   16.83    0.00   11.88    0.00    0.00    3.96    0.00    0.00    0.00   67.33
12:56:13 PM    3   14.00    0.00   13.00    0.00    0.00    4.00    0.00    0.00    0.00   69.00
12:56:13 PM    4   12.50    0.00   11.46    0.00    0.00    6.25    0.00    0.00    0.00   69.79
12:56:13 PM    5   18.37    0.00    9.18    0.00    0.00    4.08    0.00    0.00    0.00   68.37
12:56:13 PM    6   12.50    0.00   14.58    0.00    0.00    4.17    0.00    0.00    0.00   68.75
12:56:13 PM    7   14.43    0.00   12.37    0.00    0.00    4.12    0.00    0.00    0.00   69.07

12:56:13 PM  CPU    %usr   %nice    %sys %iowait    %irq   %soft  %steal  %guest  %gnice   %idle
12:56:14 PM  all   18.81    0.00   21.34    0.00    0.00    5.56    0.00    0.00    0.00   54.29
12:56:14 PM    0   17.00    0.00   22.00    0.00    0.00    5.00    0.00    0.00    0.00   56.00
12:56:14 PM    1   18.45    0.00   22.33    0.00    0.00    4.85    0.00    0.00    0.00   54.37
12:56:14 PM    2   16.33    0.00   19.39    0.00    0.00    8.16    0.00    0.00    0.00   56.12
12:56:14 PM    3   17.35    0.00   19.39    0.00    0.00    6.12    0.00    0.00    0.00   57.14
12:56:14 PM    4   18.56    0.00   23.71    0.00    0.00    4.12    0.00    0.00    0.00   53.61
12:56:14 PM    5   23.23    0.00   18.18    0.00    0.00    6.06    0.00    0.00    0.00   52.53
12:56:14 PM    6   18.63    0.00   24.51    0.00    0.00    6.86    0.00    0.00    0.00   50.00
12:56:14 PM    7   21.05    0.00   21.05    0.00    0.00    3.16    0.00    0.00    0.00   54.74

12:56:14 PM  CPU    %usr   %nice    %sys %iowait    %irq   %soft  %steal  %guest  %gnice   %idle
12:56:15 PM  all   16.61    0.00   17.71    0.62    0.00    4.67    0.00    0.00    0.00   60.39
12:56:15 PM    0   15.24    0.00   20.00    2.86    0.00    3.81    0.00    0.00    0.00   58.10
12:56:15 PM    1   15.84    0.00   15.84    0.00    0.00    5.94    0.00    0.00    0.00   62.38
12:56:15 PM    2   14.56    0.00   21.36    0.00    0.00    1.94    0.00    0.00    0.00   62.14
12:56:15 PM    3   15.15    0.00   17.17    0.00    0.00    3.03    0.00    0.00    0.00   64.65
12:56:15 PM    4   19.42    0.00   16.50    0.00    0.00    5.83    0.00    0.00    0.00   58.25
12:56:15 PM    5   18.81    0.00   16.83    1.98    0.00    4.95    0.00    0.00    0.00   57.43
12:56:15 PM    6   17.35    0.00   15.31    0.00    0.00    6.12    0.00    0.00    0.00   61.22
12:56:15 PM    7   16.50    0.00   18.45    0.00    0.00    5.83    0.00    0.00    0.00   59.22

12:56:15 PM  CPU    %usr   %nice    %sys %iowait    %irq   %soft  %steal  %guest  %gnice   %idle
12:56:16 PM  all   17.75    0.00   15.06    0.00    0.00    4.65    0.00    0.00    0.00   62.55
12:56:16 PM    0   18.45    0.00   13.59    0.00    0.00    4.85    0.00    0.00    0.00   63.11
12:56:16 PM    1   18.81    0.00   14.85    0.00    0.00    1.98    0.00    0.00    0.00   64.36
12:56:16 PM    2   17.48    0.00   13.59    0.00    0.00    4.85    0.00    0.00    0.00   64.08
12:56:16 PM    3   13.00    0.00   18.00    0.00    0.00    5.00    0.00    0.00    0.00   64.00
12:56:16 PM    4   16.00    0.00   16.00    0.00    0.00    6.00    0.00    0.00    0.00   62.00
12:56:16 PM    5   18.63    0.00   13.73    0.00    0.00    5.88    0.00    0.00    0.00   61.76
12:56:16 PM    6   20.19    0.00   15.38    0.00    0.00    3.85    0.00    0.00    0.00   60.58
12:56:16 PM    7   19.23    0.00   15.38    0.00    0.00    4.81    0.00    0.00    0.00   60.58

12:56:16 PM  CPU    %usr   %nice    %sys %iowait    %irq   %soft  %steal  %guest  %gnice   %idle
12:56:17 PM  all   18.08    0.00   16.36    0.00    0.00    5.41    0.00    0.00    0.00   60.15
12:56:17 PM    0   19.39    0.00   12.24    0.00    0.00    3.06    0.00    0.00    0.00   65.31
12:56:17 PM    1   13.86    0.00   18.81    0.00    0.00    5.94    0.00    0.00    0.00   61.39
12:56:17 PM    2   13.40    0.00   16.49    0.00    0.00    6.19    0.00    0.00    0.00   63.92
12:56:17 PM    3   16.13    0.00   11.83    0.00    0.00    3.23    0.00    0.00    0.00   68.82
12:56:17 PM    4   22.02    0.00   13.76    0.00    0.00    8.26    0.00    0.00    0.00   55.96
12:56:17 PM    5   19.42    0.00   19.42    0.00    0.00    4.85    0.00    0.00    0.00   56.31
12:56:17 PM    6   21.50    0.00   17.76    0.00    0.00    5.61    0.00    0.00    0.00   55.14
12:56:17 PM    7   18.10    0.00   20.00    0.00    0.00    5.71    0.00    0.00    0.00   56.19

12:56:17 PM  CPU    %usr   %nice    %sys %iowait    %irq   %soft  %steal  %guest  %gnice   %idle
12:56:18 PM  all   19.79    0.00   18.36    0.12    0.00    6.08    0.00    0.00    0.00   55.66
12:56:18 PM    0   18.18    0.00   20.91    0.00    0.00    5.45    0.00    0.00    0.00   55.45
12:56:18 PM    1   20.37    0.00   16.67    0.00    0.00    8.33    0.00    0.00    0.00   54.63
12:56:18 PM    2   20.56    0.00   15.89    0.00    0.00    7.48    0.00    0.00    0.00   56.07
12:56:18 PM    3   17.65    0.00   19.61    0.00    0.00    4.90    0.00    0.00    0.00   57.84
12:56:18 PM    4   20.39    0.00   19.42    0.00    0.00    4.85    0.00    0.00    0.00   55.34
12:56:18 PM    5   20.39    0.00   18.45    0.00    0.00    5.83    0.00    0.00    0.00   55.34
12:56:18 PM    6   19.81    0.00   19.81    0.94    0.00    5.66    0.00    0.00    0.00   53.77
12:56:18 PM    7   21.00    0.00   16.00    0.00    0.00    6.00    0.00    0.00    0.00   57.00

12:56:18 PM  CPU    %usr   %nice    %sys %iowait    %irq   %soft  %steal  %guest  %gnice   %idle
12:56:19 PM  all   29.71    0.00   18.34    0.00    0.00    3.06    0.00    0.00    0.00   48.90
12:56:19 PM    0   24.11    0.00   22.32    0.00    0.00    1.79    0.00    0.00    0.00   51.79
12:56:19 PM    1   19.80    0.00   22.77    0.00    0.00    2.97    0.00    0.00    0.00   54.46
12:56:19 PM    2   23.53    0.00   19.61    0.00    0.00    1.96    0.00    0.00    0.00   54.90
12:56:19 PM    3   23.30    0.00   18.45    0.00    0.00    2.91    0.00    0.00    0.00   55.34
12:56:19 PM    4   51.92    0.00   13.46    0.00    0.00    2.88    0.00    0.00    0.00   31.73
12:56:19 PM    5   30.30    0.00   15.15    0.00    0.00    3.03    0.00    0.00    0.00   51.52
12:56:19 PM    6   21.00    0.00   22.00    0.00    0.00    6.00    0.00    0.00    0.00   51.00
12:56:19 PM    7   44.33    0.00   12.37    0.00    0.00    3.09    0.00    0.00    0.00   40.21

12:56:19 PM  CPU    %usr   %nice    %sys %iowait    %irq   %soft  %steal  %guest  %gnice   %idle
12:56:20 PM  all   15.16    0.00   16.10    0.00    0.00    4.06    0.00    0.00    0.00   64.68
12:56:20 PM    0   14.29    0.00   16.48    0.00    0.00    3.30    0.00    0.00    0.00   65.93
12:56:20 PM    1   13.04    0.00   14.13    0.00    0.00    7.61    0.00    0.00    0.00   65.22
12:56:20 PM    2   12.09    0.00   18.68    0.00    0.00    3.30    0.00    0.00    0.00   65.93
12:56:20 PM    3   16.48    0.00   14.29    0.00    0.00    3.30    0.00    0.00    0.00   65.93
12:56:20 PM    4   18.28    0.00   15.05    0.00    0.00    3.23    0.00    0.00    0.00   63.44
12:56:20 PM    5   17.20    0.00   15.05    0.00    0.00    3.23    0.00    0.00    0.00   64.52
12:56:20 PM    6   16.67    0.00   15.62    0.00    0.00    5.21    0.00    0.00    0.00   62.50
12:56:20 PM    7   13.04    0.00   19.57    0.00    0.00    3.26    0.00    0.00    0.00   64.13

12:56:20 PM  CPU    %usr   %nice    %sys %iowait    %irq   %soft  %steal  %guest  %gnice   %idle
12:56:21 PM  all   18.56    0.00   15.49    0.00    0.00    4.41    0.00    0.00    0.00   61.55
12:56:21 PM    0   19.15    0.00   12.77    0.00    0.00    6.38    0.00    0.00    0.00   61.70
12:56:21 PM    1   17.20    0.00   19.35    0.00    0.00    1.08    0.00    0.00    0.00   62.37
12:56:21 PM    2   16.13    0.00   15.05    0.00    0.00    5.38    0.00    0.00    0.00   63.44
12:56:21 PM    3   16.48    0.00   13.19    0.00    0.00    4.40    0.00    0.00    0.00   65.93
12:56:21 PM    4   19.35    0.00   13.98    0.00    0.00    4.30    0.00    0.00    0.00   62.37
12:56:21 PM    5   19.79    0.00   16.67    0.00    0.00    4.17    0.00    0.00    0.00   59.38
12:56:21 PM    6   19.57    0.00   15.22    0.00    0.00    5.43    0.00    0.00    0.00   59.78
12:56:21 PM    7   20.62    0.00   17.53    0.00    0.00    4.12    0.00    0.00    0.00   57.73

12:56:21 PM  CPU    %usr   %nice    %sys %iowait    %irq   %soft  %steal  %guest  %gnice   %idle
12:56:22 PM  all   16.28    0.00   16.55    0.00    0.00    4.75    0.00    0.00    0.00   62.42
12:56:22 PM    0   14.29    0.00   17.58    0.00    0.00    4.40    0.00    0.00    0.00   63.74
12:56:22 PM    1   17.98    0.00   12.36    0.00    0.00    3.37    0.00    0.00    0.00   66.29
12:56:22 PM    2   16.48    0.00   15.38    0.00    0.00    4.40    0.00    0.00    0.00   63.74
12:56:22 PM    3   11.63    0.00   16.28    0.00    0.00    5.81    0.00    0.00    0.00   66.28
12:56:22 PM    4   18.28    0.00   15.05    0.00    0.00    5.38    0.00    0.00    0.00   61.29
12:56:22 PM    5   17.00    0.00   18.00    0.00    0.00    8.00    0.00    0.00    0.00   57.00
12:56:22 PM    6   17.20    0.00   18.28    0.00    0.00    3.23    0.00    0.00    0.00   61.29
12:56:22 PM    7   17.02    0.00   19.15    0.00    0.00    3.19    0.00    0.00    0.00   60.64

12:56:22 PM  CPU    %usr   %nice    %sys %iowait    %irq   %soft  %steal  %guest  %gnice   %idle
12:56:23 PM  all   13.28    0.00   13.00    0.28    0.00    4.29    0.00    0.00    0.00   69.16
12:56:23 PM    0   14.44    0.00   12.22    0.00    0.00    3.33    0.00    0.00    0.00   70.00
12:56:23 PM    1   12.64    0.00   10.34    0.00    0.00    3.45    0.00    0.00    0.00   73.56
12:56:23 PM    2   14.61    0.00   11.24    1.12    0.00    3.37    0.00    0.00    0.00   69.66
12:56:23 PM    3   13.48    0.00   12.36    0.00    0.00    2.25    0.00    0.00    0.00   71.91
12:56:23 PM    4   14.89    0.00   12.77    0.00    0.00    5.32    0.00    0.00    0.00   67.02
12:56:23 PM    5   13.19    0.00   14.29    0.00    0.00    4.40    0.00    0.00    0.00   68.13
12:56:23 PM    6    8.89    0.00   16.67    1.11    0.00    6.67    0.00    0.00    0.00   66.67
12:56:23 PM    7   13.98    0.00   13.98    0.00    0.00    5.38    0.00    0.00    0.00   66.67

12:56:23 PM  CPU    %usr   %nice    %sys %iowait    %irq   %soft  %steal  %guest  %gnice   %idle
12:56:24 PM  all   13.03    0.00    8.78    0.00    0.00    3.54    0.00    0.00    0.00   74.65
12:56:24 PM    0   12.50    0.00    6.82    0.00    0.00    3.41    0.00    0.00    0.00   77.27
12:56:24 PM    1   12.36    0.00    7.87    0.00    0.00    4.49    0.00    0.00    0.00   75.28
12:56:24 PM    2    8.43    0.00    8.43    0.00    0.00    2.41    0.00    0.00    0.00   80.72
12:56:24 PM    3    9.20    0.00    9.20    0.00    0.00    3.45    0.00    0.00    0.00   78.16
12:56:24 PM    4   14.29    0.00   10.99    0.00    0.00    4.40    0.00    0.00    0.00   70.33
12:56:24 PM    5   16.48    0.00    8.79    0.00    0.00    3.30    0.00    0.00    0.00   71.43
12:56:24 PM    6   15.56    0.00    8.89    0.00    0.00    3.33    0.00    0.00    0.00   72.22
12:56:24 PM    7   14.94    0.00    9.20    0.00    0.00    3.45    0.00    0.00    0.00   72.41

12:56:24 PM  CPU    %usr   %nice    %sys %iowait    %irq   %soft  %steal  %guest  %gnice   %idle
12:56:25 PM  all   12.82    0.00    7.83    0.00    0.00    2.85    0.00    0.00    0.00   76.50
12:56:25 PM    0   12.09    0.00   10.99    0.00    0.00    2.20    0.00    0.00    0.00   74.73
12:56:25 PM    1   12.64    0.00    6.90    0.00    0.00    3.45    0.00    0.00    0.00   77.01
12:56:25 PM    2   12.09    0.00    8.79    0.00    0.00    3.30    0.00    0.00    0.00   75.82
12:56:25 PM    3   12.79    0.00    5.81    0.00    0.00    2.33    0.00    0.00    0.00   79.07
12:56:25 PM    4   11.90    0.00    8.33    0.00    0.00    2.38    0.00    0.00    0.00   77.38
12:56:25 PM    5   12.50    0.00    7.95    0.00    0.00    4.55    0.00    0.00    0.00   75.00
12:56:25 PM    6   16.47    0.00    4.71    0.00    0.00    1.18    0.00    0.00    0.00   77.65
12:56:25 PM    7   12.22    0.00    8.89    0.00    0.00    3.33    0.00    0.00    0.00   75.56

12:56:25 PM  CPU    %usr   %nice    %sys %iowait    %irq   %soft  %steal  %guest  %gnice   %idle
12:56:26 PM  all   16.62    0.00   13.65    0.00    0.00    4.19    0.00    0.00    0.00   65.54
12:56:26 PM    0   17.78    0.00   11.11    0.00    0.00    2.22    0.00    0.00    0.00   68.89
12:56:26 PM    1   15.22    0.00   13.04    0.00    0.00    5.43    0.00    0.00    0.00   66.30
12:56:26 PM    2   16.30    0.00   14.13    0.00    0.00    2.17    0.00    0.00    0.00   67.39
12:56:26 PM    3   16.30    0.00   13.04    0.00    0.00    4.35    0.00    0.00    0.00   66.30
12:56:26 PM    4   17.20    0.00   13.98    0.00    0.00    4.30    0.00    0.00    0.00   64.52
12:56:26 PM    5   15.38    0.00   13.19    0.00    0.00    4.40    0.00    0.00    0.00   67.03
12:56:26 PM    6   15.38    0.00   13.19    0.00    0.00    6.59    0.00    0.00    0.00   64.84
12:56:26 PM    7   19.19    0.00   17.17    0.00    0.00    4.04    0.00    0.00    0.00   59.60

12:56:26 PM  CPU    %usr   %nice    %sys %iowait    %irq   %soft  %steal  %guest  %gnice   %idle
12:56:27 PM  all   18.91    0.00   15.65    0.00    0.00    4.22    0.00    0.00    0.00   61.22
12:56:27 PM    0   14.29    0.00   17.58    0.00    0.00    4.40    0.00    0.00    0.00   63.74
12:56:27 PM    1   15.91    0.00   14.77    0.00    0.00    3.41    0.00    0.00    0.00   65.91
12:56:27 PM    2   17.98    0.00   12.36    0.00    0.00    4.49    0.00    0.00    0.00   65.17
12:56:27 PM    3   15.56    0.00   13.33    0.00    0.00    4.44    0.00    0.00    0.00   66.67
12:56:27 PM    4   22.11    0.00   16.84    0.00    0.00    3.16    0.00    0.00    0.00   57.89
12:56:27 PM    5   22.34    0.00   17.02    0.00    0.00    5.32    0.00    0.00    0.00   55.32
12:56:27 PM    6   19.15    0.00   19.15    0.00    0.00    3.19    0.00    0.00    0.00   58.51
12:56:27 PM    7   23.40    0.00   13.83    0.00    0.00    5.32    0.00    0.00    0.00   57.45

12:56:27 PM  CPU    %usr   %nice    %sys %iowait    %irq   %soft  %steal  %guest  %gnice   %idle
12:56:28 PM  all   15.90    0.00   14.13    0.41    0.00    4.35    0.00    0.00    0.00   65.22
12:56:28 PM    0   10.47    0.00   11.63    0.00    0.00    4.65    0.00    0.00    0.00   73.26
12:56:28 PM    1   13.19    0.00   15.38    0.00    0.00    3.30    0.00    0.00    0.00   68.13
12:56:28 PM    2   15.56    0.00   12.22    0.00    0.00    3.33    0.00    0.00    0.00   68.89
12:56:28 PM    3   12.64    0.00   11.49    0.00    0.00    3.45    0.00    0.00    0.00   72.41
12:56:28 PM    4   20.83    0.00   14.58    0.00    0.00    4.17    0.00    0.00    0.00   60.42
12:56:28 PM    5   19.79    0.00   14.58    1.04    0.00    4.17    0.00    0.00    0.00   60.42
12:56:28 PM    6   16.13    0.00   16.13    0.00    0.00    6.45    0.00    0.00    0.00   61.29
12:56:28 PM    7   17.53    0.00   16.49    2.06    0.00    5.15    0.00    0.00    0.00   58.76

12:56:28 PM  CPU    %usr   %nice    %sys %iowait    %irq   %soft  %steal  %guest  %gnice   %idle
12:56:29 PM  all   15.75    0.00    8.70    0.00    0.00    3.59    0.00    0.00    0.00   71.96
12:56:29 PM    0   16.13    0.00    8.60    0.00    0.00    3.23    0.00    0.00    0.00   72.04
12:56:29 PM    1   15.91    0.00    6.82    0.00    0.00    2.27    0.00    0.00    0.00   75.00
12:56:29 PM    2   13.64    0.00    7.95    0.00    0.00    3.41    0.00    0.00    0.00   75.00
12:56:29 PM    3   12.79    0.00    9.30    0.00    0.00    2.33    0.00    0.00    0.00   75.58
12:56:29 PM    4   18.48    0.00    7.61    0.00    0.00    4.35    0.00    0.00    0.00   69.57
12:56:29 PM    5   15.22    0.00    9.78    0.00    0.00    5.43    0.00    0.00    0.00   69.57
12:56:29 PM    6   15.96    0.00   11.70    0.00    0.00    4.26    0.00    0.00    0.00   68.09
12:56:29 PM    7   17.58    0.00    7.69    0.00    0.00    3.30    0.00    0.00    0.00   71.43

12:56:29 PM  CPU    %usr   %nice    %sys %iowait    %irq   %soft  %steal  %guest  %gnice   %idle
12:56:30 PM  all   14.69    0.00    8.19    0.00    0.00    3.25    0.00    0.00    0.00   73.87
12:56:30 PM    0   14.94    0.00    8.05    0.00    0.00    1.15    0.00    0.00    0.00   75.86
12:56:30 PM    1   11.49    0.00   10.34    0.00    0.00    1.15    0.00    0.00    0.00   77.01
12:56:30 PM    2   14.77    0.00    6.82    0.00    0.00    3.41    0.00    0.00    0.00   75.00
12:56:30 PM    3   12.64    0.00    6.90    0.00    0.00    3.45    0.00    0.00    0.00   77.01
12:56:30 PM    4   14.44    0.00    7.78    0.00    0.00    5.56    0.00    0.00    0.00   72.22
12:56:30 PM    5   17.78    0.00    7.78    0.00    0.00    3.33    0.00    0.00    0.00   71.11
12:56:30 PM    6   15.56    0.00    8.89    0.00    0.00    4.44    0.00    0.00    0.00   71.11
12:56:30 PM    7   15.73    0.00    8.99    0.00    0.00    3.37    0.00    0.00    0.00   71.91

12:56:30 PM  CPU    %usr   %nice    %sys %iowait    %irq   %soft  %steal  %guest  %gnice   %idle
12:56:31 PM  all   11.80    0.00    8.71    0.70    0.00    3.37    0.00    0.00    0.00   75.42
12:56:31 PM    0   10.11    0.00    8.99    2.25    0.00    3.37    0.00    0.00    0.00   75.28
12:56:31 PM    1    9.20    0.00    9.20    0.00    0.00    1.15    0.00    0.00    0.00   80.46
12:56:31 PM    2    9.20    0.00    6.90    0.00    0.00    4.60    0.00    0.00    0.00   79.31
12:56:31 PM    3   12.79    0.00    6.98    2.33    0.00    2.33    0.00    0.00    0.00   75.58
12:56:31 PM    4   13.04    0.00    9.78    0.00    0.00    4.35    0.00    0.00    0.00   72.83
12:56:31 PM    5   13.19    0.00    8.79    1.10    0.00    4.40    0.00    0.00    0.00   72.53
12:56:31 PM    6   11.11    0.00   11.11    0.00    0.00    3.33    0.00    0.00    0.00   74.44
12:56:31 PM    7   15.56    0.00    7.78    0.00    0.00    3.33    0.00    0.00    0.00   73.33

12:56:31 PM  CPU    %usr   %nice    %sys %iowait    %irq   %soft  %steal  %guest  %gnice   %idle
12:56:32 PM  all   12.43    0.00    7.57    0.00    0.00    3.86    0.00    0.00    0.00   76.14
12:56:32 PM    0    5.88    0.00   12.94    0.00    0.00    2.35    0.00    0.00    0.00   78.82
12:56:32 PM    1   10.47    0.00    8.14    0.00    0.00    4.65    0.00    0.00    0.00   76.74
12:56:32 PM    2   10.71    0.00    5.95    0.00    0.00    1.19    0.00    0.00    0.00   82.14
12:56:32 PM    3   11.63    0.00    3.49    0.00    0.00    5.81    0.00    0.00    0.00   79.07
12:56:32 PM    4   14.29    0.00    9.89    0.00    0.00    4.40    0.00    0.00    0.00   71.43
12:56:32 PM    5   15.73    0.00    6.74    0.00    0.00    3.37    0.00    0.00    0.00   74.16
12:56:32 PM    6   16.67    0.00    5.56    0.00    0.00    4.44    0.00    0.00    0.00   73.33
12:56:32 PM    7   13.48    0.00    7.87    0.00    0.00    4.49    0.00    0.00    0.00   74.16

12:56:32 PM  CPU    %usr   %nice    %sys %iowait    %irq   %soft  %steal  %guest  %gnice   %idle
12:56:33 PM  all   11.65    0.00    7.05    0.29    0.00    3.02    0.00    0.00    0.00   77.99
12:56:33 PM    0    9.52    0.00    4.76    0.00    0.00    3.57    0.00    0.00    0.00   82.14
12:56:33 PM    1    9.52    0.00    8.33    0.00    0.00    0.00    0.00    0.00    0.00   82.14
12:56:33 PM    2    9.52    0.00    5.95    0.00    0.00    2.38    0.00    0.00    0.00   82.14
12:56:33 PM    3    9.64    0.00    3.61    0.00    0.00    2.41    0.00    0.00    0.00   84.34
12:56:33 PM    4   13.04    0.00    9.78    0.00    0.00    4.35    0.00    0.00    0.00   72.83
12:56:33 PM    5   13.64    0.00    6.82    0.00    0.00    3.41    0.00    0.00    0.00   76.14
12:56:33 PM    6   15.38    0.00    6.59    2.20    0.00    4.40    0.00    0.00    0.00   71.43
12:56:33 PM    7   12.36    0.00   10.11    0.00    0.00    3.37    0.00    0.00    0.00   74.16

12:56:33 PM  CPU    %usr   %nice    %sys %iowait    %irq   %soft  %steal  %guest  %gnice   %idle
12:56:34 PM  all   17.52    0.00   15.50    0.13    0.00    4.04    0.00    0.00    0.00   62.80
12:56:34 PM    0   18.28    0.00   15.05    0.00    0.00    3.23    0.00    0.00    0.00   63.44
12:56:34 PM    1   15.38    0.00   16.48    0.00    0.00    4.40    0.00    0.00    0.00   63.74
12:56:34 PM    2   17.78    0.00   12.22    0.00    0.00    4.44    0.00    0.00    0.00   65.56
12:56:34 PM    3   17.39    0.00   16.30    0.00    0.00    3.26    0.00    0.00    0.00   63.04
12:56:34 PM    4   16.84    0.00   17.89    1.05    0.00    3.16    0.00    0.00    0.00   61.05
12:56:34 PM    5   18.09    0.00   15.96    0.00    0.00    4.26    0.00    0.00    0.00   61.70
12:56:34 PM    6   18.48    0.00   11.96    0.00    0.00    5.43    0.00    0.00    0.00   64.13
12:56:34 PM    7   17.89    0.00   17.89    0.00    0.00    4.21    0.00    0.00    0.00   60.00

12:56:34 PM  CPU    %usr   %nice    %sys %iowait    %irq   %soft  %steal  %guest  %gnice   %idle
12:56:35 PM  all   18.50    0.00   22.77    0.00    0.00    5.95    0.00    0.00    0.00   52.78
12:56:35 PM    0   15.56    0.00   17.78    0.00    0.00    4.44    0.00    0.00    0.00   62.22
12:56:35 PM    1   17.53    0.00   21.65    0.00    0.00    5.15    0.00    0.00    0.00   55.67
12:56:35 PM    2   17.17    0.00   20.20    0.00    0.00    7.07    0.00    0.00    0.00   55.56
12:56:35 PM    3   13.68    0.00   23.16    0.00    0.00    5.26    0.00    0.00    0.00   57.89
12:56:35 PM    4   24.24    0.00   24.24    0.00    0.00    5.05    0.00    0.00    0.00   46.46
12:56:35 PM    5   20.83    0.00   25.00    0.00    0.00    5.21    0.00    0.00    0.00   48.96
12:56:35 PM    6   18.37    0.00   24.49    0.00    0.00    8.16    0.00    0.00    0.00   48.98
12:56:35 PM    7   20.20    0.00   25.25    0.00    0.00    7.07    0.00    0.00    0.00   47.47

12:56:35 PM  CPU    %usr   %nice    %sys %iowait    %irq   %soft  %steal  %guest  %gnice   %idle
12:56:36 PM  all   14.72    0.00    8.33    0.00    0.00    3.89    0.00    0.00    0.00   73.06
12:56:36 PM    0   16.09    0.00    4.60    0.00    0.00    2.30    0.00    0.00    0.00   77.01
12:56:36 PM    1   11.63    0.00    6.98    0.00    0.00    2.33    0.00    0.00    0.00   79.07
12:56:36 PM    2   12.50    0.00    9.09    0.00    0.00    3.41    0.00    0.00    0.00   75.00
12:56:36 PM    3   12.79    0.00    5.81    0.00    0.00    3.49    0.00    0.00    0.00   77.91
12:56:36 PM    4   13.68    0.00   13.68    0.00    0.00    4.21    0.00    0.00    0.00   68.42
12:56:36 PM    5   18.09    0.00    8.51    0.00    0.00    3.19    0.00    0.00    0.00   70.21
12:56:36 PM    6   18.48    0.00    8.70    0.00    0.00    4.35    0.00    0.00    0.00   68.48
12:56:36 PM    7   14.13    0.00    8.70    0.00    0.00    7.61    0.00    0.00    0.00   69.57

12:56:36 PM  CPU    %usr   %nice    %sys %iowait    %irq   %soft  %steal  %guest  %gnice   %idle
12:56:37 PM  all   14.56    0.00   11.26    0.00    0.00    4.26    0.00    0.00    0.00   69.92
12:56:37 PM    0   13.19    0.00   12.09    0.00    0.00    3.30    0.00    0.00    0.00   71.43
12:56:37 PM    1   11.49    0.00   10.34    0.00    0.00    5.75    0.00    0.00    0.00   72.41
12:56:37 PM    2   14.94    0.00    6.90    0.00    0.00    4.60    0.00    0.00    0.00   73.56
12:56:37 PM    3   12.50    0.00   10.23    0.00    0.00    2.27    0.00    0.00    0.00   75.00
12:56:37 PM    4   16.30    0.00   11.96    0.00    0.00    3.26    0.00    0.00    0.00   68.48
12:56:37 PM    5   15.96    0.00   13.83    0.00    0.00    4.26    0.00    0.00    0.00   65.96
12:56:37 PM    6   15.05    0.00   12.90    0.00    0.00    4.30    0.00    0.00    0.00   67.74
12:56:37 PM    7   16.67    0.00   11.46    0.00    0.00    6.25    0.00    0.00    0.00   65.62

12:56:37 PM  CPU    %usr   %nice    %sys %iowait    %irq   %soft  %steal  %guest  %gnice   %idle
12:56:38 PM  all   12.31    0.00   10.91    0.28    0.00    3.64    0.00    0.00    0.00   72.87
12:56:38 PM    0    8.43    0.00    8.43    0.00    0.00    4.82    0.00    0.00    0.00   78.31
12:56:38 PM    1   13.19    0.00    9.89    1.10    0.00    3.30    0.00    0.00    0.00   72.53
12:56:38 PM    2   12.36    0.00    8.99    1.12    0.00    3.37    0.00    0.00    0.00   74.16
12:56:38 PM    3   12.64    0.00   10.34    0.00    0.00    2.30    0.00    0.00    0.00   74.71
12:56:38 PM    4   12.09    0.00   13.19    0.00    0.00    3.30    0.00    0.00    0.00   71.43
12:56:38 PM    5   13.33    0.00   11.11    0.00    0.00    4.44    0.00    0.00    0.00   71.11
12:56:38 PM    6   13.98    0.00   10.75    0.00    0.00    4.30    0.00    0.00    0.00   70.97
12:56:38 PM    7   12.09    0.00   14.29    0.00    0.00    3.30    0.00    0.00    0.00   70.33

12:56:38 PM  CPU    %usr   %nice    %sys %iowait    %irq   %soft  %steal  %guest  %gnice   %idle
12:56:39 PM  all   13.41    0.00    6.84    0.00    0.00    3.77    0.00    0.00    0.00   75.98
12:56:39 PM    0   14.77    0.00    6.82    0.00    0.00    1.14    0.00    0.00    0.00   77.27
12:56:39 PM    1   11.36    0.00    9.09    0.00    0.00    2.27    0.00    0.00    0.00   77.27
12:56:39 PM    2    9.76    0.00    3.66    0.00    0.00    3.66    0.00    0.00    0.00   82.93
12:56:39 PM    3   10.59    0.00    4.71    0.00    0.00    3.53    0.00    0.00    0.00   81.18
12:56:39 PM    4   14.89    0.00    7.45    0.00    0.00    5.32    0.00    0.00    0.00   72.34
12:56:39 PM    5   15.79    0.00    8.42    0.00    0.00    4.21    0.00    0.00    0.00   71.58
12:56:39 PM    6   15.56    0.00    7.78    0.00    0.00    2.22    0.00    0.00    0.00   74.44
12:56:39 PM    7   13.83    0.00    6.38    0.00    0.00    7.45    0.00    0.00    0.00   72.34

12:56:39 PM  CPU    %usr   %nice    %sys %iowait    %irq   %soft  %steal  %guest  %gnice   %idle
12:56:40 PM  all    8.11    0.00   12.16    0.14    0.00    2.57    0.00    0.00    0.00   77.03
12:56:40 PM    0    5.56    0.00   13.33    0.00    0.00    1.11    0.00    0.00    0.00   80.00
12:56:40 PM    1    6.45    0.00   11.83    0.00    0.00    2.15    0.00    0.00    0.00   79.57
12:56:40 PM    2    6.12    0.00   16.33    0.00    0.00    2.04    0.00    0.00    0.00   75.51
12:56:40 PM    3    4.21    0.00   15.79    0.00    0.00    2.11    0.00    0.00    0.00   77.89
12:56:40 PM    4   12.22    0.00   10.00    0.00    0.00    3.33    0.00    0.00    0.00   74.44
12:56:40 PM    5   13.83    0.00    7.45    0.00    0.00    4.26    0.00    0.00    0.00   74.47
12:56:40 PM    6   10.00    0.00    8.89    0.00    0.00    2.22    0.00    0.00    0.00   78.89
12:56:40 PM    7    6.67    0.00   13.33    1.11    0.00    3.33    0.00    0.00    0.00   75.56

12:56:40 PM  CPU    %usr   %nice    %sys %iowait    %irq   %soft  %steal  %guest  %gnice   %idle
12:56:41 PM  all    4.84    0.00    8.30    0.00    0.00    1.38    0.00    0.00    0.00   85.48
12:56:41 PM    0    5.26    0.00   10.53    0.00    0.00    2.11    0.00    0.00    0.00   82.11
12:56:41 PM    1    3.41    0.00    6.82    0.00    0.00    1.14    0.00    0.00    0.00   88.64
12:56:41 PM    2    3.30    0.00    9.89    0.00    0.00    1.10    0.00    0.00    0.00   85.71
12:56:41 PM    3    3.53    0.00    3.53    0.00    0.00    1.18    0.00    0.00    0.00   91.76
12:56:41 PM    4    6.52    0.00    9.78    0.00    0.00    2.17    0.00    0.00    0.00   81.52
12:56:41 PM    5    4.65    0.00    8.14    0.00    0.00    0.00    0.00    0.00    0.00   87.21
12:56:41 PM    6    4.30    0.00    8.60    0.00    0.00    2.15    0.00    0.00    0.00   84.95
12:56:41 PM    7    7.53    0.00    8.60    0.00    0.00    1.08    0.00    0.00    0.00   82.80

12:56:41 PM  CPU    %usr   %nice    %sys %iowait    %irq   %soft  %steal  %guest  %gnice   %idle
12:56:42 PM  all    7.34    0.00   12.36    0.00    0.00    2.31    0.00    0.00    0.00   77.99
12:56:42 PM    0    9.68    0.00   10.75    0.00    0.00    2.15    0.00    0.00    0.00   77.42
12:56:42 PM    1    7.87    0.00   11.24    0.00    0.00    2.25    0.00    0.00    0.00   78.65
12:56:42 PM    2    9.78    0.00   10.87    0.00    0.00    3.26    0.00    0.00    0.00   76.09
12:56:42 PM    3    6.82    0.00   13.64    0.00    0.00    1.14    0.00    0.00    0.00   78.41
12:56:42 PM    4    7.61    0.00   11.96    0.00    0.00    2.17    0.00    0.00    0.00   78.26
12:56:42 PM    5    7.53    0.00   11.83    0.00    0.00    2.15    0.00    0.00    0.00   78.49
12:56:42 PM    6    4.21    0.00   15.79    0.00    0.00    3.16    0.00    0.00    0.00   76.84
12:56:42 PM    7    5.32    0.00   12.77    0.00    0.00    2.13    0.00    0.00    0.00   79.79
