Linux 5.15.0-171-generic (cloudnet-s05) 	05/19/2026 	_x86_64_	(8 CPU)

12:47:57 PM  CPU    %usr   %nice    %sys %iowait    %irq   %soft  %steal  %guest  %gnice   %idle
12:47:58 PM  all   40.55    0.00   14.77    0.13    0.00    7.01    0.00    0.00    0.00   37.55
12:47:58 PM    0   34.34    0.00   15.15    0.00    0.00    9.09    0.00    0.00    0.00   41.41
12:47:58 PM    1   31.68    0.00   21.78    0.00    0.00    7.92    0.00    0.00    0.00   38.61
12:47:58 PM    2   39.00    0.00   12.00    0.00    0.00    9.00    0.00    0.00    0.00   40.00
12:47:58 PM    3   33.66    0.00   18.81    0.00    0.00    6.93    0.00    0.00    0.00   40.59
12:47:58 PM    4   58.59    0.00   10.10    0.00    0.00    4.04    0.00    0.00    0.00   27.27
12:47:58 PM    5   32.32    0.00   18.18    0.00    0.00    6.06    0.00    0.00    0.00   43.43
12:47:58 PM    6   35.00    0.00   15.00    1.00    0.00    8.00    0.00    0.00    0.00   41.00
12:47:58 PM    7   60.00    0.00    7.00    0.00    0.00    5.00    0.00    0.00    0.00   28.00

12:47:58 PM  CPU    %usr   %nice    %sys %iowait    %irq   %soft  %steal  %guest  %gnice   %idle
12:47:59 PM  all   31.35    0.00   18.65    0.00    0.00    7.74    0.00    0.00    0.00   42.26
12:47:59 PM    0   31.63    0.00   17.35    0.00    0.00    9.18    0.00    0.00    0.00   41.84
12:47:59 PM    1   30.61    0.00   20.41    0.00    0.00    8.16    0.00    0.00    0.00   40.82
12:47:59 PM    2   29.29    0.00   21.21    0.00    0.00    8.08    0.00    0.00    0.00   41.41
12:47:59 PM    3   36.08    0.00   17.53    0.00    0.00    6.19    0.00    0.00    0.00   40.21
12:47:59 PM    4   32.00    0.00   16.00    0.00    0.00    9.00    0.00    0.00    0.00   43.00
12:47:59 PM    5   28.43    0.00   21.57    0.00    0.00    7.84    0.00    0.00    0.00   42.16
12:47:59 PM    6   31.96    0.00   17.53    0.00    0.00    7.22    0.00    0.00    0.00   43.30
12:47:59 PM    7   30.93    0.00   17.53    0.00    0.00    6.19    0.00    0.00    0.00   45.36

12:47:59 PM  CPU    %usr   %nice    %sys %iowait    %irq   %soft  %steal  %guest  %gnice   %idle
12:48:00 PM  all   31.41    0.00   17.02    0.00    0.00    8.25    0.00    0.00    0.00   43.32
12:48:00 PM    0   29.90    0.00   20.62    0.00    0.00    7.22    0.00    0.00    0.00   42.27
12:48:00 PM    1   31.96    0.00   14.43    0.00    0.00    9.28    0.00    0.00    0.00   44.33
12:48:00 PM    2   30.53    0.00   16.84    0.00    0.00    9.47    0.00    0.00    0.00   43.16
12:48:00 PM    3   31.96    0.00   18.56    0.00    0.00    6.19    0.00    0.00    0.00   43.30
12:48:00 PM    4   31.52    0.00   13.04    0.00    0.00    9.78    0.00    0.00    0.00   45.65
12:48:00 PM    5   32.98    0.00   14.89    0.00    0.00    8.51    0.00    0.00    0.00   43.62
12:48:00 PM    6   32.99    0.00   17.53    0.00    0.00    7.22    0.00    0.00    0.00   42.27
12:48:00 PM    7   29.47    0.00   20.00    0.00    0.00    8.42    0.00    0.00    0.00   42.11

12:48:00 PM  CPU    %usr   %nice    %sys %iowait    %irq   %soft  %steal  %guest  %gnice   %idle
12:48:01 PM  all   31.32    0.00   21.05    0.00    0.00   10.00    0.00    0.00    0.00   37.63
12:48:01 PM    0   32.26    0.00   20.43    0.00    0.00    8.60    0.00    0.00    0.00   38.71
12:48:01 PM    1   33.33    0.00   19.79    0.00    0.00   11.46    0.00    0.00    0.00   35.42
12:48:01 PM    2   31.52    0.00   20.65    0.00    0.00    7.61    0.00    0.00    0.00   40.22
12:48:01 PM    3   31.25    0.00   22.92    0.00    0.00    9.38    0.00    0.00    0.00   36.46
12:48:01 PM    4   28.57    0.00   22.45    0.00    0.00   12.24    0.00    0.00    0.00   36.73
12:48:01 PM    5   31.58    0.00   22.11    0.00    0.00    9.47    0.00    0.00    0.00   36.84
12:48:01 PM    6   33.68    0.00   18.95    0.00    0.00    9.47    0.00    0.00    0.00   37.89
12:48:01 PM    7   28.42    0.00   21.05    0.00    0.00   11.58    0.00    0.00    0.00   38.95

12:48:01 PM  CPU    %usr   %nice    %sys %iowait    %irq   %soft  %steal  %guest  %gnice   %idle
12:48:02 PM  all   34.18    0.00   19.49    0.00    0.00    8.54    0.00    0.00    0.00   37.78
12:48:02 PM    0   40.43    0.00   24.47    0.00    0.00    6.38    0.00    0.00    0.00   28.72
12:48:02 PM    1   35.42    0.00   23.96    0.00    0.00   11.46    0.00    0.00    0.00   29.17
12:48:02 PM    2   37.36    0.00   24.18    0.00    0.00    8.79    0.00    0.00    0.00   29.67
12:48:02 PM    3   39.18    0.00   22.68    0.00    0.00    9.28    0.00    0.00    0.00   28.87
12:48:02 PM    4   29.03    0.00   15.05    0.00    0.00   10.75    0.00    0.00    0.00   45.16
12:48:02 PM    5   34.07    0.00   10.99    0.00    0.00    7.69    0.00    0.00    0.00   47.25
12:48:02 PM    6   31.52    0.00   16.30    0.00    0.00    4.35    0.00    0.00    0.00   47.83
12:48:02 PM    7   26.32    0.00   17.89    0.00    0.00    9.47    0.00    0.00    0.00   46.32

12:48:02 PM  CPU    %usr   %nice    %sys %iowait    %irq   %soft  %steal  %guest  %gnice   %idle
12:48:03 PM  all   34.16    0.00   24.31    0.12    0.00   10.10    0.00    0.00    0.00   31.30
12:48:03 PM    0   31.43    0.00   25.71    0.00    0.00    8.57    0.00    0.00    0.00   34.29
12:48:03 PM    1   39.42    0.00   21.15    0.00    0.00    5.77    0.00    0.00    0.00   33.65
12:48:03 PM    2   30.93    0.00   19.59    0.00    0.00   12.37    0.00    0.00    0.00   37.11
12:48:03 PM    3   28.00    0.00   26.00    0.00    0.00   10.00    0.00    0.00    0.00   36.00
12:48:03 PM    4   34.31    0.00   28.43    0.00    0.00    9.80    0.00    0.00    0.00   27.45
12:48:03 PM    5   35.00    0.00   26.00    1.00    0.00   12.00    0.00    0.00    0.00   26.00
12:48:03 PM    6   34.69    0.00   24.49    0.00    0.00   13.27    0.00    0.00    0.00   27.55
12:48:03 PM    7   39.58    0.00   22.92    0.00    0.00    9.38    0.00    0.00    0.00   28.12

12:48:03 PM  CPU    %usr   %nice    %sys %iowait    %irq   %soft  %steal  %guest  %gnice   %idle
12:48:04 PM  all   34.28    0.00   20.33    0.00    0.00    8.54    0.00    0.00    0.00   36.86
12:48:04 PM    0   34.78    0.00   19.57    0.00    0.00    9.78    0.00    0.00    0.00   35.87
12:48:04 PM    1   32.98    0.00   22.34    0.00    0.00    5.32    0.00    0.00    0.00   39.36
12:48:04 PM    2   31.91    0.00   21.28    0.00    0.00    9.57    0.00    0.00    0.00   37.23
12:48:04 PM    3   35.11    0.00   19.15    0.00    0.00    9.57    0.00    0.00    0.00   36.17
12:48:04 PM    4   38.04    0.00   19.57    0.00    0.00    6.52    0.00    0.00    0.00   35.87
12:48:04 PM    5   36.56    0.00   19.35    0.00    0.00    9.68    0.00    0.00    0.00   34.41
12:48:04 PM    6   32.97    0.00   21.98    0.00    0.00    7.69    0.00    0.00    0.00   37.36
12:48:04 PM    7   31.82    0.00   19.32    0.00    0.00   10.23    0.00    0.00    0.00   38.64

12:48:04 PM  CPU    %usr   %nice    %sys %iowait    %irq   %soft  %steal  %guest  %gnice   %idle
12:48:05 PM  all   32.77    0.00   19.05    0.14    0.00    9.94    0.00    0.00    0.00   38.10
12:48:05 PM    0   33.72    0.00   20.93    0.00    0.00   11.63    0.00    0.00    0.00   33.72
12:48:05 PM    1   30.77    0.00   20.88    0.00    0.00   10.99    0.00    0.00    0.00   37.36
12:48:05 PM    2   35.63    0.00   19.54    1.15    0.00    9.20    0.00    0.00    0.00   34.48
12:48:05 PM    3   37.08    0.00   17.98    0.00    0.00   11.24    0.00    0.00    0.00   33.71
12:48:05 PM    4   28.89    0.00   18.89    0.00    0.00   11.11    0.00    0.00    0.00   41.11
12:48:05 PM    5   33.33    0.00   18.28    0.00    0.00    9.68    0.00    0.00    0.00   38.71
12:48:05 PM    6   28.09    0.00   19.10    0.00    0.00    7.87    0.00    0.00    0.00   44.94
12:48:05 PM    7   34.83    0.00   16.85    0.00    0.00    7.87    0.00    0.00    0.00   40.45

12:48:05 PM  CPU    %usr   %nice    %sys %iowait    %irq   %soft  %steal  %guest  %gnice   %idle
12:48:06 PM  all   33.42    0.00   21.75    0.00    0.00    9.95    0.00    0.00    0.00   34.88
12:48:06 PM    0   23.96    0.00   25.00    0.00    0.00    7.29    0.00    0.00    0.00   43.75
12:48:06 PM    1   27.91    0.00   17.44    0.00    0.00    8.14    0.00    0.00    0.00   46.51
12:48:06 PM    2   29.03    0.00   18.28    0.00    0.00    8.60    0.00    0.00    0.00   44.09
12:48:06 PM    3   27.78    0.00   18.89    0.00    0.00    5.56    0.00    0.00    0.00   47.78
12:48:06 PM    4   41.58    0.00   24.75    0.00    0.00    9.90    0.00    0.00    0.00   23.76
12:48:06 PM    5   36.08    0.00   22.68    0.00    0.00   15.46    0.00    0.00    0.00   25.77
12:48:06 PM    6   41.24    0.00   22.68    0.00    0.00   12.37    0.00    0.00    0.00   23.71
12:48:06 PM    7   38.30    0.00   23.40    0.00    0.00   11.70    0.00    0.00    0.00   26.60

12:48:06 PM  CPU    %usr   %nice    %sys %iowait    %irq   %soft  %steal  %guest  %gnice   %idle
12:48:07 PM  all   33.33    0.00   28.24    0.00    0.00    9.28    0.00    0.00    0.00   29.15
12:48:07 PM    0   24.74    0.00   27.84    0.00    0.00    9.28    0.00    0.00    0.00   38.14
12:48:07 PM    1   23.08    0.00   31.87    0.00    0.00    5.49    0.00    0.00    0.00   39.56
12:48:07 PM    2   27.17    0.00   29.35    0.00    0.00    4.35    0.00    0.00    0.00   39.13
12:48:07 PM    3   24.24    0.00   31.31    0.00    0.00    7.07    0.00    0.00    0.00   37.37
12:48:07 PM    4   41.67    0.00   28.12    0.00    0.00    9.38    0.00    0.00    0.00   20.83
12:48:07 PM    5   42.55    0.00   27.66    0.00    0.00   10.64    0.00    0.00    0.00   19.15
12:48:07 PM    6   42.00    0.00   27.00    0.00    0.00   10.00    0.00    0.00    0.00   21.00
12:48:07 PM    7   40.62    0.00   22.92    0.00    0.00   17.71    0.00    0.00    0.00   18.75

12:48:07 PM  CPU    %usr   %nice    %sys %iowait    %irq   %soft  %steal  %guest  %gnice   %idle
12:48:08 PM  all   35.62    0.00   20.83    0.13    0.00   10.75    0.00    0.00    0.00   32.66
12:48:08 PM    0   34.83    0.00   21.35    0.00    0.00    7.87    0.00    0.00    0.00   35.96
12:48:08 PM    1   35.16    0.00   24.18    0.00    0.00    7.69    0.00    0.00    0.00   32.97
12:48:08 PM    2   34.07    0.00   20.88    0.00    0.00    5.49    0.00    0.00    0.00   39.56
12:48:08 PM    3   26.88    0.00   22.58    0.00    0.00   11.83    0.00    0.00    0.00   38.71
12:48:08 PM    4   38.04    0.00   19.57    1.09    0.00   10.87    0.00    0.00    0.00   30.43
12:48:08 PM    5   37.11    0.00   19.59    0.00    0.00   15.46    0.00    0.00    0.00   27.84
12:48:08 PM    6   39.58    0.00   20.83    0.00    0.00   12.50    0.00    0.00    0.00   27.08
12:48:08 PM    7   38.95    0.00   17.89    0.00    0.00   13.68    0.00    0.00    0.00   29.47

12:48:08 PM  CPU    %usr   %nice    %sys %iowait    %irq   %soft  %steal  %guest  %gnice   %idle
12:48:09 PM  all   36.02    0.00   21.56    0.00    0.00    9.14    0.00    0.00    0.00   33.29
12:48:09 PM    0   26.44    0.00   22.99    0.00    0.00    8.05    0.00    0.00    0.00   42.53
12:48:09 PM    1   30.68    0.00   18.18    0.00    0.00   10.23    0.00    0.00    0.00   40.91
12:48:09 PM    2   29.55    0.00   22.73    0.00    0.00    5.68    0.00    0.00    0.00   42.05
12:48:09 PM    3   29.67    0.00   25.27    0.00    0.00    5.49    0.00    0.00    0.00   39.56
12:48:09 PM    4   40.62    0.00   23.96    0.00    0.00   10.42    0.00    0.00    0.00   25.00
12:48:09 PM    5   49.46    0.00   15.05    0.00    0.00   10.75    0.00    0.00    0.00   24.73
12:48:09 PM    6   34.74    0.00   25.26    0.00    0.00   11.58    0.00    0.00    0.00   28.42
12:48:09 PM    7   45.26    0.00   18.95    0.00    0.00   10.53    0.00    0.00    0.00   25.26

12:48:09 PM  CPU    %usr   %nice    %sys %iowait    %irq   %soft  %steal  %guest  %gnice   %idle
12:48:10 PM  all   31.77    0.00   20.85    0.00    0.00    9.79    0.00    0.00    0.00   37.59
12:48:10 PM    0   25.58    0.00   19.77    0.00    0.00    8.14    0.00    0.00    0.00   46.51
12:48:10 PM    1   26.74    0.00   16.28    0.00    0.00    9.30    0.00    0.00    0.00   47.67
12:48:10 PM    2   30.00    0.00   15.56    0.00    0.00    8.89    0.00    0.00    0.00   45.56
12:48:10 PM    3   25.58    0.00   19.77    0.00    0.00    6.98    0.00    0.00    0.00   47.67
12:48:10 PM    4   36.78    0.00   21.84    0.00    0.00   12.64    0.00    0.00    0.00   28.74
12:48:10 PM    5   32.97    0.00   26.37    0.00    0.00   10.99    0.00    0.00    0.00   29.67
12:48:10 PM    6   37.36    0.00   25.27    0.00    0.00    9.89    0.00    0.00    0.00   27.47
12:48:10 PM    7   38.64    0.00   21.59    0.00    0.00   11.36    0.00    0.00    0.00   28.41

12:48:10 PM  CPU    %usr   %nice    %sys %iowait    %irq   %soft  %steal  %guest  %gnice   %idle
12:48:11 PM  all   33.20    0.00   19.07    0.00    0.00   10.15    0.00    0.00    0.00   37.59
12:48:11 PM    0   37.78    0.00   16.67    0.00    0.00   10.00    0.00    0.00    0.00   35.56
12:48:11 PM    1   37.36    0.00   20.88    0.00    0.00    7.69    0.00    0.00    0.00   34.07
12:48:11 PM    2   37.36    0.00   18.68    0.00    0.00    8.79    0.00    0.00    0.00   35.16
12:48:11 PM    3   29.67    0.00   20.88    0.00    0.00   13.19    0.00    0.00    0.00   36.26
12:48:11 PM    4   27.96    0.00   19.35    0.00    0.00   10.75    0.00    0.00    0.00   41.94
12:48:11 PM    5   34.44    0.00   16.67    0.00    0.00   10.00    0.00    0.00    0.00   38.89
12:48:11 PM    6   28.57    0.00   23.08    0.00    0.00    7.69    0.00    0.00    0.00   40.66
12:48:11 PM    7   32.61    0.00   16.30    0.00    0.00   13.04    0.00    0.00    0.00   38.04

12:48:11 PM  CPU    %usr   %nice    %sys %iowait    %irq   %soft  %steal  %guest  %gnice   %idle
12:48:12 PM  all   33.24    0.00   18.54    0.00    0.00    8.70    0.00    0.00    0.00   39.51
12:48:12 PM    0   25.88    0.00   16.47    0.00    0.00    8.24    0.00    0.00    0.00   49.41
12:48:12 PM    1   28.41    0.00   19.32    0.00    0.00    4.55    0.00    0.00    0.00   47.73
12:48:12 PM    2   27.59    0.00   17.24    0.00    0.00    4.60    0.00    0.00    0.00   50.57
12:48:12 PM    3   24.69    0.00   14.81    0.00    0.00    7.41    0.00    0.00    0.00   53.09
12:48:12 PM    4   37.50    0.00   20.45    0.00    0.00    9.09    0.00    0.00    0.00   32.95
12:48:12 PM    5   38.46    0.00   19.78    0.00    0.00   14.29    0.00    0.00    0.00   27.47
12:48:12 PM    6   40.00    0.00   17.78    0.00    0.00   12.22    0.00    0.00    0.00   30.00
12:48:12 PM    7   41.76    0.00   21.98    0.00    0.00    8.79    0.00    0.00    0.00   27.47

12:48:12 PM  CPU    %usr   %nice    %sys %iowait    %irq   %soft  %steal  %guest  %gnice   %idle
12:48:13 PM  all   33.85    0.00   14.06    0.15    0.00    8.04    0.00    0.00    0.00   43.89
12:48:13 PM    0   32.91    0.00   13.92    0.00    0.00    5.06    0.00    0.00    0.00   48.10
12:48:13 PM    1   31.17    0.00   10.39    0.00    0.00    7.79    0.00    0.00    0.00   50.65
12:48:13 PM    2   29.11    0.00   13.92    0.00    0.00    8.86    0.00    0.00    0.00   48.10
12:48:13 PM    3   34.94    0.00    9.64    0.00    0.00    8.43    0.00    0.00    0.00   46.99
12:48:13 PM    4   37.35    0.00   14.46    0.00    0.00    9.64    0.00    0.00    0.00   38.55
12:48:13 PM    5   35.00    0.00   16.25    0.00    0.00    6.25    0.00    0.00    0.00   42.50
12:48:13 PM    6   36.59    0.00   15.85    1.22    0.00    7.32    0.00    0.00    0.00   39.02
12:48:13 PM    7   33.33    0.00   17.86    0.00    0.00   10.71    0.00    0.00    0.00   38.10

12:48:13 PM  CPU    %usr   %nice    %sys %iowait    %irq   %soft  %steal  %guest  %gnice   %idle
12:48:14 PM  all   35.15    0.00   16.32    0.29    0.00    6.62    0.00    0.00    0.00   41.62
12:48:14 PM    0   32.93    0.00   13.41    1.22    0.00    9.76    0.00    0.00    0.00   42.68
12:48:14 PM    1   36.36    0.00   13.64    1.14    0.00    6.82    0.00    0.00    0.00   42.05
12:48:14 PM    2   29.27    0.00   20.73    0.00    0.00    3.66    0.00    0.00    0.00   46.34
12:48:14 PM    3   33.73    0.00   16.87    0.00    0.00    4.82    0.00    0.00    0.00   44.58
12:48:14 PM    4   39.53    0.00   13.95    0.00    0.00    6.98    0.00    0.00    0.00   39.53
12:48:14 PM    5   39.08    0.00   18.39    0.00    0.00    3.45    0.00    0.00    0.00   39.08
12:48:14 PM    6   36.47    0.00   15.29    0.00    0.00    8.24    0.00    0.00    0.00   40.00
12:48:14 PM    7   33.33    0.00   18.39    0.00    0.00    9.20    0.00    0.00    0.00   39.08

12:48:14 PM  CPU    %usr   %nice    %sys %iowait    %irq   %soft  %steal  %guest  %gnice   %idle
12:48:15 PM  all   34.40    0.00   25.57    0.00    0.00    8.17    0.00    0.00    0.00   31.86
12:48:15 PM    0   26.44    0.00   24.14    0.00    0.00    5.75    0.00    0.00    0.00   43.68
12:48:15 PM    1   27.47    0.00   27.47    0.00    0.00    4.40    0.00    0.00    0.00   40.66
12:48:15 PM    2   22.58    0.00   25.81    0.00    0.00    8.60    0.00    0.00    0.00   43.01
12:48:15 PM    3   23.16    0.00   27.37    0.00    0.00    5.26    0.00    0.00    0.00   44.21
12:48:15 PM    4   43.62    0.00   23.40    0.00    0.00   10.64    0.00    0.00    0.00   22.34
12:48:15 PM    5   41.24    0.00   26.80    0.00    0.00   10.31    0.00    0.00    0.00   21.65
12:48:15 PM    6   48.94    0.00   22.34    0.00    0.00    9.57    0.00    0.00    0.00   19.15
12:48:15 PM    7   40.62    0.00   27.08    0.00    0.00   10.42    0.00    0.00    0.00   21.88

12:48:15 PM  CPU    %usr   %nice    %sys %iowait    %irq   %soft  %steal  %guest  %gnice   %idle
12:48:16 PM  all   35.86    0.00   21.94    0.00    0.00    9.00    0.00    0.00    0.00   33.19
12:48:16 PM    0   25.58    0.00   24.42    0.00    0.00    8.14    0.00    0.00    0.00   41.86
12:48:16 PM    1   30.53    0.00   22.11    0.00    0.00    6.32    0.00    0.00    0.00   41.05
12:48:16 PM    2   29.27    0.00   19.51    0.00    0.00    7.32    0.00    0.00    0.00   43.90
12:48:16 PM    3   26.44    0.00   20.69    0.00    0.00    9.20    0.00    0.00    0.00   43.68
12:48:16 PM    4   38.89    0.00   23.33    0.00    0.00   14.44    0.00    0.00    0.00   23.33
12:48:16 PM    5   47.25    0.00   19.78    0.00    0.00    7.69    0.00    0.00    0.00   25.27
12:48:16 PM    6   48.91    0.00   19.57    0.00    0.00    9.78    0.00    0.00    0.00   21.74
12:48:16 PM    7   38.64    0.00   26.14    0.00    0.00    9.09    0.00    0.00    0.00   26.14

12:48:16 PM  CPU    %usr   %nice    %sys %iowait    %irq   %soft  %steal  %guest  %gnice   %idle
12:48:17 PM  all   35.85    0.00   21.97    0.00    0.00    8.22    0.00    0.00    0.00   33.96
12:48:17 PM    0   25.53    0.00   19.15    0.00    0.00    9.57    0.00    0.00    0.00   45.74
12:48:17 PM    1   24.47    0.00   24.47    0.00    0.00    5.32    0.00    0.00    0.00   45.74
12:48:17 PM    2   20.45    0.00   20.45    0.00    0.00    7.95    0.00    0.00    0.00   51.14
12:48:17 PM    3   22.73    0.00   19.32    0.00    0.00    4.55    0.00    0.00    0.00   53.41
12:48:17 PM    4   51.58    0.00   20.00    0.00    0.00    9.47    0.00    0.00    0.00   18.95
12:48:17 PM    5   50.00    0.00   22.34    0.00    0.00    7.45    0.00    0.00    0.00   20.21
12:48:17 PM    6   48.42    0.00   23.16    0.00    0.00    9.47    0.00    0.00    0.00   18.95
12:48:17 PM    7   41.49    0.00   26.60    0.00    0.00   11.70    0.00    0.00    0.00   20.21

12:48:17 PM  CPU    %usr   %nice    %sys %iowait    %irq   %soft  %steal  %guest  %gnice   %idle
12:48:18 PM  all   33.77    0.00   17.89    0.43    0.00    7.79    0.00    0.00    0.00   40.12
12:48:18 PM    0   31.33    0.00   15.66    0.00    0.00    9.64    0.00    0.00    0.00   43.37
12:48:18 PM    1   30.12    0.00   16.87    0.00    0.00    7.23    0.00    0.00    0.00   45.78
12:48:18 PM    2   27.91    0.00   18.60    0.00    0.00    6.98    0.00    0.00    0.00   46.51
12:48:18 PM    3   25.58    0.00   19.77    1.16    0.00    9.30    0.00    0.00    0.00   44.19
12:48:18 PM    4   35.23    0.00   20.45    0.00    0.00    9.09    0.00    0.00    0.00   35.23
12:48:18 PM    5   40.91    0.00   14.77    0.00    0.00    9.09    0.00    0.00    0.00   35.23
12:48:18 PM    6   41.11    0.00   16.67    1.11    0.00    4.44    0.00    0.00    0.00   36.67
12:48:18 PM    7   37.08    0.00   20.22    1.12    0.00    6.74    0.00    0.00    0.00   34.83

12:48:18 PM  CPU    %usr   %nice    %sys %iowait    %irq   %soft  %steal  %guest  %gnice   %idle
12:48:19 PM  all   32.87    0.00   21.91    0.00    0.00    9.15    0.00    0.00    0.00   36.06
12:48:19 PM    0   27.59    0.00   20.69    0.00    0.00    6.90    0.00    0.00    0.00   44.83
12:48:19 PM    1   28.57    0.00   18.68    0.00    0.00    7.69    0.00    0.00    0.00   45.05
12:48:19 PM    2   29.21    0.00   21.35    0.00    0.00    6.74    0.00    0.00    0.00   42.70
12:48:19 PM    3   26.67    0.00   18.89    0.00    0.00   12.22    0.00    0.00    0.00   42.22
12:48:19 PM    4   37.89    0.00   28.42    0.00    0.00    7.37    0.00    0.00    0.00   26.32
12:48:19 PM    5   34.44    0.00   25.56    0.00    0.00   11.11    0.00    0.00    0.00   28.89
12:48:19 PM    6   37.50    0.00   21.59    0.00    0.00   11.36    0.00    0.00    0.00   29.55
12:48:19 PM    7   40.66    0.00   19.78    0.00    0.00    9.89    0.00    0.00    0.00   29.67

12:48:19 PM  CPU    %usr   %nice    %sys %iowait    %irq   %soft  %steal  %guest  %gnice   %idle
12:48:20 PM  all   36.57    0.00   18.62    0.00    0.00    8.37    0.00    0.00    0.00   36.44
12:48:20 PM    0   36.84    0.00   16.84    0.00    0.00    9.47    0.00    0.00    0.00   36.84
12:48:20 PM    1   32.97    0.00   15.38    0.00    0.00   10.99    0.00    0.00    0.00   40.66
12:48:20 PM    2   35.87    0.00   17.39    0.00    0.00    6.52    0.00    0.00    0.00   40.22
12:48:20 PM    3   31.11    0.00   20.00    0.00    0.00    6.67    0.00    0.00    0.00   42.22
12:48:20 PM    4   41.49    0.00   19.15    0.00    0.00    6.38    0.00    0.00    0.00   32.98
12:48:20 PM    5   36.96    0.00   19.57    0.00    0.00    9.78    0.00    0.00    0.00   33.70
12:48:20 PM    6   39.36    0.00   19.15    0.00    0.00    9.57    0.00    0.00    0.00   31.91
12:48:20 PM    7   37.63    0.00   21.51    0.00    0.00    7.53    0.00    0.00    0.00   33.33

12:48:20 PM  CPU    %usr   %nice    %sys %iowait    %irq   %soft  %steal  %guest  %gnice   %idle
12:48:21 PM  all   36.06    0.00   16.09    0.00    0.00    8.04    0.00    0.00    0.00   39.81
12:48:21 PM    0   27.91    0.00   16.28    0.00    0.00    6.98    0.00    0.00    0.00   48.84
12:48:21 PM    1   30.68    0.00   14.77    0.00    0.00    7.95    0.00    0.00    0.00   46.59
12:48:21 PM    2   33.33    0.00   11.49    0.00    0.00    8.05    0.00    0.00    0.00   47.13
12:48:21 PM    3   32.97    0.00   15.38    0.00    0.00    7.69    0.00    0.00    0.00   43.96
12:48:21 PM    4   43.48    0.00   15.22    0.00    0.00    7.61    0.00    0.00    0.00   33.70
12:48:21 PM    5   43.48    0.00   15.22    0.00    0.00    9.78    0.00    0.00    0.00   31.52
12:48:21 PM    6   35.16    0.00   21.98    0.00    0.00    8.79    0.00    0.00    0.00   34.07
12:48:21 PM    7   40.43    0.00   18.09    0.00    0.00    7.45    0.00    0.00    0.00   34.04

12:48:21 PM  CPU    %usr   %nice    %sys %iowait    %irq   %soft  %steal  %guest  %gnice   %idle
12:48:22 PM  all   33.06    0.00   22.36    0.00    0.00    9.88    0.00    0.00    0.00   34.71
12:48:22 PM    0   35.48    0.00   20.43    0.00    0.00    9.68    0.00    0.00    0.00   34.41
12:48:22 PM    1   24.42    0.00   29.07    0.00    0.00    8.14    0.00    0.00    0.00   38.37
12:48:22 PM    2   35.96    0.00   20.22    0.00    0.00    7.87    0.00    0.00    0.00   35.96
12:48:22 PM    3   28.26    0.00   23.91    0.00    0.00    9.78    0.00    0.00    0.00   38.04
12:48:22 PM    4   39.56    0.00   18.68    0.00    0.00   10.99    0.00    0.00    0.00   30.77
12:48:22 PM    5   34.78    0.00   19.57    0.00    0.00   11.96    0.00    0.00    0.00   33.70
12:48:22 PM    6   33.70    0.00   21.74    0.00    0.00   11.96    0.00    0.00    0.00   32.61
12:48:22 PM    7   31.91    0.00   25.53    0.00    0.00    8.51    0.00    0.00    0.00   34.04

12:48:22 PM  CPU    %usr   %nice    %sys %iowait    %irq   %soft  %steal  %guest  %gnice   %idle
12:48:23 PM  all   35.91    0.00   23.07    0.00    0.00    8.39    0.00    0.00    0.00   32.63
12:48:23 PM    0   27.96    0.00   23.66    0.00    0.00   10.75    0.00    0.00    0.00   37.63
12:48:23 PM    1   33.70    0.00   20.65    0.00    0.00    5.43    0.00    0.00    0.00   40.22
12:48:23 PM    2   28.57    0.00   21.98    0.00    0.00    7.69    0.00    0.00    0.00   41.76
12:48:23 PM    3   29.67    0.00   23.08    0.00    0.00    5.49    0.00    0.00    0.00   41.76
12:48:23 PM    4   35.00    0.00   30.00    0.00    0.00    9.00    0.00    0.00    0.00   26.00
12:48:23 PM    5   44.00    0.00   23.00    0.00    0.00    9.00    0.00    0.00    0.00   24.00
12:48:23 PM    6   46.00    0.00   18.00    0.00    0.00   10.00    0.00    0.00    0.00   26.00
12:48:23 PM    7   40.62    0.00   23.96    0.00    0.00    9.38    0.00    0.00    0.00   26.04

12:48:23 PM  CPU    %usr   %nice    %sys %iowait    %irq   %soft  %steal  %guest  %gnice   %idle
12:48:24 PM  all   34.03    0.00   25.23    0.00    0.00    9.33    0.00    0.00    0.00   31.41
12:48:24 PM    0   21.88    0.00   27.08    0.00    0.00    8.33    0.00    0.00    0.00   42.71
12:48:24 PM    1   27.17    0.00   19.57    0.00    0.00    7.61    0.00    0.00    0.00   45.65
12:48:24 PM    2   29.29    0.00   24.24    0.00    0.00    8.08    0.00    0.00    0.00   38.38
12:48:24 PM    3   25.00    0.00   22.83    0.00    0.00    8.70    0.00    0.00    0.00   43.48
12:48:24 PM    4   42.11    0.00   26.32    0.00    0.00   10.53    0.00    0.00    0.00   21.05
12:48:24 PM    5   41.30    0.00   28.26    0.00    0.00    9.78    0.00    0.00    0.00   20.65
12:48:24 PM    6   42.42    0.00   28.28    0.00    0.00   10.10    0.00    0.00    0.00   19.19
12:48:24 PM    7   42.71    0.00   25.00    0.00    0.00   11.46    0.00    0.00    0.00   20.83

12:48:24 PM  CPU    %usr   %nice    %sys %iowait    %irq   %soft  %steal  %guest  %gnice   %idle
12:48:25 PM  all   35.49    0.00   23.48    0.00    0.00    9.76    0.00    0.00    0.00   31.27
12:48:25 PM    0   32.97    0.00   24.18    0.00    0.00    7.69    0.00    0.00    0.00   35.16
12:48:25 PM    1   34.04    0.00   21.28    0.00    0.00    9.57    0.00    0.00    0.00   35.11
12:48:25 PM    2   35.79    0.00   21.05    0.00    0.00    8.42    0.00    0.00    0.00   34.74
12:48:25 PM    3   34.09    0.00   21.59    0.00    0.00    6.82    0.00    0.00    0.00   37.50
12:48:25 PM    4   36.84    0.00   23.16    0.00    0.00   11.58    0.00    0.00    0.00   28.42
12:48:25 PM    5   35.05    0.00   25.77    0.00    0.00   13.40    0.00    0.00    0.00   25.77
12:48:25 PM    6   38.61    0.00   26.73    0.00    0.00    8.91    0.00    0.00    0.00   25.74
12:48:25 PM    7   36.08    0.00   23.71    0.00    0.00   11.34    0.00    0.00    0.00   28.87

12:48:25 PM  CPU    %usr   %nice    %sys %iowait    %irq   %soft  %steal  %guest  %gnice   %idle
12:48:26 PM  all   33.95    0.00   22.64    0.00    0.00   10.65    0.00    0.00    0.00   32.76
12:48:26 PM    0   27.96    0.00   23.66    0.00    0.00   11.83    0.00    0.00    0.00   36.56
12:48:26 PM    1   30.00    0.00   18.89    0.00    0.00    8.89    0.00    0.00    0.00   42.22
12:48:26 PM    2   28.72    0.00   22.34    0.00    0.00    8.51    0.00    0.00    0.00   40.43
12:48:26 PM    3   31.52    0.00   20.65    0.00    0.00    7.61    0.00    0.00    0.00   40.22
12:48:26 PM    4   41.94    0.00   21.51    0.00    0.00   10.75    0.00    0.00    0.00   25.81
12:48:26 PM    5   30.85    0.00   28.72    0.00    0.00   13.83    0.00    0.00    0.00   26.60
12:48:26 PM    6   39.58    0.00   21.88    0.00    0.00   11.46    0.00    0.00    0.00   27.08
12:48:26 PM    7   40.40    0.00   23.23    0.00    0.00   12.12    0.00    0.00    0.00   24.24

12:48:26 PM  CPU    %usr   %nice    %sys %iowait    %irq   %soft  %steal  %guest  %gnice   %idle
12:48:27 PM  all   34.18    0.00   20.46    0.00    0.00   10.67    0.00    0.00    0.00   34.69
12:48:27 PM    0   35.71    0.00   18.37    0.00    0.00   12.24    0.00    0.00    0.00   33.67
12:48:27 PM    1   36.63    0.00   19.80    0.00    0.00   11.88    0.00    0.00    0.00   31.68
12:48:27 PM    2   35.71    0.00   20.41    0.00    0.00   12.24    0.00    0.00    0.00   31.63
12:48:27 PM    3   33.98    0.00   24.27    0.00    0.00    9.71    0.00    0.00    0.00   32.04
12:48:27 PM    4   34.34    0.00   20.20    0.00    0.00   10.10    0.00    0.00    0.00   35.35
12:48:27 PM    5   31.25    0.00   19.79    0.00    0.00   10.42    0.00    0.00    0.00   38.54
12:48:27 PM    6   35.05    0.00   19.59    0.00    0.00    8.25    0.00    0.00    0.00   37.11
12:48:27 PM    7   30.53    0.00   21.05    0.00    0.00   10.53    0.00    0.00    0.00   37.89

12:48:27 PM  CPU    %usr   %nice    %sys %iowait    %irq   %soft  %steal  %guest  %gnice   %idle
12:48:28 PM  all   34.54    0.00   21.01    0.00    0.00    9.66    0.00    0.00    0.00   34.79
12:48:28 PM    0   39.00    0.00   22.00    0.00    0.00    9.00    0.00    0.00    0.00   30.00
12:48:28 PM    1   39.18    0.00   19.59    0.00    0.00   10.31    0.00    0.00    0.00   30.93
12:48:28 PM    2   38.14    0.00   20.62    0.00    0.00    7.22    0.00    0.00    0.00   34.02
12:48:28 PM    3   35.71    0.00   22.45    0.00    0.00   11.22    0.00    0.00    0.00   30.61
12:48:28 PM    4   35.79    0.00   17.89    0.00    0.00    8.42    0.00    0.00    0.00   37.89
12:48:28 PM    5   31.58    0.00   20.00    0.00    0.00   10.53    0.00    0.00    0.00   37.89
12:48:28 PM    6   27.55    0.00   22.45    0.00    0.00   12.24    0.00    0.00    0.00   37.76
12:48:28 PM    7   29.17    0.00   22.92    0.00    0.00    8.33    0.00    0.00    0.00   39.58

12:48:28 PM  CPU    %usr   %nice    %sys %iowait    %irq   %soft  %steal  %guest  %gnice   %idle
12:48:29 PM  all   33.97    0.00   25.16    0.00    0.00    9.58    0.00    0.00    0.00   31.29
12:48:29 PM    0   27.96    0.00   25.81    0.00    0.00    6.45    0.00    0.00    0.00   39.78
12:48:29 PM    1   25.00    0.00   23.91    0.00    0.00    9.78    0.00    0.00    0.00   41.30
12:48:29 PM    2   29.47    0.00   21.05    0.00    0.00    9.47    0.00    0.00    0.00   40.00
12:48:29 PM    3   26.53    0.00   23.47    0.00    0.00    8.16    0.00    0.00    0.00   41.84
12:48:29 PM    4   39.81    0.00   28.16    0.00    0.00    9.71    0.00    0.00    0.00   22.33
12:48:29 PM    5   37.62    0.00   26.73    0.00    0.00   12.87    0.00    0.00    0.00   22.77
12:48:29 PM    6   42.00    0.00   27.00    0.00    0.00    9.00    0.00    0.00    0.00   22.00
12:48:29 PM    7   41.58    0.00   24.75    0.00    0.00   10.89    0.00    0.00    0.00   22.77

12:48:29 PM  CPU    %usr   %nice    %sys %iowait    %irq   %soft  %steal  %guest  %gnice   %idle
12:48:30 PM  all   35.67    0.00   23.03    0.00    0.00   10.76    0.00    0.00    0.00   30.54
12:48:30 PM    0   34.04    0.00   20.21    0.00    0.00    7.45    0.00    0.00    0.00   38.30
12:48:30 PM    1   29.81    0.00   24.04    0.00    0.00    9.62    0.00    0.00    0.00   36.54
12:48:30 PM    2   34.02    0.00   22.68    0.00    0.00    4.12    0.00    0.00    0.00   39.18
12:48:30 PM    3   26.32    0.00   25.26    0.00    0.00   10.53    0.00    0.00    0.00   37.89
12:48:30 PM    4   40.59    0.00   25.74    0.00    0.00   11.88    0.00    0.00    0.00   21.78
12:48:30 PM    5   39.00    0.00   25.00    0.00    0.00   13.00    0.00    0.00    0.00   23.00
12:48:30 PM    6   39.62    0.00   20.75    0.00    0.00   16.04    0.00    0.00    0.00   23.58
12:48:30 PM    7   41.18    0.00   20.59    0.00    0.00   12.75    0.00    0.00    0.00   25.49

12:48:30 PM  CPU    %usr   %nice    %sys %iowait    %irq   %soft  %steal  %guest  %gnice   %idle
12:48:31 PM  all   35.15    0.00   22.15    0.00    0.00   10.02    0.00    0.00    0.00   32.67
12:48:31 PM    0   35.05    0.00   17.53    0.00    0.00    7.22    0.00    0.00    0.00   40.21
12:48:31 PM    1   28.42    0.00   21.05    0.00    0.00    9.47    0.00    0.00    0.00   41.05
12:48:31 PM    2   28.43    0.00   25.49    0.00    0.00    8.82    0.00    0.00    0.00   37.25
12:48:31 PM    3   34.69    0.00   18.37    0.00    0.00    7.14    0.00    0.00    0.00   39.80
12:48:31 PM    4   39.62    0.00   24.53    0.00    0.00    9.43    0.00    0.00    0.00   26.42
12:48:31 PM    5   33.01    0.00   25.24    0.00    0.00   15.53    0.00    0.00    0.00   26.21
12:48:31 PM    6   40.40    0.00   18.18    0.00    0.00   12.12    0.00    0.00    0.00   29.29
12:48:31 PM    7   40.74    0.00   25.93    0.00    0.00   10.19    0.00    0.00    0.00   23.15

12:48:31 PM  CPU    %usr   %nice    %sys %iowait    %irq   %soft  %steal  %guest  %gnice   %idle
12:48:32 PM  all   35.57    0.00   22.40    0.00    0.00   10.06    0.00    0.00    0.00   31.98
12:48:32 PM    0   37.74    0.00   20.75    0.00    0.00   10.38    0.00    0.00    0.00   31.13
12:48:32 PM    1   34.91    0.00   25.47    0.00    0.00    8.49    0.00    0.00    0.00   31.13
12:48:32 PM    2   38.10    0.00   20.95    0.00    0.00   10.48    0.00    0.00    0.00   30.48
12:48:32 PM    3   34.31    0.00   22.55    0.00    0.00    8.82    0.00    0.00    0.00   34.31
12:48:32 PM    4   33.33    0.00   23.53    0.00    0.00   10.78    0.00    0.00    0.00   32.35
12:48:32 PM    5   28.85    0.00   26.92    0.00    0.00   11.54    0.00    0.00    0.00   32.69
12:48:32 PM    6   38.10    0.00   19.05    0.00    0.00   10.48    0.00    0.00    0.00   32.38
12:48:32 PM    7   39.05    0.00   20.00    0.00    0.00    9.52    0.00    0.00    0.00   31.43

12:48:32 PM  CPU    %usr   %nice    %sys %iowait    %irq   %soft  %steal  %guest  %gnice   %idle
12:48:33 PM  all   34.44    0.00   23.94    0.77    0.00    9.86    0.00    0.00    0.00   30.99
12:48:33 PM    0   29.59    0.00   23.47    1.02    0.00   10.20    0.00    0.00    0.00   35.71
12:48:33 PM    1   31.96    0.00   20.62    1.03    0.00   10.31    0.00    0.00    0.00   36.08
12:48:33 PM    2   28.12    0.00   26.04    0.00    0.00    7.29    0.00    0.00    0.00   38.54
12:48:33 PM    3   32.26    0.00   21.51    1.08    0.00    6.45    0.00    0.00    0.00   38.71
12:48:33 PM    4   39.18    0.00   23.71    0.00    0.00   11.34    0.00    0.00    0.00   25.77
12:48:33 PM    5   39.80    0.00   25.51    1.02    0.00   10.20    0.00    0.00    0.00   23.47
12:48:33 PM    6   30.30    0.00   30.30    0.00    0.00   12.12    0.00    0.00    0.00   27.27
12:48:33 PM    7   43.69    0.00   20.39    1.94    0.00   10.68    0.00    0.00    0.00   23.30

12:48:33 PM  CPU    %usr   %nice    %sys %iowait    %irq   %soft  %steal  %guest  %gnice   %idle
12:48:34 PM  all   34.52    0.00   23.50    0.00    0.00    9.55    0.00    0.00    0.00   32.44
12:48:34 PM    0   24.75    0.00   26.73    0.00    0.00    8.91    0.00    0.00    0.00   39.60
12:48:34 PM    1   28.57    0.00   20.41    0.00    0.00   10.20    0.00    0.00    0.00   40.82
12:48:34 PM    2   29.17    0.00   19.79    0.00    0.00   10.42    0.00    0.00    0.00   40.62
12:48:34 PM    3   33.98    0.00   19.42    0.00    0.00    8.74    0.00    0.00    0.00   37.86
12:48:34 PM    4   33.96    0.00   32.08    0.00    0.00    9.43    0.00    0.00    0.00   24.53
12:48:34 PM    5   41.90    0.00   23.81    0.00    0.00    9.52    0.00    0.00    0.00   24.76
12:48:34 PM    6   41.90    0.00   23.81    0.00    0.00    7.62    0.00    0.00    0.00   26.67
12:48:34 PM    7   40.78    0.00   21.36    0.00    0.00   11.65    0.00    0.00    0.00   26.21

12:48:34 PM  CPU    %usr   %nice    %sys %iowait    %irq   %soft  %steal  %guest  %gnice   %idle
12:48:35 PM  all   30.27    0.00   25.16    0.00    0.00   11.62    0.00    0.00    0.00   32.95
12:48:35 PM    0   25.77    0.00   22.68    0.00    0.00    8.25    0.00    0.00    0.00   43.30
12:48:35 PM    1   22.34    0.00   26.60    0.00    0.00    8.51    0.00    0.00    0.00   42.55
12:48:35 PM    2   26.04    0.00   23.96    0.00    0.00    9.38    0.00    0.00    0.00   40.62
12:48:35 PM    3   23.86    0.00   22.73    0.00    0.00   10.23    0.00    0.00    0.00   43.18
12:48:35 PM    4   33.96    0.00   27.36    0.00    0.00   14.15    0.00    0.00    0.00   24.53
12:48:35 PM    5   32.04    0.00   26.21    0.00    0.00   16.50    0.00    0.00    0.00   25.24
12:48:35 PM    6   38.78    0.00   25.51    0.00    0.00   12.24    0.00    0.00    0.00   23.47
12:48:35 PM    7   37.62    0.00   25.74    0.00    0.00   12.87    0.00    0.00    0.00   23.76

12:48:35 PM  CPU    %usr   %nice    %sys %iowait    %irq   %soft  %steal  %guest  %gnice   %idle
12:48:36 PM  all   34.32    0.00   21.81    0.00    0.00   11.77    0.00    0.00    0.00   32.09
12:48:36 PM    0   31.63    0.00   18.37    0.00    0.00   11.22    0.00    0.00    0.00   38.78
12:48:36 PM    1   31.00    0.00   21.00    0.00    0.00   11.00    0.00    0.00    0.00   37.00
12:48:36 PM    2   25.77    0.00   21.65    0.00    0.00   11.34    0.00    0.00    0.00   41.24
12:48:36 PM    3   29.00    0.00   22.00    0.00    0.00    9.00    0.00    0.00    0.00   40.00
12:48:36 PM    4   38.46    0.00   24.04    0.00    0.00   12.50    0.00    0.00    0.00   25.00
12:48:36 PM    5   40.20    0.00   22.55    0.00    0.00   12.75    0.00    0.00    0.00   24.51
12:48:36 PM    6   41.18    0.00   21.57    0.00    0.00    9.80    0.00    0.00    0.00   27.45
12:48:36 PM    7   36.54    0.00   23.08    0.00    0.00   16.35    0.00    0.00    0.00   24.04

12:48:36 PM  CPU    %usr   %nice    %sys %iowait    %irq   %soft  %steal  %guest  %gnice   %idle
12:48:37 PM  all   35.10    0.00   22.41    0.00    0.00   10.22    0.00    0.00    0.00   32.27
12:48:37 PM    0   28.12    0.00   25.00    0.00    0.00    7.29    0.00    0.00    0.00   39.58
12:48:37 PM    1   28.87    0.00   23.71    0.00    0.00    8.25    0.00    0.00    0.00   39.18
12:48:37 PM    2   32.32    0.00   21.21    0.00    0.00    7.07    0.00    0.00    0.00   39.39
12:48:37 PM    3   29.29    0.00   22.22    0.00    0.00    9.09    0.00    0.00    0.00   39.39
12:48:37 PM    4   33.96    0.00   25.47    0.00    0.00   13.21    0.00    0.00    0.00   27.36
12:48:37 PM    5   42.86    0.00   21.90    0.00    0.00    9.52    0.00    0.00    0.00   25.71
12:48:37 PM    6   43.40    0.00   18.87    0.00    0.00   13.21    0.00    0.00    0.00   24.53
12:48:37 PM    7   40.38    0.00   21.15    0.00    0.00   13.46    0.00    0.00    0.00   25.00

12:48:37 PM  CPU    %usr   %nice    %sys %iowait    %irq   %soft  %steal  %guest  %gnice   %idle
12:48:38 PM  all   34.65    0.00   23.55    0.00    0.00   10.48    0.00    0.00    0.00   31.32
12:48:38 PM    0   21.90    0.00   27.62    0.00    0.00   14.29    0.00    0.00    0.00   36.19
12:48:38 PM    1   37.11    0.00   16.49    0.00    0.00    8.25    0.00    0.00    0.00   38.14
12:48:38 PM    2   33.33    0.00   17.17    0.00    0.00   11.11    0.00    0.00    0.00   38.38
12:48:38 PM    3   28.87    0.00   21.65    0.00    0.00   10.31    0.00    0.00    0.00   39.18
12:48:38 PM    4   36.19    0.00   26.67    0.00    0.00   10.48    0.00    0.00    0.00   26.67
12:48:38 PM    5   40.82    0.00   22.45    0.00    0.00   10.20    0.00    0.00    0.00   26.53
12:48:38 PM    6   35.24    0.00   31.43    0.00    0.00    9.52    0.00    0.00    0.00   23.81
12:48:38 PM    7   43.81    0.00   23.81    0.00    0.00    9.52    0.00    0.00    0.00   22.86

12:48:38 PM  CPU    %usr   %nice    %sys %iowait    %irq   %soft  %steal  %guest  %gnice   %idle
12:48:39 PM  all   32.38    0.00   24.45    0.00    0.00    9.88    0.00    0.00    0.00   33.29
12:48:39 PM    0   32.98    0.00   19.15    0.00    0.00   10.64    0.00    0.00    0.00   37.23
12:48:39 PM    1   28.87    0.00   24.74    0.00    0.00   10.31    0.00    0.00    0.00   36.08
12:48:39 PM    2   31.37    0.00   23.53    0.00    0.00    9.80    0.00    0.00    0.00   35.29
12:48:39 PM    3   23.96    0.00   27.08    0.00    0.00    8.33    0.00    0.00    0.00   40.62
12:48:39 PM    4   38.78    0.00   24.49    0.00    0.00    9.18    0.00    0.00    0.00   27.55
12:48:39 PM    5   39.18    0.00   21.65    0.00    0.00   10.31    0.00    0.00    0.00   28.87
12:48:39 PM    6   34.41    0.00   25.81    0.00    0.00    9.68    0.00    0.00    0.00   30.11
12:48:39 PM    7   29.35    0.00   29.35    0.00    0.00   10.87    0.00    0.00    0.00   30.43

12:48:39 PM  CPU    %usr   %nice    %sys %iowait    %irq   %soft  %steal  %guest  %gnice   %idle
12:48:40 PM  all   34.34    0.00   21.59    0.00    0.00   10.23    0.00    0.00    0.00   33.84
12:48:40 PM    0   30.21    0.00   23.96    0.00    0.00    9.38    0.00    0.00    0.00   36.46
12:48:40 PM    1   31.25    0.00   22.92    0.00    0.00    8.33    0.00    0.00    0.00   37.50
12:48:40 PM    2   31.58    0.00   21.05    0.00    0.00   10.53    0.00    0.00    0.00   36.84
12:48:40 PM    3   33.33    0.00   19.61    0.00    0.00    9.80    0.00    0.00    0.00   37.25
12:48:40 PM    4   34.65    0.00   22.77    0.00    0.00   10.89    0.00    0.00    0.00   31.68
12:48:40 PM    5   38.46    0.00   22.12    0.00    0.00   10.58    0.00    0.00    0.00   28.85
12:48:40 PM    6   37.25    0.00   19.61    0.00    0.00   12.75    0.00    0.00    0.00   30.39
12:48:40 PM    7   37.50    0.00   20.83    0.00    0.00    9.38    0.00    0.00    0.00   32.29

12:48:40 PM  CPU    %usr   %nice    %sys %iowait    %irq   %soft  %steal  %guest  %gnice   %idle
12:48:41 PM  all   32.06    0.00   21.95    0.00    0.00   10.11    0.00    0.00    0.00   35.88
12:48:41 PM    0   24.49    0.00   21.43    0.00    0.00   10.20    0.00    0.00    0.00   43.88
12:48:41 PM    1   31.43    0.00   20.95    0.00    0.00    8.57    0.00    0.00    0.00   39.05
12:48:41 PM    2   28.16    0.00   23.30    0.00    0.00    8.74    0.00    0.00    0.00   39.81
12:48:41 PM    3   25.49    0.00   23.53    0.00    0.00    9.80    0.00    0.00    0.00   41.18
12:48:41 PM    4   35.92    0.00   25.24    0.00    0.00    8.74    0.00    0.00    0.00   30.10
12:48:41 PM    5   35.35    0.00   22.22    0.00    0.00   11.11    0.00    0.00    0.00   31.31
12:48:41 PM    6   38.61    0.00   18.81    0.00    0.00   11.88    0.00    0.00    0.00   30.69
12:48:41 PM    7   37.00    0.00   20.00    0.00    0.00   12.00    0.00    0.00    0.00   31.00

12:48:41 PM  CPU    %usr   %nice    %sys %iowait    %irq   %soft  %steal  %guest  %gnice   %idle
12:48:42 PM  all   32.87    0.00   23.95    0.00    0.00    9.43    0.00    0.00    0.00   33.76
12:48:42 PM    0   27.37    0.00   27.37    0.00    0.00    5.26    0.00    0.00    0.00   40.00
12:48:42 PM    1   31.25    0.00   21.88    0.00    0.00    6.25    0.00    0.00    0.00   40.62
12:48:42 PM    2   26.32    0.00   24.21    0.00    0.00    6.32    0.00    0.00    0.00   43.16
12:48:42 PM    3   28.71    0.00   19.80    0.00    0.00   11.88    0.00    0.00    0.00   39.60
12:48:42 PM    4   38.00    0.00   23.00    0.00    0.00   12.00    0.00    0.00    0.00   27.00
12:48:42 PM    5   38.38    0.00   22.22    0.00    0.00   11.11    0.00    0.00    0.00   28.28
12:48:42 PM    6   36.00    0.00   28.00    0.00    0.00   11.00    0.00    0.00    0.00   25.00
12:48:42 PM    7   36.36    0.00   25.25    0.00    0.00   11.11    0.00    0.00    0.00   27.27

12:48:42 PM  CPU    %usr   %nice    %sys %iowait    %irq   %soft  %steal  %guest  %gnice   %idle
12:48:43 PM  all   33.68    0.00   25.59    0.26    0.00    9.14    0.00    0.00    0.00   31.33
12:48:43 PM    0   24.73    0.00   23.66    0.00    0.00    8.60    0.00    0.00    0.00   43.01
12:48:43 PM    1   24.47    0.00   24.47    1.06    0.00    8.51    0.00    0.00    0.00   41.49
12:48:43 PM    2   21.28    0.00   30.85    0.00    0.00    6.38    0.00    0.00    0.00   41.49
12:48:43 PM    3   26.53    0.00   27.55    0.00    0.00    6.12    0.00    0.00    0.00   39.80
12:48:43 PM    4   42.55    0.00   26.60    0.00    0.00    9.57    0.00    0.00    0.00   21.28
12:48:43 PM    5   42.27    0.00   24.74    1.03    0.00   10.31    0.00    0.00    0.00   21.65
12:48:43 PM    6   45.92    0.00   20.41    0.00    0.00   12.24    0.00    0.00    0.00   21.43
12:48:43 PM    7   40.82    0.00   26.53    0.00    0.00   11.22    0.00    0.00    0.00   21.43

12:48:43 PM  CPU    %usr   %nice    %sys %iowait    %irq   %soft  %steal  %guest  %gnice   %idle
12:48:44 PM  all   33.09    0.00   23.17    0.00    0.00    8.30    0.00    0.00    0.00   35.44
12:48:44 PM    0   30.00    0.00   24.00    0.00    0.00    6.00    0.00    0.00    0.00   40.00
12:48:44 PM    1   27.45    0.00   25.49    0.00    0.00    7.84    0.00    0.00    0.00   39.22
12:48:44 PM    2   30.00    0.00   25.00    0.00    0.00    6.00    0.00    0.00    0.00   39.00
12:48:44 PM    3   29.13    0.00   23.30    0.00    0.00    8.74    0.00    0.00    0.00   38.83
12:48:44 PM    4   36.36    0.00   22.22    0.00    0.00    9.09    0.00    0.00    0.00   32.32
12:48:44 PM    5   35.00    0.00   23.00    0.00    0.00   10.00    0.00    0.00    0.00   32.00
12:48:44 PM    6   39.60    0.00   19.80    0.00    0.00    9.90    0.00    0.00    0.00   30.69
12:48:44 PM    7   37.25    0.00   22.55    0.00    0.00    8.82    0.00    0.00    0.00   31.37

12:48:44 PM  CPU    %usr   %nice    %sys %iowait    %irq   %soft  %steal  %guest  %gnice   %idle
12:48:45 PM  all   34.32    0.00   23.92    0.00    0.00    9.46    0.00    0.00    0.00   32.30
12:48:45 PM    0   21.98    0.00   24.18    0.00    0.00    6.59    0.00    0.00    0.00   47.25
12:48:45 PM    1   23.86    0.00   20.45    0.00    0.00    5.68    0.00    0.00    0.00   50.00
12:48:45 PM    2   14.77    0.00   30.68    0.00    0.00    6.82    0.00    0.00    0.00   47.73
12:48:45 PM    3   25.00    0.00   21.74    0.00    0.00    7.61    0.00    0.00    0.00   45.65
12:48:45 PM    4   48.94    0.00   23.40    0.00    0.00   12.77    0.00    0.00    0.00   14.89
12:48:45 PM    5   44.79    0.00   22.92    0.00    0.00   13.54    0.00    0.00    0.00   18.75
12:48:45 PM    6   46.74    0.00   21.74    0.00    0.00   13.04    0.00    0.00    0.00   18.48
12:48:45 PM    7   45.45    0.00   26.26    0.00    0.00    9.09    0.00    0.00    0.00   19.19

12:48:45 PM  CPU    %usr   %nice    %sys %iowait    %irq   %soft  %steal  %guest  %gnice   %idle
12:48:46 PM  all   31.82    0.00   24.64    0.00    0.00    9.57    0.00    0.00    0.00   33.97
12:48:46 PM    0   26.17    0.00   25.23    0.00    0.00    7.48    0.00    0.00    0.00   41.12
12:48:46 PM    1   23.15    0.00   27.78    0.00    0.00    9.26    0.00    0.00    0.00   39.81
12:48:46 PM    2   27.62    0.00   24.76    0.00    0.00    5.71    0.00    0.00    0.00   41.90
12:48:46 PM    3   26.61    0.00   25.69    0.00    0.00    8.26    0.00    0.00    0.00   39.45
12:48:46 PM    4   40.00    0.00   23.00    0.00    0.00   10.00    0.00    0.00    0.00   27.00
12:48:46 PM    5   41.35    0.00   23.08    0.00    0.00    9.62    0.00    0.00    0.00   25.96
12:48:46 PM    6   36.27    0.00   21.57    0.00    0.00   15.69    0.00    0.00    0.00   26.47
12:48:46 PM    7   34.65    0.00   25.74    0.00    0.00   10.89    0.00    0.00    0.00   28.71

12:48:46 PM  CPU    %usr   %nice    %sys %iowait    %irq   %soft  %steal  %guest  %gnice   %idle
12:48:47 PM  all   33.85    0.00   24.10    0.00    0.00    9.23    0.00    0.00    0.00   32.82
12:48:47 PM    0   23.08    0.00   21.98    0.00    0.00   10.99    0.00    0.00    0.00   43.96
12:48:47 PM    1   28.71    0.00   25.74    0.00    0.00    5.94    0.00    0.00    0.00   39.60
12:48:47 PM    2   25.00    0.00   27.00    0.00    0.00    9.00    0.00    0.00    0.00   39.00
12:48:47 PM    3   22.58    0.00   25.81    0.00    0.00    6.45    0.00    0.00    0.00   45.16
12:48:47 PM    4   44.44    0.00   22.22    0.00    0.00    9.09    0.00    0.00    0.00   24.24
12:48:47 PM    5   43.88    0.00   24.49    0.00    0.00    8.16    0.00    0.00    0.00   23.47
12:48:47 PM    6   43.88    0.00   23.47    0.00    0.00   10.20    0.00    0.00    0.00   22.45
12:48:47 PM    7   38.00    0.00   22.00    0.00    0.00   14.00    0.00    0.00    0.00   26.00

12:48:47 PM  CPU    %usr   %nice    %sys %iowait    %irq   %soft  %steal  %guest  %gnice   %idle
12:48:48 PM  all   33.33    0.00   25.25    0.00    0.00    9.95    0.00    0.00    0.00   31.47
12:48:48 PM    0   39.39    0.00   23.23    0.00    0.00    9.09    0.00    0.00    0.00   28.28
12:48:48 PM    1   38.78    0.00   22.45    0.00    0.00   10.20    0.00    0.00    0.00   28.57
12:48:48 PM    2   31.37    0.00   28.43    0.00    0.00    9.80    0.00    0.00    0.00   30.39
12:48:48 PM    3   34.34    0.00   21.21    0.00    0.00   13.13    0.00    0.00    0.00   31.31
12:48:48 PM    4   31.31    0.00   25.25    0.00    0.00   10.10    0.00    0.00    0.00   33.33
12:48:48 PM    5   33.33    0.00   30.39    0.00    0.00    4.90    0.00    0.00    0.00   31.37
12:48:48 PM    6   31.73    0.00   25.00    0.00    0.00   10.58    0.00    0.00    0.00   32.69
12:48:48 PM    7   26.73    0.00   25.74    0.00    0.00   11.88    0.00    0.00    0.00   35.64

12:48:48 PM  CPU    %usr   %nice    %sys %iowait    %irq   %soft  %steal  %guest  %gnice   %idle
12:48:49 PM  all   33.01    0.00   25.97    0.00    0.00    8.37    0.00    0.00    0.00   32.65
12:48:49 PM    0   33.02    0.00   22.64    0.00    0.00   10.38    0.00    0.00    0.00   33.96
12:48:49 PM    1   29.13    0.00   27.18    0.00    0.00    7.77    0.00    0.00    0.00   35.92
12:48:49 PM    2   32.41    0.00   26.85    0.00    0.00    6.48    0.00    0.00    0.00   34.26
12:48:49 PM    3   31.68    0.00   24.75    0.00    0.00    5.94    0.00    0.00    0.00   37.62
12:48:49 PM    4   30.69    0.00   25.74    0.00    0.00   11.88    0.00    0.00    0.00   31.68
12:48:49 PM    5   31.07    0.00   31.07    0.00    0.00    8.74    0.00    0.00    0.00   29.13
12:48:49 PM    6   38.83    0.00   24.27    0.00    0.00    8.74    0.00    0.00    0.00   28.16
12:48:49 PM    7   37.37    0.00   25.25    0.00    0.00    7.07    0.00    0.00    0.00   30.30

12:48:49 PM  CPU    %usr   %nice    %sys %iowait    %irq   %soft  %steal  %guest  %gnice   %idle
12:48:50 PM  all   31.52    0.00   25.97    0.00    0.00    8.82    0.00    0.00    0.00   33.70
12:48:50 PM    0   23.15    0.00   30.56    0.00    0.00    7.41    0.00    0.00    0.00   38.89
12:48:50 PM    1   23.64    0.00   30.91    0.00    0.00    5.45    0.00    0.00    0.00   40.00
12:48:50 PM    2   29.25    0.00   25.47    0.00    0.00    6.60    0.00    0.00    0.00   38.68
12:48:50 PM    3   26.79    0.00   27.68    0.00    0.00    6.25    0.00    0.00    0.00   39.29
12:48:50 PM    4   32.99    0.00   25.77    0.00    0.00   11.34    0.00    0.00    0.00   29.90
12:48:50 PM    5   42.27    0.00   24.74    0.00    0.00    7.22    0.00    0.00    0.00   25.77
12:48:50 PM    6   40.21    0.00   18.56    0.00    0.00   13.40    0.00    0.00    0.00   27.84
12:48:50 PM    7   36.63    0.00   22.77    0.00    0.00   13.86    0.00    0.00    0.00   26.73

12:48:50 PM  CPU    %usr   %nice    %sys %iowait    %irq   %soft  %steal  %guest  %gnice   %idle
12:48:51 PM  all   31.91    0.00   25.74    0.00    0.00    9.37    0.00    0.00    0.00   32.98
12:48:51 PM    0   27.83    0.00   31.30    0.00    0.00    6.96    0.00    0.00    0.00   33.91
12:48:51 PM    1   27.27    0.00   27.27    0.00    0.00    8.18    0.00    0.00    0.00   37.27
12:48:51 PM    2   30.97    0.00   24.78    0.00    0.00    8.85    0.00    0.00    0.00   35.40
12:48:51 PM    3   27.83    0.00   26.96    0.00    0.00    6.96    0.00    0.00    0.00   38.26
12:48:51 PM    4   35.71    0.00   21.43    0.00    0.00   13.27    0.00    0.00    0.00   29.59
12:48:51 PM    5   32.99    0.00   25.77    0.00    0.00   12.37    0.00    0.00    0.00   28.87
12:48:51 PM    6   37.11    0.00   22.68    0.00    0.00   10.31    0.00    0.00    0.00   29.90
12:48:51 PM    7   37.76    0.00   24.49    0.00    0.00    9.18    0.00    0.00    0.00   28.57

12:48:51 PM  CPU    %usr   %nice    %sys %iowait    %irq   %soft  %steal  %guest  %gnice   %idle
12:48:52 PM  all   30.08    0.00   27.07    0.00    0.00   10.65    0.00    0.00    0.00   32.21
12:48:52 PM    0   20.95    0.00   24.76    0.00    0.00   11.43    0.00    0.00    0.00   42.86
12:48:52 PM    1   23.53    0.00   28.43    0.00    0.00    6.86    0.00    0.00    0.00   41.18
12:48:52 PM    2   17.82    0.00   27.72    0.00    0.00    9.90    0.00    0.00    0.00   44.55
12:48:52 PM    3   19.63    0.00   30.84    0.00    0.00    9.35    0.00    0.00    0.00   40.19
12:48:52 PM    4   38.95    0.00   29.47    0.00    0.00   10.53    0.00    0.00    0.00   21.05
12:48:52 PM    5   41.24    0.00   26.80    0.00    0.00   11.34    0.00    0.00    0.00   20.62
12:48:52 PM    6   41.67    0.00   21.88    0.00    0.00   15.62    0.00    0.00    0.00   20.83
12:48:52 PM    7   40.00    0.00   26.32    0.00    0.00   10.53    0.00    0.00    0.00   23.16

12:48:52 PM  CPU    %usr   %nice    %sys %iowait    %irq   %soft  %steal  %guest  %gnice   %idle
12:48:53 PM  all   32.89    0.00   25.70    0.12    0.00   10.35    0.00    0.00    0.00   30.94
12:48:53 PM    0   34.95    0.00   25.24    0.00    0.00    6.80    0.00    0.00    0.00   33.01
12:48:53 PM    1   31.13    0.00   24.53    0.00    0.00   11.32    0.00    0.00    0.00   33.02
12:48:53 PM    2   25.24    0.00   26.21    0.97    0.00   11.65    0.00    0.00    0.00   35.92
12:48:53 PM    3   31.37    0.00   26.47    0.00    0.00    6.86    0.00    0.00    0.00   35.29
12:48:53 PM    4   38.24    0.00   23.53    0.00    0.00   10.78    0.00    0.00    0.00   27.45
12:48:53 PM    5   37.00    0.00   22.00    0.00    0.00   14.00    0.00    0.00    0.00   27.00
12:48:53 PM    6   33.33    0.00   28.43    0.00    0.00    9.80    0.00    0.00    0.00   28.43
12:48:53 PM    7   32.04    0.00   29.13    0.00    0.00   11.65    0.00    0.00    0.00   27.18

12:48:53 PM  CPU    %usr   %nice    %sys %iowait    %irq   %soft  %steal  %guest  %gnice   %idle
12:48:54 PM  all   34.02    0.00   26.85    0.00    0.00    9.60    0.00    0.00    0.00   29.53
12:48:54 PM    0   29.63    0.00   26.85    0.00    0.00    7.41    0.00    0.00    0.00   36.11
12:48:54 PM    1   26.42    0.00   28.30    0.00    0.00    7.55    0.00    0.00    0.00   37.74
12:48:54 PM    2   25.24    0.00   28.16    0.00    0.00    9.71    0.00    0.00    0.00   36.89
12:48:54 PM    3   26.13    0.00   27.93    0.00    0.00    9.01    0.00    0.00    0.00   36.94
12:48:54 PM    4   42.42    0.00   31.31    0.00    0.00    8.08    0.00    0.00    0.00   18.18
12:48:54 PM    5   45.36    0.00   20.62    0.00    0.00   11.34    0.00    0.00    0.00   22.68
12:48:54 PM    6   38.00    0.00   26.00    0.00    0.00   14.00    0.00    0.00    0.00   22.00
12:48:54 PM    7   41.41    0.00   25.25    0.00    0.00   10.10    0.00    0.00    0.00   23.23

12:48:54 PM  CPU    %usr   %nice    %sys %iowait    %irq   %soft  %steal  %guest  %gnice   %idle
12:48:55 PM  all   31.91    0.00   25.70    0.00    0.00    7.92    0.00    0.00    0.00   34.47
12:48:55 PM    0   23.81    0.00   25.71    0.00    0.00    9.52    0.00    0.00    0.00   40.95
12:48:55 PM    1   25.96    0.00   27.88    0.00    0.00    4.81    0.00    0.00    0.00   41.35
12:48:55 PM    2   27.36    0.00   24.53    0.00    0.00    6.60    0.00    0.00    0.00   41.51
12:48:55 PM    3   22.22    0.00   30.56    0.00    0.00    6.48    0.00    0.00    0.00   40.74
12:48:55 PM    4   41.84    0.00   23.47    0.00    0.00    8.16    0.00    0.00    0.00   26.53
12:48:55 PM    5   39.80    0.00   24.49    0.00    0.00    8.16    0.00    0.00    0.00   27.55
12:48:55 PM    6   33.96    0.00   27.36    0.00    0.00   11.32    0.00    0.00    0.00   27.36
12:48:55 PM    7   42.71    0.00   20.83    0.00    0.00    8.33    0.00    0.00    0.00   28.12

12:48:55 PM  CPU    %usr   %nice    %sys %iowait    %irq   %soft  %steal  %guest  %gnice   %idle
12:48:56 PM  all   32.39    0.00   22.00    0.00    0.00    8.90    0.00    0.00    0.00   36.71
12:48:56 PM    0   30.19    0.00   22.64    0.00    0.00    6.60    0.00    0.00    0.00   40.57
12:48:56 PM    1   28.04    0.00   22.43    0.00    0.00    8.41    0.00    0.00    0.00   41.12
12:48:56 PM    2   29.52    0.00   21.90    0.00    0.00    7.62    0.00    0.00    0.00   40.95
12:48:56 PM    3   32.69    0.00   20.19    0.00    0.00    4.81    0.00    0.00    0.00   42.31
12:48:56 PM    4   32.98    0.00   19.15    0.00    0.00   14.89    0.00    0.00    0.00   32.98
12:48:56 PM    5   34.38    0.00   22.92    0.00    0.00    9.38    0.00    0.00    0.00   33.33
12:48:56 PM    6   32.99    0.00   23.71    0.00    0.00   12.37    0.00    0.00    0.00   30.93
12:48:56 PM    7   39.00    0.00   23.00    0.00    0.00    8.00    0.00    0.00    0.00   30.00

12:48:56 PM  CPU    %usr   %nice    %sys %iowait    %irq   %soft  %steal  %guest  %gnice   %idle
12:48:57 PM  all   33.09    0.00   25.97    0.00    0.00    8.94    0.00    0.00    0.00   32.00
12:48:57 PM    0   23.36    0.00   31.78    0.00    0.00    5.61    0.00    0.00    0.00   39.25
12:48:57 PM    1   30.19    0.00   24.53    0.00    0.00    6.60    0.00    0.00    0.00   38.68
12:48:57 PM    2   27.88    0.00   24.04    0.00    0.00    5.77    0.00    0.00    0.00   42.31
12:48:57 PM    3   23.85    0.00   28.44    0.00    0.00    8.26    0.00    0.00    0.00   39.45
12:48:57 PM    4   44.12    0.00   24.51    0.00    0.00    7.84    0.00    0.00    0.00   23.53
12:48:57 PM    5   40.59    0.00   21.78    0.00    0.00   12.87    0.00    0.00    0.00   24.75
12:48:57 PM    6   39.58    0.00   23.96    0.00    0.00   13.54    0.00    0.00    0.00   22.92
12:48:57 PM    7   36.89    0.00   28.16    0.00    0.00   11.65    0.00    0.00    0.00   23.30

12:48:57 PM  CPU    %usr   %nice    %sys %iowait    %irq   %soft  %steal  %guest  %gnice   %idle
12:48:58 PM  all   13.33    0.00   18.68    0.11    0.00    3.53    0.00    0.00    0.00   64.35
12:48:58 PM    0   11.40    0.00   22.81    0.88    0.00    2.63    0.00    0.00    0.00   62.28
12:48:58 PM    1   10.38    0.00   18.87    0.00    0.00    0.94    0.00    0.00    0.00   69.81
12:48:58 PM    2   10.19    0.00   21.30    0.00    0.00    2.78    0.00    0.00    0.00   65.74
12:48:58 PM    3   14.41    0.00   18.02    0.00    0.00    3.60    0.00    0.00    0.00   63.96
12:48:58 PM    4   13.33    0.00   13.33    0.00    0.00    5.71    0.00    0.00    0.00   67.62
12:48:58 PM    5   15.65    0.00   19.13    0.00    0.00    4.35    0.00    0.00    0.00   60.87
12:48:58 PM    6   14.68    0.00   15.60    0.00    0.00    5.50    0.00    0.00    0.00   64.22
12:48:58 PM    7   16.36    0.00   20.00    0.00    0.00    2.73    0.00    0.00    0.00   60.91

12:48:58 PM  CPU    %usr   %nice    %sys %iowait    %irq   %soft  %steal  %guest  %gnice   %idle
12:48:59 PM  all    8.09    0.00    9.80    0.00    0.00    1.72    0.00    0.00    0.00   80.39
12:48:59 PM    0    4.85    0.00   11.65    0.00    0.00    1.94    0.00    0.00    0.00   81.55
12:48:59 PM    1    7.07    0.00    9.09    0.00    0.00    1.01    0.00    0.00    0.00   82.83
12:48:59 PM    2    7.07    0.00    7.07    0.00    0.00    0.00    0.00    0.00    0.00   85.86
12:48:59 PM    3    5.21    0.00    6.25    0.00    0.00    1.04    0.00    0.00    0.00   87.50
12:48:59 PM    4    8.41    0.00   13.08    0.00    0.00    2.80    0.00    0.00    0.00   75.70
12:48:59 PM    5   11.32    0.00   11.32    0.00    0.00    2.83    0.00    0.00    0.00   74.53
12:48:59 PM    6    8.82    0.00   10.78    0.00    0.00    1.96    0.00    0.00    0.00   78.43
12:48:59 PM    7   11.54    0.00    8.65    0.00    0.00    1.92    0.00    0.00    0.00   77.88

12:48:59 PM  CPU    %usr   %nice    %sys %iowait    %irq   %soft  %steal  %guest  %gnice   %idle
12:49:00 PM  all    8.72    0.00    9.09    0.00    0.00    1.84    0.00    0.00    0.00   80.34
12:49:00 PM    0    9.80    0.00    6.86    0.00    0.00    2.94    0.00    0.00    0.00   80.39
12:49:00 PM    1    7.84    0.00    8.82    0.00    0.00    2.94    0.00    0.00    0.00   80.39
12:49:00 PM    2    5.88    0.00   11.76    0.00    0.00    2.94    0.00    0.00    0.00   79.41
12:49:00 PM    3    9.18    0.00    8.16    0.00    0.00    0.00    0.00    0.00    0.00   82.65
12:49:00 PM    4    8.65    0.00   11.54    0.00    0.00    0.96    0.00    0.00    0.00   78.85
12:49:00 PM    5   11.65    0.00    6.80    0.00    0.00    0.97    0.00    0.00    0.00   80.58
12:49:00 PM    6    8.82    0.00    8.82    0.00    0.00    1.96    0.00    0.00    0.00   80.39
12:49:00 PM    7    7.92    0.00    9.90    0.00    0.00    1.98    0.00    0.00    0.00   80.20

12:49:00 PM  CPU    %usr   %nice    %sys %iowait    %irq   %soft  %steal  %guest  %gnice   %idle
12:49:01 PM  all    0.25    0.00    0.13    0.76    0.00    0.00    0.00    0.00    0.00   98.86
12:49:01 PM    0    0.00    0.00    0.00    0.00    0.00    0.00    0.00    0.00    0.00  100.00
12:49:01 PM    1    0.00    0.00    0.00    0.00    0.00    0.00    0.00    0.00    0.00  100.00
12:49:01 PM    2    0.00    0.00    0.00    0.00    0.00    0.00    0.00    0.00    0.00  100.00
12:49:01 PM    3    0.00    0.00    0.00    0.00    0.00    0.00    0.00    0.00    0.00  100.00
12:49:01 PM    4    0.00    0.00    1.02    6.12    0.00    0.00    0.00    0.00    0.00   92.86
12:49:01 PM    5    0.00    0.00    0.00    0.00    0.00    0.00    0.00    0.00    0.00  100.00
12:49:01 PM    6    0.00    0.00    0.00    0.00    0.00    0.00    0.00    0.00    0.00  100.00
12:49:01 PM    7    1.98    0.00    0.00    0.00    0.00    0.00    0.00    0.00    0.00   98.02
