Linux 6.6.87.2-microsoft-standard-WSL2 (Udeepa-ASUS) 	04/16/26 	_x86_64_	(4 CPU)

00:22:41     CPU    %usr   %nice    %sys %iowait    %irq   %soft  %steal  %guest  %gnice   %idle
00:22:42     all    0.25    0.00    5.00    0.00    0.00    2.00    0.00    0.00    0.00   92.75
00:22:42       0    0.00    0.00   11.65    0.00    0.00    4.85    0.00    0.00    0.00   83.50
00:22:42       1    1.06    0.00    6.38    0.00    0.00    0.00    0.00    0.00    0.00   92.55
00:22:42       2    0.00    0.00    0.00    0.00    0.00    2.91    0.00    0.00    0.00   97.09
00:22:42       3    0.00    0.00    2.00    0.00    0.00    0.00    0.00    0.00    0.00   98.00

00:22:42     CPU    %usr   %nice    %sys %iowait    %irq   %soft  %steal  %guest  %gnice   %idle
00:22:43     all    0.51    0.00    4.80    0.00    0.00    1.01    0.00    0.00    0.00   93.69
00:22:43       0    0.00    0.00   11.88    0.00    0.00    2.97    0.00    0.00    0.00   85.15
00:22:43       1    1.02    0.00    2.04    0.00    0.00    0.00    0.00    0.00    0.00   96.94
00:22:43       2    0.00    0.00    1.98    0.00    0.00    0.99    0.00    0.00    0.00   97.03
00:22:43       3    1.04    0.00    3.12    0.00    0.00    0.00    0.00    0.00    0.00   95.83

00:22:43     CPU    %usr   %nice    %sys %iowait    %irq   %soft  %steal  %guest  %gnice   %idle
00:22:44     all    0.26    0.00    4.36    0.00    0.00    0.77    0.00    0.00    0.00   94.62
00:22:44       0    0.00    0.00   11.22    0.00    0.00    1.02    0.00    0.00    0.00   87.76
00:22:44       1    0.00    0.00    0.00    0.00    0.00    1.96    0.00    0.00    0.00   98.04
00:22:44       2    1.06    0.00    4.26    0.00    0.00    0.00    0.00    0.00    0.00   94.68
00:22:44       3    0.00    0.00    2.08    0.00    0.00    0.00    0.00    0.00    0.00   97.92

00:22:44     CPU    %usr   %nice    %sys %iowait    %irq   %soft  %steal  %guest  %gnice   %idle
00:22:45     all    0.75    0.00    6.00    0.00    0.00    1.75    0.00    0.00    0.00   91.50
00:22:45       0    0.00    0.00   12.00    0.00    0.00    4.00    0.00    0.00    0.00   84.00
00:22:45       1    0.97    0.00    1.94    0.00    0.00    2.91    0.00    0.00    0.00   94.17
00:22:45       2    1.01    0.00    2.02    0.00    0.00    0.00    0.00    0.00    0.00   96.97
00:22:45       3    1.02    0.00    8.16    0.00    0.00    0.00    0.00    0.00    0.00   90.82

00:22:45     CPU    %usr   %nice    %sys %iowait    %irq   %soft  %steal  %guest  %gnice   %idle
00:22:46     all    0.58    0.00    5.81    0.00    0.00    6.10    0.00    0.00    0.00   87.50
00:22:46       0    0.00    0.00    8.00    0.00    0.00   20.00    0.00    0.00    0.00   72.00
00:22:46       1    1.23    0.00    2.47    0.00    0.00    1.23    0.00    0.00    0.00   95.06
00:22:46       2    0.00    0.00    5.00    0.00    0.00    0.00    0.00    0.00    0.00   95.00
00:22:46       3    1.20    0.00    7.23    0.00    0.00    0.00    0.00    0.00    0.00   91.57

00:22:46     CPU    %usr   %nice    %sys %iowait    %irq   %soft  %steal  %guest  %gnice   %idle
00:22:47     all    4.56    0.00   14.53    0.00    0.00    5.70    0.00    0.00    0.00   75.21
00:22:47       0    3.16    0.00   15.79    0.00    0.00   14.74    0.00    0.00    0.00   66.32
00:22:47       1    5.95    0.00   11.90    0.00    0.00    2.38    0.00    0.00    0.00   79.76
00:22:47       2    4.71    0.00   16.47    0.00    0.00    1.18    0.00    0.00    0.00   77.65
00:22:47       3    4.60    0.00   13.79    0.00    0.00    3.45    0.00    0.00    0.00   78.16

00:22:47     CPU    %usr   %nice    %sys %iowait    %irq   %soft  %steal  %guest  %gnice   %idle
00:22:48     all    4.27    0.00   14.81    0.00    0.00    5.13    0.00    0.00    0.00   75.78
00:22:48       0    5.26    0.00   15.79    0.00    0.00   13.68    0.00    0.00    0.00   65.26
00:22:48       1    4.76    0.00   13.10    0.00    0.00    1.19    0.00    0.00    0.00   80.95
00:22:48       2    3.45    0.00   16.09    0.00    0.00    2.30    0.00    0.00    0.00   78.16
00:22:48       3    3.53    0.00   14.12    0.00    0.00    2.35    0.00    0.00    0.00   80.00

00:22:48     CPU    %usr   %nice    %sys %iowait    %irq   %soft  %steal  %guest  %gnice   %idle
00:22:49     all    8.72    0.00   26.70    0.00    0.00    6.81    0.00    0.00    0.00   57.77
00:22:49       0    7.00    0.00   24.00    0.00    0.00   17.00    0.00    0.00    0.00   52.00
00:22:49       1    9.57    0.00   29.79    0.00    0.00    3.19    0.00    0.00    0.00   57.45
00:22:49       2    7.50    0.00   27.50    0.00    0.00    1.25    0.00    0.00    0.00   63.75
00:22:49       3   10.75    0.00   25.81    0.00    0.00    4.30    0.00    0.00    0.00   59.14

00:22:49     CPU    %usr   %nice    %sys %iowait    %irq   %soft  %steal  %guest  %gnice   %idle
00:22:50     all    4.80    0.00   19.21    0.00    0.00    6.50    0.00    0.00    0.00   69.49
00:22:50       0    3.12    0.00   20.83    0.00    0.00   14.58    0.00    0.00    0.00   61.46
00:22:50       1    5.00    0.00   15.00    0.00    0.00    2.50    0.00    0.00    0.00   77.50
00:22:50       2    4.60    0.00   18.39    0.00    0.00    4.60    0.00    0.00    0.00   72.41
00:22:50       3    6.59    0.00   21.98    0.00    0.00    3.30    0.00    0.00    0.00   68.13

00:22:50     CPU    %usr   %nice    %sys %iowait    %irq   %soft  %steal  %guest  %gnice   %idle
00:22:51     all    6.79    0.00   19.84    0.00    0.00    7.34    0.00    0.00    0.00   66.03
00:22:51       0    4.04    0.00   17.17    0.00    0.00   19.19    0.00    0.00    0.00   59.60
00:22:51       1    8.43    0.00   18.07    0.00    0.00    0.00    0.00    0.00    0.00   73.49
00:22:51       2    8.42    0.00   23.16    0.00    0.00    3.16    0.00    0.00    0.00   65.26
00:22:51       3    6.59    0.00   20.88    0.00    0.00    5.49    0.00    0.00    0.00   67.03

00:22:51     CPU    %usr   %nice    %sys %iowait    %irq   %soft  %steal  %guest  %gnice   %idle
00:22:52     all    3.95    0.00   16.38    0.00    0.00    5.37    0.00    0.00    0.00   74.29
00:22:52       0    3.09    0.00   16.49    0.00    0.00   15.46    0.00    0.00    0.00   64.95
00:22:52       1    3.53    0.00   15.29    0.00    0.00    2.35    0.00    0.00    0.00   78.82
00:22:52       2    3.53    0.00   18.82    0.00    0.00    1.18    0.00    0.00    0.00   76.47
00:22:52       3    5.75    0.00   14.94    0.00    0.00    1.15    0.00    0.00    0.00   78.16

00:22:52     CPU    %usr   %nice    %sys %iowait    %irq   %soft  %steal  %guest  %gnice   %idle
00:22:54     all    3.07    0.00   18.99    0.00    0.00    6.42    0.00    0.00    0.00   71.51
00:22:54       0    2.97    0.00   19.80    0.00    0.00   16.83    0.00    0.00    0.00   60.40
00:22:54       1    3.61    0.00   14.46    0.00    0.00    2.41    0.00    0.00    0.00   79.52
00:22:54       2    2.30    0.00   21.84    0.00    0.00    2.30    0.00    0.00    0.00   73.56
00:22:54       3    3.45    0.00   19.54    0.00    0.00    2.30    0.00    0.00    0.00   74.71

00:22:54     CPU    %usr   %nice    %sys %iowait    %irq   %soft  %steal  %guest  %gnice   %idle
00:22:55     all    2.01    0.00   13.18    0.00    0.00    4.87    0.00    0.00    0.00   79.94
00:22:55       0    1.06    0.00   13.83    0.00    0.00   14.89    0.00    0.00    0.00   70.21
00:22:55       1    3.53    0.00   11.76    0.00    0.00    1.18    0.00    0.00    0.00   83.53
00:22:55       2    2.35    0.00   14.12    0.00    0.00    1.18    0.00    0.00    0.00   82.35
00:22:55       3    1.18    0.00   12.94    0.00    0.00    1.18    0.00    0.00    0.00   84.71

00:22:55     CPU    %usr   %nice    %sys %iowait    %irq   %soft  %steal  %guest  %gnice   %idle
00:22:56     all    2.73    0.00   13.11    0.00    0.00    6.56    0.00    0.00    0.00   77.60
00:22:56       0    1.92    0.00   15.38    0.00    0.00   18.27    0.00    0.00    0.00   64.42
00:22:56       1    3.41    0.00   11.36    0.00    0.00    2.27    0.00    0.00    0.00   82.95
00:22:56       2    2.33    0.00   12.79    0.00    0.00    2.33    0.00    0.00    0.00   82.56
00:22:56       3    3.41    0.00   12.50    0.00    0.00    1.14    0.00    0.00    0.00   82.95

00:22:56     CPU    %usr   %nice    %sys %iowait    %irq   %soft  %steal  %guest  %gnice   %idle
00:22:57     all    1.66    0.00   13.02    0.00    0.00    5.82    0.00    0.00    0.00   79.50
00:22:57       0    1.02    0.00   14.29    0.00    0.00   16.33    0.00    0.00    0.00   68.37
00:22:57       1    1.15    0.00   11.49    0.00    0.00    2.30    0.00    0.00    0.00   85.06
00:22:57       2    2.30    0.00   11.49    0.00    0.00    2.30    0.00    0.00    0.00   83.91
00:22:57       3    2.25    0.00   14.61    0.00    0.00    1.12    0.00    0.00    0.00   82.02

00:22:57     CPU    %usr   %nice    %sys %iowait    %irq   %soft  %steal  %guest  %gnice   %idle
00:22:58     all    9.69    0.00   27.75    0.00    0.00    8.90    0.00    0.00    0.00   53.66
00:22:58       0    8.82    0.00   20.59    0.00    0.00   21.57    0.00    0.00    0.00   49.02
00:22:58       1    9.09    0.00   34.34    0.00    0.00    4.04    0.00    0.00    0.00   52.53
00:22:58       2   11.83    0.00   27.96    0.00    0.00    5.38    0.00    0.00    0.00   54.84
00:22:58       3    9.09    0.00   28.41    0.00    0.00    3.41    0.00    0.00    0.00   59.09

00:22:58     CPU    %usr   %nice    %sys %iowait    %irq   %soft  %steal  %guest  %gnice   %idle
00:22:59     all    8.47    0.00   30.95    0.00    0.00    9.79    0.00    0.00    0.00   50.79
00:22:59       0    6.86    0.00   28.43    0.00    0.00   18.63    0.00    0.00    0.00   46.08
00:22:59       1   11.70    0.00   31.91    0.00    0.00    5.32    0.00    0.00    0.00   51.06
00:22:59       2    7.69    0.00   31.87    0.00    0.00    6.59    0.00    0.00    0.00   53.85
00:22:59       3    7.69    0.00   31.87    0.00    0.00    7.69    0.00    0.00    0.00   52.75

00:22:59     CPU    %usr   %nice    %sys %iowait    %irq   %soft  %steal  %guest  %gnice   %idle
00:23:00     all    7.91    0.00   26.02    0.00    0.00    7.91    0.00    0.00    0.00   58.16
00:23:00       0    5.88    0.00   21.57    0.00    0.00   17.65    0.00    0.00    0.00   54.90
00:23:00       1    6.32    0.00   26.32    0.00    0.00    6.32    0.00    0.00    0.00   61.05
00:23:00       2   10.20    0.00   26.53    0.00    0.00    5.10    0.00    0.00    0.00   58.16
00:23:00       3    9.28    0.00   29.90    0.00    0.00    2.06    0.00    0.00    0.00   58.76

00:23:00     CPU    %usr   %nice    %sys %iowait    %irq   %soft  %steal  %guest  %gnice   %idle
00:23:01     all    7.89    0.00   24.43    0.00    0.00    7.12    0.00    0.00    0.00   60.56
00:23:01       0    7.84    0.00   17.65    0.00    0.00   17.65    0.00    0.00    0.00   56.86
00:23:01       1    7.37    0.00   26.32    0.00    0.00    3.16    0.00    0.00    0.00   63.16
00:23:01       2    7.29    0.00   28.12    0.00    0.00    3.12    0.00    0.00    0.00   61.46
00:23:01       3    9.00    0.00   26.00    0.00    0.00    4.00    0.00    0.00    0.00   61.00

00:23:01     CPU    %usr   %nice    %sys %iowait    %irq   %soft  %steal  %guest  %gnice   %idle
00:23:02     all   10.05    0.00   27.51    0.00    0.00    7.67    0.00    0.00    0.00   54.76
00:23:02       0    8.57    0.00   26.67    0.00    0.00   16.19    0.00    0.00    0.00   48.57
00:23:02       1   11.70    0.00   27.66    0.00    0.00    3.19    0.00    0.00    0.00   57.45
00:23:02       2    8.05    0.00   26.44    0.00    0.00    6.90    0.00    0.00    0.00   58.62
00:23:02       3   11.96    0.00   29.35    0.00    0.00    3.26    0.00    0.00    0.00   55.43

00:23:02     CPU    %usr   %nice    %sys %iowait    %irq   %soft  %steal  %guest  %gnice   %idle
00:23:03     all    7.84    0.00   27.57    0.00    0.00    8.65    0.00    0.00    0.00   55.95
00:23:03       0    6.12    0.00   29.59    0.00    0.00   15.31    0.00    0.00    0.00   48.98
00:23:03       1    9.68    0.00   27.96    0.00    0.00    4.30    0.00    0.00    0.00   58.06
00:23:03       2    6.90    0.00   22.99    0.00    0.00    6.90    0.00    0.00    0.00   63.22
00:23:03       3    8.70    0.00   29.35    0.00    0.00    7.61    0.00    0.00    0.00   54.35

00:23:03     CPU    %usr   %nice    %sys %iowait    %irq   %soft  %steal  %guest  %gnice   %idle
00:23:04     all    6.43    0.00   20.71    0.00    0.00    6.19    0.00    0.00    0.00   66.67
00:23:04       0    4.50    0.00   21.62    0.00    0.00   14.41    0.00    0.00    0.00   59.46
00:23:04       1    5.66    0.00   24.53    0.00    0.00    2.83    0.00    0.00    0.00   66.98
00:23:04       2    8.00    0.00   18.00    0.00    0.00    3.00    0.00    0.00    0.00   71.00
00:23:04       3    7.77    0.00   18.45    0.00    0.00    3.88    0.00    0.00    0.00   69.90

00:23:04     CPU    %usr   %nice    %sys %iowait    %irq   %soft  %steal  %guest  %gnice   %idle
00:23:05     all    7.30    0.00   22.79    0.00    0.00    4.87    0.00    0.00    0.00   65.04
00:23:05       0    7.34    0.00   22.02    0.00    0.00    7.34    0.00    0.00    0.00   63.30
00:23:05       1    6.96    0.00   25.22    0.00    0.00    2.61    0.00    0.00    0.00   65.22
00:23:05       2    7.02    0.00   21.05    0.00    0.00    5.26    0.00    0.00    0.00   66.67
00:23:05       3    7.89    0.00   22.81    0.00    0.00    4.39    0.00    0.00    0.00   64.91

00:23:05     CPU    %usr   %nice    %sys %iowait    %irq   %soft  %steal  %guest  %gnice   %idle
00:23:06     all    9.62    0.00   28.85    0.00    0.00    6.97    0.00    0.00    0.00   54.57
00:23:06       0    8.11    0.00   31.53    0.00    0.00   11.71    0.00    0.00    0.00   48.65
00:23:06       1    7.69    0.00   29.81    0.00    0.00    5.77    0.00    0.00    0.00   56.73
00:23:06       2   11.11    0.00   26.26    0.00    0.00    5.05    0.00    0.00    0.00   57.58
00:23:06       3   11.76    0.00   27.45    0.00    0.00    4.90    0.00    0.00    0.00   55.88

00:23:06     CPU    %usr   %nice    %sys %iowait    %irq   %soft  %steal  %guest  %gnice   %idle
00:23:07     all    8.92    0.00   29.40    0.00    0.00    7.87    0.00    0.00    0.00   53.81
00:23:07       0    6.93    0.00   29.70    0.00    0.00   14.85    0.00    0.00    0.00   48.51
00:23:07       1    7.69    0.00   27.47    0.00    0.00    6.59    0.00    0.00    0.00   58.24
00:23:07       2    9.68    0.00   31.18    0.00    0.00    5.38    0.00    0.00    0.00   53.76
00:23:07       3   11.46    0.00   29.17    0.00    0.00    4.17    0.00    0.00    0.00   55.21

00:23:07     CPU    %usr   %nice    %sys %iowait    %irq   %soft  %steal  %guest  %gnice   %idle
00:23:08     all    9.66    0.00   29.24    0.00    0.00    8.62    0.00    0.00    0.00   52.48
00:23:08       0    8.57    0.00   28.57    0.00    0.00   17.14    0.00    0.00    0.00   45.71
00:23:08       1   10.87    0.00   29.35    0.00    0.00    4.35    0.00    0.00    0.00   55.43
00:23:08       2    9.38    0.00   30.21    0.00    0.00    7.29    0.00    0.00    0.00   53.12
00:23:08       3   10.00    0.00   28.89    0.00    0.00    4.44    0.00    0.00    0.00   56.67

00:23:08     CPU    %usr   %nice    %sys %iowait    %irq   %soft  %steal  %guest  %gnice   %idle
00:23:09     all    7.45    0.00   26.92    0.00    0.00    6.21    0.00    0.00    0.00   59.42
00:23:09       0    7.14    0.00   26.98    0.00    0.00   11.90    0.00    0.00    0.00   53.97
00:23:09       1    9.48    0.00   23.28    0.00    0.00    3.45    0.00    0.00    0.00   63.79
00:23:09       2    5.74    0.00   30.33    0.00    0.00    4.92    0.00    0.00    0.00   59.02
00:23:09       3    7.56    0.00   26.89    0.00    0.00    4.20    0.00    0.00    0.00   61.34

00:23:09     CPU    %usr   %nice    %sys %iowait    %irq   %soft  %steal  %guest  %gnice   %idle
00:23:10     all    8.26    0.00   29.45    0.00    0.00    5.72    0.00    0.00    0.00   56.57
00:23:10       0    8.62    0.00   25.86    0.00    0.00   10.34    0.00    0.00    0.00   55.17
00:23:10       1    8.94    0.00   31.71    0.00    0.00    4.88    0.00    0.00    0.00   54.47
00:23:10       2    7.76    0.00   29.31    0.00    0.00    3.45    0.00    0.00    0.00   59.48
00:23:10       3    7.69    0.00   30.77    0.00    0.00    4.27    0.00    0.00    0.00   57.26

00:23:10     CPU    %usr   %nice    %sys %iowait    %irq   %soft  %steal  %guest  %gnice   %idle
00:23:11     all   11.30    0.00   31.94    0.00    0.00    7.37    0.00    0.00    0.00   49.39
00:23:11       0   11.32    0.00   29.25    0.00    0.00   14.15    0.00    0.00    0.00   45.28
00:23:11       1   11.46    0.00   31.25    0.00    0.00    3.12    0.00    0.00    0.00   54.17
00:23:11       2   12.75    0.00   31.37    0.00    0.00    6.86    0.00    0.00    0.00   49.02
00:23:11       3    9.71    0.00   35.92    0.00    0.00    4.85    0.00    0.00    0.00   49.51

00:23:11     CPU    %usr   %nice    %sys %iowait    %irq   %soft  %steal  %guest  %gnice   %idle
00:23:12     all    9.09    0.00   33.19    0.00    0.00    8.03    0.00    0.00    0.00   49.68
00:23:12       0    8.26    0.00   31.40    0.00    0.00   14.05    0.00    0.00    0.00   46.28
00:23:12       1   10.00    0.00   35.00    0.00    0.00    5.83    0.00    0.00    0.00   49.17
00:23:12       2   10.34    0.00   32.76    0.00    0.00    4.31    0.00    0.00    0.00   52.59
00:23:12       3    7.76    0.00   33.62    0.00    0.00    7.76    0.00    0.00    0.00   50.86

00:23:12     CPU    %usr   %nice    %sys %iowait    %irq   %soft  %steal  %guest  %gnice   %idle
00:23:13     all    9.91    0.00   32.49    0.00    0.00    7.83    0.00    0.00    0.00   49.77
00:23:13       0    9.91    0.00   27.03    0.00    0.00   15.32    0.00    0.00    0.00   47.75
00:23:13       1   11.11    0.00   33.33    0.00    0.00    5.56    0.00    0.00    0.00   50.00
00:23:13       2    9.52    0.00   34.29    0.00    0.00    4.76    0.00    0.00    0.00   51.43
00:23:13       3    9.09    0.00   35.45    0.00    0.00    5.45    0.00    0.00    0.00   50.00

00:23:13     CPU    %usr   %nice    %sys %iowait    %irq   %soft  %steal  %guest  %gnice   %idle
00:23:14     all   11.64    0.00   34.92    0.00    0.00    8.79    0.00    0.00    0.00   44.66
00:23:14       0   12.26    0.00   30.19    0.00    0.00   15.09    0.00    0.00    0.00   42.45
00:23:14       1   11.43    0.00   35.24    0.00    0.00    8.57    0.00    0.00    0.00   44.76
00:23:14       2   12.50    0.00   37.50    0.00    0.00    4.81    0.00    0.00    0.00   45.19
00:23:14       3   10.38    0.00   36.79    0.00    0.00    6.60    0.00    0.00    0.00   46.23

00:23:14     CPU    %usr   %nice    %sys %iowait    %irq   %soft  %steal  %guest  %gnice   %idle
00:23:15     all   13.01    0.00   35.16    0.00    0.00    8.22    0.00    0.00    0.00   43.61
00:23:15       0   10.09    0.00   31.19    0.00    0.00   15.60    0.00    0.00    0.00   43.12
00:23:15       1   16.96    0.00   34.82    0.00    0.00    6.25    0.00    0.00    0.00   41.96
00:23:15       2   11.11    0.00   39.81    0.00    0.00    5.56    0.00    0.00    0.00   43.52
00:23:15       3   13.76    0.00   34.86    0.00    0.00    5.50    0.00    0.00    0.00   45.87

00:23:15     CPU    %usr   %nice    %sys %iowait    %irq   %soft  %steal  %guest  %gnice   %idle
00:23:16     all    9.49    0.00   29.54    0.00    0.00    6.33    0.00    0.00    0.00   54.64
00:23:16       0    7.76    0.00   29.31    0.00    0.00   10.34    0.00    0.00    0.00   52.59
00:23:16       1   10.08    0.00   28.57    0.00    0.00    5.04    0.00    0.00    0.00   56.30
00:23:16       2    8.40    0.00   31.09    0.00    0.00    5.88    0.00    0.00    0.00   54.62
00:23:16       3   11.67    0.00   29.17    0.00    0.00    4.17    0.00    0.00    0.00   55.00

00:23:16     CPU    %usr   %nice    %sys %iowait    %irq   %soft  %steal  %guest  %gnice   %idle
00:23:17     all   11.03    0.00   35.40    0.00    0.00    8.51    0.00    0.00    0.00   45.06
00:23:17       0    9.82    0.00   32.14    0.00    0.00   15.18    0.00    0.00    0.00   42.86
00:23:17       1   12.15    0.00   35.51    0.00    0.00    6.54    0.00    0.00    0.00   45.79
00:23:17       2   11.32    0.00   36.79    0.00    0.00    6.60    0.00    0.00    0.00   45.28
00:23:17       3   10.91    0.00   37.27    0.00    0.00    5.45    0.00    0.00    0.00   46.36

00:23:17     CPU    %usr   %nice    %sys %iowait    %irq   %soft  %steal  %guest  %gnice   %idle
00:23:18     all    7.66    0.00   28.09    0.00    0.00    5.96    0.00    0.00    0.00   58.30
00:23:18       0    5.74    0.00   27.87    0.00    0.00   12.30    0.00    0.00    0.00   54.10
00:23:18       1    6.96    0.00   30.43    0.00    0.00    2.61    0.00    0.00    0.00   60.00
00:23:18       2   10.17    0.00   27.12    0.00    0.00    3.39    0.00    0.00    0.00   59.32
00:23:18       3    7.83    0.00   26.96    0.00    0.00    5.22    0.00    0.00    0.00   60.00

00:23:18     CPU    %usr   %nice    %sys %iowait    %irq   %soft  %steal  %guest  %gnice   %idle
00:23:19     all   11.46    0.00   34.61    0.00    0.00    8.99    0.00    0.00    0.00   44.94
00:23:19       0   11.86    0.00   28.81    0.00    0.00   18.64    0.00    0.00    0.00   40.68
00:23:19       1    9.35    0.00   38.32    0.00    0.00    6.54    0.00    0.00    0.00   45.79
00:23:19       2   13.16    0.00   38.60    0.00    0.00    4.39    0.00    0.00    0.00   43.86
00:23:19       3   11.32    0.00   33.02    0.00    0.00    5.66    0.00    0.00    0.00   50.00

00:23:19     CPU    %usr   %nice    %sys %iowait    %irq   %soft  %steal  %guest  %gnice   %idle
00:23:20     all   12.42    0.00   34.99    0.00    0.00    7.90    0.00    0.00    0.00   44.70
00:23:20       0   12.07    0.00   29.31    0.00    0.00   18.10    0.00    0.00    0.00   40.52
00:23:20       1   10.91    0.00   39.09    0.00    0.00    3.64    0.00    0.00    0.00   46.36
00:23:20       2   13.21    0.00   35.85    0.00    0.00    4.72    0.00    0.00    0.00   46.23
00:23:20       3   13.51    0.00   36.04    0.00    0.00    4.50    0.00    0.00    0.00   45.95

00:23:20     CPU    %usr   %nice    %sys %iowait    %irq   %soft  %steal  %guest  %gnice   %idle
00:23:21     all   10.74    0.00   37.23    0.00    0.00    9.31    0.00    0.00    0.00   42.72
00:23:21       0   11.30    0.00   30.43    0.00    0.00   21.74    0.00    0.00    0.00   36.52
00:23:21       1    9.09    0.00   40.40    0.00    0.00    4.04    0.00    0.00    0.00   46.46
00:23:21       2   11.54    0.00   41.35    0.00    0.00    4.81    0.00    0.00    0.00   42.31
00:23:21       3   10.89    0.00   37.62    0.00    0.00    4.95    0.00    0.00    0.00   46.53

00:23:21     CPU    %usr   %nice    %sys %iowait    %irq   %soft  %steal  %guest  %gnice   %idle
00:23:22     all   13.12    0.00   39.36    0.00    0.00   10.89    0.00    0.00    0.00   36.63
00:23:22       0   10.53    0.00   34.21    0.00    0.00   24.56    0.00    0.00    0.00   30.70
00:23:22       1   13.04    0.00   42.39    0.00    0.00    3.26    0.00    0.00    0.00   41.30
00:23:22       2   14.14    0.00   42.42    0.00    0.00    7.07    0.00    0.00    0.00   36.36
00:23:22       3   15.15    0.00   39.39    0.00    0.00    6.06    0.00    0.00    0.00   39.39

00:23:22     CPU    %usr   %nice    %sys %iowait    %irq   %soft  %steal  %guest  %gnice   %idle
00:23:23     all   12.47    0.00   43.64    0.00    0.00   13.47    0.00    0.00    0.00   30.42
00:23:23       0    7.27    0.00   35.45    0.00    0.00   32.73    0.00    0.00    0.00   24.55
00:23:23       1   16.33    0.00   45.92    0.00    0.00    5.10    0.00    0.00    0.00   32.65
00:23:23       2   15.15    0.00   44.44    0.00    0.00    7.07    0.00    0.00    0.00   33.33
00:23:23       3   11.70    0.00   50.00    0.00    0.00    6.38    0.00    0.00    0.00   31.91

00:23:23     CPU    %usr   %nice    %sys %iowait    %irq   %soft  %steal  %guest  %gnice   %idle
00:23:24     all   13.24    0.00   43.38    0.00    0.00   12.25    0.00    0.00    0.00   31.13
00:23:24       0    9.73    0.00   33.63    0.00    0.00   30.09    0.00    0.00    0.00   26.55
00:23:24       1   13.73    0.00   50.00    0.00    0.00    5.88    0.00    0.00    0.00   30.39
00:23:24       2   15.15    0.00   45.45    0.00    0.00    5.05    0.00    0.00    0.00   34.34
00:23:24       3   14.89    0.00   45.74    0.00    0.00    5.32    0.00    0.00    0.00   34.04

00:23:24     CPU    %usr   %nice    %sys %iowait    %irq   %soft  %steal  %guest  %gnice   %idle
00:23:25     all   13.29    0.00   38.41    0.00    0.00   10.14    0.00    0.00    0.00   38.16
00:23:25       0    9.82    0.00   29.46    0.00    0.00   28.57    0.00    0.00    0.00   32.14
00:23:25       1   15.09    0.00   41.51    0.00    0.00    5.66    0.00    0.00    0.00   37.74
00:23:25       2   13.27    0.00   42.86    0.00    0.00    2.04    0.00    0.00    0.00   41.84
00:23:25       3   15.31    0.00   40.82    0.00    0.00    2.04    0.00    0.00    0.00   41.84

00:23:25     CPU    %usr   %nice    %sys %iowait    %irq   %soft  %steal  %guest  %gnice   %idle
00:23:26     all   14.04    0.00   37.77    0.00    0.00   11.38    0.00    0.00    0.00   36.80
00:23:26       0    9.82    0.00   28.57    0.00    0.00   29.46    0.00    0.00    0.00   32.14
00:23:26       1   17.35    0.00   38.78    0.00    0.00    4.08    0.00    0.00    0.00   39.80
00:23:26       2   17.82    0.00   39.60    0.00    0.00    4.95    0.00    0.00    0.00   37.62
00:23:26       3   11.76    0.00   45.10    0.00    0.00    4.90    0.00    0.00    0.00   38.24

00:23:26     CPU    %usr   %nice    %sys %iowait    %irq   %soft  %steal  %guest  %gnice   %idle
00:23:27     all   14.46    0.00   36.63    0.00    0.00   10.60    0.00    0.00    0.00   38.31
00:23:27       0   14.16    0.00   30.97    0.00    0.00   23.01    0.00    0.00    0.00   31.86
00:23:27       1   15.84    0.00   38.61    0.00    0.00    5.94    0.00    0.00    0.00   39.60
00:23:27       2   15.00    0.00   41.00    0.00    0.00    4.00    0.00    0.00    0.00   40.00
00:23:27       3   12.87    0.00   36.63    0.00    0.00    7.92    0.00    0.00    0.00   42.57

00:23:27     CPU    %usr   %nice    %sys %iowait    %irq   %soft  %steal  %guest  %gnice   %idle
00:23:28     all   10.86    0.00   35.10    0.00    0.00   13.13    0.00    0.00    0.00   40.91
00:23:28       0    8.55    0.00   30.77    0.00    0.00   29.91    0.00    0.00    0.00   30.77
00:23:28       1   10.31    0.00   39.18    0.00    0.00    9.28    0.00    0.00    0.00   41.24
00:23:28       2   14.13    0.00   33.70    0.00    0.00    4.35    0.00    0.00    0.00   47.83
00:23:28       3   11.11    0.00   37.78    0.00    0.00    4.44    0.00    0.00    0.00   46.67

00:23:28     CPU    %usr   %nice    %sys %iowait    %irq   %soft  %steal  %guest  %gnice   %idle
00:23:29     all   13.55    0.00   39.90    0.00    0.00   12.32    0.00    0.00    0.00   34.24
00:23:29       0   10.34    0.00   33.62    0.00    0.00   26.72    0.00    0.00    0.00   29.31
00:23:29       1   14.58    0.00   42.71    0.00    0.00    6.25    0.00    0.00    0.00   36.46
00:23:29       2   16.67    0.00   39.58    0.00    0.00    7.29    0.00    0.00    0.00   36.46
00:23:29       3   13.27    0.00   44.90    0.00    0.00    6.12    0.00    0.00    0.00   35.71

00:23:29     CPU    %usr   %nice    %sys %iowait    %irq   %soft  %steal  %guest  %gnice   %idle
00:23:30     all    9.54    0.00   38.40    0.00    0.00   14.43    0.00    0.00    0.00   37.63
00:23:30       0    5.31    0.00   27.43    0.00    0.00   36.28    0.00    0.00    0.00   30.97
00:23:30       1    9.38    0.00   44.79    0.00    0.00    6.25    0.00    0.00    0.00   39.58
00:23:30       2   13.04    0.00   45.65    0.00    0.00    3.26    0.00    0.00    0.00   38.04
00:23:30       3   11.49    0.00   37.93    0.00    0.00    6.90    0.00    0.00    0.00   43.68

00:23:30     CPU    %usr   %nice    %sys %iowait    %irq   %soft  %steal  %guest  %gnice   %idle
00:23:31     all   12.69    0.00   38.83    0.00    0.00   12.94    0.00    0.00    0.00   35.53
00:23:31       0   10.09    0.00   31.19    0.00    0.00   28.44    0.00    0.00    0.00   30.28
00:23:31       1   14.14    0.00   41.41    0.00    0.00    8.08    0.00    0.00    0.00   36.36
00:23:31       2   13.83    0.00   43.62    0.00    0.00    5.32    0.00    0.00    0.00   37.23
00:23:31       3   13.04    0.00   40.22    0.00    0.00    7.61    0.00    0.00    0.00   39.13

00:23:31     CPU    %usr   %nice    %sys %iowait    %irq   %soft  %steal  %guest  %gnice   %idle
00:23:32     all    6.87    0.00   33.24    0.00    0.00   10.16    0.00    0.00    0.00   49.73
00:23:32       0    3.00    0.00   26.00    0.00    0.00   30.00    0.00    0.00    0.00   41.00
00:23:32       1    8.33    0.00   33.33    0.00    0.00    2.38    0.00    0.00    0.00   55.95
00:23:32       2   11.11    0.00   37.78    0.00    0.00    2.22    0.00    0.00    0.00   48.89
00:23:32       3    5.56    0.00   36.67    0.00    0.00    3.33    0.00    0.00    0.00   54.44

00:23:32     CPU    %usr   %nice    %sys %iowait    %irq   %soft  %steal  %guest  %gnice   %idle
00:23:33     all    7.56    0.00   26.05    0.00    0.00   10.36    0.00    0.00    0.00   56.02
00:23:33       0    4.90    0.00   22.55    0.00    0.00   28.43    0.00    0.00    0.00   44.12
00:23:33       1   10.34    0.00   27.59    0.00    0.00    2.30    0.00    0.00    0.00   59.77
00:23:33       2    9.41    0.00   27.06    0.00    0.00    3.53    0.00    0.00    0.00   60.00
00:23:33       3    6.02    0.00   27.71    0.00    0.00    3.61    0.00    0.00    0.00   62.65

00:23:33     CPU    %usr   %nice    %sys %iowait    %irq   %soft  %steal  %guest  %gnice   %idle
00:23:34     all    6.61    0.00   30.03    0.00    0.00   11.85    0.00    0.00    0.00   51.52
00:23:34       0    4.76    0.00   21.90    0.00    0.00   32.38    0.00    0.00    0.00   40.95
00:23:34       1   10.34    0.00   32.18    0.00    0.00    3.45    0.00    0.00    0.00   54.02
00:23:34       2    3.53    0.00   37.65    0.00    0.00    1.18    0.00    0.00    0.00   57.65
00:23:34       3    8.14    0.00   30.23    0.00    0.00    5.81    0.00    0.00    0.00   55.81

00:23:34     CPU    %usr   %nice    %sys %iowait    %irq   %soft  %steal  %guest  %gnice   %idle
00:23:35     all    4.03    0.00   21.04    0.00    0.00    7.49    0.00    0.00    0.00   67.44
00:23:35       0    4.08    0.00   14.29    0.00    0.00   25.51    0.00    0.00    0.00   56.12
00:23:35       1    3.61    0.00   24.10    0.00    0.00    0.00    0.00    0.00    0.00   72.29
00:23:35       2    6.82    0.00   25.00    0.00    0.00    1.14    0.00    0.00    0.00   67.05
00:23:35       3    1.28    0.00   21.79    0.00    0.00    0.00    0.00    0.00    0.00   76.92

00:23:35     CPU    %usr   %nice    %sys %iowait    %irq   %soft  %steal  %guest  %gnice   %idle
00:23:36     all    4.14    0.00   20.41    0.00    0.00    8.58    0.00    0.00    0.00   66.86
00:23:36       0    4.08    0.00   14.29    0.00    0.00   27.55    0.00    0.00    0.00   54.08
00:23:36       1    4.88    0.00   23.17    0.00    0.00    1.22    0.00    0.00    0.00   70.73
00:23:36       2    5.13    0.00   21.79    0.00    0.00    1.28    0.00    0.00    0.00   71.79
00:23:36       3    2.50    0.00   23.75    0.00    0.00    0.00    0.00    0.00    0.00   73.75

00:23:36     CPU    %usr   %nice    %sys %iowait    %irq   %soft  %steal  %guest  %gnice   %idle
00:23:37     all   10.61    0.00   32.89    0.00    0.00   11.67    0.00    0.00    0.00   44.83
00:23:37       0    6.25    0.00   27.68    0.00    0.00   31.25    0.00    0.00    0.00   34.82
00:23:37       1   11.49    0.00   35.63    0.00    0.00    2.30    0.00    0.00    0.00   50.57
00:23:37       2   13.48    0.00   33.71    0.00    0.00    5.62    0.00    0.00    0.00   47.19
00:23:37       3   12.36    0.00   35.96    0.00    0.00    2.25    0.00    0.00    0.00   49.44

00:23:37     CPU    %usr   %nice    %sys %iowait    %irq   %soft  %steal  %guest  %gnice   %idle
00:23:38     all   13.45    0.00   41.12    0.00    0.00   11.42    0.00    0.00    0.00   34.01
00:23:38       0    8.33    0.00   34.26    0.00    0.00   28.70    0.00    0.00    0.00   28.70
00:23:38       1   14.43    0.00   45.36    0.00    0.00    4.12    0.00    0.00    0.00   36.08
00:23:38       2   19.35    0.00   39.78    0.00    0.00    5.38    0.00    0.00    0.00   35.48
00:23:38       3   12.50    0.00   45.83    0.00    0.00    5.21    0.00    0.00    0.00   36.46

00:23:38     CPU    %usr   %nice    %sys %iowait    %irq   %soft  %steal  %guest  %gnice   %idle
00:23:39     all   11.25    0.00   36.32    0.00    0.00   13.30    0.00    0.00    0.00   39.13
00:23:39       0   10.62    0.00   25.66    0.00    0.00   31.86    0.00    0.00    0.00   31.86
00:23:39       1   12.24    0.00   39.80    0.00    0.00    7.14    0.00    0.00    0.00   40.82
00:23:39       2   10.87    0.00   43.48    0.00    0.00    4.35    0.00    0.00    0.00   41.30
00:23:39       3   11.36    0.00   38.64    0.00    0.00    5.68    0.00    0.00    0.00   44.32

00:23:39     CPU    %usr   %nice    %sys %iowait    %irq   %soft  %steal  %guest  %gnice   %idle
00:23:40     all   14.11    0.00   41.31    0.25    0.00   11.59    0.00    0.00    0.00   32.75
00:23:40       0    9.09    0.00   32.73    0.00    0.00   29.09    0.00    0.00    0.00   29.09
00:23:40       1   14.74    0.00   45.26    1.05    0.00    5.26    0.00    0.00    0.00   33.68
00:23:40       2   17.39    0.00   43.48    0.00    0.00    3.26    0.00    0.00    0.00   35.87
00:23:40       3   16.00    0.00   45.00    0.00    0.00    6.00    0.00    0.00    0.00   33.00

00:23:40     CPU    %usr   %nice    %sys %iowait    %irq   %soft  %steal  %guest  %gnice   %idle
00:23:41     all    8.85    0.00   35.94    0.00    0.00   12.76    0.00    0.00    0.00   42.45
00:23:41       0    5.26    0.00   30.70    0.00    0.00   31.58    0.00    0.00    0.00   32.46
00:23:41       1   10.75    0.00   37.63    0.00    0.00    7.53    0.00    0.00    0.00   44.09
00:23:41       2   12.36    0.00   37.08    0.00    0.00    3.37    0.00    0.00    0.00   47.19
00:23:41       3    7.95    0.00   39.77    0.00    0.00    3.41    0.00    0.00    0.00   48.86

00:23:41     CPU    %usr   %nice    %sys %iowait    %irq   %soft  %steal  %guest  %gnice   %idle
00:23:42     all   11.26    0.00   31.10    0.00    0.00   10.19    0.00    0.00    0.00   47.45
00:23:42       0    7.62    0.00   26.67    0.00    0.00   26.67    0.00    0.00    0.00   39.05
00:23:42       1   13.04    0.00   31.52    0.00    0.00    5.43    0.00    0.00    0.00   50.00
00:23:42       2   14.13    0.00   33.70    0.00    0.00    4.35    0.00    0.00    0.00   47.83
00:23:42       3   10.71    0.00   33.33    0.00    0.00    1.19    0.00    0.00    0.00   54.76

00:23:42     CPU    %usr   %nice    %sys %iowait    %irq   %soft  %steal  %guest  %gnice   %idle
00:23:43     all   11.44    0.00   34.04    0.00    0.00   11.17    0.00    0.00    0.00   43.35
00:23:43       0    6.67    0.00   29.52    0.00    0.00   26.67    0.00    0.00    0.00   37.14
00:23:43       1   13.19    0.00   39.56    0.00    0.00    2.20    0.00    0.00    0.00   45.05
00:23:43       2   16.30    0.00   32.61    0.00    0.00    6.52    0.00    0.00    0.00   44.57
00:23:43       3   10.23    0.00   35.23    0.00    0.00    6.82    0.00    0.00    0.00   47.73

00:23:43     CPU    %usr   %nice    %sys %iowait    %irq   %soft  %steal  %guest  %gnice   %idle
00:23:44     all   10.82    0.00   35.62    0.00    0.00   12.66    0.00    0.00    0.00   40.90
00:23:44       0   11.82    0.00   25.45    0.00    0.00   31.82    0.00    0.00    0.00   30.91
00:23:44       1   10.11    0.00   39.33    0.00    0.00    3.37    0.00    0.00    0.00   47.19
00:23:44       2    8.99    0.00   41.57    0.00    0.00    4.49    0.00    0.00    0.00   44.94
00:23:44       3   12.09    0.00   38.46    0.00    0.00    6.59    0.00    0.00    0.00   42.86

00:23:44     CPU    %usr   %nice    %sys %iowait    %irq   %soft  %steal  %guest  %gnice   %idle
00:23:45     all   13.60    0.00   40.30    0.25    0.00   13.10    0.00    0.00    0.00   32.75
00:23:45       0    9.43    0.00   33.02    0.00    0.00   29.25    0.00    0.00    0.00   28.30
00:23:45       1   17.02    0.00   41.49    0.00    0.00    7.45    0.00    0.00    0.00   34.04
00:23:45       2   14.43    0.00   45.36    1.03    0.00    5.15    0.00    0.00    0.00   34.02
00:23:45       3   14.00    0.00   42.00    0.00    0.00    9.00    0.00    0.00    0.00   35.00

00:23:45     CPU    %usr   %nice    %sys %iowait    %irq   %soft  %steal  %guest  %gnice   %idle
00:23:46     all   11.34    0.00   37.89    0.00    0.00   11.86    0.00    0.00    0.00   38.92
00:23:46       0    7.41    0.00   32.41    0.00    0.00   28.70    0.00    0.00    0.00   31.48
00:23:46       1   12.24    0.00   40.82    0.00    0.00    5.10    0.00    0.00    0.00   41.84
00:23:46       2   12.90    0.00   39.78    0.00    0.00    6.45    0.00    0.00    0.00   40.86
00:23:46       3   13.48    0.00   39.33    0.00    0.00    4.49    0.00    0.00    0.00   42.70
