Linux 6.6.87.2-microsoft-standard-WSL2 (Udeepa-ASUS) 	04/16/26 	_x86_64_	(4 CPU)

00:38:21     CPU    %usr   %nice    %sys %iowait    %irq   %soft  %steal  %guest  %gnice   %idle
00:38:22     all   21.29    0.00   17.57    0.00    0.00    9.16    0.00    0.00    0.00   51.98
00:38:22       0   22.43    0.00   19.63    0.00    0.00   11.21    0.00    0.00    0.00   46.73
00:38:22       1   23.00    0.00   14.00    0.00    0.00   10.00    0.00    0.00    0.00   53.00
00:38:22       2   19.39    0.00   19.39    0.00    0.00    8.16    0.00    0.00    0.00   53.06
00:38:22       3   20.20    0.00   17.17    0.00    0.00    7.07    0.00    0.00    0.00   55.56

00:38:22     CPU    %usr   %nice    %sys %iowait    %irq   %soft  %steal  %guest  %gnice   %idle
00:38:23     all   23.98    0.00   20.14    0.00    0.00   11.99    0.00    0.00    0.00   43.88
00:38:23       0   20.91    0.00   19.09    0.00    0.00   20.00    0.00    0.00    0.00   40.00
00:38:23       1   26.73    0.00   15.84    0.00    0.00   11.88    0.00    0.00    0.00   45.54
00:38:23       2   23.30    0.00   25.24    0.00    0.00    7.77    0.00    0.00    0.00   43.69
00:38:23       3   25.24    0.00   20.39    0.00    0.00    7.77    0.00    0.00    0.00   46.60

00:38:23     CPU    %usr   %nice    %sys %iowait    %irq   %soft  %steal  %guest  %gnice   %idle
00:38:24     all   19.75    0.00   16.71    0.00    0.00    9.62    0.00    0.00    0.00   53.92
00:38:24       0   15.89    0.00   18.69    0.00    0.00   17.76    0.00    0.00    0.00   47.66
00:38:24       1   23.47    0.00   16.33    0.00    0.00    6.12    0.00    0.00    0.00   54.08
00:38:24       2   21.05    0.00   16.84    0.00    0.00    5.26    0.00    0.00    0.00   56.84
00:38:24       3   18.95    0.00   14.74    0.00    0.00    8.42    0.00    0.00    0.00   57.89

00:38:24     CPU    %usr   %nice    %sys %iowait    %irq   %soft  %steal  %guest  %gnice   %idle
00:38:25     all   27.12    0.00   32.45    0.00    0.00   13.08    0.00    0.00    0.00   27.36
00:38:25       0   17.92    0.00   27.36    0.00    0.00   22.64    0.00    0.00    0.00   32.08
00:38:25       1   25.51    0.00   36.73    0.00    0.00    8.16    0.00    0.00    0.00   29.59
00:38:25       2   34.95    0.00   33.98    0.00    0.00    8.74    0.00    0.00    0.00   22.33
00:38:25       3   30.19    0.00   32.08    0.00    0.00   12.26    0.00    0.00    0.00   25.47

00:38:25     CPU    %usr   %nice    %sys %iowait    %irq   %soft  %steal  %guest  %gnice   %idle
00:38:26     all   30.17    0.00   37.16    0.00    0.00   15.46    0.00    0.00    0.00   17.21
00:38:26       0   19.05    0.00   30.48    0.00    0.00   25.71    0.00    0.00    0.00   24.76
00:38:26       1   27.27    0.00   41.41    0.00    0.00   11.11    0.00    0.00    0.00   20.20
00:38:26       2   33.33    0.00   40.40    0.00    0.00   13.13    0.00    0.00    0.00   13.13
00:38:26       3   41.84    0.00   36.73    0.00    0.00   11.22    0.00    0.00    0.00   10.20

00:38:26     CPU    %usr   %nice    %sys %iowait    %irq   %soft  %steal  %guest  %gnice   %idle
00:38:27     all   30.30    0.00   32.83    0.00    0.00   18.18    0.00    0.00    0.00   18.69
00:38:27       0   21.50    0.00   25.23    0.00    0.00   29.91    0.00    0.00    0.00   23.36
00:38:27       1   31.25    0.00   38.54    0.00    0.00   11.46    0.00    0.00    0.00   18.75
00:38:27       2   31.96    0.00   37.11    0.00    0.00   15.46    0.00    0.00    0.00   15.46
00:38:27       3   37.50    0.00   31.25    0.00    0.00   14.58    0.00    0.00    0.00   16.67

00:38:27     CPU    %usr   %nice    %sys %iowait    %irq   %soft  %steal  %guest  %gnice   %idle
00:38:28     all   28.82    0.00   37.59    0.00    0.00   17.54    0.00    0.00    0.00   16.04
00:38:28       0   19.42    0.00   30.10    0.00    0.00   25.24    0.00    0.00    0.00   25.24
00:38:28       1   30.93    0.00   41.24    0.00    0.00   14.43    0.00    0.00    0.00   13.40
00:38:28       2   31.31    0.00   39.39    0.00    0.00   16.16    0.00    0.00    0.00   13.13
00:38:28       3   34.00    0.00   40.00    0.00    0.00   14.00    0.00    0.00    0.00   12.00

00:38:28     CPU    %usr   %nice    %sys %iowait    %irq   %soft  %steal  %guest  %gnice   %idle
00:38:30     all   31.25    0.00   34.75    0.00    0.00   16.75    0.00    0.00    0.00   17.25
00:38:30       0   20.75    0.00   28.30    0.00    0.00   26.42    0.00    0.00    0.00   24.53
00:38:30       1   34.00    0.00   34.00    0.00    0.00   16.00    0.00    0.00    0.00   16.00
00:38:30       2   33.33    0.00   43.75    0.00    0.00    9.38    0.00    0.00    0.00   13.54
00:38:30       3   37.76    0.00   33.67    0.00    0.00   14.29    0.00    0.00    0.00   14.29

00:38:30     CPU    %usr   %nice    %sys %iowait    %irq   %soft  %steal  %guest  %gnice   %idle
00:38:31     all   29.28    0.00   37.47    0.00    0.00   17.12    0.00    0.00    0.00   16.13
00:38:31       0   19.09    0.00   30.91    0.00    0.00   29.09    0.00    0.00    0.00   20.91
00:38:31       1   34.34    0.00   38.38    0.00    0.00   14.14    0.00    0.00    0.00   13.13
00:38:31       2   35.71    0.00   39.80    0.00    0.00   12.24    0.00    0.00    0.00   12.24
00:38:31       3   29.17    0.00   41.67    0.00    0.00   11.46    0.00    0.00    0.00   17.71

00:38:31     CPU    %usr   %nice    %sys %iowait    %irq   %soft  %steal  %guest  %gnice   %idle
00:38:32     all   29.80    0.00   38.38    0.00    0.00   16.92    0.00    0.00    0.00   14.90
00:38:32       0   20.59    0.00   33.33    0.00    0.00   28.43    0.00    0.00    0.00   17.65
00:38:32       1   43.88    0.00   32.65    0.00    0.00   15.31    0.00    0.00    0.00    8.16
00:38:32       2   28.87    0.00   42.27    0.00    0.00   12.37    0.00    0.00    0.00   16.49
00:38:32       3   26.26    0.00   45.45    0.00    0.00   11.11    0.00    0.00    0.00   17.17

00:38:32     CPU    %usr   %nice    %sys %iowait    %irq   %soft  %steal  %guest  %gnice   %idle
00:38:33     all   31.23    0.00   36.27    0.00    0.00   17.13    0.00    0.00    0.00   15.37
00:38:33       0   20.59    0.00   31.37    0.00    0.00   27.45    0.00    0.00    0.00   20.59
00:38:33       1   31.58    0.00   42.11    0.00    0.00   11.58    0.00    0.00    0.00   14.74
00:38:33       2   37.76    0.00   33.67    0.00    0.00   17.35    0.00    0.00    0.00   11.22
00:38:33       3   35.29    0.00   38.24    0.00    0.00   11.76    0.00    0.00    0.00   14.71

00:38:33     CPU    %usr   %nice    %sys %iowait    %irq   %soft  %steal  %guest  %gnice   %idle
00:38:34     all   29.11    0.00   39.75    0.00    0.00   14.68    0.00    0.00    0.00   16.46
00:38:34       0   16.19    0.00   38.10    0.00    0.00   21.90    0.00    0.00    0.00   23.81
00:38:34       1   35.00    0.00   36.00    0.00    0.00   14.00    0.00    0.00    0.00   15.00
00:38:34       2   34.02    0.00   42.27    0.00    0.00   12.37    0.00    0.00    0.00   11.34
00:38:34       3   32.26    0.00   43.01    0.00    0.00    9.68    0.00    0.00    0.00   15.05

00:38:34     CPU    %usr   %nice    %sys %iowait    %irq   %soft  %steal  %guest  %gnice   %idle
00:38:35     all   30.95    0.00   38.87    0.00    0.00   14.58    0.00    0.00    0.00   15.60
00:38:35       0   20.79    0.00   37.62    0.00    0.00   20.79    0.00    0.00    0.00   20.79
00:38:35       1   26.60    0.00   44.68    0.00    0.00    8.51    0.00    0.00    0.00   20.21
00:38:35       2   40.21    0.00   35.05    0.00    0.00   14.43    0.00    0.00    0.00   10.31
00:38:35       3   36.36    0.00   38.38    0.00    0.00   14.14    0.00    0.00    0.00   11.11

00:38:35     CPU    %usr   %nice    %sys %iowait    %irq   %soft  %steal  %guest  %gnice   %idle
00:38:36     all   31.34    0.00   38.81    0.00    0.00   14.43    0.00    0.00    0.00   15.42
00:38:36       0   20.00    0.00   38.10    0.00    0.00   20.00    0.00    0.00    0.00   21.90
00:38:36       1   29.90    0.00   43.30    0.00    0.00    9.28    0.00    0.00    0.00   17.53
00:38:36       2   36.73    0.00   35.71    0.00    0.00   14.29    0.00    0.00    0.00   13.27
00:38:36       3   39.22    0.00   38.24    0.00    0.00   13.73    0.00    0.00    0.00    8.82

00:38:36     CPU    %usr   %nice    %sys %iowait    %irq   %soft  %steal  %guest  %gnice   %idle
00:38:37     all   30.38    0.00   37.22    0.00    0.00   15.95    0.00    0.00    0.00   16.46
00:38:37       0   15.09    0.00   35.85    0.00    0.00   25.47    0.00    0.00    0.00   23.58
00:38:37       1   23.96    0.00   46.88    0.00    0.00    7.29    0.00    0.00    0.00   21.88
00:38:37       2   41.05    0.00   33.68    0.00    0.00   14.74    0.00    0.00    0.00   10.53
00:38:37       3   42.86    0.00   32.65    0.00    0.00   15.31    0.00    0.00    0.00    9.18

00:38:37     CPU    %usr   %nice    %sys %iowait    %irq   %soft  %steal  %guest  %gnice   %idle
00:38:38     all   26.42    0.00   36.12    0.00    0.00   18.60    0.00    0.00    0.00   18.87
00:38:38       0   14.74    0.00   33.68    0.00    0.00   30.53    0.00    0.00    0.00   21.05
00:38:38       1   26.04    0.00   35.42    0.00    0.00   14.58    0.00    0.00    0.00   23.96
00:38:38       2   31.46    0.00   38.20    0.00    0.00   14.61    0.00    0.00    0.00   15.73
00:38:38       3   34.07    0.00   37.36    0.00    0.00   14.29    0.00    0.00    0.00   14.29

00:38:38     CPU    %usr   %nice    %sys %iowait    %irq   %soft  %steal  %guest  %gnice   %idle
00:38:39     all   28.42    0.00   38.87    0.00    0.00   16.35    0.00    0.00    0.00   16.35
00:38:39       0   20.59    0.00   39.22    0.00    0.00   20.59    0.00    0.00    0.00   19.61
00:38:39       1   21.35    0.00   46.07    0.00    0.00   11.24    0.00    0.00    0.00   21.35
00:38:39       2   32.97    0.00   34.07    0.00    0.00   19.78    0.00    0.00    0.00   13.19
00:38:39       3   39.56    0.00   36.26    0.00    0.00   13.19    0.00    0.00    0.00   10.99

00:38:39     CPU    %usr   %nice    %sys %iowait    %irq   %soft  %steal  %guest  %gnice   %idle
00:38:40     all   28.87    0.00   38.66    0.00    0.00   14.95    0.00    0.00    0.00   17.53
00:38:40       0   23.53    0.00   32.35    0.00    0.00   22.55    0.00    0.00    0.00   21.57
00:38:40       1   23.40    0.00   43.62    0.00    0.00   13.83    0.00    0.00    0.00   19.15
00:38:40       2   32.65    0.00   41.84    0.00    0.00   11.22    0.00    0.00    0.00   14.29
00:38:40       3   36.17    0.00   37.23    0.00    0.00   11.70    0.00    0.00    0.00   14.89

00:38:40     CPU    %usr   %nice    %sys %iowait    %irq   %soft  %steal  %guest  %gnice   %idle
00:38:41     all   27.16    0.00   38.83    0.25    0.00   14.72    0.00    0.00    0.00   19.04
00:38:41       0   14.02    0.00   34.58    0.93    0.00   26.17    0.00    0.00    0.00   24.30
00:38:41       1   34.65    0.00   40.59    0.00    0.00    9.90    0.00    0.00    0.00   14.85
00:38:41       2   31.91    0.00   40.43    0.00    0.00   10.64    0.00    0.00    0.00   17.02
00:38:41       3   29.35    0.00   40.22    0.00    0.00   10.87    0.00    0.00    0.00   19.57

00:38:41     CPU    %usr   %nice    %sys %iowait    %irq   %soft  %steal  %guest  %gnice   %idle
00:38:42     all   27.07    0.00   36.59    0.00    0.00   18.30    0.00    0.00    0.00   18.05
00:38:42       0   21.90    0.00   27.62    0.00    0.00   28.57    0.00    0.00    0.00   21.90
00:38:42       1   21.65    0.00   41.24    0.00    0.00   16.49    0.00    0.00    0.00   20.62
00:38:42       2   32.32    0.00   38.38    0.00    0.00   15.15    0.00    0.00    0.00   14.14
00:38:42       3   32.65    0.00   39.80    0.00    0.00   12.24    0.00    0.00    0.00   15.31

00:38:42     CPU    %usr   %nice    %sys %iowait    %irq   %soft  %steal  %guest  %gnice   %idle
00:38:43     all   30.97    0.00   35.96    0.00    0.00   13.12    0.00    0.00    0.00   19.95
00:38:43       0   27.27    0.00   33.33    0.00    0.00   19.19    0.00    0.00    0.00   20.20
00:38:43       1   32.63    0.00   38.95    0.00    0.00   12.63    0.00    0.00    0.00   15.79
00:38:43       2   31.52    0.00   38.04    0.00    0.00   11.96    0.00    0.00    0.00   18.48
00:38:43       3   32.63    0.00   33.68    0.00    0.00    8.42    0.00    0.00    0.00   25.26

00:38:43     CPU    %usr   %nice    %sys %iowait    %irq   %soft  %steal  %guest  %gnice   %idle
00:38:44     all   28.72    0.00   35.01    0.00    0.00   17.63    0.00    0.00    0.00   18.64
00:38:44       0   16.19    0.00   33.33    0.00    0.00   25.71    0.00    0.00    0.00   24.76
00:38:44       1   26.26    0.00   37.37    0.00    0.00   15.15    0.00    0.00    0.00   21.21
00:38:44       2   36.08    0.00   37.11    0.00    0.00   13.40    0.00    0.00    0.00   13.40
00:38:44       3   37.50    0.00   32.29    0.00    0.00   15.62    0.00    0.00    0.00   14.58

00:38:44     CPU    %usr   %nice    %sys %iowait    %irq   %soft  %steal  %guest  %gnice   %idle
00:38:45     all   30.08    0.00   34.45    0.00    0.00   16.71    0.00    0.00    0.00   18.77
00:38:45       0   21.70    0.00   28.30    0.00    0.00   25.47    0.00    0.00    0.00   24.53
00:38:45       1   33.33    0.00   33.33    0.00    0.00   10.75    0.00    0.00    0.00   22.58
00:38:45       2   35.42    0.00   37.50    0.00    0.00   13.54    0.00    0.00    0.00   13.54
00:38:45       3   30.85    0.00   39.36    0.00    0.00   15.96    0.00    0.00    0.00   13.83

00:38:45     CPU    %usr   %nice    %sys %iowait    %irq   %soft  %steal  %guest  %gnice   %idle
00:38:46     all   26.32    0.00   40.35    0.00    0.00   16.54    0.00    0.00    0.00   16.79
00:38:46       0   23.08    0.00   31.73    0.00    0.00   24.04    0.00    0.00    0.00   21.15
00:38:46       1   28.00    0.00   40.00    0.00    0.00   13.00    0.00    0.00    0.00   19.00
00:38:46       2   24.21    0.00   46.32    0.00    0.00   15.79    0.00    0.00    0.00   13.68
00:38:46       3   30.00    0.00   44.00    0.00    0.00   13.00    0.00    0.00    0.00   13.00

00:38:46     CPU    %usr   %nice    %sys %iowait    %irq   %soft  %steal  %guest  %gnice   %idle
00:38:47     all   28.13    0.00   37.60    0.00    0.00   16.62    0.00    0.00    0.00   17.65
00:38:47       0   19.81    0.00   34.91    0.00    0.00   24.53    0.00    0.00    0.00   20.75
00:38:47       1   28.72    0.00   39.36    0.00    0.00    9.57    0.00    0.00    0.00   22.34
00:38:47       2   32.29    0.00   36.46    0.00    0.00   16.67    0.00    0.00    0.00   14.58
00:38:47       3   32.63    0.00   40.00    0.00    0.00   14.74    0.00    0.00    0.00   12.63

00:38:47     CPU    %usr   %nice    %sys %iowait    %irq   %soft  %steal  %guest  %gnice   %idle
00:38:48     all   30.38    0.00   33.92    0.00    0.00   14.94    0.00    0.00    0.00   20.76
00:38:48       0   20.79    0.00   32.67    0.00    0.00   23.76    0.00    0.00    0.00   22.77
00:38:48       1   29.90    0.00   32.99    0.00    0.00   11.34    0.00    0.00    0.00   25.77
00:38:48       2   39.39    0.00   33.33    0.00    0.00   11.11    0.00    0.00    0.00   16.16
00:38:48       3   31.63    0.00   36.73    0.00    0.00   13.27    0.00    0.00    0.00   18.37

00:38:48     CPU    %usr   %nice    %sys %iowait    %irq   %soft  %steal  %guest  %gnice   %idle
00:38:49     all   29.57    0.00   39.10    0.00    0.00   15.04    0.00    0.00    0.00   16.29
00:38:49       0   17.27    0.00   39.09    0.00    0.00   20.91    0.00    0.00    0.00   22.73
00:38:49       1   28.57    0.00   44.90    0.00    0.00   10.20    0.00    0.00    0.00   16.33
00:38:49       2   35.42    0.00   39.58    0.00    0.00   12.50    0.00    0.00    0.00   12.50
00:38:49       3   38.95    0.00   32.63    0.00    0.00   15.79    0.00    0.00    0.00   12.63

00:38:49     CPU    %usr   %nice    %sys %iowait    %irq   %soft  %steal  %guest  %gnice   %idle
00:38:50     all   31.51    0.00   36.23    0.00    0.00   16.87    0.00    0.00    0.00   15.38
00:38:50       0   16.22    0.00   35.14    0.00    0.00   25.23    0.00    0.00    0.00   23.42
00:38:50       1   35.42    0.00   36.46    0.00    0.00   12.50    0.00    0.00    0.00   15.62
00:38:50       2   38.14    0.00   32.99    0.00    0.00   17.53    0.00    0.00    0.00   11.34
00:38:50       3   38.38    0.00   40.40    0.00    0.00   11.11    0.00    0.00    0.00   10.10

00:38:50     CPU    %usr   %nice    %sys %iowait    %irq   %soft  %steal  %guest  %gnice   %idle
00:38:51     all   28.07    0.00   38.10    0.00    0.00   16.04    0.00    0.00    0.00   17.79
00:38:51       0   21.15    0.00   28.85    0.00    0.00   25.96    0.00    0.00    0.00   24.04
00:38:51       1   36.00    0.00   38.00    0.00    0.00   15.00    0.00    0.00    0.00   11.00
00:38:51       2   32.32    0.00   44.44    0.00    0.00    8.08    0.00    0.00    0.00   15.15
00:38:51       3   22.92    0.00   41.67    0.00    0.00   14.58    0.00    0.00    0.00   20.83

00:38:51     CPU    %usr   %nice    %sys %iowait    %irq   %soft  %steal  %guest  %gnice   %idle
00:38:52     all   28.29    0.00   39.95    0.00    0.00   15.63    0.00    0.00    0.00   16.13
00:38:52       0   19.81    0.00   33.96    0.00    0.00   25.47    0.00    0.00    0.00   20.75
00:38:52       1   32.00    0.00   37.00    0.00    0.00   15.00    0.00    0.00    0.00   16.00
00:38:52       2   30.69    0.00   44.55    0.00    0.00   10.89    0.00    0.00    0.00   13.86
00:38:52       3   31.25    0.00   44.79    0.00    0.00   10.42    0.00    0.00    0.00   13.54

00:38:52     CPU    %usr   %nice    %sys %iowait    %irq   %soft  %steal  %guest  %gnice   %idle
00:38:53     all   30.33    0.00   36.59    0.00    0.00   16.04    0.00    0.00    0.00   17.04
00:38:53       0   27.18    0.00   29.13    0.00    0.00   23.30    0.00    0.00    0.00   20.39
00:38:53       1   42.57    0.00   33.66    0.00    0.00   16.83    0.00    0.00    0.00    6.93
00:38:53       2   26.80    0.00   43.30    0.00    0.00   10.31    0.00    0.00    0.00   19.59
00:38:53       3   24.49    0.00   40.82    0.00    0.00   13.27    0.00    0.00    0.00   21.43

00:38:53     CPU    %usr   %nice    %sys %iowait    %irq   %soft  %steal  %guest  %gnice   %idle
00:38:54     all   27.89    0.00   39.95    0.00    0.00   14.07    0.00    0.00    0.00   18.09
00:38:54       0   17.92    0.00   40.57    0.00    0.00   22.64    0.00    0.00    0.00   18.87
00:38:54       1   22.77    0.00   48.51    0.00    0.00   10.89    0.00    0.00    0.00   17.82
00:38:54       2   37.50    0.00   33.33    0.00    0.00   13.54    0.00    0.00    0.00   15.62
00:38:54       3   34.74    0.00   36.84    0.00    0.00    8.42    0.00    0.00    0.00   20.00

00:38:54     CPU    %usr   %nice    %sys %iowait    %irq   %soft  %steal  %guest  %gnice   %idle
00:38:55     all   30.65    0.00   37.94    0.00    0.00   14.82    0.00    0.00    0.00   16.58
00:38:55       0   25.49    0.00   34.31    0.00    0.00   25.49    0.00    0.00    0.00   14.71
00:38:55       1   37.37    0.00   37.37    0.00    0.00   13.13    0.00    0.00    0.00   12.12
00:38:55       2   30.69    0.00   39.60    0.00    0.00   10.89    0.00    0.00    0.00   18.81
00:38:55       3   29.17    0.00   40.62    0.00    0.00    9.38    0.00    0.00    0.00   20.83

00:38:55     CPU    %usr   %nice    %sys %iowait    %irq   %soft  %steal  %guest  %gnice   %idle
00:38:56     all   28.24    0.00   37.91    0.00    0.00   14.50    0.00    0.00    0.00   19.34
00:38:56       0   20.00    0.00   35.24    0.00    0.00   21.90    0.00    0.00    0.00   22.86
00:38:56       1   28.12    0.00   40.62    0.00    0.00   12.50    0.00    0.00    0.00   18.75
00:38:56       2   28.57    0.00   40.82    0.00    0.00   11.22    0.00    0.00    0.00   19.39
00:38:56       3   37.23    0.00   35.11    0.00    0.00   11.70    0.00    0.00    0.00   15.96

00:38:56     CPU    %usr   %nice    %sys %iowait    %irq   %soft  %steal  %guest  %gnice   %idle
00:38:57     all   29.47    0.00   38.04    0.00    0.00   15.62    0.00    0.00    0.00   16.88
00:38:57       0   23.76    0.00   34.65    0.00    0.00   21.78    0.00    0.00    0.00   19.80
00:38:57       1   29.17    0.00   42.71    0.00    0.00    8.33    0.00    0.00    0.00   19.79
00:38:57       2   29.70    0.00   41.58    0.00    0.00   14.85    0.00    0.00    0.00   13.86
00:38:57       3   35.35    0.00   33.33    0.00    0.00   17.17    0.00    0.00    0.00   14.14

00:38:57     CPU    %usr   %nice    %sys %iowait    %irq   %soft  %steal  %guest  %gnice   %idle
00:38:58     all   29.12    0.00   35.05    0.00    0.00   15.98    0.00    0.00    0.00   19.85
00:38:58       0   22.12    0.00   29.81    0.00    0.00   24.04    0.00    0.00    0.00   24.04
00:38:58       1   25.26    0.00   42.11    0.00    0.00   10.53    0.00    0.00    0.00   22.11
00:38:58       2   32.97    0.00   36.26    0.00    0.00   10.99    0.00    0.00    0.00   19.78
00:38:58       3   36.73    0.00   32.65    0.00    0.00   17.35    0.00    0.00    0.00   13.27

00:38:58     CPU    %usr   %nice    %sys %iowait    %irq   %soft  %steal  %guest  %gnice   %idle
00:38:59     all   28.61    0.00   30.93    0.00    0.00   14.95    0.00    0.00    0.00   25.52
00:38:59       0   18.45    0.00   31.07    0.00    0.00   22.33    0.00    0.00    0.00   28.16
00:38:59       1   31.96    0.00   28.87    0.00    0.00   14.43    0.00    0.00    0.00   24.74
00:38:59       2   32.63    0.00   31.58    0.00    0.00   11.58    0.00    0.00    0.00   24.21
00:38:59       3   32.26    0.00   32.26    0.00    0.00   10.75    0.00    0.00    0.00   24.73

00:38:59     CPU    %usr   %nice    %sys %iowait    %irq   %soft  %steal  %guest  %gnice   %idle
00:39:00     all   29.21    0.00   38.61    0.00    0.00   17.82    0.00    0.00    0.00   14.36
00:39:00       0   19.44    0.00   36.11    0.00    0.00   26.85    0.00    0.00    0.00   17.59
00:39:00       1   38.38    0.00   35.35    0.00    0.00   16.16    0.00    0.00    0.00   10.10
00:39:00       2   29.59    0.00   41.84    0.00    0.00   16.33    0.00    0.00    0.00   12.24
00:39:00       3   30.30    0.00   41.41    0.00    0.00   11.11    0.00    0.00    0.00   17.17

00:39:00     CPU    %usr   %nice    %sys %iowait    %irq   %soft  %steal  %guest  %gnice   %idle
00:39:01     all   27.34    0.00   41.13    0.00    0.00   15.27    0.00    0.00    0.00   16.26
00:39:01       0   19.63    0.00   37.38    0.00    0.00   24.30    0.00    0.00    0.00   18.69
00:39:01       1   28.28    0.00   45.45    0.00    0.00   12.12    0.00    0.00    0.00   14.14
00:39:01       2   32.67    0.00   38.61    0.00    0.00   14.85    0.00    0.00    0.00   13.86
00:39:01       3   29.29    0.00   43.43    0.00    0.00    9.09    0.00    0.00    0.00   18.18

00:39:01     CPU    %usr   %nice    %sys %iowait    %irq   %soft  %steal  %guest  %gnice   %idle
00:39:03     all   28.29    0.00   37.22    0.00    0.00   16.87    0.00    0.00    0.00   17.62
00:39:03       0   23.58    0.00   30.19    0.00    0.00   27.36    0.00    0.00    0.00   18.87
00:39:03       1   36.46    0.00   37.50    0.00    0.00   14.58    0.00    0.00    0.00   11.46
00:39:03       2   28.43    0.00   39.22    0.00    0.00   13.73    0.00    0.00    0.00   18.63
00:39:03       3   25.25    0.00   42.42    0.00    0.00   11.11    0.00    0.00    0.00   21.21

00:39:03     CPU    %usr   %nice    %sys %iowait    %irq   %soft  %steal  %guest  %gnice   %idle
00:39:04     all   27.41    0.00   35.79    0.00    0.00   17.77    0.00    0.00    0.00   19.04
00:39:04       0   16.50    0.00   33.01    0.00    0.00   26.21    0.00    0.00    0.00   24.27
00:39:04       1   31.96    0.00   34.02    0.00    0.00   15.46    0.00    0.00    0.00   18.56
00:39:04       2   32.63    0.00   38.95    0.00    0.00   13.68    0.00    0.00    0.00   14.74
00:39:04       3   29.29    0.00   37.37    0.00    0.00   15.15    0.00    0.00    0.00   18.18

00:39:04     CPU    %usr   %nice    %sys %iowait    %irq   %soft  %steal  %guest  %gnice   %idle
00:39:05     all   30.15    0.00   35.93    0.00    0.00   16.08    0.00    0.00    0.00   17.84
00:39:05       0   19.44    0.00   31.48    0.00    0.00   27.78    0.00    0.00    0.00   21.30
00:39:05       1   32.32    0.00   35.35    0.00    0.00   13.13    0.00    0.00    0.00   19.19
00:39:05       2   36.17    0.00   39.36    0.00    0.00    9.57    0.00    0.00    0.00   14.89
00:39:05       3   34.02    0.00   38.14    0.00    0.00   12.37    0.00    0.00    0.00   15.46

00:39:05     CPU    %usr   %nice    %sys %iowait    %irq   %soft  %steal  %guest  %gnice   %idle
00:39:06     all   30.98    0.00   35.52    0.00    0.00   13.60    0.00    0.00    0.00   19.90
00:39:06       0   20.19    0.00   32.69    0.00    0.00   23.08    0.00    0.00    0.00   24.04
00:39:06       1   37.50    0.00   33.33    0.00    0.00   13.54    0.00    0.00    0.00   15.62
00:39:06       2   29.00    0.00   43.00    0.00    0.00    8.00    0.00    0.00    0.00   20.00
00:39:06       3   38.14    0.00   32.99    0.00    0.00    9.28    0.00    0.00    0.00   19.59

00:39:06     CPU    %usr   %nice    %sys %iowait    %irq   %soft  %steal  %guest  %gnice   %idle
00:39:07     all   29.64    0.00   36.60    0.00    0.00   14.69    0.00    0.00    0.00   19.07
00:39:07       0   24.75    0.00   30.69    0.00    0.00   23.76    0.00    0.00    0.00   20.79
00:39:07       1   28.72    0.00   40.43    0.00    0.00    7.45    0.00    0.00    0.00   23.40
00:39:07       2   33.33    0.00   34.34    0.00    0.00   14.14    0.00    0.00    0.00   18.18
00:39:07       3   31.91    0.00   41.49    0.00    0.00   12.77    0.00    0.00    0.00   13.83

00:39:07     CPU    %usr   %nice    %sys %iowait    %irq   %soft  %steal  %guest  %gnice   %idle
00:39:08     all   30.35    0.00   36.82    0.00    0.00   16.67    0.00    0.00    0.00   16.17
00:39:08       0   23.58    0.00   30.19    0.00    0.00   24.53    0.00    0.00    0.00   21.70
00:39:08       1   26.26    0.00   46.46    0.00    0.00   10.10    0.00    0.00    0.00   17.17
00:39:08       2   38.38    0.00   35.35    0.00    0.00   16.16    0.00    0.00    0.00   10.10
00:39:08       3   33.67    0.00   35.71    0.00    0.00   15.31    0.00    0.00    0.00   15.31

00:39:08     CPU    %usr   %nice    %sys %iowait    %irq   %soft  %steal  %guest  %gnice   %idle
00:39:09     all   28.93    0.00   40.86    0.00    0.00   14.21    0.00    0.00    0.00   15.99
00:39:09       0   18.87    0.00   37.74    0.00    0.00   24.53    0.00    0.00    0.00   18.87
00:39:09       1   35.42    0.00   40.62    0.00    0.00    8.33    0.00    0.00    0.00   15.62
00:39:09       2   30.21    0.00   42.71    0.00    0.00   12.50    0.00    0.00    0.00   14.58
00:39:09       3   32.29    0.00   42.71    0.00    0.00   10.42    0.00    0.00    0.00   14.58

00:39:09     CPU    %usr   %nice    %sys %iowait    %irq   %soft  %steal  %guest  %gnice   %idle
00:39:10     all   31.33    0.00   34.59    0.00    0.00   17.04    0.00    0.00    0.00   17.04
00:39:10       0   17.14    0.00   32.38    0.00    0.00   27.62    0.00    0.00    0.00   22.86
00:39:10       1   30.61    0.00   39.80    0.00    0.00   12.24    0.00    0.00    0.00   17.35
00:39:10       2   40.00    0.00   30.00    0.00    0.00   16.00    0.00    0.00    0.00   14.00
00:39:10       3   38.54    0.00   36.46    0.00    0.00   11.46    0.00    0.00    0.00   13.54

00:39:10     CPU    %usr   %nice    %sys %iowait    %irq   %soft  %steal  %guest  %gnice   %idle
00:39:11     all   29.57    0.00   40.10    0.00    0.00   14.04    0.00    0.00    0.00   16.29
00:39:11       0   18.87    0.00   39.62    0.00    0.00   21.70    0.00    0.00    0.00   19.81
00:39:11       1   31.58    0.00   43.16    0.00    0.00   11.58    0.00    0.00    0.00   13.68
00:39:11       2   39.80    0.00   38.78    0.00    0.00   12.24    0.00    0.00    0.00    9.18
00:39:11       3   29.00    0.00   39.00    0.00    0.00   10.00    0.00    0.00    0.00   22.00

00:39:11     CPU    %usr   %nice    %sys %iowait    %irq   %soft  %steal  %guest  %gnice   %idle
00:39:12     all   28.43    0.00   38.32    0.00    0.00   15.74    0.00    0.00    0.00   17.51
00:39:12       0   14.95    0.00   35.51    0.00    0.00   24.30    0.00    0.00    0.00   25.23
00:39:12       1   24.21    0.00   45.26    0.00    0.00    9.47    0.00    0.00    0.00   21.05
00:39:12       2   42.71    0.00   35.42    0.00    0.00   12.50    0.00    0.00    0.00    9.38
00:39:12       3   33.33    0.00   37.50    0.00    0.00   15.62    0.00    0.00    0.00   13.54

00:39:12     CPU    %usr   %nice    %sys %iowait    %irq   %soft  %steal  %guest  %gnice   %idle
00:39:13     all   26.45    0.00   40.05    0.00    0.00   14.61    0.00    0.00    0.00   18.89
00:39:13       0   19.42    0.00   35.92    0.00    0.00   23.30    0.00    0.00    0.00   21.36
00:39:13       1   28.57    0.00   40.82    0.00    0.00   13.27    0.00    0.00    0.00   17.35
00:39:13       2   30.61    0.00   40.82    0.00    0.00   14.29    0.00    0.00    0.00   14.29
00:39:13       3   27.55    0.00   42.86    0.00    0.00    7.14    0.00    0.00    0.00   22.45

00:39:13     CPU    %usr   %nice    %sys %iowait    %irq   %soft  %steal  %guest  %gnice   %idle
00:39:14     all   25.74    0.00   41.58    0.00    0.00   17.57    0.00    0.00    0.00   15.10
00:39:14       0   18.87    0.00   39.62    0.00    0.00   22.64    0.00    0.00    0.00   18.87
00:39:14       1   38.00    0.00   35.00    0.00    0.00   19.00    0.00    0.00    0.00    8.00
00:39:14       2   27.45    0.00   43.14    0.00    0.00   14.71    0.00    0.00    0.00   14.71
00:39:14       3   18.75    0.00   48.96    0.00    0.00   13.54    0.00    0.00    0.00   18.75

00:39:14     CPU    %usr   %nice    %sys %iowait    %irq   %soft  %steal  %guest  %gnice   %idle
00:39:15     all   29.12    0.00   38.40    0.00    0.00   14.95    0.00    0.00    0.00   17.53
00:39:15       0   27.00    0.00   32.00    0.00    0.00   21.00    0.00    0.00    0.00   20.00
00:39:15       1   28.87    0.00   42.27    0.00    0.00   11.34    0.00    0.00    0.00   17.53
00:39:15       2   30.11    0.00   40.86    0.00    0.00   13.98    0.00    0.00    0.00   15.05
00:39:15       3   30.61    0.00   38.78    0.00    0.00   13.27    0.00    0.00    0.00   17.35

00:39:15     CPU    %usr   %nice    %sys %iowait    %irq   %soft  %steal  %guest  %gnice   %idle
00:39:16     all   28.11    0.00   39.05    0.00    0.00   15.42    0.00    0.00    0.00   17.41
00:39:16       0   18.87    0.00   32.08    0.00    0.00   24.53    0.00    0.00    0.00   24.53
00:39:16       1   34.00    0.00   40.00    0.00    0.00   13.00    0.00    0.00    0.00   13.00
00:39:16       2   29.00    0.00   44.00    0.00    0.00   12.00    0.00    0.00    0.00   15.00
00:39:16       3   31.25    0.00   40.62    0.00    0.00   11.46    0.00    0.00    0.00   16.67

00:39:16     CPU    %usr   %nice    %sys %iowait    %irq   %soft  %steal  %guest  %gnice   %idle
00:39:17     all   28.28    0.00   37.28    0.00    0.00   13.11    0.00    0.00    0.00   21.34
00:39:17       0   20.59    0.00   32.35    0.00    0.00   20.59    0.00    0.00    0.00   26.47
00:39:17       1   29.17    0.00   40.62    0.00    0.00    8.33    0.00    0.00    0.00   21.88
00:39:17       2   37.11    0.00   32.99    0.00    0.00   12.37    0.00    0.00    0.00   17.53
00:39:17       3   26.60    0.00   43.62    0.00    0.00   10.64    0.00    0.00    0.00   19.15

00:39:17     CPU    %usr   %nice    %sys %iowait    %irq   %soft  %steal  %guest  %gnice   %idle
00:39:18     all   29.90    0.00   37.94    0.00    0.00   15.83    0.00    0.00    0.00   16.33
00:39:18       0   21.70    0.00   32.08    0.00    0.00   22.64    0.00    0.00    0.00   23.58
00:39:18       1   26.26    0.00   43.43    0.00    0.00   14.14    0.00    0.00    0.00   16.16
00:39:18       2   35.05    0.00   39.18    0.00    0.00   12.37    0.00    0.00    0.00   13.40
00:39:18       3   37.50    0.00   37.50    0.00    0.00   13.54    0.00    0.00    0.00   11.46

00:39:18     CPU    %usr   %nice    %sys %iowait    %irq   %soft  %steal  %guest  %gnice   %idle
00:39:19     all   30.50    0.00   37.00    0.00    0.00   15.75    0.00    0.00    0.00   16.75
00:39:19       0   22.64    0.00   31.13    0.00    0.00   28.30    0.00    0.00    0.00   17.92
00:39:19       1   34.69    0.00   36.73    0.00    0.00   14.29    0.00    0.00    0.00   14.29
00:39:19       2   32.00    0.00   42.00    0.00    0.00   10.00    0.00    0.00    0.00   16.00
00:39:19       3   33.33    0.00   38.54    0.00    0.00    9.38    0.00    0.00    0.00   18.75

00:39:19     CPU    %usr   %nice    %sys %iowait    %irq   %soft  %steal  %guest  %gnice   %idle
00:39:20     all   28.53    0.00   35.73    0.00    0.00   15.17    0.00    0.00    0.00   20.57
00:39:20       0   23.23    0.00   34.34    0.00    0.00   21.21    0.00    0.00    0.00   21.21
00:39:20       1   32.99    0.00   34.02    0.00    0.00   12.37    0.00    0.00    0.00   20.62
00:39:20       2   31.25    0.00   34.38    0.00    0.00   14.58    0.00    0.00    0.00   19.79
00:39:20       3   26.80    0.00   40.21    0.00    0.00   12.37    0.00    0.00    0.00   20.62

00:39:20     CPU    %usr   %nice    %sys %iowait    %irq   %soft  %steal  %guest  %gnice   %idle
00:39:21     all   31.76    0.00   35.24    0.00    0.00   16.38    0.00    0.00    0.00   16.63
00:39:21       0   24.77    0.00   29.36    0.00    0.00   27.52    0.00    0.00    0.00   18.35
00:39:21       1   30.61    0.00   40.82    0.00    0.00   10.20    0.00    0.00    0.00   18.37
00:39:21       2   36.46    0.00   37.50    0.00    0.00    9.38    0.00    0.00    0.00   16.67
00:39:21       3   36.00    0.00   34.00    0.00    0.00   17.00    0.00    0.00    0.00   13.00

00:39:21     CPU    %usr   %nice    %sys %iowait    %irq   %soft  %steal  %guest  %gnice   %idle
00:39:22     all   30.83    0.00   38.35    0.00    0.00   15.54    0.00    0.00    0.00   15.29
00:39:22       0   25.00    0.00   30.77    0.00    0.00   24.04    0.00    0.00    0.00   20.19
00:39:22       1   31.63    0.00   38.78    0.00    0.00   11.22    0.00    0.00    0.00   18.37
00:39:22       2   33.67    0.00   39.80    0.00    0.00   15.31    0.00    0.00    0.00   11.22
00:39:22       3   33.33    0.00   44.44    0.00    0.00   11.11    0.00    0.00    0.00   11.11

00:39:22     CPU    %usr   %nice    %sys %iowait    %irq   %soft  %steal  %guest  %gnice   %idle
00:39:23     all   28.57    0.00   37.59    0.00    0.00   17.04    0.00    0.00    0.00   16.79
00:39:23       0   22.55    0.00   32.35    0.00    0.00   27.45    0.00    0.00    0.00   17.65
00:39:23       1   27.84    0.00   38.14    0.00    0.00   14.43    0.00    0.00    0.00   19.59
00:39:23       2   33.33    0.00   36.36    0.00    0.00   15.15    0.00    0.00    0.00   15.15
00:39:23       3   30.69    0.00   43.56    0.00    0.00   10.89    0.00    0.00    0.00   14.85

00:39:23     CPU    %usr   %nice    %sys %iowait    %irq   %soft  %steal  %guest  %gnice   %idle
00:39:24     all   11.98    0.00   38.28    0.00    0.00   10.42    0.00    0.00    0.00   39.32
00:39:24       0   13.73    0.00   27.45    0.00    0.00   21.57    0.00    0.00    0.00   37.25
00:39:24       1   12.37    0.00   43.30    0.00    0.00    6.19    0.00    0.00    0.00   38.14
00:39:24       2   10.53    0.00   43.16    0.00    0.00    6.32    0.00    0.00    0.00   40.00
00:39:24       3   11.11    0.00   40.00    0.00    0.00    6.67    0.00    0.00    0.00   42.22

00:39:24     CPU    %usr   %nice    %sys %iowait    %irq   %soft  %steal  %guest  %gnice   %idle
00:39:25     all    8.31    0.00   34.87    0.00    0.00    9.70    0.00    0.00    0.00   47.11
00:39:25       0    6.25    0.00   30.36    0.00    0.00   17.86    0.00    0.00    0.00   45.54
00:39:25       1   10.28    0.00   35.51    0.00    0.00    7.48    0.00    0.00    0.00   46.73
00:39:25       2    7.41    0.00   37.96    0.00    0.00    7.41    0.00    0.00    0.00   47.22
00:39:25       3    9.43    0.00   35.85    0.00    0.00    5.66    0.00    0.00    0.00   49.06

00:39:25     CPU    %usr   %nice    %sys %iowait    %irq   %soft  %steal  %guest  %gnice   %idle
00:39:26     all   10.09    0.00   34.30    0.00    0.00    9.19    0.00    0.00    0.00   46.41
00:39:26       0   10.26    0.00   31.62    0.00    0.00   15.38    0.00    0.00    0.00   42.74
00:39:26       1    9.09    0.00   34.55    0.00    0.00    8.18    0.00    0.00    0.00   48.18
00:39:26       2    9.35    0.00   35.51    0.00    0.00    6.54    0.00    0.00    0.00   48.60
00:39:26       3   11.61    0.00   35.71    0.00    0.00    6.25    0.00    0.00    0.00   46.43
