Linux 5.15.0-171-generic (cloudnet-s05) 	05/19/2026 	_x86_64_	(8 CPU)

01:01:02 PM  CPU    %usr   %nice    %sys %iowait    %irq   %soft  %steal  %guest  %gnice   %idle
01:01:03 PM  all   39.01    0.00   18.51    0.00    0.00   10.79    0.00    0.00    0.00   31.69
01:01:03 PM    0   41.67    0.00   19.79    0.00    0.00   11.46    0.00    0.00    0.00   27.08
01:01:03 PM    1   40.86    0.00   15.05    0.00    0.00   11.83    0.00    0.00    0.00   32.26
01:01:03 PM    2   37.50    0.00   20.83    0.00    0.00    9.38    0.00    0.00    0.00   32.29
01:01:03 PM    3   38.71    0.00   21.51    0.00    0.00    8.60    0.00    0.00    0.00   31.18
01:01:03 PM    4   37.23    0.00   18.09    0.00    0.00   11.70    0.00    0.00    0.00   32.98
01:01:03 PM    5   39.13    0.00   18.48    0.00    0.00    8.70    0.00    0.00    0.00   33.70
01:01:03 PM    6   41.94    0.00   12.90    0.00    0.00   12.90    0.00    0.00    0.00   32.26
01:01:03 PM    7   35.11    0.00   21.28    0.00    0.00   11.70    0.00    0.00    0.00   31.91

01:01:03 PM  CPU    %usr   %nice    %sys %iowait    %irq   %soft  %steal  %guest  %gnice   %idle
01:01:04 PM  all   41.44    0.00   21.04    0.00    0.00   11.53    0.00    0.00    0.00   25.98
01:01:04 PM    0   44.44    0.00   19.19    0.00    0.00   12.12    0.00    0.00    0.00   24.24
01:01:04 PM    1   43.30    0.00   16.49    0.00    0.00   14.43    0.00    0.00    0.00   25.77
01:01:04 PM    2   39.80    0.00   20.41    0.00    0.00   13.27    0.00    0.00    0.00   26.53
01:01:04 PM    3   43.27    0.00   23.08    0.00    0.00    9.62    0.00    0.00    0.00   24.04
01:01:04 PM    4   36.08    0.00   25.77    0.00    0.00   10.31    0.00    0.00    0.00   27.84
01:01:04 PM    5   40.00    0.00   24.00    0.00    0.00   10.00    0.00    0.00    0.00   26.00
01:01:04 PM    6   43.16    0.00   20.00    0.00    0.00   10.53    0.00    0.00    0.00   26.32
01:01:04 PM    7   41.41    0.00   19.19    0.00    0.00   12.12    0.00    0.00    0.00   27.27

01:01:04 PM  CPU    %usr   %nice    %sys %iowait    %irq   %soft  %steal  %guest  %gnice   %idle
01:01:05 PM  all   40.63    0.00   20.18    0.00    0.00   12.32    0.00    0.00    0.00   26.87
01:01:05 PM    0   38.95    0.00   16.84    0.00    0.00   15.79    0.00    0.00    0.00   28.42
01:01:05 PM    1   42.71    0.00   19.79    0.00    0.00   11.46    0.00    0.00    0.00   26.04
01:01:05 PM    2   40.86    0.00   18.28    0.00    0.00   11.83    0.00    0.00    0.00   29.03
01:01:05 PM    3   38.00    0.00   22.00    0.00    0.00   13.00    0.00    0.00    0.00   27.00
01:01:05 PM    4   36.17    0.00   22.34    0.00    0.00   13.83    0.00    0.00    0.00   27.66
01:01:05 PM    5   40.43    0.00   23.40    0.00    0.00    9.57    0.00    0.00    0.00   26.60
01:01:05 PM    6   44.68    0.00   18.09    0.00    0.00   11.70    0.00    0.00    0.00   25.53
01:01:05 PM    7   43.30    0.00   20.62    0.00    0.00   11.34    0.00    0.00    0.00   24.74

01:01:05 PM  CPU    %usr   %nice    %sys %iowait    %irq   %soft  %steal  %guest  %gnice   %idle
01:01:06 PM  all   42.89    0.00   20.45    0.00    0.00   11.60    0.00    0.00    0.00   25.06
01:01:06 PM    0   46.46    0.00   19.19    0.00    0.00    9.09    0.00    0.00    0.00   25.25
01:01:06 PM    1   46.00    0.00   19.00    0.00    0.00   10.00    0.00    0.00    0.00   25.00
01:01:06 PM    2   46.46    0.00   17.17    0.00    0.00   11.11    0.00    0.00    0.00   25.25
01:01:06 PM    3   37.62    0.00   21.78    0.00    0.00   12.87    0.00    0.00    0.00   27.72
01:01:06 PM    4   41.00    0.00   21.00    0.00    0.00   13.00    0.00    0.00    0.00   25.00
01:01:06 PM    5   45.10    0.00   18.63    0.00    0.00   12.75    0.00    0.00    0.00   23.53
01:01:06 PM    6   38.00    0.00   25.00    0.00    0.00   13.00    0.00    0.00    0.00   24.00
01:01:06 PM    7   42.57    0.00   21.78    0.00    0.00   10.89    0.00    0.00    0.00   24.75

01:01:06 PM  CPU    %usr   %nice    %sys %iowait    %irq   %soft  %steal  %guest  %gnice   %idle
01:01:07 PM  all   42.99    0.00   21.50    0.00    0.00   12.82    0.00    0.00    0.00   22.70
01:01:07 PM    0   41.76    0.00   23.08    0.00    0.00   13.19    0.00    0.00    0.00   21.98
01:01:07 PM    1   44.79    0.00   19.79    0.00    0.00   13.54    0.00    0.00    0.00   21.88
01:01:07 PM    2   46.88    0.00   23.96    0.00    0.00   10.42    0.00    0.00    0.00   18.75
01:01:07 PM    3   41.05    0.00   25.26    0.00    0.00   14.74    0.00    0.00    0.00   18.95
01:01:07 PM    4   45.16    0.00   19.35    0.00    0.00   11.83    0.00    0.00    0.00   23.66
01:01:07 PM    5   42.55    0.00   22.34    0.00    0.00   10.64    0.00    0.00    0.00   24.47
01:01:07 PM    6   43.96    0.00   18.68    0.00    0.00   10.99    0.00    0.00    0.00   26.37
01:01:07 PM    7   37.63    0.00   19.35    0.00    0.00   17.20    0.00    0.00    0.00   25.81

01:01:07 PM  CPU    %usr   %nice    %sys %iowait    %irq   %soft  %steal  %guest  %gnice   %idle
01:01:08 PM  all   43.50    0.00   21.62    0.00    0.00   11.54    0.00    0.00    0.00   23.34
01:01:08 PM    0   47.37    0.00   22.11    0.00    0.00   12.63    0.00    0.00    0.00   17.89
01:01:08 PM    1   46.39    0.00   24.74    0.00    0.00   10.31    0.00    0.00    0.00   18.56
01:01:08 PM    2   48.96    0.00   19.79    0.00    0.00   10.42    0.00    0.00    0.00   20.83
01:01:08 PM    3   46.24    0.00   21.51    0.00    0.00   12.90    0.00    0.00    0.00   19.35
01:01:08 PM    4   40.86    0.00   20.43    0.00    0.00   13.98    0.00    0.00    0.00   24.73
01:01:08 PM    5   37.63    0.00   21.51    0.00    0.00   12.90    0.00    0.00    0.00   27.96
01:01:08 PM    6   38.71    0.00   18.28    0.00    0.00   11.83    0.00    0.00    0.00   31.18
01:01:08 PM    7   41.49    0.00   24.47    0.00    0.00    7.45    0.00    0.00    0.00   26.60

01:01:08 PM  CPU    %usr   %nice    %sys %iowait    %irq   %soft  %steal  %guest  %gnice   %idle
01:01:09 PM  all   42.97    0.00   23.16    0.00    0.00   12.99    0.00    0.00    0.00   20.88
01:01:09 PM    0   48.96    0.00   21.88    0.00    0.00   11.46    0.00    0.00    0.00   17.71
01:01:09 PM    1   48.94    0.00   21.28    0.00    0.00   10.64    0.00    0.00    0.00   19.15
01:01:09 PM    2   46.88    0.00   22.92    0.00    0.00   15.62    0.00    0.00    0.00   14.58
01:01:09 PM    3   39.77    0.00   23.86    0.00    0.00   15.91    0.00    0.00    0.00   20.45
01:01:09 PM    4   37.89    0.00   25.26    0.00    0.00   14.74    0.00    0.00    0.00   22.11
01:01:09 PM    5   40.86    0.00   23.66    0.00    0.00   11.83    0.00    0.00    0.00   23.66
01:01:09 PM    6   38.20    0.00   24.72    0.00    0.00   10.11    0.00    0.00    0.00   26.97
01:01:09 PM    7   41.67    0.00   21.88    0.00    0.00   13.54    0.00    0.00    0.00   22.92

01:01:09 PM  CPU    %usr   %nice    %sys %iowait    %irq   %soft  %steal  %guest  %gnice   %idle
01:01:10 PM  all   45.35    0.00   22.34    0.00    0.00   10.11    0.00    0.00    0.00   22.21
01:01:10 PM    0   51.55    0.00   23.71    0.00    0.00    8.25    0.00    0.00    0.00   16.49
01:01:10 PM    1   54.00    0.00   23.00    0.00    0.00   13.00    0.00    0.00    0.00   10.00
01:01:10 PM    2   57.73    0.00   18.56    0.00    0.00   11.34    0.00    0.00    0.00   12.37
01:01:10 PM    3   51.52    0.00   23.23    0.00    0.00   10.10    0.00    0.00    0.00   15.15
01:01:10 PM    4   42.05    0.00   18.18    0.00    0.00    7.95    0.00    0.00    0.00   31.82
01:01:10 PM    5   39.08    0.00   20.69    0.00    0.00    9.20    0.00    0.00    0.00   31.03
01:01:10 PM    6   32.22    0.00   23.33    0.00    0.00   10.00    0.00    0.00    0.00   34.44
01:01:10 PM    7   31.91    0.00   27.66    0.00    0.00   10.64    0.00    0.00    0.00   29.79

01:01:10 PM  CPU    %usr   %nice    %sys %iowait    %irq   %soft  %steal  %guest  %gnice   %idle
01:01:11 PM  all   41.82    0.00   27.79    0.00    0.00   13.38    0.00    0.00    0.00   17.01
01:01:11 PM    0   44.66    0.00   27.18    0.00    0.00   12.62    0.00    0.00    0.00   15.53
01:01:11 PM    1   37.50    0.00   31.25    0.00    0.00   16.67    0.00    0.00    0.00   14.58
01:01:11 PM    2   43.30    0.00   29.90    0.00    0.00   12.37    0.00    0.00    0.00   14.43
01:01:11 PM    3   45.36    0.00   27.84    0.00    0.00   12.37    0.00    0.00    0.00   14.43
01:01:11 PM    4   46.94    0.00   21.43    0.00    0.00   15.31    0.00    0.00    0.00   16.33
01:01:11 PM    5   35.16    0.00   29.67    0.00    0.00   13.19    0.00    0.00    0.00   21.98
01:01:11 PM    6   41.05    0.00   29.47    0.00    0.00    9.47    0.00    0.00    0.00   20.00
01:01:11 PM    7   39.78    0.00   25.81    0.00    0.00   15.05    0.00    0.00    0.00   19.35

01:01:11 PM  CPU    %usr   %nice    %sys %iowait    %irq   %soft  %steal  %guest  %gnice   %idle
01:01:12 PM  all   45.91    0.00   25.16    0.00    0.00   12.19    0.00    0.00    0.00   16.73
01:01:12 PM    0   45.83    0.00   25.00    0.00    0.00   11.46    0.00    0.00    0.00   17.71
01:01:12 PM    1   43.14    0.00   26.47    0.00    0.00   13.73    0.00    0.00    0.00   16.67
01:01:12 PM    2   50.00    0.00   22.92    0.00    0.00   11.46    0.00    0.00    0.00   15.62
01:01:12 PM    3   46.46    0.00   24.24    0.00    0.00   16.16    0.00    0.00    0.00   13.13
01:01:12 PM    4   46.24    0.00   24.73    0.00    0.00   12.90    0.00    0.00    0.00   16.13
01:01:12 PM    5   42.11    0.00   28.42    0.00    0.00   10.53    0.00    0.00    0.00   18.95
01:01:12 PM    6   48.42    0.00   25.26    0.00    0.00    9.47    0.00    0.00    0.00   16.84
01:01:12 PM    7   45.26    0.00   24.21    0.00    0.00   11.58    0.00    0.00    0.00   18.95

01:01:12 PM  CPU    %usr   %nice    %sys %iowait    %irq   %soft  %steal  %guest  %gnice   %idle
01:01:13 PM  all   43.93    0.00   23.09    0.13    0.00   12.80    0.00    0.00    0.00   20.05
01:01:13 PM    0   41.67    0.00   26.04    0.00    0.00   12.50    0.00    0.00    0.00   19.79
01:01:13 PM    1   43.16    0.00   25.26    0.00    0.00   11.58    0.00    0.00    0.00   20.00
01:01:13 PM    2   51.06    0.00   17.02    0.00    0.00   11.70    0.00    0.00    0.00   20.21
01:01:13 PM    3   46.81    0.00   20.21    0.00    0.00   12.77    0.00    0.00    0.00   20.21
01:01:13 PM    4   40.00    0.00   27.37    1.05    0.00   11.58    0.00    0.00    0.00   20.00
01:01:13 PM    5   43.62    0.00   23.40    0.00    0.00   13.83    0.00    0.00    0.00   19.15
01:01:13 PM    6   42.71    0.00   25.00    0.00    0.00   11.46    0.00    0.00    0.00   20.83
01:01:13 PM    7   42.55    0.00   20.21    0.00    0.00   17.02    0.00    0.00    0.00   20.21

01:01:13 PM  CPU    %usr   %nice    %sys %iowait    %irq   %soft  %steal  %guest  %gnice   %idle
01:01:14 PM  all   42.65    0.00   24.37    0.00    0.00   12.19    0.00    0.00    0.00   20.79
01:01:14 PM    0   46.94    0.00   23.47    0.00    0.00   13.27    0.00    0.00    0.00   16.33
01:01:14 PM    1   45.83    0.00   23.96    0.00    0.00   12.50    0.00    0.00    0.00   17.71
01:01:14 PM    2   47.83    0.00   20.65    0.00    0.00   13.04    0.00    0.00    0.00   18.48
01:01:14 PM    3   41.94    0.00   22.58    0.00    0.00   16.13    0.00    0.00    0.00   19.35
01:01:14 PM    4   40.00    0.00   23.16    0.00    0.00   13.68    0.00    0.00    0.00   23.16
01:01:14 PM    5   41.49    0.00   27.66    0.00    0.00    9.57    0.00    0.00    0.00   21.28
01:01:14 PM    6   43.43    0.00   26.26    0.00    0.00    9.09    0.00    0.00    0.00   21.21
01:01:14 PM    7   32.95    0.00   27.27    0.00    0.00   10.23    0.00    0.00    0.00   29.55

01:01:14 PM  CPU    %usr   %nice    %sys %iowait    %irq   %soft  %steal  %guest  %gnice   %idle
01:01:15 PM  all   42.99    0.00   23.81    0.00    0.00   11.38    0.00    0.00    0.00   21.83
01:01:15 PM    0   44.33    0.00   26.80    0.00    0.00   12.37    0.00    0.00    0.00   16.49
01:01:15 PM    1   46.74    0.00   22.83    0.00    0.00   10.87    0.00    0.00    0.00   19.57
01:01:15 PM    2   46.81    0.00   20.21    0.00    0.00   14.89    0.00    0.00    0.00   18.09
01:01:15 PM    3   46.39    0.00   25.77    0.00    0.00   12.37    0.00    0.00    0.00   15.46
01:01:15 PM    4   40.43    0.00   24.47    0.00    0.00   10.64    0.00    0.00    0.00   24.47
01:01:15 PM    5   35.16    0.00   25.27    0.00    0.00    9.89    0.00    0.00    0.00   29.67
01:01:15 PM    6   42.71    0.00   21.88    0.00    0.00   10.42    0.00    0.00    0.00   25.00
01:01:15 PM    7   41.05    0.00   23.16    0.00    0.00    9.47    0.00    0.00    0.00   26.32

01:01:15 PM  CPU    %usr   %nice    %sys %iowait    %irq   %soft  %steal  %guest  %gnice   %idle
01:01:16 PM  all   39.90    0.00   29.47    0.00    0.00   12.26    0.00    0.00    0.00   18.38
01:01:16 PM    0   39.60    0.00   33.66    0.00    0.00   15.84    0.00    0.00    0.00   10.89
01:01:16 PM    1   48.04    0.00   27.45    0.00    0.00   12.75    0.00    0.00    0.00   11.76
01:01:16 PM    2   45.83    0.00   25.00    0.00    0.00   17.71    0.00    0.00    0.00   11.46
01:01:16 PM    3   48.48    0.00   28.28    0.00    0.00   14.14    0.00    0.00    0.00    9.09
01:01:16 PM    4   35.11    0.00   28.72    0.00    0.00   10.64    0.00    0.00    0.00   25.53
01:01:16 PM    5   39.13    0.00   26.09    0.00    0.00    8.70    0.00    0.00    0.00   26.09
01:01:16 PM    6   30.34    0.00   32.58    0.00    0.00    8.99    0.00    0.00    0.00   28.09
01:01:16 PM    7   30.85    0.00   34.04    0.00    0.00    8.51    0.00    0.00    0.00   26.60

01:01:16 PM  CPU    %usr   %nice    %sys %iowait    %irq   %soft  %steal  %guest  %gnice   %idle
01:01:17 PM  all   42.04    0.00   24.84    0.00    0.00   12.55    0.00    0.00    0.00   20.57
01:01:17 PM    0   37.23    0.00   20.21    0.00    0.00   15.96    0.00    0.00    0.00   26.60
01:01:17 PM    1   37.23    0.00   25.53    0.00    0.00   10.64    0.00    0.00    0.00   26.60
01:01:17 PM    2   35.16    0.00   26.37    0.00    0.00    8.79    0.00    0.00    0.00   29.67
01:01:17 PM    3   38.30    0.00   25.53    0.00    0.00    8.51    0.00    0.00    0.00   27.66
01:01:17 PM    4   45.45    0.00   27.27    0.00    0.00   14.14    0.00    0.00    0.00   13.13
01:01:17 PM    5   50.50    0.00   22.77    0.00    0.00   10.89    0.00    0.00    0.00   15.84
01:01:17 PM    6   43.00    0.00   29.00    0.00    0.00   15.00    0.00    0.00    0.00   13.00
01:01:17 PM    7   48.00    0.00   22.00    0.00    0.00   16.00    0.00    0.00    0.00   14.00

01:01:17 PM  CPU    %usr   %nice    %sys %iowait    %irq   %soft  %steal  %guest  %gnice   %idle
01:01:18 PM  all   42.93    0.00   22.62    0.13    0.00   12.72    0.00    0.00    0.00   21.59
01:01:18 PM    0   40.21    0.00   23.71    0.00    0.00   12.37    0.00    0.00    0.00   23.71
01:01:18 PM    1   41.24    0.00   20.62    1.03    0.00   14.43    0.00    0.00    0.00   22.68
01:01:18 PM    2   41.84    0.00   23.47    0.00    0.00   13.27    0.00    0.00    0.00   21.43
01:01:18 PM    3   42.86    0.00   23.47    0.00    0.00   10.20    0.00    0.00    0.00   23.47
01:01:18 PM    4   42.11    0.00   21.05    0.00    0.00   13.68    0.00    0.00    0.00   23.16
01:01:18 PM    5   49.00    0.00   23.00    0.00    0.00   10.00    0.00    0.00    0.00   18.00
01:01:18 PM    6   40.62    0.00   26.04    0.00    0.00   13.54    0.00    0.00    0.00   19.79
01:01:18 PM    7   45.36    0.00   19.59    0.00    0.00   14.43    0.00    0.00    0.00   20.62

01:01:18 PM  CPU    %usr   %nice    %sys %iowait    %irq   %soft  %steal  %guest  %gnice   %idle
01:01:19 PM  all   40.47    0.00   27.15    0.00    0.00   13.45    0.00    0.00    0.00   18.93
01:01:19 PM    0   39.58    0.00   26.04    0.00    0.00   13.54    0.00    0.00    0.00   20.83
01:01:19 PM    1   34.41    0.00   26.88    0.00    0.00   15.05    0.00    0.00    0.00   23.66
01:01:19 PM    2   39.36    0.00   25.53    0.00    0.00   14.89    0.00    0.00    0.00   20.21
01:01:19 PM    3   40.40    0.00   28.28    0.00    0.00   11.11    0.00    0.00    0.00   20.20
01:01:19 PM    4   43.62    0.00   21.28    0.00    0.00   14.89    0.00    0.00    0.00   20.21
01:01:19 PM    5   43.30    0.00   27.84    0.00    0.00   13.40    0.00    0.00    0.00   15.46
01:01:19 PM    6   41.67    0.00   31.25    0.00    0.00   12.50    0.00    0.00    0.00   14.58
01:01:19 PM    7   41.24    0.00   29.90    0.00    0.00   12.37    0.00    0.00    0.00   16.49

01:01:19 PM  CPU    %usr   %nice    %sys %iowait    %irq   %soft  %steal  %guest  %gnice   %idle
01:01:20 PM  all   41.43    0.00   29.35    0.00    0.00   11.30    0.00    0.00    0.00   17.92
01:01:20 PM    0   29.59    0.00   33.67    0.00    0.00    8.16    0.00    0.00    0.00   28.57
01:01:20 PM    1   36.56    0.00   26.88    0.00    0.00    8.60    0.00    0.00    0.00   27.96
01:01:20 PM    2   32.26    0.00   27.96    0.00    0.00   10.75    0.00    0.00    0.00   29.03
01:01:20 PM    3   32.97    0.00   26.37    0.00    0.00    7.69    0.00    0.00    0.00   32.97
01:01:20 PM    4   48.45    0.00   26.80    0.00    0.00   16.49    0.00    0.00    0.00    8.25
01:01:20 PM    5   53.06    0.00   26.53    0.00    0.00   14.29    0.00    0.00    0.00    6.12
01:01:20 PM    6   49.50    0.00   32.67    0.00    0.00   10.89    0.00    0.00    0.00    6.93
01:01:20 PM    7   47.47    0.00   33.33    0.00    0.00   13.13    0.00    0.00    0.00    6.06

01:01:20 PM  CPU    %usr   %nice    %sys %iowait    %irq   %soft  %steal  %guest  %gnice   %idle
01:01:21 PM  all   41.55    0.00   24.90    0.00    0.00   13.60    0.00    0.00    0.00   19.95
01:01:21 PM    0   38.95    0.00   21.05    0.00    0.00   12.63    0.00    0.00    0.00   27.37
01:01:21 PM    1   34.74    0.00   30.53    0.00    0.00   11.58    0.00    0.00    0.00   23.16
01:01:21 PM    2   38.00    0.00   26.00    0.00    0.00   12.00    0.00    0.00    0.00   24.00
01:01:21 PM    3   40.82    0.00   22.45    0.00    0.00   13.27    0.00    0.00    0.00   23.47
01:01:21 PM    4   45.45    0.00   24.24    0.00    0.00   15.15    0.00    0.00    0.00   15.15
01:01:21 PM    5   46.00    0.00   23.00    0.00    0.00   14.00    0.00    0.00    0.00   17.00
01:01:21 PM    6   43.00    0.00   27.00    0.00    0.00   15.00    0.00    0.00    0.00   15.00
01:01:21 PM    7   45.00    0.00   25.00    0.00    0.00   15.00    0.00    0.00    0.00   15.00

01:01:21 PM  CPU    %usr   %nice    %sys %iowait    %irq   %soft  %steal  %guest  %gnice   %idle
01:01:22 PM  all   41.07    0.00   26.91    0.00    0.00   11.99    0.00    0.00    0.00   20.03
01:01:22 PM    0   33.33    0.00   30.30    0.00    0.00   11.11    0.00    0.00    0.00   25.25
01:01:22 PM    1   36.84    0.00   26.32    0.00    0.00   11.58    0.00    0.00    0.00   25.26
01:01:22 PM    2   41.41    0.00   23.23    0.00    0.00   10.10    0.00    0.00    0.00   25.25
01:01:22 PM    3   36.46    0.00   27.08    0.00    0.00   10.42    0.00    0.00    0.00   26.04
01:01:22 PM    4   46.00    0.00   28.00    0.00    0.00   13.00    0.00    0.00    0.00   13.00
01:01:22 PM    5   42.00    0.00   29.00    0.00    0.00   12.00    0.00    0.00    0.00   17.00
01:01:22 PM    6   44.90    0.00   28.57    0.00    0.00   12.24    0.00    0.00    0.00   14.29
01:01:22 PM    7   47.42    0.00   22.68    0.00    0.00   15.46    0.00    0.00    0.00   14.43

01:01:22 PM  CPU    %usr   %nice    %sys %iowait    %irq   %soft  %steal  %guest  %gnice   %idle
01:01:23 PM  all   42.97    0.00   25.83    0.00    0.00   12.92    0.00    0.00    0.00   18.29
01:01:23 PM    0   45.26    0.00   25.26    0.00    0.00   10.53    0.00    0.00    0.00   18.95
01:01:23 PM    1   42.00    0.00   24.00    0.00    0.00   13.00    0.00    0.00    0.00   21.00
01:01:23 PM    2   36.56    0.00   31.18    0.00    0.00   10.75    0.00    0.00    0.00   21.51
01:01:23 PM    3   37.76    0.00   28.57    0.00    0.00   14.29    0.00    0.00    0.00   19.39
01:01:23 PM    4   47.47    0.00   24.24    0.00    0.00   13.13    0.00    0.00    0.00   15.15
01:01:23 PM    5   42.42    0.00   26.26    0.00    0.00   15.15    0.00    0.00    0.00   16.16
01:01:23 PM    6   43.88    0.00   25.51    0.00    0.00   13.27    0.00    0.00    0.00   17.35
01:01:23 PM    7   48.00    0.00   22.00    0.00    0.00   13.00    0.00    0.00    0.00   17.00

01:01:23 PM  CPU    %usr   %nice    %sys %iowait    %irq   %soft  %steal  %guest  %gnice   %idle
01:01:24 PM  all   40.93    0.00   27.54    0.00    0.00   12.48    0.00    0.00    0.00   19.05
01:01:24 PM    0   40.40    0.00   24.24    0.00    0.00   13.13    0.00    0.00    0.00   22.22
01:01:24 PM    1   39.18    0.00   27.84    0.00    0.00   10.31    0.00    0.00    0.00   22.68
01:01:24 PM    2   42.71    0.00   23.96    0.00    0.00   11.46    0.00    0.00    0.00   21.88
01:01:24 PM    3   36.73    0.00   30.61    0.00    0.00   12.24    0.00    0.00    0.00   20.41
01:01:24 PM    4   45.45    0.00   25.25    0.00    0.00   13.13    0.00    0.00    0.00   16.16
01:01:24 PM    5   39.13    0.00   30.43    0.00    0.00   14.13    0.00    0.00    0.00   16.30
01:01:24 PM    6   40.40    0.00   29.29    0.00    0.00   14.14    0.00    0.00    0.00   16.16
01:01:24 PM    7   43.30    0.00   28.87    0.00    0.00   11.34    0.00    0.00    0.00   16.49

01:01:24 PM  CPU    %usr   %nice    %sys %iowait    %irq   %soft  %steal  %guest  %gnice   %idle
01:01:25 PM  all   39.31    0.00   26.50    0.00    0.00   13.19    0.00    0.00    0.00   21.00
01:01:25 PM    0   37.89    0.00   26.32    0.00    0.00   13.68    0.00    0.00    0.00   22.11
01:01:25 PM    1   38.00    0.00   33.00    0.00    0.00   11.00    0.00    0.00    0.00   18.00
01:01:25 PM    2   33.67    0.00   27.55    0.00    0.00   17.35    0.00    0.00    0.00   21.43
01:01:25 PM    3   40.00    0.00   24.21    0.00    0.00   14.74    0.00    0.00    0.00   21.05
01:01:25 PM    4   39.80    0.00   23.47    0.00    0.00   13.27    0.00    0.00    0.00   23.47
01:01:25 PM    5   41.84    0.00   24.49    0.00    0.00   14.29    0.00    0.00    0.00   19.39
01:01:25 PM    6   38.00    0.00   28.00    0.00    0.00   13.00    0.00    0.00    0.00   21.00
01:01:25 PM    7   45.36    0.00   24.74    0.00    0.00    8.25    0.00    0.00    0.00   21.65

01:01:25 PM  CPU    %usr   %nice    %sys %iowait    %irq   %soft  %steal  %guest  %gnice   %idle
01:01:26 PM  all   44.07    0.00   27.06    0.00    0.00   11.34    0.00    0.00    0.00   17.53
01:01:26 PM    0   48.98    0.00   24.49    0.00    0.00    9.18    0.00    0.00    0.00   17.35
01:01:26 PM    1   38.14    0.00   26.80    0.00    0.00   14.43    0.00    0.00    0.00   20.62
01:01:26 PM    2   42.42    0.00   29.29    0.00    0.00    8.08    0.00    0.00    0.00   20.20
01:01:26 PM    3   42.71    0.00   23.96    0.00    0.00   13.54    0.00    0.00    0.00   19.79
01:01:26 PM    4   48.96    0.00   27.08    0.00    0.00    8.33    0.00    0.00    0.00   15.62
01:01:26 PM    5   48.48    0.00   24.24    0.00    0.00   12.12    0.00    0.00    0.00   15.15
01:01:26 PM    6   42.27    0.00   29.90    0.00    0.00   12.37    0.00    0.00    0.00   15.46
01:01:26 PM    7   40.43    0.00   30.85    0.00    0.00   12.77    0.00    0.00    0.00   15.96

01:01:26 PM  CPU    %usr   %nice    %sys %iowait    %irq   %soft  %steal  %guest  %gnice   %idle
01:01:27 PM  all   38.02    0.00   26.36    0.00    0.00   14.45    0.00    0.00    0.00   21.17
01:01:27 PM    0   31.58    0.00   27.37    0.00    0.00   14.74    0.00    0.00    0.00   26.32
01:01:27 PM    1   32.35    0.00   27.45    0.00    0.00   14.71    0.00    0.00    0.00   25.49
01:01:27 PM    2   39.00    0.00   20.00    0.00    0.00   13.00    0.00    0.00    0.00   28.00
01:01:27 PM    3   29.29    0.00   33.33    0.00    0.00   11.11    0.00    0.00    0.00   26.26
01:01:27 PM    4   48.48    0.00   24.24    0.00    0.00   14.14    0.00    0.00    0.00   13.13
01:01:27 PM    5   38.95    0.00   26.32    0.00    0.00   18.95    0.00    0.00    0.00   15.79
01:01:27 PM    6   44.44    0.00   23.23    0.00    0.00   15.15    0.00    0.00    0.00   17.17
01:01:27 PM    7   40.00    0.00   29.00    0.00    0.00   14.00    0.00    0.00    0.00   17.00

01:01:27 PM  CPU    %usr   %nice    %sys %iowait    %irq   %soft  %steal  %guest  %gnice   %idle
01:01:28 PM  all   41.50    0.00   27.54    0.13    0.00   10.79    0.00    0.00    0.00   20.05
01:01:28 PM    0   35.64    0.00   30.69    0.00    0.00   11.88    0.00    0.00    0.00   21.78
01:01:28 PM    1   38.30    0.00   27.66    0.00    0.00   10.64    0.00    0.00    0.00   23.40
01:01:28 PM    2   42.42    0.00   27.27    0.00    0.00    9.09    0.00    0.00    0.00   21.21
01:01:28 PM    3   44.33    0.00   24.74    1.03    0.00    7.22    0.00    0.00    0.00   22.68
01:01:28 PM    4   47.42    0.00   20.62    0.00    0.00   14.43    0.00    0.00    0.00   17.53
01:01:28 PM    5   41.00    0.00   31.00    0.00    0.00    8.00    0.00    0.00    0.00   20.00
01:01:28 PM    6   39.00    0.00   28.00    0.00    0.00   14.00    0.00    0.00    0.00   19.00
01:01:28 PM    7   44.00    0.00   30.00    0.00    0.00   11.00    0.00    0.00    0.00   15.00

01:01:28 PM  CPU    %usr   %nice    %sys %iowait    %irq   %soft  %steal  %guest  %gnice   %idle
01:01:29 PM  all   42.77    0.00   25.48    0.00    0.00   13.44    0.00    0.00    0.00   18.31
01:01:29 PM    0   44.00    0.00   29.00    0.00    0.00    9.00    0.00    0.00    0.00   18.00
01:01:29 PM    1   43.30    0.00   23.71    0.00    0.00   13.40    0.00    0.00    0.00   19.59
01:01:29 PM    2   45.26    0.00   22.11    0.00    0.00   13.68    0.00    0.00    0.00   18.95
01:01:29 PM    3   36.08    0.00   30.93    0.00    0.00   10.31    0.00    0.00    0.00   22.68
01:01:29 PM    4   44.90    0.00   23.47    0.00    0.00   17.35    0.00    0.00    0.00   14.29
01:01:29 PM    5   39.80    0.00   24.49    0.00    0.00   17.35    0.00    0.00    0.00   18.37
01:01:29 PM    6   47.47    0.00   23.23    0.00    0.00   12.12    0.00    0.00    0.00   17.17
01:01:29 PM    7   41.24    0.00   26.80    0.00    0.00   14.43    0.00    0.00    0.00   17.53

01:01:29 PM  CPU    %usr   %nice    %sys %iowait    %irq   %soft  %steal  %guest  %gnice   %idle
01:01:30 PM  all   41.68    0.00   28.77    0.00    0.00   11.74    0.00    0.00    0.00   17.81
01:01:30 PM    0   31.96    0.00   32.99    0.00    0.00   11.34    0.00    0.00    0.00   23.71
01:01:30 PM    1   32.98    0.00   31.91    0.00    0.00    8.51    0.00    0.00    0.00   26.60
01:01:30 PM    2   31.68    0.00   33.66    0.00    0.00   12.87    0.00    0.00    0.00   21.78
01:01:30 PM    3   34.07    0.00   27.47    0.00    0.00    9.89    0.00    0.00    0.00   28.57
01:01:30 PM    4   52.58    0.00   22.68    0.00    0.00   15.46    0.00    0.00    0.00    9.28
01:01:30 PM    5   49.50    0.00   27.72    0.00    0.00   12.87    0.00    0.00    0.00    9.90
01:01:30 PM    6   52.04    0.00   26.53    0.00    0.00   10.20    0.00    0.00    0.00   11.22
01:01:30 PM    7   47.92    0.00   27.08    0.00    0.00   12.50    0.00    0.00    0.00   12.50

01:01:30 PM  CPU    %usr   %nice    %sys %iowait    %irq   %soft  %steal  %guest  %gnice   %idle
01:01:31 PM  all   41.48    0.00   27.44    0.00    0.00   12.66    0.00    0.00    0.00   18.42
01:01:31 PM    0   40.38    0.00   28.85    0.00    0.00    8.65    0.00    0.00    0.00   22.12
01:01:31 PM    1   37.00    0.00   28.00    0.00    0.00   11.00    0.00    0.00    0.00   24.00
01:01:31 PM    2   39.80    0.00   26.53    0.00    0.00   12.24    0.00    0.00    0.00   21.43
01:01:31 PM    3   43.69    0.00   30.10    0.00    0.00    9.71    0.00    0.00    0.00   16.50
01:01:31 PM    4   41.84    0.00   26.53    0.00    0.00   16.33    0.00    0.00    0.00   15.31
01:01:31 PM    5   40.40    0.00   27.27    0.00    0.00   15.15    0.00    0.00    0.00   17.17
01:01:31 PM    6   47.42    0.00   25.77    0.00    0.00   12.37    0.00    0.00    0.00   14.43
01:01:31 PM    7   41.41    0.00   26.26    0.00    0.00   16.16    0.00    0.00    0.00   16.16

01:01:31 PM  CPU    %usr   %nice    %sys %iowait    %irq   %soft  %steal  %guest  %gnice   %idle
01:01:32 PM  all   39.85    0.00   29.38    0.00    0.00   11.48    0.00    0.00    0.00   19.29
01:01:32 PM    0   46.00    0.00   26.00    0.00    0.00   11.00    0.00    0.00    0.00   17.00
01:01:32 PM    1   32.69    0.00   35.58    0.00    0.00   11.54    0.00    0.00    0.00   20.19
01:01:32 PM    2   48.45    0.00   24.74    0.00    0.00    9.28    0.00    0.00    0.00   17.53
01:01:32 PM    3   40.00    0.00   27.00    0.00    0.00   16.00    0.00    0.00    0.00   17.00
01:01:32 PM    4   38.14    0.00   27.84    0.00    0.00   12.37    0.00    0.00    0.00   21.65
01:01:32 PM    5   40.21    0.00   29.90    0.00    0.00   11.34    0.00    0.00    0.00   18.56
01:01:32 PM    6   38.78    0.00   32.65    0.00    0.00    9.18    0.00    0.00    0.00   19.39
01:01:32 PM    7   35.00    0.00   31.00    0.00    0.00   11.00    0.00    0.00    0.00   23.00

01:01:32 PM  CPU    %usr   %nice    %sys %iowait    %irq   %soft  %steal  %guest  %gnice   %idle
01:01:33 PM  all   41.41    0.00   28.54    0.00    0.00   12.50    0.00    0.00    0.00   17.55
01:01:33 PM    0   47.42    0.00   23.71    0.00    0.00   14.43    0.00    0.00    0.00   14.43
01:01:33 PM    1   41.05    0.00   33.68    0.00    0.00   10.53    0.00    0.00    0.00   14.74
01:01:33 PM    2   48.00    0.00   28.00    0.00    0.00   13.00    0.00    0.00    0.00   11.00
01:01:33 PM    3   45.92    0.00   26.53    0.00    0.00   14.29    0.00    0.00    0.00   13.27
01:01:33 PM    4   37.37    0.00   30.30    0.00    0.00   10.10    0.00    0.00    0.00   22.22
01:01:33 PM    5   36.63    0.00   31.68    0.00    0.00   11.88    0.00    0.00    0.00   19.80
01:01:33 PM    6   35.29    0.00   29.41    0.00    0.00   13.73    0.00    0.00    0.00   21.57
01:01:33 PM    7   40.00    0.00   25.00    0.00    0.00   12.00    0.00    0.00    0.00   23.00

01:01:33 PM  CPU    %usr   %nice    %sys %iowait    %irq   %soft  %steal  %guest  %gnice   %idle
01:01:34 PM  all   38.53    0.00   30.18    0.00    0.00   11.66    0.00    0.00    0.00   19.63
01:01:34 PM    0   37.00    0.00   35.00    0.00    0.00   11.00    0.00    0.00    0.00   17.00
01:01:34 PM    1   39.81    0.00   26.21    0.00    0.00   12.62    0.00    0.00    0.00   21.36
01:01:34 PM    2   33.65    0.00   34.62    0.00    0.00   10.58    0.00    0.00    0.00   21.15
01:01:34 PM    3   40.57    0.00   30.19    0.00    0.00    9.43    0.00    0.00    0.00   19.81
01:01:34 PM    4   38.14    0.00   30.93    0.00    0.00   14.43    0.00    0.00    0.00   16.49
01:01:34 PM    5   37.25    0.00   30.39    0.00    0.00   12.75    0.00    0.00    0.00   19.61
01:01:34 PM    6   39.60    0.00   27.72    0.00    0.00   12.87    0.00    0.00    0.00   19.80
01:01:34 PM    7   42.16    0.00   26.47    0.00    0.00    9.80    0.00    0.00    0.00   21.57

01:01:34 PM  CPU    %usr   %nice    %sys %iowait    %irq   %soft  %steal  %guest  %gnice   %idle
01:01:35 PM  all   39.13    0.00   27.66    0.00    0.00   13.41    0.00    0.00    0.00   19.81
01:01:35 PM    0   34.65    0.00   28.71    0.00    0.00   15.84    0.00    0.00    0.00   20.79
01:01:35 PM    1   37.00    0.00   27.00    0.00    0.00   16.00    0.00    0.00    0.00   20.00
01:01:35 PM    2   35.51    0.00   30.84    0.00    0.00   13.08    0.00    0.00    0.00   20.56
01:01:35 PM    3   44.23    0.00   25.96    0.00    0.00   11.54    0.00    0.00    0.00   18.27
01:01:35 PM    4   41.35    0.00   22.12    0.00    0.00   17.31    0.00    0.00    0.00   19.23
01:01:35 PM    5   39.22    0.00   27.45    0.00    0.00   13.73    0.00    0.00    0.00   19.61
01:01:35 PM    6   41.35    0.00   30.77    0.00    0.00    9.62    0.00    0.00    0.00   18.27
01:01:35 PM    7   39.62    0.00   28.30    0.00    0.00   10.38    0.00    0.00    0.00   21.70

01:01:35 PM  CPU    %usr   %nice    %sys %iowait    %irq   %soft  %steal  %guest  %gnice   %idle
01:01:36 PM  all   38.27    0.00   29.65    0.00    0.00   12.76    0.00    0.00    0.00   19.32
01:01:36 PM    0   42.42    0.00   28.28    0.00    0.00   15.15    0.00    0.00    0.00   14.14
01:01:36 PM    1   43.81    0.00   32.38    0.00    0.00   11.43    0.00    0.00    0.00   12.38
01:01:36 PM    2   42.31    0.00   29.81    0.00    0.00   14.42    0.00    0.00    0.00   13.46
01:01:36 PM    3   37.86    0.00   33.01    0.00    0.00   14.56    0.00    0.00    0.00   14.56
01:01:36 PM    4   33.96    0.00   29.25    0.00    0.00   11.32    0.00    0.00    0.00   25.47
01:01:36 PM    5   33.98    0.00   28.16    0.00    0.00   13.59    0.00    0.00    0.00   24.27
01:01:36 PM    6   36.63    0.00   26.73    0.00    0.00   10.89    0.00    0.00    0.00   25.74
01:01:36 PM    7   35.29    0.00   29.41    0.00    0.00   10.78    0.00    0.00    0.00   24.51

01:01:36 PM  CPU    %usr   %nice    %sys %iowait    %irq   %soft  %steal  %guest  %gnice   %idle
01:01:37 PM  all   41.07    0.00   29.71    0.00    0.00   13.48    0.00    0.00    0.00   15.73
01:01:37 PM    0   44.55    0.00   31.68    0.00    0.00   11.88    0.00    0.00    0.00   11.88
01:01:37 PM    1   40.59    0.00   32.67    0.00    0.00   13.86    0.00    0.00    0.00   12.87
01:01:37 PM    2   45.00    0.00   25.00    0.00    0.00   17.00    0.00    0.00    0.00   13.00
01:01:37 PM    3   36.00    0.00   33.00    0.00    0.00   13.00    0.00    0.00    0.00   18.00
01:01:37 PM    4   37.62    0.00   31.68    0.00    0.00   13.86    0.00    0.00    0.00   16.83
01:01:37 PM    5   43.43    0.00   27.27    0.00    0.00   11.11    0.00    0.00    0.00   18.18
01:01:37 PM    6   41.84    0.00   25.51    0.00    0.00   16.33    0.00    0.00    0.00   16.33
01:01:37 PM    7   39.60    0.00   30.69    0.00    0.00   10.89    0.00    0.00    0.00   18.81

01:01:37 PM  CPU    %usr   %nice    %sys %iowait    %irq   %soft  %steal  %guest  %gnice   %idle
01:01:38 PM  all   41.41    0.00   25.63    0.00    0.00   11.62    0.00    0.00    0.00   21.34
01:01:38 PM    0   40.78    0.00   29.13    0.00    0.00   10.68    0.00    0.00    0.00   19.42
01:01:38 PM    1   46.46    0.00   21.21    0.00    0.00   13.13    0.00    0.00    0.00   19.19
01:01:38 PM    2   40.59    0.00   26.73    0.00    0.00   10.89    0.00    0.00    0.00   21.78
01:01:38 PM    3   44.33    0.00   24.74    0.00    0.00    9.28    0.00    0.00    0.00   21.65
01:01:38 PM    4   35.71    0.00   26.53    0.00    0.00   14.29    0.00    0.00    0.00   23.47
01:01:38 PM    5   39.39    0.00   24.24    0.00    0.00   12.12    0.00    0.00    0.00   24.24
01:01:38 PM    6   40.62    0.00   27.08    0.00    0.00   11.46    0.00    0.00    0.00   20.83
01:01:38 PM    7   43.43    0.00   25.25    0.00    0.00   11.11    0.00    0.00    0.00   20.20

01:01:38 PM  CPU    %usr   %nice    %sys %iowait    %irq   %soft  %steal  %guest  %gnice   %idle
01:01:39 PM  all   40.07    0.00   27.62    0.00    0.00   11.71    0.00    0.00    0.00   20.59
01:01:39 PM    0   43.30    0.00   29.90    0.00    0.00    9.28    0.00    0.00    0.00   17.53
01:01:39 PM    1   41.18    0.00   31.37    0.00    0.00   10.78    0.00    0.00    0.00   16.67
01:01:39 PM    2   42.27    0.00   30.93    0.00    0.00   14.43    0.00    0.00    0.00   12.37
01:01:39 PM    3   40.59    0.00   29.70    0.00    0.00   13.86    0.00    0.00    0.00   15.84
01:01:39 PM    4   39.62    0.00   24.53    0.00    0.00   12.26    0.00    0.00    0.00   23.58
01:01:39 PM    5   33.66    0.00   29.70    0.00    0.00   10.89    0.00    0.00    0.00   25.74
01:01:39 PM    6   40.00    0.00   25.71    0.00    0.00    9.52    0.00    0.00    0.00   24.76
01:01:39 PM    7   40.20    0.00   19.61    0.00    0.00   12.75    0.00    0.00    0.00   27.45

01:01:39 PM  CPU    %usr   %nice    %sys %iowait    %irq   %soft  %steal  %guest  %gnice   %idle
01:01:40 PM  all   38.50    0.00   29.62    0.12    0.00   12.88    0.00    0.00    0.00   18.88
01:01:40 PM    0   45.36    0.00   24.74    0.00    0.00   16.49    0.00    0.00    0.00   13.40
01:01:40 PM    1   46.08    0.00   29.41    0.00    0.00   11.76    0.00    0.00    0.00   12.75
01:01:40 PM    2   42.57    0.00   31.68    0.00    0.00   13.86    0.00    0.00    0.00   11.88
01:01:40 PM    3   35.05    0.00   35.05    1.03    0.00   15.46    0.00    0.00    0.00   13.40
01:01:40 PM    4   36.36    0.00   28.28    0.00    0.00   11.11    0.00    0.00    0.00   24.24
01:01:40 PM    5   36.27    0.00   24.51    0.00    0.00   13.73    0.00    0.00    0.00   25.49
01:01:40 PM    6   33.33    0.00   30.39    0.00    0.00   10.78    0.00    0.00    0.00   25.49
01:01:40 PM    7   33.00    0.00   33.00    0.00    0.00   10.00    0.00    0.00    0.00   24.00

01:01:40 PM  CPU    %usr   %nice    %sys %iowait    %irq   %soft  %steal  %guest  %gnice   %idle
01:01:41 PM  all   39.97    0.00   27.99    0.00    0.00   12.86    0.00    0.00    0.00   19.17
01:01:41 PM    0   40.21    0.00   28.87    0.00    0.00   13.40    0.00    0.00    0.00   17.53
01:01:41 PM    1   39.18    0.00   27.84    0.00    0.00   14.43    0.00    0.00    0.00   18.56
01:01:41 PM    2   43.30    0.00   25.77    0.00    0.00   13.40    0.00    0.00    0.00   17.53
01:01:41 PM    3   39.60    0.00   26.73    0.00    0.00   13.86    0.00    0.00    0.00   19.80
01:01:41 PM    4   43.88    0.00   23.47    0.00    0.00   14.29    0.00    0.00    0.00   18.37
01:01:41 PM    5   38.38    0.00   31.31    0.00    0.00    9.09    0.00    0.00    0.00   21.21
01:01:41 PM    6   40.00    0.00   29.00    0.00    0.00   13.00    0.00    0.00    0.00   18.00
01:01:41 PM    7   35.58    0.00   30.77    0.00    0.00   11.54    0.00    0.00    0.00   22.12

01:01:41 PM  CPU    %usr   %nice    %sys %iowait    %irq   %soft  %steal  %guest  %gnice   %idle
01:01:42 PM  all   42.52    0.00   27.81    0.00    0.00   12.98    0.00    0.00    0.00   16.69
01:01:42 PM    0   41.00    0.00   33.00    0.00    0.00   15.00    0.00    0.00    0.00   11.00
01:01:42 PM    1   48.98    0.00   25.51    0.00    0.00   14.29    0.00    0.00    0.00   11.22
01:01:42 PM    2   47.96    0.00   26.53    0.00    0.00   16.33    0.00    0.00    0.00    9.18
01:01:42 PM    3   53.00    0.00   22.00    0.00    0.00   16.00    0.00    0.00    0.00    9.00
01:01:42 PM    4   40.78    0.00   28.16    0.00    0.00    8.74    0.00    0.00    0.00   22.33
01:01:42 PM    5   38.24    0.00   28.43    0.00    0.00   12.75    0.00    0.00    0.00   20.59
01:01:42 PM    6   32.04    0.00   31.07    0.00    0.00   12.62    0.00    0.00    0.00   24.27
01:01:42 PM    7   39.05    0.00   27.62    0.00    0.00    8.57    0.00    0.00    0.00   24.76

01:01:42 PM  CPU    %usr   %nice    %sys %iowait    %irq   %soft  %steal  %guest  %gnice   %idle
01:01:43 PM  all   41.34    0.00   27.27    0.12    0.00   11.46    0.00    0.00    0.00   19.80
01:01:43 PM    0   39.22    0.00   30.39    0.00    0.00    8.82    0.00    0.00    0.00   21.57
01:01:43 PM    1   42.86    0.00   27.62    0.00    0.00    9.52    0.00    0.00    0.00   20.00
01:01:43 PM    2   45.79    0.00   27.10    0.00    0.00    8.41    0.00    0.00    0.00   18.69
01:01:43 PM    3   41.18    0.00   24.51    0.98    0.00   13.73    0.00    0.00    0.00   19.61
01:01:43 PM    4   41.84    0.00   28.57    0.00    0.00   11.22    0.00    0.00    0.00   18.37
01:01:43 PM    5   40.43    0.00   25.53    0.00    0.00   14.89    0.00    0.00    0.00   19.15
01:01:43 PM    6   38.14    0.00   26.80    0.00    0.00   14.43    0.00    0.00    0.00   20.62
01:01:43 PM    7   40.82    0.00   27.55    0.00    0.00   11.22    0.00    0.00    0.00   20.41

01:01:43 PM  CPU    %usr   %nice    %sys %iowait    %irq   %soft  %steal  %guest  %gnice   %idle
01:01:44 PM  all   41.66    0.00   24.71    0.00    0.00   11.34    0.00    0.00    0.00   22.29
01:01:44 PM    0   41.90    0.00   21.90    0.00    0.00   12.38    0.00    0.00    0.00   23.81
01:01:44 PM    1   37.25    0.00   28.43    0.00    0.00    9.80    0.00    0.00    0.00   24.51
01:01:44 PM    2   36.63    0.00   28.71    0.00    0.00    7.92    0.00    0.00    0.00   26.73
01:01:44 PM    3   38.78    0.00   26.53    0.00    0.00    8.16    0.00    0.00    0.00   26.53
01:01:44 PM    4   46.74    0.00   21.74    0.00    0.00   10.87    0.00    0.00    0.00   20.65
01:01:44 PM    5   43.16    0.00   24.21    0.00    0.00   13.68    0.00    0.00    0.00   18.95
01:01:44 PM    6   46.32    0.00   23.16    0.00    0.00   11.58    0.00    0.00    0.00   18.95
01:01:44 PM    7   43.30    0.00   22.68    0.00    0.00   16.49    0.00    0.00    0.00   17.53

01:01:44 PM  CPU    %usr   %nice    %sys %iowait    %irq   %soft  %steal  %guest  %gnice   %idle
01:01:45 PM  all   43.10    0.00   25.39    0.00    0.00   10.29    0.00    0.00    0.00   21.22
01:01:45 PM    0   40.62    0.00   29.17    0.00    0.00    9.38    0.00    0.00    0.00   20.83
01:01:45 PM    1   40.82    0.00   25.51    0.00    0.00   10.20    0.00    0.00    0.00   23.47
01:01:45 PM    2   46.88    0.00   21.88    0.00    0.00    8.33    0.00    0.00    0.00   22.92
01:01:45 PM    3   38.38    0.00   28.28    0.00    0.00   13.13    0.00    0.00    0.00   20.20
01:01:45 PM    4   44.21    0.00   26.32    0.00    0.00   10.53    0.00    0.00    0.00   18.95
01:01:45 PM    5   45.16    0.00   25.81    0.00    0.00    8.60    0.00    0.00    0.00   20.43
01:01:45 PM    6   47.87    0.00   18.09    0.00    0.00   11.70    0.00    0.00    0.00   22.34
01:01:45 PM    7   41.24    0.00   27.84    0.00    0.00   10.31    0.00    0.00    0.00   20.62

01:01:45 PM  CPU    %usr   %nice    %sys %iowait    %irq   %soft  %steal  %guest  %gnice   %idle
01:01:46 PM  all   41.09    0.00   27.81    0.00    0.00   13.40    0.00    0.00    0.00   17.70
01:01:46 PM    0   45.83    0.00   23.96    0.00    0.00   15.62    0.00    0.00    0.00   14.58
01:01:46 PM    1   38.10    0.00   32.38    0.00    0.00   14.29    0.00    0.00    0.00   15.24
01:01:46 PM    2   41.67    0.00   23.96    0.00    0.00   12.50    0.00    0.00    0.00   21.88
01:01:46 PM    3   39.60    0.00   31.68    0.00    0.00    9.90    0.00    0.00    0.00   18.81
01:01:46 PM    4   41.41    0.00   26.26    0.00    0.00   15.15    0.00    0.00    0.00   17.17
01:01:46 PM    5   40.21    0.00   26.80    0.00    0.00   15.46    0.00    0.00    0.00   17.53
01:01:46 PM    6   40.82    0.00   26.53    0.00    0.00   13.27    0.00    0.00    0.00   19.39
01:01:46 PM    7   41.41    0.00   30.30    0.00    0.00   11.11    0.00    0.00    0.00   17.17

01:01:46 PM  CPU    %usr   %nice    %sys %iowait    %irq   %soft  %steal  %guest  %gnice   %idle
01:01:47 PM  all   43.52    0.00   25.55    0.00    0.00   11.81    0.00    0.00    0.00   19.13
01:01:47 PM    0   46.08    0.00   29.41    0.00    0.00   11.76    0.00    0.00    0.00   12.75
01:01:47 PM    1   46.00    0.00   29.00    0.00    0.00   11.00    0.00    0.00    0.00   14.00
01:01:47 PM    2   43.30    0.00   24.74    0.00    0.00   16.49    0.00    0.00    0.00   15.46
01:01:47 PM    3   48.00    0.00   24.00    0.00    0.00   13.00    0.00    0.00    0.00   15.00
01:01:47 PM    4   38.54    0.00   25.00    0.00    0.00   11.46    0.00    0.00    0.00   25.00
01:01:47 PM    5   37.89    0.00   28.42    0.00    0.00   10.53    0.00    0.00    0.00   23.16
01:01:47 PM    6   44.79    0.00   20.83    0.00    0.00   11.46    0.00    0.00    0.00   22.92
01:01:47 PM    7   43.01    0.00   22.58    0.00    0.00    8.60    0.00    0.00    0.00   25.81

01:01:47 PM  CPU    %usr   %nice    %sys %iowait    %irq   %soft  %steal  %guest  %gnice   %idle
01:01:48 PM  all   43.67    0.00   18.91    0.00    0.00   12.38    0.00    0.00    0.00   25.03
01:01:48 PM    0   52.17    0.00   16.30    0.00    0.00   11.96    0.00    0.00    0.00   19.57
01:01:48 PM    1   43.01    0.00   23.66    0.00    0.00   13.98    0.00    0.00    0.00   19.35
01:01:48 PM    2   47.96    0.00   21.43    0.00    0.00   12.24    0.00    0.00    0.00   18.37
01:01:48 PM    3   48.91    0.00   23.91    0.00    0.00    9.78    0.00    0.00    0.00   17.39
01:01:48 PM    4   40.91    0.00   15.91    0.00    0.00   13.64    0.00    0.00    0.00   29.55
01:01:48 PM    5   43.01    0.00   13.98    0.00    0.00   13.98    0.00    0.00    0.00   29.03
01:01:48 PM    6   32.18    0.00   18.39    0.00    0.00   12.64    0.00    0.00    0.00   36.78
01:01:48 PM    7   40.22    0.00   17.39    0.00    0.00   10.87    0.00    0.00    0.00   31.52

01:01:48 PM  CPU    %usr   %nice    %sys %iowait    %irq   %soft  %steal  %guest  %gnice   %idle
01:01:49 PM  all   42.90    0.00   21.31    0.13    0.00   12.20    0.00    0.00    0.00   23.46
01:01:49 PM    0   42.55    0.00   21.28    0.00    0.00   14.89    0.00    0.00    0.00   21.28
01:01:49 PM    1   44.19    0.00   16.28    0.00    0.00   13.95    0.00    0.00    0.00   25.58
01:01:49 PM    2   44.21    0.00   22.11    0.00    0.00   10.53    0.00    0.00    0.00   23.16
01:01:49 PM    3   39.36    0.00   23.40    0.00    0.00   14.89    0.00    0.00    0.00   22.34
01:01:49 PM    4   46.32    0.00   20.00    0.00    0.00   12.63    0.00    0.00    0.00   21.05
01:01:49 PM    5   41.49    0.00   24.47    0.00    0.00    8.51    0.00    0.00    0.00   25.53
01:01:49 PM    6   40.86    0.00   20.43    1.08    0.00   10.75    0.00    0.00    0.00   26.88
01:01:49 PM    7   44.21    0.00   22.11    0.00    0.00   11.58    0.00    0.00    0.00   22.11

01:01:49 PM  CPU    %usr   %nice    %sys %iowait    %irq   %soft  %steal  %guest  %gnice   %idle
01:01:50 PM  all   41.32    0.00   28.89    0.00    0.00   12.44    0.00    0.00    0.00   17.36
01:01:50 PM    0   40.00    0.00   29.47    0.00    0.00   12.63    0.00    0.00    0.00   17.89
01:01:50 PM    1   38.78    0.00   32.65    0.00    0.00   12.24    0.00    0.00    0.00   16.33
01:01:50 PM    2   40.62    0.00   29.17    0.00    0.00   16.67    0.00    0.00    0.00   13.54
01:01:50 PM    3   40.62    0.00   32.29    0.00    0.00   13.54    0.00    0.00    0.00   13.54
01:01:50 PM    4   41.41    0.00   26.26    0.00    0.00   14.14    0.00    0.00    0.00   18.18
01:01:50 PM    5   47.31    0.00   25.81    0.00    0.00    8.60    0.00    0.00    0.00   18.28
01:01:50 PM    6   36.84    0.00   28.42    0.00    0.00   12.63    0.00    0.00    0.00   22.11
01:01:50 PM    7   45.00    0.00   27.00    0.00    0.00    9.00    0.00    0.00    0.00   19.00

01:01:50 PM  CPU    %usr   %nice    %sys %iowait    %irq   %soft  %steal  %guest  %gnice   %idle
01:01:51 PM  all   43.84    0.00   26.46    0.00    0.00   12.84    0.00    0.00    0.00   16.86
01:01:51 PM    0   38.71    0.00   26.88    0.00    0.00   10.75    0.00    0.00    0.00   23.66
01:01:51 PM    1   33.33    0.00   29.03    0.00    0.00   11.83    0.00    0.00    0.00   25.81
01:01:51 PM    2   40.00    0.00   28.42    0.00    0.00   10.53    0.00    0.00    0.00   21.05
01:01:51 PM    3   33.70    0.00   30.43    0.00    0.00   11.96    0.00    0.00    0.00   23.91
01:01:51 PM    4   53.00    0.00   24.00    0.00    0.00   14.00    0.00    0.00    0.00    9.00
01:01:51 PM    5   50.00    0.00   19.00    0.00    0.00   20.00    0.00    0.00    0.00   11.00
01:01:51 PM    6   46.53    0.00   29.70    0.00    0.00   11.88    0.00    0.00    0.00   11.88
01:01:51 PM    7   53.61    0.00   24.74    0.00    0.00   11.34    0.00    0.00    0.00   10.31

01:01:51 PM  CPU    %usr   %nice    %sys %iowait    %irq   %soft  %steal  %guest  %gnice   %idle
01:01:52 PM  all   44.05    0.00   25.99    0.00    0.00   12.80    0.00    0.00    0.00   17.16
01:01:52 PM    0   49.49    0.00   22.22    0.00    0.00   15.15    0.00    0.00    0.00   13.13
01:01:52 PM    1   45.00    0.00   28.00    0.00    0.00   11.00    0.00    0.00    0.00   16.00
01:01:52 PM    2   48.00    0.00   25.00    0.00    0.00   17.00    0.00    0.00    0.00   10.00
01:01:52 PM    3   41.67    0.00   31.25    0.00    0.00   11.46    0.00    0.00    0.00   15.62
01:01:52 PM    4   40.62    0.00   28.12    0.00    0.00   10.42    0.00    0.00    0.00   20.83
01:01:52 PM    5   41.67    0.00   27.08    0.00    0.00   12.50    0.00    0.00    0.00   18.75
01:01:52 PM    6   42.27    0.00   23.71    0.00    0.00   13.40    0.00    0.00    0.00   20.62
01:01:52 PM    7   43.30    0.00   22.68    0.00    0.00   11.34    0.00    0.00    0.00   22.68

01:01:52 PM  CPU    %usr   %nice    %sys %iowait    %irq   %soft  %steal  %guest  %gnice   %idle
01:01:53 PM  all   40.55    0.00   26.60    0.13    0.00   13.04    0.00    0.00    0.00   19.69
01:01:53 PM    0   38.46    0.00   24.18    1.10    0.00   16.48    0.00    0.00    0.00   19.78
01:01:53 PM    1   39.58    0.00   33.33    0.00    0.00   11.46    0.00    0.00    0.00   15.62
01:01:53 PM    2   49.49    0.00   21.21    0.00    0.00   12.12    0.00    0.00    0.00   17.17
01:01:53 PM    3   40.00    0.00   26.32    0.00    0.00   14.74    0.00    0.00    0.00   18.95
01:01:53 PM    4   41.05    0.00   28.42    0.00    0.00    9.47    0.00    0.00    0.00   21.05
01:01:53 PM    5   35.42    0.00   26.04    0.00    0.00   14.58    0.00    0.00    0.00   23.96
01:01:53 PM    6   40.82    0.00   25.51    0.00    0.00   13.27    0.00    0.00    0.00   20.41
01:01:53 PM    7   39.18    0.00   27.84    0.00    0.00   12.37    0.00    0.00    0.00   20.62

01:01:53 PM  CPU    %usr   %nice    %sys %iowait    %irq   %soft  %steal  %guest  %gnice   %idle
01:01:54 PM  all   42.08    0.00   25.99    0.00    0.00   12.27    0.00    0.00    0.00   19.66
01:01:54 PM    0   40.43    0.00   23.40    0.00    0.00    8.51    0.00    0.00    0.00   27.66
01:01:54 PM    1   39.13    0.00   29.35    0.00    0.00    7.61    0.00    0.00    0.00   23.91
01:01:54 PM    2   33.33    0.00   29.17    0.00    0.00   12.50    0.00    0.00    0.00   25.00
01:01:54 PM    3   34.41    0.00   30.11    0.00    0.00   13.98    0.00    0.00    0.00   21.51
01:01:54 PM    4   43.30    0.00   24.74    0.00    0.00   15.46    0.00    0.00    0.00   16.49
01:01:54 PM    5   46.39    0.00   24.74    0.00    0.00   15.46    0.00    0.00    0.00   13.40
01:01:54 PM    6   50.54    0.00   21.51    0.00    0.00   13.98    0.00    0.00    0.00   13.98
01:01:54 PM    7   48.96    0.00   25.00    0.00    0.00   10.42    0.00    0.00    0.00   15.62

01:01:54 PM  CPU    %usr   %nice    %sys %iowait    %irq   %soft  %steal  %guest  %gnice   %idle
01:01:55 PM  all   41.93    0.00   24.47    0.00    0.00   13.62    0.00    0.00    0.00   19.97
01:01:55 PM    0   41.94    0.00   23.66    0.00    0.00   12.90    0.00    0.00    0.00   21.51
01:01:55 PM    1   38.30    0.00   29.79    0.00    0.00   10.64    0.00    0.00    0.00   21.28
01:01:55 PM    2   41.30    0.00   22.83    0.00    0.00   11.96    0.00    0.00    0.00   23.91
01:01:55 PM    3   39.78    0.00   22.58    0.00    0.00   15.05    0.00    0.00    0.00   22.58
01:01:55 PM    4   41.49    0.00   22.34    0.00    0.00   18.09    0.00    0.00    0.00   18.09
01:01:55 PM    5   38.78    0.00   26.53    0.00    0.00   15.31    0.00    0.00    0.00   19.39
01:01:55 PM    6   42.71    0.00   28.12    0.00    0.00   12.50    0.00    0.00    0.00   16.67
01:01:55 PM    7   51.04    0.00   19.79    0.00    0.00   12.50    0.00    0.00    0.00   16.67

01:01:55 PM  CPU    %usr   %nice    %sys %iowait    %irq   %soft  %steal  %guest  %gnice   %idle
01:01:56 PM  all   42.59    0.00   23.41    0.00    0.00   11.11    0.00    0.00    0.00   22.88
01:01:56 PM    0   41.05    0.00   27.37    0.00    0.00   12.63    0.00    0.00    0.00   18.95
01:01:56 PM    1   49.48    0.00   19.59    0.00    0.00   14.43    0.00    0.00    0.00   16.49
01:01:56 PM    2   51.04    0.00   23.96    0.00    0.00    8.33    0.00    0.00    0.00   16.67
01:01:56 PM    3   45.36    0.00   27.84    0.00    0.00    9.28    0.00    0.00    0.00   17.53
01:01:56 PM    4   41.94    0.00   22.58    0.00    0.00    7.53    0.00    0.00    0.00   27.96
01:01:56 PM    5   39.13    0.00   18.48    0.00    0.00   15.22    0.00    0.00    0.00   27.17
01:01:56 PM    6   37.23    0.00   26.60    0.00    0.00    8.51    0.00    0.00    0.00   27.66
01:01:56 PM    7   34.78    0.00   20.65    0.00    0.00   13.04    0.00    0.00    0.00   31.52

01:01:56 PM  CPU    %usr   %nice    %sys %iowait    %irq   %soft  %steal  %guest  %gnice   %idle
01:01:57 PM  all   43.06    0.00   25.52    0.00    0.00   12.83    0.00    0.00    0.00   18.59
01:01:57 PM    0   40.86    0.00   29.03    0.00    0.00   10.75    0.00    0.00    0.00   19.35
01:01:57 PM    1   51.04    0.00   21.88    0.00    0.00   11.46    0.00    0.00    0.00   15.62
01:01:57 PM    2   42.42    0.00   27.27    0.00    0.00   14.14    0.00    0.00    0.00   16.16
01:01:57 PM    3   43.75    0.00   20.83    0.00    0.00   17.71    0.00    0.00    0.00   17.71
01:01:57 PM    4   39.58    0.00   26.04    0.00    0.00   14.58    0.00    0.00    0.00   19.79
01:01:57 PM    5   50.54    0.00   22.58    0.00    0.00   10.75    0.00    0.00    0.00   16.13
01:01:57 PM    6   37.23    0.00   29.79    0.00    0.00   11.70    0.00    0.00    0.00   21.28
01:01:57 PM    7   39.18    0.00   26.80    0.00    0.00   11.34    0.00    0.00    0.00   22.68

01:01:57 PM  CPU    %usr   %nice    %sys %iowait    %irq   %soft  %steal  %guest  %gnice   %idle
01:01:58 PM  all   43.57    0.00   23.46    0.00    0.00   12.33    0.00    0.00    0.00   20.64
01:01:58 PM    0   43.48    0.00   21.74    0.00    0.00   13.04    0.00    0.00    0.00   21.74
01:01:58 PM    1   39.18    0.00   28.87    0.00    0.00   11.34    0.00    0.00    0.00   20.62
01:01:58 PM    2   43.16    0.00   24.21    0.00    0.00   12.63    0.00    0.00    0.00   20.00
01:01:58 PM    3   42.86    0.00   24.18    0.00    0.00    9.89    0.00    0.00    0.00   23.08
01:01:58 PM    4   43.01    0.00   21.51    0.00    0.00   12.90    0.00    0.00    0.00   22.58
01:01:58 PM    5   43.96    0.00   25.27    0.00    0.00   10.99    0.00    0.00    0.00   19.78
01:01:58 PM    6   46.39    0.00   20.62    0.00    0.00   16.49    0.00    0.00    0.00   16.49
01:01:58 PM    7   46.67    0.00   21.11    0.00    0.00   11.11    0.00    0.00    0.00   21.11

01:01:58 PM  CPU    %usr   %nice    %sys %iowait    %irq   %soft  %steal  %guest  %gnice   %idle
01:01:59 PM  all   43.36    0.00   23.22    0.94    0.00   11.81    0.00    0.00    0.00   20.67
01:01:59 PM    0   48.94    0.00   24.47    2.13    0.00   11.70    0.00    0.00    0.00   12.77
01:01:59 PM    1   45.83    0.00   26.04    4.17    0.00    8.33    0.00    0.00    0.00   15.62
01:01:59 PM    2   43.01    0.00   25.81    0.00    0.00    9.68    0.00    0.00    0.00   21.51
01:01:59 PM    3   43.00    0.00   27.00    1.00    0.00   14.00    0.00    0.00    0.00   15.00
01:01:59 PM    4   45.05    0.00   17.58    0.00    0.00   10.99    0.00    0.00    0.00   26.37
01:01:59 PM    5   40.91    0.00   22.73    0.00    0.00   10.23    0.00    0.00    0.00   26.14
01:01:59 PM    6   38.89    0.00   20.00    0.00    0.00   15.56    0.00    0.00    0.00   25.56
01:01:59 PM    7   40.86    0.00   21.51    0.00    0.00   13.98    0.00    0.00    0.00   23.66

01:01:59 PM  CPU    %usr   %nice    %sys %iowait    %irq   %soft  %steal  %guest  %gnice   %idle
01:02:00 PM  all   41.97    0.00   26.84    0.00    0.00   11.45    0.00    0.00    0.00   19.74
01:02:00 PM    0   50.50    0.00   26.73    0.00    0.00    8.91    0.00    0.00    0.00   13.86
01:02:00 PM    1   45.83    0.00   29.17    0.00    0.00   10.42    0.00    0.00    0.00   14.58
01:02:00 PM    2   50.00    0.00   25.51    0.00    0.00   11.22    0.00    0.00    0.00   13.27
01:02:00 PM    3   43.43    0.00   27.27    0.00    0.00   16.16    0.00    0.00    0.00   13.13
01:02:00 PM    4   35.16    0.00   27.47    0.00    0.00   12.09    0.00    0.00    0.00   25.27
01:02:00 PM    5   33.68    0.00   28.42    0.00    0.00   13.68    0.00    0.00    0.00   24.21
01:02:00 PM    6   39.33    0.00   24.72    0.00    0.00    7.87    0.00    0.00    0.00   28.09
01:02:00 PM    7   36.26    0.00   25.27    0.00    0.00   10.99    0.00    0.00    0.00   27.47

01:02:00 PM  CPU    %usr   %nice    %sys %iowait    %irq   %soft  %steal  %guest  %gnice   %idle
01:02:01 PM  all   43.54    0.00   23.88    0.13    0.00   12.27    0.00    0.00    0.00   20.18
01:02:01 PM    0   44.21    0.00   26.32    1.05    0.00   13.68    0.00    0.00    0.00   14.74
01:02:01 PM    1   40.82    0.00   25.51    0.00    0.00   16.33    0.00    0.00    0.00   17.35
01:02:01 PM    2   42.11    0.00   24.21    0.00    0.00   13.68    0.00    0.00    0.00   20.00
01:02:01 PM    3   48.42    0.00   23.16    0.00    0.00   11.58    0.00    0.00    0.00   16.84
01:02:01 PM    4   45.26    0.00   23.16    0.00    0.00    9.47    0.00    0.00    0.00   22.11
01:02:01 PM    5   44.57    0.00   23.91    0.00    0.00    9.78    0.00    0.00    0.00   21.74
01:02:01 PM    6   43.01    0.00   22.58    0.00    0.00   10.75    0.00    0.00    0.00   23.66
01:02:01 PM    7   40.00    0.00   22.11    0.00    0.00   12.63    0.00    0.00    0.00   25.26

01:02:01 PM  CPU    %usr   %nice    %sys %iowait    %irq   %soft  %steal  %guest  %gnice   %idle
01:02:02 PM  all   42.65    0.00   25.39    0.00    0.00   11.47    0.00    0.00    0.00   20.49
01:02:02 PM    0   46.88    0.00   23.96    0.00    0.00   11.46    0.00    0.00    0.00   17.71
01:02:02 PM    1   39.36    0.00   29.79    0.00    0.00    9.57    0.00    0.00    0.00   21.28
01:02:02 PM    2   45.83    0.00   25.00    0.00    0.00   10.42    0.00    0.00    0.00   18.75
01:02:02 PM    3   45.36    0.00   24.74    0.00    0.00   12.37    0.00    0.00    0.00   17.53
01:02:02 PM    4   40.62    0.00   27.08    0.00    0.00   11.46    0.00    0.00    0.00   20.83
01:02:02 PM    5   46.46    0.00   21.21    0.00    0.00   12.12    0.00    0.00    0.00   20.20
01:02:02 PM    6   33.66    0.00   29.70    0.00    0.00   12.87    0.00    0.00    0.00   23.76
01:02:02 PM    7   43.30    0.00   21.65    0.00    0.00   11.34    0.00    0.00    0.00   23.71

01:02:02 PM  CPU    %usr   %nice    %sys %iowait    %irq   %soft  %steal  %guest  %gnice   %idle
01:02:03 PM  all    3.50    0.00    2.33    0.00    0.00    1.17    0.00    0.00    0.00   93.00
01:02:03 PM    0    1.20    0.00    3.61    0.00    0.00    0.00    0.00    0.00    0.00   95.18
01:02:03 PM    1    2.47    0.00    1.23    0.00    0.00    0.00    0.00    0.00    0.00   96.30
01:02:03 PM    2    2.47    0.00    1.23    0.00    0.00    1.23    0.00    0.00    0.00   95.06
01:02:03 PM    3    4.76    0.00    2.38    0.00    0.00    0.00    0.00    0.00    0.00   92.86
01:02:03 PM    4    3.41    0.00    2.27    0.00    0.00    1.14    0.00    0.00    0.00   93.18
01:02:03 PM    5    4.40    0.00    2.20    0.00    0.00    2.20    0.00    0.00    0.00   91.21
01:02:03 PM    6    4.44    0.00    2.22    0.00    0.00    3.33    0.00    0.00    0.00   90.00
01:02:03 PM    7    4.55    0.00    3.41    0.00    0.00    1.14    0.00    0.00    0.00   90.91

01:02:03 PM  CPU    %usr   %nice    %sys %iowait    %irq   %soft  %steal  %guest  %gnice   %idle
01:02:04 PM  all    5.13    0.00    6.52    0.97    0.00    1.53    0.00    0.00    0.00   85.85
01:02:04 PM    0    4.55    0.00    4.55    4.55    0.00    2.27    0.00    0.00    0.00   84.09
01:02:04 PM    1    7.95    0.00    3.41    1.14    0.00    1.14    0.00    0.00    0.00   86.36
01:02:04 PM    2    4.30    0.00    8.60    2.15    0.00    2.15    0.00    0.00    0.00   82.80
01:02:04 PM    3    5.68    0.00    6.82    0.00    0.00    1.14    0.00    0.00    0.00   86.36
01:02:04 PM    4    3.26    0.00    8.70    0.00    0.00    1.09    0.00    0.00    0.00   86.96
01:02:04 PM    5    5.49    0.00    7.69    0.00    0.00    2.20    0.00    0.00    0.00   84.62
01:02:04 PM    6    5.43    0.00    5.43    0.00    0.00    1.09    0.00    0.00    0.00   88.04
01:02:04 PM    7    4.49    0.00    6.74    0.00    0.00    1.12    0.00    0.00    0.00   87.64

01:02:04 PM  CPU    %usr   %nice    %sys %iowait    %irq   %soft  %steal  %guest  %gnice   %idle
01:02:05 PM  all    5.59    0.00    8.53    0.00    0.00    1.82    0.00    0.00    0.00   84.06
01:02:05 PM    0    5.81    0.00    4.65    0.00    0.00    2.33    0.00    0.00    0.00   87.21
01:02:05 PM    1    8.05    0.00    8.05    0.00    0.00    1.15    0.00    0.00    0.00   82.76
01:02:05 PM    2    8.89    0.00    6.67    0.00    0.00    2.22    0.00    0.00    0.00   82.22
01:02:05 PM    3    8.99    0.00    8.99    0.00    0.00    1.12    0.00    0.00    0.00   80.90
01:02:05 PM    4    4.55    0.00    6.82    0.00    0.00    1.14    0.00    0.00    0.00   87.50
01:02:05 PM    5    4.40    0.00    8.79    0.00    0.00    3.30    0.00    0.00    0.00   83.52
01:02:05 PM    6    1.09    0.00   13.04    0.00    0.00    2.17    0.00    0.00    0.00   83.70
01:02:05 PM    7    3.26    0.00   10.87    0.00    0.00    1.09    0.00    0.00    0.00   84.78

01:02:05 PM  CPU    %usr   %nice    %sys %iowait    %irq   %soft  %steal  %guest  %gnice   %idle
01:02:06 PM  all    2.73    0.00    3.73    0.00    0.00    0.43    0.00    0.00    0.00   93.11
01:02:06 PM    0    4.65    0.00    3.49    0.00    0.00    0.00    0.00    0.00    0.00   91.86
01:02:06 PM    1    3.49    0.00    3.49    0.00    0.00    1.16    0.00    0.00    0.00   91.86
01:02:06 PM    2    2.38    0.00    4.76    0.00    0.00    0.00    0.00    0.00    0.00   92.86
01:02:06 PM    3    4.60    0.00    3.45    0.00    0.00    1.15    0.00    0.00    0.00   90.80
01:02:06 PM    4    2.25    0.00    5.62    0.00    0.00    0.00    0.00    0.00    0.00   92.13
01:02:06 PM    5    1.14    0.00    3.41    0.00    0.00    1.14    0.00    0.00    0.00   94.32
01:02:06 PM    6    2.25    0.00    2.25    0.00    0.00    0.00    0.00    0.00    0.00   95.51
01:02:06 PM    7    1.14    0.00    3.41    0.00    0.00    0.00    0.00    0.00    0.00   95.45
