Linux 5.15.0-171-generic (cloudnet-s05) 	05/19/2026 	_x86_64_	(8 CPU)

12:56:46 PM  CPU    %usr   %nice    %sys %iowait    %irq   %soft  %steal  %guest  %gnice   %idle
12:56:47 PM  all   21.23    0.00   11.66    0.00    0.00    5.40    0.00    0.00    0.00   61.72
12:56:47 PM    0   22.33    0.00   12.62    0.00    0.00    3.88    0.00    0.00    0.00   61.17
12:56:47 PM    1   21.57    0.00   12.75    0.00    0.00    4.90    0.00    0.00    0.00   60.78
12:56:47 PM    2   15.69    0.00   14.71    0.00    0.00    6.86    0.00    0.00    0.00   62.75
12:56:47 PM    3   23.30    0.00   11.65    0.00    0.00    5.83    0.00    0.00    0.00   59.22
12:56:47 PM    4   21.36    0.00    9.71    0.00    0.00    6.80    0.00    0.00    0.00   62.14
12:56:47 PM    5   21.78    0.00   10.89    0.00    0.00    4.95    0.00    0.00    0.00   62.38
12:56:47 PM    6   19.80    0.00   11.88    0.00    0.00    5.94    0.00    0.00    0.00   62.38
12:56:47 PM    7   24.00    0.00    9.00    0.00    0.00    4.00    0.00    0.00    0.00   63.00

12:56:47 PM  CPU    %usr   %nice    %sys %iowait    %irq   %soft  %steal  %guest  %gnice   %idle
12:56:48 PM  all   23.05    0.00   10.61    0.24    0.00    5.98    0.00    0.00    0.00   60.12
12:56:48 PM    0   23.08    0.00   13.46    0.00    0.00    2.88    0.00    0.00    0.00   60.58
12:56:48 PM    1   23.76    0.00    9.90    0.99    0.00    4.95    0.00    0.00    0.00   60.40
12:56:48 PM    2   23.76    0.00    7.92    0.00    0.00    7.92    0.00    0.00    0.00   60.40
12:56:48 PM    3   22.33    0.00   10.68    0.00    0.00    7.77    0.00    0.00    0.00   59.22
12:56:48 PM    4   25.24    0.00    8.74    0.00    0.00    5.83    0.00    0.00    0.00   60.19
12:56:48 PM    5   21.78    0.00   10.89    0.00    0.00    5.94    0.00    0.00    0.00   61.39
12:56:48 PM    6   21.15    0.00   12.50    0.96    0.00    6.73    0.00    0.00    0.00   58.65
12:56:48 PM    7   23.30    0.00   10.68    0.00    0.00    5.83    0.00    0.00    0.00   60.19

12:56:48 PM  CPU    %usr   %nice    %sys %iowait    %irq   %soft  %steal  %guest  %gnice   %idle
12:56:49 PM  all   20.68    0.00   11.65    0.00    0.00    5.76    0.00    0.00    0.00   61.90
12:56:49 PM    0   20.62    0.00   11.34    0.00    0.00    5.15    0.00    0.00    0.00   62.89
12:56:49 PM    1   20.00    0.00   12.00    0.00    0.00    6.00    0.00    0.00    0.00   62.00
12:56:49 PM    2   17.35    0.00    9.18    0.00    0.00   10.20    0.00    0.00    0.00   63.27
12:56:49 PM    3   23.00    0.00   12.00    0.00    0.00    4.00    0.00    0.00    0.00   61.00
12:56:49 PM    4   20.79    0.00   11.88    0.00    0.00    4.95    0.00    0.00    0.00   62.38
12:56:49 PM    5   18.81    0.00   13.86    0.00    0.00    5.94    0.00    0.00    0.00   61.39
12:56:49 PM    6   20.00    0.00   15.00    0.00    0.00    4.00    0.00    0.00    0.00   61.00
12:56:49 PM    7   24.75    0.00    7.92    0.00    0.00    5.94    0.00    0.00    0.00   61.39

12:56:49 PM  CPU    %usr   %nice    %sys %iowait    %irq   %soft  %steal  %guest  %gnice   %idle
12:56:50 PM  all   24.53    0.00   11.92    0.00    0.00    4.61    0.00    0.00    0.00   58.94
12:56:50 PM    0   25.53    0.00   12.77    0.00    0.00    3.19    0.00    0.00    0.00   58.51
12:56:50 PM    1   21.98    0.00   12.09    0.00    0.00    6.59    0.00    0.00    0.00   59.34
12:56:50 PM    2   23.66    0.00   11.83    0.00    0.00    5.38    0.00    0.00    0.00   59.14
12:56:50 PM    3   27.96    0.00   11.83    0.00    0.00    3.23    0.00    0.00    0.00   56.99
12:56:50 PM    4   21.98    0.00   14.29    0.00    0.00    3.30    0.00    0.00    0.00   60.44
12:56:50 PM    5   26.88    0.00   10.75    0.00    0.00    3.23    0.00    0.00    0.00   59.14
12:56:50 PM    6   23.66    0.00   12.90    0.00    0.00    5.38    0.00    0.00    0.00   58.06
12:56:50 PM    7   24.44    0.00    8.89    0.00    0.00    6.67    0.00    0.00    0.00   60.00

12:56:50 PM  CPU    %usr   %nice    %sys %iowait    %irq   %soft  %steal  %guest  %gnice   %idle
12:56:51 PM  all   20.99    0.00   11.97    0.00    0.00    5.35    0.00    0.00    0.00   61.69
12:56:51 PM    0   23.60    0.00   10.11    0.00    0.00    4.49    0.00    0.00    0.00   61.80
12:56:51 PM    1   17.98    0.00   11.24    0.00    0.00    7.87    0.00    0.00    0.00   62.92
12:56:51 PM    2   19.54    0.00   12.64    0.00    0.00    4.60    0.00    0.00    0.00   63.22
12:56:51 PM    3   18.60    0.00   12.79    0.00    0.00    5.81    0.00    0.00    0.00   62.79
12:56:51 PM    4   21.35    0.00   11.24    0.00    0.00    5.62    0.00    0.00    0.00   61.80
12:56:51 PM    5   24.18    0.00   12.09    0.00    0.00    4.40    0.00    0.00    0.00   59.34
12:56:51 PM    6   23.33    0.00   10.00    0.00    0.00    6.67    0.00    0.00    0.00   60.00
12:56:51 PM    7   19.10    0.00   15.73    0.00    0.00    3.37    0.00    0.00    0.00   61.80

12:56:51 PM  CPU    %usr   %nice    %sys %iowait    %irq   %soft  %steal  %guest  %gnice   %idle
12:56:52 PM  all   22.91    0.00   17.15    0.00    0.00    6.72    0.00    0.00    0.00   53.22
12:56:52 PM    0   21.98    0.00   15.38    0.00    0.00    7.69    0.00    0.00    0.00   54.95
12:56:52 PM    1   19.78    0.00   18.68    0.00    0.00    8.79    0.00    0.00    0.00   52.75
12:56:52 PM    2   24.44    0.00   16.67    0.00    0.00    5.56    0.00    0.00    0.00   53.33
12:56:52 PM    3   23.66    0.00   16.13    0.00    0.00    6.45    0.00    0.00    0.00   53.76
12:56:52 PM    4   21.74    0.00   17.39    0.00    0.00    7.61    0.00    0.00    0.00   53.26
12:56:52 PM    5   23.86    0.00   18.18    0.00    0.00    4.55    0.00    0.00    0.00   53.41
12:56:52 PM    6   22.58    0.00   16.13    0.00    0.00    8.60    0.00    0.00    0.00   52.69
12:56:52 PM    7   25.27    0.00   18.68    0.00    0.00    4.40    0.00    0.00    0.00   51.65

12:56:52 PM  CPU    %usr   %nice    %sys %iowait    %irq   %soft  %steal  %guest  %gnice   %idle
12:56:53 PM  all   22.65    0.00   14.64    0.28    0.00    5.25    0.00    0.00    0.00   57.18
12:56:53 PM    0   23.60    0.00   12.36    0.00    0.00    6.74    0.00    0.00    0.00   57.30
12:56:53 PM    1   29.35    0.00   13.04    0.00    0.00    2.17    0.00    0.00    0.00   55.43
12:56:53 PM    2   20.65    0.00   18.48    0.00    0.00    4.35    0.00    0.00    0.00   56.52
12:56:53 PM    3   19.10    0.00   16.85    1.12    0.00    6.74    0.00    0.00    0.00   56.18
12:56:53 PM    4   20.65    0.00   16.30    0.00    0.00    5.43    0.00    0.00    0.00   57.61
12:56:53 PM    5   21.11    0.00   12.22    0.00    0.00    6.67    0.00    0.00    0.00   60.00
12:56:53 PM    6   25.27    0.00   13.19    1.10    0.00    4.40    0.00    0.00    0.00   56.04
12:56:53 PM    7   21.35    0.00   14.61    0.00    0.00    5.62    0.00    0.00    0.00   58.43

12:56:53 PM  CPU    %usr   %nice    %sys %iowait    %irq   %soft  %steal  %guest  %gnice   %idle
12:56:54 PM  all   22.12    0.00   15.52    0.00    0.00    6.18    0.00    0.00    0.00   56.18
12:56:54 PM    0   18.48    0.00   18.48    0.00    0.00    6.52    0.00    0.00    0.00   56.52
12:56:54 PM    1   18.18    0.00   13.64    0.00    0.00    7.95    0.00    0.00    0.00   60.23
12:56:54 PM    2   24.18    0.00   14.29    0.00    0.00    5.49    0.00    0.00    0.00   56.04
12:56:54 PM    3   21.51    0.00   15.05    0.00    0.00    6.45    0.00    0.00    0.00   56.99
12:56:54 PM    4   26.88    0.00   13.98    0.00    0.00    6.45    0.00    0.00    0.00   52.69
12:56:54 PM    5   24.18    0.00   15.38    0.00    0.00    5.49    0.00    0.00    0.00   54.95
12:56:54 PM    6   22.47    0.00   15.73    0.00    0.00    5.62    0.00    0.00    0.00   56.18
12:56:54 PM    7   20.88    0.00   17.58    0.00    0.00    5.49    0.00    0.00    0.00   56.04

12:56:54 PM  CPU    %usr   %nice    %sys %iowait    %irq   %soft  %steal  %guest  %gnice   %idle
12:56:55 PM  all   22.78    0.00   10.41    0.84    0.00    5.34    0.00    0.00    0.00   60.62
12:56:55 PM    0   17.86    0.00   13.10    0.00    0.00    4.76    0.00    0.00    0.00   64.29
12:56:55 PM    1   20.69    0.00   11.49    0.00    0.00    4.60    0.00    0.00    0.00   63.22
12:56:55 PM    2   24.14    0.00   10.34    1.15    0.00    2.30    0.00    0.00    0.00   62.07
12:56:55 PM    3   23.08    0.00    9.89    5.49    0.00    5.49    0.00    0.00    0.00   56.04
12:56:55 PM    4   22.73    0.00    9.09    0.00    0.00    5.68    0.00    0.00    0.00   62.50
12:56:55 PM    5   23.08    0.00    9.89    0.00    0.00    7.69    0.00    0.00    0.00   59.34
12:56:55 PM    6   22.58    0.00   11.83    0.00    0.00    6.45    0.00    0.00    0.00   59.14
12:56:55 PM    7   27.78    0.00    7.78    0.00    0.00    5.56    0.00    0.00    0.00   58.89

12:56:55 PM  CPU    %usr   %nice    %sys %iowait    %irq   %soft  %steal  %guest  %gnice   %idle
12:56:56 PM  all   24.14    0.00   12.73    0.13    0.00    6.10    0.00    0.00    0.00   56.90
12:56:56 PM    0   23.91    0.00    9.78    1.09    0.00    6.52    0.00    0.00    0.00   58.70
12:56:56 PM    1   23.16    0.00   12.63    0.00    0.00    6.32    0.00    0.00    0.00   57.89
12:56:56 PM    2   25.81    0.00   10.75    0.00    0.00    5.38    0.00    0.00    0.00   58.06
12:56:56 PM    3   21.74    0.00   14.13    0.00    0.00    4.35    0.00    0.00    0.00   59.78
12:56:56 PM    4   24.21    0.00   14.74    0.00    0.00    5.26    0.00    0.00    0.00   55.79
12:56:56 PM    5   27.08    0.00   12.50    0.00    0.00    6.25    0.00    0.00    0.00   54.17
12:56:56 PM    6   23.66    0.00   12.90    0.00    0.00    6.45    0.00    0.00    0.00   56.99
12:56:56 PM    7   23.47    0.00   14.29    0.00    0.00    8.16    0.00    0.00    0.00   54.08

12:56:56 PM  CPU    %usr   %nice    %sys %iowait    %irq   %soft  %steal  %guest  %gnice   %idle
12:56:57 PM  all   24.06    0.00   16.18    0.00    0.00    5.88    0.00    0.00    0.00   53.88
12:56:57 PM    0   20.69    0.00   12.64    0.00    0.00    6.90    0.00    0.00    0.00   59.77
12:56:57 PM    1   25.77    0.00   16.49    0.00    0.00    3.09    0.00    0.00    0.00   54.64
12:56:57 PM    2   20.65    0.00   16.30    0.00    0.00    6.52    0.00    0.00    0.00   56.52
12:56:57 PM    3   22.92    0.00   16.67    0.00    0.00    5.21    0.00    0.00    0.00   55.21
12:56:57 PM    4   23.40    0.00   19.15    0.00    0.00    6.38    0.00    0.00    0.00   51.06
12:56:57 PM    5   26.04    0.00   14.58    0.00    0.00    8.33    0.00    0.00    0.00   51.04
12:56:57 PM    6   26.09    0.00   17.39    0.00    0.00    4.35    0.00    0.00    0.00   52.17
12:56:57 PM    7   26.60    0.00   15.96    0.00    0.00    6.38    0.00    0.00    0.00   51.06

12:56:57 PM  CPU    %usr   %nice    %sys %iowait    %irq   %soft  %steal  %guest  %gnice   %idle
12:56:58 PM  all   23.08    0.00   19.16    0.14    0.00    6.43    0.00    0.00    0.00   51.19
12:56:58 PM    0   16.47    0.00   18.82    0.00    0.00    7.06    0.00    0.00    0.00   57.65
12:56:58 PM    1   18.39    0.00   16.09    1.15    0.00    6.90    0.00    0.00    0.00   57.47
12:56:58 PM    2   21.35    0.00   15.73    0.00    0.00    5.62    0.00    0.00    0.00   57.30
12:56:58 PM    3   17.98    0.00   20.22    0.00    0.00    7.87    0.00    0.00    0.00   53.93
12:56:58 PM    4   25.27    0.00   23.08    0.00    0.00    5.49    0.00    0.00    0.00   46.15
12:56:58 PM    5   25.00    0.00   20.65    0.00    0.00    7.61    0.00    0.00    0.00   46.74
12:56:58 PM    6   28.57    0.00   19.78    0.00    0.00    6.59    0.00    0.00    0.00   45.05
12:56:58 PM    7   30.77    0.00   18.68    0.00    0.00    4.40    0.00    0.00    0.00   46.15

12:56:58 PM  CPU    %usr   %nice    %sys %iowait    %irq   %soft  %steal  %guest  %gnice   %idle
12:56:59 PM  all   23.13    0.00   16.46    0.00    0.00    6.39    0.00    0.00    0.00   54.01
12:56:59 PM    0   24.18    0.00   14.29    0.00    0.00    6.59    0.00    0.00    0.00   54.95
12:56:59 PM    1   27.17    0.00   13.04    0.00    0.00    6.52    0.00    0.00    0.00   53.26
12:56:59 PM    2   22.47    0.00   16.85    0.00    0.00    5.62    0.00    0.00    0.00   55.06
12:56:59 PM    3   21.28    0.00   18.09    0.00    0.00    6.38    0.00    0.00    0.00   54.26
12:56:59 PM    4   21.74    0.00   18.48    0.00    0.00    5.43    0.00    0.00    0.00   54.35
12:56:59 PM    5   22.34    0.00   17.02    0.00    0.00    8.51    0.00    0.00    0.00   52.13
12:56:59 PM    6   22.22    0.00   15.56    0.00    0.00    7.78    0.00    0.00    0.00   54.44
12:56:59 PM    7   23.66    0.00   18.28    0.00    0.00    4.30    0.00    0.00    0.00   53.76

12:56:59 PM  CPU    %usr   %nice    %sys %iowait    %irq   %soft  %steal  %guest  %gnice   %idle
12:57:00 PM  all   24.90    0.00   21.72    0.00    0.00    7.55    0.00    0.00    0.00   45.83
12:57:00 PM    0   27.66    0.00   22.34    0.00    0.00    5.32    0.00    0.00    0.00   44.68
12:57:00 PM    1   26.09    0.00   19.57    0.00    0.00    8.70    0.00    0.00    0.00   45.65
12:57:00 PM    2   27.37    0.00   22.11    0.00    0.00    5.26    0.00    0.00    0.00   45.26
12:57:00 PM    3   29.03    0.00   18.28    0.00    0.00    6.45    0.00    0.00    0.00   46.24
12:57:00 PM    4   22.68    0.00   22.68    0.00    0.00    9.28    0.00    0.00    0.00   45.36
12:57:00 PM    5   24.47    0.00   21.28    0.00    0.00    9.57    0.00    0.00    0.00   44.68
12:57:00 PM    6   20.62    0.00   23.71    0.00    0.00    7.22    0.00    0.00    0.00   48.45
12:57:00 PM    7   21.51    0.00   23.66    0.00    0.00    8.60    0.00    0.00    0.00   46.24

12:57:00 PM  CPU    %usr   %nice    %sys %iowait    %irq   %soft  %steal  %guest  %gnice   %idle
12:57:01 PM  all   24.97    0.00   15.92    0.00    0.00    6.75    0.00    0.00    0.00   52.36
12:57:01 PM    0   26.04    0.00   13.54    0.00    0.00    7.29    0.00    0.00    0.00   53.12
12:57:01 PM    1   26.26    0.00   13.13    0.00    0.00    8.08    0.00    0.00    0.00   52.53
12:57:01 PM    2   26.53    0.00   15.31    0.00    0.00    4.08    0.00    0.00    0.00   54.08
12:57:01 PM    3   23.71    0.00   17.53    0.00    0.00    4.12    0.00    0.00    0.00   54.64
12:57:01 PM    4   26.26    0.00   16.16    0.00    0.00    6.06    0.00    0.00    0.00   51.52
12:57:01 PM    5   24.74    0.00   15.46    0.00    0.00    7.22    0.00    0.00    0.00   52.58
12:57:01 PM    6   24.24    0.00   18.18    0.00    0.00    7.07    0.00    0.00    0.00   50.51
12:57:01 PM    7   22.00    0.00   18.00    0.00    0.00   10.00    0.00    0.00    0.00   50.00

12:57:01 PM  CPU    %usr   %nice    %sys %iowait    %irq   %soft  %steal  %guest  %gnice   %idle
12:57:02 PM  all   22.76    0.00   13.92    0.00    0.00    4.69    0.00    0.00    0.00   58.63
12:57:02 PM    0   19.15    0.00   13.83    0.00    0.00    7.45    0.00    0.00    0.00   59.57
12:57:02 PM    1   20.00    0.00   16.84    0.00    0.00    5.26    0.00    0.00    0.00   57.89
12:57:02 PM    2   24.47    0.00   10.64    0.00    0.00    5.32    0.00    0.00    0.00   59.57
12:57:02 PM    3   23.96    0.00   14.58    0.00    0.00    3.12    0.00    0.00    0.00   58.33
12:57:02 PM    4   23.08    0.00   14.29    0.00    0.00    3.30    0.00    0.00    0.00   59.34
12:57:02 PM    5   22.47    0.00   10.11    0.00    0.00    6.74    0.00    0.00    0.00   60.67
12:57:02 PM    6   24.74    0.00   17.53    0.00    0.00    2.06    0.00    0.00    0.00   55.67
12:57:02 PM    7   24.18    0.00   13.19    0.00    0.00    4.40    0.00    0.00    0.00   58.24

12:57:02 PM  CPU    %usr   %nice    %sys %iowait    %irq   %soft  %steal  %guest  %gnice   %idle
12:57:03 PM  all   24.44    0.00   13.67    0.26    0.00    6.04    0.00    0.00    0.00   55.58
12:57:03 PM    0   24.49    0.00   13.27    1.02    0.00    7.14    0.00    0.00    0.00   54.08
12:57:03 PM    1   22.11    0.00   13.68    0.00    0.00    8.42    0.00    0.00    0.00   55.79
12:57:03 PM    2   25.77    0.00   15.46    0.00    0.00    4.12    0.00    0.00    0.00   54.64
12:57:03 PM    3   22.34    0.00   15.96    1.06    0.00    5.32    0.00    0.00    0.00   55.32
12:57:03 PM    4   23.66    0.00   12.90    0.00    0.00    6.45    0.00    0.00    0.00   56.99
12:57:03 PM    5   27.37    0.00   10.53    0.00    0.00    6.32    0.00    0.00    0.00   55.79
12:57:03 PM    6   26.09    0.00   13.04    0.00    0.00    3.26    0.00    0.00    0.00   57.61
12:57:03 PM    7   23.71    0.00   14.43    0.00    0.00    7.22    0.00    0.00    0.00   54.64

12:57:03 PM  CPU    %usr   %nice    %sys %iowait    %irq   %soft  %steal  %guest  %gnice   %idle
12:57:04 PM  all   24.87    0.00   20.51    0.00    0.00    6.67    0.00    0.00    0.00   47.95
12:57:04 PM    0   23.76    0.00   24.75    0.00    0.00    3.96    0.00    0.00    0.00   47.52
12:57:04 PM    1   23.96    0.00   17.71    0.00    0.00    8.33    0.00    0.00    0.00   50.00
12:57:04 PM    2   22.34    0.00   23.40    0.00    0.00    5.32    0.00    0.00    0.00   48.94
12:57:04 PM    3   26.73    0.00   20.79    0.00    0.00    5.94    0.00    0.00    0.00   46.53
12:57:04 PM    4   23.16    0.00   20.00    0.00    0.00    8.42    0.00    0.00    0.00   48.42
12:57:04 PM    5   25.77    0.00   20.62    0.00    0.00    7.22    0.00    0.00    0.00   46.39
12:57:04 PM    6   26.53    0.00   16.33    0.00    0.00    9.18    0.00    0.00    0.00   47.96
12:57:04 PM    7   26.53    0.00   20.41    0.00    0.00    5.10    0.00    0.00    0.00   47.96

12:57:04 PM  CPU    %usr   %nice    %sys %iowait    %irq   %soft  %steal  %guest  %gnice   %idle
12:57:05 PM  all   24.22    0.00   19.14    0.00    0.00    7.03    0.00    0.00    0.00   49.61
12:57:05 PM    0   17.58    0.00   18.68    0.00    0.00    7.69    0.00    0.00    0.00   56.04
12:57:05 PM    1   19.35    0.00   19.35    0.00    0.00    6.45    0.00    0.00    0.00   54.84
12:57:05 PM    2   23.47    0.00   17.35    0.00    0.00    7.14    0.00    0.00    0.00   52.04
12:57:05 PM    3   19.59    0.00   19.59    0.00    0.00    6.19    0.00    0.00    0.00   54.64
12:57:05 PM    4   29.79    0.00   15.96    0.00    0.00    6.38    0.00    0.00    0.00   47.87
12:57:05 PM    5   27.55    0.00   20.41    0.00    0.00    7.14    0.00    0.00    0.00   44.90
12:57:05 PM    6   30.30    0.00   21.21    0.00    0.00    6.06    0.00    0.00    0.00   42.42
12:57:05 PM    7   25.51    0.00   20.41    0.00    0.00    9.18    0.00    0.00    0.00   44.90

12:57:05 PM  CPU    %usr   %nice    %sys %iowait    %irq   %soft  %steal  %guest  %gnice   %idle
12:57:06 PM  all   27.59    0.00   23.63    0.00    0.00    6.51    0.00    0.00    0.00   42.27
12:57:06 PM    0   28.42    0.00   18.95    0.00    0.00    7.37    0.00    0.00    0.00   45.26
12:57:06 PM    1   25.00    0.00   26.04    0.00    0.00    4.17    0.00    0.00    0.00   44.79
12:57:06 PM    2   22.45    0.00   26.53    0.00    0.00    7.14    0.00    0.00    0.00   43.88
12:57:06 PM    3   24.74    0.00   23.71    0.00    0.00    7.22    0.00    0.00    0.00   44.33
12:57:06 PM    4   30.30    0.00   23.23    0.00    0.00    6.06    0.00    0.00    0.00   40.40
12:57:06 PM    5   28.87    0.00   23.71    0.00    0.00    6.19    0.00    0.00    0.00   41.24
12:57:06 PM    6   30.00    0.00   23.00    0.00    0.00    7.00    0.00    0.00    0.00   40.00
12:57:06 PM    7   30.69    0.00   23.76    0.00    0.00    6.93    0.00    0.00    0.00   38.61

12:57:06 PM  CPU    %usr   %nice    %sys %iowait    %irq   %soft  %steal  %guest  %gnice   %idle
12:57:07 PM  all   24.71    0.00   18.08    1.95    0.00    6.50    0.00    0.00    0.00   48.76
12:57:07 PM    0   22.11    0.00   17.89    0.00    0.00    6.32    0.00    0.00    0.00   53.68
12:57:07 PM    1   23.00    0.00   18.00    8.00    0.00    8.00    0.00    0.00    0.00   43.00
12:57:07 PM    2   18.48    0.00   19.57    0.00    0.00    4.35    0.00    0.00    0.00   57.61
12:57:07 PM    3   20.83    0.00   16.67    0.00    0.00    8.33    0.00    0.00    0.00   54.17
12:57:07 PM    4   26.04    0.00   18.75    0.00    0.00    7.29    0.00    0.00    0.00   47.92
12:57:07 PM    5   27.55    0.00   19.39    0.00    0.00    6.12    0.00    0.00    0.00   46.94
12:57:07 PM    6   27.37    0.00   17.89    7.37    0.00    7.37    0.00    0.00    0.00   40.00
12:57:07 PM    7   31.96    0.00   16.49    0.00    0.00    4.12    0.00    0.00    0.00   47.42

12:57:07 PM  CPU    %usr   %nice    %sys %iowait    %irq   %soft  %steal  %guest  %gnice   %idle
12:57:08 PM  all   21.56    0.00   15.58    0.00    0.00    6.23    0.00    0.00    0.00   56.62
12:57:08 PM    0   17.39    0.00   15.22    0.00    0.00    6.52    0.00    0.00    0.00   60.87
12:57:08 PM    1   22.68    0.00   15.46    0.00    0.00    5.15    0.00    0.00    0.00   56.70
12:57:08 PM    2   21.88    0.00   14.58    0.00    0.00    6.25    0.00    0.00    0.00   57.29
12:57:08 PM    3   21.78    0.00   16.83    0.00    0.00    5.94    0.00    0.00    0.00   55.45
12:57:08 PM    4   23.96    0.00   14.58    0.00    0.00    5.21    0.00    0.00    0.00   56.25
12:57:08 PM    5   17.71    0.00   17.71    0.00    0.00    8.33    0.00    0.00    0.00   56.25
12:57:08 PM    6   25.25    0.00   13.13    0.00    0.00    8.08    0.00    0.00    0.00   53.54
12:57:08 PM    7   21.51    0.00   17.20    0.00    0.00    4.30    0.00    0.00    0.00   56.99

12:57:08 PM  CPU    %usr   %nice    %sys %iowait    %irq   %soft  %steal  %guest  %gnice   %idle
12:57:09 PM  all   23.23    0.00   19.55    0.00    0.00    6.82    0.00    0.00    0.00   50.39
12:57:09 PM    0   22.92    0.00   18.75    0.00    0.00    6.25    0.00    0.00    0.00   52.08
12:57:09 PM    1   27.08    0.00   15.62    0.00    0.00    6.25    0.00    0.00    0.00   51.04
12:57:09 PM    2   14.29    0.00   25.51    0.00    0.00    8.16    0.00    0.00    0.00   52.04
12:57:09 PM    3   22.34    0.00   19.15    0.00    0.00    5.32    0.00    0.00    0.00   53.19
12:57:09 PM    4   25.26    0.00   18.95    0.00    0.00    6.32    0.00    0.00    0.00   49.47
12:57:09 PM    5   24.73    0.00   20.43    0.00    0.00    6.45    0.00    0.00    0.00   48.39
12:57:09 PM    6   24.47    0.00   19.15    0.00    0.00    7.45    0.00    0.00    0.00   48.94
12:57:09 PM    7   25.00    0.00   18.75    0.00    0.00    8.33    0.00    0.00    0.00   47.92

12:57:09 PM  CPU    %usr   %nice    %sys %iowait    %irq   %soft  %steal  %guest  %gnice   %idle
12:57:10 PM  all   20.00    0.00   18.45    0.00    0.00    7.74    0.00    0.00    0.00   53.81
12:57:10 PM    0   13.68    0.00   17.89    0.00    0.00   10.53    0.00    0.00    0.00   57.89
12:57:10 PM    1   19.39    0.00   15.31    0.00    0.00    8.16    0.00    0.00    0.00   57.14
12:57:10 PM    2   18.18    0.00   21.21    0.00    0.00    5.05    0.00    0.00    0.00   55.56
12:57:10 PM    3   19.79    0.00   16.67    0.00    0.00    6.25    0.00    0.00    0.00   57.29
12:57:10 PM    4   21.51    0.00   17.20    0.00    0.00    8.60    0.00    0.00    0.00   52.69
12:57:10 PM    5   23.53    0.00   21.57    0.00    0.00    7.84    0.00    0.00    0.00   47.06
12:57:10 PM    6   23.71    0.00   16.49    0.00    0.00    8.25    0.00    0.00    0.00   51.55
12:57:10 PM    7   20.00    0.00   21.05    0.00    0.00    7.37    0.00    0.00    0.00   51.58

12:57:10 PM  CPU    %usr   %nice    %sys %iowait    %irq   %soft  %steal  %guest  %gnice   %idle
12:57:11 PM  all   24.90    0.00   19.61    0.00    0.00    7.74    0.00    0.00    0.00   47.74
12:57:11 PM    0   22.45    0.00   19.39    0.00    0.00    8.16    0.00    0.00    0.00   50.00
12:57:11 PM    1   18.48    0.00   22.83    0.00    0.00    4.35    0.00    0.00    0.00   54.35
12:57:11 PM    2   24.74    0.00   19.59    0.00    0.00    4.12    0.00    0.00    0.00   51.55
12:57:11 PM    3   15.46    0.00   23.71    0.00    0.00    8.25    0.00    0.00    0.00   52.58
12:57:11 PM    4   25.00    0.00   20.00    0.00    0.00   11.00    0.00    0.00    0.00   44.00
12:57:11 PM    5   31.96    0.00   18.56    0.00    0.00    6.19    0.00    0.00    0.00   43.30
12:57:11 PM    6   29.59    0.00   15.31    0.00    0.00   12.24    0.00    0.00    0.00   42.86
12:57:11 PM    7   31.25    0.00   17.71    0.00    0.00    7.29    0.00    0.00    0.00   43.75

12:57:11 PM  CPU    %usr   %nice    %sys %iowait    %irq   %soft  %steal  %guest  %gnice   %idle
12:57:12 PM  all   25.43    0.00   21.19    0.00    0.00    6.49    0.00    0.00    0.00   46.89
12:57:12 PM    0   21.28    0.00   22.34    0.00    0.00    3.19    0.00    0.00    0.00   53.19
12:57:12 PM    1   20.43    0.00   20.43    0.00    0.00    5.38    0.00    0.00    0.00   53.76
12:57:12 PM    2   16.48    0.00   21.98    0.00    0.00    6.59    0.00    0.00    0.00   54.95
12:57:12 PM    3   18.56    0.00   24.74    0.00    0.00    7.22    0.00    0.00    0.00   49.48
12:57:12 PM    4   34.07    0.00   15.38    0.00    0.00    8.79    0.00    0.00    0.00   41.76
12:57:12 PM    5   30.21    0.00   18.75    0.00    0.00    8.33    0.00    0.00    0.00   42.71
12:57:12 PM    6   29.47    0.00   24.21    0.00    0.00    6.32    0.00    0.00    0.00   40.00
12:57:12 PM    7   32.65    0.00   21.43    0.00    0.00    6.12    0.00    0.00    0.00   39.80

12:57:12 PM  CPU    %usr   %nice    %sys %iowait    %irq   %soft  %steal  %guest  %gnice   %idle
12:57:13 PM  all   23.54    0.00   21.69    0.13    0.00    8.07    0.00    0.00    0.00   46.56
12:57:13 PM    0   22.11    0.00   21.05    0.00    0.00    8.42    0.00    0.00    0.00   48.42
12:57:13 PM    1   21.28    0.00   18.09    1.06    0.00    9.57    0.00    0.00    0.00   50.00
12:57:13 PM    2   26.32    0.00   18.95    0.00    0.00    6.32    0.00    0.00    0.00   48.42
12:57:13 PM    3   19.78    0.00   20.88    0.00    0.00    7.69    0.00    0.00    0.00   51.65
12:57:13 PM    4   25.77    0.00   23.71    0.00    0.00    8.25    0.00    0.00    0.00   42.27
12:57:13 PM    5   22.92    0.00   25.00    0.00    0.00    9.38    0.00    0.00    0.00   42.71
12:57:13 PM    6   25.26    0.00   24.21    0.00    0.00    6.32    0.00    0.00    0.00   44.21
12:57:13 PM    7   24.73    0.00   21.51    0.00    0.00    8.60    0.00    0.00    0.00   45.16

12:57:13 PM  CPU    %usr   %nice    %sys %iowait    %irq   %soft  %steal  %guest  %gnice   %idle
12:57:14 PM  all   22.11    0.00   18.47    0.00    0.00    6.53    0.00    0.00    0.00   52.89
12:57:14 PM    0   19.39    0.00   20.41    0.00    0.00    5.10    0.00    0.00    0.00   55.10
12:57:14 PM    1   24.51    0.00   18.63    0.00    0.00    4.90    0.00    0.00    0.00   51.96
12:57:14 PM    2   24.76    0.00   18.10    0.00    0.00    7.62    0.00    0.00    0.00   49.52
12:57:14 PM    3   21.28    0.00   13.83    0.00    0.00    8.51    0.00    0.00    0.00   56.38
12:57:14 PM    4   20.19    0.00   25.00    0.00    0.00    4.81    0.00    0.00    0.00   50.00
12:57:14 PM    5   20.00    0.00   18.00    0.00    0.00    9.00    0.00    0.00    0.00   53.00
12:57:14 PM    6   23.16    0.00   14.74    0.00    0.00    7.37    0.00    0.00    0.00   54.74
12:57:14 PM    7   23.47    0.00   18.37    0.00    0.00    5.10    0.00    0.00    0.00   53.06

12:57:14 PM  CPU    %usr   %nice    %sys %iowait    %irq   %soft  %steal  %guest  %gnice   %idle
12:57:15 PM  all   22.01    0.00   19.11    0.00    0.00    6.89    0.00    0.00    0.00   52.00
12:57:15 PM    0   23.81    0.00   13.33    0.00    0.00    9.52    0.00    0.00    0.00   53.33
12:57:15 PM    1   18.37    0.00   20.41    0.00    0.00    5.10    0.00    0.00    0.00   56.12
12:57:15 PM    2   19.61    0.00   18.63    0.00    0.00    6.86    0.00    0.00    0.00   54.90
12:57:15 PM    3   19.23    0.00   21.15    0.00    0.00    6.73    0.00    0.00    0.00   52.88
12:57:15 PM    4   22.64    0.00   23.58    0.00    0.00    4.72    0.00    0.00    0.00   49.06
12:57:15 PM    5   26.67    0.00   18.10    0.00    0.00    6.67    0.00    0.00    0.00   48.57
12:57:15 PM    6   23.08    0.00   20.19    0.00    0.00    6.73    0.00    0.00    0.00   50.00
12:57:15 PM    7   22.33    0.00   17.48    0.00    0.00    8.74    0.00    0.00    0.00   51.46

12:57:15 PM  CPU    %usr   %nice    %sys %iowait    %irq   %soft  %steal  %guest  %gnice   %idle
12:57:16 PM  all   20.71    0.00   21.78    0.00    0.00    6.39    0.00    0.00    0.00   51.12
12:57:16 PM    0   19.05    0.00   22.86    0.00    0.00    5.71    0.00    0.00    0.00   52.38
12:57:16 PM    1   21.10    0.00   19.27    0.00    0.00    8.26    0.00    0.00    0.00   51.38
12:57:16 PM    2   20.56    0.00   21.50    0.00    0.00    5.61    0.00    0.00    0.00   52.34
12:57:16 PM    3   18.10    0.00   24.76    0.00    0.00    3.81    0.00    0.00    0.00   53.33
12:57:16 PM    4   22.73    0.00   23.64    0.00    0.00    6.36    0.00    0.00    0.00   47.27
12:57:16 PM    5   22.55    0.00   19.61    0.00    0.00    6.86    0.00    0.00    0.00   50.98
12:57:16 PM    6   21.15    0.00   22.12    0.00    0.00    5.77    0.00    0.00    0.00   50.96
12:57:16 PM    7   20.39    0.00   20.39    0.00    0.00    8.74    0.00    0.00    0.00   50.49

12:57:16 PM  CPU    %usr   %nice    %sys %iowait    %irq   %soft  %steal  %guest  %gnice   %idle
12:57:17 PM  all   23.29    0.00   22.27    0.51    0.00    6.18    0.00    0.00    0.00   47.75
12:57:17 PM    0   18.48    0.00   21.74    2.17    0.00    2.17    0.00    0.00    0.00   55.43
12:57:17 PM    1   18.09    0.00   21.28    0.00    0.00    6.38    0.00    0.00    0.00   54.26
12:57:17 PM    2   16.33    0.00   23.47    2.04    0.00    8.16    0.00    0.00    0.00   50.00
12:57:17 PM    3   19.00    0.00   23.00    0.00    0.00    6.00    0.00    0.00    0.00   52.00
12:57:17 PM    4   28.71    0.00   23.76    0.00    0.00    6.93    0.00    0.00    0.00   40.59
12:57:17 PM    5   27.00    0.00   22.00    0.00    0.00    8.00    0.00    0.00    0.00   43.00
12:57:17 PM    6   31.25    0.00   20.83    0.00    0.00    5.21    0.00    0.00    0.00   42.71
12:57:17 PM    7   27.08    0.00   21.88    0.00    0.00    6.25    0.00    0.00    0.00   44.79

12:57:17 PM  CPU    %usr   %nice    %sys %iowait    %irq   %soft  %steal  %guest  %gnice   %idle
12:57:18 PM  all   25.13    0.00   21.63    0.00    0.00    8.55    0.00    0.00    0.00   44.69
12:57:18 PM    0   19.59    0.00   24.74    0.00    0.00    6.19    0.00    0.00    0.00   49.48
12:57:18 PM    1   23.66    0.00   18.28    0.00    0.00    7.53    0.00    0.00    0.00   50.54
12:57:18 PM    2   18.75    0.00   23.96    0.00    0.00    7.29    0.00    0.00    0.00   50.00
12:57:18 PM    3   20.62    0.00   20.62    0.00    0.00    8.25    0.00    0.00    0.00   50.52
12:57:18 PM    4   29.17    0.00   20.83    0.00    0.00    8.33    0.00    0.00    0.00   41.67
12:57:18 PM    5   30.93    0.00   20.62    0.00    0.00    8.25    0.00    0.00    0.00   40.21
12:57:18 PM    6   24.49    0.00   25.51    0.00    0.00   13.27    0.00    0.00    0.00   36.73
12:57:18 PM    7   33.67    0.00   18.37    0.00    0.00    9.18    0.00    0.00    0.00   38.78

12:57:18 PM  CPU    %usr   %nice    %sys %iowait    %irq   %soft  %steal  %guest  %gnice   %idle
12:57:19 PM  all   22.60    0.00   22.22    0.00    0.00    7.12    0.00    0.00    0.00   48.06
12:57:19 PM    0   18.81    0.00   24.75    0.00    0.00    4.95    0.00    0.00    0.00   51.49
12:57:19 PM    1   18.27    0.00   25.00    0.00    0.00    5.77    0.00    0.00    0.00   50.96
12:57:19 PM    2   18.18    0.00   20.20    0.00    0.00    8.08    0.00    0.00    0.00   53.54
12:57:19 PM    3   15.15    0.00   20.20    0.00    0.00    9.09    0.00    0.00    0.00   55.56
12:57:19 PM    4   28.12    0.00   19.79    0.00    0.00    6.25    0.00    0.00    0.00   45.83
12:57:19 PM    5   28.16    0.00   21.36    0.00    0.00    8.74    0.00    0.00    0.00   41.75
12:57:19 PM    6   28.57    0.00   22.45    0.00    0.00    6.12    0.00    0.00    0.00   42.86
12:57:19 PM    7   25.74    0.00   23.76    0.00    0.00    7.92    0.00    0.00    0.00   42.57

12:57:19 PM  CPU    %usr   %nice    %sys %iowait    %irq   %soft  %steal  %guest  %gnice   %idle
12:57:20 PM  all   21.63    0.00   22.32    0.00    0.00    8.17    0.00    0.00    0.00   47.87
12:57:20 PM    0   17.70    0.00   26.55    0.00    0.00    7.96    0.00    0.00    0.00   47.79
12:57:20 PM    1   20.00    0.00   20.91    0.00    0.00    9.09    0.00    0.00    0.00   50.00
12:57:20 PM    2   21.62    0.00   21.62    0.00    0.00    7.21    0.00    0.00    0.00   49.55
12:57:20 PM    3   17.76    0.00   25.23    0.00    0.00    7.48    0.00    0.00    0.00   49.53
12:57:20 PM    4   22.02    0.00   27.52    0.00    0.00    5.50    0.00    0.00    0.00   44.95
12:57:20 PM    5   25.23    0.00   18.69    0.00    0.00    9.35    0.00    0.00    0.00   46.73
12:57:20 PM    6   24.07    0.00   22.22    0.00    0.00    7.41    0.00    0.00    0.00   46.30
12:57:20 PM    7   25.00    0.00   15.38    0.00    0.00   11.54    0.00    0.00    0.00   48.08

12:57:20 PM  CPU    %usr   %nice    %sys %iowait    %irq   %soft  %steal  %guest  %gnice   %idle
12:57:21 PM  all   25.40    0.00   23.29    0.00    0.00    7.35    0.00    0.00    0.00   43.96
12:57:21 PM    0   19.19    0.00   27.27    0.00    0.00    5.05    0.00    0.00    0.00   48.48
12:57:21 PM    1   20.59    0.00   27.45    0.00    0.00    5.88    0.00    0.00    0.00   46.08
12:57:21 PM    2   23.71    0.00   22.68    0.00    0.00    5.15    0.00    0.00    0.00   48.45
12:57:21 PM    3   24.24    0.00   18.18    0.00    0.00   11.11    0.00    0.00    0.00   46.46
12:57:21 PM    4   31.07    0.00   23.30    0.00    0.00    5.83    0.00    0.00    0.00   39.81
12:57:21 PM    5   29.41    0.00   22.55    0.00    0.00    7.84    0.00    0.00    0.00   40.20
12:57:21 PM    6   27.27    0.00   23.23    0.00    0.00    8.08    0.00    0.00    0.00   41.41
12:57:21 PM    7   27.45    0.00   21.57    0.00    0.00    9.80    0.00    0.00    0.00   41.18

12:57:21 PM  CPU    %usr   %nice    %sys %iowait    %irq   %soft  %steal  %guest  %gnice   %idle
12:57:22 PM  all   22.22    0.00   22.88    0.00    0.00    6.82    0.00    0.00    0.00   48.07
12:57:22 PM    0   19.83    0.00   24.14    0.00    0.00    6.90    0.00    0.00    0.00   49.14
12:57:22 PM    1   27.35    0.00   19.66    0.00    0.00    5.13    0.00    0.00    0.00   47.86
12:57:22 PM    2   24.37    0.00   23.53    0.00    0.00    4.20    0.00    0.00    0.00   47.90
12:57:22 PM    3   17.54    0.00   27.19    0.00    0.00    5.26    0.00    0.00    0.00   50.00
12:57:22 PM    4   22.02    0.00   20.18    0.00    0.00    9.17    0.00    0.00    0.00   48.62
12:57:22 PM    5   22.73    0.00   22.73    0.00    0.00    7.27    0.00    0.00    0.00   47.27
12:57:22 PM    6   19.82    0.00   25.23    0.00    0.00    8.11    0.00    0.00    0.00   46.85
12:57:22 PM    7   23.89    0.00   20.35    0.00    0.00    8.85    0.00    0.00    0.00   46.90

12:57:22 PM  CPU    %usr   %nice    %sys %iowait    %irq   %soft  %steal  %guest  %gnice   %idle
12:57:23 PM  all   22.67    0.00   23.27    0.36    0.00    7.27    0.00    0.00    0.00   46.42
12:57:23 PM    0   20.00    0.00   25.45    0.91    0.00    6.36    0.00    0.00    0.00   47.27
12:57:23 PM    1   19.63    0.00   26.17    0.93    0.00    3.74    0.00    0.00    0.00   49.53
12:57:23 PM    2   20.79    0.00   20.79    0.00    0.00    5.94    0.00    0.00    0.00   52.48
12:57:23 PM    3   21.90    0.00   21.90    0.00    0.00    4.76    0.00    0.00    0.00   51.43
12:57:23 PM    4   26.26    0.00   22.22    0.00    0.00    8.08    0.00    0.00    0.00   43.43
12:57:23 PM    5   25.25    0.00   19.19    1.01    0.00   11.11    0.00    0.00    0.00   43.43
12:57:23 PM    6   22.00    0.00   27.00    0.00    0.00    9.00    0.00    0.00    0.00   42.00
12:57:23 PM    7   25.96    0.00   23.08    0.00    0.00    9.62    0.00    0.00    0.00   41.35

12:57:23 PM  CPU    %usr   %nice    %sys %iowait    %irq   %soft  %steal  %guest  %gnice   %idle
12:57:24 PM  all   23.83    0.00   23.71    0.00    0.00    6.98    0.00    0.00    0.00   45.49
12:57:24 PM    0   23.08    0.00   21.15    0.00    0.00    6.73    0.00    0.00    0.00   49.04
12:57:24 PM    1   21.36    0.00   25.24    0.00    0.00    2.91    0.00    0.00    0.00   50.49
12:57:24 PM    2   21.70    0.00   25.47    0.00    0.00    3.77    0.00    0.00    0.00   49.06
12:57:24 PM    3   19.05    0.00   24.76    0.00    0.00    6.67    0.00    0.00    0.00   49.52
12:57:24 PM    4   25.96    0.00   22.12    0.00    0.00    9.62    0.00    0.00    0.00   42.31
12:57:24 PM    5   25.00    0.00   24.00    0.00    0.00    8.00    0.00    0.00    0.00   43.00
12:57:24 PM    6   25.47    0.00   26.42    0.00    0.00    9.43    0.00    0.00    0.00   38.68
12:57:24 PM    7   29.13    0.00   20.39    0.00    0.00    8.74    0.00    0.00    0.00   41.75

12:57:24 PM  CPU    %usr   %nice    %sys %iowait    %irq   %soft  %steal  %guest  %gnice   %idle
12:57:25 PM  all   21.68    0.00   22.17    0.00    0.00    6.94    0.00    0.00    0.00   49.21
12:57:25 PM    0   19.63    0.00   23.36    0.00    0.00    5.61    0.00    0.00    0.00   51.40
12:57:25 PM    1   18.45    0.00   23.30    0.00    0.00    4.85    0.00    0.00    0.00   53.40
12:57:25 PM    2   17.48    0.00   23.30    0.00    0.00    6.80    0.00    0.00    0.00   52.43
12:57:25 PM    3   19.81    0.00   22.64    0.00    0.00    5.66    0.00    0.00    0.00   51.89
12:57:25 PM    4   24.27    0.00   20.39    0.00    0.00   10.68    0.00    0.00    0.00   44.66
12:57:25 PM    5   21.78    0.00   21.78    0.00    0.00    8.91    0.00    0.00    0.00   47.52
12:57:25 PM    6   26.47    0.00   23.53    0.00    0.00    5.88    0.00    0.00    0.00   44.12
12:57:25 PM    7   26.04    0.00   18.75    0.00    0.00    7.29    0.00    0.00    0.00   47.92

12:57:25 PM  CPU    %usr   %nice    %sys %iowait    %irq   %soft  %steal  %guest  %gnice   %idle
12:57:26 PM  all   22.82    0.00   19.47    0.00    0.00    5.02    0.00    0.00    0.00   52.69
12:57:26 PM    0   20.00    0.00   21.90    0.00    0.00    3.81    0.00    0.00    0.00   54.29
12:57:26 PM    1   22.32    0.00   19.64    0.00    0.00    7.14    0.00    0.00    0.00   50.89
12:57:26 PM    2   17.48    0.00   21.36    0.00    0.00    4.85    0.00    0.00    0.00   56.31
12:57:26 PM    3   21.30    0.00   21.30    0.00    0.00    4.63    0.00    0.00    0.00   52.78
12:57:26 PM    4   22.22    0.00   19.19    0.00    0.00    5.05    0.00    0.00    0.00   53.54
12:57:26 PM    5   25.96    0.00   18.27    0.00    0.00    4.81    0.00    0.00    0.00   50.96
12:57:26 PM    6   24.51    0.00   16.67    0.00    0.00    6.86    0.00    0.00    0.00   51.96
12:57:26 PM    7   28.85    0.00   17.31    0.00    0.00    2.88    0.00    0.00    0.00   50.96

12:57:26 PM  CPU    %usr   %nice    %sys %iowait    %irq   %soft  %steal  %guest  %gnice   %idle
12:57:27 PM  all   24.06    0.00   17.65    0.12    0.00    5.08    0.00    0.00    0.00   53.08
12:57:27 PM    0   22.64    0.00   20.75    0.00    0.00    2.83    0.00    0.00    0.00   53.77
12:57:27 PM    1   23.85    0.00   19.27    0.00    0.00    4.59    0.00    0.00    0.00   52.29
12:57:27 PM    2   22.12    0.00   15.38    0.96    0.00    6.73    0.00    0.00    0.00   54.81
12:57:27 PM    3   21.90    0.00   15.24    0.00    0.00    8.57    0.00    0.00    0.00   54.29
12:57:27 PM    4   24.24    0.00   16.16    0.00    0.00    6.06    0.00    0.00    0.00   53.54
12:57:27 PM    5   23.30    0.00   23.30    0.00    0.00    2.91    0.00    0.00    0.00   50.49
12:57:27 PM    6   26.21    0.00   16.50    0.00    0.00    5.83    0.00    0.00    0.00   51.46
12:57:27 PM    7   28.57    0.00   14.29    0.00    0.00    3.06    0.00    0.00    0.00   54.08

12:57:27 PM  CPU    %usr   %nice    %sys %iowait    %irq   %soft  %steal  %guest  %gnice   %idle
12:57:28 PM  all   23.80    0.00   22.32    0.00    0.00    6.17    0.00    0.00    0.00   47.72
12:57:28 PM    0   18.45    0.00   24.27    0.00    0.00    5.83    0.00    0.00    0.00   51.46
12:57:28 PM    1   21.00    0.00   22.00    0.00    0.00    5.00    0.00    0.00    0.00   52.00
12:57:28 PM    2   22.00    0.00   22.00    0.00    0.00    6.00    0.00    0.00    0.00   50.00
12:57:28 PM    3   24.27    0.00   21.36    0.00    0.00    2.91    0.00    0.00    0.00   51.46
12:57:28 PM    4   22.68    0.00   22.68    0.00    0.00    8.25    0.00    0.00    0.00   46.39
12:57:28 PM    5   27.45    0.00   21.57    0.00    0.00    7.84    0.00    0.00    0.00   43.14
12:57:28 PM    6   28.43    0.00   20.59    0.00    0.00    6.86    0.00    0.00    0.00   44.12
12:57:28 PM    7   25.96    0.00   24.04    0.00    0.00    6.73    0.00    0.00    0.00   43.27

12:57:28 PM  CPU    %usr   %nice    %sys %iowait    %irq   %soft  %steal  %guest  %gnice   %idle
12:57:29 PM  all   24.11    0.00   19.93    0.00    0.00    6.03    0.00    0.00    0.00   49.94
12:57:29 PM    0   21.57    0.00   18.63    0.00    0.00    5.88    0.00    0.00    0.00   53.92
12:57:29 PM    1   18.87    0.00   21.70    0.00    0.00    7.55    0.00    0.00    0.00   51.89
12:57:29 PM    2   21.78    0.00   19.80    0.00    0.00    4.95    0.00    0.00    0.00   53.47
12:57:29 PM    3   20.19    0.00   22.12    0.00    0.00    5.77    0.00    0.00    0.00   51.92
12:57:29 PM    4   26.47    0.00   19.61    0.00    0.00    7.84    0.00    0.00    0.00   46.08
12:57:29 PM    5   26.53    0.00   20.41    0.00    0.00    6.12    0.00    0.00    0.00   46.94
12:57:29 PM    6   28.00    0.00   19.00    0.00    0.00    5.00    0.00    0.00    0.00   48.00
12:57:29 PM    7   30.00    0.00   18.00    0.00    0.00    5.00    0.00    0.00    0.00   47.00

12:57:29 PM  CPU    %usr   %nice    %sys %iowait    %irq   %soft  %steal  %guest  %gnice   %idle
12:57:30 PM  all   24.30    0.00   21.25    0.00    0.00    5.86    0.00    0.00    0.00   48.60
12:57:30 PM    0   24.04    0.00   23.08    0.00    0.00    3.85    0.00    0.00    0.00   49.04
12:57:30 PM    1   22.33    0.00   22.33    0.00    0.00    6.80    0.00    0.00    0.00   48.54
12:57:30 PM    2   25.00    0.00   24.00    0.00    0.00    4.00    0.00    0.00    0.00   47.00
12:57:30 PM    3   25.00    0.00   20.19    0.00    0.00    5.77    0.00    0.00    0.00   49.04
12:57:30 PM    4   25.49    0.00   16.67    0.00    0.00    8.82    0.00    0.00    0.00   49.02
12:57:30 PM    5   24.75    0.00   21.78    0.00    0.00    4.95    0.00    0.00    0.00   48.51
12:57:30 PM    6   24.27    0.00   21.36    0.00    0.00    5.83    0.00    0.00    0.00   48.54
12:57:30 PM    7   23.53    0.00   20.59    0.00    0.00    6.86    0.00    0.00    0.00   49.02

12:57:30 PM  CPU    %usr   %nice    %sys %iowait    %irq   %soft  %steal  %guest  %gnice   %idle
12:57:31 PM  all   23.24    0.00   25.18    0.00    0.00    5.57    0.00    0.00    0.00   46.00
12:57:31 PM    0   21.43    0.00   22.45    0.00    0.00    4.08    0.00    0.00    0.00   52.04
12:57:31 PM    1   23.36    0.00   20.56    0.00    0.00    4.67    0.00    0.00    0.00   51.40
12:57:31 PM    2   17.48    0.00   26.21    0.00    0.00    4.85    0.00    0.00    0.00   51.46
12:57:31 PM    3   13.59    0.00   30.10    0.00    0.00    4.85    0.00    0.00    0.00   51.46
12:57:31 PM    4   28.85    0.00   23.08    0.00    0.00    6.73    0.00    0.00    0.00   41.35
12:57:31 PM    5   28.43    0.00   24.51    0.00    0.00    6.86    0.00    0.00    0.00   40.20
12:57:31 PM    6   25.23    0.00   28.04    0.00    0.00    6.54    0.00    0.00    0.00   40.19
12:57:31 PM    7   27.45    0.00   26.47    0.00    0.00    5.88    0.00    0.00    0.00   40.20

12:57:31 PM  CPU    %usr   %nice    %sys %iowait    %irq   %soft  %steal  %guest  %gnice   %idle
12:57:32 PM  all   25.25    0.00   20.83    0.12    0.00    6.50    0.00    0.00    0.00   47.30
12:57:32 PM    0   23.08    0.00   22.12    0.96    0.00    4.81    0.00    0.00    0.00   49.04
12:57:32 PM    1   20.41    0.00   19.39    0.00    0.00    8.16    0.00    0.00    0.00   52.04
12:57:32 PM    2   25.00    0.00   20.19    0.00    0.00    4.81    0.00    0.00    0.00   50.00
12:57:32 PM    3   27.10    0.00   17.76    0.00    0.00    7.48    0.00    0.00    0.00   47.66
12:57:32 PM    4   21.21    0.00   26.26    0.00    0.00    8.08    0.00    0.00    0.00   44.44
12:57:32 PM    5   31.07    0.00   16.50    0.00    0.00    6.80    0.00    0.00    0.00   45.63
12:57:32 PM    6   25.77    0.00   22.68    0.00    0.00    6.19    0.00    0.00    0.00   45.36
12:57:32 PM    7   27.88    0.00   22.12    0.00    0.00    5.77    0.00    0.00    0.00   44.23

12:57:32 PM  CPU    %usr   %nice    %sys %iowait    %irq   %soft  %steal  %guest  %gnice   %idle
12:57:33 PM  all   23.25    0.00   15.19    0.00    0.00    5.55    0.00    0.00    0.00   56.01
12:57:33 PM    0   22.83    0.00   11.96    0.00    0.00    5.43    0.00    0.00    0.00   59.78
12:57:33 PM    1   21.28    0.00   14.89    0.00    0.00    4.26    0.00    0.00    0.00   59.57
12:57:33 PM    2   21.05    0.00   15.79    0.00    0.00    5.26    0.00    0.00    0.00   57.89
12:57:33 PM    3   19.57    0.00   16.30    0.00    0.00    4.35    0.00    0.00    0.00   59.78
12:57:33 PM    4   26.80    0.00   15.46    0.00    0.00    6.19    0.00    0.00    0.00   51.55
12:57:33 PM    5   26.09    0.00   14.13    0.00    0.00    4.35    0.00    0.00    0.00   55.43
12:57:33 PM    6   23.71    0.00   16.49    0.00    0.00    7.22    0.00    0.00    0.00   52.58
12:57:33 PM    7   24.49    0.00   16.33    0.00    0.00    7.14    0.00    0.00    0.00   52.04

12:57:33 PM  CPU    %usr   %nice    %sys %iowait    %irq   %soft  %steal  %guest  %gnice   %idle
12:57:34 PM  all   23.78    0.00   25.09    0.00    0.00    8.36    0.00    0.00    0.00   42.77
12:57:34 PM    0   20.56    0.00   26.17    0.00    0.00    5.61    0.00    0.00    0.00   47.66
12:57:34 PM    1   19.44    0.00   26.85    0.00    0.00    7.41    0.00    0.00    0.00   46.30
12:57:34 PM    2   21.30    0.00   25.00    0.00    0.00    6.48    0.00    0.00    0.00   47.22
12:57:34 PM    3   17.31    0.00   25.00    0.00    0.00    7.69    0.00    0.00    0.00   50.00
12:57:34 PM    4   26.67    0.00   26.67    0.00    0.00    8.57    0.00    0.00    0.00   38.10
12:57:34 PM    5   27.72    0.00   22.77    0.00    0.00   12.87    0.00    0.00    0.00   36.63
12:57:34 PM    6   29.00    0.00   22.00    0.00    0.00   11.00    0.00    0.00    0.00   38.00
12:57:34 PM    7   28.85    0.00   25.96    0.00    0.00    7.69    0.00    0.00    0.00   37.50

12:57:34 PM  CPU    %usr   %nice    %sys %iowait    %irq   %soft  %steal  %guest  %gnice   %idle
12:57:35 PM  all   25.61    0.00   24.02    0.00    0.00    5.61    0.00    0.00    0.00   44.76
12:57:35 PM    0   19.63    0.00   24.30    0.00    0.00    5.61    0.00    0.00    0.00   50.47
12:57:35 PM    1   23.76    0.00   16.83    0.00    0.00    5.94    0.00    0.00    0.00   53.47
12:57:35 PM    2   21.50    0.00   26.17    0.00    0.00    3.74    0.00    0.00    0.00   48.60
12:57:35 PM    3   19.64    0.00   25.89    0.00    0.00    5.36    0.00    0.00    0.00   49.11
12:57:35 PM    4   32.65    0.00   23.47    0.00    0.00    5.10    0.00    0.00    0.00   38.78
12:57:35 PM    5   27.55    0.00   28.57    0.00    0.00    5.10    0.00    0.00    0.00   38.78
12:57:35 PM    6   33.00    0.00   23.00    0.00    0.00    6.00    0.00    0.00    0.00   38.00
12:57:35 PM    7   28.87    0.00   23.71    0.00    0.00    8.25    0.00    0.00    0.00   39.18

12:57:35 PM  CPU    %usr   %nice    %sys %iowait    %irq   %soft  %steal  %guest  %gnice   %idle
12:57:36 PM  all   24.22    0.00   18.88    0.00    0.00    7.83    0.00    0.00    0.00   49.07
12:57:36 PM    0   24.00    0.00   20.00    0.00    0.00    6.00    0.00    0.00    0.00   50.00
12:57:36 PM    1   21.00    0.00   20.00    0.00    0.00   10.00    0.00    0.00    0.00   49.00
12:57:36 PM    2   29.81    0.00   16.35    0.00    0.00    5.77    0.00    0.00    0.00   48.08
12:57:36 PM    3   20.62    0.00   19.59    0.00    0.00    9.28    0.00    0.00    0.00   50.52
12:57:36 PM    4   25.74    0.00   17.82    0.00    0.00    8.91    0.00    0.00    0.00   47.52
12:57:36 PM    5   24.51    0.00   20.59    0.00    0.00    6.86    0.00    0.00    0.00   48.04
12:57:36 PM    6   21.21    0.00   20.20    0.00    0.00    8.08    0.00    0.00    0.00   50.51
12:57:36 PM    7   26.47    0.00   16.67    0.00    0.00    7.84    0.00    0.00    0.00   49.02

12:57:36 PM  CPU    %usr   %nice    %sys %iowait    %irq   %soft  %steal  %guest  %gnice   %idle
12:57:37 PM  all   20.74    0.00   14.76    0.13    0.00    5.59    0.00    0.00    0.00   58.78
12:57:37 PM    0   16.30    0.00   16.30    0.00    0.00    6.52    0.00    0.00    0.00   60.87
12:57:37 PM    1   23.96    0.00   14.58    1.04    0.00    5.21    0.00    0.00    0.00   55.21
12:57:37 PM    2   18.48    0.00   14.13    0.00    0.00    6.52    0.00    0.00    0.00   60.87
12:57:37 PM    3   22.92    0.00   13.54    0.00    0.00    6.25    0.00    0.00    0.00   57.29
12:57:37 PM    4   22.58    0.00   13.98    0.00    0.00    4.30    0.00    0.00    0.00   59.14
12:57:37 PM    5   23.16    0.00   13.68    0.00    0.00    4.21    0.00    0.00    0.00   58.95
12:57:37 PM    6   19.15    0.00   18.09    0.00    0.00    4.26    0.00    0.00    0.00   58.51
12:57:37 PM    7   19.15    0.00   13.83    0.00    0.00    7.45    0.00    0.00    0.00   59.57

12:57:37 PM  CPU    %usr   %nice    %sys %iowait    %irq   %soft  %steal  %guest  %gnice   %idle
12:57:38 PM  all   24.87    0.00   18.45    0.00    0.00    7.22    0.00    0.00    0.00   49.47
12:57:38 PM    0   18.09    0.00   20.21    0.00    0.00    7.45    0.00    0.00    0.00   54.26
12:57:38 PM    1   21.74    0.00   17.39    0.00    0.00    5.43    0.00    0.00    0.00   55.43
12:57:38 PM    2   18.56    0.00   22.68    0.00    0.00    7.22    0.00    0.00    0.00   51.55
12:57:38 PM    3   21.28    0.00   14.89    0.00    0.00    7.45    0.00    0.00    0.00   56.38
12:57:38 PM    4   29.67    0.00   17.58    0.00    0.00    7.69    0.00    0.00    0.00   45.05
12:57:38 PM    5   26.09    0.00   21.74    0.00    0.00    7.61    0.00    0.00    0.00   44.57
12:57:38 PM    6   35.11    0.00   14.89    0.00    0.00    5.32    0.00    0.00    0.00   44.68
12:57:38 PM    7   28.72    0.00   18.09    0.00    0.00    9.57    0.00    0.00    0.00   43.62

12:57:38 PM  CPU    %usr   %nice    %sys %iowait    %irq   %soft  %steal  %guest  %gnice   %idle
12:57:39 PM  all   23.75    0.00   17.27    0.00    0.00    7.15    0.00    0.00    0.00   51.82
12:57:39 PM    0   21.28    0.00   17.02    0.00    0.00    7.45    0.00    0.00    0.00   54.26
12:57:39 PM    1   19.79    0.00   20.83    0.00    0.00    8.33    0.00    0.00    0.00   51.04
12:57:39 PM    2   22.34    0.00   19.15    0.00    0.00    8.51    0.00    0.00    0.00   50.00
12:57:39 PM    3   22.34    0.00   17.02    0.00    0.00    6.38    0.00    0.00    0.00   54.26
12:57:39 PM    4   22.22    0.00   15.56    0.00    0.00    8.89    0.00    0.00    0.00   53.33
12:57:39 PM    5   26.37    0.00   15.38    0.00    0.00    7.69    0.00    0.00    0.00   50.55
12:57:39 PM    6   26.97    0.00   19.10    0.00    0.00    3.37    0.00    0.00    0.00   50.56
12:57:39 PM    7   29.03    0.00   13.98    0.00    0.00    6.45    0.00    0.00    0.00   50.54

12:57:39 PM  CPU    %usr   %nice    %sys %iowait    %irq   %soft  %steal  %guest  %gnice   %idle
12:57:40 PM  all   26.19    0.00   18.06    0.00    0.00    6.71    0.00    0.00    0.00   49.03
12:57:40 PM    0   27.27    0.00   17.17    0.00    0.00    9.09    0.00    0.00    0.00   46.46
12:57:40 PM    1   26.88    0.00   18.28    0.00    0.00    4.30    0.00    0.00    0.00   50.54
12:57:40 PM    2   28.00    0.00   17.00    0.00    0.00    7.00    0.00    0.00    0.00   48.00
12:57:40 PM    3   25.00    0.00   22.00    0.00    0.00    8.00    0.00    0.00    0.00   45.00
12:57:40 PM    4   24.75    0.00   18.81    0.00    0.00    8.91    0.00    0.00    0.00   47.52
12:57:40 PM    5   24.73    0.00   19.35    0.00    0.00    3.23    0.00    0.00    0.00   52.69
12:57:40 PM    6   26.60    0.00   14.89    0.00    0.00    6.38    0.00    0.00    0.00   52.13
12:57:40 PM    7   26.32    0.00   16.84    0.00    0.00    6.32    0.00    0.00    0.00   50.53

12:57:40 PM  CPU    %usr   %nice    %sys %iowait    %irq   %soft  %steal  %guest  %gnice   %idle
12:57:41 PM  all   22.88    0.00   16.30    0.00    0.00    5.89    0.00    0.00    0.00   54.93
12:57:41 PM    0   20.45    0.00   15.91    0.00    0.00    7.95    0.00    0.00    0.00   55.68
12:57:41 PM    1   27.55    0.00   17.35    0.00    0.00    5.10    0.00    0.00    0.00   50.00
12:57:41 PM    2   23.40    0.00   18.09    0.00    0.00    6.38    0.00    0.00    0.00   52.13
12:57:41 PM    3   23.40    0.00   14.89    0.00    0.00    8.51    0.00    0.00    0.00   53.19
12:57:41 PM    4   23.08    0.00   16.48    0.00    0.00    4.40    0.00    0.00    0.00   56.04
12:57:41 PM    5   17.78    0.00   20.00    0.00    0.00    5.56    0.00    0.00    0.00   56.67
12:57:41 PM    6   22.22    0.00   15.56    0.00    0.00    5.56    0.00    0.00    0.00   56.67
12:57:41 PM    7   24.71    0.00   11.76    0.00    0.00    3.53    0.00    0.00    0.00   60.00

12:57:41 PM  CPU    %usr   %nice    %sys %iowait    %irq   %soft  %steal  %guest  %gnice   %idle
12:57:42 PM  all   21.99    0.00   19.13    0.27    0.00    5.87    0.00    0.00    0.00   52.73
12:57:42 PM    0   20.65    0.00   20.65    1.09    0.00    8.70    0.00    0.00    0.00   48.91
12:57:42 PM    1   23.26    0.00   18.60    1.16    0.00    4.65    0.00    0.00    0.00   52.33
12:57:42 PM    2   27.96    0.00   15.05    0.00    0.00    6.45    0.00    0.00    0.00   50.54
12:57:42 PM    3   23.91    0.00   19.57    0.00    0.00    5.43    0.00    0.00    0.00   51.09
12:57:42 PM    4   19.10    0.00   19.10    0.00    0.00    5.62    0.00    0.00    0.00   56.18
12:57:42 PM    5   20.00    0.00   23.16    0.00    0.00    3.16    0.00    0.00    0.00   53.68
12:57:42 PM    6   21.74    0.00   16.30    0.00    0.00    6.52    0.00    0.00    0.00   55.43
12:57:42 PM    7   19.35    0.00   20.43    0.00    0.00    6.45    0.00    0.00    0.00   53.76

12:57:42 PM  CPU    %usr   %nice    %sys %iowait    %irq   %soft  %steal  %guest  %gnice   %idle
12:57:43 PM  all   23.81    0.00   18.10    0.00    0.00    5.85    0.00    0.00    0.00   52.24
12:57:43 PM    0   24.74    0.00   18.56    0.00    0.00    6.19    0.00    0.00    0.00   50.52
12:57:43 PM    1   21.74    0.00   19.57    0.00    0.00    6.52    0.00    0.00    0.00   52.17
12:57:43 PM    2   26.04    0.00   17.71    0.00    0.00    5.21    0.00    0.00    0.00   51.04
12:57:43 PM    3   21.51    0.00   17.20    0.00    0.00    7.53    0.00    0.00    0.00   53.76
12:57:43 PM    4   21.59    0.00   18.18    0.00    0.00    6.82    0.00    0.00    0.00   53.41
12:57:43 PM    5   25.00    0.00   18.18    0.00    0.00    3.41    0.00    0.00    0.00   53.41
12:57:43 PM    6   24.72    0.00   16.85    0.00    0.00    5.62    0.00    0.00    0.00   52.81
12:57:43 PM    7   25.00    0.00   18.48    0.00    0.00    5.43    0.00    0.00    0.00   51.09

12:57:43 PM  CPU    %usr   %nice    %sys %iowait    %irq   %soft  %steal  %guest  %gnice   %idle
12:57:44 PM  all   23.97    0.00   16.99    0.00    0.00    6.30    0.00    0.00    0.00   52.74
12:57:44 PM    0   22.83    0.00   18.48    0.00    0.00    5.43    0.00    0.00    0.00   53.26
12:57:44 PM    1   22.83    0.00   18.48    0.00    0.00    4.35    0.00    0.00    0.00   54.35
12:57:44 PM    2   25.00    0.00   15.62    0.00    0.00    7.29    0.00    0.00    0.00   52.08
12:57:44 PM    3   21.98    0.00   21.98    0.00    0.00    4.40    0.00    0.00    0.00   51.65
12:57:44 PM    4   22.99    0.00   17.24    0.00    0.00    4.60    0.00    0.00    0.00   55.17
12:57:44 PM    5   25.27    0.00   14.29    0.00    0.00    8.79    0.00    0.00    0.00   51.65
12:57:44 PM    6   23.91    0.00   14.13    0.00    0.00   10.87    0.00    0.00    0.00   51.09
12:57:44 PM    7   26.97    0.00   15.73    0.00    0.00    4.49    0.00    0.00    0.00   52.81

12:57:44 PM  CPU    %usr   %nice    %sys %iowait    %irq   %soft  %steal  %guest  %gnice   %idle
12:57:45 PM  all   24.13    0.00   16.78    0.00    0.00    6.24    0.00    0.00    0.00   52.84
12:57:45 PM    0   21.84    0.00   16.09    0.00    0.00    5.75    0.00    0.00    0.00   56.32
12:57:45 PM    1   25.00    0.00   16.30    0.00    0.00    5.43    0.00    0.00    0.00   53.26
12:57:45 PM    2   20.45    0.00   20.45    0.00    0.00    3.41    0.00    0.00    0.00   55.68
12:57:45 PM    3   25.27    0.00   15.38    0.00    0.00    5.49    0.00    0.00    0.00   53.85
12:57:45 PM    4   26.97    0.00   15.73    0.00    0.00    6.74    0.00    0.00    0.00   50.56
12:57:45 PM    5   25.00    0.00   16.30    0.00    0.00    7.61    0.00    0.00    0.00   51.09
12:57:45 PM    6   24.47    0.00   18.09    0.00    0.00    7.45    0.00    0.00    0.00   50.00
12:57:45 PM    7   23.86    0.00   15.91    0.00    0.00    7.95    0.00    0.00    0.00   52.27

12:57:45 PM  CPU    %usr   %nice    %sys %iowait    %irq   %soft  %steal  %guest  %gnice   %idle
12:57:46 PM  all   22.81    0.00   14.21    0.00    0.00    6.28    0.00    0.00    0.00   56.69
12:57:46 PM    0   25.84    0.00   10.11    0.00    0.00    6.74    0.00    0.00    0.00   57.30
12:57:46 PM    1   20.22    0.00   17.98    0.00    0.00    4.49    0.00    0.00    0.00   57.30
12:57:46 PM    2   23.66    0.00   12.90    0.00    0.00    7.53    0.00    0.00    0.00   55.91
12:57:46 PM    3   26.37    0.00    8.79    0.00    0.00    8.79    0.00    0.00    0.00   56.04
12:57:46 PM    4   20.62    0.00   17.53    0.00    0.00    6.19    0.00    0.00    0.00   55.67
12:57:46 PM    5   21.98    0.00   16.48    0.00    0.00    4.40    0.00    0.00    0.00   57.14
12:57:46 PM    6   21.98    0.00   18.68    0.00    0.00    2.20    0.00    0.00    0.00   57.14
12:57:46 PM    7   21.98    0.00   10.99    0.00    0.00    9.89    0.00    0.00    0.00   57.14

12:57:46 PM  CPU    %usr   %nice    %sys %iowait    %irq   %soft  %steal  %guest  %gnice   %idle
12:57:47 PM  all    9.53    0.00   12.71    0.14    0.00    2.07    0.00    0.00    0.00   75.55
12:57:47 PM    0   11.36    0.00   11.36    0.00    0.00    1.14    0.00    0.00    0.00   76.14
12:57:47 PM    1   13.48    0.00   12.36    1.12    0.00    2.25    0.00    0.00    0.00   70.79
12:57:47 PM    2   11.96    0.00   14.13    0.00    0.00    3.26    0.00    0.00    0.00   70.65
12:57:47 PM    3   13.04    0.00   13.04    0.00    0.00    1.09    0.00    0.00    0.00   72.83
12:57:47 PM    4    6.82    0.00    9.09    0.00    0.00    3.41    0.00    0.00    0.00   80.68
12:57:47 PM    5    6.52    0.00   14.13    0.00    0.00    2.17    0.00    0.00    0.00   77.17
12:57:47 PM    6    4.35    0.00   15.22    0.00    0.00    2.17    0.00    0.00    0.00   78.26
12:57:47 PM    7    8.79    0.00   12.09    0.00    0.00    1.10    0.00    0.00    0.00   78.02

12:57:47 PM  CPU    %usr   %nice    %sys %iowait    %irq   %soft  %steal  %guest  %gnice   %idle
12:57:48 PM  all    0.15    0.00    1.62    0.89    0.00    0.15    0.00    0.00    0.00   97.19
12:57:48 PM    0    0.00    0.00    2.35    0.00    0.00    0.00    0.00    0.00    0.00   97.65
12:57:48 PM    1    0.00    0.00    2.35    3.53    0.00    0.00    0.00    0.00    0.00   94.12
12:57:48 PM    2    1.22    0.00    1.22    0.00    0.00    0.00    0.00    0.00    0.00   97.56
12:57:48 PM    3    0.00    0.00    2.41    0.00    0.00    0.00    0.00    0.00    0.00   97.59
12:57:48 PM    4    0.00    0.00    1.18    3.53    0.00    0.00    0.00    0.00    0.00   95.29
12:57:48 PM    5    0.00    0.00    0.00    0.00    0.00    0.00    0.00    0.00    0.00  100.00
12:57:48 PM    6    0.00    0.00    2.38    0.00    0.00    1.19    0.00    0.00    0.00   96.43
12:57:48 PM    7    0.00    0.00    1.15    0.00    0.00    0.00    0.00    0.00    0.00   98.85

12:57:48 PM  CPU    %usr   %nice    %sys %iowait    %irq   %soft  %steal  %guest  %gnice   %idle
12:57:49 PM  all    2.31    0.00    2.60    0.00    0.00    0.72    0.00    0.00    0.00   94.36
12:57:49 PM    0    3.41    0.00    2.27    0.00    0.00    1.14    0.00    0.00    0.00   93.18
12:57:49 PM    1    1.18    0.00    1.18    0.00    0.00    2.35    0.00    0.00    0.00   95.29
12:57:49 PM    2    2.33    0.00    2.33    0.00    0.00    1.16    0.00    0.00    0.00   94.19
12:57:49 PM    3    4.60    0.00    2.30    0.00    0.00    0.00    0.00    0.00    0.00   93.10
12:57:49 PM    4    1.16    0.00    4.65    0.00    0.00    0.00    0.00    0.00    0.00   94.19
12:57:49 PM    5    1.16    0.00    3.49    0.00    0.00    0.00    0.00    0.00    0.00   95.35
12:57:49 PM    6    2.33    0.00    2.33    0.00    0.00    0.00    0.00    0.00    0.00   95.35
12:57:49 PM    7    2.27    0.00    2.27    0.00    0.00    1.14    0.00    0.00    0.00   94.32
