Sweep modes:sidecar sidecarless_ebpf tenants:1 3 5 rates:0 5000 10000 15000 20000 25000 30000 35000 40000 duration:60s seed:1000000
Starting broker
Starting redis-server bound to 10.200.0.1:6379
Started redis (pidfile: /home/udeepa/CLB/ebpf_research/results/redis_broker_6379.pid)
Running sweep: mode=sidecar tenants=1 attacker_rate=0 -> /home/udeepa/CLB/ebpf_research/results/msidecar_t1_r0_1779602011
Resetting Redis queues
Seeding 1000000 items across 1 queues (1000000 each + 0 extra).
Seeded 1000000 items into tenant_queue_v1 (elapsed 19.54s)
Starting bpftrace to capture Redis latencies
Deploying 1 tenant namespaces (duration 60s) mode=sidecar
Deployed tenants. Logs: /home/udeepa/CLB/ebpf_research/results/
Completed sweep msidecar_t1_r0_1779602011
Running sweep: mode=sidecar tenants=1 attacker_rate=5000 -> /home/udeepa/CLB/ebpf_research/results/msidecar_t1_r5000_1779602093
Resetting Redis queues
Seeding 1000000 items across 1 queues (1000000 each + 0 extra).
Seeded 1000000 items into tenant_queue_v1 (elapsed 19.17s)
Starting bpftrace to capture Redis latencies
Deploying 1 tenant namespaces (duration 60s) mode=sidecar
Deployed tenants. Logs: /home/udeepa/CLB/ebpf_research/results/
Completed sweep msidecar_t1_r5000_1779602093
Running sweep: mode=sidecar tenants=1 attacker_rate=10000 -> /home/udeepa/CLB/ebpf_research/results/msidecar_t1_r10000_1779602173
Resetting Redis queues
Seeding 1000000 items across 1 queues (1000000 each + 0 extra).
Seeded 1000000 items into tenant_queue_v1 (elapsed 19.45s)
Starting bpftrace to capture Redis latencies
Deploying 1 tenant namespaces (duration 60s) mode=sidecar
Deployed tenants. Logs: /home/udeepa/CLB/ebpf_research/results/
Completed sweep msidecar_t1_r10000_1779602173
Running sweep: mode=sidecar tenants=1 attacker_rate=15000 -> /home/udeepa/CLB/ebpf_research/results/msidecar_t1_r15000_1779602254
Resetting Redis queues
Seeding 1000000 items across 1 queues (1000000 each + 0 extra).
Seeded 1000000 items into tenant_queue_v1 (elapsed 19.12s)
Starting bpftrace to capture Redis latencies
Deploying 1 tenant namespaces (duration 60s) mode=sidecar
Deployed tenants. Logs: /home/udeepa/CLB/ebpf_research/results/
Completed sweep msidecar_t1_r15000_1779602254
Running sweep: mode=sidecar tenants=1 attacker_rate=20000 -> /home/udeepa/CLB/ebpf_research/results/msidecar_t1_r20000_1779602335
Resetting Redis queues
Seeding 1000000 items across 1 queues (1000000 each + 0 extra).
Seeded 1000000 items into tenant_queue_v1 (elapsed 19.12s)
Starting bpftrace to capture Redis latencies
Deploying 1 tenant namespaces (duration 60s) mode=sidecar
Deployed tenants. Logs: /home/udeepa/CLB/ebpf_research/results/
Completed sweep msidecar_t1_r20000_1779602335
Running sweep: mode=sidecar tenants=1 attacker_rate=25000 -> /home/udeepa/CLB/ebpf_research/results/msidecar_t1_r25000_1779602416
Resetting Redis queues
Seeding 1000000 items across 1 queues (1000000 each + 0 extra).
Seeded 1000000 items into tenant_queue_v1 (elapsed 19.16s)
Starting bpftrace to capture Redis latencies
Deploying 1 tenant namespaces (duration 60s) mode=sidecar
Deployed tenants. Logs: /home/udeepa/CLB/ebpf_research/results/
Completed sweep msidecar_t1_r25000_1779602416
Running sweep: mode=sidecar tenants=1 attacker_rate=30000 -> /home/udeepa/CLB/ebpf_research/results/msidecar_t1_r30000_1779602497
Resetting Redis queues
Seeding 1000000 items across 1 queues (1000000 each + 0 extra).
Seeded 1000000 items into tenant_queue_v1 (elapsed 18.90s)
Starting bpftrace to capture Redis latencies
Deploying 1 tenant namespaces (duration 60s) mode=sidecar
Deployed tenants. Logs: /home/udeepa/CLB/ebpf_research/results/
Completed sweep msidecar_t1_r30000_1779602497
Running sweep: mode=sidecar tenants=1 attacker_rate=35000 -> /home/udeepa/CLB/ebpf_research/results/msidecar_t1_r35000_1779602577
Resetting Redis queues
Seeding 1000000 items across 1 queues (1000000 each + 0 extra).
Seeded 1000000 items into tenant_queue_v1 (elapsed 19.37s)
Starting bpftrace to capture Redis latencies
Deploying 1 tenant namespaces (duration 60s) mode=sidecar
Deployed tenants. Logs: /home/udeepa/CLB/ebpf_research/results/
Completed sweep msidecar_t1_r35000_1779602577
Running sweep: mode=sidecar tenants=1 attacker_rate=40000 -> /home/udeepa/CLB/ebpf_research/results/msidecar_t1_r40000_1779602658
Resetting Redis queues
Seeding 1000000 items across 1 queues (1000000 each + 0 extra).
Seeded 1000000 items into tenant_queue_v1 (elapsed 19.06s)
Starting bpftrace to capture Redis latencies
Deploying 1 tenant namespaces (duration 60s) mode=sidecar
Deployed tenants. Logs: /home/udeepa/CLB/ebpf_research/results/
Completed sweep msidecar_t1_r40000_1779602658
Running sweep: mode=sidecar tenants=3 attacker_rate=0 -> /home/udeepa/CLB/ebpf_research/results/msidecar_t3_r0_1779602739
Resetting Redis queues
Seeding 1000000 items across 3 queues (333333 each + 1 extra).
Seeded 333334 items into tenant_queue_v1 (elapsed 6.50s)
Seeded 333333 items into tenant_queue_v2 (elapsed 6.46s)
Seeded 333333 items into tenant_queue_v3 (elapsed 6.49s)
Starting bpftrace to capture Redis latencies
Deploying 3 tenant namespaces (duration 60s) mode=sidecar
Deployed tenants. Logs: /home/udeepa/CLB/ebpf_research/results/
Completed sweep msidecar_t3_r0_1779602739
Running sweep: mode=sidecar tenants=3 attacker_rate=5000 -> /home/udeepa/CLB/ebpf_research/results/msidecar_t3_r5000_1779602820
Resetting Redis queues
Seeding 1000000 items across 3 queues (333333 each + 1 extra).
Seeded 333334 items into tenant_queue_v1 (elapsed 6.38s)
Seeded 333333 items into tenant_queue_v2 (elapsed 6.36s)
Seeded 333333 items into tenant_queue_v3 (elapsed 6.39s)
Starting bpftrace to capture Redis latencies
Deploying 3 tenant namespaces (duration 60s) mode=sidecar
Deployed tenants. Logs: /home/udeepa/CLB/ebpf_research/results/
Completed sweep msidecar_t3_r5000_1779602820
Running sweep: mode=sidecar tenants=3 attacker_rate=10000 -> /home/udeepa/CLB/ebpf_research/results/msidecar_t3_r10000_1779602901
Resetting Redis queues
Seeding 1000000 items across 3 queues (333333 each + 1 extra).
Seeded 333334 items into tenant_queue_v1 (elapsed 6.49s)
Seeded 333333 items into tenant_queue_v2 (elapsed 6.47s)
Seeded 333333 items into tenant_queue_v3 (elapsed 6.48s)
Starting bpftrace to capture Redis latencies
Deploying 3 tenant namespaces (duration 60s) mode=sidecar
Deployed tenants. Logs: /home/udeepa/CLB/ebpf_research/results/
Completed sweep msidecar_t3_r10000_1779602901
Running sweep: mode=sidecar tenants=3 attacker_rate=15000 -> /home/udeepa/CLB/ebpf_research/results/msidecar_t3_r15000_1779602982
Resetting Redis queues
Seeding 1000000 items across 3 queues (333333 each + 1 extra).
Seeded 333334 items into tenant_queue_v1 (elapsed 6.41s)
Seeded 333333 items into tenant_queue_v2 (elapsed 6.44s)
Seeded 333333 items into tenant_queue_v3 (elapsed 6.44s)
Starting bpftrace to capture Redis latencies
Deploying 3 tenant namespaces (duration 60s) mode=sidecar
Deployed tenants. Logs: /home/udeepa/CLB/ebpf_research/results/
Completed sweep msidecar_t3_r15000_1779602982
Running sweep: mode=sidecar tenants=3 attacker_rate=20000 -> /home/udeepa/CLB/ebpf_research/results/msidecar_t3_r20000_1779603063
Resetting Redis queues
Seeding 1000000 items across 3 queues (333333 each + 1 extra).
Seeded 333334 items into tenant_queue_v1 (elapsed 6.42s)
Seeded 333333 items into tenant_queue_v2 (elapsed 6.42s)
Seeded 333333 items into tenant_queue_v3 (elapsed 6.44s)
Starting bpftrace to capture Redis latencies
Deploying 3 tenant namespaces (duration 60s) mode=sidecar
Deployed tenants. Logs: /home/udeepa/CLB/ebpf_research/results/
Completed sweep msidecar_t3_r20000_1779603063
Running sweep: mode=sidecar tenants=3 attacker_rate=25000 -> /home/udeepa/CLB/ebpf_research/results/msidecar_t3_r25000_1779603144
Resetting Redis queues
Seeding 1000000 items across 3 queues (333333 each + 1 extra).
Seeded 333334 items into tenant_queue_v1 (elapsed 6.40s)
Seeded 333333 items into tenant_queue_v2 (elapsed 6.41s)
Seeded 333333 items into tenant_queue_v3 (elapsed 6.43s)
Starting bpftrace to capture Redis latencies
Deploying 3 tenant namespaces (duration 60s) mode=sidecar
Deployed tenants. Logs: /home/udeepa/CLB/ebpf_research/results/
Completed sweep msidecar_t3_r25000_1779603144
Running sweep: mode=sidecar tenants=3 attacker_rate=30000 -> /home/udeepa/CLB/ebpf_research/results/msidecar_t3_r30000_1779603225
Resetting Redis queues
Seeding 1000000 items across 3 queues (333333 each + 1 extra).
Seeded 333334 items into tenant_queue_v1 (elapsed 6.42s)
Seeded 333333 items into tenant_queue_v2 (elapsed 6.40s)
Seeded 333333 items into tenant_queue_v3 (elapsed 6.41s)
Starting bpftrace to capture Redis latencies
Deploying 3 tenant namespaces (duration 60s) mode=sidecar
Deployed tenants. Logs: /home/udeepa/CLB/ebpf_research/results/
Completed sweep msidecar_t3_r30000_1779603225
Running sweep: mode=sidecar tenants=3 attacker_rate=35000 -> /home/udeepa/CLB/ebpf_research/results/msidecar_t3_r35000_1779603306
Resetting Redis queues
Seeding 1000000 items across 3 queues (333333 each + 1 extra).
Seeded 333334 items into tenant_queue_v1 (elapsed 6.48s)
Seeded 333333 items into tenant_queue_v2 (elapsed 6.45s)
Seeded 333333 items into tenant_queue_v3 (elapsed 6.45s)
Starting bpftrace to capture Redis latencies
Deploying 3 tenant namespaces (duration 60s) mode=sidecar
Deployed tenants. Logs: /home/udeepa/CLB/ebpf_research/results/
Completed sweep msidecar_t3_r35000_1779603306
Running sweep: mode=sidecar tenants=3 attacker_rate=40000 -> /home/udeepa/CLB/ebpf_research/results/msidecar_t3_r40000_1779603387
Resetting Redis queues
Seeding 1000000 items across 3 queues (333333 each + 1 extra).
Seeded 333334 items into tenant_queue_v1 (elapsed 6.52s)
Seeded 333333 items into tenant_queue_v2 (elapsed 6.53s)
Seeded 333333 items into tenant_queue_v3 (elapsed 6.56s)
Starting bpftrace to capture Redis latencies
Deploying 3 tenant namespaces (duration 60s) mode=sidecar
Deployed tenants. Logs: /home/udeepa/CLB/ebpf_research/results/
Completed sweep msidecar_t3_r40000_1779603387
Running sweep: mode=sidecar tenants=5 attacker_rate=0 -> /home/udeepa/CLB/ebpf_research/results/msidecar_t5_r0_1779603468
Resetting Redis queues
Seeding 1000000 items across 5 queues (200000 each + 0 extra).
Seeded 200000 items into tenant_queue_v1 (elapsed 3.87s)
Seeded 200000 items into tenant_queue_v2 (elapsed 3.85s)
Seeded 200000 items into tenant_queue_v3 (elapsed 3.90s)
Seeded 200000 items into tenant_queue_v4 (elapsed 3.86s)
Seeded 200000 items into tenant_queue_v5 (elapsed 3.87s)
Starting bpftrace to capture Redis latencies
Deploying 5 tenant namespaces (duration 60s) mode=sidecar
Deployed tenants. Logs: /home/udeepa/CLB/ebpf_research/results/
Completed sweep msidecar_t5_r0_1779603468
Running sweep: mode=sidecar tenants=5 attacker_rate=5000 -> /home/udeepa/CLB/ebpf_research/results/msidecar_t5_r5000_1779603550
Resetting Redis queues
Seeding 1000000 items across 5 queues (200000 each + 0 extra).
Seeded 200000 items into tenant_queue_v1 (elapsed 3.88s)
Seeded 200000 items into tenant_queue_v2 (elapsed 3.82s)
Seeded 200000 items into tenant_queue_v3 (elapsed 3.84s)
Seeded 200000 items into tenant_queue_v4 (elapsed 3.83s)
Seeded 200000 items into tenant_queue_v5 (elapsed 3.82s)
Starting bpftrace to capture Redis latencies
Deploying 5 tenant namespaces (duration 60s) mode=sidecar
Deployed tenants. Logs: /home/udeepa/CLB/ebpf_research/results/
Completed sweep msidecar_t5_r5000_1779603550
Running sweep: mode=sidecar tenants=5 attacker_rate=10000 -> /home/udeepa/CLB/ebpf_research/results/msidecar_t5_r10000_1779603630
Resetting Redis queues
Seeding 1000000 items across 5 queues (200000 each + 0 extra).
Seeded 200000 items into tenant_queue_v1 (elapsed 3.80s)
Seeded 200000 items into tenant_queue_v2 (elapsed 3.78s)
Seeded 200000 items into tenant_queue_v3 (elapsed 3.78s)
Seeded 200000 items into tenant_queue_v4 (elapsed 3.76s)
Seeded 200000 items into tenant_queue_v5 (elapsed 3.77s)
Starting bpftrace to capture Redis latencies
Deploying 5 tenant namespaces (duration 60s) mode=sidecar
Deployed tenants. Logs: /home/udeepa/CLB/ebpf_research/results/
Completed sweep msidecar_t5_r10000_1779603630
Running sweep: mode=sidecar tenants=5 attacker_rate=15000 -> /home/udeepa/CLB/ebpf_research/results/msidecar_t5_r15000_1779603711
Resetting Redis queues
Seeding 1000000 items across 5 queues (200000 each + 0 extra).
Seeded 200000 items into tenant_queue_v1 (elapsed 3.85s)
Seeded 200000 items into tenant_queue_v2 (elapsed 3.82s)
Seeded 200000 items into tenant_queue_v3 (elapsed 3.83s)
Seeded 200000 items into tenant_queue_v4 (elapsed 3.83s)
Seeded 200000 items into tenant_queue_v5 (elapsed 3.86s)
Starting bpftrace to capture Redis latencies
Deploying 5 tenant namespaces (duration 60s) mode=sidecar
Deployed tenants. Logs: /home/udeepa/CLB/ebpf_research/results/
Completed sweep msidecar_t5_r15000_1779603711
Running sweep: mode=sidecar tenants=5 attacker_rate=20000 -> /home/udeepa/CLB/ebpf_research/results/msidecar_t5_r20000_1779603792
Resetting Redis queues
Seeding 1000000 items across 5 queues (200000 each + 0 extra).
Seeded 200000 items into tenant_queue_v1 (elapsed 3.85s)
Seeded 200000 items into tenant_queue_v2 (elapsed 3.84s)
Seeded 200000 items into tenant_queue_v3 (elapsed 3.85s)
Seeded 200000 items into tenant_queue_v4 (elapsed 3.85s)
Seeded 200000 items into tenant_queue_v5 (elapsed 3.85s)
Starting bpftrace to capture Redis latencies
Deploying 5 tenant namespaces (duration 60s) mode=sidecar
Deployed tenants. Logs: /home/udeepa/CLB/ebpf_research/results/
Completed sweep msidecar_t5_r20000_1779603792
Running sweep: mode=sidecar tenants=5 attacker_rate=25000 -> /home/udeepa/CLB/ebpf_research/results/msidecar_t5_r25000_1779603873
Resetting Redis queues
Seeding 1000000 items across 5 queues (200000 each + 0 extra).
Seeded 200000 items into tenant_queue_v1 (elapsed 3.89s)
Seeded 200000 items into tenant_queue_v2 (elapsed 3.88s)
Seeded 200000 items into tenant_queue_v3 (elapsed 3.89s)
Seeded 200000 items into tenant_queue_v4 (elapsed 3.89s)
Seeded 200000 items into tenant_queue_v5 (elapsed 3.90s)
Starting bpftrace to capture Redis latencies
Deploying 5 tenant namespaces (duration 60s) mode=sidecar
Deployed tenants. Logs: /home/udeepa/CLB/ebpf_research/results/
Completed sweep msidecar_t5_r25000_1779603873
Running sweep: mode=sidecar tenants=5 attacker_rate=30000 -> /home/udeepa/CLB/ebpf_research/results/msidecar_t5_r30000_1779603954
Resetting Redis queues
Seeding 1000000 items across 5 queues (200000 each + 0 extra).
Seeded 200000 items into tenant_queue_v1 (elapsed 3.91s)
Seeded 200000 items into tenant_queue_v2 (elapsed 3.90s)
Seeded 200000 items into tenant_queue_v3 (elapsed 3.92s)
Seeded 200000 items into tenant_queue_v4 (elapsed 3.93s)
Seeded 200000 items into tenant_queue_v5 (elapsed 3.92s)
Starting bpftrace to capture Redis latencies
Deploying 5 tenant namespaces (duration 60s) mode=sidecar
Deployed tenants. Logs: /home/udeepa/CLB/ebpf_research/results/
Completed sweep msidecar_t5_r30000_1779603954
Running sweep: mode=sidecar tenants=5 attacker_rate=35000 -> /home/udeepa/CLB/ebpf_research/results/msidecar_t5_r35000_1779604035
Resetting Redis queues
Seeding 1000000 items across 5 queues (200000 each + 0 extra).
Seeded 200000 items into tenant_queue_v1 (elapsed 3.93s)
Seeded 200000 items into tenant_queue_v2 (elapsed 3.93s)
Seeded 200000 items into tenant_queue_v3 (elapsed 3.94s)
Seeded 200000 items into tenant_queue_v4 (elapsed 3.92s)
Seeded 200000 items into tenant_queue_v5 (elapsed 3.94s)
Starting bpftrace to capture Redis latencies
Deploying 5 tenant namespaces (duration 60s) mode=sidecar
Deployed tenants. Logs: /home/udeepa/CLB/ebpf_research/results/
Completed sweep msidecar_t5_r35000_1779604035
Running sweep: mode=sidecar tenants=5 attacker_rate=40000 -> /home/udeepa/CLB/ebpf_research/results/msidecar_t5_r40000_1779604117
Resetting Redis queues
Seeding 1000000 items across 5 queues (200000 each + 0 extra).
Seeded 200000 items into tenant_queue_v1 (elapsed 3.90s)
Seeded 200000 items into tenant_queue_v2 (elapsed 3.90s)
Seeded 200000 items into tenant_queue_v3 (elapsed 3.90s)
Seeded 200000 items into tenant_queue_v4 (elapsed 3.90s)
Seeded 200000 items into tenant_queue_v5 (elapsed 3.90s)
Starting bpftrace to capture Redis latencies
Deploying 5 tenant namespaces (duration 60s) mode=sidecar
Deployed tenants. Logs: /home/udeepa/CLB/ebpf_research/results/
Completed sweep msidecar_t5_r40000_1779604117
Running sweep: mode=sidecarless_ebpf tenants=1 attacker_rate=0 -> /home/udeepa/CLB/ebpf_research/results/msidecarless_ebpf_t1_r0_1779604198
Resetting Redis queues
Seeding 1000000 items across 1 queues (1000000 each + 0 extra).
Seeded 1000000 items into tenant_queue_v1 (elapsed 19.00s)
Starting bpftrace to capture Redis latencies
Deploying 1 tenant namespaces (duration 60s) mode=sidecarless_ebpf
WARNING: bpftool not found for kernel 5.15.0-179

  You may need to install the following packages for this specific kernel:
    linux-tools-5.15.0-179-generic
    linux-cloud-tools-5.15.0-179-generic

  You may also want to install one of the following packages to keep up to date:
    linux-tools-generic
    linux-cloud-tools-generic
