Linux 6.6.87.2-microsoft-standard-WSL2 (Udeepa-ASUS) 	04/15/26 	_x86_64_	(4 CPU)

22:46:55     CPU    %usr   %nice    %sys %iowait    %irq   %soft  %steal  %guest  %gnice   %idle
22:46:56     all    3.00    0.00   10.50    0.00    0.00    5.50    0.00    0.00    0.00   81.00
22:46:56       0    6.48    0.00    8.33    0.00    0.00   19.44    0.00    0.00    0.00   65.74
22:46:56       1    2.13    0.00   12.77    0.00    0.00    0.00    0.00    0.00    0.00   85.11
22:46:56       2    1.02    0.00    9.18    0.00    0.00    1.02    0.00    0.00    0.00   88.78
22:46:56       3    2.00    0.00   12.00    0.00    0.00    0.00    0.00    0.00    0.00   86.00

22:46:56     CPU    %usr   %nice    %sys %iowait    %irq   %soft  %steal  %guest  %gnice   %idle
22:46:57     all    2.73    0.00    9.18    0.00    0.00    5.21    0.00    0.00    0.00   82.88
22:46:57       0    3.77    0.00    3.77    0.00    0.00   16.98    0.00    0.00    0.00   75.47
22:46:57       1    1.00    0.00    8.00    0.00    0.00    3.00    0.00    0.00    0.00   88.00
22:46:57       2    1.06    0.00    8.51    0.00    0.00    0.00    0.00    0.00    0.00   90.43
22:46:57       3    4.85    0.00   16.50    0.00    0.00    0.00    0.00    0.00    0.00   78.64

22:46:57     CPU    %usr   %nice    %sys %iowait    %irq   %soft  %steal  %guest  %gnice   %idle
22:46:58     all    2.79    0.00   11.68    0.51    0.00    4.57    0.00    0.00    0.00   80.46
22:46:58       0    1.89    0.00   11.32    0.00    0.00   15.09    0.00    0.00    0.00   71.70
22:46:58       1    2.11    0.00   11.58    0.00    0.00    1.05    0.00    0.00    0.00   85.26
22:46:58       2    4.21    0.00   11.58    2.11    0.00    0.00    0.00    0.00    0.00   82.11
22:46:58       3    3.06    0.00   12.24    0.00    0.00    1.02    0.00    0.00    0.00   83.67

22:46:58     CPU    %usr   %nice    %sys %iowait    %irq   %soft  %steal  %guest  %gnice   %idle
22:46:59     all    6.94    0.00   15.42    0.00    0.00    5.40    0.00    0.00    0.00   72.24
22:46:59       0   13.46    0.00   11.54    0.00    0.00   16.35    0.00    0.00    0.00   58.65
22:46:59       1    5.32    0.00   14.89    0.00    0.00    0.00    0.00    0.00    0.00   79.79
22:46:59       2    4.12    0.00   21.65    0.00    0.00    2.06    0.00    0.00    0.00   72.16
22:46:59       3    4.26    0.00   13.83    0.00    0.00    2.13    0.00    0.00    0.00   79.79

22:46:59     CPU    %usr   %nice    %sys %iowait    %irq   %soft  %steal  %guest  %gnice   %idle
22:47:00     all    6.88    0.00   26.29    0.00    0.00    5.16    0.00    0.00    0.00   61.67
22:47:00       0   11.43    0.00   20.95    0.00    0.00   16.19    0.00    0.00    0.00   51.43
22:47:00       1    6.06    0.00   24.24    0.00    0.00    1.01    0.00    0.00    0.00   68.69
22:47:00       2    4.95    0.00   29.70    0.00    0.00    1.98    0.00    0.00    0.00   63.37
22:47:00       3    4.90    0.00   30.39    0.00    0.00    0.98    0.00    0.00    0.00   63.73

22:47:00     CPU    %usr   %nice    %sys %iowait    %irq   %soft  %steal  %guest  %gnice   %idle
22:47:01     all    4.35    0.00   16.62    0.00    0.00    4.86    0.00    0.00    0.00   74.17
22:47:01       0    5.94    0.00   13.86    0.00    0.00   13.86    0.00    0.00    0.00   66.34
22:47:01       1    3.12    0.00   14.58    0.00    0.00    1.04    0.00    0.00    0.00   81.25
22:47:01       2    5.10    0.00   18.37    0.00    0.00    2.04    0.00    0.00    0.00   74.49
22:47:01       3    3.12    0.00   19.79    0.00    0.00    2.08    0.00    0.00    0.00   75.00

22:47:01     CPU    %usr   %nice    %sys %iowait    %irq   %soft  %steal  %guest  %gnice   %idle
22:47:02     all    7.54    0.00   24.62    0.00    0.00    6.53    0.00    0.00    0.00   61.31
22:47:02       0   11.32    0.00   19.81    0.00    0.00   18.87    0.00    0.00    0.00   50.00
22:47:02       1    7.00    0.00   25.00    0.00    0.00    1.00    0.00    0.00    0.00   67.00
22:47:02       2    4.26    0.00   25.53    0.00    0.00    3.19    0.00    0.00    0.00   67.02
22:47:02       3    7.14    0.00   28.57    0.00    0.00    2.04    0.00    0.00    0.00   62.24

22:47:02     CPU    %usr   %nice    %sys %iowait    %irq   %soft  %steal  %guest  %gnice   %idle
22:47:03     all    7.44    0.00   23.33    0.74    0.00    8.68    0.00    0.00    0.00   59.80
22:47:03       0    9.52    0.00   17.14    0.95    0.00   23.81    0.00    0.00    0.00   48.57
22:47:03       1    3.96    0.00   23.76    0.99    0.00    1.98    0.00    0.00    0.00   69.31
22:47:03       2   10.00    0.00   29.00    1.00    0.00    3.00    0.00    0.00    0.00   57.00
22:47:03       3    6.19    0.00   23.71    0.00    0.00    5.15    0.00    0.00    0.00   64.95

22:47:03     CPU    %usr   %nice    %sys %iowait    %irq   %soft  %steal  %guest  %gnice   %idle
22:47:04     all    8.21    0.00   26.67    0.00    0.00    7.69    0.00    0.00    0.00   57.44
22:47:04       0   13.33    0.00   21.90    0.00    0.00   21.90    0.00    0.00    0.00   42.86
22:47:04       1    4.21    0.00   24.21    0.00    0.00    2.11    0.00    0.00    0.00   69.47
22:47:04       2    7.69    0.00   29.67    0.00    0.00    1.10    0.00    0.00    0.00   61.54
22:47:04       3    7.07    0.00   31.31    0.00    0.00    4.04    0.00    0.00    0.00   57.58

22:47:04     CPU    %usr   %nice    %sys %iowait    %irq   %soft  %steal  %guest  %gnice   %idle
22:47:05     all    7.27    0.00   22.06    0.00    0.00    7.27    0.00    0.00    0.00   63.41
22:47:05       0   11.11    0.00   17.59    0.00    0.00   21.30    0.00    0.00    0.00   50.00
22:47:05       1    5.94    0.00   21.78    0.00    0.00    1.98    0.00    0.00    0.00   70.30
22:47:05       2    5.26    0.00   26.32    0.00    0.00    1.05    0.00    0.00    0.00   67.37
22:47:05       3    6.32    0.00   23.16    0.00    0.00    3.16    0.00    0.00    0.00   67.37

22:47:05     CPU    %usr   %nice    %sys %iowait    %irq   %soft  %steal  %guest  %gnice   %idle
22:47:06     all    6.38    0.00   21.68    0.00    0.00    7.14    0.00    0.00    0.00   64.80
22:47:06       0    9.80    0.00   15.69    0.00    0.00   21.57    0.00    0.00    0.00   52.94
22:47:06       1    4.35    0.00   15.22    0.00    0.00    2.17    0.00    0.00    0.00   78.26
22:47:06       2    6.12    0.00   27.55    0.00    0.00    2.04    0.00    0.00    0.00   64.29
22:47:06       3    5.00    0.00   28.00    0.00    0.00    2.00    0.00    0.00    0.00   65.00

22:47:06     CPU    %usr   %nice    %sys %iowait    %irq   %soft  %steal  %guest  %gnice   %idle
22:47:07     all    6.98    0.00   24.29    0.00    0.00    8.53    0.00    0.00    0.00   60.21
22:47:07       0   14.42    0.00   18.27    0.00    0.00   23.08    0.00    0.00    0.00   44.23
22:47:07       1    4.26    0.00   22.34    0.00    0.00    2.13    0.00    0.00    0.00   71.28
22:47:07       2    4.30    0.00   29.03    0.00    0.00    3.23    0.00    0.00    0.00   63.44
22:47:07       3    4.17    0.00   28.12    0.00    0.00    4.17    0.00    0.00    0.00   63.54

22:47:07     CPU    %usr   %nice    %sys %iowait    %irq   %soft  %steal  %guest  %gnice   %idle
22:47:08     all    4.60    0.00   19.69    0.00    0.00    8.18    0.00    0.00    0.00   67.52
22:47:08       0    8.82    0.00    9.80    0.00    0.00   24.51    0.00    0.00    0.00   56.86
22:47:08       1    2.13    0.00   21.28    0.00    0.00    1.06    0.00    0.00    0.00   75.53
22:47:08       2    4.08    0.00   22.45    0.00    0.00    2.04    0.00    0.00    0.00   71.43
22:47:08       3    3.09    0.00   25.77    0.00    0.00    4.12    0.00    0.00    0.00   67.01

22:47:08     CPU    %usr   %nice    %sys %iowait    %irq   %soft  %steal  %guest  %gnice   %idle
22:47:09     all    7.34    0.00   26.33    0.00    0.00    9.11    0.00    0.00    0.00   57.22
22:47:09       0   10.19    0.00   25.00    0.00    0.00   24.07    0.00    0.00    0.00   40.74
22:47:09       1    6.12    0.00   24.49    0.00    0.00    3.06    0.00    0.00    0.00   66.33
22:47:09       2    6.38    0.00   28.72    0.00    0.00    4.26    0.00    0.00    0.00   60.64
22:47:09       3    6.32    0.00   27.37    0.00    0.00    3.16    0.00    0.00    0.00   63.16

22:47:09     CPU    %usr   %nice    %sys %iowait    %irq   %soft  %steal  %guest  %gnice   %idle
22:47:10     all    6.25    0.00   21.75    0.00    0.00    7.50    0.00    0.00    0.00   64.50
22:47:10       0    9.91    0.00   18.02    0.00    0.00   20.72    0.00    0.00    0.00   51.35
22:47:10       1    5.05    0.00   23.23    0.00    0.00    2.02    0.00    0.00    0.00   69.70
22:47:10       2    4.30    0.00   23.66    0.00    0.00    2.15    0.00    0.00    0.00   69.89
22:47:10       3    5.15    0.00   22.68    0.00    0.00    3.09    0.00    0.00    0.00   69.07

22:47:10     CPU    %usr   %nice    %sys %iowait    %irq   %soft  %steal  %guest  %gnice   %idle
22:47:11     all    6.46    0.00   23.26    0.00    0.00    7.75    0.00    0.00    0.00   62.53
22:47:11       0   11.76    0.00   18.63    0.00    0.00   22.55    0.00    0.00    0.00   47.06
22:47:11       1    5.38    0.00   19.35    0.00    0.00    2.15    0.00    0.00    0.00   73.12
22:47:11       2    3.16    0.00   28.42    0.00    0.00    3.16    0.00    0.00    0.00   65.26
22:47:11       3    5.15    0.00   26.80    0.00    0.00    2.06    0.00    0.00    0.00   65.98

22:47:11     CPU    %usr   %nice    %sys %iowait    %irq   %soft  %steal  %guest  %gnice   %idle
22:47:12     all    5.58    0.00   21.57    0.00    0.00    7.61    0.00    0.00    0.00   65.23
22:47:12       0    9.43    0.00   15.09    0.00    0.00   23.58    0.00    0.00    0.00   51.89
22:47:12       1    5.05    0.00   23.23    0.00    0.00    1.01    0.00    0.00    0.00   70.71
22:47:12       2    3.09    0.00   25.77    0.00    0.00    2.06    0.00    0.00    0.00   69.07
22:47:12       3    4.35    0.00   22.83    0.00    0.00    2.17    0.00    0.00    0.00   70.65

22:47:12     CPU    %usr   %nice    %sys %iowait    %irq   %soft  %steal  %guest  %gnice   %idle
22:47:13     all    7.05    0.00   22.42    0.25    0.00    9.82    0.00    0.00    0.00   60.45
22:47:13       0   12.84    0.00   14.68    0.00    0.00   28.44    0.00    0.00    0.00   44.04
22:47:13       1    5.21    0.00   20.83    1.04    0.00    2.08    0.00    0.00    0.00   70.83
22:47:13       2    4.12    0.00   26.80    0.00    0.00    4.12    0.00    0.00    0.00   64.95
22:47:13       3    5.26    0.00   28.42    0.00    0.00    2.11    0.00    0.00    0.00   64.21

22:47:13     CPU    %usr   %nice    %sys %iowait    %irq   %soft  %steal  %guest  %gnice   %idle
22:47:14     all    5.06    0.00   17.97    0.00    0.00    6.84    0.00    0.00    0.00   70.13
22:47:14       0    7.55    0.00   12.26    0.00    0.00   23.58    0.00    0.00    0.00   56.60
22:47:14       1    4.08    0.00   17.35    0.00    0.00    1.02    0.00    0.00    0.00   77.55
22:47:14       2    4.26    0.00   23.40    0.00    0.00    1.06    0.00    0.00    0.00   71.28
22:47:14       3    4.12    0.00   19.59    0.00    0.00    0.00    0.00    0.00    0.00   76.29

22:47:14     CPU    %usr   %nice    %sys %iowait    %irq   %soft  %steal  %guest  %gnice   %idle
22:47:15     all    6.85    0.00   17.77    0.00    0.00    7.61    0.00    0.00    0.00   67.77
22:47:15       0   10.28    0.00   12.15    0.00    0.00   23.36    0.00    0.00    0.00   54.21
22:47:15       1    6.38    0.00   18.09    0.00    0.00    1.06    0.00    0.00    0.00   74.47
22:47:15       2    4.21    0.00   22.11    0.00    0.00    1.05    0.00    0.00    0.00   72.63
22:47:15       3    6.12    0.00   19.39    0.00    0.00    3.06    0.00    0.00    0.00   71.43

22:47:15     CPU    %usr   %nice    %sys %iowait    %irq   %soft  %steal  %guest  %gnice   %idle
22:47:16     all    5.30    0.00   19.44    0.00    0.00    7.32    0.00    0.00    0.00   67.93
22:47:16       0    8.57    0.00   13.33    0.00    0.00   20.95    0.00    0.00    0.00   57.14
22:47:16       1    3.92    0.00   22.55    0.00    0.00    1.96    0.00    0.00    0.00   71.57
22:47:16       2    2.11    0.00   24.21    0.00    0.00    3.16    0.00    0.00    0.00   70.53
22:47:16       3    6.38    0.00   18.09    0.00    0.00    2.13    0.00    0.00    0.00   73.40

22:47:16     CPU    %usr   %nice    %sys %iowait    %irq   %soft  %steal  %guest  %gnice   %idle
22:47:17     all    6.39    0.00   19.69    0.00    0.00    7.42    0.00    0.00    0.00   66.50
22:47:17       0    9.43    0.00   15.09    0.00    0.00   20.75    0.00    0.00    0.00   54.72
22:47:17       1    3.09    0.00   21.65    0.00    0.00    1.03    0.00    0.00    0.00   74.23
22:47:17       2    6.32    0.00   22.11    0.00    0.00    3.16    0.00    0.00    0.00   68.42
22:47:17       3    6.45    0.00   20.43    0.00    0.00    3.23    0.00    0.00    0.00   69.89

22:47:17     CPU    %usr   %nice    %sys %iowait    %irq   %soft  %steal  %guest  %gnice   %idle
22:47:18     all    5.33    0.00   19.04    0.00    0.00    6.35    0.00    0.00    0.00   69.29
22:47:18       0    7.77    0.00   13.59    0.00    0.00   18.45    0.00    0.00    0.00   60.19
22:47:18       1    3.12    0.00   19.79    0.00    0.00    2.08    0.00    0.00    0.00   75.00
22:47:18       2    6.25    0.00   18.75    0.00    0.00    2.08    0.00    0.00    0.00   72.92
22:47:18       3    4.04    0.00   24.24    0.00    0.00    2.02    0.00    0.00    0.00   69.70

22:47:18     CPU    %usr   %nice    %sys %iowait    %irq   %soft  %steal  %guest  %gnice   %idle
22:47:19     all    5.50    0.00   19.75    0.00    0.00    6.25    0.00    0.00    0.00   68.50
22:47:19       0    5.71    0.00   19.05    0.00    0.00   17.14    0.00    0.00    0.00   58.10
22:47:19       1    4.00    0.00   20.00    0.00    0.00    1.00    0.00    0.00    0.00   75.00
22:47:19       2    4.21    0.00   18.95    0.00    0.00    4.21    0.00    0.00    0.00   72.63
22:47:19       3    8.00    0.00   21.00    0.00    0.00    2.00    0.00    0.00    0.00   69.00

22:47:19     CPU    %usr   %nice    %sys %iowait    %irq   %soft  %steal  %guest  %gnice   %idle
22:47:20     all    5.60    0.00   18.83    0.00    0.00    5.60    0.00    0.00    0.00   69.97
22:47:20       0    9.71    0.00   18.45    0.00    0.00   14.56    0.00    0.00    0.00   57.28
22:47:20       1    3.09    0.00   16.49    0.00    0.00    1.03    0.00    0.00    0.00   79.38
22:47:20       2    5.10    0.00   22.45    0.00    0.00    3.06    0.00    0.00    0.00   69.39
22:47:20       3    4.21    0.00   17.89    0.00    0.00    3.16    0.00    0.00    0.00   74.74

22:47:20     CPU    %usr   %nice    %sys %iowait    %irq   %soft  %steal  %guest  %gnice   %idle
22:47:21     all    3.50    0.00   11.50    0.00    0.00    3.25    0.00    0.00    0.00   81.75
22:47:21       0    8.16    0.00   15.31    0.00    0.00    4.08    0.00    0.00    0.00   72.45
22:47:21       1    0.00    0.00    6.80    0.00    0.00    3.88    0.00    0.00    0.00   89.32
22:47:21       2    4.00    0.00   13.00    0.00    0.00    4.00    0.00    0.00    0.00   79.00
22:47:21       3    2.02    0.00   11.11    0.00    0.00    1.01    0.00    0.00    0.00   85.86

22:47:21     CPU    %usr   %nice    %sys %iowait    %irq   %soft  %steal  %guest  %gnice   %idle
22:47:23     all    3.05    0.00    8.12    0.00    0.00    2.03    0.00    0.00    0.00   86.80
22:47:23       0    9.28    0.00    6.19    0.00    0.00    4.12    0.00    0.00    0.00   80.41
22:47:23       1    0.00    0.00    4.04    0.00    0.00    2.02    0.00    0.00    0.00   93.94
22:47:23       2    1.02    0.00   10.20    0.00    0.00    1.02    0.00    0.00    0.00   87.76
22:47:23       3    2.00    0.00   12.00    0.00    0.00    1.00    0.00    0.00    0.00   85.00

22:47:23     CPU    %usr   %nice    %sys %iowait    %irq   %soft  %steal  %guest  %gnice   %idle
22:47:24     all    3.23    0.00    7.96    0.00    0.00    3.73    0.00    0.00    0.00   85.07
22:47:24       0    8.74    0.00   10.68    0.00    0.00    7.77    0.00    0.00    0.00   72.82
22:47:24       1    0.96    0.00    4.81    0.00    0.00    3.85    0.00    0.00    0.00   90.38
22:47:24       2    1.03    0.00    7.22    0.00    0.00    2.06    0.00    0.00    0.00   89.69
22:47:24       3    2.04    0.00    9.18    0.00    0.00    1.02    0.00    0.00    0.00   87.76

22:47:24     CPU    %usr   %nice    %sys %iowait    %irq   %soft  %steal  %guest  %gnice   %idle
22:47:25     all    2.51    0.00    7.54    0.00    0.00    2.76    0.00    0.00    0.00   87.19
22:47:25       0    5.15    0.00    9.28    0.00    0.00    4.12    0.00    0.00    0.00   81.44
22:47:25       1    0.00    0.00    5.77    0.00    0.00    3.85    0.00    0.00    0.00   90.38
22:47:25       2    1.01    0.00   10.10    0.00    0.00    2.02    0.00    0.00    0.00   86.87
22:47:25       3    4.08    0.00    5.10    0.00    0.00    1.02    0.00    0.00    0.00   89.80

22:47:25     CPU    %usr   %nice    %sys %iowait    %irq   %soft  %steal  %guest  %gnice   %idle
22:47:26     all    2.24    0.00    6.48    0.00    0.00    3.49    0.00    0.00    0.00   87.78
22:47:26       0    6.25    0.00    8.33    0.00    0.00    2.08    0.00    0.00    0.00   83.33
22:47:26       1    0.93    0.00    1.85    0.00    0.00    8.33    0.00    0.00    0.00   88.89
22:47:26       2    2.02    0.00    9.09    0.00    0.00    2.02    0.00    0.00    0.00   86.87
22:47:26       3    0.00    0.00    7.14    0.00    0.00    1.02    0.00    0.00    0.00   91.84

22:47:26     CPU    %usr   %nice    %sys %iowait    %irq   %soft  %steal  %guest  %gnice   %idle
22:47:27     all    2.75    0.00    8.75    0.00    0.00    2.50    0.00    0.00    0.00   86.00
22:47:27       0    7.00    0.00   11.00    0.00    0.00    4.00    0.00    0.00    0.00   78.00
22:47:27       1    1.92    0.00    5.77    0.00    0.00    1.92    0.00    0.00    0.00   90.38
22:47:27       2    1.04    0.00    5.21    0.00    0.00    2.08    0.00    0.00    0.00   91.67
22:47:27       3    1.00    0.00   13.00    0.00    0.00    2.00    0.00    0.00    0.00   84.00

22:47:27     CPU    %usr   %nice    %sys %iowait    %irq   %soft  %steal  %guest  %gnice   %idle
22:47:28     all    2.26    0.00    8.52    0.00    0.00    2.26    0.00    0.00    0.00   86.97
22:47:28       0    5.15    0.00   11.34    0.00    0.00    3.09    0.00    0.00    0.00   80.41
22:47:28       1    0.00    0.00    3.92    0.00    0.00    2.94    0.00    0.00    0.00   93.14
22:47:28       2    3.03    0.00   10.10    0.00    0.00    1.01    0.00    0.00    0.00   85.86
22:47:28       3    0.99    0.00    8.91    0.00    0.00    1.98    0.00    0.00    0.00   88.12

22:47:28     CPU    %usr   %nice    %sys %iowait    %irq   %soft  %steal  %guest  %gnice   %idle
22:47:29     all    2.02    0.00    8.31    0.25    0.00    2.52    0.00    0.00    0.00   86.90
22:47:29       0    5.21    0.00    8.33    0.00    0.00    3.12    0.00    0.00    0.00   83.33
22:47:29       1    0.98    0.00    4.90    0.00    0.00    1.96    0.00    0.00    0.00   92.16
22:47:29       2    1.01    0.00   10.10    1.01    0.00    3.03    0.00    0.00    0.00   84.85
22:47:29       3    1.00    0.00   10.00    0.00    0.00    2.00    0.00    0.00    0.00   87.00

22:47:29     CPU    %usr   %nice    %sys %iowait    %irq   %soft  %steal  %guest  %gnice   %idle
22:47:30     all    3.28    0.00    7.83    0.00    0.00    3.03    0.00    0.00    0.00   85.86
22:47:30       0    6.19    0.00    8.25    0.00    0.00    5.15    0.00    0.00    0.00   80.41
22:47:30       1    1.00    0.00    5.00    0.00    0.00    2.00    0.00    0.00    0.00   92.00
22:47:30       2    3.00    0.00   10.00    0.00    0.00    3.00    0.00    0.00    0.00   84.00
22:47:30       3    3.03    0.00    8.08    0.00    0.00    2.02    0.00    0.00    0.00   86.87

22:47:30     CPU    %usr   %nice    %sys %iowait    %irq   %soft  %steal  %guest  %gnice   %idle
22:47:31     all    5.82    0.00   14.02    0.00    0.00    4.23    0.00    0.00    0.00   75.93
22:47:31       0   13.04    0.00   18.48    0.00    0.00    5.43    0.00    0.00    0.00   63.04
22:47:31       1    1.02    0.00    6.12    0.00    0.00    5.10    0.00    0.00    0.00   87.76
22:47:31       2    2.22    0.00   15.56    0.00    0.00    2.22    0.00    0.00    0.00   80.00
22:47:31       3    7.14    0.00   16.33    0.00    0.00    4.08    0.00    0.00    0.00   72.45

22:47:31     CPU    %usr   %nice    %sys %iowait    %irq   %soft  %steal  %guest  %gnice   %idle
22:47:32     all    3.77    0.00    9.80    0.00    0.00    4.02    0.00    0.00    0.00   82.41
22:47:32       0    7.00    0.00   11.00    0.00    0.00    7.00    0.00    0.00    0.00   75.00
22:47:32       1    0.00    0.00    6.80    0.00    0.00    3.88    0.00    0.00    0.00   89.32
22:47:32       2    5.15    0.00    7.22    0.00    0.00    3.09    0.00    0.00    0.00   84.54
22:47:32       3    3.06    0.00   14.29    0.00    0.00    2.04    0.00    0.00    0.00   80.61

22:47:32     CPU    %usr   %nice    %sys %iowait    %irq   %soft  %steal  %guest  %gnice   %idle
22:47:33     all    2.49    0.00    6.73    0.00    0.00    2.49    0.00    0.00    0.00   88.28
22:47:33       0    5.05    0.00   11.11    0.00    0.00    2.02    0.00    0.00    0.00   81.82
22:47:33       1    0.97    0.00    2.91    0.00    0.00    3.88    0.00    0.00    0.00   92.23
22:47:33       2    3.00    0.00    7.00    0.00    0.00    2.00    0.00    0.00    0.00   88.00
22:47:33       3    1.01    0.00    6.06    0.00    0.00    2.02    0.00    0.00    0.00   90.91

22:47:33     CPU    %usr   %nice    %sys %iowait    %irq   %soft  %steal  %guest  %gnice   %idle
22:47:34     all    2.76    0.00    8.54    0.00    0.00    3.02    0.00    0.00    0.00   85.68
22:47:34       0    7.07    0.00   10.10    0.00    0.00    4.04    0.00    0.00    0.00   78.79
22:47:34       1    0.99    0.00    3.96    0.00    0.00    2.97    0.00    0.00    0.00   92.08
22:47:34       2    0.99    0.00   11.88    0.00    0.00    1.98    0.00    0.00    0.00   85.15
22:47:34       3    2.06    0.00    8.25    0.00    0.00    3.09    0.00    0.00    0.00   86.60

22:47:34     CPU    %usr   %nice    %sys %iowait    %irq   %soft  %steal  %guest  %gnice   %idle
22:47:35     all    3.45    0.00    8.87    0.00    0.00    3.45    0.00    0.00    0.00   84.24
22:47:35       0    8.00    0.00   13.00    0.00    0.00    3.00    0.00    0.00    0.00   76.00
22:47:35       1    1.96    0.00    2.94    0.00    0.00    2.94    0.00    0.00    0.00   92.16
22:47:35       2    1.96    0.00    7.84    0.00    0.00    3.92    0.00    0.00    0.00   86.27
22:47:35       3    1.96    0.00   11.76    0.00    0.00    3.92    0.00    0.00    0.00   82.35

22:47:35     CPU    %usr   %nice    %sys %iowait    %irq   %soft  %steal  %guest  %gnice   %idle
22:47:36     all    2.46    0.00    7.62    0.00    0.00    3.93    0.00    0.00    0.00   86.00
22:47:36       0    6.93    0.00    9.90    0.00    0.00    3.96    0.00    0.00    0.00   79.21
22:47:36       1    0.00    0.00    2.80    0.00    0.00    8.41    0.00    0.00    0.00   88.79
22:47:36       2    1.96    0.00   10.78    0.00    0.00    1.96    0.00    0.00    0.00   85.29
22:47:36       3    1.03    0.00    7.22    0.00    0.00    1.03    0.00    0.00    0.00   90.72

22:47:36     CPU    %usr   %nice    %sys %iowait    %irq   %soft  %steal  %guest  %gnice   %idle
22:47:37     all    1.79    0.00    7.65    0.00    0.00    2.04    0.00    0.00    0.00   88.52
22:47:37       0    4.17    0.00   10.42    0.00    0.00    3.12    0.00    0.00    0.00   82.29
22:47:37       1    0.00    0.00    3.03    0.00    0.00    2.02    0.00    0.00    0.00   94.95
22:47:37       2    1.02    0.00    7.14    0.00    0.00    1.02    0.00    0.00    0.00   90.82
22:47:37       3    2.02    0.00   10.10    0.00    0.00    2.02    0.00    0.00    0.00   85.86

22:47:37     CPU    %usr   %nice    %sys %iowait    %irq   %soft  %steal  %guest  %gnice   %idle
22:47:38     all    2.48    0.00    8.66    0.00    0.00    1.98    0.00    0.00    0.00   86.88
22:47:38       0    4.04    0.00   11.11    0.00    0.00    2.02    0.00    0.00    0.00   82.83
22:47:38       1    0.00    0.00    5.77    0.00    0.00    3.85    0.00    0.00    0.00   90.38
22:47:38       2    2.00    0.00    9.00    0.00    0.00    2.00    0.00    0.00    0.00   87.00
22:47:38       3    3.96    0.00    8.91    0.00    0.00    0.00    0.00    0.00    0.00   87.13

22:47:38     CPU    %usr   %nice    %sys %iowait    %irq   %soft  %steal  %guest  %gnice   %idle
22:47:39     all    2.28    0.00    6.35    0.00    0.00    1.78    0.00    0.00    0.00   89.59
22:47:39       0    6.06    0.00    8.08    0.00    0.00    3.03    0.00    0.00    0.00   82.83
22:47:39       1    0.00    0.00    3.96    0.00    0.00    1.98    0.00    0.00    0.00   94.06
22:47:39       2    2.06    0.00    6.19    0.00    0.00    1.03    0.00    0.00    0.00   90.72
22:47:39       3    1.03    0.00    7.22    0.00    0.00    1.03    0.00    0.00    0.00   90.72

22:47:39     CPU    %usr   %nice    %sys %iowait    %irq   %soft  %steal  %guest  %gnice   %idle
22:47:40     all    2.28    0.00    8.12    0.25    0.00    2.54    0.00    0.00    0.00   86.80
22:47:40       0    5.21    0.00   11.46    0.00    0.00    3.12    0.00    0.00    0.00   80.21
22:47:40       1    0.00    0.00    5.88    0.98    0.00    1.96    0.00    0.00    0.00   91.18
22:47:40       2    2.00    0.00    8.00    0.00    0.00    2.00    0.00    0.00    0.00   88.00
22:47:40       3    2.08    0.00    7.29    0.00    0.00    3.12    0.00    0.00    0.00   87.50

22:47:40     CPU    %usr   %nice    %sys %iowait    %irq   %soft  %steal  %guest  %gnice   %idle
22:47:41     all    3.51    0.00    7.27    0.00    0.00    2.51    0.00    0.00    0.00   86.72
22:47:41       0    7.22    0.00   10.31    0.00    0.00    2.06    0.00    0.00    0.00   80.41
22:47:41       1    0.98    0.00    0.98    0.00    0.00    3.92    0.00    0.00    0.00   94.12
22:47:41       2    3.03    0.00    8.08    0.00    0.00    2.02    0.00    0.00    0.00   86.87
22:47:41       3    2.97    0.00    9.90    0.00    0.00    1.98    0.00    0.00    0.00   85.15

22:47:41     CPU    %usr   %nice    %sys %iowait    %irq   %soft  %steal  %guest  %gnice   %idle
22:47:42     all    2.00    0.00    8.23    0.00    0.00    2.00    0.00    0.00    0.00   87.78
22:47:42       0    5.15    0.00    9.28    0.00    0.00    1.03    0.00    0.00    0.00   84.54
22:47:42       1    0.00    0.00    7.62    0.00    0.00    1.90    0.00    0.00    0.00   90.48
22:47:42       2    1.00    0.00    7.00    0.00    0.00    3.00    0.00    0.00    0.00   89.00
22:47:42       3    2.02    0.00    9.09    0.00    0.00    2.02    0.00    0.00    0.00   86.87

22:47:42     CPU    %usr   %nice    %sys %iowait    %irq   %soft  %steal  %guest  %gnice   %idle
22:47:43     all    3.51    0.00    8.27    0.00    0.00    2.51    0.00    0.00    0.00   85.71
22:47:43       0    6.12    0.00   11.22    0.00    0.00    3.06    0.00    0.00    0.00   79.59
22:47:43       1    2.94    0.00    1.96    0.00    0.00    3.92    0.00    0.00    0.00   91.18
22:47:43       2    3.12    0.00    7.29    0.00    0.00    1.04    0.00    0.00    0.00   88.54
22:47:43       3    1.94    0.00   12.62    0.00    0.00    1.94    0.00    0.00    0.00   83.50

22:47:43     CPU    %usr   %nice    %sys %iowait    %irq   %soft  %steal  %guest  %gnice   %idle
22:47:44     all    2.76    0.00    8.54    0.00    0.00    2.26    0.00    0.00    0.00   86.43
22:47:44       0    6.12    0.00   10.20    0.00    0.00    3.06    0.00    0.00    0.00   80.61
22:47:44       1    0.00    0.00    3.96    0.00    0.00    3.96    0.00    0.00    0.00   92.08
22:47:44       2    2.06    0.00    8.25    0.00    0.00    0.00    0.00    0.00    0.00   89.69
22:47:44       3    2.94    0.00   11.76    0.00    0.00    1.96    0.00    0.00    0.00   83.33

22:47:44     CPU    %usr   %nice    %sys %iowait    %irq   %soft  %steal  %guest  %gnice   %idle
22:47:45     all    2.96    0.00    7.16    0.25    0.00    3.70    0.00    0.00    0.00   85.93
22:47:45       0    5.88    0.00    9.80    0.00    0.00    5.88    0.00    0.00    0.00   78.43
22:47:45       1    0.94    0.00    3.77    0.94    0.00    5.66    0.00    0.00    0.00   88.68
22:47:45       2    3.03    0.00    7.07    0.00    0.00    2.02    0.00    0.00    0.00   87.88
22:47:45       3    2.04    0.00    8.16    0.00    0.00    1.02    0.00    0.00    0.00   88.78

22:47:45     CPU    %usr   %nice    %sys %iowait    %irq   %soft  %steal  %guest  %gnice   %idle
22:47:46     all    2.76    0.00    5.78    0.00    0.00    2.76    0.00    0.00    0.00   88.69
22:47:46       0    4.12    0.00   10.31    0.00    0.00    2.06    0.00    0.00    0.00   83.51
22:47:46       1    0.96    0.00    1.92    0.00    0.00    4.81    0.00    0.00    0.00   92.31
22:47:46       2    2.04    0.00    5.10    0.00    0.00    2.04    0.00    0.00    0.00   90.82
22:47:46       3    4.04    0.00    6.06    0.00    0.00    2.02    0.00    0.00    0.00   87.88

22:47:46     CPU    %usr   %nice    %sys %iowait    %irq   %soft  %steal  %guest  %gnice   %idle
22:47:47     all    2.78    0.00    8.10    0.00    0.00    3.04    0.00    0.00    0.00   86.08
22:47:47       0    6.45    0.00   10.75    0.00    0.00    2.15    0.00    0.00    0.00   80.65
22:47:47       1    0.00    0.00    2.02    0.00    0.00    3.03    0.00    0.00    0.00   94.95
22:47:47       2    1.96    0.00   11.76    0.00    0.00    1.96    0.00    0.00    0.00   84.31
22:47:47       3    2.97    0.00    7.92    0.00    0.00    4.95    0.00    0.00    0.00   84.16

22:47:47     CPU    %usr   %nice    %sys %iowait    %irq   %soft  %steal  %guest  %gnice   %idle
22:47:48     all    2.28    0.00    6.33    0.00    0.00    1.27    0.00    0.00    0.00   90.13
22:47:48       0    5.15    0.00    6.19    0.00    0.00    3.09    0.00    0.00    0.00   85.57
22:47:48       1    0.96    0.00    5.77    0.00    0.00    0.96    0.00    0.00    0.00   92.31
22:47:48       2    2.08    0.00    4.17    0.00    0.00    0.00    0.00    0.00    0.00   93.75
22:47:48       3    1.02    0.00    9.18    0.00    0.00    1.02    0.00    0.00    0.00   88.78

22:47:48     CPU    %usr   %nice    %sys %iowait    %irq   %soft  %steal  %guest  %gnice   %idle
22:47:49     all    3.08    0.00    8.74    0.00    0.00    2.83    0.00    0.00    0.00   85.35
22:47:49       0    9.57    0.00    8.51    0.00    0.00    4.26    0.00    0.00    0.00   77.66
22:47:49       1    1.00    0.00    3.00    0.00    0.00    3.00    0.00    0.00    0.00   93.00
22:47:49       2    1.01    0.00   12.12    0.00    0.00    3.03    0.00    0.00    0.00   83.84
22:47:49       3    1.04    0.00   11.46    0.00    0.00    1.04    0.00    0.00    0.00   86.46

22:47:49     CPU    %usr   %nice    %sys %iowait    %irq   %soft  %steal  %guest  %gnice   %idle
22:47:50     all    2.74    0.00    7.23    0.00    0.00    2.49    0.00    0.00    0.00   87.53
22:47:50       0    7.14    0.00    7.14    0.00    0.00    3.06    0.00    0.00    0.00   82.65
22:47:50       1    0.00    0.00    3.00    0.00    0.00    3.00    0.00    0.00    0.00   94.00
22:47:50       2    1.98    0.00    9.90    0.00    0.00    1.98    0.00    0.00    0.00   86.14
22:47:50       3    1.96    0.00    8.82    0.00    0.00    1.96    0.00    0.00    0.00   87.25

22:47:50     CPU    %usr   %nice    %sys %iowait    %irq   %soft  %steal  %guest  %gnice   %idle
22:47:51     all    3.29    0.00    8.35    0.00    0.00    2.28    0.00    0.00    0.00   86.08
22:47:51       0    6.00    0.00   11.00    0.00    0.00    4.00    0.00    0.00    0.00   79.00
22:47:51       1    1.01    0.00    4.04    0.00    0.00    1.01    0.00    0.00    0.00   93.94
22:47:51       2    3.12    0.00    8.33    0.00    0.00    2.08    0.00    0.00    0.00   86.46
22:47:51       3    3.00    0.00   10.00    0.00    0.00    2.00    0.00    0.00    0.00   85.00

22:47:51     CPU    %usr   %nice    %sys %iowait    %irq   %soft  %steal  %guest  %gnice   %idle
22:47:52     all    2.48    0.00    9.68    0.00    0.00    2.98    0.00    0.00    0.00   84.86
22:47:52       0    5.26    0.00    8.42    0.00    0.00    4.21    0.00    0.00    0.00   82.11
22:47:52       1    0.00    0.00    4.85    0.00    0.00    3.88    0.00    0.00    0.00   91.26
22:47:52       2    3.88    0.00    9.71    0.00    0.00    3.88    0.00    0.00    0.00   82.52
22:47:52       3    0.98    0.00   15.69    0.00    0.00    0.00    0.00    0.00    0.00   83.33

22:47:52     CPU    %usr   %nice    %sys %iowait    %irq   %soft  %steal  %guest  %gnice   %idle
22:47:53     all    3.78    0.00   10.58    0.00    0.00    2.77    0.00    0.00    0.00   82.87
22:47:53       0    7.14    0.00   11.22    0.00    0.00    5.10    0.00    0.00    0.00   76.53
22:47:53       1    0.99    0.00    4.95    0.00    0.00    1.98    0.00    0.00    0.00   92.08
22:47:53       2    4.00    0.00   15.00    0.00    0.00    1.00    0.00    0.00    0.00   80.00
22:47:53       3    3.06    0.00   11.22    0.00    0.00    3.06    0.00    0.00    0.00   82.65

22:47:53     CPU    %usr   %nice    %sys %iowait    %irq   %soft  %steal  %guest  %gnice   %idle
22:47:54     all    3.02    0.00    7.56    0.00    0.00    2.52    0.00    0.00    0.00   86.90
22:47:54       0    6.19    0.00   10.31    0.00    0.00    3.09    0.00    0.00    0.00   80.41
22:47:54       1    0.99    0.00    1.98    0.00    0.00    1.98    0.00    0.00    0.00   95.05
22:47:54       2    3.00    0.00    8.00    0.00    0.00    2.00    0.00    0.00    0.00   87.00
22:47:54       3    2.02    0.00   10.10    0.00    0.00    3.03    0.00    0.00    0.00   84.85

22:47:54     CPU    %usr   %nice    %sys %iowait    %irq   %soft  %steal  %guest  %gnice   %idle
22:47:55     all    2.99    0.00    9.45    0.25    0.00    2.74    0.00    0.00    0.00   84.58
22:47:55       0    5.26    0.00    9.47    0.00    0.00    3.16    0.00    0.00    0.00   82.11
22:47:55       1    0.97    0.00    2.91    0.97    0.00    4.85    0.00    0.00    0.00   90.29
22:47:55       2    2.91    0.00   12.62    0.00    0.00    0.97    0.00    0.00    0.00   83.50
22:47:55       3    2.97    0.00   12.87    0.00    0.00    1.98    0.00    0.00    0.00   82.18

22:47:55     CPU    %usr   %nice    %sys %iowait    %irq   %soft  %steal  %guest  %gnice   %idle
22:47:57     all    2.53    0.00    8.84    0.00    0.00    3.54    0.00    0.00    0.00   85.10
22:47:57       0    7.14    0.00   10.20    0.00    0.00    6.12    0.00    0.00    0.00   76.53
22:47:57       1    0.00    0.00    2.91    0.00    0.00    5.83    0.00    0.00    0.00   91.26
22:47:57       2    1.00    0.00   11.00    0.00    0.00    2.00    0.00    0.00    0.00   86.00
22:47:57       3    2.11    0.00   11.58    0.00    0.00    0.00    0.00    0.00    0.00   86.32

22:47:57     CPU    %usr   %nice    %sys %iowait    %irq   %soft  %steal  %guest  %gnice   %idle
22:47:58     all    2.49    0.00    9.20    0.00    0.00    1.99    0.00    0.00    0.00   86.32
22:47:58       0    6.12    0.00   11.22    0.00    0.00    2.04    0.00    0.00    0.00   80.61
22:47:58       1    0.97    0.00    3.88    0.00    0.00    2.91    0.00    0.00    0.00   92.23
22:47:58       2    1.01    0.00   11.11    0.00    0.00    2.02    0.00    0.00    0.00   85.86
22:47:58       3    1.96    0.00   10.78    0.00    0.00    0.98    0.00    0.00    0.00   86.27

22:47:58     CPU    %usr   %nice    %sys %iowait    %irq   %soft  %steal  %guest  %gnice   %idle
22:47:59     all    3.36    0.00   11.63    0.00    0.00    3.36    0.00    0.00    0.00   81.65
22:47:59       0    8.33    0.00   16.67    0.00    0.00    5.21    0.00    0.00    0.00   69.79
22:47:59       1    1.03    0.00    4.12    0.00    0.00    3.09    0.00    0.00    0.00   91.75
22:47:59       2    2.08    0.00   11.46    0.00    0.00    1.04    0.00    0.00    0.00   85.42
22:47:59       3    2.04    0.00   14.29    0.00    0.00    4.08    0.00    0.00    0.00   79.59
