Linux 5.15.0-171-generic (cloudnet-s05) 	05/19/2026 	_x86_64_	(8 CPU)

12:37:42 PM  CPU    %usr   %nice    %sys %iowait    %irq   %soft  %steal  %guest  %gnice   %idle
12:37:43 PM  all    0.88    0.00    0.63    0.00    0.00    0.00    0.00    0.00    0.00   98.49
12:37:43 PM    0    0.00    0.00    2.00    0.00    0.00    0.00    0.00    0.00    0.00   98.00
12:37:43 PM    1    2.02    0.00    1.01    0.00    0.00    0.00    0.00    0.00    0.00   96.97
12:37:43 PM    2    0.00    0.00    0.00    0.00    0.00    0.00    0.00    0.00    0.00  100.00
12:37:43 PM    3    3.00    0.00    1.00    0.00    0.00    0.00    0.00    0.00    0.00   96.00
12:37:43 PM    4    1.01    0.00    0.00    0.00    0.00    0.00    0.00    0.00    0.00   98.99
12:37:43 PM    5    0.00    0.00    0.00    0.00    0.00    0.00    0.00    0.00    0.00  100.00
12:37:43 PM    6    0.00    0.00    1.00    0.00    0.00    0.00    0.00    0.00    0.00   99.00
12:37:43 PM    7    1.00    0.00    0.00    0.00    0.00    0.00    0.00    0.00    0.00   99.00

12:37:43 PM  CPU    %usr   %nice    %sys %iowait    %irq   %soft  %steal  %guest  %gnice   %idle
12:37:44 PM  all    0.25    0.00    0.13    0.00    0.00    0.00    0.00    0.00    0.00   99.62
12:37:44 PM    0    0.00    0.00    0.00    0.00    0.00    0.00    0.00    0.00    0.00  100.00
12:37:44 PM    1    0.00    0.00    0.00    0.00    0.00    0.00    0.00    0.00    0.00  100.00
12:37:44 PM    2    0.00    0.00    0.00    0.00    0.00    0.00    0.00    0.00    0.00  100.00
12:37:44 PM    3    0.00    0.00    0.00    0.00    0.00    0.00    0.00    0.00    0.00  100.00
12:37:44 PM    4    0.00    0.00    1.00    0.00    0.00    0.00    0.00    0.00    0.00   99.00
12:37:44 PM    5    1.00    0.00    0.00    0.00    0.00    0.00    0.00    0.00    0.00   99.00
12:37:44 PM    6    0.00    0.00    0.00    0.00    0.00    0.00    0.00    0.00    0.00  100.00
12:37:44 PM    7    1.00    0.00    0.00    0.00    0.00    0.00    0.00    0.00    0.00   99.00

12:37:44 PM  CPU    %usr   %nice    %sys %iowait    %irq   %soft  %steal  %guest  %gnice   %idle
12:37:45 PM  all    0.00    0.00    0.13    0.00    0.00    0.00    0.00    0.00    0.00   99.87
12:37:45 PM    0    0.00    0.00    0.00    0.00    0.00    0.00    0.00    0.00    0.00  100.00
12:37:45 PM    1    0.00    0.00    0.00    0.00    0.00    0.00    0.00    0.00    0.00  100.00
12:37:45 PM    2    0.00    0.00    0.00    0.00    0.00    0.00    0.00    0.00    0.00  100.00
12:37:45 PM    3    0.00    0.00    0.00    0.00    0.00    0.00    0.00    0.00    0.00  100.00
12:37:45 PM    4    0.00    0.00    0.00    0.00    0.00    0.00    0.00    0.00    0.00  100.00
12:37:45 PM    5    0.00    0.00    0.00    0.00    0.00    0.00    0.00    0.00    0.00  100.00
12:37:45 PM    6    0.00    0.00    0.99    0.00    0.00    0.00    0.00    0.00    0.00   99.01
12:37:45 PM    7    0.00    0.00    0.00    0.00    0.00    0.00    0.00    0.00    0.00  100.00

12:37:45 PM  CPU    %usr   %nice    %sys %iowait    %irq   %soft  %steal  %guest  %gnice   %idle
12:37:46 PM  all    2.03    0.00    3.65    1.35    0.00    0.54    0.00    0.00    0.00   92.43
12:37:46 PM    0    2.17    0.00    3.26    0.00    0.00    1.09    0.00    0.00    0.00   93.48
12:37:46 PM    1    1.08    0.00    4.30    0.00    0.00    1.08    0.00    0.00    0.00   93.55
12:37:46 PM    2    2.15    0.00    2.15    0.00    0.00    1.08    0.00    0.00    0.00   94.62
12:37:46 PM    3    2.13    0.00    4.26    0.00    0.00    0.00    0.00    0.00    0.00   93.62
12:37:46 PM    4    2.17    0.00    3.26    0.00    0.00    0.00    0.00    0.00    0.00   94.57
12:37:46 PM    5    1.08    0.00    3.23   10.75    0.00    0.00    0.00    0.00    0.00   84.95
12:37:46 PM    6    1.08    0.00    4.30    0.00    0.00    1.08    0.00    0.00    0.00   93.55
12:37:46 PM    7    4.44    0.00    4.44    0.00    0.00    0.00    0.00    0.00    0.00   91.11

12:37:46 PM  CPU    %usr   %nice    %sys %iowait    %irq   %soft  %steal  %guest  %gnice   %idle
12:37:47 PM  all    4.95    0.00    7.14    0.27    0.00    2.20    0.00    0.00    0.00   85.44
12:37:47 PM    0    3.30    0.00    9.89    0.00    0.00    1.10    0.00    0.00    0.00   85.71
12:37:47 PM    1    3.30    0.00    7.69    0.00    0.00    2.20    0.00    0.00    0.00   86.81
12:37:47 PM    2    5.32    0.00    8.51    1.06    0.00    3.19    0.00    0.00    0.00   81.91
12:37:47 PM    3    6.45    0.00    7.53    0.00    0.00    2.15    0.00    0.00    0.00   83.87
12:37:47 PM    4    1.12    0.00    7.87    0.00    0.00    1.12    0.00    0.00    0.00   89.89
12:37:47 PM    5   10.00    0.00    5.56    0.00    0.00    2.22    0.00    0.00    0.00   82.22
12:37:47 PM    6    5.38    0.00    6.45    0.00    0.00    3.23    0.00    0.00    0.00   84.95
12:37:47 PM    7    4.60    0.00    3.45    1.15    0.00    2.30    0.00    0.00    0.00   88.51

12:37:47 PM  CPU    %usr   %nice    %sys %iowait    %irq   %soft  %steal  %guest  %gnice   %idle
12:37:48 PM  all    4.15    0.00    6.56    0.00    0.00    1.47    0.00    0.00    0.00   87.82
12:37:48 PM    0    4.26    0.00    5.32    0.00    0.00    1.06    0.00    0.00    0.00   89.36
12:37:48 PM    1    3.19    0.00    6.38    0.00    0.00    3.19    0.00    0.00    0.00   87.23
12:37:48 PM    2    2.15    0.00    6.45    0.00    0.00    1.08    0.00    0.00    0.00   90.32
12:37:48 PM    3    5.15    0.00    9.28    0.00    0.00    2.06    0.00    0.00    0.00   83.51
12:37:48 PM    4    3.26    0.00    7.61    0.00    0.00    2.17    0.00    0.00    0.00   86.96
12:37:48 PM    5    3.33    0.00    5.56    0.00    0.00    1.11    0.00    0.00    0.00   90.00
12:37:48 PM    6    5.43    0.00    5.43    0.00    0.00    0.00    0.00    0.00    0.00   89.13
12:37:48 PM    7    6.32    0.00    6.32    0.00    0.00    1.05    0.00    0.00    0.00   86.32

12:37:48 PM  CPU    %usr   %nice    %sys %iowait    %irq   %soft  %steal  %guest  %gnice   %idle
12:37:49 PM  all    4.63    0.00    8.47    0.13    0.00    2.65    0.00    0.00    0.00   84.13
12:37:49 PM    0    7.45    0.00    7.45    0.00    0.00    2.13    0.00    0.00    0.00   82.98
12:37:49 PM    1    5.32    0.00    8.51    0.00    0.00    2.13    0.00    0.00    0.00   84.04
12:37:49 PM    2    5.21    0.00   10.42    0.00    0.00    3.12    0.00    0.00    0.00   81.25
12:37:49 PM    3    3.26    0.00    8.70    0.00    0.00    2.17    0.00    0.00    0.00   85.87
12:37:49 PM    4    6.25    0.00    8.33    1.04    0.00    1.04    0.00    0.00    0.00   83.33
12:37:49 PM    5    3.09    0.00   11.34    0.00    0.00    4.12    0.00    0.00    0.00   81.44
12:37:49 PM    6    3.30    0.00    5.49    0.00    0.00    2.20    0.00    0.00    0.00   89.01
12:37:49 PM    7    3.12    0.00    7.29    0.00    0.00    4.17    0.00    0.00    0.00   85.42

12:37:49 PM  CPU    %usr   %nice    %sys %iowait    %irq   %soft  %steal  %guest  %gnice   %idle
12:37:50 PM  all    5.45    0.00    8.96    0.00    0.00    2.73    0.00    0.00    0.00   82.86
12:37:50 PM    0    2.13    0.00    8.51    0.00    0.00    4.26    0.00    0.00    0.00   85.11
12:37:50 PM    1    4.17    0.00    8.33    0.00    0.00    2.08    0.00    0.00    0.00   85.42
12:37:50 PM    2    4.17    0.00    8.33    0.00    0.00    4.17    0.00    0.00    0.00   83.33
12:37:50 PM    3    4.12    0.00   11.34    0.00    0.00    3.09    0.00    0.00    0.00   81.44
12:37:50 PM    4    9.28    0.00    8.25    0.00    0.00    1.03    0.00    0.00    0.00   81.44
12:37:50 PM    5    6.32    0.00    7.37    0.00    0.00    3.16    0.00    0.00    0.00   83.16
12:37:50 PM    6    8.16    0.00   10.20    0.00    0.00    3.06    0.00    0.00    0.00   78.57
12:37:50 PM    7    5.15    0.00    9.28    0.00    0.00    1.03    0.00    0.00    0.00   84.54

12:37:50 PM  CPU    %usr   %nice    %sys %iowait    %irq   %soft  %steal  %guest  %gnice   %idle
12:37:51 PM  all    4.71    0.00    9.41    0.00    0.00    2.80    0.00    0.00    0.00   83.08
12:37:51 PM    0    5.26    0.00    6.32    0.00    0.00    2.11    0.00    0.00    0.00   86.32
12:37:51 PM    1    4.21    0.00    8.42    0.00    0.00    3.16    0.00    0.00    0.00   84.21
12:37:51 PM    2    5.05    0.00   11.11    0.00    0.00    2.02    0.00    0.00    0.00   81.82
12:37:51 PM    3    5.00    0.00    8.00    0.00    0.00    5.00    0.00    0.00    0.00   82.00
12:37:51 PM    4    5.05    0.00   10.10    0.00    0.00    1.01    0.00    0.00    0.00   83.84
12:37:51 PM    5    5.83    0.00   11.65    0.00    0.00    3.88    0.00    0.00    0.00   78.64
12:37:51 PM    6    3.12    0.00    9.38    0.00    0.00    2.08    0.00    0.00    0.00   85.42
12:37:51 PM    7    4.04    0.00   10.10    0.00    0.00    3.03    0.00    0.00    0.00   82.83

12:37:51 PM  CPU    %usr   %nice    %sys %iowait    %irq   %soft  %steal  %guest  %gnice   %idle
12:37:52 PM  all    5.60    0.00    9.34    0.25    0.00    2.74    0.00    0.00    0.00   82.07
12:37:52 PM    0    4.00    0.00   10.00    0.00    0.00    1.00    0.00    0.00    0.00   85.00
12:37:52 PM    1    4.04    0.00    9.09    0.00    0.00    1.01    0.00    0.00    0.00   85.86
12:37:52 PM    2    6.73    0.00    8.65    0.00    0.00    3.85    0.00    0.00    0.00   80.77
12:37:52 PM    3    4.90    0.00    9.80    1.96    0.00    3.92    0.00    0.00    0.00   79.41
12:37:52 PM    4    6.00    0.00    9.00    0.00    0.00    3.00    0.00    0.00    0.00   82.00
12:37:52 PM    5    9.71    0.00    8.74    0.00    0.00    1.94    0.00    0.00    0.00   79.61
12:37:52 PM    6    2.08    0.00   11.46    0.00    0.00    3.12    0.00    0.00    0.00   83.33
12:37:52 PM    7    7.07    0.00    8.08    0.00    0.00    4.04    0.00    0.00    0.00   80.81

12:37:52 PM  CPU    %usr   %nice    %sys %iowait    %irq   %soft  %steal  %guest  %gnice   %idle
12:37:53 PM  all    6.08    0.00   11.65    0.00    0.00    2.15    0.00    0.00    0.00   80.13
12:37:53 PM    0    7.22    0.00    9.28    0.00    0.00    3.09    0.00    0.00    0.00   80.41
12:37:53 PM    1    5.15    0.00   11.34    0.00    0.00    2.06    0.00    0.00    0.00   81.44
12:37:53 PM    2    7.22    0.00   10.31    0.00    0.00    3.09    0.00    0.00    0.00   79.38
12:37:53 PM    3    5.94    0.00   13.86    0.00    0.00    1.98    0.00    0.00    0.00   78.22
12:37:53 PM    4    4.95    0.00   12.87    0.00    0.00    1.98    0.00    0.00    0.00   80.20
12:37:53 PM    5    5.00    0.00   14.00    0.00    0.00    1.00    0.00    0.00    0.00   80.00
12:37:53 PM    6    8.16    0.00   10.20    0.00    0.00    2.04    0.00    0.00    0.00   79.59
12:37:53 PM    7    5.05    0.00   11.11    0.00    0.00    2.02    0.00    0.00    0.00   81.82

12:37:53 PM  CPU    %usr   %nice    %sys %iowait    %irq   %soft  %steal  %guest  %gnice   %idle
12:37:54 PM  all   10.87    0.00   18.57    0.00    0.00    2.89    0.00    0.00    0.00   67.68
12:37:54 PM    0   10.87    0.00   17.39    0.00    0.00    3.26    0.00    0.00    0.00   68.48
12:37:54 PM    1   11.11    0.00   16.67    0.00    0.00    5.56    0.00    0.00    0.00   66.67
12:37:54 PM    2   12.90    0.00   19.35    0.00    0.00    3.23    0.00    0.00    0.00   64.52
12:37:54 PM    3    9.30    0.00   16.28    0.00    0.00    3.49    0.00    0.00    0.00   70.93
12:37:54 PM    4   11.83    0.00   19.35    0.00    0.00    2.15    0.00    0.00    0.00   66.67
12:37:54 PM    5   10.34    0.00   18.39    0.00    0.00    1.15    0.00    0.00    0.00   70.11
12:37:54 PM    6   12.77    0.00   19.15    0.00    0.00    2.13    0.00    0.00    0.00   65.96
12:37:54 PM    7    7.61    0.00   21.74    0.00    0.00    2.17    0.00    0.00    0.00   68.48

12:37:54 PM  CPU    %usr   %nice    %sys %iowait    %irq   %soft  %steal  %guest  %gnice   %idle
12:37:55 PM  all    7.38    0.00   13.61    0.13    0.00    3.31    0.00    0.00    0.00   75.57
12:37:55 PM    0    6.93    0.00   14.85    0.00    0.00    4.95    0.00    0.00    0.00   73.27
12:37:55 PM    1    5.00    0.00   15.00    0.00    0.00    3.00    0.00    0.00    0.00   77.00
12:37:55 PM    2    4.21    0.00   12.63    0.00    0.00    1.05    0.00    0.00    0.00   82.11
12:37:55 PM    3    7.92    0.00   12.87    0.00    0.00    3.96    0.00    0.00    0.00   75.25
12:37:55 PM    4   10.31    0.00   12.37    1.03    0.00    4.12    0.00    0.00    0.00   72.16
12:37:55 PM    5    8.08    0.00   16.16    0.00    0.00    2.02    0.00    0.00    0.00   73.74
12:37:55 PM    6   10.31    0.00   10.31    0.00    0.00    4.12    0.00    0.00    0.00   75.26
12:37:55 PM    7    6.25    0.00   14.58    0.00    0.00    3.12    0.00    0.00    0.00   76.04

12:37:55 PM  CPU    %usr   %nice    %sys %iowait    %irq   %soft  %steal  %guest  %gnice   %idle
12:37:56 PM  all    6.98    0.00   12.31    0.00    0.00    3.67    0.00    0.00    0.00   77.04
12:37:56 PM    0    8.74    0.00    8.74    0.00    0.00    1.94    0.00    0.00    0.00   80.58
12:37:56 PM    1   10.19    0.00   12.04    0.00    0.00    2.78    0.00    0.00    0.00   75.00
12:37:56 PM    2    2.94    0.00    9.80    0.00    0.00    4.90    0.00    0.00    0.00   82.35
12:37:56 PM    3    9.01    0.00   13.51    0.00    0.00    4.50    0.00    0.00    0.00   72.97
12:37:56 PM    4    3.92    0.00   15.69    0.00    0.00    1.96    0.00    0.00    0.00   78.43
12:37:56 PM    5    5.83    0.00    9.71    0.00    0.00    3.88    0.00    0.00    0.00   80.58
12:37:56 PM    6    5.77    0.00   10.58    0.00    0.00    5.77    0.00    0.00    0.00   77.88
12:37:56 PM    7    8.93    0.00   17.86    0.00    0.00    3.57    0.00    0.00    0.00   69.64

12:37:56 PM  CPU    %usr   %nice    %sys %iowait    %irq   %soft  %steal  %guest  %gnice   %idle
12:37:57 PM  all    8.75    0.00   17.50    0.00    0.00    2.25    0.00    0.00    0.00   71.50
12:37:57 PM    0   10.64    0.00   13.83    0.00    0.00    1.06    0.00    0.00    0.00   74.47
12:37:57 PM    1    9.18    0.00   18.37    0.00    0.00    4.08    0.00    0.00    0.00   68.37
12:37:57 PM    2   11.00    0.00   16.00    0.00    0.00    4.00    0.00    0.00    0.00   69.00
12:37:57 PM    3   12.00    0.00   19.00    0.00    0.00    2.00    0.00    0.00    0.00   67.00
12:37:57 PM    4    4.17    0.00   15.62    0.00    0.00    1.04    0.00    0.00    0.00   79.17
12:37:57 PM    5    7.48    0.00   21.50    0.00    0.00    1.87    0.00    0.00    0.00   69.16
12:37:57 PM    6    5.83    0.00   20.39    0.00    0.00    1.94    0.00    0.00    0.00   71.84
12:37:57 PM    7    9.80    0.00   14.71    0.00    0.00    1.96    0.00    0.00    0.00   73.53

12:37:57 PM  CPU    %usr   %nice    %sys %iowait    %irq   %soft  %steal  %guest  %gnice   %idle
12:37:58 PM  all    9.47    0.00   15.25    0.00    0.00    3.20    0.00    0.00    0.00   72.08
12:37:58 PM    0   12.75    0.00   15.69    0.00    0.00    2.94    0.00    0.00    0.00   68.63
12:37:58 PM    1   10.78    0.00   14.71    0.00    0.00    3.92    0.00    0.00    0.00   70.59
12:37:58 PM    2   11.76    0.00   14.71    0.00    0.00    3.92    0.00    0.00    0.00   69.61
12:37:58 PM    3   12.37    0.00   13.40    0.00    0.00    3.09    0.00    0.00    0.00   71.13
12:37:58 PM    4    8.74    0.00   14.56    0.00    0.00    3.88    0.00    0.00    0.00   72.82
12:37:58 PM    5    6.80    0.00   15.53    0.00    0.00    3.88    0.00    0.00    0.00   73.79
12:37:58 PM    6    7.77    0.00   16.50    0.00    0.00    1.94    0.00    0.00    0.00   73.79
12:37:58 PM    7    4.95    0.00   16.83    0.00    0.00    1.98    0.00    0.00    0.00   76.24

12:37:58 PM  CPU    %usr   %nice    %sys %iowait    %irq   %soft  %steal  %guest  %gnice   %idle
12:37:59 PM  all    6.94    0.00   15.10    0.00    0.00    2.46    0.00    0.00    0.00   75.50
12:37:59 PM    0    7.27    0.00   10.91    0.00    0.00    1.82    0.00    0.00    0.00   80.00
12:37:59 PM    1    6.90    0.00   17.24    0.00    0.00    2.59    0.00    0.00    0.00   73.28
12:37:59 PM    2    7.02    0.00   14.91    0.00    0.00    2.63    0.00    0.00    0.00   75.44
12:37:59 PM    3    3.60    0.00   15.32    0.00    0.00    1.80    0.00    0.00    0.00   79.28
12:37:59 PM    4    7.89    0.00   17.54    0.00    0.00    1.75    0.00    0.00    0.00   72.81
12:37:59 PM    5    7.41    0.00   14.81    0.00    0.00    2.78    0.00    0.00    0.00   75.00
12:37:59 PM    6    7.27    0.00   14.55    0.00    0.00    2.73    0.00    0.00    0.00   75.45
12:37:59 PM    7    8.11    0.00   15.32    0.00    0.00    3.60    0.00    0.00    0.00   72.97

12:37:59 PM  CPU    %usr   %nice    %sys %iowait    %irq   %soft  %steal  %guest  %gnice   %idle
12:38:00 PM  all    7.78    0.00   14.16    0.00    0.00    3.95    0.00    0.00    0.00   74.11
12:38:00 PM    0    9.80    0.00   15.69    0.00    0.00    3.92    0.00    0.00    0.00   70.59
12:38:00 PM    1    6.19    0.00   15.46    0.00    0.00    5.15    0.00    0.00    0.00   73.20
12:38:00 PM    2    7.07    0.00   15.15    0.00    0.00    5.05    0.00    0.00    0.00   72.73
12:38:00 PM    3    9.00    0.00   15.00    0.00    0.00    5.00    0.00    0.00    0.00   71.00
12:38:00 PM    4    8.33    0.00   12.50    0.00    0.00    1.04    0.00    0.00    0.00   78.12
12:38:00 PM    5    5.26    0.00   15.79    0.00    0.00    3.16    0.00    0.00    0.00   75.79
12:38:00 PM    6    4.30    0.00    9.68    0.00    0.00    3.23    0.00    0.00    0.00   82.80
12:38:00 PM    7   11.76    0.00   13.73    0.00    0.00    4.90    0.00    0.00    0.00   69.61

12:38:00 PM  CPU    %usr   %nice    %sys %iowait    %irq   %soft  %steal  %guest  %gnice   %idle
12:38:01 PM  all    8.47    0.00   16.05    0.00    0.00    1.69    0.00    0.00    0.00   73.79
12:38:01 PM    0    8.11    0.00   17.12    0.00    0.00    1.80    0.00    0.00    0.00   72.97
12:38:01 PM    1    9.01    0.00   17.12    0.00    0.00    1.80    0.00    0.00    0.00   72.07
12:38:01 PM    2    8.18    0.00   14.55    0.00    0.00    1.82    0.00    0.00    0.00   75.45
12:38:01 PM    3    9.09    0.00   15.45    0.00    0.00    1.82    0.00    0.00    0.00   73.64
12:38:01 PM    4    8.11    0.00   16.22    0.00    0.00    1.80    0.00    0.00    0.00   73.87
12:38:01 PM    5   12.28    0.00   14.04    0.00    0.00    1.75    0.00    0.00    0.00   71.93
12:38:01 PM    6    6.48    0.00   16.67    0.00    0.00    0.93    0.00    0.00    0.00   75.93
12:38:01 PM    7    6.36    0.00   17.27    0.00    0.00    1.82    0.00    0.00    0.00   74.55

12:38:01 PM  CPU    %usr   %nice    %sys %iowait    %irq   %soft  %steal  %guest  %gnice   %idle
12:38:02 PM  all    9.08    0.00   14.58    0.26    0.00    3.71    0.00    0.00    0.00   72.38
12:38:02 PM    0   11.46    0.00   11.46    1.04    0.00    6.25    0.00    0.00    0.00   69.79
12:38:02 PM    1    7.29    0.00   15.62    0.00    0.00    4.17    0.00    0.00    0.00   72.92
12:38:02 PM    2    8.16    0.00   17.35    0.00    0.00    3.06    0.00    0.00    0.00   71.43
12:38:02 PM    3    7.37    0.00   14.74    1.05    0.00    3.16    0.00    0.00    0.00   73.68
12:38:02 PM    4    8.25    0.00   13.40    0.00    0.00    3.09    0.00    0.00    0.00   75.26
12:38:02 PM    5   10.58    0.00   15.38    0.00    0.00    4.81    0.00    0.00    0.00   69.23
12:38:02 PM    6   10.20    0.00   12.24    0.00    0.00    3.06    0.00    0.00    0.00   74.49
12:38:02 PM    7    9.18    0.00   16.33    0.00    0.00    2.04    0.00    0.00    0.00   72.45

12:38:02 PM  CPU    %usr   %nice    %sys %iowait    %irq   %soft  %steal  %guest  %gnice   %idle
12:38:03 PM  all   11.71    0.00   19.79    0.00    0.00    3.63    0.00    0.00    0.00   64.87
12:38:03 PM    0   14.68    0.00   18.35    0.00    0.00    3.67    0.00    0.00    0.00   63.30
12:38:03 PM    1   13.51    0.00   23.42    0.00    0.00    2.70    0.00    0.00    0.00   60.36
12:38:03 PM    2   15.93    0.00   19.47    0.00    0.00    5.31    0.00    0.00    0.00   59.29
12:38:03 PM    3   15.24    0.00   17.14    0.00    0.00    2.86    0.00    0.00    0.00   64.76
12:38:03 PM    4   10.58    0.00   19.23    0.00    0.00    4.81    0.00    0.00    0.00   65.38
12:38:03 PM    5    6.93    0.00   20.79    0.00    0.00    0.99    0.00    0.00    0.00   71.29
12:38:03 PM    6    7.77    0.00   17.48    0.00    0.00    3.88    0.00    0.00    0.00   70.87
12:38:03 PM    7    8.33    0.00   22.22    0.00    0.00    4.63    0.00    0.00    0.00   64.81

12:38:03 PM  CPU    %usr   %nice    %sys %iowait    %irq   %soft  %steal  %guest  %gnice   %idle
12:38:04 PM  all    9.28    0.00   18.89    0.00    0.00    4.98    0.00    0.00    0.00   66.86
12:38:04 PM    0    9.48    0.00   19.83    0.00    0.00    7.76    0.00    0.00    0.00   62.93
12:38:04 PM    1    9.09    0.00   20.00    0.00    0.00    4.55    0.00    0.00    0.00   66.36
12:38:04 PM    2    8.93    0.00   22.32    0.00    0.00    4.46    0.00    0.00    0.00   64.29
12:38:04 PM    3   10.91    0.00   16.36    0.00    0.00    7.27    0.00    0.00    0.00   65.45
12:38:04 PM    4    9.17    0.00   16.51    0.00    0.00    4.59    0.00    0.00    0.00   69.72
12:38:04 PM    5    8.18    0.00   18.18    0.00    0.00    4.55    0.00    0.00    0.00   69.09
12:38:04 PM    6    9.26    0.00   18.52    0.00    0.00    3.70    0.00    0.00    0.00   68.52
12:38:04 PM    7    9.17    0.00   19.27    0.00    0.00    2.75    0.00    0.00    0.00   68.81

12:38:04 PM  CPU    %usr   %nice    %sys %iowait    %irq   %soft  %steal  %guest  %gnice   %idle
12:38:05 PM  all   10.15    0.00   16.35    0.00    0.00    2.14    0.00    0.00    0.00   71.37
12:38:05 PM    0    8.13    0.00   21.95    0.00    0.00    0.81    0.00    0.00    0.00   69.11
12:38:05 PM    1    7.89    0.00   16.67    0.00    0.00    1.75    0.00    0.00    0.00   73.68
12:38:05 PM    2    8.11    0.00   14.41    0.00    0.00    1.80    0.00    0.00    0.00   75.68
12:38:05 PM    3   13.45    0.00   14.29    0.00    0.00    2.52    0.00    0.00    0.00   69.75
12:38:05 PM    4   11.97    0.00   13.68    0.00    0.00    3.42    0.00    0.00    0.00   70.94
12:38:05 PM    5    9.32    0.00   18.64    0.00    0.00    2.54    0.00    0.00    0.00   69.49
12:38:05 PM    6   10.34    0.00   15.52    0.00    0.00    1.72    0.00    0.00    0.00   72.41
12:38:05 PM    7   11.86    0.00   15.25    0.00    0.00    2.54    0.00    0.00    0.00   70.34

12:38:05 PM  CPU    %usr   %nice    %sys %iowait    %irq   %soft  %steal  %guest  %gnice   %idle
12:38:06 PM  all   10.76    0.00   19.81    0.00    0.00    3.88    0.00    0.00    0.00   65.55
12:38:06 PM    0   11.86    0.00   20.34    0.00    0.00    3.39    0.00    0.00    0.00   64.41
12:38:06 PM    1   11.67    0.00   21.67    0.00    0.00    4.17    0.00    0.00    0.00   62.50
12:38:06 PM    2   13.11    0.00   21.31    0.00    0.00    4.92    0.00    0.00    0.00   60.66
12:38:06 PM    3   12.07    0.00   18.97    0.00    0.00    5.17    0.00    0.00    0.00   63.79
12:38:06 PM    4    7.48    0.00   15.89    0.00    0.00    2.80    0.00    0.00    0.00   73.83
12:38:06 PM    5   11.21    0.00   16.38    0.00    0.00    5.17    0.00    0.00    0.00   67.24
12:38:06 PM    6    8.93    0.00   20.54    0.00    0.00    1.79    0.00    0.00    0.00   68.75
12:38:06 PM    7    9.32    0.00   22.88    0.00    0.00    3.39    0.00    0.00    0.00   64.41

12:38:06 PM  CPU    %usr   %nice    %sys %iowait    %irq   %soft  %steal  %guest  %gnice   %idle
12:38:07 PM  all   12.00    0.00   23.07    0.23    0.00    5.77    0.00    0.00    0.00   58.94
12:38:07 PM    0   11.21    0.00   26.17    0.00    0.00    5.61    0.00    0.00    0.00   57.01
12:38:07 PM    1   19.47    0.00   23.01    0.00    0.00    3.54    0.00    0.00    0.00   53.98
12:38:07 PM    2   15.93    0.00   23.89    0.88    0.00    5.31    0.00    0.00    0.00   53.98
12:38:07 PM    3   12.04    0.00   22.22    0.93    0.00    8.33    0.00    0.00    0.00   56.48
12:38:07 PM    4    7.48    0.00   22.43    0.00    0.00    8.41    0.00    0.00    0.00   61.68
12:38:07 PM    5   10.28    0.00   22.43    0.00    0.00    3.74    0.00    0.00    0.00   63.55
12:38:07 PM    6   10.89    0.00   16.83    0.00    0.00    5.94    0.00    0.00    0.00   66.34
12:38:07 PM    7    8.11    0.00   27.03    0.00    0.00    5.41    0.00    0.00    0.00   59.46

12:38:07 PM  CPU    %usr   %nice    %sys %iowait    %irq   %soft  %steal  %guest  %gnice   %idle
12:38:08 PM  all   11.63    0.00   17.33    0.00    0.00    3.44    0.00    0.00    0.00   67.60
12:38:08 PM    0   12.71    0.00   17.80    0.00    0.00    3.39    0.00    0.00    0.00   66.10
12:38:08 PM    1   15.45    0.00   17.07    0.00    0.00    4.07    0.00    0.00    0.00   63.41
12:38:08 PM    2   14.53    0.00   14.53    0.00    0.00    4.27    0.00    0.00    0.00   66.67
12:38:08 PM    3   10.92    0.00   20.17    0.00    0.00    5.04    0.00    0.00    0.00   63.87
12:38:08 PM    4    7.14    0.00   17.86    0.00    0.00    2.68    0.00    0.00    0.00   72.32
12:38:08 PM    5   10.81    0.00   16.22    0.00    0.00    1.80    0.00    0.00    0.00   71.17
12:38:08 PM    6   13.56    0.00   16.95    0.00    0.00    3.39    0.00    0.00    0.00   66.10
12:38:08 PM    7    7.21    0.00   18.02    0.00    0.00    2.70    0.00    0.00    0.00   72.07

12:38:08 PM  CPU    %usr   %nice    %sys %iowait    %irq   %soft  %steal  %guest  %gnice   %idle
12:38:09 PM  all    9.72    0.00   14.19    0.00    0.00    1.90    0.00    0.00    0.00   74.19
12:38:09 PM    0   10.00    0.00   14.55    0.00    0.00    1.82    0.00    0.00    0.00   73.64
12:38:09 PM    1    7.34    0.00   15.60    0.00    0.00    2.75    0.00    0.00    0.00   74.31
12:38:09 PM    2    9.09    0.00   14.55    0.00    0.00    4.55    0.00    0.00    0.00   71.82
12:38:09 PM    3   11.30    0.00   16.52    0.00    0.00    1.74    0.00    0.00    0.00   70.43
12:38:09 PM    4   11.30    0.00   13.91    0.00    0.00    0.87    0.00    0.00    0.00   73.91
12:38:09 PM    5    4.63    0.00   15.74    0.00    0.00    0.93    0.00    0.00    0.00   78.70
12:38:09 PM    6    6.25    0.00   14.29    0.00    0.00    2.68    0.00    0.00    0.00   76.79
12:38:09 PM    7   17.24    0.00    8.62    0.00    0.00    0.00    0.00    0.00    0.00   74.14

12:38:09 PM  CPU    %usr   %nice    %sys %iowait    %irq   %soft  %steal  %guest  %gnice   %idle
12:38:10 PM  all   12.39    0.00   16.96    0.00    0.00    4.13    0.00    0.00    0.00   66.52
12:38:10 PM    0   14.91    0.00   16.67    0.00    0.00    5.26    0.00    0.00    0.00   63.16
12:38:10 PM    1   17.60    0.00   20.80    0.00    0.00    4.80    0.00    0.00    0.00   56.80
12:38:10 PM    2   15.45    0.00   16.36    0.00    0.00    2.73    0.00    0.00    0.00   65.45
12:38:10 PM    3   14.91    0.00   12.28    0.00    0.00    7.89    0.00    0.00    0.00   64.91
12:38:10 PM    4    8.41    0.00   18.69    0.00    0.00    2.80    0.00    0.00    0.00   70.09
12:38:10 PM    5   10.38    0.00   16.04    0.00    0.00    0.94    0.00    0.00    0.00   72.64
12:38:10 PM    6   10.00    0.00   14.55    0.00    0.00    4.55    0.00    0.00    0.00   70.91
12:38:10 PM    7    6.36    0.00   20.00    0.00    0.00    3.64    0.00    0.00    0.00   70.00

12:38:10 PM  CPU    %usr   %nice    %sys %iowait    %irq   %soft  %steal  %guest  %gnice   %idle
12:38:11 PM  all   10.68    0.00   18.71    0.00    0.00    2.30    0.00    0.00    0.00   68.31
12:38:11 PM    0    8.26    0.00   22.02    0.00    0.00    1.83    0.00    0.00    0.00   67.89
12:38:11 PM    1    9.71    0.00   16.50    0.00    0.00    2.91    0.00    0.00    0.00   70.87
12:38:11 PM    2   10.09    0.00   18.35    0.00    0.00    2.75    0.00    0.00    0.00   68.81
12:38:11 PM    3    9.35    0.00   20.56    0.00    0.00    2.80    0.00    0.00    0.00   67.29
12:38:11 PM    4   14.91    0.00   17.54    0.00    0.00    0.88    0.00    0.00    0.00   66.67
12:38:11 PM    5   12.84    0.00   15.60    0.00    0.00    2.75    0.00    0.00    0.00   68.81
12:38:11 PM    6   10.91    0.00   19.09    0.00    0.00    1.82    0.00    0.00    0.00   68.18
12:38:11 PM    7    9.09    0.00   20.00    0.00    0.00    2.73    0.00    0.00    0.00   68.18

12:38:11 PM  CPU    %usr   %nice    %sys %iowait    %irq   %soft  %steal  %guest  %gnice   %idle
12:38:12 PM  all   11.37    0.00   15.77    0.11    0.00    2.25    0.00    0.00    0.00   70.50
12:38:12 PM    0   11.61    0.00   17.86    0.89    0.00    1.79    0.00    0.00    0.00   67.86
12:38:12 PM    1   13.16    0.00   13.16    0.00    0.00    4.39    0.00    0.00    0.00   69.30
12:38:12 PM    2    9.91    0.00   17.12    0.00    0.00    3.60    0.00    0.00    0.00   69.37
12:38:12 PM    3   13.39    0.00   15.18    0.00    0.00    1.79    0.00    0.00    0.00   69.64
12:38:12 PM    4   13.64    0.00   12.73    0.00    0.00    1.82    0.00    0.00    0.00   71.82
12:38:12 PM    5   11.01    0.00   15.60    0.00    0.00    0.92    0.00    0.00    0.00   72.48
12:38:12 PM    6   11.01    0.00   15.60    0.00    0.00    1.83    0.00    0.00    0.00   71.56
12:38:12 PM    7    7.21    0.00   18.92    0.00    0.00    1.80    0.00    0.00    0.00   72.07

12:38:12 PM  CPU    %usr   %nice    %sys %iowait    %irq   %soft  %steal  %guest  %gnice   %idle
12:38:13 PM  all    9.52    0.00   15.71    0.00    0.00    2.52    0.00    0.00    0.00   72.25
12:38:13 PM    0    5.56    0.00   17.59    0.00    0.00    2.78    0.00    0.00    0.00   74.07
12:38:13 PM    1    8.04    0.00   17.86    0.00    0.00    2.68    0.00    0.00    0.00   71.43
12:38:13 PM    2    6.36    0.00   18.18    0.00    0.00    2.73    0.00    0.00    0.00   72.73
12:38:13 PM    3    6.73    0.00   13.46    0.00    0.00    3.85    0.00    0.00    0.00   75.96
12:38:13 PM    4   11.11    0.00   15.74    0.00    0.00    1.85    0.00    0.00    0.00   71.30
12:38:13 PM    5   11.82    0.00   14.55    0.00    0.00    2.73    0.00    0.00    0.00   70.91
12:38:13 PM    6   11.32    0.00   13.21    0.00    0.00    1.89    0.00    0.00    0.00   73.58
12:38:13 PM    7   14.91    0.00   14.91    0.00    0.00    1.75    0.00    0.00    0.00   68.42

12:38:13 PM  CPU    %usr   %nice    %sys %iowait    %irq   %soft  %steal  %guest  %gnice   %idle
12:38:14 PM  all   11.20    0.00   18.29    0.00    0.00    2.06    0.00    0.00    0.00   68.46
12:38:14 PM    0   14.81    0.00   15.74    0.00    0.00    2.78    0.00    0.00    0.00   66.67
12:38:14 PM    1   13.39    0.00   20.54    0.00    0.00    2.68    0.00    0.00    0.00   63.39
12:38:14 PM    2   12.39    0.00   19.47    0.00    0.00    3.54    0.00    0.00    0.00   64.60
12:38:14 PM    3   14.55    0.00   18.18    0.00    0.00    1.82    0.00    0.00    0.00   65.45
12:38:14 PM    4   10.38    0.00   14.15    0.00    0.00    2.83    0.00    0.00    0.00   72.64
12:38:14 PM    5    7.55    0.00   17.92    0.00    0.00    0.94    0.00    0.00    0.00   73.58
12:38:14 PM    6   10.09    0.00   17.43    0.00    0.00    0.92    0.00    0.00    0.00   71.56
12:38:14 PM    7    6.31    0.00   22.52    0.00    0.00    0.90    0.00    0.00    0.00   70.27

12:38:14 PM  CPU    %usr   %nice    %sys %iowait    %irq   %soft  %steal  %guest  %gnice   %idle
12:38:15 PM  all    8.68    0.00   13.20    0.00    0.00    2.02    0.00    0.00    0.00   76.10
12:38:15 PM    0    8.82    0.00   11.76    0.00    0.00    2.94    0.00    0.00    0.00   76.47
12:38:15 PM    1    9.35    0.00   15.89    0.00    0.00    1.87    0.00    0.00    0.00   72.90
12:38:15 PM    2   10.09    0.00   14.68    0.00    0.00    3.67    0.00    0.00    0.00   71.56
12:38:15 PM    3   11.32    0.00   14.15    0.00    0.00    0.94    0.00    0.00    0.00   73.58
12:38:15 PM    4    8.49    0.00   14.15    0.00    0.00    0.94    0.00    0.00    0.00   76.42
12:38:15 PM    5   11.82    0.00   11.82    0.00    0.00    2.73    0.00    0.00    0.00   73.64
12:38:15 PM    6    6.00    0.00    9.00    0.00    0.00    2.00    0.00    0.00    0.00   83.00
12:38:15 PM    7    2.97    0.00   13.86    0.00    0.00    0.99    0.00    0.00    0.00   82.18

12:38:15 PM  CPU    %usr   %nice    %sys %iowait    %irq   %soft  %steal  %guest  %gnice   %idle
12:38:16 PM  all   13.50    0.00   22.83    0.00    0.00    3.60    0.00    0.00    0.00   60.07
12:38:16 PM    0   19.05    0.00   17.14    0.00    0.00    2.86    0.00    0.00    0.00   60.95
12:38:16 PM    1   13.51    0.00   25.23    0.00    0.00    4.50    0.00    0.00    0.00   56.76
12:38:16 PM    2   15.60    0.00   20.18    0.00    0.00    6.42    0.00    0.00    0.00   57.80
12:38:16 PM    3   17.86    0.00   21.43    0.00    0.00    4.46    0.00    0.00    0.00   56.25
12:38:16 PM    4   11.82    0.00   21.82    0.00    0.00    2.73    0.00    0.00    0.00   63.64
12:38:16 PM    5   11.21    0.00   24.14    0.00    0.00    3.45    0.00    0.00    0.00   61.21
12:38:16 PM    6    8.62    0.00   28.45    0.00    0.00    1.72    0.00    0.00    0.00   61.21
12:38:16 PM    7   10.91    0.00   23.64    0.00    0.00    2.73    0.00    0.00    0.00   62.73

12:38:16 PM  CPU    %usr   %nice    %sys %iowait    %irq   %soft  %steal  %guest  %gnice   %idle
12:38:17 PM  all    6.04    0.00    6.67    3.40    0.00    1.38    0.00    0.00    0.00   82.52
12:38:17 PM    0   10.48    0.00    5.71    0.00    0.00    1.90    0.00    0.00    0.00   81.90
12:38:17 PM    1    5.10    0.00    6.12    9.18    0.00    1.02    0.00    0.00    0.00   78.57
12:38:17 PM    2    5.94    0.00    5.94    1.98    0.00    1.98    0.00    0.00    0.00   84.16
12:38:17 PM    3    6.12    0.00    5.10    2.04    0.00    2.04    0.00    0.00    0.00   84.69
12:38:17 PM    4    5.00    0.00    9.00    0.00    0.00    1.00    0.00    0.00    0.00   85.00
12:38:17 PM    5    5.10    0.00    6.12    0.00    0.00    2.04    0.00    0.00    0.00   86.73
12:38:17 PM    6    5.10    0.00    7.14    0.00    0.00    1.02    0.00    0.00    0.00   86.73
12:38:17 PM    7    5.15    0.00    8.25   14.43    0.00    0.00    0.00    0.00    0.00   72.16

12:38:17 PM  CPU    %usr   %nice    %sys %iowait    %irq   %soft  %steal  %guest  %gnice   %idle
12:38:18 PM  all    7.05    0.00    5.77    0.00    0.00    0.90    0.00    0.00    0.00   86.28
12:38:18 PM    0   10.10    0.00    6.06    0.00    0.00    2.02    0.00    0.00    0.00   81.82
12:38:18 PM    1    4.17    0.00    8.33    0.00    0.00    2.08    0.00    0.00    0.00   85.42
12:38:18 PM    2    6.93    0.00    8.91    0.00    0.00    1.98    0.00    0.00    0.00   82.18
12:38:18 PM    3    8.16    0.00    6.12    0.00    0.00    1.02    0.00    0.00    0.00   84.69
12:38:18 PM    4    6.32    0.00    4.21    0.00    0.00    0.00    0.00    0.00    0.00   89.47
12:38:18 PM    5    5.21    0.00    4.17    0.00    0.00    0.00    0.00    0.00    0.00   90.62
12:38:18 PM    6    8.33    0.00    3.12    0.00    0.00    0.00    0.00    0.00    0.00   88.54
12:38:18 PM    7    7.07    0.00    5.05    0.00    0.00    0.00    0.00    0.00    0.00   87.88

12:38:18 PM  CPU    %usr   %nice    %sys %iowait    %irq   %soft  %steal  %guest  %gnice   %idle
12:38:19 PM  all   15.10    0.00   23.04    0.00    0.00    4.41    0.00    0.00    0.00   57.44
12:38:19 PM    0   20.34    0.00   21.19    0.00    0.00    5.08    0.00    0.00    0.00   53.39
12:38:19 PM    1   19.17    0.00   23.33    0.00    0.00    6.67    0.00    0.00    0.00   50.83
12:38:19 PM    2   19.83    0.00   22.31    0.00    0.00    6.61    0.00    0.00    0.00   51.24
12:38:19 PM    3   17.50    0.00   24.17    0.00    0.00    7.50    0.00    0.00    0.00   50.83
12:38:19 PM    4   13.68    0.00   25.64    0.00    0.00    1.71    0.00    0.00    0.00   58.97
12:38:19 PM    5    8.82    0.00   18.63    0.00    0.00    2.94    0.00    0.00    0.00   69.61
12:38:19 PM    6    8.57    0.00   25.71    0.00    0.00    1.90    0.00    0.00    0.00   63.81
12:38:19 PM    7   10.58    0.00   23.08    0.00    0.00    1.92    0.00    0.00    0.00   64.42

12:38:19 PM  CPU    %usr   %nice    %sys %iowait    %irq   %soft  %steal  %guest  %gnice   %idle
12:38:20 PM  all   11.88    0.00   14.41    0.00    0.00    3.84    0.00    0.00    0.00   69.87
12:38:20 PM    0   13.64    0.00   15.45    0.00    0.00    5.45    0.00    0.00    0.00   65.45
12:38:20 PM    1   18.42    0.00   12.28    0.00    0.00    5.26    0.00    0.00    0.00   64.04
12:38:20 PM    2   12.61    0.00   16.22    0.00    0.00    7.21    0.00    0.00    0.00   63.96
12:38:20 PM    3   14.95    0.00   14.95    0.00    0.00    3.74    0.00    0.00    0.00   66.36
12:38:20 PM    4    9.68    0.00   10.75    0.00    0.00    2.15    0.00    0.00    0.00   77.42
12:38:20 PM    5    7.92    0.00   15.84    0.00    0.00    1.98    0.00    0.00    0.00   74.26
12:38:20 PM    6    9.80    0.00   13.73    0.00    0.00    3.92    0.00    0.00    0.00   72.55
12:38:20 PM    7    6.32    0.00   15.79    0.00    0.00    0.00    0.00    0.00    0.00   77.89

12:38:20 PM  CPU    %usr   %nice    %sys %iowait    %irq   %soft  %steal  %guest  %gnice   %idle
12:38:21 PM  all    7.72    0.00    7.20    0.13    0.00    1.05    0.00    0.00    0.00   83.90
12:38:21 PM    0   11.34    0.00    7.22    0.00    0.00    2.06    0.00    0.00    0.00   79.38
12:38:21 PM    1    9.38    0.00    8.33    0.00    0.00    1.04    0.00    0.00    0.00   81.25
12:38:21 PM    2   12.24    0.00    9.18    0.00    0.00    0.00    0.00    0.00    0.00   78.57
12:38:21 PM    3    9.28    0.00    7.22    0.00    0.00    2.06    0.00    0.00    0.00   81.44
12:38:21 PM    4    2.25    0.00    5.62    0.00    0.00    0.00    0.00    0.00    0.00   92.13
12:38:21 PM    5    6.32    0.00    5.26    0.00    0.00    1.05    0.00    0.00    0.00   87.37
12:38:21 PM    6    4.21    0.00    6.32    1.05    0.00    0.00    0.00    0.00    0.00   88.42
12:38:21 PM    7    6.19    0.00    8.25    0.00    0.00    2.06    0.00    0.00    0.00   83.51

12:38:21 PM  CPU    %usr   %nice    %sys %iowait    %irq   %soft  %steal  %guest  %gnice   %idle
12:38:22 PM  all    7.16    0.00    8.09    0.27    0.00    1.33    0.00    0.00    0.00   83.16
12:38:22 PM    0    6.45    0.00    6.45    0.00    0.00    2.15    0.00    0.00    0.00   84.95
12:38:22 PM    1    6.52    0.00    6.52    1.09    0.00    1.09    0.00    0.00    0.00   84.78
12:38:22 PM    2    8.42    0.00    8.42    0.00    0.00    1.05    0.00    0.00    0.00   82.11
12:38:22 PM    3    8.51    0.00    7.45    0.00    0.00    1.06    0.00    0.00    0.00   82.98
12:38:22 PM    4    9.38    0.00    7.29    0.00    0.00    1.04    0.00    0.00    0.00   82.29
12:38:22 PM    5    7.07    0.00   11.11    0.00    0.00    2.02    0.00    0.00    0.00   79.80
12:38:22 PM    6    3.23    0.00   10.75    0.00    0.00    1.08    0.00    0.00    0.00   84.95
12:38:22 PM    7    7.61    0.00    6.52    1.09    0.00    1.09    0.00    0.00    0.00   83.70

12:38:22 PM  CPU    %usr   %nice    %sys %iowait    %irq   %soft  %steal  %guest  %gnice   %idle
12:38:23 PM  all    3.69    0.00    3.98    0.00    0.00    1.28    0.00    0.00    0.00   91.05
12:38:23 PM    0    4.60    0.00    2.30    0.00    0.00    2.30    0.00    0.00    0.00   90.80
12:38:23 PM    1    2.38    0.00    2.38    0.00    0.00    1.19    0.00    0.00    0.00   94.05
12:38:23 PM    2    4.65    0.00    4.65    0.00    0.00    1.16    0.00    0.00    0.00   89.53
12:38:23 PM    3    5.75    0.00    2.30    0.00    0.00    2.30    0.00    0.00    0.00   89.66
12:38:23 PM    4    2.27    0.00    4.55    0.00    0.00    1.14    0.00    0.00    0.00   92.05
12:38:23 PM    5    4.30    0.00    7.53    0.00    0.00    1.08    0.00    0.00    0.00   87.10
12:38:23 PM    6    4.35    0.00    3.26    0.00    0.00    0.00    0.00    0.00    0.00   92.39
12:38:23 PM    7    1.15    0.00    4.60    0.00    0.00    1.15    0.00    0.00    0.00   93.10

12:38:23 PM  CPU    %usr   %nice    %sys %iowait    %irq   %soft  %steal  %guest  %gnice   %idle
12:38:24 PM  all    6.23    0.00   10.66    0.00    0.00    2.77    0.00    0.00    0.00   80.33
12:38:24 PM    0   11.24    0.00    6.74    0.00    0.00    3.37    0.00    0.00    0.00   78.65
12:38:24 PM    1   10.47    0.00    6.98    0.00    0.00    3.49    0.00    0.00    0.00   79.07
12:38:24 PM    2    6.67    0.00   11.11    0.00    0.00    4.44    0.00    0.00    0.00   77.78
12:38:24 PM    3    7.95    0.00   11.36    0.00    0.00    3.41    0.00    0.00    0.00   77.27
12:38:24 PM    4    2.13    0.00   11.70    0.00    0.00    2.13    0.00    0.00    0.00   84.04
12:38:24 PM    5    5.49    0.00   13.19    0.00    0.00    1.10    0.00    0.00    0.00   80.22
12:38:24 PM    6    4.30    0.00   11.83    0.00    0.00    3.23    0.00    0.00    0.00   80.65
12:38:24 PM    7    2.20    0.00   12.09    0.00    0.00    1.10    0.00    0.00    0.00   84.62

12:38:24 PM  CPU    %usr   %nice    %sys %iowait    %irq   %soft  %steal  %guest  %gnice   %idle
12:38:25 PM  all    2.30    0.00    3.45    0.00    0.00    1.15    0.00    0.00    0.00   93.10
12:38:25 PM    0    2.35    0.00    1.18    0.00    0.00    1.18    0.00    0.00    0.00   95.29
12:38:25 PM    1    2.35    0.00    2.35    0.00    0.00    1.18    0.00    0.00    0.00   94.12
12:38:25 PM    2    2.38    0.00    3.57    0.00    0.00    1.19    0.00    0.00    0.00   92.86
12:38:25 PM    3    2.35    0.00    5.88    0.00    0.00    0.00    0.00    0.00    0.00   91.76
12:38:25 PM    4    2.25    0.00    2.25    0.00    0.00    2.25    0.00    0.00    0.00   93.26
12:38:25 PM    5    2.33    0.00    3.49    0.00    0.00    1.16    0.00    0.00    0.00   93.02
12:38:25 PM    6    3.26    0.00    4.35    0.00    0.00    1.09    0.00    0.00    0.00   91.30
12:38:25 PM    7    1.11    0.00    4.44    0.00    0.00    1.11    0.00    0.00    0.00   93.33

12:38:25 PM  CPU    %usr   %nice    %sys %iowait    %irq   %soft  %steal  %guest  %gnice   %idle
12:38:26 PM  all    5.43    0.00    8.64    0.00    0.00    1.95    0.00    0.00    0.00   83.98
12:38:26 PM    0    5.95    0.00    8.33    0.00    0.00    2.38    0.00    0.00    0.00   83.33
12:38:26 PM    1    8.99    0.00    8.99    0.00    0.00    1.12    0.00    0.00    0.00   80.90
12:38:26 PM    2    8.89    0.00   10.00    0.00    0.00    1.11    0.00    0.00    0.00   80.00
12:38:26 PM    3    5.81    0.00    9.30    0.00    0.00    1.16    0.00    0.00    0.00   83.72
12:38:26 PM    4    3.33    0.00    5.56    0.00    0.00    3.33    0.00    0.00    0.00   87.78
12:38:26 PM    5    3.19    0.00    9.57    0.00    0.00    2.13    0.00    0.00    0.00   85.11
12:38:26 PM    6    2.30    0.00    6.90    0.00    0.00    2.30    0.00    0.00    0.00   88.51
12:38:26 PM    7    5.10    0.00   10.20    0.00    0.00    2.04    0.00    0.00    0.00   82.65

12:38:26 PM  CPU    %usr   %nice    %sys %iowait    %irq   %soft  %steal  %guest  %gnice   %idle
12:38:27 PM  all    8.59    0.00   15.24    0.28    0.00    3.32    0.00    0.00    0.00   72.58
12:38:27 PM    0   10.47    0.00   11.63    0.00    0.00    3.49    0.00    0.00    0.00   74.42
12:38:27 PM    1    9.76    0.00   12.20    0.00    0.00    2.44    0.00    0.00    0.00   75.61
12:38:27 PM    2   12.09    0.00   12.09    1.10    0.00    6.59    0.00    0.00    0.00   68.13
12:38:27 PM    3    9.64    0.00   13.25    0.00    0.00    3.61    0.00    0.00    0.00   73.49
12:38:27 PM    4    6.25    0.00   17.71    1.04    0.00    3.12    0.00    0.00    0.00   71.88
12:38:27 PM    5    7.37    0.00   17.89    0.00    0.00    2.11    0.00    0.00    0.00   72.63
12:38:27 PM    6    7.69    0.00   13.19    0.00    0.00    3.30    0.00    0.00    0.00   75.82
12:38:27 PM    7    6.12    0.00   22.45    0.00    0.00    2.04    0.00    0.00    0.00   69.39

12:38:27 PM  CPU    %usr   %nice    %sys %iowait    %irq   %soft  %steal  %guest  %gnice   %idle
12:38:28 PM  all    1.16    0.00    1.89    0.00    0.00    0.87    0.00    0.00    0.00   96.07
12:38:28 PM    0    1.16    0.00    0.00    0.00    0.00    0.00    0.00    0.00    0.00   98.84
12:38:28 PM    1    1.16    0.00    1.16    0.00    0.00    1.16    0.00    0.00    0.00   96.51
12:38:28 PM    2    2.27    0.00    2.27    0.00    0.00    0.00    0.00    0.00    0.00   95.45
12:38:28 PM    3    1.15    0.00    2.30    0.00    0.00    1.15    0.00    0.00    0.00   95.40
12:38:28 PM    4    2.35    0.00    2.35    0.00    0.00    1.18    0.00    0.00    0.00   94.12
12:38:28 PM    5    0.00    0.00    2.33    0.00    0.00    2.33    0.00    0.00    0.00   95.35
12:38:28 PM    6    0.00    0.00    2.35    0.00    0.00    0.00    0.00    0.00    0.00   97.65
12:38:28 PM    7    1.19    0.00    2.38    0.00    0.00    1.19    0.00    0.00    0.00   95.24

12:38:28 PM  CPU    %usr   %nice    %sys %iowait    %irq   %soft  %steal  %guest  %gnice   %idle
12:38:29 PM  all    1.02    0.00    1.90    0.00    0.00    0.44    0.00    0.00    0.00   96.64
12:38:29 PM    0    0.00    0.00    1.19    0.00    0.00    1.19    0.00    0.00    0.00   97.62
12:38:29 PM    1    2.38    0.00    1.19    0.00    0.00    0.00    0.00    0.00    0.00   96.43
12:38:29 PM    2    1.15    0.00    1.15    0.00    0.00    1.15    0.00    0.00    0.00   96.55
12:38:29 PM    3    0.00    0.00    2.38    0.00    0.00    0.00    0.00    0.00    0.00   97.62
12:38:29 PM    4    1.14    0.00    2.27    0.00    0.00    0.00    0.00    0.00    0.00   96.59
12:38:29 PM    5    2.30    0.00    2.30    0.00    0.00    0.00    0.00    0.00    0.00   95.40
12:38:29 PM    6    0.00    0.00    4.76    0.00    0.00    1.19    0.00    0.00    0.00   94.05
12:38:29 PM    7    1.16    0.00    0.00    0.00    0.00    0.00    0.00    0.00    0.00   98.84

12:38:29 PM  CPU    %usr   %nice    %sys %iowait    %irq   %soft  %steal  %guest  %gnice   %idle
12:38:30 PM  all    1.46    0.00    1.46    0.00    0.00    0.44    0.00    0.00    0.00   96.65
12:38:30 PM    0    1.19    0.00    1.19    0.00    0.00    0.00    0.00    0.00    0.00   97.62
12:38:30 PM    1    1.20    0.00    0.00    0.00    0.00    0.00    0.00    0.00    0.00   98.80
12:38:30 PM    2    2.33    0.00    2.33    0.00    0.00    1.16    0.00    0.00    0.00   94.19
12:38:30 PM    3    1.19    0.00    1.19    0.00    0.00    0.00    0.00    0.00    0.00   97.62
12:38:30 PM    4    1.15    0.00    1.15    0.00    0.00    0.00    0.00    0.00    0.00   97.70
12:38:30 PM    5    2.22    0.00    2.22    0.00    0.00    0.00    0.00    0.00    0.00   95.56
12:38:30 PM    6    0.00    0.00    1.19    0.00    0.00    1.19    0.00    0.00    0.00   97.62
12:38:30 PM    7    2.27    0.00    2.27    0.00    0.00    1.14    0.00    0.00    0.00   94.32

12:38:30 PM  CPU    %usr   %nice    %sys %iowait    %irq   %soft  %steal  %guest  %gnice   %idle
12:38:31 PM  all    6.31    0.00    8.84    0.00    0.00    1.26    0.00    0.00    0.00   83.59
12:38:31 PM    0    6.82    0.00    7.95    0.00    0.00    1.14    0.00    0.00    0.00   84.09
12:38:31 PM    1    4.82    0.00    8.43    0.00    0.00    1.20    0.00    0.00    0.00   85.54
12:38:31 PM    2    9.20    0.00    8.05    0.00    0.00    0.00    0.00    0.00    0.00   82.76
12:38:31 PM    3    8.99    0.00   10.11    0.00    0.00    1.12    0.00    0.00    0.00   79.78
12:38:31 PM    4    3.33    0.00   11.11    0.00    0.00    1.11    0.00    0.00    0.00   84.44
12:38:31 PM    5    7.14    0.00   12.24    0.00    0.00    3.06    0.00    0.00    0.00   77.55
12:38:31 PM    6    6.59    0.00    7.69    0.00    0.00    0.00    0.00    0.00    0.00   85.71
12:38:31 PM    7    3.45    0.00    4.60    0.00    0.00    2.30    0.00    0.00    0.00   89.66

12:38:31 PM  CPU    %usr   %nice    %sys %iowait    %irq   %soft  %steal  %guest  %gnice   %idle
12:38:32 PM  all    9.13    0.00   15.17    0.13    0.00    3.76    0.00    0.00    0.00   71.81
12:38:32 PM    0   14.58    0.00   14.58    0.00    0.00    5.21    0.00    0.00    0.00   65.62
12:38:32 PM    1   10.64    0.00   14.89    0.00    0.00    4.26    0.00    0.00    0.00   70.21
12:38:32 PM    2   13.19    0.00   12.09    0.00    0.00    6.59    0.00    0.00    0.00   68.13
12:38:32 PM    3   13.19    0.00   12.09    0.00    0.00    4.40    0.00    0.00    0.00   70.33
12:38:32 PM    4    4.12    0.00   20.62    1.03    0.00    4.12    0.00    0.00    0.00   70.10
12:38:32 PM    5    5.43    0.00   17.39    0.00    0.00    2.17    0.00    0.00    0.00   75.00
12:38:32 PM    6    6.25    0.00   15.62    0.00    0.00    1.04    0.00    0.00    0.00   77.08
12:38:32 PM    7    5.68    0.00   13.64    0.00    0.00    2.27    0.00    0.00    0.00   78.41

12:38:32 PM  CPU    %usr   %nice    %sys %iowait    %irq   %soft  %steal  %guest  %gnice   %idle
12:38:33 PM  all    4.82    0.00    7.94    0.14    0.00    1.13    0.00    0.00    0.00   85.96
12:38:33 PM    0    3.61    0.00    7.23    0.00    0.00    0.00    0.00    0.00    0.00   89.16
12:38:33 PM    1    1.22    0.00    7.32    0.00    0.00    1.22    0.00    0.00    0.00   90.24
12:38:33 PM    2    7.06    0.00    4.71    0.00    0.00    0.00    0.00    0.00    0.00   88.24
12:38:33 PM    3    7.78    0.00    6.67    0.00    0.00    2.22    0.00    0.00    0.00   83.33
12:38:33 PM    4    4.44    0.00    6.67    0.00    0.00    2.22    0.00    0.00    0.00   86.67
12:38:33 PM    5    4.35    0.00   11.96    0.00    0.00    1.09    0.00    0.00    0.00   82.61
12:38:33 PM    6    5.49    0.00    7.69    0.00    0.00    1.10    0.00    0.00    0.00   85.71
12:38:33 PM    7    4.35    0.00   10.87    1.09    0.00    1.09    0.00    0.00    0.00   82.61

12:38:33 PM  CPU    %usr   %nice    %sys %iowait    %irq   %soft  %steal  %guest  %gnice   %idle
12:38:34 PM  all    0.73    0.00    0.87    0.00    0.00    0.00    0.00    0.00    0.00   98.40
12:38:34 PM    0    0.00    0.00    0.00    0.00    0.00    0.00    0.00    0.00    0.00  100.00
12:38:34 PM    1    1.16    0.00    2.33    0.00    0.00    0.00    0.00    0.00    0.00   96.51
12:38:34 PM    2    2.38    0.00    1.19    0.00    0.00    0.00    0.00    0.00    0.00   96.43
12:38:34 PM    3    0.00    0.00    1.20    0.00    0.00    0.00    0.00    0.00    0.00   98.80
12:38:34 PM    4    1.16    0.00    0.00    0.00    0.00    0.00    0.00    0.00    0.00   98.84
12:38:34 PM    5    0.00    0.00    0.00    0.00    0.00    0.00    0.00    0.00    0.00  100.00
12:38:34 PM    6    0.00    0.00    1.14    0.00    0.00    0.00    0.00    0.00    0.00   98.86
12:38:34 PM    7    1.16    0.00    1.16    0.00    0.00    0.00    0.00    0.00    0.00   97.67

12:38:34 PM  CPU    %usr   %nice    %sys %iowait    %irq   %soft  %steal  %guest  %gnice   %idle
12:38:35 PM  all    3.17    0.00    4.33    0.00    0.00    0.87    0.00    0.00    0.00   91.63
12:38:35 PM    0    2.27    0.00    3.41    0.00    0.00    2.27    0.00    0.00    0.00   92.05
12:38:35 PM    1    1.18    0.00    2.35    0.00    0.00    1.18    0.00    0.00    0.00   95.29
12:38:35 PM    2    2.30    0.00    4.60    0.00    0.00    1.15    0.00    0.00    0.00   91.95
12:38:35 PM    3    4.55    0.00    4.55    0.00    0.00    2.27    0.00    0.00    0.00   88.64
12:38:35 PM    4    3.53    0.00    3.53    0.00    0.00    0.00    0.00    0.00    0.00   92.94
12:38:35 PM    5    2.33    0.00    5.81    0.00    0.00    0.00    0.00    0.00    0.00   91.86
12:38:35 PM    6    3.45    0.00    6.90    0.00    0.00    0.00    0.00    0.00    0.00   89.66
12:38:35 PM    7    5.75    0.00    3.45    0.00    0.00    0.00    0.00    0.00    0.00   90.80

12:38:35 PM  CPU    %usr   %nice    %sys %iowait    %irq   %soft  %steal  %guest  %gnice   %idle
12:38:36 PM  all    2.60    0.00    3.32    0.00    0.00    1.01    0.00    0.00    0.00   93.07
12:38:36 PM    0    3.57    0.00    1.19    0.00    0.00    2.38    0.00    0.00    0.00   92.86
12:38:36 PM    1    3.61    0.00    2.41    0.00    0.00    0.00    0.00    0.00    0.00   93.98
12:38:36 PM    2    2.44    0.00    2.44    0.00    0.00    1.22    0.00    0.00    0.00   93.90
12:38:36 PM    3    1.19    0.00    2.38    0.00    0.00    1.19    0.00    0.00    0.00   95.24
12:38:36 PM    4    2.27    0.00    4.55    0.00    0.00    1.14    0.00    0.00    0.00   92.05
12:38:36 PM    5    3.33    0.00    3.33    0.00    0.00    0.00    0.00    0.00    0.00   93.33
12:38:36 PM    6    2.20    0.00    3.30    0.00    0.00    1.10    0.00    0.00    0.00   93.41
12:38:36 PM    7    2.20    0.00    6.59    0.00    0.00    1.10    0.00    0.00    0.00   90.11

12:38:36 PM  CPU    %usr   %nice    %sys %iowait    %irq   %soft  %steal  %guest  %gnice   %idle
12:38:37 PM  all    1.45    0.00    1.16    0.14    0.00    0.14    0.00    0.00    0.00   97.11
12:38:37 PM    0    1.20    0.00    2.41    0.00    0.00    0.00    0.00    0.00    0.00   96.39
12:38:37 PM    1    2.47    0.00    0.00    0.00    0.00    0.00    0.00    0.00    0.00   97.53
12:38:37 PM    2    1.23    0.00    1.23    0.00    0.00    0.00    0.00    0.00    0.00   97.53
12:38:37 PM    3    3.66    0.00    0.00    0.00    0.00    0.00    0.00    0.00    0.00   96.34
12:38:37 PM    4    1.15    0.00    2.30    0.00    0.00    0.00    0.00    0.00    0.00   96.55
12:38:37 PM    5    1.12    0.00    1.12    0.00    0.00    0.00    0.00    0.00    0.00   97.75
12:38:37 PM    6    1.03    0.00    1.03    0.00    0.00    1.03    0.00    0.00    0.00   96.91
12:38:37 PM    7    0.00    0.00    1.09    1.09    0.00    0.00    0.00    0.00    0.00   97.83

12:38:37 PM  CPU    %usr   %nice    %sys %iowait    %irq   %soft  %steal  %guest  %gnice   %idle
12:38:38 PM  all    2.59    0.00    2.88    0.00    0.00    0.58    0.00    0.00    0.00   93.96
12:38:38 PM    0    2.41    0.00    2.41    0.00    0.00    0.00    0.00    0.00    0.00   95.18
12:38:38 PM    1    1.18    0.00    3.53    0.00    0.00    0.00    0.00    0.00    0.00   95.29
12:38:38 PM    2    1.18    0.00    2.35    0.00    0.00    2.35    0.00    0.00    0.00   94.12
12:38:38 PM    3    4.65    0.00    2.33    0.00    0.00    0.00    0.00    0.00    0.00   93.02
12:38:38 PM    4    4.40    0.00    3.30    0.00    0.00    0.00    0.00    0.00    0.00   92.31
12:38:38 PM    5    1.11    0.00    3.33    0.00    0.00    2.22    0.00    0.00    0.00   93.33
12:38:38 PM    6    2.30    0.00    2.30    0.00    0.00    0.00    0.00    0.00    0.00   95.40
12:38:38 PM    7    3.41    0.00    3.41    0.00    0.00    0.00    0.00    0.00    0.00   93.18

12:38:38 PM  CPU    %usr   %nice    %sys %iowait    %irq   %soft  %steal  %guest  %gnice   %idle
12:38:39 PM  all    7.50    0.00   11.60    0.00    0.00    2.26    0.00    0.00    0.00   78.64
12:38:39 PM    0    7.14    0.00    9.52    0.00    0.00    2.38    0.00    0.00    0.00   80.95
12:38:39 PM    1    9.41    0.00    9.41    0.00    0.00    1.18    0.00    0.00    0.00   80.00
12:38:39 PM    2   10.47    0.00    9.30    0.00    0.00    1.16    0.00    0.00    0.00   79.07
12:38:39 PM    3   10.87    0.00   13.04    0.00    0.00    3.26    0.00    0.00    0.00   72.83
12:38:39 PM    4    5.81    0.00   10.47    0.00    0.00    2.33    0.00    0.00    0.00   81.40
12:38:39 PM    5    4.71    0.00    8.24    0.00    0.00    0.00    0.00    0.00    0.00   87.06
12:38:39 PM    6    6.32    0.00   17.89    0.00    0.00    3.16    0.00    0.00    0.00   72.63
12:38:39 PM    7    5.32    0.00   13.83    0.00    0.00    4.26    0.00    0.00    0.00   76.60

12:38:39 PM  CPU    %usr   %nice    %sys %iowait    %irq   %soft  %steal  %guest  %gnice   %idle
12:38:40 PM  all    4.01    0.00    7.31    0.00    0.00    1.58    0.00    0.00    0.00   87.11
12:38:40 PM    0    4.82    0.00    7.23    0.00    0.00    1.20    0.00    0.00    0.00   86.75
12:38:40 PM    1    9.30    0.00    4.65    0.00    0.00    1.16    0.00    0.00    0.00   84.88
12:38:40 PM    2    4.71    0.00    8.24    0.00    0.00    1.18    0.00    0.00    0.00   85.88
12:38:40 PM    3    3.75    0.00    5.00    0.00    0.00    1.25    0.00    0.00    0.00   90.00
12:38:40 PM    4    0.00    0.00   10.75    0.00    0.00    1.08    0.00    0.00    0.00   88.17
12:38:40 PM    5    2.27    0.00    4.55    0.00    0.00    3.41    0.00    0.00    0.00   89.77
12:38:40 PM    6    3.33    0.00    8.89    0.00    0.00    3.33    0.00    0.00    0.00   84.44
12:38:40 PM    7    4.30    0.00    8.60    0.00    0.00    0.00    0.00    0.00    0.00   87.10

12:38:40 PM  CPU    %usr   %nice    %sys %iowait    %irq   %soft  %steal  %guest  %gnice   %idle
12:38:41 PM  all    4.41    0.00    6.26    0.00    0.00    1.71    0.00    0.00    0.00   87.62
12:38:41 PM    0    6.74    0.00    8.99    0.00    0.00    1.12    0.00    0.00    0.00   83.15
12:38:41 PM    1    2.41    0.00    4.82    0.00    0.00    2.41    0.00    0.00    0.00   90.36
12:38:41 PM    2    3.61    0.00    4.82    0.00    0.00    2.41    0.00    0.00    0.00   89.16
12:38:41 PM    3    5.88    0.00    4.71    0.00    0.00    2.35    0.00    0.00    0.00   87.06
12:38:41 PM    4    4.26    0.00    7.45    0.00    0.00    2.13    0.00    0.00    0.00   86.17
12:38:41 PM    5    5.38    0.00    5.38    0.00    0.00    1.08    0.00    0.00    0.00   88.17
12:38:41 PM    6    4.49    0.00    6.74    0.00    0.00    1.12    0.00    0.00    0.00   87.64
12:38:41 PM    7    2.30    0.00    6.90    0.00    0.00    1.15    0.00    0.00    0.00   89.66

12:38:41 PM  CPU    %usr   %nice    %sys %iowait    %irq   %soft  %steal  %guest  %gnice   %idle
12:38:42 PM  all    0.29    0.00    1.02    0.29    0.00    0.15    0.00    0.00    0.00   98.26
12:38:42 PM    0    0.00    0.00    1.22    0.00    0.00    0.00    0.00    0.00    0.00   98.78
12:38:42 PM    1    1.20    0.00    0.00    1.20    0.00    0.00    0.00    0.00    0.00   97.59
12:38:42 PM    2    0.00    0.00    2.35    0.00    0.00    1.18    0.00    0.00    0.00   96.47
12:38:42 PM    3    0.00    0.00    2.41    0.00    0.00    0.00    0.00    0.00    0.00   97.59
12:38:42 PM    4    0.00    0.00    0.00    1.16    0.00    0.00    0.00    0.00    0.00   98.84
12:38:42 PM    5    0.00    0.00    1.12    0.00    0.00    0.00    0.00    0.00    0.00   98.88
12:38:42 PM    6    0.00    0.00    0.00    0.00    0.00    0.00    0.00    0.00    0.00  100.00
12:38:42 PM    7    1.11    0.00    1.11    0.00    0.00    0.00    0.00    0.00    0.00   97.78

12:38:42 PM  CPU    %usr   %nice    %sys %iowait    %irq   %soft  %steal  %guest  %gnice   %idle
12:38:43 PM  all    0.43    0.00    1.01    0.00    0.00    0.43    0.00    0.00    0.00   98.12
12:38:43 PM    0    0.00    0.00    1.18    0.00    0.00    1.18    0.00    0.00    0.00   97.65
12:38:43 PM    1    0.00    0.00    2.33    0.00    0.00    0.00    0.00    0.00    0.00   97.67
12:38:43 PM    2    0.00    0.00    0.00    0.00    0.00    0.00    0.00    0.00    0.00  100.00
12:38:43 PM    3    1.15    0.00    0.00    0.00    0.00    1.15    0.00    0.00    0.00   97.70
12:38:43 PM    4    0.00    0.00    0.00    0.00    0.00    1.18    0.00    0.00    0.00   98.82
12:38:43 PM    5    1.14    0.00    1.14    0.00    0.00    0.00    0.00    0.00    0.00   97.73
12:38:43 PM    6    0.00    0.00    2.30    0.00    0.00    0.00    0.00    0.00    0.00   97.70
12:38:43 PM    7    1.14    0.00    1.14    0.00    0.00    0.00    0.00    0.00    0.00   97.73

12:38:43 PM  CPU    %usr   %nice    %sys %iowait    %irq   %soft  %steal  %guest  %gnice   %idle
12:38:44 PM  all    0.72    0.00    0.87    0.00    0.00    0.43    0.00    0.00    0.00   97.97
12:38:44 PM    0    0.00    0.00    1.20    0.00    0.00    0.00    0.00    0.00    0.00   98.80
12:38:44 PM    1    0.00    0.00    1.22    0.00    0.00    0.00    0.00    0.00    0.00   98.78
12:38:44 PM    2    1.19    0.00    0.00    0.00    0.00    0.00    0.00    0.00    0.00   98.81
12:38:44 PM    3    1.18    0.00    2.35    0.00    0.00    0.00    0.00    0.00    0.00   96.47
12:38:44 PM    4    1.11    0.00    1.11    0.00    0.00    1.11    0.00    0.00    0.00   96.67
12:38:44 PM    5    0.00    0.00    0.00    0.00    0.00    1.15    0.00    0.00    0.00   98.85
12:38:44 PM    6    1.11    0.00    0.00    0.00    0.00    1.11    0.00    0.00    0.00   97.78
12:38:44 PM    7    1.12    0.00    1.12    0.00    0.00    0.00    0.00    0.00    0.00   97.75

12:38:44 PM  CPU    %usr   %nice    %sys %iowait    %irq   %soft  %steal  %guest  %gnice   %idle
12:38:45 PM  all    4.37    0.00    8.32    0.00    0.00    1.27    0.00    0.00    0.00   86.04
12:38:45 PM    0    2.41    0.00    6.02    0.00    0.00    2.41    0.00    0.00    0.00   89.16
12:38:45 PM    1    4.71    0.00    7.06    0.00    0.00    2.35    0.00    0.00    0.00   85.88
12:38:45 PM    2    5.62    0.00   10.11    0.00    0.00    1.12    0.00    0.00    0.00   83.15
12:38:45 PM    3    2.44    0.00    7.32    0.00    0.00    1.22    0.00    0.00    0.00   89.02
12:38:45 PM    4    7.53    0.00    8.60    0.00    0.00    0.00    0.00    0.00    0.00   83.87
12:38:45 PM    5    5.32    0.00    7.45    0.00    0.00    1.06    0.00    0.00    0.00   86.17
12:38:45 PM    6    3.33    0.00   10.00    0.00    0.00    0.00    0.00    0.00    0.00   86.67
12:38:45 PM    7    3.23    0.00    9.68    0.00    0.00    2.15    0.00    0.00    0.00   84.95
