Linux 5.15.0-171-generic (cloudnet-s05) 	05/19/2026 	_x86_64_	(8 CPU)

12:14:02 PM  CPU    %usr   %nice    %sys %iowait    %irq   %soft  %steal  %guest  %gnice   %idle
12:14:03 PM  all    2.63    0.00    2.51    0.00    0.00    0.00    0.00    0.00    0.00   94.86
12:14:03 PM    0    1.01    0.00    8.08    0.00    0.00    0.00    0.00    0.00    0.00   90.91
12:14:03 PM    1    8.00    0.00    1.00    0.00    0.00    0.00    0.00    0.00    0.00   91.00
12:14:03 PM    2    2.00    0.00    0.00    0.00    0.00    0.00    0.00    0.00    0.00   98.00
12:14:03 PM    3    4.95    0.00    0.99    0.00    0.00    0.00    0.00    0.00    0.00   94.06
12:14:03 PM    4    0.00    0.00    1.00    0.00    0.00    0.00    0.00    0.00    0.00   99.00
12:14:03 PM    5    2.00    0.00    6.00    0.00    0.00    0.00    0.00    0.00    0.00   92.00
12:14:03 PM    6    2.04    0.00    1.02    0.00    0.00    0.00    0.00    0.00    0.00   96.94
12:14:03 PM    7    1.00    0.00    2.00    0.00    0.00    0.00    0.00    0.00    0.00   97.00

12:14:03 PM  CPU    %usr   %nice    %sys %iowait    %irq   %soft  %steal  %guest  %gnice   %idle
12:14:04 PM  all    1.26    0.00    0.75    0.00    0.00    0.13    0.00    0.00    0.00   97.86
12:14:04 PM    0    0.00    0.00    0.00    0.00    0.00    1.00    0.00    0.00    0.00   99.00
12:14:04 PM    1    8.16    0.00    1.02    0.00    0.00    0.00    0.00    0.00    0.00   90.82
12:14:04 PM    2    0.00    0.00    2.00    0.00    0.00    0.00    0.00    0.00    0.00   98.00
12:14:04 PM    3    0.00    0.00    0.00    0.00    0.00    0.00    0.00    0.00    0.00  100.00
12:14:04 PM    4    0.00    0.00    1.00    0.00    0.00    0.00    0.00    0.00    0.00   99.00
12:14:04 PM    5    0.00    0.00    1.00    0.00    0.00    0.00    0.00    0.00    0.00   99.00
12:14:04 PM    6    2.00    0.00    1.00    0.00    0.00    0.00    0.00    0.00    0.00   97.00
12:14:04 PM    7    0.00    0.00    0.00    0.00    0.00    0.00    0.00    0.00    0.00  100.00

12:14:04 PM  CPU    %usr   %nice    %sys %iowait    %irq   %soft  %steal  %guest  %gnice   %idle
12:14:05 PM  all    0.25    0.00    0.00    0.25    0.00    0.00    0.00    0.00    0.00   99.50
12:14:05 PM    0    0.00    0.00    0.00    0.00    0.00    0.00    0.00    0.00    0.00  100.00
12:14:05 PM    1    0.00    0.00    0.00    0.00    0.00    0.00    0.00    0.00    0.00  100.00
12:14:05 PM    2    0.00    0.00    0.00    1.00    0.00    0.00    0.00    0.00    0.00   99.00
12:14:05 PM    3    0.00    0.00    0.00    0.00    0.00    0.00    0.00    0.00    0.00  100.00
12:14:05 PM    4    2.06    0.00    0.00    0.00    0.00    0.00    0.00    0.00    0.00   97.94
12:14:05 PM    5    0.00    0.00    0.00    0.00    0.00    0.00    0.00    0.00    0.00  100.00
12:14:05 PM    6    0.00    0.00    0.00    1.00    0.00    0.00    0.00    0.00    0.00   99.00
12:14:05 PM    7    0.00    0.00    0.00    0.00    0.00    0.00    0.00    0.00    0.00  100.00

12:14:05 PM  CPU    %usr   %nice    %sys %iowait    %irq   %soft  %steal  %guest  %gnice   %idle
12:14:06 PM  all    7.06    0.00   14.91    0.00    0.00    2.80    0.00    0.00    0.00   75.22
12:14:06 PM    0    5.66    0.00   11.32    0.00    0.00    2.83    0.00    0.00    0.00   80.19
12:14:06 PM    1    5.56    0.00   12.96    0.00    0.00    1.85    0.00    0.00    0.00   79.63
12:14:06 PM    2    5.50    0.00   14.68    0.00    0.00    2.75    0.00    0.00    0.00   77.06
12:14:06 PM    3    6.03    0.00   18.10    0.00    0.00    3.45    0.00    0.00    0.00   72.41
12:14:06 PM    4   10.00    0.00   15.45    0.00    0.00    1.82    0.00    0.00    0.00   72.73
12:14:06 PM    5    8.55    0.00   17.95    0.00    0.00    1.71    0.00    0.00    0.00   71.79
12:14:06 PM    6    6.25    0.00   13.39    0.00    0.00    5.36    0.00    0.00    0.00   75.00
12:14:06 PM    7    8.77    0.00   14.91    0.00    0.00    2.63    0.00    0.00    0.00   73.68

12:14:06 PM  CPU    %usr   %nice    %sys %iowait    %irq   %soft  %steal  %guest  %gnice   %idle
12:14:07 PM  all    7.03    0.00   15.19    0.00    0.00    2.61    0.00    0.00    0.00   75.17
12:14:07 PM    0    4.72    0.00   14.15    0.00    0.00    2.83    0.00    0.00    0.00   78.30
12:14:07 PM    1    9.57    0.00   16.52    0.00    0.00    3.48    0.00    0.00    0.00   70.43
12:14:07 PM    2    7.34    0.00   13.76    0.00    0.00    2.75    0.00    0.00    0.00   76.15
12:14:07 PM    3    8.70    0.00   17.39    0.00    0.00    2.61    0.00    0.00    0.00   71.30
12:14:07 PM    4    6.60    0.00   11.32    0.00    0.00    1.89    0.00    0.00    0.00   80.19
12:14:07 PM    5    6.54    0.00   14.02    0.00    0.00    2.80    0.00    0.00    0.00   76.64
12:14:07 PM    6    6.48    0.00   12.04    0.00    0.00    1.85    0.00    0.00    0.00   79.63
12:14:07 PM    7    6.03    0.00   21.55    0.00    0.00    2.59    0.00    0.00    0.00   69.83

12:14:07 PM  CPU    %usr   %nice    %sys %iowait    %irq   %soft  %steal  %guest  %gnice   %idle
12:14:08 PM  all    8.55    0.00   17.60    0.00    0.00    3.10    0.00    0.00    0.00   70.76
12:14:08 PM    0    7.07    0.00   17.17    0.00    0.00    2.02    0.00    0.00    0.00   73.74
12:14:08 PM    1    6.93    0.00   17.82    0.00    0.00    2.97    0.00    0.00    0.00   72.28
12:14:08 PM    2    5.05    0.00   18.18    0.00    0.00    3.03    0.00    0.00    0.00   73.74
12:14:08 PM    3    6.12    0.00   15.31    0.00    0.00    4.08    0.00    0.00    0.00   74.49
12:14:08 PM    4   13.21    0.00   17.92    0.00    0.00    2.83    0.00    0.00    0.00   66.04
12:14:08 PM    5   11.88    0.00   18.81    0.00    0.00    2.97    0.00    0.00    0.00   66.34
12:14:08 PM    6    7.00    0.00   18.00    0.00    0.00    3.00    0.00    0.00    0.00   72.00
12:14:08 PM    7   10.68    0.00   17.48    0.00    0.00    3.88    0.00    0.00    0.00   67.96

12:14:08 PM  CPU    %usr   %nice    %sys %iowait    %irq   %soft  %steal  %guest  %gnice   %idle
12:14:09 PM  all    9.80    0.00   16.55    0.00    0.00    3.04    0.00    0.00    0.00   70.61
12:14:09 PM    0   10.71    0.00   16.07    0.00    0.00    4.46    0.00    0.00    0.00   68.75
12:14:09 PM    1    9.82    0.00   16.07    0.00    0.00    3.57    0.00    0.00    0.00   70.54
12:14:09 PM    2    9.26    0.00   15.74    0.00    0.00    1.85    0.00    0.00    0.00   73.15
12:14:09 PM    3   10.71    0.00   16.07    0.00    0.00    2.68    0.00    0.00    0.00   70.54
12:14:09 PM    4    6.48    0.00   17.59    0.00    0.00    2.78    0.00    0.00    0.00   73.15
12:14:09 PM    5   10.71    0.00   16.07    0.00    0.00    3.57    0.00    0.00    0.00   69.64
12:14:09 PM    6    9.09    0.00   18.18    0.00    0.00    1.82    0.00    0.00    0.00   70.91
12:14:09 PM    7   11.40    0.00   16.67    0.00    0.00    3.51    0.00    0.00    0.00   68.42

12:14:09 PM  CPU    %usr   %nice    %sys %iowait    %irq   %soft  %steal  %guest  %gnice   %idle
12:14:10 PM  all    9.29    0.00   16.26    0.11    0.00    3.21    0.00    0.00    0.00   71.13
12:14:10 PM    0   12.39    0.00   14.16    0.00    0.00    3.54    0.00    0.00    0.00   69.91
12:14:10 PM    1   10.26    0.00   17.95    0.00    0.00    5.13    0.00    0.00    0.00   66.67
12:14:10 PM    2    8.85    0.00   21.24    0.88    0.00    1.77    0.00    0.00    0.00   67.26
12:14:10 PM    3    9.91    0.00   14.41    0.00    0.00    4.50    0.00    0.00    0.00   71.17
12:14:10 PM    4    8.18    0.00   14.55    0.00    0.00    1.82    0.00    0.00    0.00   75.45
12:14:10 PM    5    7.14    0.00   16.07    0.00    0.00    2.68    0.00    0.00    0.00   74.11
12:14:10 PM    6    8.55    0.00   17.09    0.00    0.00    4.27    0.00    0.00    0.00   70.09
12:14:10 PM    7    9.01    0.00   14.41    0.00    0.00    1.80    0.00    0.00    0.00   74.77

12:14:10 PM  CPU    %usr   %nice    %sys %iowait    %irq   %soft  %steal  %guest  %gnice   %idle
12:14:11 PM  all    8.66    0.00   16.23    0.00    0.00    2.92    0.00    0.00    0.00   72.19
12:14:11 PM    0    8.55    0.00   14.53    0.00    0.00    5.13    0.00    0.00    0.00   71.79
12:14:11 PM    1   12.40    0.00   18.18    0.00    0.00    1.65    0.00    0.00    0.00   67.77
12:14:11 PM    2    7.08    0.00   14.16    0.00    0.00    3.54    0.00    0.00    0.00   75.22
12:14:11 PM    3    9.01    0.00   13.51    0.00    0.00    3.60    0.00    0.00    0.00   73.87
12:14:11 PM    4    8.04    0.00   14.29    0.00    0.00    1.79    0.00    0.00    0.00   75.89
12:14:11 PM    5    9.40    0.00   17.95    0.00    0.00    0.85    0.00    0.00    0.00   71.79
12:14:11 PM    6   10.17    0.00   18.64    0.00    0.00    1.69    0.00    0.00    0.00   69.49
12:14:11 PM    7    4.35    0.00   18.26    0.00    0.00    5.22    0.00    0.00    0.00   72.17

12:14:11 PM  CPU    %usr   %nice    %sys %iowait    %irq   %soft  %steal  %guest  %gnice   %idle
12:14:12 PM  all    9.01    0.00   16.31    0.00    0.00    3.00    0.00    0.00    0.00   71.67
12:14:12 PM    0    9.82    0.00   12.50    0.00    0.00    2.68    0.00    0.00    0.00   75.00
12:14:12 PM    1   13.33    0.00   16.67    0.00    0.00    2.50    0.00    0.00    0.00   67.50
12:14:12 PM    2   11.76    0.00   16.81    0.00    0.00    2.52    0.00    0.00    0.00   68.91
12:14:12 PM    3   11.48    0.00   16.39    0.00    0.00    4.10    0.00    0.00    0.00   68.03
12:14:12 PM    4    6.09    0.00   15.65    0.00    0.00    3.48    0.00    0.00    0.00   74.78
12:14:12 PM    5    7.76    0.00   18.97    0.00    0.00    1.72    0.00    0.00    0.00   71.55
12:14:12 PM    6    6.96    0.00   15.65    0.00    0.00    3.48    0.00    0.00    0.00   73.91
12:14:12 PM    7    4.42    0.00   17.70    0.00    0.00    3.54    0.00    0.00    0.00   74.34

12:14:12 PM  CPU    %usr   %nice    %sys %iowait    %irq   %soft  %steal  %guest  %gnice   %idle
12:14:13 PM  all   13.85    0.00   23.17    0.00    0.00    4.28    0.00    0.00    0.00   58.69
12:14:13 PM    0    9.90    0.00   25.74    0.00    0.00    4.95    0.00    0.00    0.00   59.41
12:14:13 PM    1   14.29    0.00   18.37    0.00    0.00    3.06    0.00    0.00    0.00   64.29
12:14:13 PM    2   12.50    0.00   24.04    0.00    0.00    4.81    0.00    0.00    0.00   58.65
12:14:13 PM    3   12.50    0.00   26.04    0.00    0.00    3.12    0.00    0.00    0.00   58.33
12:14:13 PM    4   15.00    0.00   24.00    0.00    0.00    6.00    0.00    0.00    0.00   55.00
12:14:13 PM    5   13.40    0.00   25.77    0.00    0.00    2.06    0.00    0.00    0.00   58.76
12:14:13 PM    6   15.69    0.00   20.59    0.00    0.00    5.88    0.00    0.00    0.00   57.84
12:14:13 PM    7   17.71    0.00   20.83    0.00    0.00    4.17    0.00    0.00    0.00   57.29

12:14:13 PM  CPU    %usr   %nice    %sys %iowait    %irq   %soft  %steal  %guest  %gnice   %idle
12:14:14 PM  all   11.84    0.00   16.78    0.00    0.00    2.30    0.00    0.00    0.00   69.08
12:14:14 PM    0    8.57    0.00   13.33    0.00    0.00    1.90    0.00    0.00    0.00   76.19
12:14:14 PM    1    7.08    0.00   21.24    0.00    0.00    2.65    0.00    0.00    0.00   69.03
12:14:14 PM    2   11.01    0.00   16.51    0.00    0.00    3.67    0.00    0.00    0.00   68.81
12:14:14 PM    3   13.64    0.00   12.73    0.00    0.00    1.82    0.00    0.00    0.00   71.82
12:14:14 PM    4   16.04    0.00   12.26    0.00    0.00    1.89    0.00    0.00    0.00   69.81
12:14:14 PM    5   11.43    0.00   19.05    0.00    0.00    2.86    0.00    0.00    0.00   66.67
12:14:14 PM    6   16.22    0.00   17.12    0.00    0.00    1.80    0.00    0.00    0.00   64.86
12:14:14 PM    7   10.81    0.00   21.62    0.00    0.00    1.80    0.00    0.00    0.00   65.77

12:14:14 PM  CPU    %usr   %nice    %sys %iowait    %irq   %soft  %steal  %guest  %gnice   %idle
12:14:15 PM  all    9.70    0.00   15.33    0.22    0.00    2.76    0.00    0.00    0.00   72.00
12:14:15 PM    0   10.53    0.00   14.04    0.00    0.00    3.51    0.00    0.00    0.00   71.93
12:14:15 PM    1   10.17    0.00   17.80    0.00    0.00    4.24    0.00    0.00    0.00   67.80
12:14:15 PM    2   11.50    0.00   11.50    0.00    0.00    3.54    0.00    0.00    0.00   73.45
12:14:15 PM    3   11.71    0.00   13.51    0.00    0.00    0.00    0.00    0.00    0.00   74.77
12:14:15 PM    4    8.04    0.00   15.18    0.89    0.00    3.57    0.00    0.00    0.00   72.32
12:14:15 PM    5   10.62    0.00   15.04    0.88    0.00    1.77    0.00    0.00    0.00   71.68
12:14:15 PM    6    7.89    0.00   17.54    0.00    0.00    2.63    0.00    0.00    0.00   71.93
12:14:15 PM    7    7.14    0.00   17.86    0.00    0.00    2.68    0.00    0.00    0.00   72.32

12:14:15 PM  CPU    %usr   %nice    %sys %iowait    %irq   %soft  %steal  %guest  %gnice   %idle
12:14:16 PM  all    8.88    0.00   15.90    0.00    0.00    2.08    0.00    0.00    0.00   73.14
12:14:16 PM    0    9.65    0.00   14.91    0.00    0.00    1.75    0.00    0.00    0.00   73.68
12:14:16 PM    1   11.40    0.00   14.04    0.00    0.00    1.75    0.00    0.00    0.00   72.81
12:14:16 PM    2   11.21    0.00   15.52    0.00    0.00    3.45    0.00    0.00    0.00   69.83
12:14:16 PM    3   11.30    0.00   15.65    0.00    0.00    2.61    0.00    0.00    0.00   70.43
12:14:16 PM    4    5.45    0.00   15.45    0.00    0.00    0.91    0.00    0.00    0.00   78.18
12:14:16 PM    5    6.14    0.00   15.79    0.00    0.00    2.63    0.00    0.00    0.00   75.44
12:14:16 PM    6    8.70    0.00   16.52    0.00    0.00    2.61    0.00    0.00    0.00   72.17
12:14:16 PM    7    7.02    0.00   19.30    0.00    0.00    0.88    0.00    0.00    0.00   72.81

12:14:16 PM  CPU    %usr   %nice    %sys %iowait    %irq   %soft  %steal  %guest  %gnice   %idle
12:14:17 PM  all   11.58    0.00   17.64    0.00    0.00    3.53    0.00    0.00    0.00   67.25
12:14:17 PM    0   12.39    0.00   15.93    0.00    0.00    3.54    0.00    0.00    0.00   68.14
12:14:17 PM    1   11.40    0.00   16.67    0.00    0.00    4.39    0.00    0.00    0.00   67.54
12:14:17 PM    2    9.17    0.00   16.51    0.00    0.00    3.67    0.00    0.00    0.00   70.64
12:14:17 PM    3   12.07    0.00   18.97    0.00    0.00    3.45    0.00    0.00    0.00   65.52
12:14:17 PM    4   12.93    0.00   18.10    0.00    0.00    4.31    0.00    0.00    0.00   64.66
12:14:17 PM    5   11.71    0.00   18.02    0.00    0.00    2.70    0.00    0.00    0.00   67.57
12:14:17 PM    6   13.91    0.00   16.52    0.00    0.00    3.48    0.00    0.00    0.00   66.09
12:14:17 PM    7    8.85    0.00   20.35    0.00    0.00    2.65    0.00    0.00    0.00   68.14

12:14:17 PM  CPU    %usr   %nice    %sys %iowait    %irq   %soft  %steal  %guest  %gnice   %idle
12:14:18 PM  all   12.39    0.00   19.27    0.00    0.00    3.33    0.00    0.00    0.00   65.02
12:14:18 PM    0   12.26    0.00   16.98    0.00    0.00    3.77    0.00    0.00    0.00   66.98
12:14:18 PM    1   12.61    0.00   20.72    0.00    0.00    4.50    0.00    0.00    0.00   62.16
12:14:18 PM    2   15.38    0.00   22.22    0.00    0.00    3.42    0.00    0.00    0.00   58.97
12:14:18 PM    3   15.89    0.00   18.69    0.00    0.00    2.80    0.00    0.00    0.00   62.62
12:14:18 PM    4   11.01    0.00   17.43    0.00    0.00    3.67    0.00    0.00    0.00   67.89
12:14:18 PM    5    9.62    0.00   18.27    0.00    0.00    3.85    0.00    0.00    0.00   68.27
12:14:18 PM    6    8.26    0.00   22.02    0.00    0.00    1.83    0.00    0.00    0.00   67.89
12:14:18 PM    7   13.76    0.00   17.43    0.00    0.00    2.75    0.00    0.00    0.00   66.06

12:14:18 PM  CPU    %usr   %nice    %sys %iowait    %irq   %soft  %steal  %guest  %gnice   %idle
12:14:19 PM  all   14.33    0.00   20.30    0.00    0.00    3.21    0.00    0.00    0.00   62.16
12:14:19 PM    0   16.82    0.00   14.95    0.00    0.00    2.80    0.00    0.00    0.00   65.42
12:14:19 PM    1   12.96    0.00   21.30    0.00    0.00    2.78    0.00    0.00    0.00   62.96
12:14:19 PM    2   11.32    0.00   20.75    0.00    0.00    2.83    0.00    0.00    0.00   65.09
12:14:19 PM    3   13.51    0.00   25.23    0.00    0.00    1.80    0.00    0.00    0.00   59.46
12:14:19 PM    4   15.24    0.00   19.05    0.00    0.00    1.90    0.00    0.00    0.00   63.81
12:14:19 PM    5   10.00    0.00   23.64    0.00    0.00    4.55    0.00    0.00    0.00   61.82
12:14:19 PM    6   16.22    0.00   20.72    0.00    0.00    3.60    0.00    0.00    0.00   59.46
12:14:19 PM    7   18.42    0.00   16.67    0.00    0.00    5.26    0.00    0.00    0.00   59.65

12:14:19 PM  CPU    %usr   %nice    %sys %iowait    %irq   %soft  %steal  %guest  %gnice   %idle
12:14:20 PM  all   10.82    0.00   15.88    0.24    0.00    2.82    0.00    0.00    0.00   70.24
12:14:20 PM    0   13.76    0.00   17.43    0.00    0.00    2.75    0.00    0.00    0.00   66.06
12:14:20 PM    1   11.43    0.00   15.24    0.00    0.00    0.95    0.00    0.00    0.00   72.38
12:14:20 PM    2    9.26    0.00   20.37    0.93    0.00    2.78    0.00    0.00    0.00   66.67
12:14:20 PM    3   12.62    0.00   12.62    0.00    0.00    1.94    0.00    0.00    0.00   72.82
12:14:20 PM    4    9.52    0.00   15.24    0.95    0.00    3.81    0.00    0.00    0.00   70.48
12:14:20 PM    5    9.52    0.00   15.24    0.00    0.00    3.81    0.00    0.00    0.00   71.43
12:14:20 PM    6   11.11    0.00   14.81    0.00    0.00    2.78    0.00    0.00    0.00   71.30
12:14:20 PM    7    9.35    0.00   15.89    0.00    0.00    3.74    0.00    0.00    0.00   71.03

12:14:20 PM  CPU    %usr   %nice    %sys %iowait    %irq   %soft  %steal  %guest  %gnice   %idle
12:14:21 PM  all    9.61    0.00   13.88    0.00    0.00    1.78    0.00    0.00    0.00   74.73
12:14:21 PM    0    7.55    0.00   16.98    0.00    0.00    2.83    0.00    0.00    0.00   72.64
12:14:21 PM    1    7.92    0.00   13.86    0.00    0.00    1.98    0.00    0.00    0.00   76.24
12:14:21 PM    2    9.35    0.00   15.89    0.00    0.00    0.93    0.00    0.00    0.00   73.83
12:14:21 PM    3   12.39    0.00   16.81    0.00    0.00    1.77    0.00    0.00    0.00   69.03
12:14:21 PM    4    8.74    0.00   12.62    0.00    0.00    0.97    0.00    0.00    0.00   77.67
12:14:21 PM    5   10.38    0.00   11.32    0.00    0.00    2.83    0.00    0.00    0.00   75.47
12:14:21 PM    6    8.82    0.00   11.76    0.00    0.00    0.98    0.00    0.00    0.00   78.43
12:14:21 PM    7   11.43    0.00   11.43    0.00    0.00    1.90    0.00    0.00    0.00   75.24

12:14:21 PM  CPU    %usr   %nice    %sys %iowait    %irq   %soft  %steal  %guest  %gnice   %idle
12:14:22 PM  all   11.52    0.00   18.36    0.00    0.00    2.74    0.00    0.00    0.00   67.39
12:14:22 PM    0   12.50    0.00   18.75    0.00    0.00    2.68    0.00    0.00    0.00   66.07
12:14:22 PM    1   11.11    0.00   15.74    0.00    0.00    2.78    0.00    0.00    0.00   70.37
12:14:22 PM    2    9.35    0.00   20.56    0.00    0.00    1.87    0.00    0.00    0.00   68.22
12:14:22 PM    3   10.48    0.00   19.05    0.00    0.00    0.00    0.00    0.00    0.00   70.48
12:14:22 PM    4   11.61    0.00   17.86    0.00    0.00    4.46    0.00    0.00    0.00   66.07
12:14:22 PM    5   15.04    0.00   18.58    0.00    0.00    2.65    0.00    0.00    0.00   63.72
12:14:22 PM    6   10.91    0.00   19.09    0.00    0.00    3.64    0.00    0.00    0.00   66.36
12:14:22 PM    7   10.91    0.00   17.27    0.00    0.00    3.64    0.00    0.00    0.00   68.18

12:14:22 PM  CPU    %usr   %nice    %sys %iowait    %irq   %soft  %steal  %guest  %gnice   %idle
12:14:23 PM  all   10.67    0.00   13.92    0.00    0.00    2.55    0.00    0.00    0.00   72.85
12:14:23 PM    0   11.21    0.00   14.02    0.00    0.00    1.87    0.00    0.00    0.00   72.90
12:14:23 PM    1   10.91    0.00   17.27    0.00    0.00    1.82    0.00    0.00    0.00   70.00
12:14:23 PM    2    7.69    0.00   16.35    0.00    0.00    0.96    0.00    0.00    0.00   75.00
12:14:23 PM    3    7.55    0.00   15.09    0.00    0.00    3.77    0.00    0.00    0.00   73.58
12:14:23 PM    4   12.04    0.00   11.11    0.00    0.00    2.78    0.00    0.00    0.00   74.07
12:14:23 PM    5   11.11    0.00   13.89    0.00    0.00    1.85    0.00    0.00    0.00   73.15
12:14:23 PM    6   10.09    0.00   11.93    0.00    0.00    5.50    0.00    0.00    0.00   72.48
12:14:23 PM    7   14.55    0.00   11.82    0.00    0.00    1.82    0.00    0.00    0.00   71.82

12:14:23 PM  CPU    %usr   %nice    %sys %iowait    %irq   %soft  %steal  %guest  %gnice   %idle
12:14:24 PM  all    9.92    0.00   13.46    0.00    0.00    2.83    0.00    0.00    0.00   73.79
12:14:24 PM    0   10.89    0.00    9.90    0.00    0.00    1.98    0.00    0.00    0.00   77.23
12:14:24 PM    1   10.58    0.00   13.46    0.00    0.00    1.92    0.00    0.00    0.00   74.04
12:14:24 PM    2    3.88    0.00   16.50    0.00    0.00    1.94    0.00    0.00    0.00   77.67
12:14:24 PM    3    4.95    0.00   13.86    0.00    0.00    0.00    0.00    0.00    0.00   81.19
12:14:24 PM    4   10.71    0.00   15.18    0.00    0.00    5.36    0.00    0.00    0.00   68.75
12:14:24 PM    5   14.16    0.00   12.39    0.00    0.00    4.42    0.00    0.00    0.00   69.03
12:14:24 PM    6   13.08    0.00   12.15    0.00    0.00    3.74    0.00    0.00    0.00   71.03
12:14:24 PM    7   10.38    0.00   14.15    0.00    0.00    2.83    0.00    0.00    0.00   72.64

12:14:24 PM  CPU    %usr   %nice    %sys %iowait    %irq   %soft  %steal  %guest  %gnice   %idle
12:14:25 PM  all   13.67    0.00   14.80    0.11    0.00    2.49    0.00    0.00    0.00   68.93
12:14:25 PM    0   15.09    0.00   12.26    0.00    0.00    0.94    0.00    0.00    0.00   71.70
12:14:25 PM    1    7.84    0.00   13.73    0.00    0.00    0.98    0.00    0.00    0.00   77.45
12:14:25 PM    2   14.02    0.00   14.02    0.00    0.00    0.93    0.00    0.00    0.00   71.03
12:14:25 PM    3   12.04    0.00   16.67    0.00    0.00    1.85    0.00    0.00    0.00   69.44
12:14:25 PM    4   14.91    0.00   14.91    0.88    0.00    3.51    0.00    0.00    0.00   65.79
12:14:25 PM    5   14.78    0.00   15.65    0.00    0.00    3.48    0.00    0.00    0.00   66.09
12:14:25 PM    6   15.38    0.00   15.38    0.00    0.00    4.27    0.00    0.00    0.00   64.96
12:14:25 PM    7   14.66    0.00   15.52    0.00    0.00    3.45    0.00    0.00    0.00   66.38

12:14:25 PM  CPU    %usr   %nice    %sys %iowait    %irq   %soft  %steal  %guest  %gnice   %idle
12:14:26 PM  all   13.33    0.00   19.39    0.00    0.00    3.88    0.00    0.00    0.00   63.39
12:14:26 PM    0   11.76    0.00   17.65    0.00    0.00    2.94    0.00    0.00    0.00   67.65
12:14:26 PM    1   11.76    0.00   19.61    0.00    0.00    1.96    0.00    0.00    0.00   66.67
12:14:26 PM    2    8.08    0.00   22.22    0.00    0.00    4.04    0.00    0.00    0.00   65.66
12:14:26 PM    3   11.54    0.00   19.23    0.00    0.00    3.85    0.00    0.00    0.00   65.38
12:14:26 PM    4   16.98    0.00   18.87    0.00    0.00    4.72    0.00    0.00    0.00   59.43
12:14:26 PM    5   14.15    0.00   20.75    0.00    0.00    5.66    0.00    0.00    0.00   59.43
12:14:26 PM    6   16.83    0.00   14.85    0.00    0.00    4.95    0.00    0.00    0.00   63.37
12:14:26 PM    7   15.24    0.00   21.90    0.00    0.00    2.86    0.00    0.00    0.00   60.00

12:14:26 PM  CPU    %usr   %nice    %sys %iowait    %irq   %soft  %steal  %guest  %gnice   %idle
12:14:27 PM  all    7.47    0.00    6.16    0.00    0.00    1.44    0.00    0.00    0.00   84.93
12:14:27 PM    0    7.37    0.00    4.21    0.00    0.00    0.00    0.00    0.00    0.00   88.42
12:14:27 PM    1    9.09    0.00    5.05    0.00    0.00    1.01    0.00    0.00    0.00   84.85
12:14:27 PM    2    8.33    0.00    5.21    0.00    0.00    1.04    0.00    0.00    0.00   85.42
12:14:27 PM    3    3.30    0.00    6.59    0.00    0.00    0.00    0.00    0.00    0.00   90.11
12:14:27 PM    4    5.21    0.00   10.42    0.00    0.00    2.08    0.00    0.00    0.00   82.29
12:14:27 PM    5    9.38    0.00    5.21    0.00    0.00    2.08    0.00    0.00    0.00   83.33
12:14:27 PM    6    9.28    0.00    8.25    0.00    0.00    1.03    0.00    0.00    0.00   81.44
12:14:27 PM    7    7.53    0.00    4.30    0.00    0.00    4.30    0.00    0.00    0.00   83.87

12:14:27 PM  CPU    %usr   %nice    %sys %iowait    %irq   %soft  %steal  %guest  %gnice   %idle
12:14:28 PM  all   12.44    0.00   13.92    0.00    0.00    1.97    0.00    0.00    0.00   71.67
12:14:28 PM    0    6.45    0.00   11.83    0.00    0.00    1.08    0.00    0.00    0.00   80.65
12:14:28 PM    1    9.09    0.00   13.13    0.00    0.00    2.02    0.00    0.00    0.00   75.76
12:14:28 PM    2    7.37    0.00   13.68    0.00    0.00    2.11    0.00    0.00    0.00   76.84
12:14:28 PM    3    5.26    0.00   13.68    0.00    0.00    3.16    0.00    0.00    0.00   77.89
12:14:28 PM    4   16.36    0.00   16.36    0.00    0.00    2.73    0.00    0.00    0.00   64.55
12:14:28 PM    5   20.37    0.00   13.89    0.00    0.00    0.00    0.00    0.00    0.00   65.74
12:14:28 PM    6   15.89    0.00   14.02    0.00    0.00    2.80    0.00    0.00    0.00   67.29
12:14:28 PM    7   16.19    0.00   14.29    0.00    0.00    1.90    0.00    0.00    0.00   67.62

12:14:28 PM  CPU    %usr   %nice    %sys %iowait    %irq   %soft  %steal  %guest  %gnice   %idle
12:14:29 PM  all    5.36    0.00    4.95    0.00    0.00    0.55    0.00    0.00    0.00   89.13
12:14:29 PM    0    4.35    0.00    7.61    0.00    0.00    1.09    0.00    0.00    0.00   86.96
12:14:29 PM    1    4.17    0.00   10.42    0.00    0.00    0.00    0.00    0.00    0.00   85.42
12:14:29 PM    2    4.49    0.00    4.49    0.00    0.00    0.00    0.00    0.00    0.00   91.01
12:14:29 PM    3    4.55    0.00    2.27    0.00    0.00    0.00    0.00    0.00    0.00   93.18
12:14:29 PM    4    6.59    0.00    4.40    0.00    0.00    1.10    0.00    0.00    0.00   87.91
12:14:29 PM    5    6.59    0.00    3.30    0.00    0.00    1.10    0.00    0.00    0.00   89.01
12:14:29 PM    6    5.56    0.00    3.33    0.00    0.00    1.11    0.00    0.00    0.00   90.00
12:14:29 PM    7    6.67    0.00    3.33    0.00    0.00    0.00    0.00    0.00    0.00   90.00

12:14:29 PM  CPU    %usr   %nice    %sys %iowait    %irq   %soft  %steal  %guest  %gnice   %idle
12:14:30 PM  all    3.32    0.00    3.61    0.14    0.00    0.58    0.00    0.00    0.00   92.34
12:14:30 PM    0    2.30    0.00    4.60    0.00    0.00    1.15    0.00    0.00    0.00   91.95
12:14:30 PM    1    3.57    0.00    3.57    0.00    0.00    0.00    0.00    0.00    0.00   92.86
12:14:30 PM    2    4.65    0.00    2.33    0.00    0.00    1.16    0.00    0.00    0.00   91.86
12:14:30 PM    3    2.35    0.00    2.35    0.00    0.00    1.18    0.00    0.00    0.00   94.12
12:14:30 PM    4    3.41    0.00    4.55    0.00    0.00    0.00    0.00    0.00    0.00   92.05
12:14:30 PM    5    3.37    0.00    5.62    1.12    0.00    0.00    0.00    0.00    0.00   89.89
12:14:30 PM    6    2.30    0.00    3.45    0.00    0.00    1.15    0.00    0.00    0.00   93.10
12:14:30 PM    7    4.65    0.00    2.33    0.00    0.00    0.00    0.00    0.00    0.00   93.02

12:14:30 PM  CPU    %usr   %nice    %sys %iowait    %irq   %soft  %steal  %guest  %gnice   %idle
12:14:31 PM  all    2.47    0.00    3.34    0.00    0.00    0.73    0.00    0.00    0.00   93.46
12:14:31 PM    0    2.41    0.00    2.41    0.00    0.00    0.00    0.00    0.00    0.00   95.18
12:14:31 PM    1    2.30    0.00    6.90    0.00    0.00    0.00    0.00    0.00    0.00   90.80
12:14:31 PM    2    2.30    0.00    5.75    0.00    0.00    0.00    0.00    0.00    0.00   91.95
12:14:31 PM    3    2.47    0.00    0.00    0.00    0.00    0.00    0.00    0.00    0.00   97.53
12:14:31 PM    4    2.27    0.00    2.27    0.00    0.00    1.14    0.00    0.00    0.00   94.32
12:14:31 PM    5    1.14    0.00    2.27    0.00    0.00    2.27    0.00    0.00    0.00   94.32
12:14:31 PM    6    3.41    0.00    3.41    0.00    0.00    2.27    0.00    0.00    0.00   90.91
12:14:31 PM    7    3.49    0.00    3.49    0.00    0.00    0.00    0.00    0.00    0.00   93.02

12:14:31 PM  CPU    %usr   %nice    %sys %iowait    %irq   %soft  %steal  %guest  %gnice   %idle
12:14:32 PM  all    6.01    0.00    6.29    0.00    0.00    1.86    0.00    0.00    0.00   85.84
12:14:32 PM    0    5.88    0.00    8.24    0.00    0.00    1.18    0.00    0.00    0.00   84.71
12:14:32 PM    1    6.82    0.00    5.68    0.00    0.00    2.27    0.00    0.00    0.00   85.23
12:14:32 PM    2    6.10    0.00    3.66    0.00    0.00    2.44    0.00    0.00    0.00   87.80
12:14:32 PM    3    5.75    0.00    8.05    0.00    0.00    1.15    0.00    0.00    0.00   85.06
12:14:32 PM    4    4.35    0.00    7.61    0.00    0.00    2.17    0.00    0.00    0.00   85.87
12:14:32 PM    5    5.68    0.00    6.82    0.00    0.00    2.27    0.00    0.00    0.00   85.23
12:14:32 PM    6    5.68    0.00    4.55    0.00    0.00    1.14    0.00    0.00    0.00   88.64
12:14:32 PM    7    7.87    0.00    5.62    0.00    0.00    2.25    0.00    0.00    0.00   84.27

12:14:32 PM  CPU    %usr   %nice    %sys %iowait    %irq   %soft  %steal  %guest  %gnice   %idle
12:14:33 PM  all    4.93    0.00    8.45    0.14    0.00    1.41    0.00    0.00    0.00   85.07
12:14:33 PM    0    6.90    0.00    6.90    0.00    0.00    2.30    0.00    0.00    0.00   83.91
12:14:33 PM    1    8.24    0.00    5.88    0.00    0.00    1.18    0.00    0.00    0.00   84.71
12:14:33 PM    2    6.90    0.00    9.20    0.00    0.00    0.00    0.00    0.00    0.00   83.91
12:14:33 PM    3    4.60    0.00    9.20    0.00    0.00    1.15    0.00    0.00    0.00   85.06
12:14:33 PM    4    4.30    0.00   10.75    0.00    0.00    1.08    0.00    0.00    0.00   83.87
12:14:33 PM    5    2.30    0.00    6.90    0.00    0.00    1.15    0.00    0.00    0.00   89.66
12:14:33 PM    6    3.33    0.00    8.89    0.00    0.00    1.11    0.00    0.00    0.00   86.67
12:14:33 PM    7    3.19    0.00    9.57    1.06    0.00    3.19    0.00    0.00    0.00   82.98

12:14:33 PM  CPU    %usr   %nice    %sys %iowait    %irq   %soft  %steal  %guest  %gnice   %idle
12:14:34 PM  all    8.15    0.00   11.60    0.00    0.00    2.62    0.00    0.00    0.00   77.62
12:14:34 PM    0    8.42    0.00   14.74    0.00    0.00    2.11    0.00    0.00    0.00   74.74
12:14:34 PM    1    8.70    0.00   11.96    0.00    0.00    2.17    0.00    0.00    0.00   77.17
12:14:34 PM    2    4.40    0.00   12.09    0.00    0.00    3.30    0.00    0.00    0.00   80.22
12:14:34 PM    3    5.32    0.00   12.77    0.00    0.00    2.13    0.00    0.00    0.00   79.79
12:14:34 PM    4   11.49    0.00   10.34    0.00    0.00    2.30    0.00    0.00    0.00   75.86
12:14:34 PM    5   11.49    0.00    9.20    0.00    0.00    2.30    0.00    0.00    0.00   77.01
12:14:34 PM    6    7.87    0.00   10.11    0.00    0.00    3.37    0.00    0.00    0.00   78.65
12:14:34 PM    7    7.87    0.00   11.24    0.00    0.00    3.37    0.00    0.00    0.00   77.53

12:14:34 PM  CPU    %usr   %nice    %sys %iowait    %irq   %soft  %steal  %guest  %gnice   %idle
12:14:35 PM  all    1.45    0.00    1.16    0.44    0.00    0.44    0.00    0.00    0.00   96.52
12:14:35 PM    0    0.00    0.00    0.00    0.00    0.00    0.00    0.00    0.00    0.00  100.00
12:14:35 PM    1    0.00    0.00    2.35    0.00    0.00    0.00    0.00    0.00    0.00   97.65
12:14:35 PM    2    1.18    0.00    1.18    0.00    0.00    1.18    0.00    0.00    0.00   96.47
12:14:35 PM    3    1.20    0.00    0.00    1.20    0.00    0.00    0.00    0.00    0.00   97.59
12:14:35 PM    4    1.14    0.00    2.27    1.14    0.00    0.00    0.00    0.00    0.00   95.45
12:14:35 PM    5    3.41    0.00    1.14    1.14    0.00    0.00    0.00    0.00    0.00   94.32
12:14:35 PM    6    2.30    0.00    0.00    0.00    0.00    1.15    0.00    0.00    0.00   96.55
12:14:35 PM    7    2.27    0.00    2.27    0.00    0.00    1.14    0.00    0.00    0.00   94.32

12:14:35 PM  CPU    %usr   %nice    %sys %iowait    %irq   %soft  %steal  %guest  %gnice   %idle
12:14:36 PM  all    4.34    0.00    6.72    0.56    0.00    1.68    0.00    0.00    0.00   86.69
12:14:36 PM    0    3.53    0.00    3.53    1.18    0.00    2.35    0.00    0.00    0.00   89.41
12:14:36 PM    1    3.41    0.00    7.95    0.00    0.00    1.14    0.00    0.00    0.00   87.50
12:14:36 PM    2    5.75    0.00    8.05    0.00    0.00    1.15    0.00    0.00    0.00   85.06
12:14:36 PM    3    6.82    0.00    7.95    0.00    0.00    1.14    0.00    0.00    0.00   84.09
12:14:36 PM    4    5.49    0.00    4.40    2.20    0.00    1.10    0.00    0.00    0.00   86.81
12:14:36 PM    5    2.17    0.00    7.61    1.09    0.00    3.26    0.00    0.00    0.00   85.87
12:14:36 PM    6    4.40    0.00    5.49    0.00    0.00    2.20    0.00    0.00    0.00   87.91
12:14:36 PM    7    3.26    0.00    8.70    0.00    0.00    1.09    0.00    0.00    0.00   86.96

12:14:36 PM  CPU    %usr   %nice    %sys %iowait    %irq   %soft  %steal  %guest  %gnice   %idle
12:14:37 PM  all    9.47    0.00   13.93    0.00    0.00    3.34    0.00    0.00    0.00   73.26
12:14:37 PM    0    7.14    0.00   14.29    0.00    0.00    0.00    0.00    0.00    0.00   78.57
12:14:37 PM    1   12.50    0.00   10.23    0.00    0.00    3.41    0.00    0.00    0.00   73.86
12:14:37 PM    2    8.99    0.00   14.61    0.00    0.00    4.49    0.00    0.00    0.00   71.91
12:14:37 PM    3   13.64    0.00   14.77    0.00    0.00    2.27    0.00    0.00    0.00   69.32
12:14:37 PM    4    7.53    0.00   15.05    0.00    0.00    4.30    0.00    0.00    0.00   73.12
12:14:37 PM    5   10.11    0.00   11.24    0.00    0.00    3.37    0.00    0.00    0.00   75.28
12:14:37 PM    6    8.70    0.00   14.13    0.00    0.00    4.35    0.00    0.00    0.00   72.83
12:14:37 PM    7    7.37    0.00   16.84    0.00    0.00    4.21    0.00    0.00    0.00   71.58

12:14:37 PM  CPU    %usr   %nice    %sys %iowait    %irq   %soft  %steal  %guest  %gnice   %idle
12:14:38 PM  all    1.74    0.00    2.47    0.00    0.00    0.58    0.00    0.00    0.00   95.20
12:14:38 PM    0    2.47    0.00    1.23    0.00    0.00    1.23    0.00    0.00    0.00   95.06
12:14:38 PM    1    1.23    0.00    2.47    0.00    0.00    0.00    0.00    0.00    0.00   96.30
12:14:38 PM    2    2.47    0.00    1.23    0.00    0.00    0.00    0.00    0.00    0.00   96.30
12:14:38 PM    3    1.20    0.00    4.82    0.00    0.00    1.20    0.00    0.00    0.00   92.77
12:14:38 PM    4    2.30    0.00    2.30    0.00    0.00    1.15    0.00    0.00    0.00   94.25
12:14:38 PM    5    3.26    0.00    3.26    0.00    0.00    0.00    0.00    0.00    0.00   93.48
12:14:38 PM    6    0.00    0.00    2.13    0.00    0.00    1.06    0.00    0.00    0.00   96.81
12:14:38 PM    7    1.12    0.00    2.25    0.00    0.00    0.00    0.00    0.00    0.00   96.63

12:14:38 PM  CPU    %usr   %nice    %sys %iowait    %irq   %soft  %steal  %guest  %gnice   %idle
12:14:39 PM  all    4.62    0.00    5.35    0.00    0.00    1.16    0.00    0.00    0.00   88.87
12:14:39 PM    0    4.71    0.00    4.71    0.00    0.00    1.18    0.00    0.00    0.00   89.41
12:14:39 PM    1    3.33    0.00    6.67    0.00    0.00    1.11    0.00    0.00    0.00   88.89
12:14:39 PM    2    3.41    0.00    6.82    0.00    0.00    2.27    0.00    0.00    0.00   87.50
12:14:39 PM    3    5.81    0.00    4.65    0.00    0.00    0.00    0.00    0.00    0.00   89.53
12:14:39 PM    4    5.75    0.00    3.45    0.00    0.00    2.30    0.00    0.00    0.00   88.51
12:14:39 PM    5    3.53    0.00    8.24    0.00    0.00    0.00    0.00    0.00    0.00   88.24
12:14:39 PM    6    6.82    0.00    3.41    0.00    0.00    2.27    0.00    0.00    0.00   87.50
12:14:39 PM    7    3.61    0.00    4.82    0.00    0.00    0.00    0.00    0.00    0.00   91.57

12:14:39 PM  CPU    %usr   %nice    %sys %iowait    %irq   %soft  %steal  %guest  %gnice   %idle
12:14:40 PM  all    4.69    0.00    7.40    0.28    0.00    1.28    0.00    0.00    0.00   86.34
12:14:40 PM    0    1.12    0.00   10.11    0.00    0.00    1.12    0.00    0.00    0.00   87.64
12:14:40 PM    1    5.49    0.00    9.89    0.00    0.00    1.10    0.00    0.00    0.00   83.52
12:14:40 PM    2    3.37    0.00    8.99    0.00    0.00    1.12    0.00    0.00    0.00   86.52
12:14:40 PM    3    4.49    0.00    8.99    0.00    0.00    0.00    0.00    0.00    0.00   86.52
12:14:40 PM    4    4.71    0.00    3.53    1.18    0.00    2.35    0.00    0.00    0.00   88.24
12:14:40 PM    5    6.74    0.00    7.87    0.00    0.00    1.12    0.00    0.00    0.00   84.27
12:14:40 PM    6    7.06    0.00    3.53    0.00    0.00    1.18    0.00    0.00    0.00   88.24
12:14:40 PM    7    4.65    0.00    5.81    1.16    0.00    2.33    0.00    0.00    0.00   86.05

12:14:40 PM  CPU    %usr   %nice    %sys %iowait    %irq   %soft  %steal  %guest  %gnice   %idle
12:14:41 PM  all    5.97    0.00    9.86    0.14    0.00    1.81    0.00    0.00    0.00   82.22
12:14:41 PM    0    8.60    0.00   10.75    0.00    0.00    1.08    0.00    0.00    0.00   79.57
12:14:41 PM    1    3.30    0.00   10.99    0.00    0.00    2.20    0.00    0.00    0.00   83.52
12:14:41 PM    2   11.83    0.00   12.90    0.00    0.00    2.15    0.00    0.00    0.00   73.12
12:14:41 PM    3    4.60    0.00    6.90    0.00    0.00    2.30    0.00    0.00    0.00   86.21
12:14:41 PM    4    2.33    0.00    9.30    0.00    0.00    2.33    0.00    0.00    0.00   86.05
12:14:41 PM    5    4.44    0.00   11.11    1.11    0.00    1.11    0.00    0.00    0.00   82.22
12:14:41 PM    6    6.90    0.00    6.90    0.00    0.00    0.00    0.00    0.00    0.00   86.21
12:14:41 PM    7    5.38    0.00    9.68    0.00    0.00    3.23    0.00    0.00    0.00   81.72

12:14:41 PM  CPU    %usr   %nice    %sys %iowait    %irq   %soft  %steal  %guest  %gnice   %idle
12:14:42 PM  all    1.46    0.00    1.31    0.00    0.00    0.44    0.00    0.00    0.00   96.79
12:14:42 PM    0    1.19    0.00    0.00    0.00    0.00    1.19    0.00    0.00    0.00   97.62
12:14:42 PM    1    3.53    0.00    1.18    0.00    0.00    0.00    0.00    0.00    0.00   95.29
12:14:42 PM    2    1.18    0.00    2.35    0.00    0.00    0.00    0.00    0.00    0.00   96.47
12:14:42 PM    3    2.35    0.00    1.18    0.00    0.00    0.00    0.00    0.00    0.00   96.47
12:14:42 PM    4    2.30    0.00    0.00    0.00    0.00    1.15    0.00    0.00    0.00   96.55
12:14:42 PM    5    0.00    0.00    2.33    0.00    0.00    0.00    0.00    0.00    0.00   97.67
12:14:42 PM    6    0.00    0.00    2.30    0.00    0.00    0.00    0.00    0.00    0.00   97.70
12:14:42 PM    7    1.15    0.00    1.15    0.00    0.00    1.15    0.00    0.00    0.00   96.55

12:14:42 PM  CPU    %usr   %nice    %sys %iowait    %irq   %soft  %steal  %guest  %gnice   %idle
12:14:43 PM  all    3.18    0.00    3.18    0.00    0.00    1.01    0.00    0.00    0.00   92.63
12:14:43 PM    0    3.37    0.00    5.62    0.00    0.00    1.12    0.00    0.00    0.00   89.89
12:14:43 PM    1    2.38    0.00    2.38    0.00    0.00    0.00    0.00    0.00    0.00   95.24
12:14:43 PM    2    3.53    0.00    3.53    0.00    0.00    1.18    0.00    0.00    0.00   91.76
12:14:43 PM    3    1.18    0.00    3.53    0.00    0.00    1.18    0.00    0.00    0.00   94.12
12:14:43 PM    4    3.45    0.00    4.60    0.00    0.00    1.15    0.00    0.00    0.00   90.80
12:14:43 PM    5    3.41    0.00    2.27    0.00    0.00    1.14    0.00    0.00    0.00   93.18
12:14:43 PM    6    4.49    0.00    2.25    0.00    0.00    2.25    0.00    0.00    0.00   91.01
12:14:43 PM    7    3.53    0.00    1.18    0.00    0.00    0.00    0.00    0.00    0.00   95.29

12:14:43 PM  CPU    %usr   %nice    %sys %iowait    %irq   %soft  %steal  %guest  %gnice   %idle
12:14:44 PM  all    0.87    0.00    1.02    0.00    0.00    0.15    0.00    0.00    0.00   97.96
12:14:44 PM    0    0.00    0.00    2.33    0.00    0.00    1.16    0.00    0.00    0.00   96.51
12:14:44 PM    1    0.00    0.00    1.20    0.00    0.00    0.00    0.00    0.00    0.00   98.80
12:14:44 PM    2    2.35    0.00    1.18    0.00    0.00    0.00    0.00    0.00    0.00   96.47
12:14:44 PM    3    0.00    0.00    0.00    0.00    0.00    0.00    0.00    0.00    0.00  100.00
12:14:44 PM    4    1.14    0.00    1.14    0.00    0.00    0.00    0.00    0.00    0.00   97.73
12:14:44 PM    5    1.16    0.00    0.00    0.00    0.00    0.00    0.00    0.00    0.00   98.84
12:14:44 PM    6    0.00    0.00    1.15    0.00    0.00    0.00    0.00    0.00    0.00   98.85
12:14:44 PM    7    2.25    0.00    1.12    0.00    0.00    0.00    0.00    0.00    0.00   96.63

12:14:44 PM  CPU    %usr   %nice    %sys %iowait    %irq   %soft  %steal  %guest  %gnice   %idle
12:14:45 PM  all    7.91    0.00   12.01    0.27    0.00    1.91    0.00    0.00    0.00   77.90
12:14:45 PM    0   11.24    0.00   10.11    0.00    0.00    2.25    0.00    0.00    0.00   76.40
12:14:45 PM    1    4.65    0.00   12.79    0.00    0.00    2.33    0.00    0.00    0.00   80.23
12:14:45 PM    2   11.24    0.00   10.11    1.12    0.00    2.25    0.00    0.00    0.00   75.28
12:14:45 PM    3   13.04    0.00   10.87    0.00    0.00    3.26    0.00    0.00    0.00   72.83
12:14:45 PM    4    7.14    0.00   14.29    0.00    0.00    2.04    0.00    0.00    0.00   76.53
12:14:45 PM    5    8.25    0.00   13.40    1.03    0.00    3.09    0.00    0.00    0.00   74.23
12:14:45 PM    6    3.30    0.00   13.19    0.00    0.00    0.00    0.00    0.00    0.00   83.52
12:14:45 PM    7    4.40    0.00   10.99    0.00    0.00    0.00    0.00    0.00    0.00   84.62

12:14:45 PM  CPU    %usr   %nice    %sys %iowait    %irq   %soft  %steal  %guest  %gnice   %idle
12:14:46 PM  all    8.20    0.00   11.83    0.00    0.00    1.88    0.00    0.00    0.00   78.09
12:14:46 PM    0    8.25    0.00   16.49    0.00    0.00    0.00    0.00    0.00    0.00   75.26
12:14:46 PM    1    6.67    0.00   11.11    0.00    0.00    2.22    0.00    0.00    0.00   80.00
12:14:46 PM    2    8.42    0.00   10.53    0.00    0.00    3.16    0.00    0.00    0.00   77.89
12:14:46 PM    3    6.25    0.00   11.46    0.00    0.00    5.21    0.00    0.00    0.00   77.08
12:14:46 PM    4    9.68    0.00   11.83    0.00    0.00    1.08    0.00    0.00    0.00   77.42
12:14:46 PM    5    7.87    0.00   11.24    0.00    0.00    1.12    0.00    0.00    0.00   79.78
12:14:46 PM    6   10.11    0.00    7.87    0.00    0.00    0.00    0.00    0.00    0.00   82.02
12:14:46 PM    7    8.42    0.00   13.68    0.00    0.00    2.11    0.00    0.00    0.00   75.79

12:14:46 PM  CPU    %usr   %nice    %sys %iowait    %irq   %soft  %steal  %guest  %gnice   %idle
12:14:47 PM  all   10.25    0.00   16.39    0.00    0.00    3.55    0.00    0.00    0.00   69.81
12:14:47 PM    0    9.38    0.00   16.67    0.00    0.00    5.21    0.00    0.00    0.00   68.75
12:14:47 PM    1    9.38    0.00   17.71    0.00    0.00    2.08    0.00    0.00    0.00   70.83
12:14:47 PM    2    5.56    0.00   16.67    0.00    0.00    2.22    0.00    0.00    0.00   75.56
12:14:47 PM    3    8.51    0.00   15.96    0.00    0.00    4.26    0.00    0.00    0.00   71.28
12:14:47 PM    4   12.36    0.00   14.61    0.00    0.00    4.49    0.00    0.00    0.00   68.54
12:14:47 PM    5   14.44    0.00   15.56    0.00    0.00    3.33    0.00    0.00    0.00   66.67
12:14:47 PM    6   11.11    0.00   17.78    0.00    0.00    4.44    0.00    0.00    0.00   66.67
12:14:47 PM    7   11.49    0.00   16.09    0.00    0.00    2.30    0.00    0.00    0.00   70.11

12:14:47 PM  CPU    %usr   %nice    %sys %iowait    %irq   %soft  %steal  %guest  %gnice   %idle
12:14:48 PM  all   13.26    0.00    3.31    0.00    0.00    0.43    0.00    0.00    0.00   83.00
12:14:48 PM    0   12.79    0.00    5.81    0.00    0.00    0.00    0.00    0.00    0.00   81.40
12:14:48 PM    1    2.47    0.00    2.47    0.00    0.00    0.00    0.00    0.00    0.00   95.06
12:14:48 PM    2    3.61    0.00    4.82    0.00    0.00    0.00    0.00    0.00    0.00   91.57
12:14:48 PM    3    1.22    0.00    6.10    0.00    0.00    0.00    0.00    0.00    0.00   92.68
12:14:48 PM    4   26.09    0.00    1.09    0.00    0.00    1.09    0.00    0.00    0.00   71.74
12:14:48 PM    5   28.57    0.00    1.10    0.00    0.00    0.00    0.00    0.00    0.00   70.33
12:14:48 PM    6    2.33    0.00    4.65    0.00    0.00    1.16    0.00    0.00    0.00   91.86
12:14:48 PM    7   24.73    0.00    1.08    0.00    0.00    1.08    0.00    0.00    0.00   73.12

12:14:48 PM  CPU    %usr   %nice    %sys %iowait    %irq   %soft  %steal  %guest  %gnice   %idle
12:14:49 PM  all    1.30    0.00    3.18    0.00    0.00    1.16    0.00    0.00    0.00   94.36
12:14:49 PM    0    0.00    0.00    4.71    0.00    0.00    0.00    0.00    0.00    0.00   95.29
12:14:49 PM    1    1.12    0.00    3.37    0.00    0.00    2.25    0.00    0.00    0.00   93.26
12:14:49 PM    2    2.38    0.00    1.19    0.00    0.00    1.19    0.00    0.00    0.00   95.24
12:14:49 PM    3    1.19    0.00    2.38    0.00    0.00    1.19    0.00    0.00    0.00   95.24
12:14:49 PM    4    3.49    0.00    2.33    0.00    0.00    0.00    0.00    0.00    0.00   94.19
12:14:49 PM    5    0.00    0.00    3.41    0.00    0.00    2.27    0.00    0.00    0.00   94.32
12:14:49 PM    6    0.00    0.00    3.49    0.00    0.00    1.16    0.00    0.00    0.00   95.35
12:14:49 PM    7    2.22    0.00    4.44    0.00    0.00    1.11    0.00    0.00    0.00   92.22

12:14:49 PM  CPU    %usr   %nice    %sys %iowait    %irq   %soft  %steal  %guest  %gnice   %idle
12:14:50 PM  all    7.36    0.00   11.53    0.28    0.00    1.81    0.00    0.00    0.00   79.03
12:14:50 PM    0    6.59    0.00   12.09    0.00    0.00    2.20    0.00    0.00    0.00   79.12
12:14:50 PM    1    6.45    0.00   12.90    0.00    0.00    3.23    0.00    0.00    0.00   77.42
12:14:50 PM    2    5.38    0.00   15.05    0.00    0.00    2.15    0.00    0.00    0.00   77.42
12:14:50 PM    3    5.43    0.00   10.87    0.00    0.00    3.26    0.00    0.00    0.00   80.43
12:14:50 PM    4    4.82    0.00    8.43    0.00    0.00    1.20    0.00    0.00    0.00   85.54
12:14:50 PM    5   12.09    0.00   10.99    1.10    0.00    0.00    0.00    0.00    0.00   75.82
12:14:50 PM    6   10.75    0.00    9.68    0.00    0.00    2.15    0.00    0.00    0.00   77.42
12:14:50 PM    7    7.14    0.00   11.90    1.19    0.00    0.00    0.00    0.00    0.00   79.76

12:14:50 PM  CPU    %usr   %nice    %sys %iowait    %irq   %soft  %steal  %guest  %gnice   %idle
12:14:51 PM  all    4.29    0.00    5.15    0.00    0.00    1.72    0.00    0.00    0.00   88.84
12:14:51 PM    0    7.53    0.00    5.38    0.00    0.00    2.15    0.00    0.00    0.00   84.95
12:14:51 PM    1    3.45    0.00    4.60    0.00    0.00    1.15    0.00    0.00    0.00   90.80
12:14:51 PM    2    4.44    0.00    7.78    0.00    0.00    1.11    0.00    0.00    0.00   86.67
12:14:51 PM    3    3.41    0.00    6.82    0.00    0.00    1.14    0.00    0.00    0.00   88.64
12:14:51 PM    4    3.53    0.00    4.71    0.00    0.00    2.35    0.00    0.00    0.00   89.41
12:14:51 PM    5    2.38    0.00    4.76    0.00    0.00    1.19    0.00    0.00    0.00   91.67
12:14:51 PM    6    4.65    0.00    2.33    0.00    0.00    2.33    0.00    0.00    0.00   90.70
12:14:51 PM    7    4.65    0.00    4.65    0.00    0.00    2.33    0.00    0.00    0.00   88.37

12:14:51 PM  CPU    %usr   %nice    %sys %iowait    %irq   %soft  %steal  %guest  %gnice   %idle
12:14:52 PM  all    1.94    0.00    4.44    0.00    0.00    1.53    0.00    0.00    0.00   92.08
12:14:52 PM    0    1.16    0.00    3.49    0.00    0.00    1.16    0.00    0.00    0.00   94.19
12:14:52 PM    1    2.27    0.00    3.41    0.00    0.00    1.14    0.00    0.00    0.00   93.18
12:14:52 PM    2    1.14    0.00    3.41    0.00    0.00    2.27    0.00    0.00    0.00   93.18
12:14:52 PM    3    0.00    0.00    7.78    0.00    0.00    2.22    0.00    0.00    0.00   90.00
12:14:52 PM    4    2.17    0.00    6.52    0.00    0.00    1.09    0.00    0.00    0.00   90.22
12:14:52 PM    5    4.30    0.00    4.30    0.00    0.00    0.00    0.00    0.00    0.00   91.40
12:14:52 PM    6    1.09    0.00    4.35    0.00    0.00    2.17    0.00    0.00    0.00   92.39
12:14:52 PM    7    3.30    0.00    2.20    0.00    0.00    2.20    0.00    0.00    0.00   92.31

12:14:52 PM  CPU    %usr   %nice    %sys %iowait    %irq   %soft  %steal  %guest  %gnice   %idle
12:14:53 PM  all    2.37    0.00    5.02    0.00    0.00    1.39    0.00    0.00    0.00   91.21
12:14:53 PM    0    2.17    0.00    3.26    0.00    0.00    1.09    0.00    0.00    0.00   93.48
12:14:53 PM    1    2.27    0.00    5.68    0.00    0.00    1.14    0.00    0.00    0.00   90.91
12:14:53 PM    2    2.20    0.00    5.49    0.00    0.00    1.10    0.00    0.00    0.00   91.21
12:14:53 PM    3    2.17    0.00    6.52    0.00    0.00    2.17    0.00    0.00    0.00   89.13
12:14:53 PM    4    1.15    0.00    3.45    0.00    0.00    1.15    0.00    0.00    0.00   94.25
12:14:53 PM    5    3.33    0.00    5.56    0.00    0.00    2.22    0.00    0.00    0.00   88.89
12:14:53 PM    6    3.41    0.00    3.41    0.00    0.00    2.27    0.00    0.00    0.00   90.91
12:14:53 PM    7    2.25    0.00    6.74    0.00    0.00    0.00    0.00    0.00    0.00   91.01

12:14:53 PM  CPU    %usr   %nice    %sys %iowait    %irq   %soft  %steal  %guest  %gnice   %idle
12:14:54 PM  all    2.18    0.00    6.54    0.00    0.00    1.36    0.00    0.00    0.00   89.92
12:14:54 PM    0    2.17    0.00    8.70    0.00    0.00    1.09    0.00    0.00    0.00   88.04
12:14:54 PM    1    1.11    0.00    8.89    0.00    0.00    1.11    0.00    0.00    0.00   88.89
12:14:54 PM    2    1.10    0.00    9.89    0.00    0.00    2.20    0.00    0.00    0.00   86.81
12:14:54 PM    3    3.33    0.00    5.56    0.00    0.00    1.11    0.00    0.00    0.00   90.00
12:14:54 PM    4    3.16    0.00    6.32    0.00    0.00    1.05    0.00    0.00    0.00   89.47
12:14:54 PM    5    1.12    0.00    2.25    0.00    0.00    1.12    0.00    0.00    0.00   95.51
12:14:54 PM    6    2.13    0.00    5.32    0.00    0.00    2.13    0.00    0.00    0.00   90.43
12:14:54 PM    7    3.23    0.00    5.38    0.00    0.00    1.08    0.00    0.00    0.00   90.32

12:14:54 PM  CPU    %usr   %nice    %sys %iowait    %irq   %soft  %steal  %guest  %gnice   %idle
12:14:55 PM  all   12.84    0.00   17.57    0.27    0.00    2.16    0.00    0.00    0.00   67.16
12:14:55 PM    0   16.49    0.00   19.59    0.00    0.00    3.09    0.00    0.00    0.00   60.82
12:14:55 PM    1   16.28    0.00   11.63    0.00    0.00    3.49    0.00    0.00    0.00   68.60
12:14:55 PM    2   17.78    0.00   15.56    0.00    0.00    2.22    0.00    0.00    0.00   64.44
12:14:55 PM    3   13.83    0.00   20.21    0.00    0.00    3.19    0.00    0.00    0.00   62.77
12:14:55 PM    4    7.53    0.00   19.35    2.15    0.00    1.08    0.00    0.00    0.00   69.89
12:14:55 PM    5   11.46    0.00   19.79    0.00    0.00    2.08    0.00    0.00    0.00   66.67
12:14:55 PM    6   11.96    0.00   16.30    0.00    0.00    1.09    0.00    0.00    0.00   70.65
12:14:55 PM    7    7.61    0.00   17.39    0.00    0.00    1.09    0.00    0.00    0.00   73.91

12:14:55 PM  CPU    %usr   %nice    %sys %iowait    %irq   %soft  %steal  %guest  %gnice   %idle
12:14:56 PM  all    4.69    0.00    8.60    0.00    0.00    2.09    0.00    0.00    0.00   84.62
12:14:56 PM    0    4.26    0.00    9.57    0.00    0.00    2.13    0.00    0.00    0.00   84.04
12:14:56 PM    1    4.26    0.00   10.64    0.00    0.00    1.06    0.00    0.00    0.00   84.04
12:14:56 PM    2    4.30    0.00    9.68    0.00    0.00    2.15    0.00    0.00    0.00   83.87
12:14:56 PM    3    7.07    0.00    8.08    0.00    0.00    3.03    0.00    0.00    0.00   81.82
12:14:56 PM    4    5.15    0.00    9.28    0.00    0.00    2.06    0.00    0.00    0.00   83.51
12:14:56 PM    5    5.15    0.00    8.25    0.00    0.00    2.06    0.00    0.00    0.00   84.54
12:14:56 PM    6    4.17    0.00    6.25    0.00    0.00    2.08    0.00    0.00    0.00   87.50
12:14:56 PM    7    3.09    0.00    7.22    0.00    0.00    2.06    0.00    0.00    0.00   87.63

12:14:56 PM  CPU    %usr   %nice    %sys %iowait    %irq   %soft  %steal  %guest  %gnice   %idle
12:14:57 PM  all    5.28    0.00   10.17    0.00    0.00    2.77    0.00    0.00    0.00   81.77
12:14:57 PM    0    7.29    0.00   11.46    0.00    0.00    2.08    0.00    0.00    0.00   79.17
12:14:57 PM    1    6.25    0.00   11.46    0.00    0.00    3.12    0.00    0.00    0.00   79.17
12:14:57 PM    2    6.45    0.00   10.75    0.00    0.00    3.23    0.00    0.00    0.00   79.57
12:14:57 PM    3    5.00    0.00   17.00    0.00    0.00    2.00    0.00    0.00    0.00   76.00
12:14:57 PM    4    3.41    0.00    5.68    0.00    0.00    1.14    0.00    0.00    0.00   89.77
12:14:57 PM    5    4.30    0.00    6.45    0.00    0.00    4.30    0.00    0.00    0.00   84.95
12:14:57 PM    6    4.21    0.00    9.47    0.00    0.00    3.16    0.00    0.00    0.00   83.16
12:14:57 PM    7    5.21    0.00    8.33    0.00    0.00    3.12    0.00    0.00    0.00   83.33

12:14:57 PM  CPU    %usr   %nice    %sys %iowait    %irq   %soft  %steal  %guest  %gnice   %idle
12:14:58 PM  all    7.72    0.00   11.19    0.00    0.00    2.80    0.00    0.00    0.00   78.30
12:14:58 PM    0    5.43    0.00    9.78    0.00    0.00    3.26    0.00    0.00    0.00   81.52
12:14:58 PM    1    8.08    0.00   15.15    0.00    0.00    4.04    0.00    0.00    0.00   72.73
12:14:58 PM    2    8.33    0.00   13.54    0.00    0.00    1.04    0.00    0.00    0.00   77.08
12:14:58 PM    3    8.51    0.00   10.64    0.00    0.00    3.19    0.00    0.00    0.00   77.66
12:14:58 PM    4    6.52    0.00   13.04    0.00    0.00    2.17    0.00    0.00    0.00   78.26
12:14:58 PM    5    6.52    0.00    8.70    0.00    0.00    3.26    0.00    0.00    0.00   81.52
12:14:58 PM    6    9.68    0.00    8.60    0.00    0.00    2.15    0.00    0.00    0.00   79.57
12:14:58 PM    7    8.60    0.00    9.68    0.00    0.00    3.23    0.00    0.00    0.00   78.49

12:14:58 PM  CPU    %usr   %nice    %sys %iowait    %irq   %soft  %steal  %guest  %gnice   %idle
12:14:59 PM  all    7.22    0.00   11.42    0.00    0.00    2.10    0.00    0.00    0.00   79.27
12:14:59 PM    0    6.25    0.00   12.50    0.00    0.00    2.08    0.00    0.00    0.00   79.17
12:14:59 PM    1    6.45    0.00    8.60    0.00    0.00    4.30    0.00    0.00    0.00   80.65
12:14:59 PM    2    5.10    0.00   13.27    0.00    0.00    1.02    0.00    0.00    0.00   80.61
12:14:59 PM    3    6.06    0.00   15.15    0.00    0.00    3.03    0.00    0.00    0.00   75.76
12:14:59 PM    4    8.33    0.00   10.42    0.00    0.00    2.08    0.00    0.00    0.00   79.17
12:14:59 PM    5   10.87    0.00    7.61    0.00    0.00    1.09    0.00    0.00    0.00   80.43
12:14:59 PM    6    8.51    0.00   10.64    0.00    0.00    2.13    0.00    0.00    0.00   78.72
12:14:59 PM    7    6.38    0.00   12.77    0.00    0.00    1.06    0.00    0.00    0.00   79.79

12:14:59 PM  CPU    %usr   %nice    %sys %iowait    %irq   %soft  %steal  %guest  %gnice   %idle
12:15:00 PM  all    8.04    0.00   13.44    0.13    0.00    3.39    0.00    0.00    0.00   75.00
12:15:00 PM    0    8.74    0.00   11.65    0.00    0.00    3.88    0.00    0.00    0.00   75.73
12:15:00 PM    1    8.74    0.00   16.50    0.00    0.00    4.85    0.00    0.00    0.00   69.90
12:15:00 PM    2    7.22    0.00   12.37    0.00    0.00    3.09    0.00    0.00    0.00   77.32
12:15:00 PM    3    8.91    0.00   13.86    0.00    0.00    2.97    0.00    0.00    0.00   74.26
12:15:00 PM    4    9.90    0.00   13.86    0.00    0.00    3.96    0.00    0.00    0.00   72.28
12:15:00 PM    5    8.33    0.00   11.46    0.00    0.00    3.12    0.00    0.00    0.00   77.08
12:15:00 PM    6    7.37    0.00   11.58    0.00    0.00    2.11    0.00    0.00    0.00   78.95
12:15:00 PM    7    5.00    0.00   16.00    1.00    0.00    3.00    0.00    0.00    0.00   75.00

12:15:00 PM  CPU    %usr   %nice    %sys %iowait    %irq   %soft  %steal  %guest  %gnice   %idle
12:15:01 PM  all    6.17    0.00   10.52    2.06    0.00    2.78    0.00    0.00    0.00   78.48
12:15:01 PM    0    8.74    0.00    9.71    0.00    0.00    0.97    0.00    0.00    0.00   80.58
12:15:01 PM    1    5.77    0.00   12.50    0.00    0.00    2.88    0.00    0.00    0.00   78.85
12:15:01 PM    2    3.92    0.00   12.75    0.00    0.00    3.92    0.00    0.00    0.00   79.41
12:15:01 PM    3    5.83    0.00   11.65    0.97    0.00    2.91    0.00    0.00    0.00   78.64
12:15:01 PM    4    6.80    0.00   10.68    0.00    0.00    1.94    0.00    0.00    0.00   80.58
12:15:01 PM    5    6.67    0.00    6.67   15.24    0.00    3.81    0.00    0.00    0.00   67.62
12:15:01 PM    6    5.94    0.00    7.92    0.00    0.00    1.98    0.00    0.00    0.00   84.16
12:15:01 PM    7    5.66    0.00   12.26    0.00    0.00    3.77    0.00    0.00    0.00   78.30

12:15:01 PM  CPU    %usr   %nice    %sys %iowait    %irq   %soft  %steal  %guest  %gnice   %idle
12:15:02 PM  all    8.14    0.00   11.91    0.24    0.00    3.04    0.00    0.00    0.00   76.67
12:15:02 PM    0    9.35    0.00   12.15    0.00    0.00    3.74    0.00    0.00    0.00   74.77
12:15:02 PM    1    7.77    0.00   10.68    0.00    0.00    3.88    0.00    0.00    0.00   77.67
12:15:02 PM    2    3.03    0.00   12.12    1.01    0.00    4.04    0.00    0.00    0.00   79.80
12:15:02 PM    3    8.41    0.00   14.95    0.00    0.00    1.87    0.00    0.00    0.00   74.77
12:15:02 PM    4    7.69    0.00   12.50    0.96    0.00    3.85    0.00    0.00    0.00   75.00
12:15:02 PM    5   12.62    0.00    7.77    0.00    0.00    2.91    0.00    0.00    0.00   76.70
12:15:02 PM    6    8.08    0.00   11.11    0.00    0.00    3.03    0.00    0.00    0.00   77.78
12:15:02 PM    7    7.92    0.00   13.86    0.00    0.00    0.99    0.00    0.00    0.00   77.23

12:15:02 PM  CPU    %usr   %nice    %sys %iowait    %irq   %soft  %steal  %guest  %gnice   %idle
12:15:03 PM  all    7.38    0.00   12.65    0.00    0.00    3.16    0.00    0.00    0.00   76.81
12:15:03 PM    0    7.62    0.00   12.38    0.00    0.00    1.90    0.00    0.00    0.00   78.10
12:15:03 PM    1    6.60    0.00   12.26    0.00    0.00    3.77    0.00    0.00    0.00   77.36
12:15:03 PM    2    7.48    0.00   13.08    0.00    0.00    1.87    0.00    0.00    0.00   77.57
12:15:03 PM    3    9.01    0.00   14.41    0.00    0.00    4.50    0.00    0.00    0.00   72.07
12:15:03 PM    4    8.65    0.00    9.62    0.00    0.00    1.92    0.00    0.00    0.00   79.81
12:15:03 PM    5    7.41    0.00   13.89    0.00    0.00    4.63    0.00    0.00    0.00   74.07
12:15:03 PM    6    6.54    0.00   11.21    0.00    0.00    2.80    0.00    0.00    0.00   79.44
12:15:03 PM    7    5.66    0.00   14.15    0.00    0.00    3.77    0.00    0.00    0.00   76.42

12:15:03 PM  CPU    %usr   %nice    %sys %iowait    %irq   %soft  %steal  %guest  %gnice   %idle
12:15:04 PM  all    7.39    0.00   14.08    0.00    0.00    2.70    0.00    0.00    0.00   75.82
12:15:04 PM    0    7.77    0.00   11.65    0.00    0.00    3.88    0.00    0.00    0.00   76.70
12:15:04 PM    1    7.48    0.00   14.95    0.00    0.00    3.74    0.00    0.00    0.00   73.83
12:15:04 PM    2    7.34    0.00   18.35    0.00    0.00    2.75    0.00    0.00    0.00   71.56
12:15:04 PM    3    7.48    0.00   15.89    0.00    0.00    3.74    0.00    0.00    0.00   72.90
12:15:04 PM    4    4.85    0.00   12.62    0.00    0.00    0.97    0.00    0.00    0.00   81.55
12:15:04 PM    5    9.17    0.00   13.76    0.00    0.00    1.83    0.00    0.00    0.00   75.23
12:15:04 PM    6    5.71    0.00   13.33    0.00    0.00    1.90    0.00    0.00    0.00   79.05
12:15:04 PM    7    9.17    0.00   11.93    0.00    0.00    2.75    0.00    0.00    0.00   76.15

12:15:04 PM  CPU    %usr   %nice    %sys %iowait    %irq   %soft  %steal  %guest  %gnice   %idle
12:15:05 PM  all    7.71    0.00   14.71    0.00    0.00    2.97    0.00    0.00    0.00   74.61
12:15:05 PM    0    9.01    0.00   16.22    0.00    0.00    3.60    0.00    0.00    0.00   71.17
12:15:05 PM    1    6.80    0.00   13.59    0.00    0.00    0.97    0.00    0.00    0.00   78.64
12:15:05 PM    2    7.69    0.00   14.42    0.00    0.00    1.92    0.00    0.00    0.00   75.96
12:15:05 PM    3    6.67    0.00   14.29    0.00    0.00    3.81    0.00    0.00    0.00   75.24
12:15:05 PM    4    8.49    0.00   16.98    0.00    0.00    1.89    0.00    0.00    0.00   72.64
12:15:05 PM    5    7.55    0.00   15.09    0.00    0.00    2.83    0.00    0.00    0.00   74.53
12:15:05 PM    6    9.52    0.00   13.33    0.00    0.00    3.81    0.00    0.00    0.00   73.33
12:15:05 PM    7    5.83    0.00   13.59    0.00    0.00    4.85    0.00    0.00    0.00   75.73
