Linux 6.6.87.2-microsoft-standard-WSL2 (Udeepa-ASUS) 	04/15/26 	_x86_64_	(4 CPU)

22:40:15     CPU    %usr   %nice    %sys %iowait    %irq   %soft  %steal  %guest  %gnice   %idle
22:40:16     all    0.75    0.00    0.75    0.00    0.00    0.00    0.00    0.00    0.00   98.51
22:40:16       0    2.00    0.00    1.00    0.00    0.00    0.00    0.00    0.00    0.00   97.00
22:40:16       1    0.00    0.00    0.99    0.00    0.00    0.00    0.00    0.00    0.00   99.01
22:40:16       2    0.99    0.00    0.00    0.00    0.00    0.00    0.00    0.00    0.00   99.01
22:40:16       3    0.00    0.00    1.00    0.00    0.00    0.00    0.00    0.00    0.00   99.00

22:40:16     CPU    %usr   %nice    %sys %iowait    %irq   %soft  %steal  %guest  %gnice   %idle
22:40:17     all    0.00    0.00    0.25    0.00    0.00    0.00    0.00    0.00    0.00   99.75
22:40:17       0    0.00    0.00    1.00    0.00    0.00    0.00    0.00    0.00    0.00   99.00
22:40:17       1    0.00    0.00    0.00    0.00    0.00    0.00    0.00    0.00    0.00  100.00
22:40:17       2    0.00    0.00    0.00    0.00    0.00    0.00    0.00    0.00    0.00  100.00
22:40:17       3    0.00    0.00    0.00    0.00    0.00    0.00    0.00    0.00    0.00  100.00

22:40:17     CPU    %usr   %nice    %sys %iowait    %irq   %soft  %steal  %guest  %gnice   %idle
22:40:18     all    0.00    0.00    0.75    0.00    0.00    0.00    0.00    0.00    0.00   99.25
22:40:18       0    0.00    0.00    0.00    0.00    0.00    0.00    0.00    0.00    0.00  100.00
22:40:18       1    0.00    0.00    0.00    0.00    0.00    0.00    0.00    0.00    0.00  100.00
22:40:18       2    0.00    0.00    1.00    0.00    0.00    0.00    0.00    0.00    0.00   99.00
22:40:18       3    0.00    0.00    1.96    0.00    0.00    0.00    0.00    0.00    0.00   98.04

22:40:18     CPU    %usr   %nice    %sys %iowait    %irq   %soft  %steal  %guest  %gnice   %idle
22:40:19     all    0.76    0.00    1.01    0.00    0.00    0.76    0.00    0.00    0.00   97.48
22:40:19       0    3.06    0.00    0.00    0.00    0.00    1.02    0.00    0.00    0.00   95.92
22:40:19       1    0.00    0.00    1.00    0.00    0.00    1.00    0.00    0.00    0.00   98.00
22:40:19       2    0.00    0.00    1.01    0.00    0.00    0.00    0.00    0.00    0.00   98.99
22:40:19       3    0.00    0.00    2.00    0.00    0.00    1.00    0.00    0.00    0.00   97.00

22:40:19     CPU    %usr   %nice    %sys %iowait    %irq   %soft  %steal  %guest  %gnice   %idle
22:40:20     all    0.50    0.00    1.50    0.25    0.00    0.50    0.00    0.00    0.00   97.24
22:40:20       0    1.01    0.00    3.03    0.00    0.00    0.00    0.00    0.00    0.00   95.96
22:40:20       1    0.00    0.00    0.99    0.00    0.00    0.99    0.00    0.00    0.00   98.02
22:40:20       2    0.00    0.00    1.00    1.00    0.00    1.00    0.00    0.00    0.00   97.00
22:40:20       3    1.01    0.00    1.01    0.00    0.00    0.00    0.00    0.00    0.00   97.98

22:40:20     CPU    %usr   %nice    %sys %iowait    %irq   %soft  %steal  %guest  %gnice   %idle
22:40:21     all    2.30    0.00    6.89    0.00    0.00    2.04    0.00    0.00    0.00   88.78
22:40:21       0    3.03    0.00    9.09    0.00    0.00    4.04    0.00    0.00    0.00   83.84
22:40:21       1    1.01    0.00    3.03    0.00    0.00    2.02    0.00    0.00    0.00   93.94
22:40:21       2    3.09    0.00    7.22    0.00    0.00    0.00    0.00    0.00    0.00   89.69
22:40:21       3    2.06    0.00    8.25    0.00    0.00    2.06    0.00    0.00    0.00   87.63

22:40:21     CPU    %usr   %nice    %sys %iowait    %irq   %soft  %steal  %guest  %gnice   %idle
22:40:22     all    6.28    0.00   14.82    0.00    0.00    5.28    0.00    0.00    0.00   73.62
22:40:22       0   13.00    0.00   15.00    0.00    0.00    7.00    0.00    0.00    0.00   65.00
22:40:22       1    0.97    0.00    9.71    0.00    0.00    4.85    0.00    0.00    0.00   84.47
22:40:22       2    5.15    0.00   17.53    0.00    0.00    3.09    0.00    0.00    0.00   74.23
22:40:22       3    6.12    0.00   17.35    0.00    0.00    6.12    0.00    0.00    0.00   70.41

22:40:22     CPU    %usr   %nice    %sys %iowait    %irq   %soft  %steal  %guest  %gnice   %idle
22:40:23     all    9.20    0.00   34.08    0.00    0.00    5.72    0.00    0.00    0.00   51.00
22:40:23       0   15.05    0.00   39.78    0.00    0.00    9.68    0.00    0.00    0.00   35.48
22:40:23       1    5.77    0.00   25.96    0.00    0.00    2.88    0.00    0.00    0.00   65.38
22:40:23       2    6.86    0.00   35.29    0.00    0.00    4.90    0.00    0.00    0.00   52.94
22:40:23       3    9.71    0.00   35.92    0.00    0.00    5.83    0.00    0.00    0.00   48.54

22:40:23     CPU    %usr   %nice    %sys %iowait    %irq   %soft  %steal  %guest  %gnice   %idle
22:40:24     all    7.05    0.00   21.66    0.00    0.00    5.79    0.00    0.00    0.00   65.49
22:40:24       0   12.50    0.00   27.08    0.00    0.00    6.25    0.00    0.00    0.00   54.17
22:40:24       1    1.92    0.00   13.46    0.00    0.00    4.81    0.00    0.00    0.00   79.81
22:40:24       2    6.12    0.00   22.45    0.00    0.00    7.14    0.00    0.00    0.00   64.29
22:40:24       3    8.08    0.00   24.24    0.00    0.00    5.05    0.00    0.00    0.00   62.63

22:40:24     CPU    %usr   %nice    %sys %iowait    %irq   %soft  %steal  %guest  %gnice   %idle
22:40:25     all    5.97    0.00   22.39    0.00    0.00    4.23    0.00    0.00    0.00   67.41
22:40:25       0   11.46    0.00   28.12    0.00    0.00    5.21    0.00    0.00    0.00   55.21
22:40:25       1    0.97    0.00   11.65    0.00    0.00    5.83    0.00    0.00    0.00   81.55
22:40:25       2    7.07    0.00   20.20    0.00    0.00    3.03    0.00    0.00    0.00   69.70
22:40:25       3    4.81    0.00   29.81    0.00    0.00    2.88    0.00    0.00    0.00   62.50

22:40:25     CPU    %usr   %nice    %sys %iowait    %irq   %soft  %steal  %guest  %gnice   %idle
22:40:26     all   10.23    0.00   33.50    0.00    0.00    6.65    0.00    0.00    0.00   49.62
22:40:26       0   21.00    0.00   36.00    0.00    0.00   11.00    0.00    0.00    0.00   32.00
22:40:26       1    7.29    0.00   21.88    0.00    0.00    2.08    0.00    0.00    0.00   68.75
22:40:26       2    6.25    0.00   32.29    0.00    0.00    6.25    0.00    0.00    0.00   55.21
22:40:26       3    6.06    0.00   43.43    0.00    0.00    7.07    0.00    0.00    0.00   43.43

22:40:26     CPU    %usr   %nice    %sys %iowait    %irq   %soft  %steal  %guest  %gnice   %idle
22:40:27     all    6.78    0.00   20.35    0.00    0.00    5.53    0.00    0.00    0.00   67.34
22:40:27       0   12.50    0.00   19.79    0.00    0.00    8.33    0.00    0.00    0.00   59.38
22:40:27       1    2.06    0.00    8.25    0.00    0.00    4.12    0.00    0.00    0.00   85.57
22:40:27       2    5.00    0.00   24.00    0.00    0.00    6.00    0.00    0.00    0.00   65.00
22:40:27       3    7.62    0.00   28.57    0.00    0.00    3.81    0.00    0.00    0.00   60.00

22:40:27     CPU    %usr   %nice    %sys %iowait    %irq   %soft  %steal  %guest  %gnice   %idle
22:40:28     all    7.79    0.00   25.13    0.00    0.00    6.03    0.00    0.00    0.00   61.06
22:40:28       0   14.14    0.00   32.32    0.00    0.00    7.07    0.00    0.00    0.00   46.46
22:40:28       1    0.99    0.00   13.86    0.00    0.00    3.96    0.00    0.00    0.00   81.19
22:40:28       2   10.89    0.00   28.71    0.00    0.00    8.91    0.00    0.00    0.00   51.49
22:40:28       3    5.15    0.00   25.77    0.00    0.00    4.12    0.00    0.00    0.00   64.95

22:40:28     CPU    %usr   %nice    %sys %iowait    %irq   %soft  %steal  %guest  %gnice   %idle
22:40:29     all    8.35    0.00   21.01    0.00    0.00    6.33    0.00    0.00    0.00   64.30
22:40:29       0   19.79    0.00   20.83    0.00    0.00    9.38    0.00    0.00    0.00   50.00
22:40:29       1    1.96    0.00   12.75    0.00    0.00    5.88    0.00    0.00    0.00   79.41
22:40:29       2    6.93    0.00   26.73    0.00    0.00    4.95    0.00    0.00    0.00   61.39
22:40:29       3    5.21    0.00   23.96    0.00    0.00    5.21    0.00    0.00    0.00   65.62

22:40:29     CPU    %usr   %nice    %sys %iowait    %irq   %soft  %steal  %guest  %gnice   %idle
22:40:30     all    9.41    0.00   25.70    0.00    0.00    6.62    0.00    0.00    0.00   58.27
22:40:30       0   20.59    0.00   30.39    0.00    0.00   10.78    0.00    0.00    0.00   38.24
22:40:30       1    4.04    0.00   17.17    0.00    0.00    2.02    0.00    0.00    0.00   76.77
22:40:30       2    5.32    0.00   25.53    0.00    0.00    5.32    0.00    0.00    0.00   63.83
22:40:30       3    7.14    0.00   29.59    0.00    0.00    8.16    0.00    0.00    0.00   55.10

22:40:30     CPU    %usr   %nice    %sys %iowait    %irq   %soft  %steal  %guest  %gnice   %idle
22:40:31     all   10.20    0.00   29.34    0.00    0.00    6.89    0.00    0.00    0.00   53.57
22:40:31       0   18.37    0.00   31.63    0.00    0.00    7.14    0.00    0.00    0.00   42.86
22:40:31       1    5.05    0.00   18.18    0.00    0.00    4.04    0.00    0.00    0.00   72.73
22:40:31       2    7.14    0.00   31.63    0.00    0.00    7.14    0.00    0.00    0.00   54.08
22:40:31       3   10.31    0.00   36.08    0.00    0.00    9.28    0.00    0.00    0.00   44.33

22:40:31     CPU    %usr   %nice    %sys %iowait    %irq   %soft  %steal  %guest  %gnice   %idle
22:40:32     all    9.39    0.00   25.13    0.00    0.00    5.33    0.00    0.00    0.00   60.15
22:40:32       0   19.59    0.00   25.77    0.00    0.00    7.22    0.00    0.00    0.00   47.42
22:40:32       1    4.08    0.00   17.35    0.00    0.00    3.06    0.00    0.00    0.00   75.51
22:40:32       2    9.09    0.00   30.30    0.00    0.00    6.06    0.00    0.00    0.00   54.55
22:40:32       3    5.00    0.00   27.00    0.00    0.00    5.00    0.00    0.00    0.00   63.00

22:40:32     CPU    %usr   %nice    %sys %iowait    %irq   %soft  %steal  %guest  %gnice   %idle
22:40:33     all    8.59    0.00   27.78    0.00    0.00    7.58    0.00    0.00    0.00   56.06
22:40:33       0   12.24    0.00   35.71    0.00    0.00   10.20    0.00    0.00    0.00   41.84
22:40:33       1    4.95    0.00   15.84    0.00    0.00    4.95    0.00    0.00    0.00   74.26
22:40:33       2    7.45    0.00   23.40    0.00    0.00    5.32    0.00    0.00    0.00   63.83
22:40:33       3    9.71    0.00   35.92    0.00    0.00    9.71    0.00    0.00    0.00   44.66

22:40:33     CPU    %usr   %nice    %sys %iowait    %irq   %soft  %steal  %guest  %gnice   %idle
22:40:34     all   11.62    0.00   31.06    0.00    0.00    7.83    0.00    0.00    0.00   49.49
22:40:34       0   21.65    0.00   32.99    0.00    0.00   10.31    0.00    0.00    0.00   35.05
22:40:34       1    7.92    0.00   19.80    0.00    0.00    3.96    0.00    0.00    0.00   68.32
22:40:34       2    9.28    0.00   34.02    0.00    0.00   10.31    0.00    0.00    0.00   46.39
22:40:34       3    7.92    0.00   37.62    0.00    0.00    6.93    0.00    0.00    0.00   47.52

22:40:34     CPU    %usr   %nice    %sys %iowait    %irq   %soft  %steal  %guest  %gnice   %idle
22:40:35     all    9.21    0.00   26.60    0.26    0.00    6.39    0.00    0.00    0.00   57.54
22:40:35       0   17.53    0.00   30.93    0.00    0.00    9.28    0.00    0.00    0.00   42.27
22:40:35       1    2.04    0.00   17.35    1.02    0.00    5.10    0.00    0.00    0.00   74.49
22:40:35       2    9.09    0.00   30.30    0.00    0.00    6.06    0.00    0.00    0.00   54.55
22:40:35       3    8.25    0.00   27.84    0.00    0.00    5.15    0.00    0.00    0.00   58.76

22:40:35     CPU    %usr   %nice    %sys %iowait    %irq   %soft  %steal  %guest  %gnice   %idle
22:40:36     all    9.69    0.00   28.06    0.00    0.00    7.40    0.00    0.00    0.00   54.85
22:40:36       0   18.37    0.00   35.71    0.00    0.00    8.16    0.00    0.00    0.00   37.76
22:40:36       1    1.98    0.00   16.83    0.00    0.00    5.94    0.00    0.00    0.00   75.25
22:40:36       2    6.19    0.00   30.93    0.00    0.00    6.19    0.00    0.00    0.00   56.70
22:40:36       3   12.50    0.00   29.17    0.00    0.00    9.38    0.00    0.00    0.00   48.96

22:40:36     CPU    %usr   %nice    %sys %iowait    %irq   %soft  %steal  %guest  %gnice   %idle
22:40:37     all    7.59    0.00   26.84    0.00    0.00    6.58    0.00    0.00    0.00   58.99
22:40:37       0   17.00    0.00   30.00    0.00    0.00   10.00    0.00    0.00    0.00   43.00
22:40:37       1    1.01    0.00   15.15    0.00    0.00    4.04    0.00    0.00    0.00   79.80
22:40:37       2    5.05    0.00   28.28    0.00    0.00    4.04    0.00    0.00    0.00   62.63
22:40:37       3    7.22    0.00   34.02    0.00    0.00    8.25    0.00    0.00    0.00   50.52

22:40:37     CPU    %usr   %nice    %sys %iowait    %irq   %soft  %steal  %guest  %gnice   %idle
22:40:38     all    9.57    0.00   28.46    0.00    0.00    7.05    0.00    0.00    0.00   54.91
22:40:38       0   17.65    0.00   32.35    0.00    0.00    9.80    0.00    0.00    0.00   40.20
22:40:38       1    3.23    0.00   11.83    0.00    0.00    4.30    0.00    0.00    0.00   80.65
22:40:38       2    8.74    0.00   33.98    0.00    0.00    5.83    0.00    0.00    0.00   51.46
22:40:38       3    8.08    0.00   34.34    0.00    0.00    8.08    0.00    0.00    0.00   49.49

22:40:38     CPU    %usr   %nice    %sys %iowait    %irq   %soft  %steal  %guest  %gnice   %idle
22:40:39     all   11.89    0.00   27.65    0.00    0.00    5.68    0.00    0.00    0.00   54.78
22:40:39       0   21.43    0.00   32.65    0.00    0.00    8.16    0.00    0.00    0.00   37.76
22:40:39       1    4.04    0.00   20.20    0.00    0.00    3.03    0.00    0.00    0.00   72.73
22:40:39       2    9.47    0.00   28.42    0.00    0.00    6.32    0.00    0.00    0.00   55.79
22:40:39       3   12.63    0.00   29.47    0.00    0.00    5.26    0.00    0.00    0.00   52.63

22:40:39     CPU    %usr   %nice    %sys %iowait    %irq   %soft  %steal  %guest  %gnice   %idle
22:40:40     all    8.16    0.00   28.06    0.00    0.00    7.65    0.00    0.00    0.00   56.12
22:40:40       0   17.17    0.00   35.35    0.00    0.00    8.08    0.00    0.00    0.00   39.39
22:40:40       1    2.06    0.00   16.49    0.00    0.00    6.19    0.00    0.00    0.00   75.26
22:40:40       2    8.25    0.00   28.87    0.00    0.00    8.25    0.00    0.00    0.00   54.64
22:40:40       3    5.05    0.00   31.31    0.00    0.00    8.08    0.00    0.00    0.00   55.56

22:40:40     CPU    %usr   %nice    %sys %iowait    %irq   %soft  %steal  %guest  %gnice   %idle
22:40:41     all   10.42    0.00   27.08    0.00    0.00    5.99    0.00    0.00    0.00   56.51
22:40:41       0   17.89    0.00   27.37    0.00    0.00   10.53    0.00    0.00    0.00   44.21
22:40:41       1    2.08    0.00   18.75    0.00    0.00    3.12    0.00    0.00    0.00   76.04
22:40:41       2    7.53    0.00   26.88    0.00    0.00    4.30    0.00    0.00    0.00   61.29
22:40:41       3   14.00    0.00   35.00    0.00    0.00    6.00    0.00    0.00    0.00   45.00

22:40:41     CPU    %usr   %nice    %sys %iowait    %irq   %soft  %steal  %guest  %gnice   %idle
22:40:42     all    8.72    0.00   29.49    0.00    0.00    7.44    0.00    0.00    0.00   54.36
22:40:42       0   17.35    0.00   34.69    0.00    0.00    9.18    0.00    0.00    0.00   38.78
22:40:42       1    3.06    0.00   20.41    0.00    0.00    3.06    0.00    0.00    0.00   73.47
22:40:42       2    8.16    0.00   33.67    0.00    0.00    9.18    0.00    0.00    0.00   48.98
22:40:42       3    6.25    0.00   29.17    0.00    0.00    8.33    0.00    0.00    0.00   56.25

22:40:42     CPU    %usr   %nice    %sys %iowait    %irq   %soft  %steal  %guest  %gnice   %idle
22:40:43     all   11.96    0.00   37.66    0.00    0.00    5.85    0.00    0.00    0.00   44.53
22:40:43       0   18.56    0.00   44.33    0.00    0.00    8.25    0.00    0.00    0.00   28.87
22:40:43       1    8.00    0.00   24.00    0.00    0.00    5.00    0.00    0.00    0.00   63.00
22:40:43       2   10.78    0.00   44.12    0.00    0.00    3.92    0.00    0.00    0.00   41.18
22:40:43       3   10.64    0.00   38.30    0.00    0.00    6.38    0.00    0.00    0.00   44.68

22:40:43     CPU    %usr   %nice    %sys %iowait    %irq   %soft  %steal  %guest  %gnice   %idle
22:40:44     all    7.46    0.00   24.16    0.00    0.00    5.91    0.00    0.00    0.00   62.47
22:40:44       0   16.67    0.00   29.41    0.00    0.00    8.82    0.00    0.00    0.00   45.10
22:40:44       1    1.06    0.00    8.51    0.00    0.00    3.19    0.00    0.00    0.00   87.23
22:40:44       2    3.26    0.00   27.17    0.00    0.00    5.43    0.00    0.00    0.00   64.13
22:40:44       3    7.92    0.00   30.69    0.00    0.00    5.94    0.00    0.00    0.00   55.45

22:40:44     CPU    %usr   %nice    %sys %iowait    %irq   %soft  %steal  %guest  %gnice   %idle
22:40:45     all   10.94    0.00   27.74    0.25    0.00    6.62    0.00    0.00    0.00   54.45
22:40:45       0   20.79    0.00   31.68    0.00    0.00   10.89    0.00    0.00    0.00   36.63
22:40:45       1    5.15    0.00   14.43    0.00    0.00    4.12    0.00    0.00    0.00   76.29
22:40:45       2    6.25    0.00   27.08    1.04    0.00    6.25    0.00    0.00    0.00   59.38
22:40:45       3   11.11    0.00   37.37    0.00    0.00    5.05    0.00    0.00    0.00   46.46

22:40:45     CPU    %usr   %nice    %sys %iowait    %irq   %soft  %steal  %guest  %gnice   %idle
22:40:46     all    6.92    0.00   27.69    0.00    0.00    7.18    0.00    0.00    0.00   58.21
22:40:46       0   14.29    0.00   32.65    0.00    0.00   10.20    0.00    0.00    0.00   42.86
22:40:46       1    2.02    0.00   17.17    0.00    0.00    4.04    0.00    0.00    0.00   76.77
22:40:46       2    4.21    0.00   27.37    0.00    0.00    8.42    0.00    0.00    0.00   60.00
22:40:46       3    7.14    0.00   33.67    0.00    0.00    6.12    0.00    0.00    0.00   53.06

22:40:46     CPU    %usr   %nice    %sys %iowait    %irq   %soft  %steal  %guest  %gnice   %idle
22:40:47     all    6.35    0.00   22.59    0.00    0.00    6.35    0.00    0.00    0.00   64.72
22:40:47       0   12.50    0.00   26.04    0.00    0.00    8.33    0.00    0.00    0.00   53.12
22:40:47       1    2.88    0.00   15.38    0.00    0.00    5.77    0.00    0.00    0.00   75.96
22:40:47       2    5.05    0.00   25.25    0.00    0.00    6.06    0.00    0.00    0.00   63.64
22:40:47       3    5.26    0.00   24.21    0.00    0.00    5.26    0.00    0.00    0.00   65.26

22:40:47     CPU    %usr   %nice    %sys %iowait    %irq   %soft  %steal  %guest  %gnice   %idle
22:40:49     all   11.03    0.00   29.07    0.00    0.00    7.77    0.00    0.00    0.00   52.13
22:40:49       0   23.76    0.00   24.75    0.00    0.00   11.88    0.00    0.00    0.00   39.60
22:40:49       1    3.03    0.00   19.19    0.00    0.00    4.04    0.00    0.00    0.00   73.74
22:40:49       2    7.14    0.00   32.65    0.00    0.00    7.14    0.00    0.00    0.00   53.06
22:40:49       3    9.90    0.00   39.60    0.00    0.00    7.92    0.00    0.00    0.00   42.57

22:40:49     CPU    %usr   %nice    %sys %iowait    %irq   %soft  %steal  %guest  %gnice   %idle
22:40:50     all   11.08    0.00   28.09    0.00    0.00    5.67    0.00    0.00    0.00   55.15
22:40:50       0   19.19    0.00   36.36    0.00    0.00    8.08    0.00    0.00    0.00   36.36
22:40:50       1    2.06    0.00   18.56    0.00    0.00    2.06    0.00    0.00    0.00   77.32
22:40:50       2   11.00    0.00   25.00    0.00    0.00    7.00    0.00    0.00    0.00   57.00
22:40:50       3   11.96    0.00   32.61    0.00    0.00    5.43    0.00    0.00    0.00   50.00

22:40:50     CPU    %usr   %nice    %sys %iowait    %irq   %soft  %steal  %guest  %gnice   %idle
22:40:51     all   10.23    0.00   29.41    0.00    0.00    6.65    0.00    0.00    0.00   53.71
22:40:51       0   18.37    0.00   34.69    0.00    0.00    8.16    0.00    0.00    0.00   38.78
22:40:51       1    3.06    0.00   19.39    0.00    0.00    4.08    0.00    0.00    0.00   73.47
22:40:51       2    9.00    0.00   31.00    0.00    0.00    7.00    0.00    0.00    0.00   53.00
22:40:51       3   10.53    0.00   32.63    0.00    0.00    7.37    0.00    0.00    0.00   49.47

22:40:51     CPU    %usr   %nice    %sys %iowait    %irq   %soft  %steal  %guest  %gnice   %idle
22:40:52     all    7.61    0.00   19.80    0.00    0.00    4.31    0.00    0.00    0.00   68.27
22:40:52       0   15.31    0.00   21.43    0.00    0.00    6.12    0.00    0.00    0.00   57.14
22:40:52       1    3.16    0.00    9.47    0.00    0.00    3.16    0.00    0.00    0.00   84.21
22:40:52       2    5.88    0.00   23.53    0.00    0.00    5.88    0.00    0.00    0.00   64.71
22:40:52       3    6.06    0.00   24.24    0.00    0.00    2.02    0.00    0.00    0.00   67.68

22:40:52     CPU    %usr   %nice    %sys %iowait    %irq   %soft  %steal  %guest  %gnice   %idle
22:40:53     all    9.56    0.00   28.17    0.00    0.00    6.98    0.00    0.00    0.00   55.30
22:40:53       0   17.20    0.00   33.33    0.00    0.00    8.60    0.00    0.00    0.00   40.86
22:40:53       1    2.06    0.00   16.49    0.00    0.00    3.09    0.00    0.00    0.00   78.35
22:40:53       2    6.32    0.00   24.21    0.00    0.00    6.32    0.00    0.00    0.00   63.16
22:40:53       3   12.75    0.00   38.24    0.00    0.00    9.80    0.00    0.00    0.00   39.22

22:40:53     CPU    %usr   %nice    %sys %iowait    %irq   %soft  %steal  %guest  %gnice   %idle
22:40:54     all   10.05    0.00   27.89    0.00    0.00    6.53    0.00    0.00    0.00   55.53
22:40:54       0   17.89    0.00   33.68    0.00    0.00    7.37    0.00    0.00    0.00   41.05
22:40:54       1    3.00    0.00   16.00    0.00    0.00    5.00    0.00    0.00    0.00   76.00
22:40:54       2   12.12    0.00   29.29    0.00    0.00    6.06    0.00    0.00    0.00   52.53
22:40:54       3    7.69    0.00   32.69    0.00    0.00    7.69    0.00    0.00    0.00   51.92

22:40:54     CPU    %usr   %nice    %sys %iowait    %irq   %soft  %steal  %guest  %gnice   %idle
22:40:55     all    9.60    0.00   25.60    0.00    0.00    6.93    0.00    0.00    0.00   57.87
22:40:55       0   18.39    0.00   34.48    0.00    0.00   13.79    0.00    0.00    0.00   33.33
22:40:55       1    2.13    0.00   11.70    0.00    0.00    2.13    0.00    0.00    0.00   84.04
22:40:55       2    9.57    0.00   31.91    0.00    0.00    8.51    0.00    0.00    0.00   50.00
22:40:55       3    9.00    0.00   25.00    0.00    0.00    4.00    0.00    0.00    0.00   62.00

22:40:55     CPU    %usr   %nice    %sys %iowait    %irq   %soft  %steal  %guest  %gnice   %idle
22:40:56     all   11.45    0.00   31.04    0.00    0.00    8.40    0.00    0.00    0.00   49.11
22:40:56       0   22.45    0.00   32.65    0.00    0.00   10.20    0.00    0.00    0.00   34.69
22:40:56       1    3.00    0.00   21.00    0.00    0.00    5.00    0.00    0.00    0.00   71.00
22:40:56       2    9.18    0.00   37.76    0.00    0.00    8.16    0.00    0.00    0.00   44.90
22:40:56       3   11.34    0.00   32.99    0.00    0.00   10.31    0.00    0.00    0.00   45.36

22:40:56     CPU    %usr   %nice    %sys %iowait    %irq   %soft  %steal  %guest  %gnice   %idle
22:40:57     all   10.18    0.00   33.59    0.00    0.00    8.40    0.00    0.00    0.00   47.84
22:40:57       0   21.88    0.00   37.50    0.00    0.00   10.42    0.00    0.00    0.00   30.21
22:40:57       1    4.00    0.00   24.00    0.00    0.00    6.00    0.00    0.00    0.00   66.00
22:40:57       2    9.28    0.00   32.99    0.00    0.00    9.28    0.00    0.00    0.00   48.45
22:40:57       3    6.00    0.00   40.00    0.00    0.00    8.00    0.00    0.00    0.00   46.00

22:40:57     CPU    %usr   %nice    %sys %iowait    %irq   %soft  %steal  %guest  %gnice   %idle
22:40:58     all    9.49    0.00   29.74    0.00    0.00    6.67    0.00    0.00    0.00   54.10
22:40:58       0   18.81    0.00   33.66    0.00    0.00   11.88    0.00    0.00    0.00   35.64
22:40:58       1    2.15    0.00   15.05    0.00    0.00    2.15    0.00    0.00    0.00   80.65
22:40:58       2    7.14    0.00   33.67    0.00    0.00    5.10    0.00    0.00    0.00   54.08
22:40:58       3    9.18    0.00   35.71    0.00    0.00    7.14    0.00    0.00    0.00   47.96

22:40:58     CPU    %usr   %nice    %sys %iowait    %irq   %soft  %steal  %guest  %gnice   %idle
22:40:59     all    8.72    0.00   24.62    0.00    0.00    4.87    0.00    0.00    0.00   61.79
22:40:59       0   13.27    0.00   27.55    0.00    0.00    8.16    0.00    0.00    0.00   51.02
22:40:59       1    3.06    0.00   15.31    0.00    0.00    2.04    0.00    0.00    0.00   79.59
22:40:59       2   10.20    0.00   26.53    0.00    0.00    3.06    0.00    0.00    0.00   60.20
22:40:59       3    8.33    0.00   29.17    0.00    0.00    6.25    0.00    0.00    0.00   56.25

22:40:59     CPU    %usr   %nice    %sys %iowait    %irq   %soft  %steal  %guest  %gnice   %idle
22:41:00     all   10.94    0.00   33.33    0.00    0.00    6.51    0.00    0.00    0.00   49.22
22:41:00       0   23.71    0.00   36.08    0.00    0.00   10.31    0.00    0.00    0.00   29.90
22:41:00       1    4.26    0.00   22.34    0.00    0.00    4.26    0.00    0.00    0.00   69.15
22:41:00       2    6.32    0.00   37.89    0.00    0.00    5.26    0.00    0.00    0.00   50.53
22:41:00       3    9.18    0.00   36.73    0.00    0.00    6.12    0.00    0.00    0.00   47.96

22:41:00     CPU    %usr   %nice    %sys %iowait    %irq   %soft  %steal  %guest  %gnice   %idle
22:41:01     all   10.89    0.00   32.15    0.25    0.00    7.09    0.00    0.00    0.00   49.62
22:41:01       0   18.00    0.00   32.00    0.00    0.00   12.00    0.00    0.00    0.00   38.00
22:41:01       1    4.00    0.00   21.00    1.00    0.00    3.00    0.00    0.00    0.00   71.00
22:41:01       2   11.46    0.00   37.50    0.00    0.00    5.21    0.00    0.00    0.00   45.83
22:41:01       3   10.10    0.00   38.38    0.00    0.00    8.08    0.00    0.00    0.00   43.43

22:41:01     CPU    %usr   %nice    %sys %iowait    %irq   %soft  %steal  %guest  %gnice   %idle
22:41:02     all   10.34    0.00   29.71    0.27    0.00    5.31    0.00    0.00    0.00   54.38
22:41:02       0   22.73    0.00   32.95    0.00    0.00   11.36    0.00    0.00    0.00   32.95
22:41:02       1    6.52    0.00   17.39    0.00    0.00    2.17    0.00    0.00    0.00   73.91
22:41:02       2    5.00    0.00   33.00    1.00    0.00    5.00    0.00    0.00    0.00   56.00
22:41:02       3    8.25    0.00   35.05    0.00    0.00    3.09    0.00    0.00    0.00   53.61

22:41:02     CPU    %usr   %nice    %sys %iowait    %irq   %soft  %steal  %guest  %gnice   %idle
22:41:03     all    8.95    0.00   28.64    0.00    0.00    6.39    0.00    0.00    0.00   56.01
22:41:03       0   16.16    0.00   34.34    0.00    0.00   10.10    0.00    0.00    0.00   39.39
22:41:03       1    3.06    0.00   15.31    0.00    0.00    3.06    0.00    0.00    0.00   78.57
22:41:03       2    5.10    0.00   31.63    0.00    0.00    6.12    0.00    0.00    0.00   57.14
22:41:03       3   11.46    0.00   33.33    0.00    0.00    6.25    0.00    0.00    0.00   48.96

22:41:03     CPU    %usr   %nice    %sys %iowait    %irq   %soft  %steal  %guest  %gnice   %idle
22:41:04     all    8.73    0.00   30.42    0.26    0.00    6.08    0.00    0.00    0.00   54.50
22:41:04       0   20.00    0.00   38.82    0.00    0.00   11.76    0.00    0.00    0.00   29.41
22:41:04       1    4.21    0.00   21.05    0.00    0.00    0.00    0.00    0.00    0.00   74.74
22:41:04       2    6.12    0.00   31.63    0.00    0.00    5.10    0.00    0.00    0.00   57.14
22:41:04       3    6.00    0.00   31.00    1.00    0.00    8.00    0.00    0.00    0.00   54.00

22:41:04     CPU    %usr   %nice    %sys %iowait    %irq   %soft  %steal  %guest  %gnice   %idle
22:41:05     all   10.88    0.00   33.68    0.00    0.00    4.92    0.00    0.00    0.00   50.52
22:41:05       0   20.41    0.00   36.73    0.00    0.00   10.20    0.00    0.00    0.00   32.65
22:41:05       1    4.12    0.00   24.74    0.00    0.00    0.00    0.00    0.00    0.00   71.13
22:41:05       2    8.25    0.00   34.02    0.00    0.00    6.19    0.00    0.00    0.00   51.55
22:41:05       3   10.64    0.00   39.36    0.00    0.00    3.19    0.00    0.00    0.00   46.81

22:41:05     CPU    %usr   %nice    %sys %iowait    %irq   %soft  %steal  %guest  %gnice   %idle
22:41:06     all   10.16    0.00   28.39    0.00    0.00    5.73    0.00    0.00    0.00   55.73
22:41:06       0   19.15    0.00   32.98    0.00    0.00    8.51    0.00    0.00    0.00   39.36
22:41:06       1    4.17    0.00   18.75    0.00    0.00    3.12    0.00    0.00    0.00   73.96
22:41:06       2   10.31    0.00   30.93    0.00    0.00    6.19    0.00    0.00    0.00   52.58
22:41:06       3    7.22    0.00   30.93    0.00    0.00    5.15    0.00    0.00    0.00   56.70

22:41:06     CPU    %usr   %nice    %sys %iowait    %irq   %soft  %steal  %guest  %gnice   %idle
22:41:07     all    7.02    0.00   25.56    0.00    0.00    5.26    0.00    0.00    0.00   62.16
22:41:07       0   15.31    0.00   28.57    0.00    0.00    8.16    0.00    0.00    0.00   47.96
22:41:07       1    0.00    0.00   15.84    0.00    0.00    2.97    0.00    0.00    0.00   81.19
22:41:07       2    4.95    0.00   35.64    0.00    0.00    5.94    0.00    0.00    0.00   53.47
22:41:07       3    8.08    0.00   22.22    0.00    0.00    4.04    0.00    0.00    0.00   65.66

22:41:07     CPU    %usr   %nice    %sys %iowait    %irq   %soft  %steal  %guest  %gnice   %idle
22:41:08     all    6.48    0.00   24.61    0.00    0.00    5.44    0.00    0.00    0.00   63.47
22:41:08       0   14.29    0.00   29.59    0.00    0.00    7.14    0.00    0.00    0.00   48.98
22:41:08       1    1.02    0.00   13.27    0.00    0.00    2.04    0.00    0.00    0.00   83.67
22:41:08       2    6.19    0.00   29.90    0.00    0.00    6.19    0.00    0.00    0.00   57.73
22:41:08       3    4.30    0.00   25.81    0.00    0.00    6.45    0.00    0.00    0.00   63.44

22:41:08     CPU    %usr   %nice    %sys %iowait    %irq   %soft  %steal  %guest  %gnice   %idle
22:41:09     all    9.09    0.00   28.54    0.00    0.00    4.04    0.00    0.00    0.00   58.33
22:41:09       0   20.21    0.00   32.98    0.00    0.00    3.19    0.00    0.00    0.00   43.62
22:41:09       1    3.00    0.00   19.00    0.00    0.00    2.00    0.00    0.00    0.00   76.00
22:41:09       2    6.86    0.00   32.35    0.00    0.00    5.88    0.00    0.00    0.00   54.90
22:41:09       3    7.00    0.00   30.00    0.00    0.00    5.00    0.00    0.00    0.00   58.00

22:41:09     CPU    %usr   %nice    %sys %iowait    %irq   %soft  %steal  %guest  %gnice   %idle
22:41:10     all    7.44    0.00   25.62    0.00    0.00    4.68    0.00    0.00    0.00   62.26
22:41:10       0   21.92    0.00   34.25    0.00    0.00    9.59    0.00    0.00    0.00   34.25
22:41:10       1    1.05    0.00   16.84    0.00    0.00    2.11    0.00    0.00    0.00   80.00
22:41:10       2    4.17    0.00   26.04    0.00    0.00    2.08    0.00    0.00    0.00   67.71
22:41:10       3    6.06    0.00   27.27    0.00    0.00    6.06    0.00    0.00    0.00   60.61

22:41:10     CPU    %usr   %nice    %sys %iowait    %irq   %soft  %steal  %guest  %gnice   %idle
22:41:11     all    8.20    0.00   25.13    0.26    0.00    5.29    0.00    0.00    0.00   61.11
22:41:11       0   16.33    0.00   24.49    0.00    0.00    8.16    0.00    0.00    0.00   51.02
22:41:11       1    3.12    0.00   16.67    1.04    0.00    3.12    0.00    0.00    0.00   76.04
22:41:11       2    7.61    0.00   26.09    0.00    0.00    6.52    0.00    0.00    0.00   59.78
22:41:11       3    5.43    0.00   33.70    0.00    0.00    3.26    0.00    0.00    0.00   57.61

22:41:11     CPU    %usr   %nice    %sys %iowait    %irq   %soft  %steal  %guest  %gnice   %idle
22:41:12     all    8.79    0.00   24.81    0.00    0.00    5.17    0.00    0.00    0.00   61.24
22:41:12       0   17.17    0.00   27.27    0.00    0.00    8.08    0.00    0.00    0.00   47.47
22:41:12       1    1.02    0.00   14.29    0.00    0.00    3.06    0.00    0.00    0.00   81.63
22:41:12       2   10.53    0.00   28.42    0.00    0.00    4.21    0.00    0.00    0.00   56.84
22:41:12       3    6.32    0.00   29.47    0.00    0.00    5.26    0.00    0.00    0.00   58.95

22:41:12     CPU    %usr   %nice    %sys %iowait    %irq   %soft  %steal  %guest  %gnice   %idle
22:41:13     all    8.14    0.00   25.70    0.00    0.00    4.83    0.00    0.00    0.00   61.32
22:41:13       0   15.46    0.00   30.93    0.00    0.00    6.19    0.00    0.00    0.00   47.42
22:41:13       1    3.03    0.00   14.14    0.00    0.00    2.02    0.00    0.00    0.00   80.81
22:41:13       2    7.22    0.00   23.71    0.00    0.00    6.19    0.00    0.00    0.00   62.89
22:41:13       3    7.00    0.00   34.00    0.00    0.00    5.00    0.00    0.00    0.00   54.00

22:41:13     CPU    %usr   %nice    %sys %iowait    %irq   %soft  %steal  %guest  %gnice   %idle
22:41:14     all    9.64    0.00   29.70    0.00    0.00    7.61    0.00    0.00    0.00   53.05
22:41:14       0   20.41    0.00   32.65    0.00    0.00   11.22    0.00    0.00    0.00   35.71
22:41:14       1    2.00    0.00   18.00    0.00    0.00    5.00    0.00    0.00    0.00   75.00
22:41:14       2    9.80    0.00   36.27    0.00    0.00    9.80    0.00    0.00    0.00   44.12
22:41:14       3    6.38    0.00   31.91    0.00    0.00    4.26    0.00    0.00    0.00   57.45

22:41:14     CPU    %usr   %nice    %sys %iowait    %irq   %soft  %steal  %guest  %gnice   %idle
22:41:15     all   10.58    0.00   35.26    0.00    0.00    7.56    0.00    0.00    0.00   46.60
22:41:15       0   22.45    0.00   40.82    0.00    0.00   10.20    0.00    0.00    0.00   26.53
22:41:15       1    4.90    0.00   24.51    0.00    0.00    2.94    0.00    0.00    0.00   67.65
22:41:15       2    8.16    0.00   35.71    0.00    0.00    6.12    0.00    0.00    0.00   50.00
22:41:15       3    7.07    0.00   40.40    0.00    0.00   11.11    0.00    0.00    0.00   41.41

22:41:15     CPU    %usr   %nice    %sys %iowait    %irq   %soft  %steal  %guest  %gnice   %idle
22:41:16     all   11.11    0.00   26.72    0.26    0.00    5.82    0.00    0.00    0.00   56.08
22:41:16       0   17.05    0.00   32.95    0.00    0.00    9.09    0.00    0.00    0.00   40.91
22:41:16       1    5.05    0.00   21.21    1.01    0.00    0.00    0.00    0.00    0.00   72.73
22:41:16       2   12.63    0.00   21.05    0.00    0.00    6.32    0.00    0.00    0.00   60.00
22:41:16       3   10.42    0.00   32.29    0.00    0.00    8.33    0.00    0.00    0.00   48.96

22:41:16     CPU    %usr   %nice    %sys %iowait    %irq   %soft  %steal  %guest  %gnice   %idle
22:41:17     all   11.45    0.00   32.32    0.00    0.00    5.85    0.00    0.00    0.00   50.38
22:41:17       0   23.00    0.00   37.00    0.00    0.00    8.00    0.00    0.00    0.00   32.00
22:41:17       1    3.00    0.00   22.00    0.00    0.00    5.00    0.00    0.00    0.00   70.00
22:41:17       2    9.38    0.00   36.46    0.00    0.00    5.21    0.00    0.00    0.00   48.96
22:41:17       3   10.31    0.00   34.02    0.00    0.00    5.15    0.00    0.00    0.00   50.52

22:41:17     CPU    %usr   %nice    %sys %iowait    %irq   %soft  %steal  %guest  %gnice   %idle
22:41:18     all    8.40    0.00   29.52    0.00    0.00    5.34    0.00    0.00    0.00   56.74
22:41:18       0   16.33    0.00   31.63    0.00    0.00   10.20    0.00    0.00    0.00   41.84
22:41:18       1    2.04    0.00   18.37    0.00    0.00    2.04    0.00    0.00    0.00   77.55
22:41:18       2    6.06    0.00   36.36    0.00    0.00    5.05    0.00    0.00    0.00   52.53
22:41:18       3    9.18    0.00   31.63    0.00    0.00    4.08    0.00    0.00    0.00   55.10

22:41:18     CPU    %usr   %nice    %sys %iowait    %irq   %soft  %steal  %guest  %gnice   %idle
22:41:19     all    7.85    0.00   30.13    0.00    0.00    7.85    0.00    0.00    0.00   54.18
22:41:19       0   14.29    0.00   35.71    0.00    0.00   12.24    0.00    0.00    0.00   37.76
22:41:19       1    2.11    0.00   15.79    0.00    0.00    3.16    0.00    0.00    0.00   78.95
22:41:19       2    7.84    0.00   35.29    0.00    0.00    8.82    0.00    0.00    0.00   48.04
22:41:19       3    7.00    0.00   33.00    0.00    0.00    7.00    0.00    0.00    0.00   53.00

22:41:19     CPU    %usr   %nice    %sys %iowait    %irq   %soft  %steal  %guest  %gnice   %idle
22:41:20     all   12.21    0.00   35.84    0.00    0.00    5.71    0.00    0.00    0.00   46.23
22:41:20       0   20.83    0.00   42.71    0.00    0.00    5.21    0.00    0.00    0.00   31.25
22:41:20       1    3.19    0.00   24.47    0.00    0.00    4.26    0.00    0.00    0.00   68.09
22:41:20       2   13.40    0.00   35.05    0.00    0.00    6.19    0.00    0.00    0.00   45.36
22:41:20       3   11.22    0.00   40.82    0.00    0.00    7.14    0.00    0.00    0.00   40.82

22:41:20     CPU    %usr   %nice    %sys %iowait    %irq   %soft  %steal  %guest  %gnice   %idle
22:41:22     all   12.88    0.00   37.88    0.00    0.00    7.07    0.00    0.00    0.00   42.17
22:41:22       0   25.00    0.00   35.42    0.00    0.00   12.50    0.00    0.00    0.00   27.08
22:41:22       1    5.00    0.00   30.00    0.00    0.00    3.00    0.00    0.00    0.00   62.00
22:41:22       2   10.89    0.00   43.56    0.00    0.00    6.93    0.00    0.00    0.00   38.61
22:41:22       3   11.11    0.00   42.42    0.00    0.00    6.06    0.00    0.00    0.00   40.40

Average:     CPU    %usr   %nice    %sys %iowait    %irq   %soft  %steal  %guest  %gnice   %idle
Average:     all    8.49    0.00   25.58    0.03    0.00    5.72    0.00    0.00    0.00   60.18
Average:       0   16.48    0.00   29.18    0.00    0.00    8.32    0.00    0.00    0.00   46.02
Average:       1    2.89    0.00   15.98    0.06    0.00    3.25    0.00    0.00    0.00   77.82
Average:       2    7.13    0.00   27.72    0.05    0.00    5.59    0.00    0.00    0.00   59.52
Average:       3    7.59    0.00   29.53    0.02    0.00    5.75    0.00    0.00    0.00   57.12
