Linux 5.15.0-171-generic (cloudnet-s05) 	05/19/2026 	_x86_64_	(8 CPU)

12:22:39 PM  CPU    %usr   %nice    %sys %iowait    %irq   %soft  %steal  %guest  %gnice   %idle
12:22:40 PM  all    1.00    0.00    1.00    0.00    0.00    0.00    0.00    0.00    0.00   98.00
12:22:40 PM    0    0.00    0.00    1.00    0.00    0.00    0.00    0.00    0.00    0.00   99.00
12:22:40 PM    1    0.00    0.00    1.01    0.00    0.00    0.00    0.00    0.00    0.00   98.99
12:22:40 PM    2    0.99    0.00    0.99    0.00    0.00    0.00    0.00    0.00    0.00   98.02
12:22:40 PM    3    0.00    0.00    0.00    0.00    0.00    0.00    0.00    0.00    0.00  100.00
12:22:40 PM    4    4.04    0.00    2.02    0.00    0.00    0.00    0.00    0.00    0.00   93.94
12:22:40 PM    5    0.00    0.00    1.01    0.00    0.00    0.00    0.00    0.00    0.00   98.99
12:22:40 PM    6    1.00    0.00    0.00    0.00    0.00    0.00    0.00    0.00    0.00   99.00
12:22:40 PM    7    1.96    0.00    1.96    0.00    0.00    0.00    0.00    0.00    0.00   96.08

12:22:40 PM  CPU    %usr   %nice    %sys %iowait    %irq   %soft  %steal  %guest  %gnice   %idle
12:22:41 PM  all    0.25    0.00    0.25    0.00    0.00    0.00    0.00    0.00    0.00   99.50
12:22:41 PM    0    0.00    0.00    0.00    0.00    0.00    0.00    0.00    0.00    0.00  100.00
12:22:41 PM    1    1.00    0.00    0.00    0.00    0.00    0.00    0.00    0.00    0.00   99.00
12:22:41 PM    2    0.00    0.00    0.00    0.00    0.00    0.00    0.00    0.00    0.00  100.00
12:22:41 PM    3    0.00    0.00    0.99    0.00    0.00    0.00    0.00    0.00    0.00   99.01
12:22:41 PM    4    1.00    0.00    0.00    0.00    0.00    0.00    0.00    0.00    0.00   99.00
12:22:41 PM    5    0.00    0.00    1.00    0.00    0.00    0.00    0.00    0.00    0.00   99.00
12:22:41 PM    6    0.00    0.00    0.00    0.00    0.00    0.00    0.00    0.00    0.00  100.00
12:22:41 PM    7    0.00    0.00    0.00    0.00    0.00    0.00    0.00    0.00    0.00  100.00

12:22:41 PM  CPU    %usr   %nice    %sys %iowait    %irq   %soft  %steal  %guest  %gnice   %idle
12:22:42 PM  all    0.00    0.00    0.00    0.13    0.00    0.00    0.00    0.00    0.00   99.87
12:22:42 PM    0    0.00    0.00    0.00    0.00    0.00    0.00    0.00    0.00    0.00  100.00
12:22:42 PM    1    0.00    0.00    0.00    0.00    0.00    0.00    0.00    0.00    0.00  100.00
12:22:42 PM    2    0.00    0.00    0.00    0.00    0.00    0.00    0.00    0.00    0.00  100.00
12:22:42 PM    3    0.00    0.00    0.00    0.00    0.00    0.00    0.00    0.00    0.00  100.00
12:22:42 PM    4    0.00    0.00    0.00    0.00    0.00    0.00    0.00    0.00    0.00  100.00
12:22:42 PM    5    0.00    0.00    0.00    0.00    0.00    0.00    0.00    0.00    0.00  100.00
12:22:42 PM    6    0.00    0.00    0.00    0.99    0.00    0.00    0.00    0.00    0.00   99.01
12:22:42 PM    7    0.00    0.00    0.00    0.00    0.00    0.00    0.00    0.00    0.00  100.00

12:22:42 PM  CPU    %usr   %nice    %sys %iowait    %irq   %soft  %steal  %guest  %gnice   %idle
12:22:43 PM  all    2.24    0.00    4.34    0.39    0.00    1.18    0.00    0.00    0.00   91.84
12:22:43 PM    0    2.06    0.00    5.15    1.03    0.00    2.06    0.00    0.00    0.00   89.69
12:22:43 PM    1    3.16    0.00    3.16    0.00    0.00    1.05    0.00    0.00    0.00   92.63
12:22:43 PM    2    2.11    0.00    5.26    0.00    0.00    0.00    0.00    0.00    0.00   92.63
12:22:43 PM    3    4.21    0.00    3.16    1.05    0.00    1.05    0.00    0.00    0.00   90.53
12:22:43 PM    4    1.05    0.00    5.26    1.05    0.00    1.05    0.00    0.00    0.00   91.58
12:22:43 PM    5    4.21    0.00    5.26    0.00    0.00    1.05    0.00    0.00    0.00   89.47
12:22:43 PM    6    0.00    0.00    3.19    0.00    0.00    2.13    0.00    0.00    0.00   94.68
12:22:43 PM    7    1.06    0.00    4.26    0.00    0.00    1.06    0.00    0.00    0.00   93.62

12:22:43 PM  CPU    %usr   %nice    %sys %iowait    %irq   %soft  %steal  %guest  %gnice   %idle
12:22:44 PM  all    4.31    0.00    6.33    0.00    0.00    1.62    0.00    0.00    0.00   87.74
12:22:44 PM    0    4.40    0.00    6.59    0.00    0.00    0.00    0.00    0.00    0.00   89.01
12:22:44 PM    1    2.20    0.00    6.59    0.00    0.00    2.20    0.00    0.00    0.00   89.01
12:22:44 PM    2    3.30    0.00    5.49    0.00    0.00    2.20    0.00    0.00    0.00   89.01
12:22:44 PM    3    4.30    0.00    6.45    0.00    0.00    1.08    0.00    0.00    0.00   88.17
12:22:44 PM    4    3.23    0.00    6.45    0.00    0.00    1.08    0.00    0.00    0.00   89.25
12:22:44 PM    5    5.15    0.00    7.22    0.00    0.00    3.09    0.00    0.00    0.00   84.54
12:22:44 PM    6    3.23    0.00    7.53    0.00    0.00    1.08    0.00    0.00    0.00   88.17
12:22:44 PM    7    8.60    0.00    4.30    0.00    0.00    2.15    0.00    0.00    0.00   84.95

12:22:44 PM  CPU    %usr   %nice    %sys %iowait    %irq   %soft  %steal  %guest  %gnice   %idle
12:22:45 PM  all    4.42    0.00    8.71    0.00    0.00    1.74    0.00    0.00    0.00   85.12
12:22:45 PM    0    4.26    0.00    8.51    0.00    0.00    3.19    0.00    0.00    0.00   84.04
12:22:45 PM    1    4.40    0.00    6.59    0.00    0.00    1.10    0.00    0.00    0.00   87.91
12:22:45 PM    2    4.21    0.00   11.58    0.00    0.00    0.00    0.00    0.00    0.00   84.21
12:22:45 PM    3    3.12    0.00   10.42    0.00    0.00    3.12    0.00    0.00    0.00   83.33
12:22:45 PM    4    4.26    0.00    7.45    0.00    0.00    3.19    0.00    0.00    0.00   85.11
12:22:45 PM    5    6.32    0.00    8.42    0.00    0.00    1.05    0.00    0.00    0.00   84.21
12:22:45 PM    6    4.49    0.00    5.62    0.00    0.00    1.12    0.00    0.00    0.00   88.76
12:22:45 PM    7    4.35    0.00   10.87    0.00    0.00    1.09    0.00    0.00    0.00   83.70

12:22:45 PM  CPU    %usr   %nice    %sys %iowait    %irq   %soft  %steal  %guest  %gnice   %idle
12:22:46 PM  all    5.90    0.00    9.88    0.00    0.00    2.19    0.00    0.00    0.00   82.03
12:22:46 PM    0    4.21    0.00   11.58    0.00    0.00    2.11    0.00    0.00    0.00   82.11
12:22:46 PM    1    5.21    0.00   13.54    0.00    0.00    2.08    0.00    0.00    0.00   79.17
12:22:46 PM    2    3.41    0.00    7.95    0.00    0.00    2.27    0.00    0.00    0.00   86.36
12:22:46 PM    3    7.53    0.00    9.68    0.00    0.00    1.08    0.00    0.00    0.00   81.72
12:22:46 PM    4    5.68    0.00   11.36    0.00    0.00    0.00    0.00    0.00    0.00   82.95
12:22:46 PM    5    8.79    0.00    9.89    0.00    0.00    1.10    0.00    0.00    0.00   80.22
12:22:46 PM    6    5.75    0.00    6.90    0.00    0.00    3.45    0.00    0.00    0.00   83.91
12:22:46 PM    7    6.59    0.00    7.69    0.00    0.00    5.49    0.00    0.00    0.00   80.22

12:22:46 PM  CPU    %usr   %nice    %sys %iowait    %irq   %soft  %steal  %guest  %gnice   %idle
12:22:47 PM  all    7.99    0.00   14.68    0.00    0.00    3.67    0.00    0.00    0.00   73.66
12:22:47 PM    0    7.45    0.00   13.83    0.00    0.00    3.19    0.00    0.00    0.00   75.53
12:22:47 PM    1    7.45    0.00   13.83    0.00    0.00    3.19    0.00    0.00    0.00   75.53
12:22:47 PM    2    7.45    0.00   12.77    0.00    0.00    4.26    0.00    0.00    0.00   75.53
12:22:47 PM    3    7.29    0.00   16.67    0.00    0.00    4.17    0.00    0.00    0.00   71.88
12:22:47 PM    4   12.50    0.00   11.46    0.00    0.00    4.17    0.00    0.00    0.00   71.88
12:22:47 PM    5    7.22    0.00   18.56    0.00    0.00    3.09    0.00    0.00    0.00   71.13
12:22:47 PM    6    9.38    0.00   14.58    0.00    0.00    3.12    0.00    0.00    0.00   72.92
12:22:47 PM    7    5.21    0.00   15.62    0.00    0.00    4.17    0.00    0.00    0.00   75.00

12:22:47 PM  CPU    %usr   %nice    %sys %iowait    %irq   %soft  %steal  %guest  %gnice   %idle
12:22:48 PM  all    5.65    0.00    9.55    0.25    0.00    2.51    0.00    0.00    0.00   82.04
12:22:48 PM    0    4.08    0.00   10.20    1.02    0.00    1.02    0.00    0.00    0.00   83.67
12:22:48 PM    1    6.12    0.00    8.16    0.00    0.00    2.04    0.00    0.00    0.00   83.67
12:22:48 PM    2    6.06    0.00    8.08    0.00    0.00    4.04    0.00    0.00    0.00   81.82
12:22:48 PM    3    3.92    0.00   12.75    0.98    0.00    1.96    0.00    0.00    0.00   80.39
12:22:48 PM    4    6.93    0.00    8.91    0.00    0.00    2.97    0.00    0.00    0.00   81.19
12:22:48 PM    5    4.95    0.00   12.87    0.00    0.00    1.98    0.00    0.00    0.00   80.20
12:22:48 PM    6    8.65    0.00    8.65    0.00    0.00    3.85    0.00    0.00    0.00   78.85
12:22:48 PM    7    4.30    0.00    6.45    0.00    0.00    2.15    0.00    0.00    0.00   87.10

12:22:48 PM  CPU    %usr   %nice    %sys %iowait    %irq   %soft  %steal  %guest  %gnice   %idle
12:22:49 PM  all    7.67    0.00   14.21    0.00    0.00    3.77    0.00    0.00    0.00   74.34
12:22:49 PM    0    6.06    0.00   13.13    0.00    0.00    3.03    0.00    0.00    0.00   77.78
12:22:49 PM    1    8.25    0.00   11.34    0.00    0.00    4.12    0.00    0.00    0.00   76.29
12:22:49 PM    2    6.86    0.00   17.65    0.00    0.00    1.96    0.00    0.00    0.00   73.53
12:22:49 PM    3    6.19    0.00   15.46    0.00    0.00    3.09    0.00    0.00    0.00   75.26
12:22:49 PM    4    9.90    0.00   14.85    0.00    0.00    2.97    0.00    0.00    0.00   72.28
12:22:49 PM    5    7.92    0.00   11.88    0.00    0.00    6.93    0.00    0.00    0.00   73.27
12:22:49 PM    6    6.93    0.00   14.85    0.00    0.00    4.95    0.00    0.00    0.00   73.27
12:22:49 PM    7    9.28    0.00   14.43    0.00    0.00    3.09    0.00    0.00    0.00   73.20

12:22:49 PM  CPU    %usr   %nice    %sys %iowait    %irq   %soft  %steal  %guest  %gnice   %idle
12:22:50 PM  all    6.22    0.00   10.29    0.00    0.00    3.11    0.00    0.00    0.00   80.38
12:22:50 PM    0    3.74    0.00   14.95    0.00    0.00    3.74    0.00    0.00    0.00   77.57
12:22:50 PM    1    4.90    0.00    8.82    0.00    0.00    1.96    0.00    0.00    0.00   84.31
12:22:50 PM    2    3.92    0.00    9.80    0.00    0.00    2.94    0.00    0.00    0.00   83.33
12:22:50 PM    3    5.77    0.00   11.54    0.00    0.00    0.96    0.00    0.00    0.00   81.73
12:22:50 PM    4    8.49    0.00    8.49    0.00    0.00    3.77    0.00    0.00    0.00   79.25
12:22:50 PM    5    6.93    0.00    9.90    0.00    0.00    1.98    0.00    0.00    0.00   81.19
12:22:50 PM    6    7.55    0.00   10.38    0.00    0.00    2.83    0.00    0.00    0.00   79.25
12:22:50 PM    7    8.33    0.00    8.33    0.00    0.00    6.48    0.00    0.00    0.00   76.85

12:22:50 PM  CPU    %usr   %nice    %sys %iowait    %irq   %soft  %steal  %guest  %gnice   %idle
12:22:51 PM  all    6.73    0.00   11.47    0.00    0.00    3.12    0.00    0.00    0.00   78.68
12:22:51 PM    0    6.86    0.00   10.78    0.00    0.00    2.94    0.00    0.00    0.00   79.41
12:22:51 PM    1    7.77    0.00   10.68    0.00    0.00    4.85    0.00    0.00    0.00   76.70
12:22:51 PM    2    6.86    0.00   10.78    0.00    0.00    3.92    0.00    0.00    0.00   78.43
12:22:51 PM    3    5.21    0.00    9.38    0.00    0.00    2.08    0.00    0.00    0.00   83.33
12:22:51 PM    4    5.94    0.00   12.87    0.00    0.00    3.96    0.00    0.00    0.00   77.23
12:22:51 PM    5    5.21    0.00   12.50    0.00    0.00    1.04    0.00    0.00    0.00   81.25
12:22:51 PM    6    8.08    0.00   12.12    0.00    0.00    2.02    0.00    0.00    0.00   77.78
12:22:51 PM    7    7.77    0.00   12.62    0.00    0.00    3.88    0.00    0.00    0.00   75.73

12:22:51 PM  CPU    %usr   %nice    %sys %iowait    %irq   %soft  %steal  %guest  %gnice   %idle
12:22:52 PM  all    6.99    0.00   11.37    0.00    0.00    2.61    0.00    0.00    0.00   79.03
12:22:52 PM    0    2.88    0.00   10.58    0.00    0.00    2.88    0.00    0.00    0.00   83.65
12:22:52 PM    1    7.55    0.00    8.49    0.00    0.00    1.89    0.00    0.00    0.00   82.08
12:22:52 PM    2    3.88    0.00   10.68    0.00    0.00    1.94    0.00    0.00    0.00   83.50
12:22:52 PM    3    7.48    0.00   12.15    0.00    0.00    2.80    0.00    0.00    0.00   77.57
12:22:52 PM    4    8.33    0.00   12.96    0.00    0.00    3.70    0.00    0.00    0.00   75.00
12:22:52 PM    5    9.43    0.00   11.32    0.00    0.00    1.89    0.00    0.00    0.00   77.36
12:22:52 PM    6   11.01    0.00   11.93    0.00    0.00    3.67    0.00    0.00    0.00   73.39
12:22:52 PM    7    4.95    0.00   12.87    0.00    0.00    1.98    0.00    0.00    0.00   80.20

12:22:52 PM  CPU    %usr   %nice    %sys %iowait    %irq   %soft  %steal  %guest  %gnice   %idle
12:22:53 PM  all    7.23    0.00   12.84    0.25    0.00    2.74    0.00    0.00    0.00   76.93
12:22:53 PM    0    5.15    0.00    8.25    0.00    0.00    4.12    0.00    0.00    0.00   82.47
12:22:53 PM    1    3.09    0.00   11.34    1.03    0.00    2.06    0.00    0.00    0.00   82.47
12:22:53 PM    2    3.96    0.00   12.87    0.00    0.00    1.98    0.00    0.00    0.00   81.19
12:22:53 PM    3    7.69    0.00   14.42    0.00    0.00    1.92    0.00    0.00    0.00   75.96
12:22:53 PM    4    9.52    0.00   18.10    0.00    0.00    1.90    0.00    0.00    0.00   70.48
12:22:53 PM    5    8.25    0.00   12.37    0.00    0.00    3.09    0.00    0.00    0.00   76.29
12:22:53 PM    6    9.09    0.00   12.12    0.00    0.00    4.04    0.00    0.00    0.00   74.75
12:22:53 PM    7   10.78    0.00   12.75    0.98    0.00    2.94    0.00    0.00    0.00   72.55

12:22:53 PM  CPU    %usr   %nice    %sys %iowait    %irq   %soft  %steal  %guest  %gnice   %idle
12:22:54 PM  all    7.18    0.00   14.12    0.00    0.00    2.20    0.00    0.00    0.00   76.50
12:22:54 PM    0    4.72    0.00   14.15    0.00    0.00    1.89    0.00    0.00    0.00   79.25
12:22:54 PM    1    6.60    0.00   13.21    0.00    0.00    2.83    0.00    0.00    0.00   77.36
12:22:54 PM    2   10.09    0.00   13.76    0.00    0.00    0.92    0.00    0.00    0.00   75.23
12:22:54 PM    3    7.14    0.00   16.07    0.00    0.00    3.57    0.00    0.00    0.00   73.21
12:22:54 PM    4    8.18    0.00   16.36    0.00    0.00    0.91    0.00    0.00    0.00   74.55
12:22:54 PM    5    8.74    0.00    8.74    0.00    0.00    1.94    0.00    0.00    0.00   80.58
12:22:54 PM    6    6.48    0.00   12.04    0.00    0.00    3.70    0.00    0.00    0.00   77.78
12:22:54 PM    7    5.45    0.00   18.18    0.00    0.00    1.82    0.00    0.00    0.00   74.55

12:22:54 PM  CPU    %usr   %nice    %sys %iowait    %irq   %soft  %steal  %guest  %gnice   %idle
12:22:55 PM  all    8.45    0.00   13.40    0.00    0.00    2.82    0.00    0.00    0.00   75.34
12:22:55 PM    0    6.74    0.00   12.36    0.00    0.00    2.25    0.00    0.00    0.00   78.65
12:22:55 PM    1    7.29    0.00   13.54    0.00    0.00    4.17    0.00    0.00    0.00   75.00
12:22:55 PM    2    8.70    0.00   13.04    0.00    0.00    3.26    0.00    0.00    0.00   75.00
12:22:55 PM    3    7.69    0.00   12.09    0.00    0.00    1.10    0.00    0.00    0.00   79.12
12:22:55 PM    4    9.47    0.00   13.68    0.00    0.00    3.16    0.00    0.00    0.00   73.68
12:22:55 PM    5    8.33    0.00   15.62    0.00    0.00    4.17    0.00    0.00    0.00   71.88
12:22:55 PM    6   12.63    0.00   11.58    0.00    0.00    2.11    0.00    0.00    0.00   73.68
12:22:55 PM    7    6.52    0.00   15.22    0.00    0.00    2.17    0.00    0.00    0.00   76.09

12:22:55 PM  CPU    %usr   %nice    %sys %iowait    %irq   %soft  %steal  %guest  %gnice   %idle
12:22:56 PM  all    9.59    0.00   14.71    0.13    0.00    2.43    0.00    0.00    0.00   73.15
12:22:56 PM    0    9.57    0.00   13.83    0.00    0.00    2.13    0.00    0.00    0.00   74.47
12:22:56 PM    1    9.80    0.00   17.65    0.00    0.00    3.92    0.00    0.00    0.00   68.63
12:22:56 PM    2   10.89    0.00   16.83    0.00    0.00    2.97    0.00    0.00    0.00   69.31
12:22:56 PM    3    9.68    0.00   10.75    0.00    0.00    3.23    0.00    0.00    0.00   76.34
12:22:56 PM    4    8.91    0.00   15.84    0.00    0.00    1.98    0.00    0.00    0.00   73.27
12:22:56 PM    5    8.25    0.00   14.43    1.03    0.00    2.06    0.00    0.00    0.00   74.23
12:22:56 PM    6    9.38    0.00   14.58    0.00    0.00    1.04    0.00    0.00    0.00   75.00
12:22:56 PM    7   10.20    0.00   13.27    0.00    0.00    2.04    0.00    0.00    0.00   74.49

12:22:56 PM  CPU    %usr   %nice    %sys %iowait    %irq   %soft  %steal  %guest  %gnice   %idle
12:22:57 PM  all    8.39    0.00   15.08    0.00    0.00    2.49    0.00    0.00    0.00   74.04
12:22:57 PM    0    5.50    0.00   16.51    0.00    0.00    1.83    0.00    0.00    0.00   76.15
12:22:57 PM    1    7.34    0.00   14.68    0.00    0.00    2.75    0.00    0.00    0.00   75.23
12:22:57 PM    2    6.42    0.00   16.51    0.00    0.00    1.83    0.00    0.00    0.00   75.23
12:22:57 PM    3    7.41    0.00   12.04    0.00    0.00    4.63    0.00    0.00    0.00   75.93
12:22:57 PM    4    8.70    0.00   18.26    0.00    0.00    2.61    0.00    0.00    0.00   70.43
12:22:57 PM    5    9.01    0.00   16.22    0.00    0.00    2.70    0.00    0.00    0.00   72.07
12:22:57 PM    6    9.91    0.00   14.41    0.00    0.00    1.80    0.00    0.00    0.00   73.87
12:22:57 PM    7   12.73    0.00   11.82    0.00    0.00    1.82    0.00    0.00    0.00   73.64

12:22:57 PM  CPU    %usr   %nice    %sys %iowait    %irq   %soft  %steal  %guest  %gnice   %idle
12:22:58 PM  all    7.66    0.00   16.23    0.34    0.00    3.20    0.00    0.00    0.00   72.57
12:22:58 PM    0    7.41    0.00   16.67    0.00    0.00    3.70    0.00    0.00    0.00   72.22
12:22:58 PM    1    8.33    0.00   12.04    0.93    0.00    4.63    0.00    0.00    0.00   74.07
12:22:58 PM    2    7.27    0.00   18.18    0.91    0.00    2.73    0.00    0.00    0.00   70.91
12:22:58 PM    3   11.30    0.00   20.00    0.00    0.00    1.74    0.00    0.00    0.00   66.96
12:22:58 PM    4    5.61    0.00   15.89    0.00    0.00    3.74    0.00    0.00    0.00   74.77
12:22:58 PM    5    6.42    0.00   13.76    0.00    0.00    4.59    0.00    0.00    0.00   75.23
12:22:58 PM    6    8.04    0.00   18.75    0.89    0.00    1.79    0.00    0.00    0.00   70.54
12:22:58 PM    7    6.60    0.00   14.15    0.00    0.00    2.83    0.00    0.00    0.00   76.42

12:22:58 PM  CPU    %usr   %nice    %sys %iowait    %irq   %soft  %steal  %guest  %gnice   %idle
12:22:59 PM  all    8.44    0.00   17.65    0.00    0.00    2.66    0.00    0.00    0.00   71.25
12:22:59 PM    0    6.03    0.00   19.83    0.00    0.00    3.45    0.00    0.00    0.00   70.69
12:22:59 PM    1    5.41    0.00   20.72    0.00    0.00    0.90    0.00    0.00    0.00   72.97
12:22:59 PM    2    6.36    0.00   16.36    0.00    0.00    2.73    0.00    0.00    0.00   74.55
12:22:59 PM    3    8.93    0.00   15.18    0.00    0.00    2.68    0.00    0.00    0.00   73.21
12:22:59 PM    4    9.17    0.00   16.51    0.00    0.00    1.83    0.00    0.00    0.00   72.48
12:22:59 PM    5    9.65    0.00   18.42    0.00    0.00    2.63    0.00    0.00    0.00   69.30
12:22:59 PM    6    9.65    0.00   17.54    0.00    0.00    3.51    0.00    0.00    0.00   69.30
12:22:59 PM    7   12.17    0.00   16.52    0.00    0.00    3.48    0.00    0.00    0.00   67.83

12:22:59 PM  CPU    %usr   %nice    %sys %iowait    %irq   %soft  %steal  %guest  %gnice   %idle
12:23:00 PM  all    9.10    0.00   16.70    0.00    0.00    2.46    0.00    0.00    0.00   71.73
12:23:00 PM    0    7.69    0.00   21.37    0.00    0.00    1.71    0.00    0.00    0.00   69.23
12:23:00 PM    1    6.03    0.00   18.10    0.00    0.00    4.31    0.00    0.00    0.00   71.55
12:23:00 PM    2    9.09    0.00   19.83    0.00    0.00    4.13    0.00    0.00    0.00   66.94
12:23:00 PM    3    8.70    0.00   19.13    0.00    0.00    1.74    0.00    0.00    0.00   70.43
12:23:00 PM    4    8.70    0.00   13.91    0.00    0.00    1.74    0.00    0.00    0.00   75.65
12:23:00 PM    5    8.77    0.00   13.16    0.00    0.00    2.63    0.00    0.00    0.00   75.44
12:23:00 PM    6    9.17    0.00   17.50    0.00    0.00    2.50    0.00    0.00    0.00   70.83
12:23:00 PM    7   14.66    0.00   10.34    0.00    0.00    0.86    0.00    0.00    0.00   74.14

12:23:00 PM  CPU    %usr   %nice    %sys %iowait    %irq   %soft  %steal  %guest  %gnice   %idle
12:23:01 PM  all    9.86    0.00   18.99    0.00    0.00    3.97    0.00    0.00    0.00   67.19
12:23:01 PM    0    8.42    0.00   14.74    0.00    0.00    3.16    0.00    0.00    0.00   73.68
12:23:01 PM    1   10.58    0.00   20.19    0.00    0.00    4.81    0.00    0.00    0.00   64.42
12:23:01 PM    2    7.62    0.00   20.95    0.00    0.00    4.76    0.00    0.00    0.00   66.67
12:23:01 PM    3    8.49    0.00   21.70    0.00    0.00    2.83    0.00    0.00    0.00   66.98
12:23:01 PM    4   12.50    0.00   18.27    0.00    0.00    2.88    0.00    0.00    0.00   66.35
12:23:01 PM    5    8.26    0.00   21.10    0.00    0.00    4.59    0.00    0.00    0.00   66.06
12:23:01 PM    6    9.00    0.00   15.00    0.00    0.00    3.00    0.00    0.00    0.00   73.00
12:23:01 PM    7   13.76    0.00   19.27    0.00    0.00    5.50    0.00    0.00    0.00   61.47

12:23:01 PM  CPU    %usr   %nice    %sys %iowait    %irq   %soft  %steal  %guest  %gnice   %idle
12:23:02 PM  all   15.38    0.00   17.63    0.00    0.00    3.55    0.00    0.00    0.00   63.43
12:23:02 PM    0    9.71    0.00   15.53    0.00    0.00    5.83    0.00    0.00    0.00   68.93
12:23:02 PM    1   21.62    0.00   19.82    0.00    0.00    5.41    0.00    0.00    0.00   53.15
12:23:02 PM    2   12.50    0.00   17.31    0.00    0.00    3.85    0.00    0.00    0.00   66.35
12:23:02 PM    3   14.55    0.00   19.09    0.00    0.00    3.64    0.00    0.00    0.00   62.73
12:23:02 PM    4   15.32    0.00   19.82    0.00    0.00    3.60    0.00    0.00    0.00   61.26
12:23:02 PM    5   10.58    0.00   18.27    0.00    0.00    2.88    0.00    0.00    0.00   68.27
12:23:02 PM    6   26.00    0.00   17.00    0.00    0.00    2.00    0.00    0.00    0.00   55.00
12:23:02 PM    7   12.75    0.00   13.73    0.00    0.00    0.98    0.00    0.00    0.00   72.55

12:23:02 PM  CPU    %usr   %nice    %sys %iowait    %irq   %soft  %steal  %guest  %gnice   %idle
12:23:03 PM  all   14.48    0.00   15.67    0.11    0.00    1.93    0.00    0.00    0.00   67.81
12:23:03 PM    0   10.00    0.00   19.17    0.00    0.00    2.50    0.00    0.00    0.00   68.33
12:23:03 PM    1   13.22    0.00   18.18    0.00    0.00    2.48    0.00    0.00    0.00   66.12
12:23:03 PM    2   13.56    0.00   15.25    0.00    0.00    1.69    0.00    0.00    0.00   69.49
12:23:03 PM    3   13.22    0.00   18.18    0.83    0.00    1.65    0.00    0.00    0.00   66.12
12:23:03 PM    4   23.42    0.00   11.71    0.00    0.00    1.80    0.00    0.00    0.00   63.06
12:23:03 PM    5    9.82    0.00   14.29    0.00    0.00    0.89    0.00    0.00    0.00   75.00
12:23:03 PM    6   23.21    0.00   12.50    0.00    0.00    2.68    0.00    0.00    0.00   61.61
12:23:03 PM    7   10.26    0.00   15.38    0.00    0.00    1.71    0.00    0.00    0.00   72.65

12:23:03 PM  CPU    %usr   %nice    %sys %iowait    %irq   %soft  %steal  %guest  %gnice   %idle
12:23:04 PM  all   10.92    0.00   18.90    0.00    0.00    3.99    0.00    0.00    0.00   66.20
12:23:04 PM    0   11.21    0.00   19.63    0.00    0.00    4.67    0.00    0.00    0.00   64.49
12:23:04 PM    1   12.38    0.00   20.95    0.00    0.00    2.86    0.00    0.00    0.00   63.81
12:23:04 PM    2   12.73    0.00   20.00    0.00    0.00    5.45    0.00    0.00    0.00   61.82
12:23:04 PM    3   14.68    0.00   20.18    0.00    0.00    2.75    0.00    0.00    0.00   62.39
12:23:04 PM    4    9.09    0.00   18.18    0.00    0.00    5.45    0.00    0.00    0.00   67.27
12:23:04 PM    5    8.74    0.00   17.48    0.00    0.00    1.94    0.00    0.00    0.00   71.84
12:23:04 PM    6   10.68    0.00   14.56    0.00    0.00    3.88    0.00    0.00    0.00   70.87
12:23:04 PM    7    7.62    0.00   20.00    0.00    0.00    4.76    0.00    0.00    0.00   67.62

12:23:04 PM  CPU    %usr   %nice    %sys %iowait    %irq   %soft  %steal  %guest  %gnice   %idle
12:23:05 PM  all   11.39    0.00   20.05    0.00    0.00    3.42    0.00    0.00    0.00   65.15
12:23:05 PM    0   11.01    0.00   19.27    0.00    0.00    5.50    0.00    0.00    0.00   64.22
12:23:05 PM    1   11.50    0.00   23.01    0.00    0.00    3.54    0.00    0.00    0.00   61.95
12:23:05 PM    2    9.52    0.00   21.90    0.00    0.00    2.86    0.00    0.00    0.00   65.71
12:23:05 PM    3   12.50    0.00   24.11    0.00    0.00    3.57    0.00    0.00    0.00   59.82
12:23:05 PM    4   10.53    0.00   21.93    0.00    0.00    4.39    0.00    0.00    0.00   63.16
12:23:05 PM    5   13.33    0.00   13.33    0.00    0.00    2.86    0.00    0.00    0.00   70.48
12:23:05 PM    6   12.15    0.00   16.82    0.00    0.00    0.93    0.00    0.00    0.00   70.09
12:23:05 PM    7   10.62    0.00   19.47    0.00    0.00    3.54    0.00    0.00    0.00   66.37

12:23:05 PM  CPU    %usr   %nice    %sys %iowait    %irq   %soft  %steal  %guest  %gnice   %idle
12:23:06 PM  all   11.06    0.00   14.19    0.00    0.00    2.12    0.00    0.00    0.00   72.63
12:23:06 PM    0   12.61    0.00   13.51    0.00    0.00    1.80    0.00    0.00    0.00   72.07
12:23:06 PM    1   12.50    0.00   15.18    0.00    0.00    2.68    0.00    0.00    0.00   69.64
12:23:06 PM    2   13.16    0.00   15.79    0.00    0.00    2.63    0.00    0.00    0.00   68.42
12:23:06 PM    3   12.17    0.00   16.52    0.00    0.00    2.61    0.00    0.00    0.00   68.70
12:23:06 PM    4    7.55    0.00   12.26    0.00    0.00    0.94    0.00    0.00    0.00   79.25
12:23:06 PM    5    9.82    0.00   14.29    0.00    0.00    1.79    0.00    0.00    0.00   74.11
12:23:06 PM    6   12.73    0.00    9.09    0.00    0.00    0.91    0.00    0.00    0.00   77.27
12:23:06 PM    7    7.83    0.00   16.52    0.00    0.00    3.48    0.00    0.00    0.00   72.17

12:23:06 PM  CPU    %usr   %nice    %sys %iowait    %irq   %soft  %steal  %guest  %gnice   %idle
12:23:07 PM  all   10.95    0.00   19.19    0.00    0.00    2.82    0.00    0.00    0.00   67.04
12:23:07 PM    0   11.21    0.00   18.69    0.00    0.00    2.80    0.00    0.00    0.00   67.29
12:23:07 PM    1   14.16    0.00   17.70    0.00    0.00    3.54    0.00    0.00    0.00   64.60
12:23:07 PM    2   11.61    0.00   18.75    0.00    0.00    3.57    0.00    0.00    0.00   66.07
12:23:07 PM    3    9.43    0.00   21.70    0.00    0.00    0.94    0.00    0.00    0.00   67.92
12:23:07 PM    4   10.62    0.00   17.70    0.00    0.00    3.54    0.00    0.00    0.00   68.14
12:23:07 PM    5   15.83    0.00   17.50    0.00    0.00    3.33    0.00    0.00    0.00   63.33
12:23:07 PM    6    8.18    0.00   20.00    0.00    0.00    2.73    0.00    0.00    0.00   69.09
12:23:07 PM    7    5.71    0.00   21.90    0.00    0.00    1.90    0.00    0.00    0.00   70.48

12:23:07 PM  CPU    %usr   %nice    %sys %iowait    %irq   %soft  %steal  %guest  %gnice   %idle
12:23:08 PM  all    8.16    0.00   12.99    0.00    0.00    1.72    0.00    0.00    0.00   77.13
12:23:08 PM    0    8.57    0.00   10.48    0.00    0.00    3.81    0.00    0.00    0.00   77.14
12:23:08 PM    1   10.00    0.00   13.64    0.00    0.00    2.73    0.00    0.00    0.00   73.64
12:23:08 PM    2    9.82    0.00   15.18    0.00    0.00    2.68    0.00    0.00    0.00   72.32
12:23:08 PM    3    7.96    0.00   17.70    0.00    0.00    2.65    0.00    0.00    0.00   71.68
12:23:08 PM    4   11.01    0.00    9.17    0.00    0.00    0.00    0.00    0.00    0.00   79.82
12:23:08 PM    5    2.91    0.00   11.65    0.00    0.00    0.97    0.00    0.00    0.00   84.47
12:23:08 PM    6    4.63    0.00   12.96    0.00    0.00    0.93    0.00    0.00    0.00   81.48
12:23:08 PM    7   10.00    0.00   12.73    0.00    0.00    0.00    0.00    0.00    0.00   77.27

12:23:08 PM  CPU    %usr   %nice    %sys %iowait    %irq   %soft  %steal  %guest  %gnice   %idle
12:23:09 PM  all    8.86    0.00   13.46    0.00    0.00    1.96    0.00    0.00    0.00   75.72
12:23:09 PM    0    7.27    0.00   14.55    0.00    0.00    4.55    0.00    0.00    0.00   73.64
12:23:09 PM    1    8.18    0.00   14.55    0.00    0.00    1.82    0.00    0.00    0.00   75.45
12:23:09 PM    2    5.71    0.00   16.19    0.00    0.00    0.95    0.00    0.00    0.00   77.14
12:23:09 PM    3   10.00    0.00   14.55    0.00    0.00    1.82    0.00    0.00    0.00   73.64
12:23:09 PM    4   11.11    0.00   12.04    0.00    0.00    0.93    0.00    0.00    0.00   75.93
12:23:09 PM    5   10.09    0.00   12.84    0.00    0.00    1.83    0.00    0.00    0.00   75.23
12:23:09 PM    6   10.81    0.00   11.71    0.00    0.00    1.80    0.00    0.00    0.00   75.68
12:23:09 PM    7    7.55    0.00   11.32    0.00    0.00    1.89    0.00    0.00    0.00   79.25

12:23:09 PM  CPU    %usr   %nice    %sys %iowait    %irq   %soft  %steal  %guest  %gnice   %idle
12:23:10 PM  all   15.65    0.00   25.53    0.00    0.00    3.41    0.00    0.00    0.00   55.41
12:23:10 PM    0   13.76    0.00   27.52    0.00    0.00    6.42    0.00    0.00    0.00   52.29
12:23:10 PM    1   13.46    0.00   28.85    0.00    0.00    1.92    0.00    0.00    0.00   55.77
12:23:10 PM    2   14.42    0.00   27.88    0.00    0.00    2.88    0.00    0.00    0.00   54.81
12:23:10 PM    3   12.50    0.00   25.00    0.00    0.00    4.17    0.00    0.00    0.00   58.33
12:23:10 PM    4   23.85    0.00   17.43    0.00    0.00    3.67    0.00    0.00    0.00   55.05
12:23:10 PM    5   15.89    0.00   25.23    0.00    0.00    2.80    0.00    0.00    0.00   56.07
12:23:10 PM    6   15.45    0.00   27.27    0.00    0.00    1.82    0.00    0.00    0.00   55.45
12:23:10 PM    7   15.32    0.00   25.23    0.00    0.00    3.60    0.00    0.00    0.00   55.86

12:23:10 PM  CPU    %usr   %nice    %sys %iowait    %irq   %soft  %steal  %guest  %gnice   %idle
12:23:11 PM  all    9.72    0.00   13.93    0.00    0.00    2.28    0.00    0.00    0.00   74.07
12:23:11 PM    0    7.62    0.00   15.24    0.00    0.00    3.81    0.00    0.00    0.00   73.33
12:23:11 PM    1    7.84    0.00   15.69    0.00    0.00    2.94    0.00    0.00    0.00   73.53
12:23:11 PM    2    8.91    0.00   12.87    0.00    0.00    2.97    0.00    0.00    0.00   75.25
12:23:11 PM    3    6.86    0.00   15.69    0.00    0.00    3.92    0.00    0.00    0.00   73.53
12:23:11 PM    4   11.43    0.00   13.33    0.00    0.00    0.95    0.00    0.00    0.00   74.29
12:23:11 PM    5   13.64    0.00   13.64    0.00    0.00    0.91    0.00    0.00    0.00   71.82
12:23:11 PM    6   13.46    0.00    9.62    0.00    0.00    1.92    0.00    0.00    0.00   75.00
12:23:11 PM    7    7.69    0.00   15.38    0.00    0.00    0.96    0.00    0.00    0.00   75.96

12:23:11 PM  CPU    %usr   %nice    %sys %iowait    %irq   %soft  %steal  %guest  %gnice   %idle
12:23:12 PM  all    9.13    0.00   12.46    0.00    0.00    2.85    0.00    0.00    0.00   75.56
12:23:12 PM    0   10.78    0.00   10.78    0.00    0.00    1.96    0.00    0.00    0.00   76.47
12:23:12 PM    1    6.54    0.00   16.82    0.00    0.00    4.67    0.00    0.00    0.00   71.96
12:23:12 PM    2    7.34    0.00   17.43    0.00    0.00    4.59    0.00    0.00    0.00   70.64
12:23:12 PM    3    5.83    0.00   15.53    0.00    0.00    3.88    0.00    0.00    0.00   74.76
12:23:12 PM    4   14.15    0.00    6.60    0.00    0.00    0.94    0.00    0.00    0.00   78.30
12:23:12 PM    5   13.89    0.00    9.26    0.00    0.00    1.85    0.00    0.00    0.00   75.00
12:23:12 PM    6    6.80    0.00   11.65    0.00    0.00    1.94    0.00    0.00    0.00   79.61
12:23:12 PM    7    7.62    0.00   11.43    0.00    0.00    2.86    0.00    0.00    0.00   78.10

12:23:12 PM  CPU    %usr   %nice    %sys %iowait    %irq   %soft  %steal  %guest  %gnice   %idle
12:23:13 PM  all   11.19    0.00   16.32    0.46    0.00    2.51    0.00    0.00    0.00   69.52
12:23:13 PM    0    9.43    0.00   16.04    0.94    0.00    1.89    0.00    0.00    0.00   71.70
12:23:13 PM    1   10.71    0.00   16.07    1.79    0.00    3.57    0.00    0.00    0.00   67.86
12:23:13 PM    2   12.39    0.00   16.81    0.00    0.00    4.42    0.00    0.00    0.00   66.37
12:23:13 PM    3    8.18    0.00   17.27    0.00    0.00    5.45    0.00    0.00    0.00   69.09
12:23:13 PM    4   13.76    0.00   13.76    0.92    0.00    0.92    0.00    0.00    0.00   70.64
12:23:13 PM    5    9.26    0.00   17.59    0.00    0.00    1.85    0.00    0.00    0.00   71.30
12:23:13 PM    6   10.91    0.00   19.09    0.00    0.00    0.91    0.00    0.00    0.00   69.09
12:23:13 PM    7   14.81    0.00   13.89    0.00    0.00    0.93    0.00    0.00    0.00   70.37

12:23:13 PM  CPU    %usr   %nice    %sys %iowait    %irq   %soft  %steal  %guest  %gnice   %idle
12:23:14 PM  all    9.81    0.00   10.53    0.00    0.00    2.18    0.00    0.00    0.00   77.48
12:23:14 PM    0    8.65    0.00   13.46    0.00    0.00    3.85    0.00    0.00    0.00   74.04
12:23:14 PM    1    9.90    0.00   11.88    0.00    0.00    0.99    0.00    0.00    0.00   77.23
12:23:14 PM    2    8.41    0.00   14.95    0.00    0.00    4.67    0.00    0.00    0.00   71.96
12:23:14 PM    3    9.80    0.00   10.78    0.00    0.00    2.94    0.00    0.00    0.00   76.47
12:23:14 PM    4   11.65    0.00    7.77    0.00    0.00    1.94    0.00    0.00    0.00   78.64
12:23:14 PM    5    7.00    0.00    7.00    0.00    0.00    1.00    0.00    0.00    0.00   85.00
12:23:14 PM    6   12.50    0.00    7.69    0.00    0.00    0.96    0.00    0.00    0.00   78.85
12:23:14 PM    7   10.48    0.00   10.48    0.00    0.00    0.95    0.00    0.00    0.00   78.10

12:23:14 PM  CPU    %usr   %nice    %sys %iowait    %irq   %soft  %steal  %guest  %gnice   %idle
12:23:15 PM  all    7.49    0.00   10.11    0.00    0.00    1.75    0.00    0.00    0.00   80.65
12:23:15 PM    0    5.94    0.00   12.87    0.00    0.00    2.97    0.00    0.00    0.00   78.22
12:23:15 PM    1    9.80    0.00   11.76    0.00    0.00    1.96    0.00    0.00    0.00   76.47
12:23:15 PM    2   10.68    0.00   11.65    0.00    0.00    2.91    0.00    0.00    0.00   74.76
12:23:15 PM    3    7.77    0.00   12.62    0.00    0.00    2.91    0.00    0.00    0.00   76.70
12:23:15 PM    4    6.25    0.00    6.25    0.00    0.00    0.00    0.00    0.00    0.00   87.50
12:23:15 PM    5    4.21    0.00    8.42    0.00    0.00    2.11    0.00    0.00    0.00   85.26
12:23:15 PM    6    8.65    0.00    8.65    0.00    0.00    0.00    0.00    0.00    0.00   82.69
12:23:15 PM    7    6.19    0.00    8.25    0.00    0.00    1.03    0.00    0.00    0.00   84.54

12:23:15 PM  CPU    %usr   %nice    %sys %iowait    %irq   %soft  %steal  %guest  %gnice   %idle
12:23:16 PM  all   19.31    0.00   27.44    0.00    0.00    5.10    0.00    0.00    0.00   48.16
12:23:16 PM    0   21.19    0.00   26.27    0.00    0.00    6.78    0.00    0.00    0.00   45.76
12:23:16 PM    1   19.47    0.00   27.43    0.00    0.00    5.31    0.00    0.00    0.00   47.79
12:23:16 PM    2   20.34    0.00   24.58    0.00    0.00    9.32    0.00    0.00    0.00   45.76
12:23:16 PM    3   18.64    0.00   28.81    0.00    0.00    5.93    0.00    0.00    0.00   46.61
12:23:16 PM    4   21.82    0.00   21.82    0.00    0.00    3.64    0.00    0.00    0.00   52.73
12:23:16 PM    5   15.13    0.00   32.77    0.00    0.00    1.68    0.00    0.00    0.00   50.42
12:23:16 PM    6   16.67    0.00   28.70    0.00    0.00    4.63    0.00    0.00    0.00   50.00
12:23:16 PM    7   21.19    0.00   28.81    0.00    0.00    3.39    0.00    0.00    0.00   46.61

12:23:16 PM  CPU    %usr   %nice    %sys %iowait    %irq   %soft  %steal  %guest  %gnice   %idle
12:23:17 PM  all    5.55    0.00    7.53    0.13    0.00    1.45    0.00    0.00    0.00   85.34
12:23:17 PM    0    6.38    0.00    6.38    0.00    0.00    2.13    0.00    0.00    0.00   85.11
12:23:17 PM    1    5.26    0.00    9.47    0.00    0.00    1.05    0.00    0.00    0.00   84.21
12:23:17 PM    2    2.13    0.00   10.64    0.00    0.00    1.06    0.00    0.00    0.00   86.17
12:23:17 PM    3    5.32    0.00    9.57    0.00    0.00    1.06    0.00    0.00    0.00   84.04
12:23:17 PM    4    7.45    0.00    5.32    0.00    0.00    1.06    0.00    0.00    0.00   86.17
12:23:17 PM    5    7.29    0.00    4.17    0.00    0.00    3.12    0.00    0.00    0.00   85.42
12:23:17 PM    6    4.21    0.00    8.42    1.05    0.00    1.05    0.00    0.00    0.00   85.26
12:23:17 PM    7    6.32    0.00    6.32    0.00    0.00    1.05    0.00    0.00    0.00   86.32

12:23:17 PM  CPU    %usr   %nice    %sys %iowait    %irq   %soft  %steal  %guest  %gnice   %idle
12:23:18 PM  all    4.01    0.00    3.60    0.97    0.00    0.28    0.00    0.00    0.00   91.15
12:23:18 PM    0    7.45    0.00    4.26    2.13    0.00    0.00    0.00    0.00    0.00   86.17
12:23:18 PM    1    4.49    0.00    5.62    1.12    0.00    0.00    0.00    0.00    0.00   88.76
12:23:18 PM    2    4.40    0.00    5.49    0.00    0.00    0.00    0.00    0.00    0.00   90.11
12:23:18 PM    3    5.43    0.00    4.35    0.00    0.00    0.00    0.00    0.00    0.00   90.22
12:23:18 PM    4    3.30    0.00    3.30    2.20    0.00    1.10    0.00    0.00    0.00   90.11
12:23:18 PM    5    2.30    0.00    1.15    0.00    0.00    0.00    0.00    0.00    0.00   96.55
12:23:18 PM    6    3.33    0.00    2.22    2.22    0.00    1.11    0.00    0.00    0.00   91.11
12:23:18 PM    7    1.12    0.00    2.25    0.00    0.00    0.00    0.00    0.00    0.00   96.63

12:23:18 PM  CPU    %usr   %nice    %sys %iowait    %irq   %soft  %steal  %guest  %gnice   %idle
12:23:19 PM  all    8.06    0.00    9.81    0.00    0.00    1.75    0.00    0.00    0.00   80.38
12:23:19 PM    0    8.51    0.00    9.57    0.00    0.00    1.06    0.00    0.00    0.00   80.85
12:23:19 PM    1   14.85    0.00    9.90    0.00    0.00    1.98    0.00    0.00    0.00   73.27
12:23:19 PM    2    9.38    0.00    8.33    0.00    0.00    3.12    0.00    0.00    0.00   79.17
12:23:19 PM    3   10.64    0.00    8.51    0.00    0.00    2.13    0.00    0.00    0.00   78.72
12:23:19 PM    4    4.26    0.00   14.89    0.00    0.00    2.13    0.00    0.00    0.00   78.72
12:23:19 PM    5    4.71    0.00    7.06    0.00    0.00    0.00    0.00    0.00    0.00   88.24
12:23:19 PM    6    6.45    0.00   10.75    0.00    0.00    2.15    0.00    0.00    0.00   80.65
12:23:19 PM    7    4.60    0.00    9.20    0.00    0.00    1.15    0.00    0.00    0.00   85.06

12:23:19 PM  CPU    %usr   %nice    %sys %iowait    %irq   %soft  %steal  %guest  %gnice   %idle
12:23:20 PM  all    1.60    0.00    2.32    0.00    0.00    0.87    0.00    0.00    0.00   95.21
12:23:20 PM    0    2.38    0.00    1.19    0.00    0.00    2.38    0.00    0.00    0.00   94.05
12:23:20 PM    1    1.18    0.00    2.35    0.00    0.00    1.18    0.00    0.00    0.00   95.29
12:23:20 PM    2    1.19    0.00    2.38    0.00    0.00    0.00    0.00    0.00    0.00   96.43
12:23:20 PM    3    3.41    0.00    2.27    0.00    0.00    1.14    0.00    0.00    0.00   93.18
12:23:20 PM    4    0.00    0.00    2.30    0.00    0.00    0.00    0.00    0.00    0.00   97.70
12:23:20 PM    5    2.27    0.00    3.41    0.00    0.00    0.00    0.00    0.00    0.00   94.32
12:23:20 PM    6    1.15    0.00    3.45    0.00    0.00    0.00    0.00    0.00    0.00   95.40
12:23:20 PM    7    1.16    0.00    1.16    0.00    0.00    2.33    0.00    0.00    0.00   95.35

12:23:20 PM  CPU    %usr   %nice    %sys %iowait    %irq   %soft  %steal  %guest  %gnice   %idle
12:23:21 PM  all    5.60    0.00    7.90    0.00    0.00    1.87    0.00    0.00    0.00   84.63
12:23:21 PM    0    6.82    0.00    7.95    0.00    0.00    2.27    0.00    0.00    0.00   82.95
12:23:21 PM    1    3.53    0.00    8.24    0.00    0.00    2.35    0.00    0.00    0.00   85.88
12:23:21 PM    2    3.61    0.00    6.02    0.00    0.00    1.20    0.00    0.00    0.00   89.16
12:23:21 PM    3    4.71    0.00    8.24    0.00    0.00    1.18    0.00    0.00    0.00   85.88
12:23:21 PM    4    7.87    0.00    5.62    0.00    0.00    2.25    0.00    0.00    0.00   84.27
12:23:21 PM    5    6.90    0.00    6.90    0.00    0.00    1.15    0.00    0.00    0.00   85.06
12:23:21 PM    6    4.49    0.00    8.99    0.00    0.00    1.12    0.00    0.00    0.00   85.39
12:23:21 PM    7    6.67    0.00   11.11    0.00    0.00    3.33    0.00    0.00    0.00   78.89

12:23:21 PM  CPU    %usr   %nice    %sys %iowait    %irq   %soft  %steal  %guest  %gnice   %idle
12:23:22 PM  all    1.59    0.00    1.88    0.00    0.00    0.72    0.00    0.00    0.00   95.80
12:23:22 PM    0    2.33    0.00    1.16    0.00    0.00    1.16    0.00    0.00    0.00   95.35
12:23:22 PM    1    1.15    0.00    4.60    0.00    0.00    0.00    0.00    0.00    0.00   94.25
12:23:22 PM    2    1.15    0.00    2.30    0.00    0.00    1.15    0.00    0.00    0.00   95.40
12:23:22 PM    3    2.30    0.00    1.15    0.00    0.00    1.15    0.00    0.00    0.00   95.40
12:23:22 PM    4    1.19    0.00    0.00    0.00    0.00    0.00    0.00    0.00    0.00   98.81
12:23:22 PM    5    2.30    0.00    1.15    0.00    0.00    1.15    0.00    0.00    0.00   95.40
12:23:22 PM    6    1.15    0.00    3.45    0.00    0.00    0.00    0.00    0.00    0.00   95.40
12:23:22 PM    7    1.16    0.00    1.16    0.00    0.00    1.16    0.00    0.00    0.00   96.51

12:23:22 PM  CPU    %usr   %nice    %sys %iowait    %irq   %soft  %steal  %guest  %gnice   %idle
12:23:23 PM  all    2.92    0.00    4.39    0.29    0.00    0.73    0.00    0.00    0.00   91.67
12:23:23 PM    0    4.76    0.00    3.57    0.00    0.00    0.00    0.00    0.00    0.00   91.67
12:23:23 PM    1    3.57    0.00    3.57    1.19    0.00    1.19    0.00    0.00    0.00   90.48
12:23:23 PM    2    1.22    0.00    6.10    0.00    0.00    1.22    0.00    0.00    0.00   91.46
12:23:23 PM    3    1.22    0.00    4.88    0.00    0.00    0.00    0.00    0.00    0.00   93.90
12:23:23 PM    4    3.41    0.00    3.41    0.00    0.00    0.00    0.00    0.00    0.00   93.18
12:23:23 PM    5    5.56    0.00    4.44    0.00    0.00    1.11    0.00    0.00    0.00   88.89
12:23:23 PM    6    2.33    0.00    4.65    1.16    0.00    1.16    0.00    0.00    0.00   90.70
12:23:23 PM    7    1.14    0.00    4.55    0.00    0.00    1.14    0.00    0.00    0.00   93.18

12:23:23 PM  CPU    %usr   %nice    %sys %iowait    %irq   %soft  %steal  %guest  %gnice   %idle
12:23:24 PM  all    1.89    0.00    3.64    0.00    0.00    0.29    0.00    0.00    0.00   94.18
12:23:24 PM    0    0.00    0.00    5.95    0.00    0.00    0.00    0.00    0.00    0.00   94.05
12:23:24 PM    1    2.44    0.00    2.44    0.00    0.00    0.00    0.00    0.00    0.00   95.12
12:23:24 PM    2    2.38    0.00    3.57    0.00    0.00    0.00    0.00    0.00    0.00   94.05
12:23:24 PM    3    2.38    0.00    4.76    0.00    0.00    0.00    0.00    0.00    0.00   92.86
12:23:24 PM    4    1.15    0.00    2.30    0.00    0.00    1.15    0.00    0.00    0.00   95.40
12:23:24 PM    5    3.37    0.00    2.25    0.00    0.00    0.00    0.00    0.00    0.00   94.38
12:23:24 PM    6    1.12    0.00    2.25    0.00    0.00    1.12    0.00    0.00    0.00   95.51
12:23:24 PM    7    2.27    0.00    5.68    0.00    0.00    0.00    0.00    0.00    0.00   92.05

12:23:24 PM  CPU    %usr   %nice    %sys %iowait    %irq   %soft  %steal  %guest  %gnice   %idle
12:23:25 PM  all    3.18    0.00    3.62    0.00    0.00    0.87    0.00    0.00    0.00   92.33
12:23:25 PM    0    4.76    0.00    2.38    0.00    0.00    1.19    0.00    0.00    0.00   91.67
12:23:25 PM    1    3.53    0.00    5.88    0.00    0.00    1.18    0.00    0.00    0.00   89.41
12:23:25 PM    2    3.66    0.00    2.44    0.00    0.00    0.00    0.00    0.00    0.00   93.90
12:23:25 PM    3    3.49    0.00    4.65    0.00    0.00    1.16    0.00    0.00    0.00   90.70
12:23:25 PM    4    2.33    0.00    2.33    0.00    0.00    0.00    0.00    0.00    0.00   95.35
12:23:25 PM    5    3.37    0.00    3.37    0.00    0.00    1.12    0.00    0.00    0.00   92.13
12:23:25 PM    6    2.22    0.00    4.44    0.00    0.00    0.00    0.00    0.00    0.00   93.33
12:23:25 PM    7    2.25    0.00    3.37    0.00    0.00    2.25    0.00    0.00    0.00   92.13

12:23:25 PM  CPU    %usr   %nice    %sys %iowait    %irq   %soft  %steal  %guest  %gnice   %idle
12:23:26 PM  all    1.60    0.00    1.89    0.00    0.00    0.58    0.00    0.00    0.00   95.93
12:23:26 PM    0    3.53    0.00    2.35    0.00    0.00    0.00    0.00    0.00    0.00   94.12
12:23:26 PM    1    2.35    0.00    2.35    0.00    0.00    1.18    0.00    0.00    0.00   94.12
12:23:26 PM    2    2.38    0.00    3.57    0.00    0.00    1.19    0.00    0.00    0.00   92.86
12:23:26 PM    3    1.23    0.00    1.23    0.00    0.00    0.00    0.00    0.00    0.00   97.53
12:23:26 PM    4    1.12    0.00    1.12    0.00    0.00    1.12    0.00    0.00    0.00   96.63
12:23:26 PM    5    1.12    0.00    3.37    0.00    0.00    0.00    0.00    0.00    0.00   95.51
12:23:26 PM    6    0.00    0.00    1.15    0.00    0.00    1.15    0.00    0.00    0.00   97.70
12:23:26 PM    7    1.14    0.00    0.00    0.00    0.00    0.00    0.00    0.00    0.00   98.86

12:23:26 PM  CPU    %usr   %nice    %sys %iowait    %irq   %soft  %steal  %guest  %gnice   %idle
12:23:27 PM  all    3.98    0.00    5.68    0.00    0.00    1.56    0.00    0.00    0.00   88.78
12:23:27 PM    0    4.65    0.00    4.65    0.00    0.00    1.16    0.00    0.00    0.00   89.53
12:23:27 PM    1    4.60    0.00    4.60    0.00    0.00    2.30    0.00    0.00    0.00   88.51
12:23:27 PM    2    1.19    0.00    7.14    0.00    0.00    1.19    0.00    0.00    0.00   90.48
12:23:27 PM    3    4.55    0.00    5.68    0.00    0.00    2.27    0.00    0.00    0.00   87.50
12:23:27 PM    4    3.33    0.00    7.78    0.00    0.00    0.00    0.00    0.00    0.00   88.89
12:23:27 PM    5    1.14    0.00    5.68    0.00    0.00    2.27    0.00    0.00    0.00   90.91
12:23:27 PM    6    5.49    0.00    5.49    0.00    0.00    1.10    0.00    0.00    0.00   87.91
12:23:27 PM    7    6.67    0.00    4.44    0.00    0.00    2.22    0.00    0.00    0.00   86.67

12:23:27 PM  CPU    %usr   %nice    %sys %iowait    %irq   %soft  %steal  %guest  %gnice   %idle
12:23:28 PM  all   12.58    0.00   20.53    0.13    0.00    3.71    0.00    0.00    0.00   63.05
12:23:28 PM    0   13.68    0.00   20.00    0.00    0.00    5.26    0.00    0.00    0.00   61.05
12:23:28 PM    1   10.00    0.00   18.89    0.00    0.00    3.33    0.00    0.00    0.00   67.78
12:23:28 PM    2   10.64    0.00   21.28    1.06    0.00    5.32    0.00    0.00    0.00   61.70
12:23:28 PM    3   12.09    0.00   19.78    0.00    0.00    4.40    0.00    0.00    0.00   63.74
12:23:28 PM    4   14.14    0.00   21.21    0.00    0.00    3.03    0.00    0.00    0.00   61.62
12:23:28 PM    5   12.00    0.00   23.00    0.00    0.00    3.00    0.00    0.00    0.00   62.00
12:23:28 PM    6   11.11    0.00   21.11    0.00    0.00    2.22    0.00    0.00    0.00   65.56
12:23:28 PM    7   16.67    0.00   18.75    0.00    0.00    3.12    0.00    0.00    0.00   61.46

12:23:28 PM  CPU    %usr   %nice    %sys %iowait    %irq   %soft  %steal  %guest  %gnice   %idle
12:23:29 PM  all    2.46    0.00    5.35    0.00    0.00    0.29    0.00    0.00    0.00   91.91
12:23:29 PM    0    2.33    0.00    9.30    0.00    0.00    0.00    0.00    0.00    0.00   88.37
12:23:29 PM    1    1.18    0.00    3.53    0.00    0.00    1.18    0.00    0.00    0.00   94.12
12:23:29 PM    2    2.35    0.00    4.71    0.00    0.00    0.00    0.00    0.00    0.00   92.94
12:23:29 PM    3    2.33    0.00    3.49    0.00    0.00    1.16    0.00    0.00    0.00   93.02
12:23:29 PM    4    3.37    0.00    7.87    0.00    0.00    0.00    0.00    0.00    0.00   88.76
12:23:29 PM    5    1.15    0.00    4.60    0.00    0.00    0.00    0.00    0.00    0.00   94.25
12:23:29 PM    6    4.60    0.00    4.60    0.00    0.00    0.00    0.00    0.00    0.00   90.80
12:23:29 PM    7    2.30    0.00    4.60    0.00    0.00    0.00    0.00    0.00    0.00   93.10

12:23:29 PM  CPU    %usr   %nice    %sys %iowait    %irq   %soft  %steal  %guest  %gnice   %idle
12:23:30 PM  all    8.29    0.00   13.45    0.00    0.00    2.31    0.00    0.00    0.00   75.95
12:23:30 PM    0    9.68    0.00   13.98    0.00    0.00    2.15    0.00    0.00    0.00   74.19
12:23:30 PM    1    5.81    0.00   10.47    0.00    0.00    2.33    0.00    0.00    0.00   81.40
12:23:30 PM    2    5.62    0.00   13.48    0.00    0.00    3.37    0.00    0.00    0.00   77.53
12:23:30 PM    3    7.61    0.00   11.96    0.00    0.00    3.26    0.00    0.00    0.00   77.17
12:23:30 PM    4    7.61    0.00   14.13    0.00    0.00    1.09    0.00    0.00    0.00   77.17
12:23:30 PM    5   11.34    0.00   14.43    0.00    0.00    2.06    0.00    0.00    0.00   72.16
12:23:30 PM    6    9.78    0.00   11.96    0.00    0.00    2.17    0.00    0.00    0.00   76.09
12:23:30 PM    7    8.42    0.00   16.84    0.00    0.00    2.11    0.00    0.00    0.00   72.63

12:23:30 PM  CPU    %usr   %nice    %sys %iowait    %irq   %soft  %steal  %guest  %gnice   %idle
12:23:31 PM  all    8.80    0.00   15.92    0.00    0.00    2.65    0.00    0.00    0.00   72.63
12:23:31 PM    0    8.14    0.00   13.95    0.00    0.00    2.33    0.00    0.00    0.00   75.58
12:23:31 PM    1    8.70    0.00   18.48    0.00    0.00    3.26    0.00    0.00    0.00   69.57
12:23:31 PM    2    7.95    0.00   15.91    0.00    0.00    3.41    0.00    0.00    0.00   72.73
12:23:31 PM    3    7.95    0.00   18.18    0.00    0.00    1.14    0.00    0.00    0.00   72.73
12:23:31 PM    4   10.87    0.00   16.30    0.00    0.00    2.17    0.00    0.00    0.00   70.65
12:23:31 PM    5    7.87    0.00   13.48    0.00    0.00    3.37    0.00    0.00    0.00   75.28
12:23:31 PM    6    9.20    0.00   13.79    0.00    0.00    2.30    0.00    0.00    0.00   74.71
12:23:31 PM    7    9.57    0.00   17.02    0.00    0.00    3.19    0.00    0.00    0.00   70.21

12:23:31 PM  CPU    %usr   %nice    %sys %iowait    %irq   %soft  %steal  %guest  %gnice   %idle
12:23:32 PM  all    2.84    0.00    4.69    0.00    0.00    0.71    0.00    0.00    0.00   91.76
12:23:32 PM    0    2.33    0.00    5.81    0.00    0.00    0.00    0.00    0.00    0.00   91.86
12:23:32 PM    1    2.30    0.00    4.60    0.00    0.00    1.15    0.00    0.00    0.00   91.95
12:23:32 PM    2    2.30    0.00    6.90    0.00    0.00    1.15    0.00    0.00    0.00   89.66
12:23:32 PM    3    1.16    0.00    3.49    0.00    0.00    1.16    0.00    0.00    0.00   94.19
12:23:32 PM    4    2.25    0.00    3.37    0.00    0.00    2.25    0.00    0.00    0.00   92.13
12:23:32 PM    5    5.56    0.00    4.44    0.00    0.00    0.00    0.00    0.00    0.00   90.00
12:23:32 PM    6    4.35    0.00    5.43    0.00    0.00    0.00    0.00    0.00    0.00   90.22
12:23:32 PM    7    2.30    0.00    3.45    0.00    0.00    0.00    0.00    0.00    0.00   94.25

12:23:32 PM  CPU    %usr   %nice    %sys %iowait    %irq   %soft  %steal  %guest  %gnice   %idle
12:23:33 PM  all   10.08    0.00   18.01    0.27    0.00    3.76    0.00    0.00    0.00   67.88
12:23:33 PM    0    9.68    0.00   17.20    0.00    0.00    4.30    0.00    0.00    0.00   68.82
12:23:33 PM    1    9.57    0.00   17.02    0.00    0.00    3.19    0.00    0.00    0.00   70.21
12:23:33 PM    2    8.60    0.00   19.35    1.08    0.00    2.15    0.00    0.00    0.00   68.82
12:23:33 PM    3    8.70    0.00   16.30    1.09    0.00    5.43    0.00    0.00    0.00   68.48
12:23:33 PM    4    9.78    0.00   17.39    0.00    0.00    4.35    0.00    0.00    0.00   68.48
12:23:33 PM    5   11.70    0.00   19.15    0.00    0.00    4.26    0.00    0.00    0.00   64.89
12:23:33 PM    6   10.64    0.00   18.09    0.00    0.00    4.26    0.00    0.00    0.00   67.02
12:23:33 PM    7   11.96    0.00   19.57    0.00    0.00    2.17    0.00    0.00    0.00   66.30

12:23:33 PM  CPU    %usr   %nice    %sys %iowait    %irq   %soft  %steal  %guest  %gnice   %idle
12:23:34 PM  all    6.88    0.00    9.41    0.14    0.00    1.83    0.00    0.00    0.00   81.74
12:23:34 PM    0    4.60    0.00   10.34    0.00    0.00    2.30    0.00    0.00    0.00   82.76
12:23:34 PM    1    6.90    0.00    9.20    0.00    0.00    2.30    0.00    0.00    0.00   81.61
12:23:34 PM    2    6.90    0.00    9.20    0.00    0.00    1.15    0.00    0.00    0.00   82.76
12:23:34 PM    3    5.95    0.00    9.52    0.00    0.00    1.19    0.00    0.00    0.00   83.33
12:23:34 PM    4    5.43    0.00   11.96    0.00    0.00    2.17    0.00    0.00    0.00   80.43
12:23:34 PM    5    8.79    0.00    8.79    0.00    0.00    1.10    0.00    0.00    0.00   81.32
12:23:34 PM    6    8.89    0.00    6.67    0.00    0.00    2.22    0.00    0.00    0.00   82.22
12:23:34 PM    7    7.45    0.00    9.57    1.06    0.00    2.13    0.00    0.00    0.00   79.79

12:23:34 PM  CPU    %usr   %nice    %sys %iowait    %irq   %soft  %steal  %guest  %gnice   %idle
12:23:35 PM  all    0.15    0.00    0.00    0.00    0.00    0.00    0.00    0.00    0.00   99.85
12:23:35 PM    0    0.00    0.00    0.00    0.00    0.00    0.00    0.00    0.00    0.00  100.00
12:23:35 PM    1    1.19    0.00    0.00    0.00    0.00    0.00    0.00    0.00    0.00   98.81
12:23:35 PM    2    0.00    0.00    0.00    0.00    0.00    0.00    0.00    0.00    0.00  100.00
12:23:35 PM    3    0.00    0.00    0.00    0.00    0.00    0.00    0.00    0.00    0.00  100.00
12:23:35 PM    4    0.00    0.00    0.00    0.00    0.00    0.00    0.00    0.00    0.00  100.00
12:23:35 PM    5    0.00    0.00    0.00    0.00    0.00    0.00    0.00    0.00    0.00  100.00
12:23:35 PM    6    0.00    0.00    0.00    0.00    0.00    0.00    0.00    0.00    0.00  100.00
12:23:35 PM    7    0.00    0.00    0.00    0.00    0.00    0.00    0.00    0.00    0.00  100.00

12:23:35 PM  CPU    %usr   %nice    %sys %iowait    %irq   %soft  %steal  %guest  %gnice   %idle
12:23:36 PM  all    1.45    0.00    2.60    0.00    0.00    0.58    0.00    0.00    0.00   95.37
12:23:36 PM    0    1.20    0.00    1.20    0.00    0.00    0.00    0.00    0.00    0.00   97.59
12:23:36 PM    1    2.27    0.00    5.68    0.00    0.00    0.00    0.00    0.00    0.00   92.05
12:23:36 PM    2    1.18    0.00    2.35    0.00    0.00    1.18    0.00    0.00    0.00   95.29
12:23:36 PM    3    1.18    0.00    2.35    0.00    0.00    1.18    0.00    0.00    0.00   95.29
12:23:36 PM    4    1.16    0.00    2.33    0.00    0.00    0.00    0.00    0.00    0.00   96.51
12:23:36 PM    5    2.27    0.00    2.27    0.00    0.00    1.14    0.00    0.00    0.00   94.32
12:23:36 PM    6    2.22    0.00    3.33    0.00    0.00    1.11    0.00    0.00    0.00   93.33
12:23:36 PM    7    0.00    0.00    1.16    0.00    0.00    0.00    0.00    0.00    0.00   98.84

12:23:36 PM  CPU    %usr   %nice    %sys %iowait    %irq   %soft  %steal  %guest  %gnice   %idle
12:23:37 PM  all    7.20    0.00    9.46    0.00    0.00    2.82    0.00    0.00    0.00   80.51
12:23:37 PM    0    6.90    0.00    8.05    0.00    0.00    3.45    0.00    0.00    0.00   81.61
12:23:37 PM    1    4.65    0.00   10.47    0.00    0.00    1.16    0.00    0.00    0.00   83.72
12:23:37 PM    2    7.23    0.00    6.02    0.00    0.00    2.41    0.00    0.00    0.00   84.34
12:23:37 PM    3    6.90    0.00    9.20    0.00    0.00    2.30    0.00    0.00    0.00   81.61
12:23:37 PM    4    6.67    0.00   10.00    0.00    0.00    3.33    0.00    0.00    0.00   80.00
12:23:37 PM    5   11.70    0.00    9.57    0.00    0.00    3.19    0.00    0.00    0.00   75.53
12:23:37 PM    6    7.61    0.00   11.96    0.00    0.00    3.26    0.00    0.00    0.00   77.17
12:23:37 PM    7    5.62    0.00   10.11    0.00    0.00    3.37    0.00    0.00    0.00   80.90

12:23:37 PM  CPU    %usr   %nice    %sys %iowait    %irq   %soft  %steal  %guest  %gnice   %idle
12:23:38 PM  all    5.49    0.00    9.15    0.28    0.00    1.41    0.00    0.00    0.00   83.66
12:23:38 PM    0    5.75    0.00    6.90    0.00    0.00    2.30    0.00    0.00    0.00   85.06
12:23:38 PM    1    4.60    0.00    9.20    0.00    0.00    1.15    0.00    0.00    0.00   85.06
12:23:38 PM    2    4.44    0.00   13.33    1.11    0.00    1.11    0.00    0.00    0.00   80.00
12:23:38 PM    3    7.95    0.00    9.09    0.00    0.00    1.14    0.00    0.00    0.00   81.82
12:23:38 PM    4    5.56    0.00    6.67    1.11    0.00    2.22    0.00    0.00    0.00   84.44
12:23:38 PM    5    3.49    0.00    6.98    0.00    0.00    0.00    0.00    0.00    0.00   89.53
12:23:38 PM    6    7.69    0.00    7.69    0.00    0.00    2.20    0.00    0.00    0.00   82.42
12:23:38 PM    7    4.40    0.00   13.19    0.00    0.00    1.10    0.00    0.00    0.00   81.32

12:23:38 PM  CPU    %usr   %nice    %sys %iowait    %irq   %soft  %steal  %guest  %gnice   %idle
12:23:39 PM  all    1.44    0.00    2.60    0.00    0.00    0.43    0.00    0.00    0.00   95.53
12:23:39 PM    0    1.16    0.00    1.16    0.00    0.00    0.00    0.00    0.00    0.00   97.67
12:23:39 PM    1    1.18    0.00    2.35    0.00    0.00    0.00    0.00    0.00    0.00   96.47
12:23:39 PM    2    1.16    0.00    3.49    0.00    0.00    0.00    0.00    0.00    0.00   95.35
12:23:39 PM    3    1.19    0.00    2.38    0.00    0.00    0.00    0.00    0.00    0.00   96.43
12:23:39 PM    4    2.27    0.00    3.41    0.00    0.00    0.00    0.00    0.00    0.00   94.32
12:23:39 PM    5    2.22    0.00    3.33    0.00    0.00    2.22    0.00    0.00    0.00   92.22
12:23:39 PM    6    0.00    0.00    1.16    0.00    0.00    1.16    0.00    0.00    0.00   97.67
12:23:39 PM    7    2.27    0.00    3.41    0.00    0.00    0.00    0.00    0.00    0.00   94.32

12:23:39 PM  CPU    %usr   %nice    %sys %iowait    %irq   %soft  %steal  %guest  %gnice   %idle
12:23:40 PM  all    3.62    0.00    6.27    0.00    0.00    0.97    0.00    0.00    0.00   89.14
12:23:40 PM    0    3.41    0.00    5.68    0.00    0.00    0.00    0.00    0.00    0.00   90.91
12:23:40 PM    1    1.12    0.00    6.74    0.00    0.00    1.12    0.00    0.00    0.00   91.01
12:23:40 PM    2    2.20    0.00    6.59    0.00    0.00    1.10    0.00    0.00    0.00   90.11
12:23:40 PM    3    2.25    0.00    7.87    0.00    0.00    0.00    0.00    0.00    0.00   89.89
12:23:40 PM    4    4.40    0.00    8.79    0.00    0.00    0.00    0.00    0.00    0.00   86.81
12:23:40 PM    5    4.49    0.00    3.37    0.00    0.00    2.25    0.00    0.00    0.00   89.89
12:23:40 PM    6    6.52    0.00    5.43    0.00    0.00    1.09    0.00    0.00    0.00   86.96
12:23:40 PM    7    4.49    0.00    5.62    0.00    0.00    2.25    0.00    0.00    0.00   87.64

12:23:40 PM  CPU    %usr   %nice    %sys %iowait    %irq   %soft  %steal  %guest  %gnice   %idle
12:23:41 PM  all   11.22    0.00   17.37    0.00    0.00    3.28    0.00    0.00    0.00   68.13
12:23:41 PM    0    7.78    0.00   16.67    0.00    0.00    3.33    0.00    0.00    0.00   72.22
12:23:41 PM    1    6.19    0.00   22.68    0.00    0.00    3.09    0.00    0.00    0.00   68.04
12:23:41 PM    2    5.49    0.00   18.68    0.00    0.00    4.40    0.00    0.00    0.00   71.43
12:23:41 PM    3   10.42    0.00   17.71    0.00    0.00    3.12    0.00    0.00    0.00   68.75
12:23:41 PM    4   18.48    0.00   15.22    0.00    0.00    3.26    0.00    0.00    0.00   63.04
12:23:41 PM    5   13.64    0.00   17.05    0.00    0.00    3.41    0.00    0.00    0.00   65.91
12:23:41 PM    6   14.94    0.00   12.64    0.00    0.00    3.45    0.00    0.00    0.00   68.97
12:23:41 PM    7   13.33    0.00   17.78    0.00    0.00    2.22    0.00    0.00    0.00   66.67

12:23:41 PM  CPU    %usr   %nice    %sys %iowait    %irq   %soft  %steal  %guest  %gnice   %idle
12:23:42 PM  all    5.30    0.00    9.92    0.00    0.00    1.90    0.00    0.00    0.00   82.88
12:23:42 PM    0    6.52    0.00    9.78    0.00    0.00    1.09    0.00    0.00    0.00   82.61
12:23:42 PM    1    5.38    0.00    8.60    0.00    0.00    3.23    0.00    0.00    0.00   82.80
12:23:42 PM    2    4.40    0.00   10.99    0.00    0.00    1.10    0.00    0.00    0.00   83.52
12:23:42 PM    3    2.22    0.00   11.11    0.00    0.00    2.22    0.00    0.00    0.00   84.44
12:23:42 PM    4    7.78    0.00    6.67    0.00    0.00    1.11    0.00    0.00    0.00   84.44
12:23:42 PM    5    6.52    0.00   10.87    0.00    0.00    0.00    0.00    0.00    0.00   82.61
12:23:42 PM    6    5.32    0.00   10.64    0.00    0.00    3.19    0.00    0.00    0.00   80.85
12:23:42 PM    7    4.26    0.00   10.64    0.00    0.00    3.19    0.00    0.00    0.00   81.91

12:23:42 PM  CPU    %usr   %nice    %sys %iowait    %irq   %soft  %steal  %guest  %gnice   %idle
12:23:43 PM  all    1.79    0.00    2.69    0.13    0.00    0.64    0.00    0.00    0.00   94.74
12:23:43 PM    0    1.02    0.00    4.08    0.00    0.00    0.00    0.00    0.00    0.00   94.90
12:23:43 PM    1    3.06    0.00    1.02    0.00    0.00    2.04    0.00    0.00    0.00   93.88
12:23:43 PM    2    1.03    0.00    3.09    0.00    0.00    0.00    0.00    0.00    0.00   95.88
12:23:43 PM    3    1.01    0.00    4.04    1.01    0.00    0.00    0.00    0.00    0.00   93.94
12:23:43 PM    4    2.06    0.00    3.09    0.00    0.00    0.00    0.00    0.00    0.00   94.85
12:23:43 PM    5    3.06    0.00    1.02    0.00    0.00    2.04    0.00    0.00    0.00   93.88
12:23:43 PM    6    0.00    0.00    3.16    0.00    0.00    0.00    0.00    0.00    0.00   96.84
12:23:43 PM    7    3.06    0.00    2.04    0.00    0.00    1.02    0.00    0.00    0.00   93.88
