Linux 5.15.0-171-generic (cloudnet-s05) 	05/19/2026 	_x86_64_	(8 CPU)

12:30:11 PM  CPU    %usr   %nice    %sys %iowait    %irq   %soft  %steal  %guest  %gnice   %idle
12:30:12 PM  all    0.50    0.00    0.38    0.25    0.00    0.00    0.00    0.00    0.00   98.87
12:30:12 PM    0    0.00    0.00    1.00    0.00    0.00    0.00    0.00    0.00    0.00   99.00
12:30:12 PM    1    1.00    0.00    0.00    0.00    0.00    0.00    0.00    0.00    0.00   99.00
12:30:12 PM    2    0.00    0.00    0.00    0.00    0.00    0.00    0.00    0.00    0.00  100.00
12:30:12 PM    3    0.99    0.00    0.00    0.00    0.00    0.00    0.00    0.00    0.00   99.01
12:30:12 PM    4    1.00    0.00    1.00    1.00    0.00    0.00    0.00    0.00    0.00   97.00
12:30:12 PM    5    0.00    0.00    0.00    1.01    0.00    0.00    0.00    0.00    0.00   98.99
12:30:12 PM    6    0.00    0.00    0.00    0.00    0.00    0.00    0.00    0.00    0.00  100.00
12:30:12 PM    7    1.01    0.00    1.01    0.00    0.00    0.00    0.00    0.00    0.00   97.98

12:30:12 PM  CPU    %usr   %nice    %sys %iowait    %irq   %soft  %steal  %guest  %gnice   %idle
12:30:13 PM  all    0.25    0.00    0.50    0.00    0.00    0.12    0.00    0.00    0.00   99.12
12:30:13 PM    0    1.00    0.00    0.00    0.00    0.00    0.00    0.00    0.00    0.00   99.00
12:30:13 PM    1    0.00    0.00    0.00    0.00    0.00    0.00    0.00    0.00    0.00  100.00
12:30:13 PM    2    0.00    0.00    0.00    0.00    0.00    1.00    0.00    0.00    0.00   99.00
12:30:13 PM    3    0.00    0.00    0.00    0.00    0.00    0.00    0.00    0.00    0.00  100.00
12:30:13 PM    4    0.99    0.00    0.99    0.00    0.00    0.00    0.00    0.00    0.00   98.02
12:30:13 PM    5    0.00    0.00    0.99    0.00    0.00    0.00    0.00    0.00    0.00   99.01
12:30:13 PM    6    0.00    0.00    1.00    0.00    0.00    0.00    0.00    0.00    0.00   99.00
12:30:13 PM    7    0.00    0.00    1.00    0.00    0.00    0.00    0.00    0.00    0.00   99.00

12:30:13 PM  CPU    %usr   %nice    %sys %iowait    %irq   %soft  %steal  %guest  %gnice   %idle
12:30:14 PM  all    0.00    0.00    0.13    0.63    0.00    0.00    0.00    0.00    0.00   99.25
12:30:14 PM    0    0.00    0.00    0.00    4.00    0.00    0.00    0.00    0.00    0.00   96.00
12:30:14 PM    1    0.00    0.00    0.00    0.00    0.00    0.00    0.00    0.00    0.00  100.00
12:30:14 PM    2    0.00    0.00    0.00    1.00    0.00    0.00    0.00    0.00    0.00   99.00
12:30:14 PM    3    0.00    0.00    0.00    0.00    0.00    0.00    0.00    0.00    0.00  100.00
12:30:14 PM    4    0.00    0.00    0.00    0.00    0.00    0.00    0.00    0.00    0.00  100.00
12:30:14 PM    5    0.00    0.00    1.00    0.00    0.00    0.00    0.00    0.00    0.00   99.00
12:30:14 PM    6    0.00    0.00    0.00    0.00    0.00    0.00    0.00    0.00    0.00  100.00
12:30:14 PM    7    0.00    0.00    0.00    0.00    0.00    0.00    0.00    0.00    0.00  100.00

12:30:14 PM  CPU    %usr   %nice    %sys %iowait    %irq   %soft  %steal  %guest  %gnice   %idle
12:30:15 PM  all    0.50    0.00    0.25    0.00    0.00    0.00    0.00    0.00    0.00   99.25
12:30:15 PM    0    0.00    0.00    0.00    0.00    0.00    0.00    0.00    0.00    0.00  100.00
12:30:15 PM    1    0.00    0.00    0.00    0.00    0.00    0.00    0.00    0.00    0.00  100.00
12:30:15 PM    2    0.00    0.00    0.99    0.00    0.00    0.00    0.00    0.00    0.00   99.01
12:30:15 PM    3    3.00    0.00    1.00    0.00    0.00    0.00    0.00    0.00    0.00   96.00
12:30:15 PM    4    0.00    0.00    0.00    0.00    0.00    0.00    0.00    0.00    0.00  100.00
12:30:15 PM    5    1.00    0.00    0.00    0.00    0.00    0.00    0.00    0.00    0.00   99.00
12:30:15 PM    6    0.00    0.00    0.00    0.00    0.00    0.00    0.00    0.00    0.00  100.00
12:30:15 PM    7    0.00    0.00    0.00    0.00    0.00    0.00    0.00    0.00    0.00  100.00

12:30:15 PM  CPU    %usr   %nice    %sys %iowait    %irq   %soft  %steal  %guest  %gnice   %idle
12:30:16 PM  all    2.09    0.00    6.41    0.00    0.00    1.96    0.00    0.00    0.00   89.53
12:30:16 PM    0    0.00    0.00    6.25    0.00    0.00    2.08    0.00    0.00    0.00   91.67
12:30:16 PM    1    0.00    0.00    7.29    0.00    0.00    1.04    0.00    0.00    0.00   91.67
12:30:16 PM    2    2.11    0.00    5.26    0.00    0.00    1.05    0.00    0.00    0.00   91.58
12:30:16 PM    3    3.12    0.00    6.25    0.00    0.00    1.04    0.00    0.00    0.00   89.58
12:30:16 PM    4    3.23    0.00    6.45    0.00    0.00    1.08    0.00    0.00    0.00   89.25
12:30:16 PM    5    1.05    0.00    6.32    0.00    0.00    4.21    0.00    0.00    0.00   88.42
12:30:16 PM    6    5.10    0.00    7.14    0.00    0.00    2.04    0.00    0.00    0.00   85.71
12:30:16 PM    7    2.11    0.00    6.32    0.00    0.00    3.16    0.00    0.00    0.00   88.42

12:30:16 PM  CPU    %usr   %nice    %sys %iowait    %irq   %soft  %steal  %guest  %gnice   %idle
12:30:17 PM  all    3.52    0.00    6.63    0.41    0.00    1.76    0.00    0.00    0.00   87.69
12:30:17 PM    0    2.11    0.00    7.37    0.00    0.00    2.11    0.00    0.00    0.00   88.42
12:30:17 PM    1    5.38    0.00    6.45    0.00    0.00    2.15    0.00    0.00    0.00   86.02
12:30:17 PM    2    1.09    0.00    7.61    0.00    0.00    2.17    0.00    0.00    0.00   89.13
12:30:17 PM    3    4.35    0.00    7.61    0.00    0.00    2.17    0.00    0.00    0.00   85.87
12:30:17 PM    4    6.45    0.00    6.45    2.15    0.00    1.08    0.00    0.00    0.00   83.87
12:30:17 PM    5    3.23    0.00    5.38    0.00    0.00    2.15    0.00    0.00    0.00   89.25
12:30:17 PM    6    4.35    0.00    5.43    1.09    0.00    2.17    0.00    0.00    0.00   86.96
12:30:17 PM    7    1.12    0.00    6.74    0.00    0.00    0.00    0.00    0.00    0.00   92.13

12:30:17 PM  CPU    %usr   %nice    %sys %iowait    %irq   %soft  %steal  %guest  %gnice   %idle
12:30:18 PM  all    5.56    0.00    8.61    0.00    0.00    2.25    0.00    0.00    0.00   83.58
12:30:18 PM    0    3.23    0.00    9.68    0.00    0.00    4.30    0.00    0.00    0.00   82.80
12:30:18 PM    1    6.32    0.00    7.37    0.00    0.00    3.16    0.00    0.00    0.00   83.16
12:30:18 PM    2    8.08    0.00   11.11    0.00    0.00    2.02    0.00    0.00    0.00   78.79
12:30:18 PM    3    8.33    0.00    6.25    0.00    0.00    3.12    0.00    0.00    0.00   82.29
12:30:18 PM    4    6.38    0.00    7.45    0.00    0.00    1.06    0.00    0.00    0.00   85.11
12:30:18 PM    5    4.35    0.00    8.70    0.00    0.00    0.00    0.00    0.00    0.00   86.96
12:30:18 PM    6    3.26    0.00    9.78    0.00    0.00    0.00    0.00    0.00    0.00   86.96
12:30:18 PM    7    4.26    0.00    8.51    0.00    0.00    4.26    0.00    0.00    0.00   82.98

12:30:18 PM  CPU    %usr   %nice    %sys %iowait    %irq   %soft  %steal  %guest  %gnice   %idle
12:30:19 PM  all    8.98    0.00   14.61    0.00    0.00    3.08    0.00    0.00    0.00   73.32
12:30:19 PM    0   10.75    0.00   12.90    0.00    0.00    3.23    0.00    0.00    0.00   73.12
12:30:19 PM    1   13.19    0.00   14.29    0.00    0.00    1.10    0.00    0.00    0.00   71.43
12:30:19 PM    2    8.16    0.00   18.37    0.00    0.00    5.10    0.00    0.00    0.00   68.37
12:30:19 PM    3   11.58    0.00   15.79    0.00    0.00    4.21    0.00    0.00    0.00   68.42
12:30:19 PM    4    4.35    0.00   14.13    0.00    0.00    3.26    0.00    0.00    0.00   78.26
12:30:19 PM    5    6.82    0.00   11.36    0.00    0.00    2.27    0.00    0.00    0.00   79.55
12:30:19 PM    6   10.75    0.00   11.83    0.00    0.00    1.08    0.00    0.00    0.00   76.34
12:30:19 PM    7    6.25    0.00   17.71    0.00    0.00    4.17    0.00    0.00    0.00   71.88

12:30:19 PM  CPU    %usr   %nice    %sys %iowait    %irq   %soft  %steal  %guest  %gnice   %idle
12:30:20 PM  all    7.17    0.00   12.62    0.00    0.00    2.52    0.00    0.00    0.00   77.69
12:30:20 PM    0    7.37    0.00   13.68    0.00    0.00    2.11    0.00    0.00    0.00   76.84
12:30:20 PM    1    7.53    0.00   13.98    0.00    0.00    3.23    0.00    0.00    0.00   75.27
12:30:20 PM    2    8.60    0.00   12.90    0.00    0.00    1.08    0.00    0.00    0.00   77.42
12:30:20 PM    3    8.25    0.00   14.43    0.00    0.00    4.12    0.00    0.00    0.00   73.20
12:30:20 PM    4    6.45    0.00   11.83    0.00    0.00    1.08    0.00    0.00    0.00   80.65
12:30:20 PM    5    5.56    0.00    8.89    0.00    0.00    1.11    0.00    0.00    0.00   84.44
12:30:20 PM    6    6.38    0.00   11.70    0.00    0.00    2.13    0.00    0.00    0.00   79.79
12:30:20 PM    7    7.14    0.00   13.27    0.00    0.00    5.10    0.00    0.00    0.00   74.49

12:30:20 PM  CPU    %usr   %nice    %sys %iowait    %irq   %soft  %steal  %guest  %gnice   %idle
12:30:21 PM  all    6.03    0.00   10.64    0.00    0.00    2.31    0.00    0.00    0.00   81.03
12:30:21 PM    0    3.09    0.00   11.34    0.00    0.00    2.06    0.00    0.00    0.00   83.51
12:30:21 PM    1    7.14    0.00   11.22    0.00    0.00    1.02    0.00    0.00    0.00   80.61
12:30:21 PM    2    5.88    0.00   13.73    0.00    0.00    3.92    0.00    0.00    0.00   76.47
12:30:21 PM    3    2.13    0.00   11.70    0.00    0.00    1.06    0.00    0.00    0.00   85.11
12:30:21 PM    4    8.25    0.00    7.22    0.00    0.00    4.12    0.00    0.00    0.00   80.41
12:30:21 PM    5    7.29    0.00   10.42    0.00    0.00    1.04    0.00    0.00    0.00   81.25
12:30:21 PM    6    8.33    0.00    7.29    0.00    0.00    2.08    0.00    0.00    0.00   82.29
12:30:21 PM    7    6.00    0.00   12.00    0.00    0.00    3.00    0.00    0.00    0.00   79.00

12:30:21 PM  CPU    %usr   %nice    %sys %iowait    %irq   %soft  %steal  %guest  %gnice   %idle
12:30:22 PM  all    6.78    0.00   11.25    0.38    0.00    2.69    0.00    0.00    0.00   78.90
12:30:22 PM    0    7.14    0.00    9.18    0.00    0.00    3.06    0.00    0.00    0.00   80.61
12:30:22 PM    1    7.22    0.00   11.34    0.00    0.00    1.03    0.00    0.00    0.00   80.41
12:30:22 PM    2    6.00    0.00   12.00    0.00    0.00    4.00    0.00    0.00    0.00   78.00
12:30:22 PM    3    3.19    0.00    9.57    0.00    0.00    3.19    0.00    0.00    0.00   84.04
12:30:22 PM    4   10.89    0.00   11.88    0.99    0.00    0.00    0.00    0.00    0.00   76.24
12:30:22 PM    5    6.00    0.00   15.00    0.00    0.00    4.00    0.00    0.00    0.00   75.00
12:30:22 PM    6    8.16    0.00   11.22    1.02    0.00    3.06    0.00    0.00    0.00   76.53
12:30:22 PM    7    5.32    0.00    9.57    1.06    0.00    3.19    0.00    0.00    0.00   80.85

12:30:22 PM  CPU    %usr   %nice    %sys %iowait    %irq   %soft  %steal  %guest  %gnice   %idle
12:30:23 PM  all    6.24    0.00   11.54    0.00    0.00    3.65    0.00    0.00    0.00   78.56
12:30:23 PM    0    4.67    0.00   11.21    0.00    0.00    4.67    0.00    0.00    0.00   79.44
12:30:23 PM    1    3.92    0.00    7.84    0.00    0.00    4.90    0.00    0.00    0.00   83.33
12:30:23 PM    2    5.50    0.00   13.76    0.00    0.00    4.59    0.00    0.00    0.00   76.15
12:30:23 PM    3    3.92    0.00    7.84    0.00    0.00    4.90    0.00    0.00    0.00   83.33
12:30:23 PM    4    8.49    0.00   11.32    0.00    0.00    2.83    0.00    0.00    0.00   77.36
12:30:23 PM    5    8.41    0.00   10.28    0.00    0.00    2.80    0.00    0.00    0.00   78.50
12:30:23 PM    6    5.71    0.00   13.33    0.00    0.00    2.86    0.00    0.00    0.00   78.10
12:30:23 PM    7    9.01    0.00   16.22    0.00    0.00    1.80    0.00    0.00    0.00   72.97

12:30:23 PM  CPU    %usr   %nice    %sys %iowait    %irq   %soft  %steal  %guest  %gnice   %idle
12:30:24 PM  all    7.65    0.00   11.99    0.00    0.00    3.06    0.00    0.00    0.00   77.30
12:30:24 PM    0    8.60    0.00    5.38    0.00    0.00    5.38    0.00    0.00    0.00   80.65
12:30:24 PM    1    6.12    0.00   15.31    0.00    0.00    3.06    0.00    0.00    0.00   75.51
12:30:24 PM    2    7.22    0.00   13.40    0.00    0.00    4.12    0.00    0.00    0.00   75.26
12:30:24 PM    3   10.10    0.00   15.15    0.00    0.00    1.01    0.00    0.00    0.00   73.74
12:30:24 PM    4    6.19    0.00   10.31    0.00    0.00    3.09    0.00    0.00    0.00   80.41
12:30:24 PM    5    7.22    0.00   10.31    0.00    0.00    2.06    0.00    0.00    0.00   80.41
12:30:24 PM    6    8.74    0.00   13.59    0.00    0.00    2.91    0.00    0.00    0.00   74.76
12:30:24 PM    7    7.00    0.00   12.00    0.00    0.00    3.00    0.00    0.00    0.00   78.00

12:30:24 PM  CPU    %usr   %nice    %sys %iowait    %irq   %soft  %steal  %guest  %gnice   %idle
12:30:25 PM  all    6.52    0.00   12.08    0.00    0.00    2.90    0.00    0.00    0.00   78.50
12:30:25 PM    0    6.60    0.00   13.21    0.00    0.00    2.83    0.00    0.00    0.00   77.36
12:30:25 PM    1    4.90    0.00   11.76    0.00    0.00    1.96    0.00    0.00    0.00   81.37
12:30:25 PM    2    6.00    0.00    6.00    0.00    0.00    3.00    0.00    0.00    0.00   85.00
12:30:25 PM    3    5.88    0.00    8.82    0.00    0.00    2.94    0.00    0.00    0.00   82.35
12:30:25 PM    4    6.80    0.00   12.62    0.00    0.00    2.91    0.00    0.00    0.00   77.67
12:30:25 PM    5   10.19    0.00   13.89    0.00    0.00    2.78    0.00    0.00    0.00   73.15
12:30:25 PM    6    6.67    0.00   15.24    0.00    0.00    3.81    0.00    0.00    0.00   74.29
12:30:25 PM    7    4.90    0.00   14.71    0.00    0.00    2.94    0.00    0.00    0.00   77.45

12:30:25 PM  CPU    %usr   %nice    %sys %iowait    %irq   %soft  %steal  %guest  %gnice   %idle
12:30:26 PM  all    7.19    0.00   12.79    0.00    0.00    2.85    0.00    0.00    0.00   77.17
12:30:26 PM    0    6.48    0.00   12.96    0.00    0.00    2.78    0.00    0.00    0.00   77.78
12:30:26 PM    1    7.21    0.00   15.32    0.00    0.00    3.60    0.00    0.00    0.00   73.87
12:30:26 PM    2    7.34    0.00   12.84    0.00    0.00    2.75    0.00    0.00    0.00   77.06
12:30:26 PM    3    7.27    0.00   14.55    0.00    0.00    1.82    0.00    0.00    0.00   76.36
12:30:26 PM    4    7.41    0.00    9.26    0.00    0.00    4.63    0.00    0.00    0.00   78.70
12:30:26 PM    5    9.01    0.00   12.61    0.00    0.00    1.80    0.00    0.00    0.00   76.58
12:30:26 PM    6    7.21    0.00   13.51    0.00    0.00    2.70    0.00    0.00    0.00   76.58
12:30:26 PM    7    5.56    0.00   11.11    0.00    0.00    2.78    0.00    0.00    0.00   80.56

12:30:26 PM  CPU    %usr   %nice    %sys %iowait    %irq   %soft  %steal  %guest  %gnice   %idle
12:30:27 PM  all    7.03    0.00   13.95    0.24    0.00    2.86    0.00    0.00    0.00   75.92
12:30:27 PM    0    4.95    0.00   10.89    0.00    0.00    2.97    0.00    0.00    0.00   81.19
12:30:27 PM    1    5.00    0.00   13.00    0.00    0.00    1.00    0.00    0.00    0.00   81.00
12:30:27 PM    2   10.62    0.00   15.93    0.00    0.00    2.65    0.00    0.00    0.00   70.80
12:30:27 PM    3    5.71    0.00   16.19    0.00    0.00    1.90    0.00    0.00    0.00   76.19
12:30:27 PM    4    9.43    0.00   15.09    0.00    0.00    1.89    0.00    0.00    0.00   73.58
12:30:27 PM    5    6.06    0.00    9.09    0.00    0.00    3.03    0.00    0.00    0.00   81.82
12:30:27 PM    6    7.34    0.00   15.60    0.92    0.00    4.59    0.00    0.00    0.00   71.56
12:30:27 PM    7    6.60    0.00   15.09    0.94    0.00    4.72    0.00    0.00    0.00   72.64

12:30:27 PM  CPU    %usr   %nice    %sys %iowait    %irq   %soft  %steal  %guest  %gnice   %idle
12:30:28 PM  all   10.21    0.00   17.02    0.00    0.00    3.14    0.00    0.00    0.00   69.63
12:30:28 PM    0   11.65    0.00   20.39    0.00    0.00    2.91    0.00    0.00    0.00   65.05
12:30:28 PM    1    8.51    0.00   19.15    0.00    0.00    3.19    0.00    0.00    0.00   69.15
12:30:28 PM    2   10.11    0.00   15.73    0.00    0.00    1.12    0.00    0.00    0.00   73.03
12:30:28 PM    3   12.90    0.00   16.13    0.00    0.00    3.23    0.00    0.00    0.00   67.74
12:30:28 PM    4   10.31    0.00   15.46    0.00    0.00    4.12    0.00    0.00    0.00   70.10
12:30:28 PM    5   14.00    0.00   17.00    0.00    0.00    3.00    0.00    0.00    0.00   66.00
12:30:28 PM    6    5.38    0.00   16.13    0.00    0.00    4.30    0.00    0.00    0.00   74.19
12:30:28 PM    7    8.42    0.00   15.79    0.00    0.00    3.16    0.00    0.00    0.00   72.63

12:30:28 PM  CPU    %usr   %nice    %sys %iowait    %irq   %soft  %steal  %guest  %gnice   %idle
12:30:29 PM  all    7.75    0.00   15.25    0.98    0.00    2.09    0.00    0.00    0.00   73.92
12:30:29 PM    0    5.10    0.00   14.29    4.08    0.00    1.02    0.00    0.00    0.00   75.51
12:30:29 PM    1    7.00    0.00   13.00    0.00    0.00    2.00    0.00    0.00    0.00   78.00
12:30:29 PM    2    5.88    0.00   17.65    0.00    0.00    1.96    0.00    0.00    0.00   74.51
12:30:29 PM    3    7.84    0.00   15.69    3.92    0.00    1.96    0.00    0.00    0.00   70.59
12:30:29 PM    4    9.00    0.00   16.00    0.00    0.00    2.00    0.00    0.00    0.00   73.00
12:30:29 PM    5   10.38    0.00   15.09    0.00    0.00    3.77    0.00    0.00    0.00   70.75
12:30:29 PM    6    9.38    0.00    8.33    0.00    0.00    2.08    0.00    0.00    0.00   80.21
12:30:29 PM    7    7.34    0.00   21.10    0.00    0.00    1.83    0.00    0.00    0.00   69.72

12:30:29 PM  CPU    %usr   %nice    %sys %iowait    %irq   %soft  %steal  %guest  %gnice   %idle
12:30:30 PM  all    8.75    0.00   13.43    2.40    0.00    3.12    0.00    0.00    0.00   72.30
12:30:30 PM    0   10.38    0.00   12.26    9.43    0.00    2.83    0.00    0.00    0.00   65.09
12:30:30 PM    1   10.68    0.00   12.62    0.00    0.00    1.94    0.00    0.00    0.00   74.76
12:30:30 PM    2    7.69    0.00   12.50    0.00    0.00    3.85    0.00    0.00    0.00   75.96
12:30:30 PM    3    7.62    0.00   15.24    9.52    0.00    2.86    0.00    0.00    0.00   64.76
12:30:30 PM    4    5.88    0.00   12.75    0.00    0.00    3.92    0.00    0.00    0.00   77.45
12:30:30 PM    5   10.09    0.00   13.76    0.00    0.00    4.59    0.00    0.00    0.00   71.56
12:30:30 PM    6    7.69    0.00   15.38    0.00    0.00    2.88    0.00    0.00    0.00   74.04
12:30:30 PM    7    9.90    0.00   12.87    0.00    0.00    1.98    0.00    0.00    0.00   75.25

12:30:30 PM  CPU    %usr   %nice    %sys %iowait    %irq   %soft  %steal  %guest  %gnice   %idle
12:30:31 PM  all    8.45    0.00   16.10    0.00    0.00    2.59    0.00    0.00    0.00   72.86
12:30:31 PM    0    6.25    0.00   18.75    0.00    0.00    2.68    0.00    0.00    0.00   72.32
12:30:31 PM    1    6.48    0.00   16.67    0.00    0.00    1.85    0.00    0.00    0.00   75.00
12:30:31 PM    2    9.01    0.00   18.02    0.00    0.00    0.90    0.00    0.00    0.00   72.07
12:30:31 PM    3    5.45    0.00   16.36    0.00    0.00    2.73    0.00    0.00    0.00   75.45
12:30:31 PM    4    7.02    0.00   17.54    0.00    0.00    3.51    0.00    0.00    0.00   71.93
12:30:31 PM    5   10.09    0.00   12.84    0.00    0.00    2.75    0.00    0.00    0.00   74.31
12:30:31 PM    6   10.00    0.00   13.64    0.00    0.00    3.64    0.00    0.00    0.00   72.73
12:30:31 PM    7   13.16    0.00   14.91    0.00    0.00    2.63    0.00    0.00    0.00   69.30

12:30:31 PM  CPU    %usr   %nice    %sys %iowait    %irq   %soft  %steal  %guest  %gnice   %idle
12:30:32 PM  all    8.32    0.00   15.68    0.22    0.00    3.24    0.00    0.00    0.00   72.54
12:30:32 PM    0    7.83    0.00   14.78    0.00    0.00    4.35    0.00    0.00    0.00   73.04
12:30:32 PM    1   10.26    0.00   17.09    0.00    0.00    1.71    0.00    0.00    0.00   70.94
12:30:32 PM    2    7.02    0.00   14.04    0.00    0.00    4.39    0.00    0.00    0.00   74.56
12:30:32 PM    3    7.08    0.00   13.27    0.00    0.00    2.65    0.00    0.00    0.00   76.99
12:30:32 PM    4    6.09    0.00   17.39    0.00    0.00    3.48    0.00    0.00    0.00   73.04
12:30:32 PM    5    9.40    0.00   15.38    0.85    0.00    3.42    0.00    0.00    0.00   70.94
12:30:32 PM    6   10.34    0.00   16.38    0.00    0.00    1.72    0.00    0.00    0.00   71.55
12:30:32 PM    7    8.47    0.00   16.95    0.85    0.00    4.24    0.00    0.00    0.00   69.49

12:30:32 PM  CPU    %usr   %nice    %sys %iowait    %irq   %soft  %steal  %guest  %gnice   %idle
12:30:33 PM  all    8.94    0.00   16.49    0.00    0.00    3.02    0.00    0.00    0.00   71.55
12:30:33 PM    0    8.18    0.00   12.73    0.00    0.00    3.64    0.00    0.00    0.00   75.45
12:30:33 PM    1    9.57    0.00   15.65    0.00    0.00    3.48    0.00    0.00    0.00   71.30
12:30:33 PM    2    7.08    0.00   15.04    0.00    0.00    3.54    0.00    0.00    0.00   74.34
12:30:33 PM    3    6.03    0.00   18.10    0.00    0.00    4.31    0.00    0.00    0.00   71.55
12:30:33 PM    4   10.53    0.00   14.91    0.00    0.00    1.75    0.00    0.00    0.00   72.81
12:30:33 PM    5   10.66    0.00   18.03    0.00    0.00    3.28    0.00    0.00    0.00   68.03
12:30:33 PM    6    9.17    0.00   19.17    0.00    0.00    2.50    0.00    0.00    0.00   69.17
12:30:33 PM    7   10.17    0.00   17.80    0.00    0.00    1.69    0.00    0.00    0.00   70.34

12:30:33 PM  CPU    %usr   %nice    %sys %iowait    %irq   %soft  %steal  %guest  %gnice   %idle
12:30:34 PM  all    9.55    0.00   18.00    0.00    0.00    2.52    0.00    0.00    0.00   69.92
12:30:34 PM    0    9.48    0.00   19.83    0.00    0.00    1.72    0.00    0.00    0.00   68.97
12:30:34 PM    1   10.34    0.00   19.83    0.00    0.00    2.59    0.00    0.00    0.00   67.24
12:30:34 PM    2    7.76    0.00   19.83    0.00    0.00    3.45    0.00    0.00    0.00   68.97
12:30:34 PM    3    9.01    0.00   17.12    0.00    0.00    1.80    0.00    0.00    0.00   72.07
12:30:34 PM    4    9.65    0.00   16.67    0.00    0.00    3.51    0.00    0.00    0.00   70.18
12:30:34 PM    5    9.91    0.00   17.12    0.00    0.00    1.80    0.00    0.00    0.00   71.17
12:30:34 PM    6   11.50    0.00   13.27    0.00    0.00    3.54    0.00    0.00    0.00   71.68
12:30:34 PM    7    8.77    0.00   20.18    0.00    0.00    1.75    0.00    0.00    0.00   69.30

12:30:34 PM  CPU    %usr   %nice    %sys %iowait    %irq   %soft  %steal  %guest  %gnice   %idle
12:30:35 PM  all   10.52    0.00   19.34    0.00    0.00    3.73    0.00    0.00    0.00   66.40
12:30:35 PM    0   11.32    0.00   17.92    0.00    0.00    3.77    0.00    0.00    0.00   66.98
12:30:35 PM    1    9.26    0.00   20.37    0.00    0.00    4.63    0.00    0.00    0.00   65.74
12:30:35 PM    2   11.71    0.00   21.62    0.00    0.00    2.70    0.00    0.00    0.00   63.96
12:30:35 PM    3   12.50    0.00   20.54    0.00    0.00    5.36    0.00    0.00    0.00   61.61
12:30:35 PM    4    8.11    0.00   20.72    0.00    0.00    2.70    0.00    0.00    0.00   68.47
12:30:35 PM    5   10.34    0.00   21.55    0.00    0.00    2.59    0.00    0.00    0.00   65.52
12:30:35 PM    6   13.39    0.00   14.29    0.00    0.00    3.57    0.00    0.00    0.00   68.75
12:30:35 PM    7    7.41    0.00   17.59    0.00    0.00    4.63    0.00    0.00    0.00   70.37

12:30:35 PM  CPU    %usr   %nice    %sys %iowait    %irq   %soft  %steal  %guest  %gnice   %idle
12:30:36 PM  all   13.24    0.00   24.13    0.00    0.00    6.62    0.00    0.00    0.00   56.00
12:30:36 PM    0   16.52    0.00   20.00    0.00    0.00   11.30    0.00    0.00    0.00   52.17
12:30:36 PM    1   16.22    0.00   24.32    0.00    0.00    5.41    0.00    0.00    0.00   54.05
12:30:36 PM    2   17.09    0.00   24.79    0.00    0.00    7.69    0.00    0.00    0.00   50.43
12:30:36 PM    3   15.97    0.00   29.41    0.00    0.00    5.88    0.00    0.00    0.00   48.74
12:30:36 PM    4    9.73    0.00   26.55    0.00    0.00    5.31    0.00    0.00    0.00   58.41
12:30:36 PM    5    7.69    0.00   24.04    0.00    0.00    5.77    0.00    0.00    0.00   62.50
12:30:36 PM    6    9.26    0.00   24.07    0.00    0.00    6.48    0.00    0.00    0.00   60.19
12:30:36 PM    7   12.50    0.00   19.23    0.00    0.00    4.81    0.00    0.00    0.00   63.46

12:30:36 PM  CPU    %usr   %nice    %sys %iowait    %irq   %soft  %steal  %guest  %gnice   %idle
12:30:37 PM  all   11.51    0.00   16.18    0.22    0.00    2.50    0.00    0.00    0.00   69.60
12:30:37 PM    0   16.81    0.00   15.97    0.00    0.00    2.52    0.00    0.00    0.00   64.71
12:30:37 PM    1   11.30    0.00   16.52    0.87    0.00    3.48    0.00    0.00    0.00   67.83
12:30:37 PM    2   11.86    0.00   17.80    0.00    0.00    3.39    0.00    0.00    0.00   66.95
12:30:37 PM    3   11.40    0.00   17.54    0.00    0.00    0.88    0.00    0.00    0.00   70.18
12:30:37 PM    4   11.86    0.00   16.95    0.00    0.00    1.69    0.00    0.00    0.00   69.49
12:30:37 PM    5    9.09    0.00   12.73    0.00    0.00    1.82    0.00    0.00    0.00   76.36
12:30:37 PM    6   10.34    0.00   15.52    0.86    0.00    2.59    0.00    0.00    0.00   70.69
12:30:37 PM    7    9.01    0.00   16.22    0.00    0.00    3.60    0.00    0.00    0.00   71.17

12:30:37 PM  CPU    %usr   %nice    %sys %iowait    %irq   %soft  %steal  %guest  %gnice   %idle
12:30:38 PM  all   10.99    0.00   16.70    0.00    0.00    3.08    0.00    0.00    0.00   69.23
12:30:38 PM    0   13.68    0.00   16.24    0.00    0.00    3.42    0.00    0.00    0.00   66.67
12:30:38 PM    1   12.82    0.00   17.95    0.00    0.00    3.42    0.00    0.00    0.00   65.81
12:30:38 PM    2    9.73    0.00   18.58    0.00    0.00    3.54    0.00    0.00    0.00   68.14
12:30:38 PM    3   11.82    0.00   16.36    0.00    0.00    0.91    0.00    0.00    0.00   70.91
12:30:38 PM    4    8.85    0.00   17.70    0.00    0.00    2.65    0.00    0.00    0.00   70.80
12:30:38 PM    5    7.14    0.00   16.96    0.00    0.00    5.36    0.00    0.00    0.00   70.54
12:30:38 PM    6   14.29    0.00   13.39    0.00    0.00    1.79    0.00    0.00    0.00   70.54
12:30:38 PM    7    9.48    0.00   16.38    0.00    0.00    3.45    0.00    0.00    0.00   70.69

12:30:38 PM  CPU    %usr   %nice    %sys %iowait    %irq   %soft  %steal  %guest  %gnice   %idle
12:30:39 PM  all   10.00    0.00   14.78    0.00    0.00    1.78    0.00    0.00    0.00   73.44
12:30:39 PM    0   12.73    0.00   11.82    0.00    0.00    2.73    0.00    0.00    0.00   72.73
12:30:39 PM    1   10.34    0.00   16.38    0.00    0.00    3.45    0.00    0.00    0.00   69.83
12:30:39 PM    2    9.91    0.00   15.32    0.00    0.00    2.70    0.00    0.00    0.00   72.07
12:30:39 PM    3   10.34    0.00   18.97    0.00    0.00    0.86    0.00    0.00    0.00   69.83
12:30:39 PM    4    8.26    0.00   14.68    0.00    0.00    0.00    0.00    0.00    0.00   77.06
12:30:39 PM    5    5.45    0.00   16.36    0.00    0.00    0.91    0.00    0.00    0.00   77.27
12:30:39 PM    6    7.89    0.00   14.91    0.00    0.00    1.75    0.00    0.00    0.00   75.44
12:30:39 PM    7   14.91    0.00    9.65    0.00    0.00    1.75    0.00    0.00    0.00   73.68

12:30:39 PM  CPU    %usr   %nice    %sys %iowait    %irq   %soft  %steal  %guest  %gnice   %idle
12:30:40 PM  all   10.06    0.00   15.25    0.00    0.00    2.26    0.00    0.00    0.00   72.43
12:30:40 PM    0    8.18    0.00   17.27    0.00    0.00    2.73    0.00    0.00    0.00   71.82
12:30:40 PM    1   12.71    0.00   18.64    0.00    0.00    2.54    0.00    0.00    0.00   66.10
12:30:40 PM    2    7.62    0.00   15.24    0.00    0.00    1.90    0.00    0.00    0.00   75.24
12:30:40 PM    3   10.71    0.00   16.07    0.00    0.00    2.68    0.00    0.00    0.00   70.54
12:30:40 PM    4   10.81    0.00   11.71    0.00    0.00    3.60    0.00    0.00    0.00   73.87
12:30:40 PM    5   12.61    0.00   12.61    0.00    0.00    1.80    0.00    0.00    0.00   72.97
12:30:40 PM    6   10.91    0.00   14.55    0.00    0.00    1.82    0.00    0.00    0.00   72.73
12:30:40 PM    7    6.48    0.00   15.74    0.00    0.00    0.93    0.00    0.00    0.00   76.85

12:30:40 PM  CPU    %usr   %nice    %sys %iowait    %irq   %soft  %steal  %guest  %gnice   %idle
12:30:41 PM  all    9.55    0.00   11.16    0.00    0.00    1.73    0.00    0.00    0.00   77.56
12:30:41 PM    0    9.65    0.00   13.16    0.00    0.00    3.51    0.00    0.00    0.00   73.68
12:30:41 PM    1   10.81    0.00   11.71    0.00    0.00    2.70    0.00    0.00    0.00   74.77
12:30:41 PM    2    8.77    0.00   14.91    0.00    0.00    3.51    0.00    0.00    0.00   72.81
12:30:41 PM    3    9.52    0.00    8.57    0.00    0.00    2.86    0.00    0.00    0.00   79.05
12:30:41 PM    4    9.52    0.00    9.52    0.00    0.00    0.00    0.00    0.00    0.00   80.95
12:30:41 PM    5    9.43    0.00    9.43    0.00    0.00    0.00    0.00    0.00    0.00   81.13
12:30:41 PM    6    9.35    0.00   10.28    0.00    0.00    0.93    0.00    0.00    0.00   79.44
12:30:41 PM    7    9.35    0.00   11.21    0.00    0.00    0.00    0.00    0.00    0.00   79.44

12:30:41 PM  CPU    %usr   %nice    %sys %iowait    %irq   %soft  %steal  %guest  %gnice   %idle
12:30:42 PM  all   10.35    0.00   18.90    0.22    0.00    2.47    0.00    0.00    0.00   68.05
12:30:42 PM    0   14.41    0.00   16.22    0.90    0.00    2.70    0.00    0.00    0.00   65.77
12:30:42 PM    1    6.09    0.00   26.09    0.00    0.00    3.48    0.00    0.00    0.00   64.35
12:30:42 PM    2   10.09    0.00   20.18    0.00    0.00    1.83    0.00    0.00    0.00   67.89
12:30:42 PM    3   10.81    0.00   18.02    0.00    0.00    3.60    0.00    0.00    0.00   67.57
12:30:42 PM    4    8.26    0.00   15.60    0.00    0.00    3.67    0.00    0.00    0.00   72.48
12:30:42 PM    5   11.30    0.00   20.00    0.00    0.00    1.74    0.00    0.00    0.00   66.96
12:30:42 PM    6   11.50    0.00   18.58    0.88    0.00    1.77    0.00    0.00    0.00   67.26
12:30:42 PM    7   10.38    0.00   16.04    0.00    0.00    0.94    0.00    0.00    0.00   72.64

12:30:42 PM  CPU    %usr   %nice    %sys %iowait    %irq   %soft  %steal  %guest  %gnice   %idle
12:30:43 PM  all   14.30    0.00   21.67    0.00    0.00    3.41    0.00    0.00    0.00   60.62
12:30:43 PM    0   14.16    0.00   23.01    0.00    0.00    4.42    0.00    0.00    0.00   58.41
12:30:43 PM    1   12.26    0.00   20.75    0.00    0.00    4.72    0.00    0.00    0.00   62.26
12:30:43 PM    2   13.91    0.00   22.61    0.00    0.00    4.35    0.00    0.00    0.00   59.13
12:30:43 PM    3   14.04    0.00   21.05    0.00    0.00    6.14    0.00    0.00    0.00   58.77
12:30:43 PM    4   15.52    0.00   21.55    0.00    0.00    0.86    0.00    0.00    0.00   62.07
12:30:43 PM    5   17.95    0.00   20.51    0.00    0.00    2.56    0.00    0.00    0.00   58.97
12:30:43 PM    6   13.39    0.00   21.43    0.00    0.00    1.79    0.00    0.00    0.00   63.39
12:30:43 PM    7   12.93    0.00   22.41    0.00    0.00    2.59    0.00    0.00    0.00   62.07

12:30:43 PM  CPU    %usr   %nice    %sys %iowait    %irq   %soft  %steal  %guest  %gnice   %idle
12:30:44 PM  all    8.00    0.00   11.10    0.00    0.00    2.03    0.00    0.00    0.00   78.88
12:30:44 PM    0    5.66    0.00   13.21    0.00    0.00    3.77    0.00    0.00    0.00   77.36
12:30:44 PM    1   10.19    0.00   12.96    0.00    0.00    2.78    0.00    0.00    0.00   74.07
12:30:44 PM    2   10.28    0.00   11.21    0.00    0.00    2.80    0.00    0.00    0.00   75.70
12:30:44 PM    3    8.26    0.00   15.60    0.00    0.00    2.75    0.00    0.00    0.00   73.39
12:30:44 PM    4    5.94    0.00    8.91    0.00    0.00    0.99    0.00    0.00    0.00   84.16
12:30:44 PM    5    3.09    0.00    8.25    0.00    0.00    1.03    0.00    0.00    0.00   87.63
12:30:44 PM    6   12.38    0.00    7.62    0.00    0.00    0.95    0.00    0.00    0.00   79.05
12:30:44 PM    7    7.62    0.00   10.48    0.00    0.00    0.95    0.00    0.00    0.00   80.95

12:30:44 PM  CPU    %usr   %nice    %sys %iowait    %irq   %soft  %steal  %guest  %gnice   %idle
12:30:45 PM  all    6.54    0.00    8.89    1.60    0.00    1.48    0.00    0.00    0.00   81.48
12:30:45 PM    0    6.00    0.00    8.00    0.00    0.00    3.00    0.00    0.00    0.00   83.00
12:30:45 PM    1    6.80    0.00   10.68    0.97    0.00    3.88    0.00    0.00    0.00   77.67
12:30:45 PM    2    6.54    0.00   13.08   11.21    0.00    1.87    0.00    0.00    0.00   67.29
12:30:45 PM    3   11.21    0.00    9.35    0.00    0.00    1.87    0.00    0.00    0.00   77.57
12:30:45 PM    4    8.74    0.00    7.77    0.00    0.00    0.00    0.00    0.00    0.00   83.50
12:30:45 PM    5    4.30    0.00    5.38    0.00    0.00    0.00    0.00    0.00    0.00   90.32
12:30:45 PM    6    6.06    0.00    8.08    0.00    0.00    0.00    0.00    0.00    0.00   85.86
12:30:45 PM    7    2.04    0.00    8.16    0.00    0.00    1.02    0.00    0.00    0.00   88.78

12:30:45 PM  CPU    %usr   %nice    %sys %iowait    %irq   %soft  %steal  %guest  %gnice   %idle
12:30:46 PM  all   11.16    0.00   20.58    0.00    0.00    2.33    0.00    0.00    0.00   65.93
12:30:46 PM    0   16.98    0.00   16.04    0.00    0.00    2.83    0.00    0.00    0.00   64.15
12:30:46 PM    1   15.60    0.00   19.27    0.00    0.00    2.75    0.00    0.00    0.00   62.39
12:30:46 PM    2   11.50    0.00   24.78    0.00    0.00    3.54    0.00    0.00    0.00   60.18
12:30:46 PM    3   17.14    0.00   17.14    0.00    0.00    0.95    0.00    0.00    0.00   64.76
12:30:46 PM    4    5.71    0.00   21.90    0.00    0.00    1.90    0.00    0.00    0.00   70.48
12:30:46 PM    5    9.17    0.00   23.85    0.00    0.00    1.83    0.00    0.00    0.00   65.14
12:30:46 PM    6    7.48    0.00   22.43    0.00    0.00    1.87    0.00    0.00    0.00   68.22
12:30:46 PM    7    5.66    0.00   18.87    0.00    0.00    2.83    0.00    0.00    0.00   72.64

12:30:46 PM  CPU    %usr   %nice    %sys %iowait    %irq   %soft  %steal  %guest  %gnice   %idle
12:30:47 PM  all   14.53    0.00   22.31    0.23    0.00    3.55    0.00    0.00    0.00   59.38
12:30:47 PM    0   19.81    0.00   16.98    0.00    0.00    4.72    0.00    0.00    0.00   58.49
12:30:47 PM    1   19.09    0.00   19.09    0.00    0.00    4.55    0.00    0.00    0.00   57.27
12:30:47 PM    2   17.24    0.00   24.14    0.00    0.00    5.17    0.00    0.00    0.00   53.45
12:30:47 PM    3   17.12    0.00   21.62    0.00    0.00    4.50    0.00    0.00    0.00   56.76
12:30:47 PM    4    8.41    0.00   25.23    0.00    0.00    1.87    0.00    0.00    0.00   64.49
12:30:47 PM    5   12.96    0.00   23.15    0.00    0.00    1.85    0.00    0.00    0.00   62.04
12:30:47 PM    6    9.26    0.00   24.07    1.85    0.00    1.85    0.00    0.00    0.00   62.96
12:30:47 PM    7   12.04    0.00   24.07    0.00    0.00    3.70    0.00    0.00    0.00   60.19

12:30:47 PM  CPU    %usr   %nice    %sys %iowait    %irq   %soft  %steal  %guest  %gnice   %idle
12:30:48 PM  all   15.37    0.00   21.84    0.00    0.00    4.61    0.00    0.00    0.00   58.18
12:30:48 PM    0   19.33    0.00   21.85    0.00    0.00    5.04    0.00    0.00    0.00   53.78
12:30:48 PM    1   19.01    0.00   19.83    0.00    0.00    6.61    0.00    0.00    0.00   54.55
12:30:48 PM    2   13.45    0.00   26.05    0.00    0.00    6.72    0.00    0.00    0.00   53.78
12:30:48 PM    3   18.26    0.00   20.87    0.00    0.00    5.22    0.00    0.00    0.00   55.65
12:30:48 PM    4   12.73    0.00   20.00    0.00    0.00    3.64    0.00    0.00    0.00   63.64
12:30:48 PM    5   10.48    0.00   23.81    0.00    0.00    1.90    0.00    0.00    0.00   63.81
12:30:48 PM    6   11.61    0.00   23.21    0.00    0.00    5.36    0.00    0.00    0.00   59.82
12:30:48 PM    7   17.27    0.00   19.09    0.00    0.00    1.82    0.00    0.00    0.00   61.82

12:30:48 PM  CPU    %usr   %nice    %sys %iowait    %irq   %soft  %steal  %guest  %gnice   %idle
12:30:49 PM  all   12.41    0.00   14.08    0.00    0.00    3.34    0.00    0.00    0.00   70.17
12:30:49 PM    0   12.96    0.00   13.89    0.00    0.00    4.63    0.00    0.00    0.00   68.52
12:30:49 PM    1   16.81    0.00   13.27    0.00    0.00    6.19    0.00    0.00    0.00   63.72
12:30:49 PM    2   14.68    0.00   14.68    0.00    0.00    3.67    0.00    0.00    0.00   66.97
12:30:49 PM    3   13.89    0.00   15.74    0.00    0.00    3.70    0.00    0.00    0.00   66.67
12:30:49 PM    4    9.80    0.00   13.73    0.00    0.00    2.94    0.00    0.00    0.00   73.53
12:30:49 PM    5    7.92    0.00   14.85    0.00    0.00    1.98    0.00    0.00    0.00   75.25
12:30:49 PM    6    8.16    0.00   16.33    0.00    0.00    2.04    0.00    0.00    0.00   73.47
12:30:49 PM    7   14.14    0.00   10.10    0.00    0.00    1.01    0.00    0.00    0.00   74.75

12:30:49 PM  CPU    %usr   %nice    %sys %iowait    %irq   %soft  %steal  %guest  %gnice   %idle
12:30:50 PM  all    5.74    0.00    6.14    0.00    0.00    1.07    0.00    0.00    0.00   87.05
12:30:50 PM    0    3.19    0.00    7.45    0.00    0.00    2.13    0.00    0.00    0.00   87.23
12:30:50 PM    1    3.30    0.00    5.49    0.00    0.00    1.10    0.00    0.00    0.00   90.11
12:30:50 PM    2    4.35    0.00    5.43    0.00    0.00    1.09    0.00    0.00    0.00   89.13
12:30:50 PM    3    7.78    0.00    4.44    0.00    0.00    0.00    0.00    0.00    0.00   87.78
12:30:50 PM    4    6.19    0.00    6.19    0.00    0.00    1.03    0.00    0.00    0.00   86.60
12:30:50 PM    5    7.53    0.00    6.45    0.00    0.00    1.08    0.00    0.00    0.00   84.95
12:30:50 PM    6    8.51    0.00    5.32    0.00    0.00    0.00    0.00    0.00    0.00   86.17
12:30:50 PM    7    5.10    0.00    8.16    0.00    0.00    2.04    0.00    0.00    0.00   84.69

12:30:50 PM  CPU    %usr   %nice    %sys %iowait    %irq   %soft  %steal  %guest  %gnice   %idle
12:30:51 PM  all    4.07    0.00    5.42    0.00    0.00    0.27    0.00    0.00    0.00   90.24
12:30:51 PM    0    3.33    0.00    3.33    0.00    0.00    0.00    0.00    0.00    0.00   93.33
12:30:51 PM    1    7.53    0.00    2.15    0.00    0.00    0.00    0.00    0.00    0.00   90.32
12:30:51 PM    2    2.20    0.00    4.40    0.00    0.00    0.00    0.00    0.00    0.00   93.41
12:30:51 PM    3    3.37    0.00    1.12    0.00    0.00    1.12    0.00    0.00    0.00   94.38
12:30:51 PM    4    5.26    0.00    8.42    0.00    0.00    0.00    0.00    0.00    0.00   86.32
12:30:51 PM    5    4.26    0.00    6.38    0.00    0.00    1.06    0.00    0.00    0.00   88.30
12:30:51 PM    6    2.15    0.00    8.60    0.00    0.00    0.00    0.00    0.00    0.00   89.25
12:30:51 PM    7    4.30    0.00    8.60    0.00    0.00    0.00    0.00    0.00    0.00   87.10

12:30:51 PM  CPU    %usr   %nice    %sys %iowait    %irq   %soft  %steal  %guest  %gnice   %idle
12:30:52 PM  all    1.74    0.00    1.89    0.29    0.00    0.29    0.00    0.00    0.00   95.78
12:30:52 PM    0    2.30    0.00    2.30    0.00    0.00    1.15    0.00    0.00    0.00   94.25
12:30:52 PM    1    1.18    0.00    1.18    1.18    0.00    0.00    0.00    0.00    0.00   96.47
12:30:52 PM    2    2.38    0.00    1.19    0.00    0.00    0.00    0.00    0.00    0.00   96.43
12:30:52 PM    3    2.25    0.00    3.37    0.00    0.00    0.00    0.00    0.00    0.00   94.38
12:30:52 PM    4    1.14    0.00    1.14    1.14    0.00    1.14    0.00    0.00    0.00   95.45
12:30:52 PM    5    1.18    0.00    1.18    0.00    0.00    0.00    0.00    0.00    0.00   97.65
12:30:52 PM    6    2.35    0.00    3.53    0.00    0.00    0.00    0.00    0.00    0.00   94.12
12:30:52 PM    7    1.18    0.00    1.18    0.00    0.00    0.00    0.00    0.00    0.00   97.65

12:30:52 PM  CPU    %usr   %nice    %sys %iowait    %irq   %soft  %steal  %guest  %gnice   %idle
12:30:53 PM  all    4.50    0.00    5.63    0.00    0.00    1.69    0.00    0.00    0.00   88.19
12:30:53 PM    0    5.62    0.00    3.37    0.00    0.00    1.12    0.00    0.00    0.00   89.89
12:30:53 PM    1    4.40    0.00    4.40    0.00    0.00    1.10    0.00    0.00    0.00   90.11
12:30:53 PM    2    4.26    0.00    6.38    0.00    0.00    4.26    0.00    0.00    0.00   85.11
12:30:53 PM    3    4.40    0.00    4.40    0.00    0.00    1.10    0.00    0.00    0.00   90.11
12:30:53 PM    4    5.62    0.00    7.87    0.00    0.00    1.12    0.00    0.00    0.00   85.39
12:30:53 PM    5    2.35    0.00    7.06    0.00    0.00    1.18    0.00    0.00    0.00   89.41
12:30:53 PM    6    5.81    0.00    4.65    0.00    0.00    2.33    0.00    0.00    0.00   87.21
12:30:53 PM    7    3.49    0.00    6.98    0.00    0.00    1.16    0.00    0.00    0.00   88.37

12:30:53 PM  CPU    %usr   %nice    %sys %iowait    %irq   %soft  %steal  %guest  %gnice   %idle
12:30:54 PM  all   10.36    0.00   13.86    0.00    0.00    3.36    0.00    0.00    0.00   72.41
12:30:54 PM    0   14.89    0.00   12.77    0.00    0.00    3.19    0.00    0.00    0.00   69.15
12:30:54 PM    1   14.58    0.00   17.71    0.00    0.00    2.08    0.00    0.00    0.00   65.62
12:30:54 PM    2   10.75    0.00   15.05    0.00    0.00    5.38    0.00    0.00    0.00   68.82
12:30:54 PM    3   11.76    0.00    8.24    0.00    0.00    3.53    0.00    0.00    0.00   76.47
12:30:54 PM    4    5.43    0.00   16.30    0.00    0.00    4.35    0.00    0.00    0.00   73.91
12:30:54 PM    5    8.33    0.00   12.50    0.00    0.00    2.08    0.00    0.00    0.00   77.08
12:30:54 PM    6    9.28    0.00   15.46    0.00    0.00    4.12    0.00    0.00    0.00   71.13
12:30:54 PM    7    7.78    0.00   12.22    0.00    0.00    2.22    0.00    0.00    0.00   77.78

12:30:54 PM  CPU    %usr   %nice    %sys %iowait    %irq   %soft  %steal  %guest  %gnice   %idle
12:30:55 PM  all    5.15    0.00    9.16    0.00    0.00    1.43    0.00    0.00    0.00   84.26
12:30:55 PM    0    5.75    0.00    9.20    0.00    0.00    1.15    0.00    0.00    0.00   83.91
12:30:55 PM    1    5.75    0.00    5.75    0.00    0.00    2.30    0.00    0.00    0.00   86.21
12:30:55 PM    2    7.06    0.00    7.06    0.00    0.00    0.00    0.00    0.00    0.00   85.88
12:30:55 PM    3    7.06    0.00    7.06    0.00    0.00    0.00    0.00    0.00    0.00   85.88
12:30:55 PM    4    5.75    0.00    5.75    0.00    0.00    5.75    0.00    0.00    0.00   82.76
12:30:55 PM    5    3.37    0.00   13.48    0.00    0.00    1.12    0.00    0.00    0.00   82.02
12:30:55 PM    6    5.43    0.00   14.13    0.00    0.00    0.00    0.00    0.00    0.00   80.43
12:30:55 PM    7    1.15    0.00   10.34    0.00    0.00    1.15    0.00    0.00    0.00   87.36

12:30:55 PM  CPU    %usr   %nice    %sys %iowait    %irq   %soft  %steal  %guest  %gnice   %idle
12:30:56 PM  all    2.88    0.00    3.89    0.00    0.00    1.01    0.00    0.00    0.00   92.22
12:30:56 PM    0    2.30    0.00    4.60    0.00    0.00    1.15    0.00    0.00    0.00   91.95
12:30:56 PM    1    2.41    0.00    2.41    0.00    0.00    0.00    0.00    0.00    0.00   95.18
12:30:56 PM    2    2.33    0.00    3.49    0.00    0.00    1.16    0.00    0.00    0.00   93.02
12:30:56 PM    3    2.33    0.00    2.33    0.00    0.00    1.16    0.00    0.00    0.00   94.19
12:30:56 PM    4    5.38    0.00    5.38    0.00    0.00    2.15    0.00    0.00    0.00   87.10
12:30:56 PM    5    2.41    0.00    2.41    0.00    0.00    0.00    0.00    0.00    0.00   95.18
12:30:56 PM    6    3.45    0.00    3.45    0.00    0.00    1.15    0.00    0.00    0.00   91.95
12:30:56 PM    7    2.25    0.00    6.74    0.00    0.00    1.12    0.00    0.00    0.00   89.89

12:30:56 PM  CPU    %usr   %nice    %sys %iowait    %irq   %soft  %steal  %guest  %gnice   %idle
12:30:57 PM  all    1.60    0.00    2.91    0.15    0.00    0.58    0.00    0.00    0.00   94.77
12:30:57 PM    0    2.27    0.00    2.27    0.00    0.00    0.00    0.00    0.00    0.00   95.45
12:30:57 PM    1    1.14    0.00    3.41    0.00    0.00    1.14    0.00    0.00    0.00   94.32
12:30:57 PM    2    1.19    0.00    0.00    0.00    0.00    0.00    0.00    0.00    0.00   98.81
12:30:57 PM    3    2.22    0.00    2.22    0.00    0.00    1.11    0.00    0.00    0.00   94.44
12:30:57 PM    4    0.00    0.00    2.44    1.22    0.00    1.22    0.00    0.00    0.00   95.12
12:30:57 PM    5    2.30    0.00    5.75    0.00    0.00    0.00    0.00    0.00    0.00   91.95
12:30:57 PM    6    2.35    0.00    2.35    0.00    0.00    1.18    0.00    0.00    0.00   94.12
12:30:57 PM    7    1.19    0.00    4.76    0.00    0.00    0.00    0.00    0.00    0.00   94.05

12:30:57 PM  CPU    %usr   %nice    %sys %iowait    %irq   %soft  %steal  %guest  %gnice   %idle
12:30:58 PM  all    4.56    0.00    6.56    0.00    0.00    0.86    0.00    0.00    0.00   88.02
12:30:58 PM    0    6.98    0.00    2.33    0.00    0.00    1.16    0.00    0.00    0.00   89.53
12:30:58 PM    1    3.41    0.00    7.95    0.00    0.00    0.00    0.00    0.00    0.00   88.64
12:30:58 PM    2    3.61    0.00    4.82    0.00    0.00    1.20    0.00    0.00    0.00   90.36
12:30:58 PM    3    6.98    0.00    3.49    0.00    0.00    1.16    0.00    0.00    0.00   88.37
12:30:58 PM    4    4.49    0.00    8.99    0.00    0.00    0.00    0.00    0.00    0.00   86.52
12:30:58 PM    5    2.30    0.00    8.05    0.00    0.00    1.15    0.00    0.00    0.00   88.51
12:30:58 PM    6    5.49    0.00    8.79    0.00    0.00    1.10    0.00    0.00    0.00   84.62
12:30:58 PM    7    3.30    0.00    7.69    0.00    0.00    1.10    0.00    0.00    0.00   87.91

12:30:58 PM  CPU    %usr   %nice    %sys %iowait    %irq   %soft  %steal  %guest  %gnice   %idle
12:30:59 PM  all    0.44    0.00    0.73    0.00    0.00    0.00    0.00    0.00    0.00   98.83
12:30:59 PM    0    0.00    0.00    1.14    0.00    0.00    0.00    0.00    0.00    0.00   98.86
12:30:59 PM    1    0.00    0.00    0.00    0.00    0.00    0.00    0.00    0.00    0.00  100.00
12:30:59 PM    2    0.00    0.00    0.00    0.00    0.00    0.00    0.00    0.00    0.00  100.00
12:30:59 PM    3    0.00    0.00    0.00    0.00    0.00    0.00    0.00    0.00    0.00  100.00
12:30:59 PM    4    1.18    0.00    1.18    0.00    0.00    0.00    0.00    0.00    0.00   97.65
12:30:59 PM    5    1.19    0.00    2.38    0.00    0.00    0.00    0.00    0.00    0.00   96.43
12:30:59 PM    6    0.00    0.00    0.00    0.00    0.00    0.00    0.00    0.00    0.00  100.00
12:30:59 PM    7    1.18    0.00    1.18    0.00    0.00    0.00    0.00    0.00    0.00   97.65

12:30:59 PM  CPU    %usr   %nice    %sys %iowait    %irq   %soft  %steal  %guest  %gnice   %idle
12:31:00 PM  all    4.14    0.00    5.71    0.00    0.00    1.43    0.00    0.00    0.00   88.71
12:31:00 PM    0    6.98    0.00    3.49    0.00    0.00    2.33    0.00    0.00    0.00   87.21
12:31:00 PM    1    6.59    0.00    6.59    0.00    0.00    1.10    0.00    0.00    0.00   85.71
12:31:00 PM    2    4.71    0.00    4.71    0.00    0.00    0.00    0.00    0.00    0.00   90.59
12:31:00 PM    3    5.43    0.00    7.61    0.00    0.00    2.17    0.00    0.00    0.00   84.78
12:31:00 PM    4    2.33    0.00    4.65    0.00    0.00    3.49    0.00    0.00    0.00   89.53
12:31:00 PM    5    1.18    0.00    5.88    0.00    0.00    0.00    0.00    0.00    0.00   92.94
12:31:00 PM    6    3.53    0.00    3.53    0.00    0.00    1.18    0.00    0.00    0.00   91.76
12:31:00 PM    7    2.22    0.00    8.89    0.00    0.00    1.11    0.00    0.00    0.00   87.78

12:31:00 PM  CPU    %usr   %nice    %sys %iowait    %irq   %soft  %steal  %guest  %gnice   %idle
12:31:01 PM  all    9.55    0.00   15.78    1.19    0.00    2.39    0.00    0.00    0.00   71.09
12:31:01 PM    0   12.90    0.00   13.98    2.15    0.00    1.08    0.00    0.00    0.00   69.89
12:31:01 PM    1   12.24    0.00   14.29    0.00    0.00    5.10    0.00    0.00    0.00   68.37
12:31:01 PM    2   13.98    0.00   11.83    5.38    0.00    3.23    0.00    0.00    0.00   65.59
12:31:01 PM    3    9.78    0.00   17.39    1.09    0.00    2.17    0.00    0.00    0.00   69.57
12:31:01 PM    4    5.21    0.00   18.75    0.00    0.00    2.08    0.00    0.00    0.00   73.96
12:31:01 PM    5    8.60    0.00   12.90    1.08    0.00    3.23    0.00    0.00    0.00   74.19
12:31:01 PM    6    7.45    0.00   18.09    0.00    0.00    0.00    0.00    0.00    0.00   74.47
12:31:01 PM    7    6.32    0.00   18.95    0.00    0.00    2.11    0.00    0.00    0.00   72.63

12:31:01 PM  CPU    %usr   %nice    %sys %iowait    %irq   %soft  %steal  %guest  %gnice   %idle
12:31:02 PM  all   13.19    0.00   20.71    0.26    0.00    3.96    0.00    0.00    0.00   61.87
12:31:02 PM    0   15.62    0.00   19.79    0.00    0.00    3.12    0.00    0.00    0.00   61.46
12:31:02 PM    1   14.13    0.00   19.57    1.09    0.00    4.35    0.00    0.00    0.00   60.87
12:31:02 PM    2   17.35    0.00   22.45    0.00    0.00    3.06    0.00    0.00    0.00   57.14
12:31:02 PM    3   16.30    0.00   15.22    0.00    0.00    6.52    0.00    0.00    0.00   61.96
12:31:02 PM    4   10.53    0.00   23.16    0.00    0.00    3.16    0.00    0.00    0.00   63.16
12:31:02 PM    5    9.28    0.00   21.65    0.00    0.00    4.12    0.00    0.00    0.00   64.95
12:31:02 PM    6   12.50    0.00   21.88    1.04    0.00    4.17    0.00    0.00    0.00   60.42
12:31:02 PM    7    9.78    0.00   21.74    0.00    0.00    3.26    0.00    0.00    0.00   65.22

12:31:02 PM  CPU    %usr   %nice    %sys %iowait    %irq   %soft  %steal  %guest  %gnice   %idle
12:31:03 PM  all    7.11    0.00   10.94    0.00    0.00    2.87    0.00    0.00    0.00   79.07
12:31:03 PM    0    4.55    0.00   10.23    0.00    0.00    2.27    0.00    0.00    0.00   82.95
12:31:03 PM    1    9.57    0.00   10.64    0.00    0.00    2.13    0.00    0.00    0.00   77.66
12:31:03 PM    2    4.44    0.00   11.11    0.00    0.00    3.33    0.00    0.00    0.00   81.11
12:31:03 PM    3    8.99    0.00    8.99    0.00    0.00    2.25    0.00    0.00    0.00   79.78
12:31:03 PM    4    7.53    0.00   11.83    0.00    0.00    4.30    0.00    0.00    0.00   76.34
12:31:03 PM    5    7.45    0.00   12.77    0.00    0.00    3.19    0.00    0.00    0.00   76.60
12:31:03 PM    6    7.87    0.00    6.74    0.00    0.00    3.37    0.00    0.00    0.00   82.02
12:31:03 PM    7    6.38    0.00   14.89    0.00    0.00    2.13    0.00    0.00    0.00   76.60

12:31:03 PM  CPU    %usr   %nice    %sys %iowait    %irq   %soft  %steal  %guest  %gnice   %idle
12:31:04 PM  all    4.38    0.00    8.47    0.00    0.00    1.55    0.00    0.00    0.00   85.59
12:31:04 PM    0    3.45    0.00    5.75    0.00    0.00    3.45    0.00    0.00    0.00   87.36
12:31:04 PM    1    9.30    0.00    5.81    0.00    0.00    1.16    0.00    0.00    0.00   83.72
12:31:04 PM    2    5.75    0.00    9.20    0.00    0.00    0.00    0.00    0.00    0.00   85.06
12:31:04 PM    3    3.61    0.00    6.02    0.00    0.00    1.20    0.00    0.00    0.00   89.16
12:31:04 PM    4    2.25    0.00    7.87    0.00    0.00    0.00    0.00    0.00    0.00   89.89
12:31:04 PM    5    3.30    0.00   10.99    0.00    0.00    2.20    0.00    0.00    0.00   83.52
12:31:04 PM    6    5.32    0.00   10.64    0.00    0.00    2.13    0.00    0.00    0.00   81.91
12:31:04 PM    7    2.20    0.00   10.99    0.00    0.00    2.20    0.00    0.00    0.00   84.62

12:31:04 PM  CPU    %usr   %nice    %sys %iowait    %irq   %soft  %steal  %guest  %gnice   %idle
12:31:05 PM  all    4.22    0.00    4.64    0.00    0.00    0.98    0.00    0.00    0.00   90.15
12:31:05 PM    0    2.22    0.00    5.56    0.00    0.00    1.11    0.00    0.00    0.00   91.11
12:31:05 PM    1    3.45    0.00    3.45    0.00    0.00    1.15    0.00    0.00    0.00   91.95
12:31:05 PM    2    4.49    0.00    3.37    0.00    0.00    1.12    0.00    0.00    0.00   91.01
12:31:05 PM    3    6.74    0.00    5.62    0.00    0.00    1.12    0.00    0.00    0.00   86.52
12:31:05 PM    4    3.37    0.00    4.49    0.00    0.00    1.12    0.00    0.00    0.00   91.01
12:31:05 PM    5    3.37    0.00    5.62    0.00    0.00    2.25    0.00    0.00    0.00   88.76
12:31:05 PM    6    4.49    0.00    4.49    0.00    0.00    0.00    0.00    0.00    0.00   91.01
12:31:05 PM    7    5.62    0.00    4.49    0.00    0.00    0.00    0.00    0.00    0.00   89.89

12:31:05 PM  CPU    %usr   %nice    %sys %iowait    %irq   %soft  %steal  %guest  %gnice   %idle
12:31:06 PM  all    7.73    0.00   10.72    0.00    0.00    2.31    0.00    0.00    0.00   79.24
12:31:06 PM    0    8.79    0.00    9.89    0.00    0.00    3.30    0.00    0.00    0.00   78.02
12:31:06 PM    1    9.30    0.00    6.98    0.00    0.00    1.16    0.00    0.00    0.00   82.56
12:31:06 PM    2   11.24    0.00    8.99    0.00    0.00    2.25    0.00    0.00    0.00   77.53
12:31:06 PM    3    7.87    0.00   11.24    0.00    0.00    2.25    0.00    0.00    0.00   78.65
12:31:06 PM    4    7.53    0.00   13.98    0.00    0.00    1.08    0.00    0.00    0.00   77.42
12:31:06 PM    5    4.21    0.00   11.58    0.00    0.00    2.11    0.00    0.00    0.00   82.11
12:31:06 PM    6    6.32    0.00   10.53    0.00    0.00    2.11    0.00    0.00    0.00   81.05
12:31:06 PM    7    7.07    0.00   12.12    0.00    0.00    4.04    0.00    0.00    0.00   76.77

12:31:06 PM  CPU    %usr   %nice    %sys %iowait    %irq   %soft  %steal  %guest  %gnice   %idle
12:31:07 PM  all    6.58    0.00    9.60    0.27    0.00    0.96    0.00    0.00    0.00   82.58
12:31:07 PM    0    6.74    0.00   11.24    0.00    0.00    1.12    0.00    0.00    0.00   80.90
12:31:07 PM    1    6.74    0.00    7.87    0.00    0.00    0.00    0.00    0.00    0.00   85.39
12:31:07 PM    2    6.67    0.00   10.00    0.00    0.00    1.11    0.00    0.00    0.00   82.22
12:31:07 PM    3    9.89    0.00    8.79    0.00    0.00    1.10    0.00    0.00    0.00   80.22
12:31:07 PM    4    5.26    0.00   11.58    0.00    0.00    2.11    0.00    0.00    0.00   81.05
12:31:07 PM    5    4.35    0.00    9.78    1.09    0.00    0.00    0.00    0.00    0.00   84.78
12:31:07 PM    6    5.62    0.00    7.87    1.12    0.00    2.25    0.00    0.00    0.00   83.15
12:31:07 PM    7    7.45    0.00    9.57    0.00    0.00    0.00    0.00    0.00    0.00   82.98

12:31:07 PM  CPU    %usr   %nice    %sys %iowait    %irq   %soft  %steal  %guest  %gnice   %idle
12:31:08 PM  all    3.59    0.00    4.31    0.00    0.00    0.72    0.00    0.00    0.00   91.38
12:31:08 PM    0    2.22    0.00    6.67    0.00    0.00    1.11    0.00    0.00    0.00   90.00
12:31:08 PM    1    4.44    0.00    3.33    0.00    0.00    0.00    0.00    0.00    0.00   92.22
12:31:08 PM    2    3.37    0.00    4.49    0.00    0.00    1.12    0.00    0.00    0.00   91.01
12:31:08 PM    3    2.30    0.00    4.60    0.00    0.00    1.15    0.00    0.00    0.00   91.95
12:31:08 PM    4    4.76    0.00    2.38    0.00    0.00    0.00    0.00    0.00    0.00   92.86
12:31:08 PM    5    4.65    0.00    4.65    0.00    0.00    1.16    0.00    0.00    0.00   89.53
12:31:08 PM    6    3.57    0.00    3.57    0.00    0.00    0.00    0.00    0.00    0.00   92.86
12:31:08 PM    7    3.49    0.00    4.65    0.00    0.00    1.16    0.00    0.00    0.00   90.70

12:31:08 PM  CPU    %usr   %nice    %sys %iowait    %irq   %soft  %steal  %guest  %gnice   %idle
12:31:09 PM  all    2.75    0.00    5.06    0.00    0.00    1.30    0.00    0.00    0.00   90.90
12:31:09 PM    0    3.49    0.00    2.33    0.00    0.00    1.16    0.00    0.00    0.00   93.02
12:31:09 PM    1    4.30    0.00    5.38    0.00    0.00    1.08    0.00    0.00    0.00   89.25
12:31:09 PM    2    2.30    0.00    5.75    0.00    0.00    0.00    0.00    0.00    0.00   91.95
12:31:09 PM    3    2.22    0.00    6.67    0.00    0.00    1.11    0.00    0.00    0.00   90.00
12:31:09 PM    4    2.38    0.00    4.76    0.00    0.00    2.38    0.00    0.00    0.00   90.48
12:31:09 PM    5    3.61    0.00    2.41    0.00    0.00    1.20    0.00    0.00    0.00   92.77
12:31:09 PM    6    1.19    0.00    7.14    0.00    0.00    1.19    0.00    0.00    0.00   90.48
12:31:09 PM    7    2.35    0.00    5.88    0.00    0.00    2.35    0.00    0.00    0.00   89.41

12:31:09 PM  CPU    %usr   %nice    %sys %iowait    %irq   %soft  %steal  %guest  %gnice   %idle
12:31:10 PM  all    0.44    0.00    0.73    0.00    0.00    0.29    0.00    0.00    0.00   98.54
12:31:10 PM    0    0.00    0.00    2.20    0.00    0.00    2.20    0.00    0.00    0.00   95.60
12:31:10 PM    1    1.14    0.00    1.14    0.00    0.00    0.00    0.00    0.00    0.00   97.73
12:31:10 PM    2    0.00    0.00    0.00    0.00    0.00    0.00    0.00    0.00    0.00  100.00
12:31:10 PM    3    0.00    0.00    0.00    0.00    0.00    0.00    0.00    0.00    0.00  100.00
12:31:10 PM    4    0.00    0.00    1.20    0.00    0.00    0.00    0.00    0.00    0.00   98.80
12:31:10 PM    5    0.00    0.00    0.00    0.00    0.00    0.00    0.00    0.00    0.00  100.00
12:31:10 PM    6    1.22    0.00    0.00    0.00    0.00    0.00    0.00    0.00    0.00   98.78
12:31:10 PM    7    1.22    0.00    1.22    0.00    0.00    0.00    0.00    0.00    0.00   97.56

12:31:10 PM  CPU    %usr   %nice    %sys %iowait    %irq   %soft  %steal  %guest  %gnice   %idle
12:31:11 PM  all    4.81    0.00    7.21    0.00    0.00    1.41    0.00    0.00    0.00   86.56
12:31:11 PM    0    5.56    0.00    8.89    0.00    0.00    1.11    0.00    0.00    0.00   84.44
12:31:11 PM    1    5.62    0.00    5.62    0.00    0.00    2.25    0.00    0.00    0.00   86.52
12:31:11 PM    2    6.74    0.00    5.62    0.00    0.00    1.12    0.00    0.00    0.00   86.52
12:31:11 PM    3    6.82    0.00    7.95    0.00    0.00    1.14    0.00    0.00    0.00   84.09
12:31:11 PM    4    2.27    0.00   10.23    0.00    0.00    0.00    0.00    0.00    0.00   87.50
12:31:11 PM    5    5.75    0.00    5.75    0.00    0.00    1.15    0.00    0.00    0.00   87.36
12:31:11 PM    6    2.27    0.00    6.82    0.00    0.00    2.27    0.00    0.00    0.00   88.64
12:31:11 PM    7    3.41    0.00    6.82    0.00    0.00    2.27    0.00    0.00    0.00   87.50

12:31:11 PM  CPU    %usr   %nice    %sys %iowait    %irq   %soft  %steal  %guest  %gnice   %idle
12:31:12 PM  all    7.91    0.00   14.73    0.27    0.00    2.86    0.00    0.00    0.00   74.22
12:31:12 PM    0   11.83    0.00   15.05    0.00    0.00    2.15    0.00    0.00    0.00   70.97
12:31:12 PM    1    8.70    0.00   16.30    1.09    0.00    2.17    0.00    0.00    0.00   71.74
12:31:12 PM    2   11.36    0.00   11.36    1.14    0.00    2.27    0.00    0.00    0.00   73.86
12:31:12 PM    3    9.78    0.00   15.22    0.00    0.00    2.17    0.00    0.00    0.00   72.83
12:31:12 PM    4    4.44    0.00   13.33    0.00    0.00    4.44    0.00    0.00    0.00   77.78
12:31:12 PM    5    5.26    0.00   15.79    0.00    0.00    4.21    0.00    0.00    0.00   74.74
12:31:12 PM    6    6.74    0.00   12.36    0.00    0.00    3.37    0.00    0.00    0.00   77.53
12:31:12 PM    7    5.32    0.00   18.09    0.00    0.00    2.13    0.00    0.00    0.00   74.47

12:31:12 PM  CPU    %usr   %nice    %sys %iowait    %irq   %soft  %steal  %guest  %gnice   %idle
12:31:13 PM  all    1.87    0.00    3.88    0.00    0.00    0.86    0.00    0.00    0.00   93.38
12:31:13 PM    0    3.53    0.00    2.35    0.00    0.00    0.00    0.00    0.00    0.00   94.12
12:31:13 PM    1    0.00    0.00    3.61    0.00    0.00    0.00    0.00    0.00    0.00   96.39
12:31:13 PM    2    0.00    0.00    3.53    0.00    0.00    2.35    0.00    0.00    0.00   94.12
12:31:13 PM    3    0.00    0.00    3.57    0.00    0.00    1.19    0.00    0.00    0.00   95.24
12:31:13 PM    4    4.55    0.00    3.41    0.00    0.00    0.00    0.00    0.00    0.00   92.05
12:31:13 PM    5    0.00    0.00    5.62    0.00    0.00    1.12    0.00    0.00    0.00   93.26
12:31:13 PM    6    2.30    0.00    3.45    0.00    0.00    1.15    0.00    0.00    0.00   93.10
12:31:13 PM    7    4.26    0.00    5.32    0.00    0.00    1.06    0.00    0.00    0.00   89.36

12:31:13 PM  CPU    %usr   %nice    %sys %iowait    %irq   %soft  %steal  %guest  %gnice   %idle
12:31:14 PM  all    4.14    0.00    5.85    0.00    0.00    1.43    0.00    0.00    0.00   88.59
12:31:14 PM    0    2.47    0.00    2.47    0.00    0.00    0.00    0.00    0.00    0.00   95.06
12:31:14 PM    1    3.61    0.00    2.41    0.00    0.00    1.20    0.00    0.00    0.00   92.77
12:31:14 PM    2    4.60    0.00    6.90    0.00    0.00    0.00    0.00    0.00    0.00   88.51
12:31:14 PM    3    2.33    0.00    6.98    0.00    0.00    1.16    0.00    0.00    0.00   89.53
12:31:14 PM    4    5.49    0.00    6.59    0.00    0.00    2.20    0.00    0.00    0.00   85.71
12:31:14 PM    5    6.52    0.00    6.52    0.00    0.00    3.26    0.00    0.00    0.00   83.70
12:31:14 PM    6    2.20    0.00    8.79    0.00    0.00    2.20    0.00    0.00    0.00   86.81
12:31:14 PM    7    5.56    0.00    5.56    0.00    0.00    1.11    0.00    0.00    0.00   87.78

12:31:14 PM  CPU    %usr   %nice    %sys %iowait    %irq   %soft  %steal  %guest  %gnice   %idle
12:31:15 PM  all    4.27    0.00    7.44    0.00    0.00    1.65    0.00    0.00    0.00   86.64
12:31:15 PM    0    3.37    0.00    5.62    0.00    0.00    3.37    0.00    0.00    0.00   87.64
12:31:15 PM    1    5.43    0.00    7.61    0.00    0.00    3.26    0.00    0.00    0.00   83.70
12:31:15 PM    2    7.69    0.00    6.59    0.00    0.00    2.20    0.00    0.00    0.00   83.52
12:31:15 PM    3    5.75    0.00    5.75    0.00    0.00    0.00    0.00    0.00    0.00   88.51
12:31:15 PM    4    3.26    0.00    9.78    0.00    0.00    2.17    0.00    0.00    0.00   84.78
12:31:15 PM    5    1.08    0.00    6.45    0.00    0.00    1.08    0.00    0.00    0.00   91.40
12:31:15 PM    6    4.30    0.00    7.53    0.00    0.00    0.00    0.00    0.00    0.00   88.17
12:31:15 PM    7    3.37    0.00   10.11    0.00    0.00    1.12    0.00    0.00    0.00   85.39
