Linux 6.6.87.2-microsoft-standard-WSL2 (Udeepa-ASUS) 	04/15/26 	_x86_64_	(4 CPU)

23:18:38     CPU    %usr   %nice    %sys %iowait    %irq   %soft  %steal  %guest  %gnice   %idle
23:18:39     all    0.00    0.00    0.25    0.00    0.00    0.00    0.00    0.00    0.00   99.75
23:18:39       0    0.00    0.00    0.00    0.00    0.00    0.00    0.00    0.00    0.00  100.00
23:18:39       1    0.00    0.00    0.00    0.00    0.00    0.00    0.00    0.00    0.00  100.00
23:18:39       2    0.00    0.00    0.00    0.00    0.00    0.00    0.00    0.00    0.00  100.00
23:18:39       3    0.00    0.00    0.99    0.00    0.00    0.00    0.00    0.00    0.00   99.01

23:18:39     CPU    %usr   %nice    %sys %iowait    %irq   %soft  %steal  %guest  %gnice   %idle
23:18:40     all    0.00    0.00    0.00    0.00    0.00    0.00    0.00    0.00    0.00  100.00
23:18:40       0    0.00    0.00    0.00    0.00    0.00    0.00    0.00    0.00    0.00  100.00
23:18:40       1    0.00    0.00    0.00    0.00    0.00    0.00    0.00    0.00    0.00  100.00
23:18:40       2    0.00    0.00    0.00    0.00    0.00    0.00    0.00    0.00    0.00  100.00
23:18:40       3    0.00    0.00    0.00    0.00    0.00    0.00    0.00    0.00    0.00  100.00

23:18:40     CPU    %usr   %nice    %sys %iowait    %irq   %soft  %steal  %guest  %gnice   %idle
23:18:41     all    0.00    0.00    0.00    0.00    0.00    0.00    0.00    0.00    0.00  100.00
23:18:41       0    0.00    0.00    0.00    0.00    0.00    0.00    0.00    0.00    0.00  100.00
23:18:41       1    0.00    0.00    0.00    0.00    0.00    0.00    0.00    0.00    0.00  100.00
23:18:41       2    0.00    0.00    0.00    0.00    0.00    0.00    0.00    0.00    0.00  100.00
23:18:41       3    0.00    0.00    0.00    0.00    0.00    0.00    0.00    0.00    0.00  100.00

23:18:41     CPU    %usr   %nice    %sys %iowait    %irq   %soft  %steal  %guest  %gnice   %idle
23:18:42     all    0.57    0.00    0.57    0.00    0.00    0.00    0.00    0.00    0.00   98.85
23:18:42       0    0.00    0.00    0.00    0.00    0.00    0.00    0.00    0.00    0.00  100.00
23:18:42       1    1.12    0.00    1.12    0.00    0.00    0.00    0.00    0.00    0.00   97.75
23:18:42       2    1.16    0.00    0.00    0.00    0.00    0.00    0.00    0.00    0.00   98.84
23:18:42       3    0.00    0.00    1.15    0.00    0.00    0.00    0.00    0.00    0.00   98.85

23:18:42     CPU    %usr   %nice    %sys %iowait    %irq   %soft  %steal  %guest  %gnice   %idle
23:18:43     all    5.43    0.00   14.00    0.00    0.00    3.43    0.00    0.00    0.00   77.14
23:18:43       0    4.44    0.00   17.78    0.00    0.00    2.22    0.00    0.00    0.00   75.56
23:18:43       1    6.90    0.00   12.64    0.00    0.00    4.60    0.00    0.00    0.00   75.86
23:18:43       2    5.88    0.00   12.94    0.00    0.00    2.35    0.00    0.00    0.00   78.82
23:18:43       3    4.55    0.00   12.50    0.00    0.00    4.55    0.00    0.00    0.00   78.41

23:18:43     CPU    %usr   %nice    %sys %iowait    %irq   %soft  %steal  %guest  %gnice   %idle
23:18:44     all    7.67    0.00   24.93    0.00    0.00    2.74    0.00    0.00    0.00   64.66
23:18:44       0    4.30    0.00   27.96    0.00    0.00    3.23    0.00    0.00    0.00   64.52
23:18:44       1    7.78    0.00   23.33    0.00    0.00    3.33    0.00    0.00    0.00   65.56
23:18:44       2    8.51    0.00   25.53    0.00    0.00    3.19    0.00    0.00    0.00   62.77
23:18:44       3   10.23    0.00   22.73    0.00    0.00    1.14    0.00    0.00    0.00   65.91

23:18:44     CPU    %usr   %nice    %sys %iowait    %irq   %soft  %steal  %guest  %gnice   %idle
23:18:45     all    3.81    0.00    8.21    0.00    0.00    3.52    0.00    0.00    0.00   84.46
23:18:45       0    1.18    0.00    7.06    0.00    0.00    8.24    0.00    0.00    0.00   83.53
23:18:45       1    5.81    0.00    9.30    0.00    0.00    1.16    0.00    0.00    0.00   83.72
23:18:45       2    4.65    0.00    8.14    0.00    0.00    3.49    0.00    0.00    0.00   83.72
23:18:45       3    3.57    0.00    8.33    0.00    0.00    1.19    0.00    0.00    0.00   86.90

23:18:45     CPU    %usr   %nice    %sys %iowait    %irq   %soft  %steal  %guest  %gnice   %idle
23:18:46     all    4.84    0.00   14.53    0.28    0.00    2.56    0.00    0.00    0.00   77.78
23:18:46       0    4.49    0.00   12.36    1.12    0.00    4.49    0.00    0.00    0.00   77.53
23:18:46       1    5.62    0.00   14.61    0.00    0.00    2.25    0.00    0.00    0.00   77.53
23:18:46       2    5.56    0.00   17.78    0.00    0.00    1.11    0.00    0.00    0.00   75.56
23:18:46       3    3.61    0.00   13.25    0.00    0.00    2.41    0.00    0.00    0.00   80.72

23:18:46     CPU    %usr   %nice    %sys %iowait    %irq   %soft  %steal  %guest  %gnice   %idle
23:18:47     all    2.02    0.00    4.90    0.00    0.00    0.86    0.00    0.00    0.00   92.22
23:18:47       0    0.00    0.00    3.57    0.00    0.00    1.19    0.00    0.00    0.00   95.24
23:18:47       1    3.41    0.00    5.68    0.00    0.00    0.00    0.00    0.00    0.00   90.91
23:18:47       2    3.45    0.00    3.45    0.00    0.00    1.15    0.00    0.00    0.00   91.95
23:18:47       3    1.14    0.00    6.82    0.00    0.00    1.14    0.00    0.00    0.00   90.91

23:18:47     CPU    %usr   %nice    %sys %iowait    %irq   %soft  %steal  %guest  %gnice   %idle
23:18:48     all    0.00    0.00    0.30    0.00    0.00    0.00    0.00    0.00    0.00   99.70
23:18:48       0    0.00    0.00    1.19    0.00    0.00    0.00    0.00    0.00    0.00   98.81
23:18:48       1    0.00    0.00    0.00    0.00    0.00    0.00    0.00    0.00    0.00  100.00
23:18:48       2    0.00    0.00    0.00    0.00    0.00    0.00    0.00    0.00    0.00  100.00
23:18:48       3    0.00    0.00    0.00    0.00    0.00    0.00    0.00    0.00    0.00  100.00

23:18:48     CPU    %usr   %nice    %sys %iowait    %irq   %soft  %steal  %guest  %gnice   %idle
23:18:49     all    3.99    0.00   13.39    0.00    0.00    2.56    0.00    0.00    0.00   80.06
23:18:49       0    2.27    0.00   17.05    0.00    0.00    1.14    0.00    0.00    0.00   79.55
23:18:49       1    4.60    0.00   12.64    0.00    0.00    2.30    0.00    0.00    0.00   80.46
23:18:49       2    3.45    0.00   11.49    0.00    0.00    3.45    0.00    0.00    0.00   81.61
23:18:49       3    5.62    0.00   12.36    0.00    0.00    3.37    0.00    0.00    0.00   78.65

23:18:49     CPU    %usr   %nice    %sys %iowait    %irq   %soft  %steal  %guest  %gnice   %idle
23:18:50     all    2.30    0.00    7.18    0.00    0.00    1.44    0.00    0.00    0.00   89.08
23:18:50       0    1.18    0.00    7.06    0.00    0.00    1.18    0.00    0.00    0.00   90.59
23:18:50       1    2.22    0.00   10.00    0.00    0.00    1.11    0.00    0.00    0.00   86.67
23:18:50       2    2.33    0.00    6.98    0.00    0.00    1.16    0.00    0.00    0.00   89.53
23:18:50       3    3.45    0.00    4.60    0.00    0.00    2.30    0.00    0.00    0.00   89.66

23:18:50     CPU    %usr   %nice    %sys %iowait    %irq   %soft  %steal  %guest  %gnice   %idle
23:18:51     all    7.59    0.00   18.16    0.27    0.00    3.52    0.00    0.00    0.00   70.46
23:18:51       0    8.51    0.00   18.09    0.00    0.00    3.19    0.00    0.00    0.00   70.21
23:18:51       1    8.79    0.00   17.58    0.00    0.00    3.30    0.00    0.00    0.00   70.33
23:18:51       2    6.59    0.00   18.68    0.00    0.00    3.30    0.00    0.00    0.00   71.43
23:18:51       3    6.45    0.00   18.28    1.08    0.00    4.30    0.00    0.00    0.00   69.89

23:18:51     CPU    %usr   %nice    %sys %iowait    %irq   %soft  %steal  %guest  %gnice   %idle
23:18:52     all    2.03    0.00    3.78    0.00    0.00    0.58    0.00    0.00    0.00   93.60
23:18:52       0    2.30    0.00    3.45    0.00    0.00    1.15    0.00    0.00    0.00   93.10
23:18:52       1    1.16    0.00    4.65    0.00    0.00    0.00    0.00    0.00    0.00   94.19
23:18:52       2    2.35    0.00    3.53    0.00    0.00    0.00    0.00    0.00    0.00   94.12
23:18:52       3    2.33    0.00    3.49    0.00    0.00    1.16    0.00    0.00    0.00   93.02

23:18:52     CPU    %usr   %nice    %sys %iowait    %irq   %soft  %steal  %guest  %gnice   %idle
23:18:53     all    3.48    0.00    7.54    0.00    0.00    1.74    0.00    0.00    0.00   87.25
23:18:53       0    2.30    0.00   10.34    0.00    0.00    0.00    0.00    0.00    0.00   87.36
23:18:53       1    3.41    0.00    7.95    0.00    0.00    2.27    0.00    0.00    0.00   86.36
23:18:53       2    4.65    0.00    8.14    0.00    0.00    2.33    0.00    0.00    0.00   84.88
23:18:53       3    3.57    0.00    3.57    0.00    0.00    2.38    0.00    0.00    0.00   90.48

23:18:53     CPU    %usr   %nice    %sys %iowait    %irq   %soft  %steal  %guest  %gnice   %idle
23:18:54     all    8.20    0.00   22.95    0.00    0.00    4.92    0.00    0.00    0.00   63.93
23:18:54       0   10.87    0.00   20.65    0.00    0.00    4.35    0.00    0.00    0.00   64.13
23:18:54       1    6.82    0.00   20.45    0.00    0.00    4.55    0.00    0.00    0.00   68.18
23:18:54       2    7.69    0.00   25.27    0.00    0.00    4.40    0.00    0.00    0.00   62.64
23:18:54       3    7.37    0.00   25.26    0.00    0.00    6.32    0.00    0.00    0.00   61.05

23:18:54     CPU    %usr   %nice    %sys %iowait    %irq   %soft  %steal  %guest  %gnice   %idle
23:18:55     all    2.59    0.00    8.62    0.00    0.00    1.44    0.00    0.00    0.00   87.36
23:18:55       0    2.33    0.00    9.30    0.00    0.00    1.16    0.00    0.00    0.00   87.21
23:18:55       1    2.27    0.00    9.09    0.00    0.00    1.14    0.00    0.00    0.00   87.50
23:18:55       2    3.41    0.00    9.09    0.00    0.00    1.14    0.00    0.00    0.00   86.36
23:18:55       3    2.33    0.00    6.98    0.00    0.00    2.33    0.00    0.00    0.00   88.37

23:18:55     CPU    %usr   %nice    %sys %iowait    %irq   %soft  %steal  %guest  %gnice   %idle
23:18:56     all    3.37    0.00   11.24    0.28    0.00    1.40    0.00    0.00    0.00   83.71
23:18:56       0    2.27    0.00   11.36    0.00    0.00    1.14    0.00    0.00    0.00   85.23
23:18:56       1    2.27    0.00   10.23    1.14    0.00    2.27    0.00    0.00    0.00   84.09
23:18:56       2    2.27    0.00   12.50    0.00    0.00    1.14    0.00    0.00    0.00   84.09
23:18:56       3    6.52    0.00   10.87    0.00    0.00    1.09    0.00    0.00    0.00   81.52

23:18:56     CPU    %usr   %nice    %sys %iowait    %irq   %soft  %steal  %guest  %gnice   %idle
23:18:57     all    2.79    0.00    7.24    0.00    0.00    1.67    0.00    0.00    0.00   88.30
23:18:57       0    1.11    0.00    8.89    0.00    0.00    2.22    0.00    0.00    0.00   87.78
23:18:57       1    3.26    0.00    8.70    0.00    0.00    2.17    0.00    0.00    0.00   85.87
23:18:57       2    3.33    0.00    6.67    0.00    0.00    1.11    0.00    0.00    0.00   88.89
23:18:57       3    3.45    0.00    4.60    0.00    0.00    1.15    0.00    0.00    0.00   90.80

23:18:57     CPU    %usr   %nice    %sys %iowait    %irq   %soft  %steal  %guest  %gnice   %idle
23:18:58     all    2.68    0.00   12.06    0.00    0.00    1.88    0.00    0.00    0.00   83.38
23:18:58       0    3.26    0.00   11.96    0.00    0.00    1.09    0.00    0.00    0.00   83.70
23:18:58       1    1.10    0.00   10.99    0.00    0.00    1.10    0.00    0.00    0.00   86.81
23:18:58       2    3.19    0.00   11.70    0.00    0.00    3.19    0.00    0.00    0.00   81.91
23:18:58       3    3.12    0.00   13.54    0.00    0.00    2.08    0.00    0.00    0.00   81.25

23:18:58     CPU    %usr   %nice    %sys %iowait    %irq   %soft  %steal  %guest  %gnice   %idle
23:18:59     all    4.65    0.00   13.44    0.00    0.00    2.33    0.00    0.00    0.00   79.59
23:18:59       0    5.38    0.00    9.68    0.00    0.00    2.15    0.00    0.00    0.00   82.80
23:18:59       1    5.00    0.00   16.00    0.00    0.00    2.00    0.00    0.00    0.00   77.00
23:18:59       2    6.19    0.00   12.37    0.00    0.00    2.06    0.00    0.00    0.00   79.38
23:18:59       3    2.06    0.00   15.46    0.00    0.00    3.09    0.00    0.00    0.00   79.38

23:18:59     CPU    %usr   %nice    %sys %iowait    %irq   %soft  %steal  %guest  %gnice   %idle
23:19:00     all    6.10    0.00   19.89    0.00    0.00    4.24    0.00    0.00    0.00   69.76
23:19:00       0    5.88    0.00   25.49    0.00    0.00    3.92    0.00    0.00    0.00   64.71
23:19:00       1    4.44    0.00   16.67    0.00    0.00    5.56    0.00    0.00    0.00   73.33
23:19:00       2    6.32    0.00   21.05    0.00    0.00    4.21    0.00    0.00    0.00   68.42
23:19:00       3    7.78    0.00   15.56    0.00    0.00    3.33    0.00    0.00    0.00   73.33

23:19:00     CPU    %usr   %nice    %sys %iowait    %irq   %soft  %steal  %guest  %gnice   %idle
23:19:01     all    5.19    0.00   15.31    0.00    0.00    3.46    0.00    0.00    0.00   76.05
23:19:01       0    3.85    0.00   18.27    0.00    0.00    4.81    0.00    0.00    0.00   73.08
23:19:01       1    4.08    0.00   15.31    0.00    0.00    2.04    0.00    0.00    0.00   78.57
23:19:01       2    6.00    0.00   14.00    0.00    0.00    3.00    0.00    0.00    0.00   77.00
23:19:01       3    6.80    0.00   13.59    0.00    0.00    3.88    0.00    0.00    0.00   75.73

23:19:01     CPU    %usr   %nice    %sys %iowait    %irq   %soft  %steal  %guest  %gnice   %idle
23:19:02     all    5.38    0.00   17.60    0.00    0.00    3.67    0.00    0.00    0.00   73.35
23:19:02       0    5.83    0.00   17.48    0.00    0.00    2.91    0.00    0.00    0.00   73.79
23:19:02       1    5.71    0.00   18.10    0.00    0.00    4.76    0.00    0.00    0.00   71.43
23:19:02       2    4.90    0.00   18.63    0.00    0.00    2.94    0.00    0.00    0.00   73.53
23:19:02       3    5.05    0.00   16.16    0.00    0.00    4.04    0.00    0.00    0.00   74.75

23:19:02     CPU    %usr   %nice    %sys %iowait    %irq   %soft  %steal  %guest  %gnice   %idle
23:19:03     all    6.50    0.00   19.95    0.00    0.00    3.25    0.00    0.00    0.00   70.30
23:19:03       0    7.48    0.00   17.76    0.00    0.00    3.74    0.00    0.00    0.00   71.03
23:19:03       1    7.34    0.00   20.18    0.00    0.00    2.75    0.00    0.00    0.00   69.72
23:19:03       2    6.48    0.00   22.22    0.00    0.00    0.93    0.00    0.00    0.00   70.37
23:19:03       3    4.67    0.00   19.63    0.00    0.00    5.61    0.00    0.00    0.00   70.09

23:19:03     CPU    %usr   %nice    %sys %iowait    %irq   %soft  %steal  %guest  %gnice   %idle
23:19:04     all    4.40    0.00   20.83    0.00    0.00    2.55    0.00    0.00    0.00   72.22
23:19:04       0    3.64    0.00   22.73    0.00    0.00    2.73    0.00    0.00    0.00   70.91
23:19:04       1    4.67    0.00   19.63    0.00    0.00    2.80    0.00    0.00    0.00   72.90
23:19:04       2    3.70    0.00   20.37    0.00    0.00    3.70    0.00    0.00    0.00   72.22
23:19:04       3    5.61    0.00   20.56    0.00    0.00    0.93    0.00    0.00    0.00   72.90

23:19:04     CPU    %usr   %nice    %sys %iowait    %irq   %soft  %steal  %guest  %gnice   %idle
23:19:05     all    7.99    0.00   21.46    0.00    0.00    2.97    0.00    0.00    0.00   67.58
23:19:05       0    7.27    0.00   21.82    0.00    0.00    3.64    0.00    0.00    0.00   67.27
23:19:05       1    8.33    0.00   21.30    0.00    0.00    1.85    0.00    0.00    0.00   68.52
23:19:05       2    9.09    0.00   21.82    0.00    0.00    2.73    0.00    0.00    0.00   66.36
23:19:05       3    7.27    0.00   20.91    0.00    0.00    3.64    0.00    0.00    0.00   68.18

23:19:05     CPU    %usr   %nice    %sys %iowait    %irq   %soft  %steal  %guest  %gnice   %idle
23:19:06     all    4.93    0.00   24.44    0.00    0.00    3.81    0.00    0.00    0.00   66.82
23:19:06       0    7.21    0.00   23.42    0.00    0.00    2.70    0.00    0.00    0.00   66.67
23:19:06       1    4.31    0.00   25.86    0.00    0.00    5.17    0.00    0.00    0.00   64.66
23:19:06       2    5.56    0.00   22.22    0.00    0.00    3.70    0.00    0.00    0.00   68.52
23:19:06       3    2.70    0.00   26.13    0.00    0.00    3.60    0.00    0.00    0.00   67.57

23:19:06     CPU    %usr   %nice    %sys %iowait    %irq   %soft  %steal  %guest  %gnice   %idle
23:19:07     all    8.24    0.00   22.27    0.00    0.00    3.56    0.00    0.00    0.00   65.92
23:19:07       0    9.09    0.00   19.09    0.00    0.00    4.55    0.00    0.00    0.00   67.27
23:19:07       1    8.70    0.00   23.48    0.00    0.00    3.48    0.00    0.00    0.00   64.35
23:19:07       2    7.14    0.00   25.00    0.00    0.00    1.79    0.00    0.00    0.00   66.07
23:19:07       3    8.04    0.00   21.43    0.00    0.00    4.46    0.00    0.00    0.00   66.07

23:19:07     CPU    %usr   %nice    %sys %iowait    %irq   %soft  %steal  %guest  %gnice   %idle
23:19:08     all    6.45    0.00   24.30    0.00    0.00    4.73    0.00    0.00    0.00   64.52
23:19:08       0    7.69    0.00   23.08    0.00    0.00    5.13    0.00    0.00    0.00   64.10
23:19:08       1    7.50    0.00   24.17    0.00    0.00    6.67    0.00    0.00    0.00   61.67
23:19:08       2    3.48    0.00   26.96    0.00    0.00    3.48    0.00    0.00    0.00   66.09
23:19:08       3    7.08    0.00   23.01    0.00    0.00    3.54    0.00    0.00    0.00   66.37

23:19:08     CPU    %usr   %nice    %sys %iowait    %irq   %soft  %steal  %guest  %gnice   %idle
23:19:09     all    6.72    0.00   23.83    0.00    0.00    4.89    0.00    0.00    0.00   64.56
23:19:09       0    7.50    0.00   21.67    0.00    0.00    4.17    0.00    0.00    0.00   66.67
23:19:09       1    7.20    0.00   23.20    0.00    0.00    6.40    0.00    0.00    0.00   63.20
23:19:09       2    5.69    0.00   25.20    0.00    0.00    4.88    0.00    0.00    0.00   64.23
23:19:09       3    6.50    0.00   25.20    0.00    0.00    4.07    0.00    0.00    0.00   64.23

23:19:09     CPU    %usr   %nice    %sys %iowait    %irq   %soft  %steal  %guest  %gnice   %idle
23:19:10     all    7.88    0.00   25.60    0.00    0.00    4.38    0.00    0.00    0.00   62.14
23:19:10       0    6.96    0.00   26.96    0.00    0.00    5.22    0.00    0.00    0.00   60.87
23:19:10       1   10.81    0.00   20.72    0.00    0.00    3.60    0.00    0.00    0.00   64.86
23:19:10       2    5.88    0.00   29.41    0.00    0.00    5.04    0.00    0.00    0.00   59.66
23:19:10       3    8.04    0.00   25.00    0.00    0.00    3.57    0.00    0.00    0.00   63.39

23:19:10     CPU    %usr   %nice    %sys %iowait    %irq   %soft  %steal  %guest  %gnice   %idle
23:19:11     all    8.70    0.00   24.11    0.20    0.00    4.15    0.00    0.00    0.00   62.85
23:19:11       0    7.87    0.00   24.41    0.00    0.00    4.72    0.00    0.00    0.00   62.99
23:19:11       1    8.59    0.00   25.78    0.78    0.00    3.12    0.00    0.00    0.00   61.72
23:19:11       2    9.84    0.00   22.13    0.00    0.00    3.28    0.00    0.00    0.00   64.75
23:19:11       3    8.53    0.00   24.03    0.00    0.00    5.43    0.00    0.00    0.00   62.02

23:19:11     CPU    %usr   %nice    %sys %iowait    %irq   %soft  %steal  %guest  %gnice   %idle
23:19:12     all    8.68    0.00   22.68    0.00    0.00    3.94    0.00    0.00    0.00   64.69
23:19:12       0    8.13    0.00   19.51    0.00    0.00    5.69    0.00    0.00    0.00   66.67
23:19:12       1    8.46    0.00   25.38    0.00    0.00    3.08    0.00    0.00    0.00   63.08
23:19:12       2    8.73    0.00   22.22    0.00    0.00    3.17    0.00    0.00    0.00   65.87
23:19:12       3    9.38    0.00   23.44    0.00    0.00    3.91    0.00    0.00    0.00   63.28

23:19:12     CPU    %usr   %nice    %sys %iowait    %irq   %soft  %steal  %guest  %gnice   %idle
23:19:13     all    7.29    0.00   20.65    0.00    0.00    4.66    0.00    0.00    0.00   67.41
23:19:13       0    7.87    0.00   22.83    0.00    0.00    3.15    0.00    0.00    0.00   66.14
23:19:13       1    5.00    0.00   20.83    0.00    0.00    4.17    0.00    0.00    0.00   70.00
23:19:13       2    8.94    0.00   18.70    0.00    0.00    5.69    0.00    0.00    0.00   66.67
23:19:13       3    7.26    0.00   20.16    0.00    0.00    5.65    0.00    0.00    0.00   66.94

23:19:13     CPU    %usr   %nice    %sys %iowait    %irq   %soft  %steal  %guest  %gnice   %idle
23:19:14     all    7.83    0.00   21.74    0.00    0.00    3.70    0.00    0.00    0.00   66.74
23:19:14       0    8.33    0.00   23.33    0.00    0.00    5.00    0.00    0.00    0.00   63.33
23:19:14       1    8.93    0.00   20.54    0.00    0.00    2.68    0.00    0.00    0.00   67.86
23:19:14       2    7.83    0.00   21.74    0.00    0.00    3.48    0.00    0.00    0.00   66.96
23:19:14       3    6.19    0.00   21.24    0.00    0.00    3.54    0.00    0.00    0.00   69.03

23:19:14     CPU    %usr   %nice    %sys %iowait    %irq   %soft  %steal  %guest  %gnice   %idle
23:19:15     all    6.68    0.00   22.35    0.00    0.00    4.38    0.00    0.00    0.00   66.59
23:19:15       0    5.41    0.00   23.42    0.00    0.00    5.41    0.00    0.00    0.00   65.77
23:19:15       1    6.54    0.00   23.36    0.00    0.00    2.80    0.00    0.00    0.00   67.29
23:19:15       2    7.34    0.00   22.02    0.00    0.00    4.59    0.00    0.00    0.00   66.06
23:19:15       3    7.48    0.00   20.56    0.00    0.00    4.67    0.00    0.00    0.00   67.29

23:19:15     CPU    %usr   %nice    %sys %iowait    %irq   %soft  %steal  %guest  %gnice   %idle
23:19:16     all    7.76    0.00   19.63    0.00    0.00    2.74    0.00    0.00    0.00   69.86
23:19:16       0   10.19    0.00   16.67    0.00    0.00    1.85    0.00    0.00    0.00   71.30
23:19:16       1    6.48    0.00   21.30    0.00    0.00    1.85    0.00    0.00    0.00   70.37
23:19:16       2    6.31    0.00   22.52    0.00    0.00    2.70    0.00    0.00    0.00   68.47
23:19:16       3    8.11    0.00   18.02    0.00    0.00    4.50    0.00    0.00    0.00   69.37

23:19:16     CPU    %usr   %nice    %sys %iowait    %irq   %soft  %steal  %guest  %gnice   %idle
23:19:17     all    7.32    0.00   19.96    0.00    0.00    2.22    0.00    0.00    0.00   70.51
23:19:17       0    7.96    0.00   18.58    0.00    0.00    2.65    0.00    0.00    0.00   70.80
23:19:17       1    6.48    0.00   17.59    0.00    0.00    1.85    0.00    0.00    0.00   74.07
23:19:17       2    9.57    0.00   20.87    0.00    0.00    0.87    0.00    0.00    0.00   68.70
23:19:17       3    5.22    0.00   22.61    0.00    0.00    3.48    0.00    0.00    0.00   68.70

23:19:17     CPU    %usr   %nice    %sys %iowait    %irq   %soft  %steal  %guest  %gnice   %idle
23:19:18     all    7.24    0.00   19.00    0.00    0.00    2.71    0.00    0.00    0.00   71.04
23:19:18       0    5.45    0.00   20.91    0.00    0.00    2.73    0.00    0.00    0.00   70.91
23:19:18       1    8.18    0.00   18.18    0.00    0.00    1.82    0.00    0.00    0.00   71.82
23:19:18       2    6.25    0.00   18.75    0.00    0.00    4.46    0.00    0.00    0.00   70.54
23:19:18       3    9.09    0.00   18.18    0.00    0.00    1.82    0.00    0.00    0.00   70.91

23:19:18     CPU    %usr   %nice    %sys %iowait    %irq   %soft  %steal  %guest  %gnice   %idle
23:19:19     all    5.84    0.00   15.19    0.00    0.00    1.87    0.00    0.00    0.00   77.10
23:19:19       0    7.21    0.00   16.22    0.00    0.00    1.80    0.00    0.00    0.00   74.77
23:19:19       1    5.45    0.00   16.36    0.00    0.00    2.73    0.00    0.00    0.00   75.45
23:19:19       2    3.88    0.00   14.56    0.00    0.00    1.94    0.00    0.00    0.00   79.61
23:19:19       3    6.73    0.00   13.46    0.00    0.00    0.96    0.00    0.00    0.00   78.85

23:19:19     CPU    %usr   %nice    %sys %iowait    %irq   %soft  %steal  %guest  %gnice   %idle
23:19:20     all    8.29    0.00   24.19    0.00    0.00    3.46    0.00    0.00    0.00   64.06
23:19:20       0    7.21    0.00   27.03    0.00    0.00    3.60    0.00    0.00    0.00   62.16
23:19:20       1    7.62    0.00   22.86    0.00    0.00    3.81    0.00    0.00    0.00   65.71
23:19:20       2    8.41    0.00   23.36    0.00    0.00    2.80    0.00    0.00    0.00   65.42
23:19:20       3    9.91    0.00   23.42    0.00    0.00    3.60    0.00    0.00    0.00   63.06

23:19:20     CPU    %usr   %nice    %sys %iowait    %irq   %soft  %steal  %guest  %gnice   %idle
23:19:21     all   10.54    0.00   31.40    0.22    0.00    4.52    0.00    0.00    0.00   53.33
23:19:21       0    9.76    0.00   34.15    0.81    0.00    4.88    0.00    0.00    0.00   50.41
23:19:21       1   12.17    0.00   29.57    0.00    0.00    4.35    0.00    0.00    0.00   53.91
23:19:21       2   10.43    0.00   32.17    0.00    0.00    3.48    0.00    0.00    0.00   53.91
23:19:21       3    9.82    0.00   29.46    0.00    0.00    5.36    0.00    0.00    0.00   55.36

23:19:21     CPU    %usr   %nice    %sys %iowait    %irq   %soft  %steal  %guest  %gnice   %idle
23:19:22     all    8.67    0.00   29.16    0.00    0.00    3.86    0.00    0.00    0.00   58.31
23:19:22       0    8.00    0.00   30.00    0.00    0.00    2.00    0.00    0.00    0.00   60.00
23:19:22       1    9.52    0.00   28.57    0.00    0.00    4.76    0.00    0.00    0.00   57.14
23:19:22       2    9.00    0.00   27.00    0.00    0.00    3.00    0.00    0.00    0.00   61.00
23:19:22       3    8.18    0.00   30.91    0.00    0.00    5.45    0.00    0.00    0.00   55.45

23:19:22     CPU    %usr   %nice    %sys %iowait    %irq   %soft  %steal  %guest  %gnice   %idle
23:19:23     all    7.28    0.00   18.08    0.00    0.00    4.23    0.00    0.00    0.00   70.42
23:19:23       0    9.17    0.00   18.35    0.00    0.00    3.67    0.00    0.00    0.00   68.81
23:19:23       1    7.48    0.00   16.82    0.00    0.00    5.61    0.00    0.00    0.00   70.09
23:19:23       2    4.85    0.00   19.42    0.00    0.00    2.91    0.00    0.00    0.00   72.82
23:19:23       3    7.48    0.00   17.76    0.00    0.00    4.67    0.00    0.00    0.00   70.09

23:19:23     CPU    %usr   %nice    %sys %iowait    %irq   %soft  %steal  %guest  %gnice   %idle
23:19:24     all    9.25    0.00   17.52    0.00    0.00    1.22    0.00    0.00    0.00   72.02
23:19:24       0   10.89    0.00   14.85    0.00    0.00    0.99    0.00    0.00    0.00   73.27
23:19:24       1    9.09    0.00   14.14    0.00    0.00    1.01    0.00    0.00    0.00   75.76
23:19:24       2    8.49    0.00   21.70    0.00    0.00    0.94    0.00    0.00    0.00   68.87
23:19:24       3    8.57    0.00   19.05    0.00    0.00    1.90    0.00    0.00    0.00   70.48

23:19:24     CPU    %usr   %nice    %sys %iowait    %irq   %soft  %steal  %guest  %gnice   %idle
23:19:25     all    8.84    0.00   22.73    0.00    0.00    3.79    0.00    0.00    0.00   64.65
23:19:25       0   13.27    0.00   19.39    0.00    0.00    3.06    0.00    0.00    0.00   64.29
23:19:25       1    6.93    0.00   25.74    0.00    0.00    2.97    0.00    0.00    0.00   64.36
23:19:25       2    7.14    0.00   22.45    0.00    0.00    5.10    0.00    0.00    0.00   65.31
23:19:25       3    8.08    0.00   23.23    0.00    0.00    4.04    0.00    0.00    0.00   64.65

23:19:25     CPU    %usr   %nice    %sys %iowait    %irq   %soft  %steal  %guest  %gnice   %idle
23:19:26     all    5.11    0.00    7.80    0.00    0.00    1.34    0.00    0.00    0.00   85.75
23:19:26       0    5.38    0.00    8.60    0.00    0.00    0.00    0.00    0.00    0.00   86.02
23:19:26       1    4.35    0.00    7.61    0.00    0.00    2.17    0.00    0.00    0.00   85.87
23:19:26       2    6.32    0.00    7.37    0.00    0.00    2.11    0.00    0.00    0.00   84.21
23:19:26       3    4.35    0.00    7.61    0.00    0.00    1.09    0.00    0.00    0.00   86.96

23:19:26     CPU    %usr   %nice    %sys %iowait    %irq   %soft  %steal  %guest  %gnice   %idle
23:19:27     all    3.14    0.00    5.71    0.00    0.00    0.86    0.00    0.00    0.00   90.29
23:19:27       0    4.55    0.00    4.55    0.00    0.00    1.14    0.00    0.00    0.00   89.77
23:19:27       1    1.16    0.00    5.81    0.00    0.00    1.16    0.00    0.00    0.00   91.86
23:19:27       2    4.60    0.00    4.60    0.00    0.00    0.00    0.00    0.00    0.00   90.80
23:19:27       3    2.25    0.00    7.87    0.00    0.00    1.12    0.00    0.00    0.00   88.76

23:19:27     CPU    %usr   %nice    %sys %iowait    %irq   %soft  %steal  %guest  %gnice   %idle
23:19:28     all    4.49    0.00   16.01    0.00    0.00    3.37    0.00    0.00    0.00   76.12
23:19:28       0    3.45    0.00   14.94    0.00    0.00    3.45    0.00    0.00    0.00   78.16
23:19:28       1    5.43    0.00   17.39    0.00    0.00    4.35    0.00    0.00    0.00   72.83
23:19:28       2    3.33    0.00   17.78    0.00    0.00    2.22    0.00    0.00    0.00   76.67
23:19:28       3    5.75    0.00   13.79    0.00    0.00    3.45    0.00    0.00    0.00   77.01

23:19:28     CPU    %usr   %nice    %sys %iowait    %irq   %soft  %steal  %guest  %gnice   %idle
23:19:29     all    2.87    0.00    8.02    0.00    0.00    2.01    0.00    0.00    0.00   87.11
23:19:29       0    3.45    0.00    9.20    0.00    0.00    0.00    0.00    0.00    0.00   87.36
23:19:29       1    3.41    0.00    6.82    0.00    0.00    3.41    0.00    0.00    0.00   86.36
23:19:29       2    3.45    0.00    6.90    0.00    0.00    2.30    0.00    0.00    0.00   87.36
23:19:29       3    1.15    0.00    9.20    0.00    0.00    2.30    0.00    0.00    0.00   87.36

23:19:29     CPU    %usr   %nice    %sys %iowait    %irq   %soft  %steal  %guest  %gnice   %idle
23:19:30     all    4.80    0.00   12.99    0.00    0.00    2.54    0.00    0.00    0.00   79.66
23:19:30       0    4.71    0.00   10.59    0.00    0.00    2.35    0.00    0.00    0.00   82.35
23:19:30       1    3.30    0.00   15.38    0.00    0.00    3.30    0.00    0.00    0.00   78.02
23:19:30       2    3.49    0.00   11.63    0.00    0.00    2.33    0.00    0.00    0.00   82.56
23:19:30       3    7.61    0.00   14.13    0.00    0.00    2.17    0.00    0.00    0.00   76.09

23:19:30     CPU    %usr   %nice    %sys %iowait    %irq   %soft  %steal  %guest  %gnice   %idle
23:19:31     all    1.46    0.00    2.04    0.00    0.00    0.00    0.00    0.00    0.00   96.50
23:19:31       0    1.15    0.00    3.45    0.00    0.00    0.00    0.00    0.00    0.00   95.40
23:19:31       1    1.18    0.00    1.18    0.00    0.00    0.00    0.00    0.00    0.00   97.65
23:19:31       2    2.33    0.00    2.33    0.00    0.00    0.00    0.00    0.00    0.00   95.35
23:19:31       3    1.18    0.00    1.18    0.00    0.00    0.00    0.00    0.00    0.00   97.65

23:19:31     CPU    %usr   %nice    %sys %iowait    %irq   %soft  %steal  %guest  %gnice   %idle
23:19:32     all    0.58    0.00    3.22    0.00    0.00    0.88    0.00    0.00    0.00   95.32
23:19:32       0    0.00    0.00    3.57    0.00    0.00    0.00    0.00    0.00    0.00   96.43
23:19:32       1    1.16    0.00    2.33    0.00    0.00    1.16    0.00    0.00    0.00   95.35
23:19:32       2    1.15    0.00    3.45    0.00    0.00    1.15    0.00    0.00    0.00   94.25
23:19:32       3    0.00    0.00    3.53    0.00    0.00    1.18    0.00    0.00    0.00   95.29

23:19:32     CPU    %usr   %nice    %sys %iowait    %irq   %soft  %steal  %guest  %gnice   %idle
23:19:33     all    6.89    0.00   19.83    0.00    0.00    1.93    0.00    0.00    0.00   71.35
23:19:33       0    8.70    0.00   19.57    0.00    0.00    2.17    0.00    0.00    0.00   69.57
23:19:33       1    4.60    0.00   19.54    0.00    0.00    2.30    0.00    0.00    0.00   73.56
23:19:33       2    5.68    0.00   18.18    0.00    0.00    2.27    0.00    0.00    0.00   73.86
23:19:33       3    8.33    0.00   21.88    0.00    0.00    1.04    0.00    0.00    0.00   68.75

23:19:33     CPU    %usr   %nice    %sys %iowait    %irq   %soft  %steal  %guest  %gnice   %idle
23:19:34     all    4.24    0.00   13.28    0.00    0.00    1.69    0.00    0.00    0.00   80.79
23:19:34       0    4.60    0.00   11.49    0.00    0.00    1.15    0.00    0.00    0.00   82.76
23:19:34       1    4.44    0.00   13.33    0.00    0.00    2.22    0.00    0.00    0.00   80.00
23:19:34       2    4.49    0.00   13.48    0.00    0.00    2.25    0.00    0.00    0.00   79.78
23:19:34       3    3.41    0.00   14.77    0.00    0.00    1.14    0.00    0.00    0.00   80.68

23:19:34     CPU    %usr   %nice    %sys %iowait    %irq   %soft  %steal  %guest  %gnice   %idle
23:19:35     all    1.76    0.00    6.18    0.00    0.00    0.29    0.00    0.00    0.00   91.76
23:19:35       0    0.00    0.00    6.02    0.00    0.00    0.00    0.00    0.00    0.00   93.98
23:19:35       1    2.33    0.00    6.98    0.00    0.00    0.00    0.00    0.00    0.00   90.70
23:19:35       2    2.30    0.00    6.90    0.00    0.00    1.15    0.00    0.00    0.00   89.66
23:19:35       3    2.38    0.00    4.76    0.00    0.00    0.00    0.00    0.00    0.00   92.86

23:19:35     CPU    %usr   %nice    %sys %iowait    %irq   %soft  %steal  %guest  %gnice   %idle
23:19:37     all    2.33    0.00    4.37    0.00    0.00    0.87    0.00    0.00    0.00   92.42
23:19:37       0    3.53    0.00    3.53    0.00    0.00    1.18    0.00    0.00    0.00   91.76
23:19:37       1    1.16    0.00    5.81    0.00    0.00    0.00    0.00    0.00    0.00   93.02
23:19:37       2    2.33    0.00    3.49    0.00    0.00    1.16    0.00    0.00    0.00   93.02
23:19:37       3    2.33    0.00    4.65    0.00    0.00    1.16    0.00    0.00    0.00   91.86

23:19:37     CPU    %usr   %nice    %sys %iowait    %irq   %soft  %steal  %guest  %gnice   %idle
23:19:38     all    1.17    0.00    5.56    0.00    0.00    0.58    0.00    0.00    0.00   92.69
23:19:38       0    0.00    0.00    4.71    0.00    0.00    1.18    0.00    0.00    0.00   94.12
23:19:38       1    2.27    0.00    7.95    0.00    0.00    0.00    0.00    0.00    0.00   89.77
23:19:38       2    1.19    0.00    4.76    0.00    0.00    0.00    0.00    0.00    0.00   94.05
23:19:38       3    1.18    0.00    4.71    0.00    0.00    1.18    0.00    0.00    0.00   92.94

23:19:38     CPU    %usr   %nice    %sys %iowait    %irq   %soft  %steal  %guest  %gnice   %idle
23:19:39     all    1.77    0.00    5.01    0.00    0.00    0.88    0.00    0.00    0.00   92.33
23:19:39       0    2.38    0.00    4.76    0.00    0.00    0.00    0.00    0.00    0.00   92.86
23:19:39       1    1.19    0.00    4.76    0.00    0.00    1.19    0.00    0.00    0.00   92.86
23:19:39       2    2.33    0.00    4.65    0.00    0.00    2.33    0.00    0.00    0.00   90.70
23:19:39       3    1.18    0.00    5.88    0.00    0.00    0.00    0.00    0.00    0.00   92.94

23:19:39     CPU    %usr   %nice    %sys %iowait    %irq   %soft  %steal  %guest  %gnice   %idle
23:19:40     all    6.44    0.00   16.53    0.00    0.00    3.92    0.00    0.00    0.00   73.11
23:19:40       0    5.81    0.00   16.28    0.00    0.00    3.49    0.00    0.00    0.00   74.42
23:19:40       1    8.51    0.00   17.02    0.00    0.00    3.19    0.00    0.00    0.00   71.28
23:19:40       2    5.56    0.00   17.78    0.00    0.00    4.44    0.00    0.00    0.00   72.22
23:19:40       3    5.75    0.00   14.94    0.00    0.00    4.60    0.00    0.00    0.00   74.71

23:19:40     CPU    %usr   %nice    %sys %iowait    %irq   %soft  %steal  %guest  %gnice   %idle
23:19:41     all    4.24    0.00   14.97    0.00    0.00    2.26    0.00    0.00    0.00   78.53
23:19:41       0    5.75    0.00   12.64    0.00    0.00    2.30    0.00    0.00    0.00   79.31
23:19:41       1    2.33    0.00   15.12    0.00    0.00    2.33    0.00    0.00    0.00   80.23
23:19:41       2    3.30    0.00   16.48    0.00    0.00    3.30    0.00    0.00    0.00   76.92
23:19:41       3    5.56    0.00   15.56    0.00    0.00    1.11    0.00    0.00    0.00   77.78

23:19:41     CPU    %usr   %nice    %sys %iowait    %irq   %soft  %steal  %guest  %gnice   %idle
23:19:42     all    1.78    0.00    5.03    0.00    0.00    0.89    0.00    0.00    0.00   92.31
23:19:42       0    1.22    0.00    2.44    0.00    0.00    0.00    0.00    0.00    0.00   96.34
23:19:42       1    3.57    0.00    3.57    0.00    0.00    1.19    0.00    0.00    0.00   91.67
23:19:42       2    1.14    0.00    7.95    0.00    0.00    1.14    0.00    0.00    0.00   89.77
23:19:42       3    1.19    0.00    5.95    0.00    0.00    1.19    0.00    0.00    0.00   91.67

23:19:42     CPU    %usr   %nice    %sys %iowait    %irq   %soft  %steal  %guest  %gnice   %idle
23:19:43     all    0.26    0.00    1.29    0.00    0.00    0.77    0.00    0.00    0.00   97.68
23:19:43       0    0.00    0.00    2.08    0.00    0.00    0.00    0.00    0.00    0.00   97.92
23:19:43       1    0.00    0.00    1.03    0.00    0.00    1.03    0.00    0.00    0.00   97.94
23:19:43       2    0.00    0.00    1.04    0.00    0.00    0.00    0.00    0.00    0.00   98.96
23:19:43       3    1.01    0.00    1.01    0.00    0.00    2.02    0.00    0.00    0.00   95.96
