Linux 5.15.0-171-generic (cloudnet-s05) 	05/19/2026 	_x86_64_	(8 CPU)

12:32:20 PM  CPU    %usr   %nice    %sys %iowait    %irq   %soft  %steal  %guest  %gnice   %idle
12:32:21 PM  all    0.63    0.00    0.75    0.00    0.00    0.00    0.00    0.00    0.00   98.62
12:32:21 PM    0    0.00    0.00    1.00    0.00    0.00    0.00    0.00    0.00    0.00   99.00
12:32:21 PM    1    4.00    0.00    1.00    0.00    0.00    0.00    0.00    0.00    0.00   95.00
12:32:21 PM    2    0.00    0.00    0.00    0.00    0.00    0.00    0.00    0.00    0.00  100.00
12:32:21 PM    3    1.01    0.00    2.02    0.00    0.00    0.00    0.00    0.00    0.00   96.97
12:32:21 PM    4    0.00    0.00    0.00    0.00    0.00    0.00    0.00    0.00    0.00  100.00
12:32:21 PM    5    0.00    0.00    1.00    0.00    0.00    0.00    0.00    0.00    0.00   99.00
12:32:21 PM    6    0.00    0.00    1.00    0.00    0.00    0.00    0.00    0.00    0.00   99.00
12:32:21 PM    7    0.00    0.00    0.00    0.00    0.00    0.00    0.00    0.00    0.00  100.00

12:32:21 PM  CPU    %usr   %nice    %sys %iowait    %irq   %soft  %steal  %guest  %gnice   %idle
12:32:22 PM  all    0.38    0.00    0.13    2.64    0.00    0.00    0.00    0.00    0.00   96.86
12:32:22 PM    0    0.00    0.00    0.00    0.00    0.00    0.00    0.00    0.00    0.00  100.00
12:32:22 PM    1    0.00    0.00    0.00    0.00    0.00    0.00    0.00    0.00    0.00  100.00
12:32:22 PM    2    0.00    0.00    0.00   11.11    0.00    0.00    0.00    0.00    0.00   88.89
12:32:22 PM    3    0.00    0.00    0.00    0.00    0.00    0.00    0.00    0.00    0.00  100.00
12:32:22 PM    4    0.00    0.00    1.00    0.00    0.00    0.00    0.00    0.00    0.00   99.00
12:32:22 PM    5    3.00    0.00    0.00    0.00    0.00    0.00    0.00    0.00    0.00   97.00
12:32:22 PM    6    0.00    0.00    0.00    0.00    0.00    0.00    0.00    0.00    0.00  100.00
12:32:22 PM    7    0.00    0.00    0.00   10.10    0.00    0.00    0.00    0.00    0.00   89.90

12:32:22 PM  CPU    %usr   %nice    %sys %iowait    %irq   %soft  %steal  %guest  %gnice   %idle
12:32:23 PM  all    0.25    0.00    0.00    0.00    0.00    0.00    0.00    0.00    0.00   99.75
12:32:23 PM    0    1.00    0.00    0.00    0.00    0.00    0.00    0.00    0.00    0.00   99.00
12:32:23 PM    1    0.00    0.00    0.00    0.00    0.00    0.00    0.00    0.00    0.00  100.00
12:32:23 PM    2    1.00    0.00    0.00    0.00    0.00    0.00    0.00    0.00    0.00   99.00
12:32:23 PM    3    0.00    0.00    0.00    0.00    0.00    0.00    0.00    0.00    0.00  100.00
12:32:23 PM    4    0.00    0.00    0.00    0.00    0.00    0.00    0.00    0.00    0.00  100.00
12:32:23 PM    5    0.00    0.00    0.00    0.00    0.00    0.00    0.00    0.00    0.00  100.00
12:32:23 PM    6    0.00    0.00    0.00    0.00    0.00    0.00    0.00    0.00    0.00  100.00
12:32:23 PM    7    0.00    0.00    0.00    0.00    0.00    0.00    0.00    0.00    0.00  100.00

12:32:23 PM  CPU    %usr   %nice    %sys %iowait    %irq   %soft  %steal  %guest  %gnice   %idle
12:32:24 PM  all    3.69    0.00    3.55    0.00    0.00    0.00    0.00    0.00    0.00   92.76
12:32:24 PM    0    0.00    0.00    6.45    0.00    0.00    0.00    0.00    0.00    0.00   93.55
12:32:24 PM    1    1.11    0.00    2.22    0.00    0.00    0.00    0.00    0.00    0.00   96.67
12:32:24 PM    2    5.38    0.00    4.30    0.00    0.00    0.00    0.00    0.00    0.00   90.32
12:32:24 PM    3    2.15    0.00    3.23    0.00    0.00    0.00    0.00    0.00    0.00   94.62
12:32:24 PM    4    6.59    0.00    2.20    0.00    0.00    0.00    0.00    0.00    0.00   91.21
12:32:24 PM    5    5.56    0.00    2.22    0.00    0.00    0.00    0.00    0.00    0.00   92.22
12:32:24 PM    6    4.44    0.00    3.33    0.00    0.00    0.00    0.00    0.00    0.00   92.22
12:32:24 PM    7    4.35    0.00    4.35    0.00    0.00    0.00    0.00    0.00    0.00   91.30

12:32:24 PM  CPU    %usr   %nice    %sys %iowait    %irq   %soft  %steal  %guest  %gnice   %idle
12:32:25 PM  all    2.92    0.00    3.48    0.00    0.00    0.28    0.00    0.00    0.00   93.31
12:32:25 PM    0    3.33    0.00    2.22    0.00    0.00    1.11    0.00    0.00    0.00   93.33
12:32:25 PM    1    1.12    0.00    2.25    0.00    0.00    0.00    0.00    0.00    0.00   96.63
12:32:25 PM    2    2.22    0.00    4.44    0.00    0.00    0.00    0.00    0.00    0.00   93.33
12:32:25 PM    3    4.40    0.00    4.40    0.00    0.00    0.00    0.00    0.00    0.00   91.21
12:32:25 PM    4    3.33    0.00    4.44    0.00    0.00    0.00    0.00    0.00    0.00   92.22
12:32:25 PM    5    3.41    0.00    2.27    0.00    0.00    0.00    0.00    0.00    0.00   94.32
12:32:25 PM    6    1.14    0.00    3.41    0.00    0.00    0.00    0.00    0.00    0.00   95.45
12:32:25 PM    7    4.35    0.00    4.35    0.00    0.00    1.09    0.00    0.00    0.00   90.22

12:32:25 PM  CPU    %usr   %nice    %sys %iowait    %irq   %soft  %steal  %guest  %gnice   %idle
12:32:26 PM  all    4.64    0.00    5.46    0.00    0.00    0.55    0.00    0.00    0.00   89.34
12:32:26 PM    0    6.45    0.00    4.30    0.00    0.00    0.00    0.00    0.00    0.00   89.25
12:32:26 PM    1    3.37    0.00    3.37    0.00    0.00    1.12    0.00    0.00    0.00   92.13
12:32:26 PM    2    4.30    0.00    5.38    0.00    0.00    1.08    0.00    0.00    0.00   89.25
12:32:26 PM    3    5.62    0.00    3.37    0.00    0.00    0.00    0.00    0.00    0.00   91.01
12:32:26 PM    4    5.43    0.00    5.43    0.00    0.00    0.00    0.00    0.00    0.00   89.13
12:32:26 PM    5    6.32    0.00    8.42    0.00    0.00    1.05    0.00    0.00    0.00   84.21
12:32:26 PM    6    3.23    0.00    8.60    0.00    0.00    1.08    0.00    0.00    0.00   87.10
12:32:26 PM    7    2.27    0.00    4.55    0.00    0.00    0.00    0.00    0.00    0.00   93.18

12:32:26 PM  CPU    %usr   %nice    %sys %iowait    %irq   %soft  %steal  %guest  %gnice   %idle
12:32:27 PM  all   11.04    0.00   13.59    0.40    0.00    2.29    0.00    0.00    0.00   72.68
12:32:27 PM    0   13.04    0.00   10.87    0.00    0.00    4.35    0.00    0.00    0.00   71.74
12:32:27 PM    1   14.43    0.00   15.46    0.00    0.00    3.09    0.00    0.00    0.00   67.01
12:32:27 PM    2   14.44    0.00    7.78    1.11    0.00    2.22    0.00    0.00    0.00   74.44
12:32:27 PM    3   14.89    0.00   11.70    1.06    0.00    4.26    0.00    0.00    0.00   68.09
12:32:27 PM    4    6.74    0.00   15.73    0.00    0.00    1.12    0.00    0.00    0.00   76.40
12:32:27 PM    5    7.78    0.00   14.44    1.11    0.00    0.00    0.00    0.00    0.00   76.67
12:32:27 PM    6    8.25    0.00   18.56    0.00    0.00    1.03    0.00    0.00    0.00   72.16
12:32:27 PM    7    8.51    0.00   13.83    0.00    0.00    2.13    0.00    0.00    0.00   75.53

12:32:27 PM  CPU    %usr   %nice    %sys %iowait    %irq   %soft  %steal  %guest  %gnice   %idle
12:32:28 PM  all    3.68    0.00    5.52    0.00    0.00    0.85    0.00    0.00    0.00   89.94
12:32:28 PM    0    2.25    0.00    5.62    0.00    0.00    0.00    0.00    0.00    0.00   92.13
12:32:28 PM    1    2.25    0.00    5.62    0.00    0.00    1.12    0.00    0.00    0.00   91.01
12:32:28 PM    2    5.38    0.00    6.45    0.00    0.00    2.15    0.00    0.00    0.00   86.02
12:32:28 PM    3    3.41    0.00    3.41    0.00    0.00    0.00    0.00    0.00    0.00   93.18
12:32:28 PM    4    3.41    0.00    6.82    0.00    0.00    1.14    0.00    0.00    0.00   88.64
12:32:28 PM    5    3.37    0.00    7.87    0.00    0.00    1.12    0.00    0.00    0.00   87.64
12:32:28 PM    6    3.53    0.00    4.71    0.00    0.00    1.18    0.00    0.00    0.00   90.59
12:32:28 PM    7    5.88    0.00    3.53    0.00    0.00    0.00    0.00    0.00    0.00   90.59

12:32:28 PM  CPU    %usr   %nice    %sys %iowait    %irq   %soft  %steal  %guest  %gnice   %idle
12:32:29 PM  all    4.31    0.00    6.90    0.14    0.00    1.58    0.00    0.00    0.00   87.07
12:32:29 PM    0    3.45    0.00    8.05    0.00    0.00    2.30    0.00    0.00    0.00   86.21
12:32:29 PM    1    3.49    0.00    4.65    0.00    0.00    1.16    0.00    0.00    0.00   90.70
12:32:29 PM    2    4.60    0.00    6.90    0.00    0.00    1.15    0.00    0.00    0.00   87.36
12:32:29 PM    3    4.55    0.00    6.82    0.00    0.00    2.27    0.00    0.00    0.00   86.36
12:32:29 PM    4    4.65    0.00    4.65    1.16    0.00    0.00    0.00    0.00    0.00   89.53
12:32:29 PM    5    4.60    0.00    6.90    0.00    0.00    2.30    0.00    0.00    0.00   86.21
12:32:29 PM    6    2.30    0.00   10.34    0.00    0.00    2.30    0.00    0.00    0.00   85.06
12:32:29 PM    7    6.82    0.00    6.82    0.00    0.00    1.14    0.00    0.00    0.00   85.23

12:32:29 PM  CPU    %usr   %nice    %sys %iowait    %irq   %soft  %steal  %guest  %gnice   %idle
12:32:30 PM  all    4.96    0.00    3.97    0.00    0.00    0.85    0.00    0.00    0.00   90.23
12:32:30 PM    0    3.37    0.00    4.49    0.00    0.00    0.00    0.00    0.00    0.00   92.13
12:32:30 PM    1    2.30    0.00    3.45    0.00    0.00    0.00    0.00    0.00    0.00   94.25
12:32:30 PM    2    4.40    0.00    5.49    0.00    0.00    2.20    0.00    0.00    0.00   87.91
12:32:30 PM    3    5.75    0.00    2.30    0.00    0.00    0.00    0.00    0.00    0.00   91.95
12:32:30 PM    4    7.53    0.00    4.30    0.00    0.00    1.08    0.00    0.00    0.00   87.10
12:32:30 PM    5    5.81    0.00    2.33    0.00    0.00    1.16    0.00    0.00    0.00   90.70
12:32:30 PM    6    4.60    0.00    4.60    0.00    0.00    1.15    0.00    0.00    0.00   89.66
12:32:30 PM    7    5.81    0.00    4.65    0.00    0.00    1.16    0.00    0.00    0.00   88.37

12:32:30 PM  CPU    %usr   %nice    %sys %iowait    %irq   %soft  %steal  %guest  %gnice   %idle
12:32:31 PM  all    7.07    0.00    9.85    0.00    0.00    2.08    0.00    0.00    0.00   81.00
12:32:31 PM    0    5.43    0.00   13.04    0.00    0.00    3.26    0.00    0.00    0.00   78.26
12:32:31 PM    1    5.56    0.00    8.89    0.00    0.00    1.11    0.00    0.00    0.00   84.44
12:32:31 PM    2    4.44    0.00   11.11    0.00    0.00    1.11    0.00    0.00    0.00   83.33
12:32:31 PM    3    4.55    0.00    9.09    0.00    0.00    2.27    0.00    0.00    0.00   84.09
12:32:31 PM    4    8.99    0.00   10.11    0.00    0.00    0.00    0.00    0.00    0.00   80.90
12:32:31 PM    5    9.78    0.00    9.78    0.00    0.00    2.17    0.00    0.00    0.00   78.26
12:32:31 PM    6   10.00    0.00    7.78    0.00    0.00    2.22    0.00    0.00    0.00   80.00
12:32:31 PM    7    7.78    0.00    8.89    0.00    0.00    4.44    0.00    0.00    0.00   78.89

12:32:31 PM  CPU    %usr   %nice    %sys %iowait    %irq   %soft  %steal  %guest  %gnice   %idle
12:32:32 PM  all    2.17    0.00    2.46    0.29    0.00    0.87    0.00    0.00    0.00   94.21
12:32:32 PM    0    1.16    0.00    2.33    0.00    0.00    1.16    0.00    0.00    0.00   95.35
12:32:32 PM    1    2.33    0.00    2.33    0.00    0.00    0.00    0.00    0.00    0.00   95.35
12:32:32 PM    2    2.33    0.00    2.33    2.33    0.00    1.16    0.00    0.00    0.00   91.86
12:32:32 PM    3    2.33    0.00    2.33    0.00    0.00    2.33    0.00    0.00    0.00   93.02
12:32:32 PM    4    2.30    0.00    3.45    0.00    0.00    1.15    0.00    0.00    0.00   93.10
12:32:32 PM    5    2.27    0.00    2.27    0.00    0.00    1.14    0.00    0.00    0.00   94.32
12:32:32 PM    6    3.41    0.00    2.27    0.00    0.00    0.00    0.00    0.00    0.00   94.32
12:32:32 PM    7    1.19    0.00    2.38    0.00    0.00    0.00    0.00    0.00    0.00   96.43

12:32:32 PM  CPU    %usr   %nice    %sys %iowait    %irq   %soft  %steal  %guest  %gnice   %idle
12:32:33 PM  all    2.62    0.00    4.66    0.44    0.00    1.02    0.00    0.00    0.00   91.25
12:32:33 PM    0    2.33    0.00    2.33    0.00    0.00    2.33    0.00    0.00    0.00   93.02
12:32:33 PM    1    1.15    0.00    6.90    0.00    0.00    0.00    0.00    0.00    0.00   91.95
12:32:33 PM    2    1.14    0.00    6.82    0.00    0.00    1.14    0.00    0.00    0.00   90.91
12:32:33 PM    3    2.30    0.00    6.90    1.15    0.00    1.15    0.00    0.00    0.00   88.51
12:32:33 PM    4    3.49    0.00    4.65    2.33    0.00    1.16    0.00    0.00    0.00   88.37
12:32:33 PM    5    3.49    0.00    4.65    0.00    0.00    1.16    0.00    0.00    0.00   90.70
12:32:33 PM    6    2.41    0.00    2.41    0.00    0.00    1.20    0.00    0.00    0.00   93.98
12:32:33 PM    7    4.82    0.00    2.41    0.00    0.00    0.00    0.00    0.00    0.00   92.77

12:32:33 PM  CPU    %usr   %nice    %sys %iowait    %irq   %soft  %steal  %guest  %gnice   %idle
12:32:34 PM  all    3.04    0.00    4.05    0.00    0.00    1.01    0.00    0.00    0.00   91.90
12:32:34 PM    0    1.15    0.00    4.60    0.00    0.00    1.15    0.00    0.00    0.00   93.10
12:32:34 PM    1    3.49    0.00    3.49    0.00    0.00    0.00    0.00    0.00    0.00   93.02
12:32:34 PM    2    3.49    0.00    2.33    0.00    0.00    0.00    0.00    0.00    0.00   94.19
12:32:34 PM    3    2.30    0.00    4.60    0.00    0.00    1.15    0.00    0.00    0.00   91.95
12:32:34 PM    4    3.53    0.00    3.53    0.00    0.00    0.00    0.00    0.00    0.00   92.94
12:32:34 PM    5    3.53    0.00    3.53    0.00    0.00    1.18    0.00    0.00    0.00   91.76
12:32:34 PM    6    2.25    0.00    5.62    0.00    0.00    3.37    0.00    0.00    0.00   88.76
12:32:34 PM    7    4.65    0.00    4.65    0.00    0.00    1.16    0.00    0.00    0.00   89.53

12:32:34 PM  CPU    %usr   %nice    %sys %iowait    %irq   %soft  %steal  %guest  %gnice   %idle
12:32:35 PM  all    2.18    0.00    4.08    0.00    0.00    1.02    0.00    0.00    0.00   92.72
12:32:35 PM    0    2.30    0.00    5.75    0.00    0.00    0.00    0.00    0.00    0.00   91.95
12:32:35 PM    1    2.38    0.00    1.19    0.00    0.00    0.00    0.00    0.00    0.00   96.43
12:32:35 PM    2    0.00    0.00    2.44    0.00    0.00    2.44    0.00    0.00    0.00   95.12
12:32:35 PM    3    3.41    0.00    2.27    0.00    0.00    2.27    0.00    0.00    0.00   92.05
12:32:35 PM    4    2.30    0.00    5.75    0.00    0.00    1.15    0.00    0.00    0.00   90.80
12:32:35 PM    5    2.35    0.00    4.71    0.00    0.00    1.18    0.00    0.00    0.00   91.76
12:32:35 PM    6    2.25    0.00    5.62    0.00    0.00    1.12    0.00    0.00    0.00   91.01
12:32:35 PM    7    2.35    0.00    4.71    0.00    0.00    0.00    0.00    0.00    0.00   92.94

12:32:35 PM  CPU    %usr   %nice    %sys %iowait    %irq   %soft  %steal  %guest  %gnice   %idle
12:32:36 PM  all    5.54    0.00    8.31    0.00    0.00    2.49    0.00    0.00    0.00   83.66
12:32:36 PM    0    4.35    0.00    7.61    0.00    0.00    2.17    0.00    0.00    0.00   85.87
12:32:36 PM    1    3.26    0.00   11.96    0.00    0.00    2.17    0.00    0.00    0.00   82.61
12:32:36 PM    2    3.41    0.00    5.68    0.00    0.00    2.27    0.00    0.00    0.00   88.64
12:32:36 PM    3    3.23    0.00   10.75    0.00    0.00    1.08    0.00    0.00    0.00   84.95
12:32:36 PM    4    9.20    0.00    5.75    0.00    0.00    1.15    0.00    0.00    0.00   83.91
12:32:36 PM    5    6.82    0.00    7.95    0.00    0.00    2.27    0.00    0.00    0.00   82.95
12:32:36 PM    6    6.67    0.00    5.56    0.00    0.00    4.44    0.00    0.00    0.00   83.33
12:32:36 PM    7    7.61    0.00   10.87    0.00    0.00    4.35    0.00    0.00    0.00   77.17

12:32:36 PM  CPU    %usr   %nice    %sys %iowait    %irq   %soft  %steal  %guest  %gnice   %idle
12:32:37 PM  all   10.27    0.00   13.65    0.00    0.00    3.11    0.00    0.00    0.00   72.97
12:32:37 PM    0    7.53    0.00   11.83    0.00    0.00    3.23    0.00    0.00    0.00   77.42
12:32:37 PM    1    9.57    0.00   13.83    0.00    0.00    3.19    0.00    0.00    0.00   73.40
12:32:37 PM    2    7.69    0.00   16.48    0.00    0.00    2.20    0.00    0.00    0.00   73.63
12:32:37 PM    3    4.40    0.00   15.38    0.00    0.00    3.30    0.00    0.00    0.00   76.92
12:32:37 PM    4   15.05    0.00   11.83    0.00    0.00    2.15    0.00    0.00    0.00   70.97
12:32:37 PM    5   10.53    0.00   20.00    0.00    0.00    2.11    0.00    0.00    0.00   67.37
12:32:37 PM    6   10.23    0.00   10.23    0.00    0.00    4.55    0.00    0.00    0.00   75.00
12:32:37 PM    7   16.84    0.00    9.47    0.00    0.00    4.21    0.00    0.00    0.00   69.47

12:32:37 PM  CPU    %usr   %nice    %sys %iowait    %irq   %soft  %steal  %guest  %gnice   %idle
12:32:38 PM  all    5.23    0.00    7.78    0.00    0.00    1.84    0.00    0.00    0.00   85.15
12:32:38 PM    0    6.52    0.00    8.70    0.00    0.00    2.17    0.00    0.00    0.00   82.61
12:32:38 PM    1    6.74    0.00    7.87    0.00    0.00    3.37    0.00    0.00    0.00   82.02
12:32:38 PM    2    3.33    0.00    6.67    0.00    0.00    2.22    0.00    0.00    0.00   87.78
12:32:38 PM    3    7.78    0.00   10.00    0.00    0.00    0.00    0.00    0.00    0.00   82.22
12:32:38 PM    4    4.60    0.00    6.90    0.00    0.00    2.30    0.00    0.00    0.00   86.21
12:32:38 PM    5    5.81    0.00    6.98    0.00    0.00    1.16    0.00    0.00    0.00   86.05
12:32:38 PM    6    3.49    0.00    6.98    0.00    0.00    1.16    0.00    0.00    0.00   88.37
12:32:38 PM    7    3.45    0.00    8.05    0.00    0.00    2.30    0.00    0.00    0.00   86.21

12:32:38 PM  CPU    %usr   %nice    %sys %iowait    %irq   %soft  %steal  %guest  %gnice   %idle
12:32:39 PM  all    4.74    0.00    7.53    0.14    0.00    1.67    0.00    0.00    0.00   85.91
12:32:39 PM    0    4.71    0.00    5.88    0.00    0.00    2.35    0.00    0.00    0.00   87.06
12:32:39 PM    1    3.45    0.00    5.75    0.00    0.00    1.15    0.00    0.00    0.00   89.66
12:32:39 PM    2    4.55    0.00    6.82    0.00    0.00    1.14    0.00    0.00    0.00   87.50
12:32:39 PM    3    3.26    0.00    9.78    0.00    0.00    3.26    0.00    0.00    0.00   83.70
12:32:39 PM    4    7.61    0.00    6.52    0.00    0.00    1.09    0.00    0.00    0.00   84.78
12:32:39 PM    5    5.38    0.00    9.68    0.00    0.00    1.08    0.00    0.00    0.00   83.87
12:32:39 PM    6    3.33    0.00    8.89    1.11    0.00    2.22    0.00    0.00    0.00   84.44
12:32:39 PM    7    5.56    0.00    6.67    0.00    0.00    1.11    0.00    0.00    0.00   86.67

12:32:39 PM  CPU    %usr   %nice    %sys %iowait    %irq   %soft  %steal  %guest  %gnice   %idle
12:32:40 PM  all    4.97    0.00    9.66    0.00    0.00    1.28    0.00    0.00    0.00   84.09
12:32:40 PM    0    4.40    0.00   13.19    0.00    0.00    1.10    0.00    0.00    0.00   81.32
12:32:40 PM    1    5.56    0.00   12.22    0.00    0.00    1.11    0.00    0.00    0.00   81.11
12:32:40 PM    2    2.35    0.00    4.71    0.00    0.00    2.35    0.00    0.00    0.00   90.59
12:32:40 PM    3    5.81    0.00    8.14    0.00    0.00    1.16    0.00    0.00    0.00   84.88
12:32:40 PM    4    4.65    0.00    9.30    0.00    0.00    0.00    0.00    0.00    0.00   86.05
12:32:40 PM    5    4.60    0.00    9.20    0.00    0.00    2.30    0.00    0.00    0.00   83.91
12:32:40 PM    6    6.67    0.00   10.00    0.00    0.00    2.22    0.00    0.00    0.00   81.11
12:32:40 PM    7    5.62    0.00   10.11    0.00    0.00    0.00    0.00    0.00    0.00   84.27

12:32:40 PM  CPU    %usr   %nice    %sys %iowait    %irq   %soft  %steal  %guest  %gnice   %idle
12:32:41 PM  all    2.75    0.00    3.32    0.00    0.00    0.58    0.00    0.00    0.00   93.35
12:32:41 PM    0    2.30    0.00    4.60    0.00    0.00    0.00    0.00    0.00    0.00   93.10
12:32:41 PM    1    0.00    0.00    3.61    0.00    0.00    0.00    0.00    0.00    0.00   96.39
12:32:41 PM    2    2.38    0.00    2.38    0.00    0.00    0.00    0.00    0.00    0.00   95.24
12:32:41 PM    3    5.68    0.00    2.27    0.00    0.00    1.14    0.00    0.00    0.00   90.91
12:32:41 PM    4    2.25    0.00    4.49    0.00    0.00    1.12    0.00    0.00    0.00   92.13
12:32:41 PM    5    4.44    0.00    3.33    0.00    0.00    0.00    0.00    0.00    0.00   92.22
12:32:41 PM    6    1.19    0.00    2.38    0.00    0.00    1.19    0.00    0.00    0.00   95.24
12:32:41 PM    7    3.45    0.00    3.45    0.00    0.00    1.15    0.00    0.00    0.00   91.95

12:32:41 PM  CPU    %usr   %nice    %sys %iowait    %irq   %soft  %steal  %guest  %gnice   %idle
12:32:42 PM  all    5.30    0.00    8.37    0.28    0.00    1.95    0.00    0.00    0.00   84.10
12:32:42 PM    0    4.55    0.00    6.82    0.00    0.00    2.27    0.00    0.00    0.00   86.36
12:32:42 PM    1    5.49    0.00    9.89    1.10    0.00    3.30    0.00    0.00    0.00   80.22
12:32:42 PM    2    5.56    0.00    7.78    0.00    0.00    2.22    0.00    0.00    0.00   84.44
12:32:42 PM    3    3.49    0.00    6.98    1.16    0.00    0.00    0.00    0.00    0.00   88.37
12:32:42 PM    4    5.68    0.00    6.82    0.00    0.00    3.41    0.00    0.00    0.00   84.09
12:32:42 PM    5    4.40    0.00    8.79    0.00    0.00    2.20    0.00    0.00    0.00   84.62
12:32:42 PM    6    7.53    0.00   10.75    0.00    0.00    2.15    0.00    0.00    0.00   79.57
12:32:42 PM    7    5.56    0.00    8.89    0.00    0.00    0.00    0.00    0.00    0.00   85.56

12:32:42 PM  CPU    %usr   %nice    %sys %iowait    %irq   %soft  %steal  %guest  %gnice   %idle
12:32:43 PM  all    7.81    0.00   13.01    0.00    0.00    2.88    0.00    0.00    0.00   76.30
12:32:43 PM    0    6.52    0.00   14.13    0.00    0.00    0.00    0.00    0.00    0.00   79.35
12:32:43 PM    1    6.38    0.00    9.57    0.00    0.00    4.26    0.00    0.00    0.00   79.79
12:32:43 PM    2    2.15    0.00   17.20    0.00    0.00    3.23    0.00    0.00    0.00   77.42
12:32:43 PM    3    6.38    0.00   13.83    0.00    0.00    4.26    0.00    0.00    0.00   75.53
12:32:43 PM    4   10.47    0.00    9.30    0.00    0.00    1.16    0.00    0.00    0.00   79.07
12:32:43 PM    5   13.19    0.00   12.09    0.00    0.00    3.30    0.00    0.00    0.00   71.43
12:32:43 PM    6    8.89    0.00   14.44    0.00    0.00    3.33    0.00    0.00    0.00   73.33
12:32:43 PM    7    8.89    0.00   13.33    0.00    0.00    3.33    0.00    0.00    0.00   74.44

12:32:43 PM  CPU    %usr   %nice    %sys %iowait    %irq   %soft  %steal  %guest  %gnice   %idle
12:32:44 PM  all    5.35    0.00    8.45    0.00    0.00    1.83    0.00    0.00    0.00   84.37
12:32:44 PM    0    6.59    0.00    9.89    0.00    0.00    2.20    0.00    0.00    0.00   81.32
12:32:44 PM    1    3.49    0.00    9.30    0.00    0.00    2.33    0.00    0.00    0.00   84.88
12:32:44 PM    2    3.49    0.00    8.14    0.00    0.00    3.49    0.00    0.00    0.00   84.88
12:32:44 PM    3    5.56    0.00    8.89    0.00    0.00    2.22    0.00    0.00    0.00   83.33
12:32:44 PM    4    8.60    0.00    9.68    0.00    0.00    0.00    0.00    0.00    0.00   81.72
12:32:44 PM    5    5.68    0.00    7.95    0.00    0.00    1.14    0.00    0.00    0.00   85.23
12:32:44 PM    6    3.45    0.00    5.75    0.00    0.00    2.30    0.00    0.00    0.00   88.51
12:32:44 PM    7    5.62    0.00    7.87    0.00    0.00    1.12    0.00    0.00    0.00   85.39

12:32:44 PM  CPU    %usr   %nice    %sys %iowait    %irq   %soft  %steal  %guest  %gnice   %idle
12:32:45 PM  all    1.02    0.00    0.58    0.00    0.00    0.29    0.00    0.00    0.00   98.11
12:32:45 PM    0    0.00    0.00    1.20    0.00    0.00    0.00    0.00    0.00    0.00   98.80
12:32:45 PM    1    0.00    0.00    1.19    0.00    0.00    1.19    0.00    0.00    0.00   97.62
12:32:45 PM    2    1.20    0.00    0.00    0.00    0.00    0.00    0.00    0.00    0.00   98.80
12:32:45 PM    3    1.19    0.00    0.00    0.00    0.00    0.00    0.00    0.00    0.00   98.81
12:32:45 PM    4    1.14    0.00    0.00    0.00    0.00    0.00    0.00    0.00    0.00   98.86
12:32:45 PM    5    1.12    0.00    0.00    0.00    0.00    1.12    0.00    0.00    0.00   97.75
12:32:45 PM    6    1.14    0.00    1.14    0.00    0.00    0.00    0.00    0.00    0.00   97.73
12:32:45 PM    7    2.27    0.00    1.14    0.00    0.00    0.00    0.00    0.00    0.00   96.59

12:32:45 PM  CPU    %usr   %nice    %sys %iowait    %irq   %soft  %steal  %guest  %gnice   %idle
12:32:46 PM  all    3.48    0.00    4.64    0.00    0.00    1.02    0.00    0.00    0.00   90.86
12:32:46 PM    0    4.76    0.00    2.38    0.00    0.00    0.00    0.00    0.00    0.00   92.86
12:32:46 PM    1    3.66    0.00    3.66    0.00    0.00    0.00    0.00    0.00    0.00   92.68
12:32:46 PM    2    1.19    0.00    7.14    0.00    0.00    1.19    0.00    0.00    0.00   90.48
12:32:46 PM    3    3.57    0.00    3.57    0.00    0.00    1.19    0.00    0.00    0.00   91.67
12:32:46 PM    4    2.22    0.00    6.67    0.00    0.00    2.22    0.00    0.00    0.00   88.89
12:32:46 PM    5    8.99    0.00    4.49    0.00    0.00    1.12    0.00    0.00    0.00   85.39
12:32:46 PM    6    2.22    0.00    4.44    0.00    0.00    2.22    0.00    0.00    0.00   91.11
12:32:46 PM    7    1.16    0.00    4.65    0.00    0.00    0.00    0.00    0.00    0.00   94.19

12:32:46 PM  CPU    %usr   %nice    %sys %iowait    %irq   %soft  %steal  %guest  %gnice   %idle
12:32:47 PM  all    1.45    0.00    2.46    0.43    0.00    0.43    0.00    0.00    0.00   95.22
12:32:47 PM    0    0.00    0.00    1.22    0.00    0.00    0.00    0.00    0.00    0.00   98.78
12:32:47 PM    1    1.18    0.00    1.18    1.18    0.00    1.18    0.00    0.00    0.00   95.29
12:32:47 PM    2    0.00    0.00    3.53    1.18    0.00    0.00    0.00    0.00    0.00   95.29
12:32:47 PM    3    3.33    0.00    4.44    0.00    0.00    0.00    0.00    0.00    0.00   92.22
12:32:47 PM    4    1.15    0.00    1.15    1.15    0.00    0.00    0.00    0.00    0.00   96.55
12:32:47 PM    5    2.27    0.00    3.41    0.00    0.00    1.14    0.00    0.00    0.00   93.18
12:32:47 PM    6    1.18    0.00    2.35    0.00    0.00    0.00    0.00    0.00    0.00   96.47
12:32:47 PM    7    2.25    0.00    2.25    0.00    0.00    1.12    0.00    0.00    0.00   94.38

12:32:47 PM  CPU    %usr   %nice    %sys %iowait    %irq   %soft  %steal  %guest  %gnice   %idle
12:32:48 PM  all    8.24    0.00   13.46    0.55    0.00    2.61    0.00    0.00    0.00   75.14
12:32:48 PM    0    5.56    0.00   14.44    1.11    0.00    4.44    0.00    0.00    0.00   74.44
12:32:48 PM    1   11.11    0.00   10.00    1.11    0.00    4.44    0.00    0.00    0.00   73.33
12:32:48 PM    2   13.33    0.00   10.00    0.00    0.00    2.22    0.00    0.00    0.00   74.44
12:32:48 PM    3    7.61    0.00   16.30    0.00    0.00    3.26    0.00    0.00    0.00   72.83
12:32:48 PM    4    6.38    0.00   15.96    0.00    0.00    2.13    0.00    0.00    0.00   75.53
12:32:48 PM    5    4.17    0.00   18.75    0.00    0.00    2.08    0.00    0.00    0.00   75.00
12:32:48 PM    6   10.34    0.00    9.20    2.30    0.00    1.15    0.00    0.00    0.00   77.01
12:32:48 PM    7    7.87    0.00   12.36    0.00    0.00    1.12    0.00    0.00    0.00   78.65

12:32:48 PM  CPU    %usr   %nice    %sys %iowait    %irq   %soft  %steal  %guest  %gnice   %idle
12:32:49 PM  all    5.71    0.00   10.03    0.14    0.00    1.81    0.00    0.00    0.00   82.31
12:32:49 PM    0    5.43    0.00   11.96    0.00    0.00    2.17    0.00    0.00    0.00   80.43
12:32:49 PM    1    5.68    0.00    5.68    0.00    0.00    2.27    0.00    0.00    0.00   86.36
12:32:49 PM    2    5.62    0.00    8.99    0.00    0.00    3.37    0.00    0.00    0.00   82.02
12:32:49 PM    3    8.70    0.00   10.87    0.00    0.00    2.17    0.00    0.00    0.00   78.26
12:32:49 PM    4    5.56    0.00   11.11    0.00    0.00    3.33    0.00    0.00    0.00   80.00
12:32:49 PM    5    6.52    0.00   13.04    0.00    0.00    1.09    0.00    0.00    0.00   79.35
12:32:49 PM    6    4.60    0.00    9.20    1.15    0.00    0.00    0.00    0.00    0.00   85.06
12:32:49 PM    7    3.41    0.00    9.09    0.00    0.00    0.00    0.00    0.00    0.00   87.50

12:32:49 PM  CPU    %usr   %nice    %sys %iowait    %irq   %soft  %steal  %guest  %gnice   %idle
12:32:50 PM  all    4.15    0.00    7.88    0.00    0.00    1.66    0.00    0.00    0.00   86.31
12:32:50 PM    0    4.30    0.00   10.75    0.00    0.00    3.23    0.00    0.00    0.00   81.72
12:32:50 PM    1    5.43    0.00    8.70    0.00    0.00    3.26    0.00    0.00    0.00   82.61
12:32:50 PM    2    6.67    0.00    7.78    0.00    0.00    1.11    0.00    0.00    0.00   84.44
12:32:50 PM    3    3.41    0.00    6.82    0.00    0.00    2.27    0.00    0.00    0.00   87.50
12:32:50 PM    4    3.30    0.00    8.79    0.00    0.00    1.10    0.00    0.00    0.00   86.81
12:32:50 PM    5    4.55    0.00    3.41    0.00    0.00    0.00    0.00    0.00    0.00   92.05
12:32:50 PM    6    2.22    0.00    6.67    0.00    0.00    1.11    0.00    0.00    0.00   90.00
12:32:50 PM    7    3.30    0.00    9.89    0.00    0.00    1.10    0.00    0.00    0.00   85.71

12:32:50 PM  CPU    %usr   %nice    %sys %iowait    %irq   %soft  %steal  %guest  %gnice   %idle
12:32:51 PM  all    1.53    0.00    5.14    0.00    0.00    1.25    0.00    0.00    0.00   92.08
12:32:51 PM    0    1.15    0.00    4.60    0.00    0.00    1.15    0.00    0.00    0.00   93.10
12:32:51 PM    1    0.00    0.00    6.67    0.00    0.00    2.22    0.00    0.00    0.00   91.11
12:32:51 PM    2    3.37    0.00    4.49    0.00    0.00    1.12    0.00    0.00    0.00   91.01
12:32:51 PM    3    0.00    0.00    5.75    0.00    0.00    1.15    0.00    0.00    0.00   93.10
12:32:51 PM    4    3.23    0.00    3.23    0.00    0.00    1.08    0.00    0.00    0.00   92.47
12:32:51 PM    5    3.23    0.00    5.38    0.00    0.00    1.08    0.00    0.00    0.00   90.32
12:32:51 PM    6    1.10    0.00    5.49    0.00    0.00    1.10    0.00    0.00    0.00   92.31
12:32:51 PM    7    0.00    0.00    5.56    0.00    0.00    1.11    0.00    0.00    0.00   93.33

12:32:51 PM  CPU    %usr   %nice    %sys %iowait    %irq   %soft  %steal  %guest  %gnice   %idle
12:32:52 PM  all    5.23    0.00    8.63    0.26    0.00    2.35    0.00    0.00    0.00   83.53
12:32:52 PM    0    3.09    0.00   11.34    0.00    0.00    2.06    0.00    0.00    0.00   83.51
12:32:52 PM    1    7.29    0.00    8.33    1.04    0.00    2.08    0.00    0.00    0.00   81.25
12:32:52 PM    2    7.14    0.00    9.18    1.02    0.00    3.06    0.00    0.00    0.00   79.59
12:32:52 PM    3    5.21    0.00    8.33    0.00    0.00    3.12    0.00    0.00    0.00   83.33
12:32:52 PM    4    4.35    0.00    6.52    0.00    0.00    2.17    0.00    0.00    0.00   86.96
12:32:52 PM    5    4.40    0.00    6.59    0.00    0.00    1.10    0.00    0.00    0.00   87.91
12:32:52 PM    6    5.21    0.00    7.29    0.00    0.00    2.08    0.00    0.00    0.00   85.42
12:32:52 PM    7    5.05    0.00   11.11    0.00    0.00    3.03    0.00    0.00    0.00   80.81

12:32:52 PM  CPU    %usr   %nice    %sys %iowait    %irq   %soft  %steal  %guest  %gnice   %idle
12:32:53 PM  all   11.89    0.00   18.65    0.00    0.00    3.78    0.00    0.00    0.00   65.68
12:32:53 PM    0   10.00    0.00   22.22    0.00    0.00    2.22    0.00    0.00    0.00   65.56
12:32:53 PM    1   12.09    0.00   18.68    0.00    0.00    4.40    0.00    0.00    0.00   64.84
12:32:53 PM    2   11.58    0.00   22.11    0.00    0.00    4.21    0.00    0.00    0.00   62.11
12:32:53 PM    3   10.87    0.00   21.74    0.00    0.00    4.35    0.00    0.00    0.00   63.04
12:32:53 PM    4   10.42    0.00   20.83    0.00    0.00    3.12    0.00    0.00    0.00   65.62
12:32:53 PM    5   12.36    0.00   13.48    0.00    0.00    3.37    0.00    0.00    0.00   70.79
12:32:53 PM    6   12.77    0.00   14.89    0.00    0.00    5.32    0.00    0.00    0.00   67.02
12:32:53 PM    7   15.05    0.00   15.05    0.00    0.00    3.23    0.00    0.00    0.00   66.67

12:32:53 PM  CPU    %usr   %nice    %sys %iowait    %irq   %soft  %steal  %guest  %gnice   %idle
12:32:54 PM  all    4.84    0.00    9.28    0.13    0.00    3.01    0.00    0.00    0.00   82.75
12:32:54 PM    0    6.32    0.00    8.42    0.00    0.00    4.21    0.00    0.00    0.00   81.05
12:32:54 PM    1    6.25    0.00   11.46    1.04    0.00    3.12    0.00    0.00    0.00   78.12
12:32:54 PM    2    6.32    0.00   11.58    0.00    0.00    1.05    0.00    0.00    0.00   81.05
12:32:54 PM    3    3.16    0.00    9.47    0.00    0.00    4.21    0.00    0.00    0.00   83.16
12:32:54 PM    4    4.17    0.00    9.38    0.00    0.00    1.04    0.00    0.00    0.00   85.42
12:32:54 PM    5    3.12    0.00    9.38    0.00    0.00    3.12    0.00    0.00    0.00   84.38
12:32:54 PM    6    4.21    0.00    6.32    0.00    0.00    3.16    0.00    0.00    0.00   86.32
12:32:54 PM    7    5.15    0.00    8.25    0.00    0.00    4.12    0.00    0.00    0.00   82.47

12:32:54 PM  CPU    %usr   %nice    %sys %iowait    %irq   %soft  %steal  %guest  %gnice   %idle
12:32:55 PM  all    5.52    0.00    8.99    0.00    0.00    2.82    0.00    0.00    0.00   82.67
12:32:55 PM    0    4.12    0.00    9.28    0.00    0.00    4.12    0.00    0.00    0.00   82.47
12:32:55 PM    1    3.09    0.00   10.31    0.00    0.00    3.09    0.00    0.00    0.00   83.51
12:32:55 PM    2    6.12    0.00    8.16    0.00    0.00    3.06    0.00    0.00    0.00   82.65
12:32:55 PM    3    5.88    0.00   15.69    0.00    0.00    0.98    0.00    0.00    0.00   77.45
12:32:55 PM    4    6.93    0.00    8.91    0.00    0.00    3.96    0.00    0.00    0.00   80.20
12:32:55 PM    5    6.38    0.00    5.32    0.00    0.00    2.13    0.00    0.00    0.00   86.17
12:32:55 PM    6    6.25    0.00    8.33    0.00    0.00    3.12    0.00    0.00    0.00   82.29
12:32:55 PM    7    5.32    0.00    5.32    0.00    0.00    2.13    0.00    0.00    0.00   87.23

12:32:55 PM  CPU    %usr   %nice    %sys %iowait    %irq   %soft  %steal  %guest  %gnice   %idle
12:32:56 PM  all    4.21    0.00    9.17    0.00    0.00    2.85    0.00    0.00    0.00   83.77
12:32:56 PM    0    5.83    0.00   10.68    0.00    0.00    3.88    0.00    0.00    0.00   79.61
12:32:56 PM    1    5.83    0.00   13.59    0.00    0.00    0.00    0.00    0.00    0.00   80.58
12:32:56 PM    2    5.77    0.00   10.58    0.00    0.00    3.85    0.00    0.00    0.00   79.81
12:32:56 PM    3    6.00    0.00    8.00    0.00    0.00    4.00    0.00    0.00    0.00   82.00
12:32:56 PM    4    1.03    0.00    8.25    0.00    0.00    1.03    0.00    0.00    0.00   89.69
12:32:56 PM    5    1.08    0.00    4.30    0.00    0.00    2.15    0.00    0.00    0.00   92.47
12:32:56 PM    6    4.81    0.00    7.69    0.00    0.00    3.85    0.00    0.00    0.00   83.65
12:32:56 PM    7    2.91    0.00    9.71    0.00    0.00    3.88    0.00    0.00    0.00   83.50

12:32:56 PM  CPU    %usr   %nice    %sys %iowait    %irq   %soft  %steal  %guest  %gnice   %idle
12:32:57 PM  all    5.68    0.00   11.61    0.36    0.00    3.26    0.00    0.00    0.00   79.08
12:32:57 PM    0    6.67    0.00   13.33    0.95    0.00    4.76    0.00    0.00    0.00   74.29
12:32:57 PM    1    6.73    0.00   11.54    0.96    0.00    3.85    0.00    0.00    0.00   76.92
12:32:57 PM    2    5.94    0.00   12.87    0.00    0.00    2.97    0.00    0.00    0.00   78.22
12:32:57 PM    3    6.86    0.00   11.76    0.00    0.00    1.96    0.00    0.00    0.00   79.41
12:32:57 PM    4    5.45    0.00   13.64    0.00    0.00    4.55    0.00    0.00    0.00   76.36
12:32:57 PM    5    6.00    0.00    9.00    0.00    0.00    2.00    0.00    0.00    0.00   83.00
12:32:57 PM    6    4.08    0.00    8.16    0.00    0.00    2.04    0.00    0.00    0.00   85.71
12:32:57 PM    7    3.74    0.00   12.15    0.93    0.00    3.74    0.00    0.00    0.00   79.44

12:32:57 PM  CPU    %usr   %nice    %sys %iowait    %irq   %soft  %steal  %guest  %gnice   %idle
12:32:58 PM  all    6.50    0.00   11.34    0.00    0.00    3.06    0.00    0.00    0.00   79.11
12:32:58 PM    0    4.21    0.00    7.37    0.00    0.00    3.16    0.00    0.00    0.00   85.26
12:32:58 PM    1    7.92    0.00   12.87    0.00    0.00    3.96    0.00    0.00    0.00   75.25
12:32:58 PM    2    4.90    0.00   15.69    0.00    0.00    2.94    0.00    0.00    0.00   76.47
12:32:58 PM    3    5.00    0.00   14.00    0.00    0.00    4.00    0.00    0.00    0.00   77.00
12:32:58 PM    4   10.31    0.00    8.25    0.00    0.00    1.03    0.00    0.00    0.00   80.41
12:32:58 PM    5    7.07    0.00   11.11    0.00    0.00    4.04    0.00    0.00    0.00   77.78
12:32:58 PM    6    6.32    0.00   10.53    0.00    0.00    3.16    0.00    0.00    0.00   80.00
12:32:58 PM    7    6.25    0.00   10.42    0.00    0.00    2.08    0.00    0.00    0.00   81.25

12:32:58 PM  CPU    %usr   %nice    %sys %iowait    %irq   %soft  %steal  %guest  %gnice   %idle
12:32:59 PM  all    7.03    0.00   12.61    0.00    0.00    3.03    0.00    0.00    0.00   77.33
12:32:59 PM    0    7.92    0.00   11.88    0.00    0.00    1.98    0.00    0.00    0.00   78.22
12:32:59 PM    1    7.69    0.00   13.46    0.00    0.00    2.88    0.00    0.00    0.00   75.96
12:32:59 PM    2    5.83    0.00   12.62    0.00    0.00    4.85    0.00    0.00    0.00   76.70
12:32:59 PM    3    8.00    0.00   10.00    0.00    0.00    2.00    0.00    0.00    0.00   80.00
12:32:59 PM    4   10.91    0.00   12.73    0.00    0.00    3.64    0.00    0.00    0.00   72.73
12:32:59 PM    5    5.83    0.00   12.62    0.00    0.00    2.91    0.00    0.00    0.00   78.64
12:32:59 PM    6    5.71    0.00   16.19    0.00    0.00    1.90    0.00    0.00    0.00   76.19
12:32:59 PM    7    4.04    0.00   11.11    0.00    0.00    4.04    0.00    0.00    0.00   80.81

12:32:59 PM  CPU    %usr   %nice    %sys %iowait    %irq   %soft  %steal  %guest  %gnice   %idle
12:33:00 PM  all    6.60    0.00   12.03    0.00    0.00    3.49    0.00    0.00    0.00   77.88
12:33:00 PM    0    7.00    0.00   12.00    0.00    0.00    3.00    0.00    0.00    0.00   78.00
12:33:00 PM    1    4.30    0.00   10.75    0.00    0.00    3.23    0.00    0.00    0.00   81.72
12:33:00 PM    2    4.08    0.00   13.27    0.00    0.00    4.08    0.00    0.00    0.00   78.57
12:33:00 PM    3    7.29    0.00   10.42    0.00    0.00    3.12    0.00    0.00    0.00   79.17
12:33:00 PM    4    8.70    0.00    8.70    0.00    0.00    2.17    0.00    0.00    0.00   80.43
12:33:00 PM    5    7.14    0.00   15.31    0.00    0.00    3.06    0.00    0.00    0.00   74.49
12:33:00 PM    6    9.28    0.00   10.31    0.00    0.00    4.12    0.00    0.00    0.00   76.29
12:33:00 PM    7    5.05    0.00   15.15    0.00    0.00    5.05    0.00    0.00    0.00   74.75

12:33:00 PM  CPU    %usr   %nice    %sys %iowait    %irq   %soft  %steal  %guest  %gnice   %idle
12:33:01 PM  all    6.59    0.00   13.06    0.00    0.00    3.01    0.00    0.00    0.00   77.34
12:33:01 PM    0    4.72    0.00   13.21    0.00    0.00    1.89    0.00    0.00    0.00   80.19
12:33:01 PM    1    6.19    0.00   14.16    0.00    0.00    5.31    0.00    0.00    0.00   74.34
12:33:01 PM    2    4.67    0.00   14.95    0.00    0.00    2.80    0.00    0.00    0.00   77.57
12:33:01 PM    3    5.50    0.00   12.84    0.00    0.00    2.75    0.00    0.00    0.00   78.90
12:33:01 PM    4   10.00    0.00   12.73    0.00    0.00    1.82    0.00    0.00    0.00   75.45
12:33:01 PM    5    9.09    0.00   12.73    0.00    0.00    1.82    0.00    0.00    0.00   76.36
12:33:01 PM    6    4.76    0.00   13.33    0.00    0.00    2.86    0.00    0.00    0.00   79.05
12:33:01 PM    7    7.62    0.00   10.48    0.00    0.00    4.76    0.00    0.00    0.00   77.14

12:33:01 PM  CPU    %usr   %nice    %sys %iowait    %irq   %soft  %steal  %guest  %gnice   %idle
12:33:02 PM  all    8.67    0.00   14.32    0.26    0.00    3.42    0.00    0.00    0.00   73.32
12:33:02 PM    0    5.15    0.00   16.49    0.00    0.00    5.15    0.00    0.00    0.00   73.20
12:33:02 PM    1    7.61    0.00   13.04    1.09    0.00    1.09    0.00    0.00    0.00   77.17
12:33:02 PM    2    5.56    0.00   14.44    0.00    0.00    2.22    0.00    0.00    0.00   77.78
12:33:02 PM    3    8.08    0.00   16.16    0.00    0.00    2.02    0.00    0.00    0.00   73.74
12:33:02 PM    4   13.00    0.00   12.00    0.00    0.00    4.00    0.00    0.00    0.00   71.00
12:33:02 PM    5   10.20    0.00   14.29    0.00    0.00    6.12    0.00    0.00    0.00   69.39
12:33:02 PM    6    7.37    0.00   14.74    1.05    0.00    4.21    0.00    0.00    0.00   72.63
12:33:02 PM    7   12.22    0.00   13.33    0.00    0.00    2.22    0.00    0.00    0.00   72.22

12:33:02 PM  CPU    %usr   %nice    %sys %iowait    %irq   %soft  %steal  %guest  %gnice   %idle
12:33:03 PM  all    7.61    0.00   13.53    0.00    0.00    3.38    0.00    0.00    0.00   75.48
12:33:03 PM    0    6.80    0.00   12.62    0.00    0.00    2.91    0.00    0.00    0.00   77.67
12:33:03 PM    1    6.93    0.00   10.89    0.00    0.00    1.98    0.00    0.00    0.00   80.20
12:33:03 PM    2    7.48    0.00   14.02    0.00    0.00    4.67    0.00    0.00    0.00   73.83
12:33:03 PM    3    5.77    0.00   15.38    0.00    0.00    2.88    0.00    0.00    0.00   75.96
12:33:03 PM    4    5.94    0.00   14.85    0.00    0.00    2.97    0.00    0.00    0.00   76.24
12:33:03 PM    5    7.84    0.00   13.73    0.00    0.00    2.94    0.00    0.00    0.00   75.49
12:33:03 PM    6    8.57    0.00   14.29    0.00    0.00    4.76    0.00    0.00    0.00   72.38
12:33:03 PM    7   11.43    0.00   12.38    0.00    0.00    3.81    0.00    0.00    0.00   72.38

12:33:03 PM  CPU    %usr   %nice    %sys %iowait    %irq   %soft  %steal  %guest  %gnice   %idle
12:33:04 PM  all    7.18    0.00   14.35    0.58    0.00    2.78    0.00    0.00    0.00   75.12
12:33:04 PM    0    4.63    0.00   17.59    0.00    0.00    3.70    0.00    0.00    0.00   74.07
12:33:04 PM    1    7.41    0.00   14.81    1.85    0.00    4.63    0.00    0.00    0.00   71.30
12:33:04 PM    2    7.55    0.00   16.04    0.00    0.00    0.94    0.00    0.00    0.00   75.47
12:33:04 PM    3    7.55    0.00   14.15    0.00    0.00    2.83    0.00    0.00    0.00   75.47
12:33:04 PM    4    8.41    0.00   11.21    0.00    0.00    2.80    0.00    0.00    0.00   77.57
12:33:04 PM    5    7.83    0.00   15.65    2.61    0.00    3.48    0.00    0.00    0.00   70.43
12:33:04 PM    6    3.88    0.00   11.65    0.00    0.00    1.94    0.00    0.00    0.00   82.52
12:33:04 PM    7    9.91    0.00   13.51    0.00    0.00    1.80    0.00    0.00    0.00   74.77

12:33:04 PM  CPU    %usr   %nice    %sys %iowait    %irq   %soft  %steal  %guest  %gnice   %idle
12:33:05 PM  all    7.26    0.00   15.25    0.00    0.00    2.78    0.00    0.00    0.00   74.70
12:33:05 PM    0    4.08    0.00   12.24    0.00    0.00    2.04    0.00    0.00    0.00   81.63
12:33:05 PM    1    4.85    0.00   15.53    0.00    0.00    1.94    0.00    0.00    0.00   77.67
12:33:05 PM    2    6.54    0.00   15.89    0.00    0.00    5.61    0.00    0.00    0.00   71.96
12:33:05 PM    3    7.55    0.00   14.15    0.00    0.00    2.83    0.00    0.00    0.00   75.47
12:33:05 PM    4    8.74    0.00   14.56    0.00    0.00    2.91    0.00    0.00    0.00   73.79
12:33:05 PM    5    8.65    0.00   19.23    0.00    0.00    0.96    0.00    0.00    0.00   71.15
12:33:05 PM    6    8.65    0.00   15.38    0.00    0.00    3.85    0.00    0.00    0.00   72.12
12:33:05 PM    7    8.91    0.00   14.85    0.00    0.00    1.98    0.00    0.00    0.00   74.26

12:33:05 PM  CPU    %usr   %nice    %sys %iowait    %irq   %soft  %steal  %guest  %gnice   %idle
12:33:06 PM  all    9.09    0.00   15.88    0.00    0.00    2.82    0.00    0.00    0.00   72.22
12:33:06 PM    0    7.14    0.00   16.33    0.00    0.00    3.06    0.00    0.00    0.00   73.47
12:33:06 PM    1    9.80    0.00   15.69    0.00    0.00    3.92    0.00    0.00    0.00   70.59
12:33:06 PM    2    5.43    0.00   13.04    0.00    0.00    2.17    0.00    0.00    0.00   79.35
12:33:06 PM    3    7.14    0.00   17.35    0.00    0.00    3.06    0.00    0.00    0.00   72.45
12:33:06 PM    4   10.20    0.00   15.31    0.00    0.00    2.04    0.00    0.00    0.00   72.45
12:33:06 PM    5   10.31    0.00   16.49    0.00    0.00    3.09    0.00    0.00    0.00   70.10
12:33:06 PM    6   10.42    0.00   17.71    0.00    0.00    2.08    0.00    0.00    0.00   69.79
12:33:06 PM    7   12.00    0.00   15.00    0.00    0.00    3.00    0.00    0.00    0.00   70.00

12:33:06 PM  CPU    %usr   %nice    %sys %iowait    %irq   %soft  %steal  %guest  %gnice   %idle
12:33:07 PM  all    8.21    0.00   16.31    0.11    0.00    2.92    0.00    0.00    0.00   72.46
12:33:07 PM    0    7.02    0.00   18.42    0.88    0.00    1.75    0.00    0.00    0.00   71.93
12:33:07 PM    1    6.96    0.00   16.52    0.00    0.00    3.48    0.00    0.00    0.00   73.04
12:33:07 PM    2   10.34    0.00   14.66    0.00    0.00    2.59    0.00    0.00    0.00   72.41
12:33:07 PM    3    7.89    0.00   15.79    0.00    0.00    1.75    0.00    0.00    0.00   74.56
12:33:07 PM    4    9.48    0.00   13.79    0.00    0.00    3.45    0.00    0.00    0.00   73.28
12:33:07 PM    5   10.34    0.00   14.66    0.00    0.00    2.59    0.00    0.00    0.00   72.41
12:33:07 PM    6    6.25    0.00   14.29    0.00    0.00    3.57    0.00    0.00    0.00   75.89
12:33:07 PM    7    7.32    0.00   21.95    0.00    0.00    4.07    0.00    0.00    0.00   66.67

12:33:07 PM  CPU    %usr   %nice    %sys %iowait    %irq   %soft  %steal  %guest  %gnice   %idle
12:33:08 PM  all    9.76    0.00   17.80    0.00    0.00    5.12    0.00    0.00    0.00   67.32
12:33:08 PM    0    4.17    0.00   15.62    0.00    0.00    6.25    0.00    0.00    0.00   73.96
12:33:08 PM    1    9.28    0.00   13.40    0.00    0.00    2.06    0.00    0.00    0.00   75.26
12:33:08 PM    2    6.38    0.00   13.83    0.00    0.00    4.26    0.00    0.00    0.00   75.53
12:33:08 PM    3    8.74    0.00   18.45    0.00    0.00    2.91    0.00    0.00    0.00   69.90
12:33:08 PM    4   14.29    0.00   15.24    0.00    0.00    6.67    0.00    0.00    0.00   63.81
12:33:08 PM    5   10.71    0.00   24.11    0.00    0.00    6.25    0.00    0.00    0.00   58.93
12:33:08 PM    6   12.38    0.00   18.10    0.00    0.00    5.71    0.00    0.00    0.00   63.81
12:33:08 PM    7   11.11    0.00   22.22    0.00    0.00    6.48    0.00    0.00    0.00   60.19

12:33:08 PM  CPU    %usr   %nice    %sys %iowait    %irq   %soft  %steal  %guest  %gnice   %idle
12:33:09 PM  all   12.95    0.00   19.30    0.00    0.00    3.72    0.00    0.00    0.00   64.03
12:33:09 PM    0   12.38    0.00   19.05    0.00    0.00    3.81    0.00    0.00    0.00   64.76
12:33:09 PM    1    6.93    0.00   15.84    0.00    0.00    4.95    0.00    0.00    0.00   72.28
12:33:09 PM    2    5.15    0.00   16.49    0.00    0.00    3.09    0.00    0.00    0.00   75.26
12:33:09 PM    3   12.26    0.00   16.98    0.00    0.00    1.89    0.00    0.00    0.00   68.87
12:33:09 PM    4   20.56    0.00   18.69    0.00    0.00    1.87    0.00    0.00    0.00   58.88
12:33:09 PM    5   18.10    0.00   17.14    0.00    0.00    5.71    0.00    0.00    0.00   59.05
12:33:09 PM    6   15.09    0.00   24.53    0.00    0.00    2.83    0.00    0.00    0.00   57.55
12:33:09 PM    7   12.15    0.00   25.23    0.00    0.00    5.61    0.00    0.00    0.00   57.01

12:33:09 PM  CPU    %usr   %nice    %sys %iowait    %irq   %soft  %steal  %guest  %gnice   %idle
12:33:10 PM  all    9.86    0.00   18.44    0.00    0.00    3.32    0.00    0.00    0.00   68.38
12:33:10 PM    0    9.48    0.00   18.97    0.00    0.00    2.59    0.00    0.00    0.00   68.97
12:33:10 PM    1   10.26    0.00   18.80    0.00    0.00    3.42    0.00    0.00    0.00   67.52
12:33:10 PM    2    7.21    0.00   18.92    0.00    0.00    3.60    0.00    0.00    0.00   70.27
12:33:10 PM    3    7.08    0.00   17.70    0.00    0.00    4.42    0.00    0.00    0.00   70.80
12:33:10 PM    4   11.97    0.00   14.53    0.00    0.00    3.42    0.00    0.00    0.00   70.09
12:33:10 PM    5    7.76    0.00   19.83    0.00    0.00    2.59    0.00    0.00    0.00   69.83
12:33:10 PM    6   10.92    0.00   20.17    0.00    0.00    2.52    0.00    0.00    0.00   66.39
12:33:10 PM    7   13.71    0.00   18.55    0.00    0.00    4.03    0.00    0.00    0.00   63.71

12:33:10 PM  CPU    %usr   %nice    %sys %iowait    %irq   %soft  %steal  %guest  %gnice   %idle
12:33:11 PM  all   11.78    0.00   17.56    0.00    0.00    3.75    0.00    0.00    0.00   66.92
12:33:11 PM    0    8.85    0.00   16.81    0.00    0.00    5.31    0.00    0.00    0.00   69.03
12:33:11 PM    1    9.17    0.00   14.68    0.00    0.00    3.67    0.00    0.00    0.00   72.48
12:33:11 PM    2    9.02    0.00   24.59    0.00    0.00    2.46    0.00    0.00    0.00   63.93
12:33:11 PM    3   11.21    0.00   17.24    0.00    0.00    2.59    0.00    0.00    0.00   68.97
12:33:11 PM    4   15.00    0.00   15.83    0.00    0.00    4.17    0.00    0.00    0.00   65.00
12:33:11 PM    5   12.17    0.00   18.26    0.00    0.00    2.61    0.00    0.00    0.00   66.96
12:33:11 PM    6   13.79    0.00   12.93    0.00    0.00    5.17    0.00    0.00    0.00   68.10
12:33:11 PM    7   14.63    0.00   19.51    0.00    0.00    4.07    0.00    0.00    0.00   61.79

12:33:11 PM  CPU    %usr   %nice    %sys %iowait    %irq   %soft  %steal  %guest  %gnice   %idle
12:33:12 PM  all   12.50    0.00   20.16    0.23    0.00    4.17    0.00    0.00    0.00   62.95
12:33:12 PM    0    7.21    0.00   22.52    0.90    0.00    4.50    0.00    0.00    0.00   64.86
12:33:12 PM    1    7.27    0.00   20.00    0.00    0.00    5.45    0.00    0.00    0.00   67.27
12:33:12 PM    2    8.62    0.00   26.72    0.00    0.00    3.45    0.00    0.00    0.00   61.21
12:33:12 PM    3    9.35    0.00   18.69    0.00    0.00    4.67    0.00    0.00    0.00   67.29
12:33:12 PM    4   17.86    0.00   17.86    0.00    0.00    3.57    0.00    0.00    0.00   60.71
12:33:12 PM    5   17.86    0.00   19.64    0.89    0.00    2.68    0.00    0.00    0.00   58.93
12:33:12 PM    6   15.60    0.00   17.43    0.00    0.00    4.59    0.00    0.00    0.00   62.39
12:33:12 PM    7   16.22    0.00   18.02    0.00    0.00    4.50    0.00    0.00    0.00   61.26

12:33:12 PM  CPU    %usr   %nice    %sys %iowait    %irq   %soft  %steal  %guest  %gnice   %idle
12:33:13 PM  all   11.41    0.00   19.71    0.00    0.00    4.10    0.00    0.00    0.00   64.78
12:33:13 PM    0   10.43    0.00   19.13    0.00    0.00    4.35    0.00    0.00    0.00   66.09
12:33:13 PM    1    8.26    0.00   20.18    0.00    0.00    2.75    0.00    0.00    0.00   68.81
12:33:13 PM    2    7.89    0.00   22.81    0.00    0.00    4.39    0.00    0.00    0.00   64.91
12:33:13 PM    3    9.01    0.00   18.02    0.00    0.00    6.31    0.00    0.00    0.00   66.67
12:33:13 PM    4   14.68    0.00   16.51    0.00    0.00    4.59    0.00    0.00    0.00   64.22
12:33:13 PM    5   16.95    0.00   18.64    0.00    0.00    3.39    0.00    0.00    0.00   61.02
12:33:13 PM    6   11.61    0.00   21.43    0.00    0.00    3.57    0.00    0.00    0.00   63.39
12:33:13 PM    7   12.17    0.00   20.87    0.00    0.00    3.48    0.00    0.00    0.00   63.48

12:33:13 PM  CPU    %usr   %nice    %sys %iowait    %irq   %soft  %steal  %guest  %gnice   %idle
12:33:14 PM  all    9.99    0.00   14.76    0.00    0.00    1.55    0.00    0.00    0.00   73.70
12:33:14 PM    0    7.34    0.00   14.68    0.00    0.00    2.75    0.00    0.00    0.00   75.23
12:33:14 PM    1    8.93    0.00   16.96    0.00    0.00    1.79    0.00    0.00    0.00   72.32
12:33:14 PM    2   10.62    0.00   14.16    0.00    0.00    1.77    0.00    0.00    0.00   73.45
12:33:14 PM    3   11.21    0.00   17.24    0.00    0.00    1.72    0.00    0.00    0.00   69.83
12:33:14 PM    4   13.45    0.00   15.13    0.00    0.00    0.84    0.00    0.00    0.00   70.59
12:33:14 PM    5    7.21    0.00   14.41    0.00    0.00    0.90    0.00    0.00    0.00   77.48
12:33:14 PM    6   10.09    0.00   11.01    0.00    0.00    1.83    0.00    0.00    0.00   77.06
12:33:14 PM    7   10.71    0.00   14.29    0.00    0.00    0.89    0.00    0.00    0.00   74.11

12:33:14 PM  CPU    %usr   %nice    %sys %iowait    %irq   %soft  %steal  %guest  %gnice   %idle
12:33:15 PM  all    9.72    0.00   14.69    0.00    0.00    1.69    0.00    0.00    0.00   73.90
12:33:15 PM    0    9.26    0.00   13.89    0.00    0.00    1.85    0.00    0.00    0.00   75.00
12:33:15 PM    1    7.27    0.00   15.45    0.00    0.00    2.73    0.00    0.00    0.00   74.55
12:33:15 PM    2    8.26    0.00   12.84    0.00    0.00    2.75    0.00    0.00    0.00   76.15
12:33:15 PM    3    9.09    0.00   14.55    0.00    0.00    0.91    0.00    0.00    0.00   75.45
12:33:15 PM    4    9.73    0.00   15.93    0.00    0.00    1.77    0.00    0.00    0.00   72.57
12:33:15 PM    5   10.91    0.00   14.55    0.00    0.00    0.91    0.00    0.00    0.00   73.64
12:33:15 PM    6   12.28    0.00   15.79    0.00    0.00    1.75    0.00    0.00    0.00   70.18
12:33:15 PM    7   10.81    0.00   14.41    0.00    0.00    0.90    0.00    0.00    0.00   73.87

12:33:15 PM  CPU    %usr   %nice    %sys %iowait    %irq   %soft  %steal  %guest  %gnice   %idle
12:33:16 PM  all   13.68    0.00   20.52    0.00    0.00    3.07    0.00    0.00    0.00   62.74
12:33:16 PM    0   11.54    0.00   21.15    0.00    0.00    2.88    0.00    0.00    0.00   64.42
12:33:16 PM    1   12.84    0.00   21.10    0.00    0.00    2.75    0.00    0.00    0.00   63.30
12:33:16 PM    2   11.88    0.00   21.78    0.00    0.00    1.98    0.00    0.00    0.00   64.36
12:33:16 PM    3   11.82    0.00   24.55    0.00    0.00    3.64    0.00    0.00    0.00   60.00
12:33:16 PM    4   13.89    0.00   17.59    0.00    0.00    4.63    0.00    0.00    0.00   63.89
12:33:16 PM    5   13.46    0.00   20.19    0.00    0.00    5.77    0.00    0.00    0.00   60.58
12:33:16 PM    6   17.31    0.00   17.31    0.00    0.00    0.96    0.00    0.00    0.00   64.42
12:33:16 PM    7   16.67    0.00   20.37    0.00    0.00    1.85    0.00    0.00    0.00   61.11

12:33:16 PM  CPU    %usr   %nice    %sys %iowait    %irq   %soft  %steal  %guest  %gnice   %idle
12:33:17 PM  all    7.56    0.00   11.40    0.35    0.00    1.86    0.00    0.00    0.00   78.84
12:33:17 PM    0    6.48    0.00   12.96    0.00    0.00    2.78    0.00    0.00    0.00   77.78
12:33:17 PM    1    7.55    0.00   10.38    0.94    0.00    2.83    0.00    0.00    0.00   78.30
12:33:17 PM    2    6.42    0.00   12.84    0.92    0.00    1.83    0.00    0.00    0.00   77.98
12:33:17 PM    3    8.26    0.00   14.68    0.00    0.00    1.83    0.00    0.00    0.00   75.23
12:33:17 PM    4   10.91    0.00   10.00    0.00    0.00    1.82    0.00    0.00    0.00   77.27
12:33:17 PM    5    9.35    0.00    8.41    0.00    0.00    1.87    0.00    0.00    0.00   80.37
12:33:17 PM    6    4.67    0.00   12.15    0.93    0.00    1.87    0.00    0.00    0.00   80.37
12:33:17 PM    7    6.73    0.00    9.62    0.00    0.00    0.00    0.00    0.00    0.00   83.65

12:33:17 PM  CPU    %usr   %nice    %sys %iowait    %irq   %soft  %steal  %guest  %gnice   %idle
12:33:18 PM  all   11.71    0.00   15.81    0.00    0.00    2.34    0.00    0.00    0.00   70.14
12:33:18 PM    0   10.38    0.00   16.98    0.00    0.00    2.83    0.00    0.00    0.00   69.81
12:33:18 PM    1   12.15    0.00   18.69    0.00    0.00    1.87    0.00    0.00    0.00   67.29
12:33:18 PM    2   12.73    0.00   15.45    0.00    0.00    4.55    0.00    0.00    0.00   67.27
12:33:18 PM    3    8.74    0.00   17.48    0.00    0.00    1.94    0.00    0.00    0.00   71.84
12:33:18 PM    4   12.15    0.00   15.89    0.00    0.00    1.87    0.00    0.00    0.00   70.09
12:33:18 PM    5   12.04    0.00   13.89    0.00    0.00    1.85    0.00    0.00    0.00   72.22
12:33:18 PM    6   10.00    0.00   13.00    0.00    0.00    1.00    0.00    0.00    0.00   76.00
12:33:18 PM    7   15.04    0.00   15.04    0.00    0.00    2.65    0.00    0.00    0.00   67.26

12:33:18 PM  CPU    %usr   %nice    %sys %iowait    %irq   %soft  %steal  %guest  %gnice   %idle
12:33:19 PM  all    8.57    0.00    9.78    0.60    0.00    1.69    0.00    0.00    0.00   79.35
12:33:19 PM    0    7.84    0.00   10.78    0.00    0.00    0.98    0.00    0.00    0.00   80.39
12:33:19 PM    1    7.69    0.00    9.62    0.00    0.00    2.88    0.00    0.00    0.00   79.81
12:33:19 PM    2    8.41    0.00   13.08    0.00    0.00    1.87    0.00    0.00    0.00   76.64
12:33:19 PM    3    6.00    0.00   10.00    0.00    0.00    2.00    0.00    0.00    0.00   82.00
12:33:19 PM    4   11.32    0.00    6.60    0.00    0.00    1.89    0.00    0.00    0.00   80.19
12:33:19 PM    5    9.62    0.00   10.58    0.00    0.00    0.96    0.00    0.00    0.00   78.85
12:33:19 PM    6    9.52    0.00    9.52    1.90    0.00    1.90    0.00    0.00    0.00   77.14
12:33:19 PM    7    8.00    0.00    8.00    3.00    0.00    1.00    0.00    0.00    0.00   80.00

12:33:19 PM  CPU    %usr   %nice    %sys %iowait    %irq   %soft  %steal  %guest  %gnice   %idle
12:33:20 PM  all    7.38    0.00   10.88    0.00    0.00    2.06    0.00    0.00    0.00   79.69
12:33:20 PM    0    7.34    0.00   13.76    0.00    0.00    2.75    0.00    0.00    0.00   76.15
12:33:20 PM    1    5.77    0.00   12.50    0.00    0.00    2.88    0.00    0.00    0.00   78.85
12:33:20 PM    2    6.73    0.00   14.42    0.00    0.00    1.92    0.00    0.00    0.00   76.92
12:33:20 PM    3    7.00    0.00   11.00    0.00    0.00    1.00    0.00    0.00    0.00   81.00
12:33:20 PM    4   11.11    0.00    9.26    0.00    0.00    1.85    0.00    0.00    0.00   77.78
12:33:20 PM    5    6.93    0.00    9.90    0.00    0.00    0.99    0.00    0.00    0.00   82.18
12:33:20 PM    6    9.52    0.00    8.57    0.00    0.00    2.86    0.00    0.00    0.00   79.05
12:33:20 PM    7    4.17    0.00    7.29    0.00    0.00    2.08    0.00    0.00    0.00   86.46

12:33:20 PM  CPU    %usr   %nice    %sys %iowait    %irq   %soft  %steal  %guest  %gnice   %idle
12:33:21 PM  all    9.25    0.00   13.64    0.00    0.00    2.37    0.00    0.00    0.00   74.73
12:33:21 PM    0    3.85    0.00   16.35    0.00    0.00    2.88    0.00    0.00    0.00   76.92
12:33:21 PM    1    6.86    0.00   13.73    0.00    0.00    2.94    0.00    0.00    0.00   76.47
12:33:21 PM    2    9.52    0.00   13.33    0.00    0.00    1.90    0.00    0.00    0.00   75.24
12:33:21 PM    3    6.42    0.00   15.60    0.00    0.00    2.75    0.00    0.00    0.00   75.23
12:33:21 PM    4   13.76    0.00   11.93    0.00    0.00    1.83    0.00    0.00    0.00   72.48
12:33:21 PM    5    8.57    0.00   13.33    0.00    0.00    3.81    0.00    0.00    0.00   74.29
12:33:21 PM    6   10.89    0.00   11.88    0.00    0.00    1.98    0.00    0.00    0.00   75.25
12:33:21 PM    7   13.89    0.00   12.96    0.00    0.00    0.93    0.00    0.00    0.00   72.22

12:33:21 PM  CPU    %usr   %nice    %sys %iowait    %irq   %soft  %steal  %guest  %gnice   %idle
12:33:22 PM  all   12.74    0.00   19.39    0.34    0.00    3.83    0.00    0.00    0.00   63.70
12:33:22 PM    0    7.48    0.00   17.76    0.00    0.00    5.61    0.00    0.00    0.00   69.16
12:33:22 PM    1    9.26    0.00   18.52    0.00    0.00    2.78    0.00    0.00    0.00   69.44
12:33:22 PM    2    7.14    0.00   25.00    1.79    0.00    3.57    0.00    0.00    0.00   62.50
12:33:22 PM    3    6.73    0.00   22.12    0.96    0.00    1.92    0.00    0.00    0.00   68.27
12:33:22 PM    4   15.52    0.00   19.83    0.00    0.00    5.17    0.00    0.00    0.00   59.48
12:33:22 PM    5   19.30    0.00   17.54    0.00    0.00    3.51    0.00    0.00    0.00   59.65
12:33:22 PM    6   20.87    0.00   16.52    0.00    0.00    3.48    0.00    0.00    0.00   59.13
12:33:22 PM    7   14.41    0.00   18.02    0.00    0.00    4.50    0.00    0.00    0.00   63.06

12:33:22 PM  CPU    %usr   %nice    %sys %iowait    %irq   %soft  %steal  %guest  %gnice   %idle
12:33:23 PM  all    5.41    0.00    3.96    0.00    0.00    1.06    0.00    0.00    0.00   89.58
12:33:23 PM    0    4.30    0.00    4.30    0.00    0.00    0.00    0.00    0.00    0.00   91.40
12:33:23 PM    1    3.23    0.00    5.38    0.00    0.00    1.08    0.00    0.00    0.00   90.32
12:33:23 PM    2    6.25    0.00    5.21    0.00    0.00    0.00    0.00    0.00    0.00   88.54
12:33:23 PM    3    4.21    0.00    3.16    0.00    0.00    2.11    0.00    0.00    0.00   90.53
12:33:23 PM    4    6.19    0.00    5.15    0.00    0.00    2.06    0.00    0.00    0.00   86.60
12:33:23 PM    5    4.30    0.00    4.30    0.00    0.00    1.08    0.00    0.00    0.00   90.32
12:33:23 PM    6    6.32    0.00    2.11    0.00    0.00    1.05    0.00    0.00    0.00   90.53
12:33:23 PM    7    8.33    0.00    2.08    0.00    0.00    1.04    0.00    0.00    0.00   88.54
