Linux 6.6.87.2-microsoft-standard-WSL2 (Udeepa-ASUS) 	04/15/26 	_x86_64_	(4 CPU)

22:41:23     CPU    %usr   %nice    %sys %iowait    %irq   %soft  %steal  %guest  %gnice   %idle
22:41:24     all    0.75    0.00    0.50    0.00    0.00    0.00    0.00    0.00    0.00   98.74
22:41:24       0    3.00    0.00    2.00    0.00    0.00    0.00    0.00    0.00    0.00   95.00
22:41:24       1    0.00    0.00    0.00    0.00    0.00    0.00    0.00    0.00    0.00  100.00
22:41:24       2    0.00    0.00    0.00    0.00    0.00    0.00    0.00    0.00    0.00  100.00
22:41:24       3    0.00    0.00    0.00    0.00    0.00    0.00    0.00    0.00    0.00  100.00

22:41:24     CPU    %usr   %nice    %sys %iowait    %irq   %soft  %steal  %guest  %gnice   %idle
22:41:25     all    0.00    0.00    0.00    0.00    0.00    0.00    0.00    0.00    0.00  100.00
22:41:25       0    0.00    0.00    0.00    0.00    0.00    0.00    0.00    0.00    0.00  100.00
22:41:25       1    0.00    0.00    0.00    0.00    0.00    0.00    0.00    0.00    0.00  100.00
22:41:25       2    0.00    0.00    0.00    0.00    0.00    0.00    0.00    0.00    0.00  100.00
22:41:25       3    0.00    0.00    0.00    0.00    0.00    0.00    0.00    0.00    0.00  100.00

22:41:25     CPU    %usr   %nice    %sys %iowait    %irq   %soft  %steal  %guest  %gnice   %idle
22:41:26     all    0.00    0.00    0.75    0.00    0.00    0.25    0.00    0.00    0.00   99.00
22:41:26       0    0.00    0.00    1.01    0.00    0.00    0.00    0.00    0.00    0.00   98.99
22:41:26       1    0.00    0.00    1.00    0.00    0.00    0.00    0.00    0.00    0.00   99.00
22:41:26       2    0.00    0.00    0.00    0.00    0.00    1.00    0.00    0.00    0.00   99.00
22:41:26       3    0.00    0.00    1.00    0.00    0.00    0.00    0.00    0.00    0.00   99.00

22:41:26     CPU    %usr   %nice    %sys %iowait    %irq   %soft  %steal  %guest  %gnice   %idle
22:41:27     all    1.00    0.00    1.75    0.50    0.00    0.75    0.00    0.00    0.00   96.00
22:41:27       0    2.97    0.00    3.96    0.99    0.00    0.99    0.00    0.00    0.00   91.09
22:41:27       1    0.00    0.00    0.99    0.99    0.00    1.98    0.00    0.00    0.00   96.04
22:41:27       2    1.01    0.00    1.01    0.00    0.00    0.00    0.00    0.00    0.00   97.98
22:41:27       3    0.00    0.00    1.01    0.00    0.00    0.00    0.00    0.00    0.00   98.99

22:41:27     CPU    %usr   %nice    %sys %iowait    %irq   %soft  %steal  %guest  %gnice   %idle
22:41:28     all    0.76    0.00    1.26    0.00    0.00    0.51    0.00    0.00    0.00   97.47
22:41:28       0    2.02    0.00    2.02    0.00    0.00    0.00    0.00    0.00    0.00   95.96
22:41:28       1    1.00    0.00    0.00    0.00    0.00    1.00    0.00    0.00    0.00   98.00
22:41:28       2    0.00    0.00    1.01    0.00    0.00    1.01    0.00    0.00    0.00   97.98
22:41:28       3    0.00    0.00    2.04    0.00    0.00    0.00    0.00    0.00    0.00   97.96

22:41:28     CPU    %usr   %nice    %sys %iowait    %irq   %soft  %steal  %guest  %gnice   %idle
22:41:29     all    0.25    0.00    1.27    0.00    0.00    0.00    0.00    0.00    0.00   98.48
22:41:29       0    1.01    0.00    2.02    0.00    0.00    0.00    0.00    0.00    0.00   96.97
22:41:29       1    0.00    0.00    1.01    0.00    0.00    0.00    0.00    0.00    0.00   98.99
22:41:29       2    0.00    0.00    0.00    0.00    0.00    0.00    0.00    0.00    0.00  100.00
22:41:29       3    0.00    0.00    2.00    0.00    0.00    0.00    0.00    0.00    0.00   98.00

22:41:29     CPU    %usr   %nice    %sys %iowait    %irq   %soft  %steal  %guest  %gnice   %idle
22:41:30     all    0.75    0.00    0.75    0.00    0.00    1.00    0.00    0.00    0.00   97.49
22:41:30       0    2.00    0.00    1.00    0.00    0.00    1.00    0.00    0.00    0.00   96.00
22:41:30       1    1.00    0.00    1.00    0.00    0.00    1.00    0.00    0.00    0.00   97.00
22:41:30       2    0.00    0.00    1.00    0.00    0.00    1.00    0.00    0.00    0.00   98.00
22:41:30       3    0.00    0.00    0.00    0.00    0.00    1.01    0.00    0.00    0.00   98.99

22:41:30     CPU    %usr   %nice    %sys %iowait    %irq   %soft  %steal  %guest  %gnice   %idle
22:41:31     all    0.25    0.00    1.01    0.00    0.00    0.50    0.00    0.00    0.00   98.24
22:41:31       0    0.00    0.00    1.01    0.00    0.00    2.02    0.00    0.00    0.00   96.97
22:41:31       1    0.00    0.00    1.00    0.00    0.00    0.00    0.00    0.00    0.00   99.00
22:41:31       2    0.00    0.00    1.01    0.00    0.00    0.00    0.00    0.00    0.00   98.99
22:41:31       3    1.00    0.00    1.00    0.00    0.00    0.00    0.00    0.00    0.00   98.00

22:41:31     CPU    %usr   %nice    %sys %iowait    %irq   %soft  %steal  %guest  %gnice   %idle
22:41:32     all    0.51    0.00    1.52    0.00    0.00    0.00    0.00    0.00    0.00   97.97
22:41:32       0    2.00    0.00    2.00    0.00    0.00    0.00    0.00    0.00    0.00   96.00
22:41:32       1    0.00    0.00    2.04    0.00    0.00    0.00    0.00    0.00    0.00   97.96
22:41:32       2    0.00    0.00    1.01    0.00    0.00    0.00    0.00    0.00    0.00   98.99
22:41:32       3    0.00    0.00    1.02    0.00    0.00    0.00    0.00    0.00    0.00   98.98

22:41:32     CPU    %usr   %nice    %sys %iowait    %irq   %soft  %steal  %guest  %gnice   %idle
22:41:33     all    0.26    0.00    2.05    0.00    0.00    0.77    0.00    0.00    0.00   96.93
22:41:33       0    1.01    0.00    3.03    0.00    0.00    1.01    0.00    0.00    0.00   94.95
22:41:33       1    0.00    0.00    1.08    0.00    0.00    1.08    0.00    0.00    0.00   97.85
22:41:33       2    0.00    0.00    2.02    0.00    0.00    1.01    0.00    0.00    0.00   96.97
22:41:33       3    0.00    0.00    2.00    0.00    0.00    0.00    0.00    0.00    0.00   98.00

22:41:33     CPU    %usr   %nice    %sys %iowait    %irq   %soft  %steal  %guest  %gnice   %idle
22:41:34     all    0.51    0.00    1.01    0.00    0.00    0.25    0.00    0.00    0.00   98.23
22:41:34       0    1.03    0.00    1.03    0.00    0.00    0.00    0.00    0.00    0.00   97.94
22:41:34       1    0.00    0.00    1.00    0.00    0.00    1.00    0.00    0.00    0.00   98.00
22:41:34       2    1.00    0.00    1.00    0.00    0.00    0.00    0.00    0.00    0.00   98.00
22:41:34       3    0.00    0.00    1.02    0.00    0.00    0.00    0.00    0.00    0.00   98.98

22:41:34     CPU    %usr   %nice    %sys %iowait    %irq   %soft  %steal  %guest  %gnice   %idle
22:41:35     all    0.50    0.00    1.26    0.00    0.00    0.00    0.00    0.00    0.00   98.24
22:41:35       0    0.00    0.00    3.03    0.00    0.00    0.00    0.00    0.00    0.00   96.97
22:41:35       1    0.00    0.00    1.01    0.00    0.00    0.00    0.00    0.00    0.00   98.99
22:41:35       2    1.00    0.00    0.00    0.00    0.00    0.00    0.00    0.00    0.00   99.00
22:41:35       3    1.01    0.00    1.01    0.00    0.00    0.00    0.00    0.00    0.00   97.98

22:41:35     CPU    %usr   %nice    %sys %iowait    %irq   %soft  %steal  %guest  %gnice   %idle
22:41:36     all    0.76    0.00    0.76    0.00    0.00    0.76    0.00    0.00    0.00   97.73
22:41:36       0    1.02    0.00    0.00    0.00    0.00    2.04    0.00    0.00    0.00   96.94
22:41:36       1    1.01    0.00    0.00    0.00    0.00    0.00    0.00    0.00    0.00   98.99
22:41:36       2    0.00    0.00    2.02    0.00    0.00    0.00    0.00    0.00    0.00   97.98
22:41:36       3    0.99    0.00    0.99    0.00    0.00    0.99    0.00    0.00    0.00   97.03

22:41:36     CPU    %usr   %nice    %sys %iowait    %irq   %soft  %steal  %guest  %gnice   %idle
22:41:37     all    0.25    0.00    1.51    0.25    0.00    0.25    0.00    0.00    0.00   97.74
22:41:37       0    1.00    0.00    2.00    0.00    0.00    1.00    0.00    0.00    0.00   96.00
22:41:37       1    0.00    0.00    1.98    0.99    0.00    0.00    0.00    0.00    0.00   97.03
22:41:37       2    0.00    0.00    1.02    0.00    0.00    0.00    0.00    0.00    0.00   98.98
22:41:37       3    0.00    0.00    1.01    0.00    0.00    0.00    0.00    0.00    0.00   98.99

22:41:37     CPU    %usr   %nice    %sys %iowait    %irq   %soft  %steal  %guest  %gnice   %idle
22:41:38     all    0.50    0.00    1.76    0.00    0.00    0.25    0.00    0.00    0.00   97.48
22:41:38       0    1.01    0.00    2.02    0.00    0.00    1.01    0.00    0.00    0.00   95.96
22:41:38       1    0.00    0.00    1.01    0.00    0.00    0.00    0.00    0.00    0.00   98.99
22:41:38       2    1.00    0.00    2.00    0.00    0.00    0.00    0.00    0.00    0.00   97.00
22:41:38       3    0.00    0.00    2.02    0.00    0.00    0.00    0.00    0.00    0.00   97.98

22:41:38     CPU    %usr   %nice    %sys %iowait    %irq   %soft  %steal  %guest  %gnice   %idle
22:41:39     all    0.25    0.00    1.75    0.00    0.00    0.50    0.00    0.00    0.00   97.49
22:41:39       0    1.00    0.00    2.00    0.00    0.00    1.00    0.00    0.00    0.00   96.00
22:41:39       1    0.00    0.00    1.01    0.00    0.00    0.00    0.00    0.00    0.00   98.99
22:41:39       2    0.00    0.00    2.97    0.00    0.00    0.99    0.00    0.00    0.00   96.04
22:41:39       3    0.00    0.00    1.01    0.00    0.00    0.00    0.00    0.00    0.00   98.99

22:41:39     CPU    %usr   %nice    %sys %iowait    %irq   %soft  %steal  %guest  %gnice   %idle
22:41:40     all    0.00    0.00    0.76    0.00    0.00    0.76    0.00    0.00    0.00   98.48
22:41:40       0    0.00    0.00    2.04    0.00    0.00    1.02    0.00    0.00    0.00   96.94
22:41:40       1    0.00    0.00    0.00    0.00    0.00    2.00    0.00    0.00    0.00   98.00
22:41:40       2    0.00    0.00    0.00    0.00    0.00    0.00    0.00    0.00    0.00  100.00
22:41:40       3    0.00    0.00    1.02    0.00    0.00    0.00    0.00    0.00    0.00   98.98

22:41:40     CPU    %usr   %nice    %sys %iowait    %irq   %soft  %steal  %guest  %gnice   %idle
22:41:41     all    0.51    0.00    0.76    0.00    0.00    0.51    0.00    0.00    0.00   98.23
22:41:41       0    1.01    0.00    1.01    0.00    0.00    1.01    0.00    0.00    0.00   96.97
22:41:41       1    0.00    0.00    1.00    0.00    0.00    0.00    0.00    0.00    0.00   99.00
22:41:41       2    1.01    0.00    0.00    0.00    0.00    1.01    0.00    0.00    0.00   97.98
22:41:41       3    0.00    0.00    1.02    0.00    0.00    0.00    0.00    0.00    0.00   98.98

22:41:41     CPU    %usr   %nice    %sys %iowait    %irq   %soft  %steal  %guest  %gnice   %idle
22:41:42     all    0.75    0.00    2.25    0.00    0.00    0.25    0.00    0.00    0.00   96.75
22:41:42       0    1.01    0.00    3.03    0.00    0.00    0.00    0.00    0.00    0.00   95.96
22:41:42       1    1.00    0.00    1.00    0.00    0.00    1.00    0.00    0.00    0.00   97.00
22:41:42       2    0.00    0.00    2.00    0.00    0.00    0.00    0.00    0.00    0.00   98.00
22:41:42       3    0.99    0.00    2.97    0.00    0.00    0.00    0.00    0.00    0.00   96.04

22:41:42     CPU    %usr   %nice    %sys %iowait    %irq   %soft  %steal  %guest  %gnice   %idle
22:41:43     all    0.25    0.00    1.26    0.00    0.00    0.51    0.00    0.00    0.00   97.98
22:41:43       0    0.00    0.00    4.04    0.00    0.00    1.01    0.00    0.00    0.00   94.95
22:41:43       1    0.00    0.00    0.99    0.00    0.00    0.99    0.00    0.00    0.00   98.02
22:41:43       2    0.00    0.00    0.00    0.00    0.00    0.00    0.00    0.00    0.00  100.00
22:41:43       3    1.02    0.00    0.00    0.00    0.00    0.00    0.00    0.00    0.00   98.98

22:41:43     CPU    %usr   %nice    %sys %iowait    %irq   %soft  %steal  %guest  %gnice   %idle
22:41:44     all    0.75    0.00    1.00    0.00    0.00    0.75    0.00    0.00    0.00   97.49
22:41:44       0    2.02    0.00    1.01    0.00    0.00    1.01    0.00    0.00    0.00   95.96
22:41:44       1    0.00    0.00    0.00    0.00    0.00    1.00    0.00    0.00    0.00   99.00
22:41:44       2    1.00    0.00    1.00    0.00    0.00    1.00    0.00    0.00    0.00   97.00
22:41:44       3    0.00    0.00    2.00    0.00    0.00    0.00    0.00    0.00    0.00   98.00

22:41:44     CPU    %usr   %nice    %sys %iowait    %irq   %soft  %steal  %guest  %gnice   %idle
22:41:45     all    0.00    0.00    2.01    0.00    0.00    0.75    0.00    0.00    0.00   97.24
22:41:45       0    0.00    0.00    2.06    0.00    0.00    0.00    0.00    0.00    0.00   97.94
22:41:45       1    0.00    0.00    2.00    0.00    0.00    1.00    0.00    0.00    0.00   97.00
22:41:45       2    0.00    0.00    1.00    0.00    0.00    1.00    0.00    0.00    0.00   98.00
22:41:45       3    0.00    0.00    2.97    0.00    0.00    0.99    0.00    0.00    0.00   96.04

22:41:45     CPU    %usr   %nice    %sys %iowait    %irq   %soft  %steal  %guest  %gnice   %idle
22:41:46     all    0.25    0.00    1.02    0.00    0.00    0.51    0.00    0.00    0.00   98.22
22:41:46       0    0.00    0.00    1.02    0.00    0.00    2.04    0.00    0.00    0.00   96.94
22:41:46       1    0.00    0.00    0.00    0.00    0.00    0.00    0.00    0.00    0.00  100.00
22:41:46       2    1.00    0.00    2.00    0.00    0.00    0.00    0.00    0.00    0.00   97.00
22:41:46       3    0.00    0.00    1.02    0.00    0.00    0.00    0.00    0.00    0.00   98.98

22:41:46     CPU    %usr   %nice    %sys %iowait    %irq   %soft  %steal  %guest  %gnice   %idle
22:41:47     all    0.50    0.00    2.01    0.25    0.00    0.00    0.00    0.00    0.00   97.24
22:41:47       0    2.02    0.00    2.02    0.00    0.00    0.00    0.00    0.00    0.00   95.96
22:41:47       1    0.00    0.00    1.00    1.00    0.00    0.00    0.00    0.00    0.00   98.00
22:41:47       2    0.00    0.00    3.00    0.00    0.00    0.00    0.00    0.00    0.00   97.00
22:41:47       3    0.00    0.00    2.02    0.00    0.00    0.00    0.00    0.00    0.00   97.98

22:41:47     CPU    %usr   %nice    %sys %iowait    %irq   %soft  %steal  %guest  %gnice   %idle
22:41:48     all    0.75    0.00    1.75    0.00    0.00    0.50    0.00    0.00    0.00   96.99
22:41:48       0    2.04    0.00    2.04    0.00    0.00    0.00    0.00    0.00    0.00   95.92
22:41:48       1    0.99    0.00    0.99    0.00    0.00    0.99    0.00    0.00    0.00   97.03
22:41:48       2    0.00    0.00    1.01    0.00    0.00    0.00    0.00    0.00    0.00   98.99
22:41:48       3    0.00    0.00    2.97    0.00    0.00    0.99    0.00    0.00    0.00   96.04

22:41:48     CPU    %usr   %nice    %sys %iowait    %irq   %soft  %steal  %guest  %gnice   %idle
22:41:49     all    0.25    0.00    1.26    0.00    0.00    0.75    0.00    0.00    0.00   97.74
22:41:49       0    1.00    0.00    2.00    0.00    0.00    1.00    0.00    0.00    0.00   96.00
22:41:49       1    0.00    0.00    1.00    0.00    0.00    1.00    0.00    0.00    0.00   98.00
22:41:49       2    0.00    0.00    1.01    0.00    0.00    1.01    0.00    0.00    0.00   97.98
22:41:49       3    0.00    0.00    1.01    0.00    0.00    0.00    0.00    0.00    0.00   98.99

22:41:49     CPU    %usr   %nice    %sys %iowait    %irq   %soft  %steal  %guest  %gnice   %idle
22:41:50     all    0.51    0.00    1.77    0.00    0.00    0.25    0.00    0.00    0.00   97.47
22:41:50       0    1.02    0.00    2.04    0.00    0.00    1.02    0.00    0.00    0.00   95.92
22:41:50       1    0.00    0.00    1.01    0.00    0.00    0.00    0.00    0.00    0.00   98.99
22:41:50       2    1.00    0.00    2.00    0.00    0.00    0.00    0.00    0.00    0.00   97.00
22:41:50       3    0.00    0.00    2.02    0.00    0.00    0.00    0.00    0.00    0.00   97.98

22:41:50     CPU    %usr   %nice    %sys %iowait    %irq   %soft  %steal  %guest  %gnice   %idle
22:41:51     all    0.75    0.00    1.25    0.00    0.00    0.25    0.00    0.00    0.00   97.74
22:41:51       0    2.00    0.00    2.00    0.00    0.00    0.00    0.00    0.00    0.00   96.00
22:41:51       1    0.00    0.00    1.01    0.00    0.00    0.00    0.00    0.00    0.00   98.99
22:41:51       2    0.99    0.00    0.99    0.00    0.00    0.99    0.00    0.00    0.00   97.03
22:41:51       3    0.00    0.00    1.01    0.00    0.00    0.00    0.00    0.00    0.00   98.99

22:41:51     CPU    %usr   %nice    %sys %iowait    %irq   %soft  %steal  %guest  %gnice   %idle
22:41:52     all    0.51    0.00    1.01    0.00    0.00    0.25    0.00    0.00    0.00   98.23
22:41:52       0    0.00    0.00    2.04    0.00    0.00    1.02    0.00    0.00    0.00   96.94
22:41:52       1    1.00    0.00    1.00    0.00    0.00    0.00    0.00    0.00    0.00   98.00
22:41:52       2    0.00    0.00    0.00    0.00    0.00    0.00    0.00    0.00    0.00  100.00
22:41:52       3    1.00    0.00    1.00    0.00    0.00    0.00    0.00    0.00    0.00   98.00

22:41:52     CPU    %usr   %nice    %sys %iowait    %irq   %soft  %steal  %guest  %gnice   %idle
22:41:54     all    1.01    0.00    1.01    0.00    0.00    0.76    0.00    0.00    0.00   97.23
22:41:54       0    2.02    0.00    1.01    0.00    0.00    1.01    0.00    0.00    0.00   95.96
22:41:54       1    0.00    0.00    0.00    0.00    0.00    1.01    0.00    0.00    0.00   98.99
22:41:54       2    1.01    0.00    1.01    0.00    0.00    0.00    0.00    0.00    0.00   97.98
22:41:54       3    1.00    0.00    2.00    0.00    0.00    1.00    0.00    0.00    0.00   96.00

22:41:54     CPU    %usr   %nice    %sys %iowait    %irq   %soft  %steal  %guest  %gnice   %idle
22:41:55     all    0.25    0.00    1.76    0.00    0.00    0.50    0.00    0.00    0.00   97.49
22:41:55       0    1.01    0.00    2.02    0.00    0.00    1.01    0.00    0.00    0.00   95.96
22:41:55       1    0.00    0.00    1.00    0.00    0.00    1.00    0.00    0.00    0.00   98.00
22:41:55       2    0.00    0.00    2.00    0.00    0.00    0.00    0.00    0.00    0.00   98.00
22:41:55       3    0.00    0.00    2.02    0.00    0.00    0.00    0.00    0.00    0.00   97.98

22:41:55     CPU    %usr   %nice    %sys %iowait    %irq   %soft  %steal  %guest  %gnice   %idle
22:41:56     all    0.25    0.00    0.76    0.00    0.00    0.51    0.00    0.00    0.00   98.48
22:41:56       0    1.02    0.00    1.02    0.00    0.00    1.02    0.00    0.00    0.00   96.94
22:41:56       1    0.00    0.00    0.00    0.00    0.00    0.00    0.00    0.00    0.00  100.00
22:41:56       2    0.00    0.00    1.02    0.00    0.00    0.00    0.00    0.00    0.00   98.98
22:41:56       3    0.00    0.00    1.00    0.00    0.00    1.00    0.00    0.00    0.00   98.00

22:41:56     CPU    %usr   %nice    %sys %iowait    %irq   %soft  %steal  %guest  %gnice   %idle
22:41:57     all    0.25    0.00    1.01    0.00    0.00    0.75    0.00    0.00    0.00   97.99
22:41:57       0    0.00    0.00    2.00    0.00    0.00    2.00    0.00    0.00    0.00   96.00
22:41:57       1    0.00    0.00    0.00    0.00    0.00    0.00    0.00    0.00    0.00  100.00
22:41:57       2    1.00    0.00    1.00    0.00    0.00    1.00    0.00    0.00    0.00   97.00
22:41:57       3    0.00    0.00    1.00    0.00    0.00    0.00    0.00    0.00    0.00   99.00

22:41:57     CPU    %usr   %nice    %sys %iowait    %irq   %soft  %steal  %guest  %gnice   %idle
22:41:58     all    0.75    0.00    1.25    0.25    0.00    0.25    0.00    0.00    0.00   97.49
22:41:58       0    2.02    0.00    1.01    0.00    0.00    0.00    0.00    0.00    0.00   96.97
22:41:58       1    0.00    0.00    0.99    0.99    0.00    0.99    0.00    0.00    0.00   97.03
22:41:58       2    0.00    0.00    1.01    0.00    0.00    0.00    0.00    0.00    0.00   98.99
22:41:58       3    1.00    0.00    2.00    0.00    0.00    0.00    0.00    0.00    0.00   97.00

22:41:58     CPU    %usr   %nice    %sys %iowait    %irq   %soft  %steal  %guest  %gnice   %idle
22:41:59     all    0.25    0.00    1.01    0.00    0.00    0.51    0.00    0.00    0.00   98.23
22:41:59       0    1.02    0.00    1.02    0.00    0.00    1.02    0.00    0.00    0.00   96.94
22:41:59       1    0.00    0.00    1.00    0.00    0.00    1.00    0.00    0.00    0.00   98.00
22:41:59       2    0.00    0.00    0.00    0.00    0.00    0.00    0.00    0.00    0.00  100.00
22:41:59       3    0.00    0.00    2.02    0.00    0.00    0.00    0.00    0.00    0.00   97.98

22:41:59     CPU    %usr   %nice    %sys %iowait    %irq   %soft  %steal  %guest  %gnice   %idle
22:42:00     all    0.25    0.00    1.51    0.00    0.00    0.50    0.00    0.00    0.00   97.73
22:42:00       0    1.00    0.00    2.00    0.00    0.00    2.00    0.00    0.00    0.00   95.00
22:42:00       1    0.00    0.00    0.00    0.00    0.00    0.00    0.00    0.00    0.00  100.00
22:42:00       2    0.00    0.00    2.02    0.00    0.00    0.00    0.00    0.00    0.00   97.98
22:42:00       3    0.00    0.00    2.02    0.00    0.00    0.00    0.00    0.00    0.00   97.98

22:42:00     CPU    %usr   %nice    %sys %iowait    %irq   %soft  %steal  %guest  %gnice   %idle
22:42:01     all    0.50    0.00    1.50    0.00    0.00    0.50    0.00    0.00    0.00   97.49
22:42:01       0    1.00    0.00    2.00    0.00    0.00    1.00    0.00    0.00    0.00   96.00
22:42:01       1    0.00    0.00    2.00    0.00    0.00    0.00    0.00    0.00    0.00   98.00
22:42:01       2    0.00    0.00    1.00    0.00    0.00    1.00    0.00    0.00    0.00   98.00
22:42:01       3    1.01    0.00    1.01    0.00    0.00    0.00    0.00    0.00    0.00   97.98

22:42:01     CPU    %usr   %nice    %sys %iowait    %irq   %soft  %steal  %guest  %gnice   %idle
22:42:02     all    0.25    0.00    1.02    0.00    0.00    0.25    0.00    0.00    0.00   98.47
22:42:02       0    0.00    0.00    2.04    0.00    0.00    1.02    0.00    0.00    0.00   96.94
22:42:02       1    0.00    0.00    1.01    0.00    0.00    0.00    0.00    0.00    0.00   98.99
22:42:02       2    1.02    0.00    0.00    0.00    0.00    0.00    0.00    0.00    0.00   98.98
22:42:02       3    0.00    0.00    1.02    0.00    0.00    0.00    0.00    0.00    0.00   98.98

22:42:02     CPU    %usr   %nice    %sys %iowait    %irq   %soft  %steal  %guest  %gnice   %idle
22:42:03     all    0.50    0.00    1.01    0.00    0.00    0.25    0.00    0.00    0.00   98.24
22:42:03       0    1.01    0.00    2.02    0.00    0.00    0.00    0.00    0.00    0.00   96.97
22:42:03       1    0.00    0.00    1.01    0.00    0.00    0.00    0.00    0.00    0.00   98.99
22:42:03       2    1.00    0.00    1.00    0.00    0.00    1.00    0.00    0.00    0.00   97.00
22:42:03       3    0.00    0.00    0.00    0.00    0.00    0.00    0.00    0.00    0.00  100.00

22:42:03     CPU    %usr   %nice    %sys %iowait    %irq   %soft  %steal  %guest  %gnice   %idle
22:42:04     all    0.25    0.00    1.75    0.00    0.00    0.50    0.00    0.00    0.00   97.49
22:42:04       0    0.00    0.00    2.02    0.00    0.00    2.02    0.00    0.00    0.00   95.96
22:42:04       1    0.98    0.00    1.96    0.00    0.00    0.00    0.00    0.00    0.00   97.06
22:42:04       2    0.00    0.00    2.00    0.00    0.00    0.00    0.00    0.00    0.00   98.00
22:42:04       3    0.00    0.00    1.02    0.00    0.00    0.00    0.00    0.00    0.00   98.98

22:42:04     CPU    %usr   %nice    %sys %iowait    %irq   %soft  %steal  %guest  %gnice   %idle
22:42:05     all    0.50    0.00    1.00    0.00    0.00    1.00    0.00    0.00    0.00   97.49
22:42:05       0    2.00    0.00    2.00    0.00    0.00    1.00    0.00    0.00    0.00   95.00
22:42:05       1    0.00    0.00    0.00    0.00    0.00    1.98    0.00    0.00    0.00   98.02
22:42:05       2    0.00    0.00    1.01    0.00    0.00    0.00    0.00    0.00    0.00   98.99
22:42:05       3    0.00    0.00    1.01    0.00    0.00    1.01    0.00    0.00    0.00   97.98

22:42:05     CPU    %usr   %nice    %sys %iowait    %irq   %soft  %steal  %guest  %gnice   %idle
22:42:06     all    0.00    0.00    1.77    0.00    0.00    0.00    0.00    0.00    0.00   98.23
22:42:06       0    0.00    0.00    2.04    0.00    0.00    0.00    0.00    0.00    0.00   97.96
22:42:06       1    0.00    0.00    0.00    0.00    0.00    0.00    0.00    0.00    0.00  100.00
22:42:06       2    0.00    0.00    3.00    0.00    0.00    0.00    0.00    0.00    0.00   97.00
22:42:06       3    0.00    0.00    2.02    0.00    0.00    0.00    0.00    0.00    0.00   97.98

22:42:06     CPU    %usr   %nice    %sys %iowait    %irq   %soft  %steal  %guest  %gnice   %idle
22:42:07     all    0.75    0.00    1.26    0.00    0.00    0.75    0.00    0.00    0.00   97.24
22:42:07       0    3.06    0.00    1.02    0.00    0.00    0.00    0.00    0.00    0.00   95.92
22:42:07       1    0.00    0.00    1.98    0.00    0.00    0.99    0.00    0.00    0.00   97.03
22:42:07       2    0.00    0.00    1.01    0.00    0.00    1.01    0.00    0.00    0.00   97.98
22:42:07       3    0.00    0.00    1.00    0.00    0.00    1.00    0.00    0.00    0.00   98.00

22:42:07     CPU    %usr   %nice    %sys %iowait    %irq   %soft  %steal  %guest  %gnice   %idle
22:42:08     all    0.25    0.00    0.50    0.25    0.00    1.01    0.00    0.00    0.00   97.98
22:42:08       0    0.00    0.00    0.00    0.00    0.00    2.04    0.00    0.00    0.00   97.96
22:42:08       1    0.99    0.00    0.00    0.99    0.00    0.99    0.00    0.00    0.00   97.03
22:42:08       2    0.00    0.00    1.01    0.00    0.00    0.00    0.00    0.00    0.00   98.99
22:42:08       3    0.00    0.00    1.01    0.00    0.00    1.01    0.00    0.00    0.00   97.98

22:42:08     CPU    %usr   %nice    %sys %iowait    %irq   %soft  %steal  %guest  %gnice   %idle
22:42:09     all    0.25    0.00    1.01    0.00    0.00    0.50    0.00    0.00    0.00   98.24
22:42:09       0    1.02    0.00    1.02    0.00    0.00    0.00    0.00    0.00    0.00   97.96
22:42:09       1    0.00    0.00    0.00    0.00    0.00    1.98    0.00    0.00    0.00   98.02
22:42:09       2    0.00    0.00    2.02    0.00    0.00    0.00    0.00    0.00    0.00   97.98
22:42:09       3    0.00    0.00    1.01    0.00    0.00    0.00    0.00    0.00    0.00   98.99

22:42:09     CPU    %usr   %nice    %sys %iowait    %irq   %soft  %steal  %guest  %gnice   %idle
22:42:10     all    0.75    0.00    2.01    0.00    0.00    0.25    0.00    0.00    0.00   96.99
22:42:10       0    2.00    0.00    2.00    0.00    0.00    1.00    0.00    0.00    0.00   95.00
22:42:10       1    0.00    0.00    1.01    0.00    0.00    0.00    0.00    0.00    0.00   98.99
22:42:10       2    0.00    0.00    3.00    0.00    0.00    0.00    0.00    0.00    0.00   97.00
22:42:10       3    1.00    0.00    2.00    0.00    0.00    0.00    0.00    0.00    0.00   97.00

22:42:10     CPU    %usr   %nice    %sys %iowait    %irq   %soft  %steal  %guest  %gnice   %idle
22:42:11     all    0.50    0.00    1.51    0.00    0.00    0.50    0.00    0.00    0.00   97.49
22:42:11       0    0.00    0.00    3.03    0.00    0.00    1.01    0.00    0.00    0.00   95.96
22:42:11       1    0.00    0.00    1.01    0.00    0.00    0.00    0.00    0.00    0.00   98.99
22:42:11       2    1.00    0.00    1.00    0.00    0.00    0.00    0.00    0.00    0.00   98.00
22:42:11       3    1.00    0.00    1.00    0.00    0.00    1.00    0.00    0.00    0.00   97.00

22:42:11     CPU    %usr   %nice    %sys %iowait    %irq   %soft  %steal  %guest  %gnice   %idle
22:42:12     all    0.51    0.00    0.51    0.00    0.00    0.25    0.00    0.00    0.00   98.73
22:42:12       0    2.02    0.00    1.01    0.00    0.00    1.01    0.00    0.00    0.00   95.96
22:42:12       1    0.00    0.00    1.01    0.00    0.00    0.00    0.00    0.00    0.00   98.99
22:42:12       2    0.00    0.00    0.00    0.00    0.00    0.00    0.00    0.00    0.00  100.00
22:42:12       3    0.00    0.00    0.00    0.00    0.00    0.00    0.00    0.00    0.00  100.00

22:42:12     CPU    %usr   %nice    %sys %iowait    %irq   %soft  %steal  %guest  %gnice   %idle
22:42:13     all    0.26    0.00    1.28    0.00    0.00    0.26    0.00    0.00    0.00   98.21
22:42:13       0    1.04    0.00    0.00    0.00    0.00    1.04    0.00    0.00    0.00   97.92
22:42:13       1    0.00    0.00    1.01    0.00    0.00    0.00    0.00    0.00    0.00   98.99
22:42:13       2    0.00    0.00    2.02    0.00    0.00    0.00    0.00    0.00    0.00   97.98
22:42:13       3    0.00    0.00    2.04    0.00    0.00    0.00    0.00    0.00    0.00   97.96

22:42:13     CPU    %usr   %nice    %sys %iowait    %irq   %soft  %steal  %guest  %gnice   %idle
22:42:14     all    0.25    0.00    1.26    0.00    0.00    0.25    0.00    0.00    0.00   98.24
22:42:14       0    1.00    0.00    2.00    0.00    0.00    1.00    0.00    0.00    0.00   96.00
22:42:14       1    0.00    0.00    0.00    0.00    0.00    0.00    0.00    0.00    0.00  100.00
22:42:14       2    0.00    0.00    2.02    0.00    0.00    0.00    0.00    0.00    0.00   97.98
22:42:14       3    0.00    0.00    1.01    0.00    0.00    0.00    0.00    0.00    0.00   98.99

22:42:14     CPU    %usr   %nice    %sys %iowait    %irq   %soft  %steal  %guest  %gnice   %idle
22:42:15     all    0.25    0.00    1.01    0.00    0.00    0.51    0.00    0.00    0.00   98.23
22:42:15       0    0.00    0.00    2.02    0.00    0.00    2.02    0.00    0.00    0.00   95.96
22:42:15       1    0.00    0.00    0.00    0.00    0.00    0.00    0.00    0.00    0.00  100.00
22:42:15       2    1.02    0.00    1.02    0.00    0.00    0.00    0.00    0.00    0.00   97.96
22:42:15       3    0.00    0.00    1.00    0.00    0.00    0.00    0.00    0.00    0.00   99.00

22:42:15     CPU    %usr   %nice    %sys %iowait    %irq   %soft  %steal  %guest  %gnice   %idle
22:42:16     all    1.00    0.00    1.50    0.00    0.00    1.00    0.00    0.00    0.00   96.49
22:42:16       0    2.00    0.00    3.00    0.00    0.00    1.00    0.00    0.00    0.00   94.00
22:42:16       1    0.00    0.00    1.00    0.00    0.00    1.00    0.00    0.00    0.00   98.00
22:42:16       2    1.00    0.00    1.00    0.00    0.00    1.00    0.00    0.00    0.00   97.00
22:42:16       3    1.01    0.00    1.01    0.00    0.00    1.01    0.00    0.00    0.00   96.97

22:42:16     CPU    %usr   %nice    %sys %iowait    %irq   %soft  %steal  %guest  %gnice   %idle
22:42:17     all    0.50    0.00    1.50    0.00    0.00    0.50    0.00    0.00    0.00   97.49
22:42:17       0    2.00    0.00    3.00    0.00    0.00    0.00    0.00    0.00    0.00   95.00
22:42:17       1    0.00    0.00    1.00    0.00    0.00    0.00    0.00    0.00    0.00   99.00
22:42:17       2    0.00    0.00    2.00    0.00    0.00    1.00    0.00    0.00    0.00   97.00
22:42:17       3    0.00    0.00    0.00    0.00    0.00    1.01    0.00    0.00    0.00   98.99

22:42:17     CPU    %usr   %nice    %sys %iowait    %irq   %soft  %steal  %guest  %gnice   %idle
22:42:18     all    0.00    0.00    1.53    0.00    0.00    0.25    0.00    0.00    0.00   98.22
22:42:18       0    0.00    0.00    2.04    0.00    0.00    1.02    0.00    0.00    0.00   96.94
22:42:18       1    0.00    0.00    0.00    0.00    0.00    0.00    0.00    0.00    0.00  100.00
22:42:18       2    0.00    0.00    2.02    0.00    0.00    0.00    0.00    0.00    0.00   97.98
22:42:18       3    0.00    0.00    2.02    0.00    0.00    0.00    0.00    0.00    0.00   97.98

22:42:18     CPU    %usr   %nice    %sys %iowait    %irq   %soft  %steal  %guest  %gnice   %idle
22:42:19     all    0.50    0.00    1.26    0.00    0.00    0.25    0.00    0.00    0.00   97.99
22:42:19       0    2.00    0.00    2.00    0.00    0.00    1.00    0.00    0.00    0.00   95.00
22:42:19       1    0.00    0.00    0.00    0.00    0.00    0.00    0.00    0.00    0.00  100.00
22:42:19       2    0.00    0.00    2.00    0.00    0.00    0.00    0.00    0.00    0.00   98.00
22:42:19       3    0.00    0.00    1.01    0.00    0.00    0.00    0.00    0.00    0.00   98.99

22:42:19     CPU    %usr   %nice    %sys %iowait    %irq   %soft  %steal  %guest  %gnice   %idle
22:42:20     all    0.51    0.00    1.52    0.00    0.00    0.25    0.00    0.00    0.00   97.73
22:42:20       0    2.04    0.00    0.00    0.00    0.00    1.02    0.00    0.00    0.00   96.94
22:42:20       1    0.00    0.00    2.00    0.00    0.00    0.00    0.00    0.00    0.00   98.00
22:42:20       2    0.00    0.00    1.02    0.00    0.00    0.00    0.00    0.00    0.00   98.98
22:42:20       3    0.00    0.00    3.00    0.00    0.00    0.00    0.00    0.00    0.00   97.00

22:42:20     CPU    %usr   %nice    %sys %iowait    %irq   %soft  %steal  %guest  %gnice   %idle
22:42:21     all    0.25    0.00    1.26    0.00    0.00    0.51    0.00    0.00    0.00   97.98
22:42:21       0    0.00    0.00    2.04    0.00    0.00    1.02    0.00    0.00    0.00   96.94
22:42:21       1    0.00    0.00    1.00    0.00    0.00    1.00    0.00    0.00    0.00   98.00
22:42:21       2    0.00    0.00    1.02    0.00    0.00    0.00    0.00    0.00    0.00   98.98
22:42:21       3    1.00    0.00    1.00    0.00    0.00    0.00    0.00    0.00    0.00   98.00

22:42:21     CPU    %usr   %nice    %sys %iowait    %irq   %soft  %steal  %guest  %gnice   %idle
22:42:22     all    0.50    0.00    1.76    0.00    0.00    0.50    0.00    0.00    0.00   97.23
22:42:22       0    2.02    0.00    2.02    0.00    0.00    1.01    0.00    0.00    0.00   94.95
22:42:22       1    0.00    0.00    1.01    0.00    0.00    0.00    0.00    0.00    0.00   98.99
22:42:22       2    0.00    0.00    2.00    0.00    0.00    1.00    0.00    0.00    0.00   97.00
22:42:22       3    0.00    0.00    2.02    0.00    0.00    0.00    0.00    0.00    0.00   97.98

22:42:22     CPU    %usr   %nice    %sys %iowait    %irq   %soft  %steal  %guest  %gnice   %idle
22:42:23     all    0.25    0.00    1.26    0.25    0.00    0.50    0.00    0.00    0.00   97.73
22:42:23       0    0.00    0.00    2.06    0.00    0.00    0.00    0.00    0.00    0.00   97.94
22:42:23       1    0.98    0.00    1.96    0.98    0.00    0.00    0.00    0.00    0.00   96.08
22:42:23       2    0.00    0.00    1.01    0.00    0.00    1.01    0.00    0.00    0.00   97.98
22:42:23       3    0.00    0.00    0.00    0.00    0.00    1.01    0.00    0.00    0.00   98.99

22:42:23     CPU    %usr   %nice    %sys %iowait    %irq   %soft  %steal  %guest  %gnice   %idle
22:42:24     all    1.01    0.00    1.26    0.00    0.00    0.00    0.00    0.00    0.00   97.74
22:42:24       0    2.00    0.00    2.00    0.00    0.00    0.00    0.00    0.00    0.00   96.00
22:42:24       1    0.00    0.00    0.00    0.00    0.00    0.00    0.00    0.00    0.00  100.00
22:42:24       2    1.00    0.00    1.00    0.00    0.00    0.00    0.00    0.00    0.00   98.00
22:42:24       3    1.00    0.00    2.00    0.00    0.00    0.00    0.00    0.00    0.00   97.00

22:42:24     CPU    %usr   %nice    %sys %iowait    %irq   %soft  %steal  %guest  %gnice   %idle
22:42:25     all    0.51    0.00    1.01    0.00    0.00    0.25    0.00    0.00    0.00   98.23
22:42:25       0    1.02    0.00    1.02    0.00    0.00    1.02    0.00    0.00    0.00   96.94
22:42:25       1    0.00    0.00    1.01    0.00    0.00    0.00    0.00    0.00    0.00   98.99
22:42:25       2    0.00    0.00    1.01    0.00    0.00    0.00    0.00    0.00    0.00   98.99
22:42:25       3    1.01    0.00    1.01    0.00    0.00    0.00    0.00    0.00    0.00   97.98

22:42:25     CPU    %usr   %nice    %sys %iowait    %irq   %soft  %steal  %guest  %gnice   %idle
22:42:26     all    0.50    0.00    1.51    0.00    0.00    0.50    0.00    0.00    0.00   97.48
22:42:26       0    1.01    0.00    2.02    0.00    0.00    1.01    0.00    0.00    0.00   95.96
22:42:26       1    0.00    0.00    1.00    0.00    0.00    1.00    0.00    0.00    0.00   98.00
22:42:26       2    1.01    0.00    1.01    0.00    0.00    0.00    0.00    0.00    0.00   97.98
22:42:26       3    0.00    0.00    2.02    0.00    0.00    0.00    0.00    0.00    0.00   97.98
