Linux 6.6.87.2-microsoft-standard-WSL2 (Udeepa-ASUS) 	04/15/26 	_x86_64_	(4 CPU)

23:14:48     CPU    %usr   %nice    %sys %iowait    %irq   %soft  %steal  %guest  %gnice   %idle
23:14:49     all    0.00    0.00    1.00    0.25    0.00    0.25    0.00    0.00    0.00   98.50
23:14:49       0    0.00    0.00    0.98    0.98    0.00    0.98    0.00    0.00    0.00   97.06
23:14:49       1    0.00    0.00    0.99    0.00    0.00    0.00    0.00    0.00    0.00   99.01
23:14:49       2    0.00    0.00    2.02    0.00    0.00    0.00    0.00    0.00    0.00   97.98
23:14:49       3    0.00    0.00    0.00    0.00    0.00    0.00    0.00    0.00    0.00  100.00

23:14:49     CPU    %usr   %nice    %sys %iowait    %irq   %soft  %steal  %guest  %gnice   %idle
23:14:50     all    0.00    0.00    0.00    0.00    0.00    0.00    0.00    0.00    0.00  100.00
23:14:50       0    0.00    0.00    0.00    0.00    0.00    0.00    0.00    0.00    0.00  100.00
23:14:50       1    0.00    0.00    0.00    0.00    0.00    0.00    0.00    0.00    0.00  100.00
23:14:50       2    0.00    0.00    0.00    0.00    0.00    0.00    0.00    0.00    0.00  100.00
23:14:50       3    0.00    0.00    0.00    0.00    0.00    0.00    0.00    0.00    0.00  100.00

23:14:50     CPU    %usr   %nice    %sys %iowait    %irq   %soft  %steal  %guest  %gnice   %idle
23:14:51     all    0.00    0.00    0.00    0.00    0.00    0.00    0.00    0.00    0.00  100.00
23:14:51       0    0.00    0.00    0.00    0.00    0.00    0.00    0.00    0.00    0.00  100.00
23:14:51       1    0.00    0.00    0.00    0.00    0.00    0.00    0.00    0.00    0.00  100.00
23:14:51       2    0.00    0.00    0.00    0.00    0.00    0.00    0.00    0.00    0.00  100.00
23:14:51       3    0.00    0.00    0.00    0.00    0.00    0.00    0.00    0.00    0.00  100.00

23:14:51     CPU    %usr   %nice    %sys %iowait    %irq   %soft  %steal  %guest  %gnice   %idle
23:14:52     all    0.25    0.00    1.25    0.00    0.00    0.25    0.00    0.00    0.00   98.25
23:14:52       0    0.00    0.00    3.00    0.00    0.00    0.00    0.00    0.00    0.00   97.00
23:14:52       1    0.00    0.00    1.01    0.00    0.00    0.00    0.00    0.00    0.00   98.99
23:14:52       2    0.99    0.00    0.00    0.00    0.00    0.99    0.00    0.00    0.00   98.02
23:14:52       3    0.00    0.00    0.99    0.00    0.00    0.00    0.00    0.00    0.00   99.01

23:14:52     CPU    %usr   %nice    %sys %iowait    %irq   %soft  %steal  %guest  %gnice   %idle
23:14:53     all    0.00    0.00    0.00    0.00    0.00    0.00    0.00    0.00    0.00  100.00
23:14:53       0    0.00    0.00    0.00    0.00    0.00    0.00    0.00    0.00    0.00  100.00
23:14:53       1    0.00    0.00    0.00    0.00    0.00    0.00    0.00    0.00    0.00  100.00
23:14:53       2    0.00    0.00    0.00    0.00    0.00    0.00    0.00    0.00    0.00  100.00
23:14:53       3    0.00    0.00    0.00    0.00    0.00    0.00    0.00    0.00    0.00  100.00

23:14:53     CPU    %usr   %nice    %sys %iowait    %irq   %soft  %steal  %guest  %gnice   %idle
23:14:54     all    1.06    0.00    3.43    0.00    0.00    0.79    0.00    0.00    0.00   94.72
23:14:54       0    1.08    0.00    3.23    0.00    0.00    0.00    0.00    0.00    0.00   95.70
23:14:54       1    1.04    0.00    3.12    0.00    0.00    2.08    0.00    0.00    0.00   93.75
23:14:54       2    1.04    0.00    4.17    0.00    0.00    1.04    0.00    0.00    0.00   93.75
23:14:54       3    1.06    0.00    3.19    0.00    0.00    0.00    0.00    0.00    0.00   95.74

23:14:54     CPU    %usr   %nice    %sys %iowait    %irq   %soft  %steal  %guest  %gnice   %idle
23:14:55     all    3.16    0.00    9.74    0.00    0.00    2.89    0.00    0.00    0.00   84.21
23:14:55       0    3.16    0.00    8.42    0.00    0.00    3.16    0.00    0.00    0.00   85.26
23:14:55       1    2.11    0.00   10.53    0.00    0.00    3.16    0.00    0.00    0.00   84.21
23:14:55       2    3.23    0.00    8.60    0.00    0.00    3.23    0.00    0.00    0.00   84.95
23:14:55       3    4.12    0.00   11.34    0.00    0.00    2.06    0.00    0.00    0.00   82.47

23:14:55     CPU    %usr   %nice    %sys %iowait    %irq   %soft  %steal  %guest  %gnice   %idle
23:14:56     all    3.39    0.00   10.68    0.00    0.00    1.30    0.00    0.00    0.00   84.64
23:14:56       0    2.20    0.00    7.69    0.00    0.00    1.10    0.00    0.00    0.00   89.01
23:14:56       1    5.00    0.00   13.00    0.00    0.00    1.00    0.00    0.00    0.00   81.00
23:14:56       2    4.08    0.00   11.22    0.00    0.00    2.04    0.00    0.00    0.00   82.65
23:14:56       3    2.11    0.00   10.53    0.00    0.00    1.05    0.00    0.00    0.00   86.32

23:14:56     CPU    %usr   %nice    %sys %iowait    %irq   %soft  %steal  %guest  %gnice   %idle
23:14:57     all    6.39    0.00   17.90    0.00    0.00    3.32    0.00    0.00    0.00   72.38
23:14:57       0    7.00    0.00   17.00    0.00    0.00    4.00    0.00    0.00    0.00   72.00
23:14:57       1    7.14    0.00   18.37    0.00    0.00    2.04    0.00    0.00    0.00   72.45
23:14:57       2    5.21    0.00   16.67    0.00    0.00    4.17    0.00    0.00    0.00   73.96
23:14:57       3    6.19    0.00   19.59    0.00    0.00    3.09    0.00    0.00    0.00   71.13

23:14:57     CPU    %usr   %nice    %sys %iowait    %irq   %soft  %steal  %guest  %gnice   %idle
23:14:58     all    5.91    0.00   15.94    0.00    0.00    2.83    0.00    0.00    0.00   75.32
23:14:58       0    5.10    0.00   15.31    0.00    0.00    3.06    0.00    0.00    0.00   76.53
23:14:58       1    4.40    0.00   14.29    0.00    0.00    3.30    0.00    0.00    0.00   78.02
23:14:58       2    4.12    0.00   15.46    0.00    0.00    4.12    0.00    0.00    0.00   76.29
23:14:58       3    9.71    0.00   18.45    0.00    0.00    0.97    0.00    0.00    0.00   70.87

23:14:58     CPU    %usr   %nice    %sys %iowait    %irq   %soft  %steal  %guest  %gnice   %idle
23:14:59     all    6.84    0.00   18.48    0.00    0.00    3.80    0.00    0.00    0.00   70.89
23:14:59       0    7.07    0.00   20.20    0.00    0.00    3.03    0.00    0.00    0.00   69.70
23:14:59       1    6.12    0.00   19.39    0.00    0.00    3.06    0.00    0.00    0.00   71.43
23:14:59       2    7.14    0.00   15.31    0.00    0.00    4.08    0.00    0.00    0.00   73.47
23:14:59       3    7.00    0.00   19.00    0.00    0.00    5.00    0.00    0.00    0.00   69.00

23:14:59     CPU    %usr   %nice    %sys %iowait    %irq   %soft  %steal  %guest  %gnice   %idle
23:15:00     all    7.40    0.00   23.47    0.26    0.00    5.36    0.00    0.00    0.00   63.52
23:15:00       0    5.10    0.00   23.47    0.00    0.00    6.12    0.00    0.00    0.00   65.31
23:15:00       1    7.22    0.00   26.80    0.00    0.00    4.12    0.00    0.00    0.00   61.86
23:15:00       2   10.00    0.00   22.00    1.00    0.00    5.00    0.00    0.00    0.00   62.00
23:15:00       3    7.22    0.00   21.65    0.00    0.00    6.19    0.00    0.00    0.00   64.95

23:15:00     CPU    %usr   %nice    %sys %iowait    %irq   %soft  %steal  %guest  %gnice   %idle
23:15:01     all    7.25    0.00   19.75    0.00    0.00    3.75    0.00    0.00    0.00   69.25
23:15:01       0    6.25    0.00   17.71    0.00    0.00    4.17    0.00    0.00    0.00   71.88
23:15:01       1    6.86    0.00   21.57    0.00    0.00    3.92    0.00    0.00    0.00   67.65
23:15:01       2    8.82    0.00   20.59    0.00    0.00    2.94    0.00    0.00    0.00   67.65
23:15:01       3    7.00    0.00   19.00    0.00    0.00    4.00    0.00    0.00    0.00   70.00

23:15:01     CPU    %usr   %nice    %sys %iowait    %irq   %soft  %steal  %guest  %gnice   %idle
23:15:02     all    7.32    0.00   23.99    0.00    0.00    4.55    0.00    0.00    0.00   64.14
23:15:02       0    9.18    0.00   22.45    0.00    0.00    5.10    0.00    0.00    0.00   63.27
23:15:02       1    6.93    0.00   24.75    0.00    0.00    3.96    0.00    0.00    0.00   64.36
23:15:02       2    8.16    0.00   25.51    0.00    0.00    4.08    0.00    0.00    0.00   62.24
23:15:02       3    5.05    0.00   23.23    0.00    0.00    5.05    0.00    0.00    0.00   66.67

23:15:02     CPU    %usr   %nice    %sys %iowait    %irq   %soft  %steal  %guest  %gnice   %idle
23:15:03     all    8.08    0.00   22.22    0.00    0.00    4.04    0.00    0.00    0.00   65.66
23:15:03       0    9.28    0.00   20.62    0.00    0.00    5.15    0.00    0.00    0.00   64.95
23:15:03       1    7.92    0.00   21.78    0.00    0.00    3.96    0.00    0.00    0.00   66.34
23:15:03       2    6.12    0.00   24.49    0.00    0.00    3.06    0.00    0.00    0.00   66.33
23:15:03       3    9.00    0.00   22.00    0.00    0.00    4.00    0.00    0.00    0.00   65.00

23:15:03     CPU    %usr   %nice    %sys %iowait    %irq   %soft  %steal  %guest  %gnice   %idle
23:15:04     all    5.53    0.00   13.95    0.00    0.00    2.89    0.00    0.00    0.00   77.63
23:15:04       0    5.21    0.00   15.62    0.00    0.00    2.08    0.00    0.00    0.00   77.08
23:15:04       1    5.26    0.00   13.68    0.00    0.00    3.16    0.00    0.00    0.00   77.89
23:15:04       2    6.38    0.00   12.77    0.00    0.00    2.13    0.00    0.00    0.00   78.72
23:15:04       3    5.26    0.00   13.68    0.00    0.00    4.21    0.00    0.00    0.00   76.84

23:15:04     CPU    %usr   %nice    %sys %iowait    %irq   %soft  %steal  %guest  %gnice   %idle
23:15:05     all    6.60    0.00   17.94    0.00    0.00    3.96    0.00    0.00    0.00   71.50
23:15:05       0    5.26    0.00   17.89    0.00    0.00    3.16    0.00    0.00    0.00   73.68
23:15:05       1    8.25    0.00   19.59    0.00    0.00    3.09    0.00    0.00    0.00   69.07
23:15:05       2    6.38    0.00   17.02    0.00    0.00    5.32    0.00    0.00    0.00   71.28
23:15:05       3    6.45    0.00   17.20    0.00    0.00    4.30    0.00    0.00    0.00   72.04

23:15:05     CPU    %usr   %nice    %sys %iowait    %irq   %soft  %steal  %guest  %gnice   %idle
23:15:06     all    8.20    0.00   23.02    0.00    0.00    3.17    0.00    0.00    0.00   65.61
23:15:06       0   10.10    0.00   23.23    0.00    0.00    3.03    0.00    0.00    0.00   63.64
23:15:06       1    5.26    0.00   24.21    0.00    0.00    5.26    0.00    0.00    0.00   65.26
23:15:06       2    7.61    0.00   23.91    0.00    0.00    2.17    0.00    0.00    0.00   66.30
23:15:06       3    9.78    0.00   20.65    0.00    0.00    2.17    0.00    0.00    0.00   67.39

23:15:06     CPU    %usr   %nice    %sys %iowait    %irq   %soft  %steal  %guest  %gnice   %idle
23:15:07     all    6.88    0.00   24.60    0.00    0.00    4.23    0.00    0.00    0.00   64.29
23:15:07       0    6.32    0.00   24.21    0.00    0.00    4.21    0.00    0.00    0.00   65.26
23:15:07       1    8.51    0.00   23.40    0.00    0.00    4.26    0.00    0.00    0.00   63.83
23:15:07       2    5.21    0.00   27.08    0.00    0.00    4.17    0.00    0.00    0.00   63.54
23:15:07       3    7.53    0.00   23.66    0.00    0.00    4.30    0.00    0.00    0.00   64.52

23:15:07     CPU    %usr   %nice    %sys %iowait    %irq   %soft  %steal  %guest  %gnice   %idle
23:15:08     all    5.68    0.00   19.46    0.00    0.00    3.24    0.00    0.00    0.00   71.62
23:15:08       0    4.21    0.00   22.11    0.00    0.00    3.16    0.00    0.00    0.00   70.53
23:15:08       1    5.43    0.00   20.65    0.00    0.00    3.26    0.00    0.00    0.00   70.65
23:15:08       2    9.68    0.00   17.20    0.00    0.00    2.15    0.00    0.00    0.00   70.97
23:15:08       3    3.33    0.00   17.78    0.00    0.00    4.44    0.00    0.00    0.00   74.44

23:15:08     CPU    %usr   %nice    %sys %iowait    %irq   %soft  %steal  %guest  %gnice   %idle
23:15:09     all    4.26    0.00   17.55    0.00    0.00    3.19    0.00    0.00    0.00   75.00
23:15:09       0    5.38    0.00   17.20    0.00    0.00    3.23    0.00    0.00    0.00   74.19
23:15:09       1    2.11    0.00   20.00    0.00    0.00    3.16    0.00    0.00    0.00   74.74
23:15:09       2    5.56    0.00   15.56    0.00    0.00    1.11    0.00    0.00    0.00   77.78
23:15:09       3    4.08    0.00   17.35    0.00    0.00    5.10    0.00    0.00    0.00   73.47

23:15:09     CPU    %usr   %nice    %sys %iowait    %irq   %soft  %steal  %guest  %gnice   %idle
23:15:10     all    7.46    0.00   23.76    3.59    0.00    4.42    0.00    0.00    0.00   60.77
23:15:10       0    5.62    0.00   24.72    0.00    0.00    4.49    0.00    0.00    0.00   65.17
23:15:10       1    8.60    0.00   23.66    0.00    0.00    5.38    0.00    0.00    0.00   62.37
23:15:10       2    5.88    0.00   24.71    0.00    0.00    4.71    0.00    0.00    0.00   64.71
23:15:10       3    9.47    0.00   22.11   13.68    0.00    3.16    0.00    0.00    0.00   51.58

23:15:10     CPU    %usr   %nice    %sys %iowait    %irq   %soft  %steal  %guest  %gnice   %idle
23:15:11     all    7.12    0.00   21.90    0.00    0.00    3.69    0.00    0.00    0.00   67.28
23:15:11       0    4.35    0.00   21.74    0.00    0.00    5.43    0.00    0.00    0.00   68.48
23:15:11       1    7.29    0.00   25.00    0.00    0.00    2.08    0.00    0.00    0.00   65.62
23:15:11       2    6.12    0.00   21.43    0.00    0.00    5.10    0.00    0.00    0.00   67.35
23:15:11       3   10.75    0.00   19.35    0.00    0.00    2.15    0.00    0.00    0.00   67.74

23:15:11     CPU    %usr   %nice    %sys %iowait    %irq   %soft  %steal  %guest  %gnice   %idle
23:15:12     all    5.79    0.00   16.80    0.00    0.00    4.13    0.00    0.00    0.00   73.28
23:15:12       0    5.43    0.00   15.22    0.00    0.00    5.43    0.00    0.00    0.00   73.91
23:15:12       1    5.68    0.00   15.91    0.00    0.00    4.55    0.00    0.00    0.00   73.86
23:15:12       2    7.61    0.00   16.30    0.00    0.00    2.17    0.00    0.00    0.00   73.91
23:15:12       3    4.40    0.00   19.78    0.00    0.00    4.40    0.00    0.00    0.00   71.43

23:15:12     CPU    %usr   %nice    %sys %iowait    %irq   %soft  %steal  %guest  %gnice   %idle
23:15:13     all    5.28    0.00   18.09    0.00    0.00    4.77    0.00    0.00    0.00   71.86
23:15:13       0    6.93    0.00   17.82    0.00    0.00    3.96    0.00    0.00    0.00   71.29
23:15:13       1    6.00    0.00   20.00    0.00    0.00    4.00    0.00    0.00    0.00   70.00
23:15:13       2    4.08    0.00   16.33    0.00    0.00    7.14    0.00    0.00    0.00   72.45
23:15:13       3    4.04    0.00   18.18    0.00    0.00    4.04    0.00    0.00    0.00   73.74

23:15:13     CPU    %usr   %nice    %sys %iowait    %irq   %soft  %steal  %guest  %gnice   %idle
23:15:14     all    4.81    0.00   18.48    0.00    0.00    3.80    0.00    0.00    0.00   72.91
23:15:14       0    6.12    0.00   16.33    0.00    0.00    3.06    0.00    0.00    0.00   74.49
23:15:14       1    3.92    0.00   19.61    0.00    0.00    4.90    0.00    0.00    0.00   71.57
23:15:14       2    4.95    0.00   21.78    0.00    0.00    2.97    0.00    0.00    0.00   70.30
23:15:14       3    4.26    0.00   15.96    0.00    0.00    4.26    0.00    0.00    0.00   75.53

23:15:14     CPU    %usr   %nice    %sys %iowait    %irq   %soft  %steal  %guest  %gnice   %idle
23:15:15     all    6.14    0.00   15.60    0.00    0.00    3.07    0.00    0.00    0.00   75.19
23:15:15       0    5.26    0.00   14.74    0.00    0.00    2.11    0.00    0.00    0.00   77.89
23:15:15       1    7.92    0.00   15.84    0.00    0.00    4.95    0.00    0.00    0.00   71.29
23:15:15       2    4.12    0.00   17.53    0.00    0.00    2.06    0.00    0.00    0.00   76.29
23:15:15       3    7.14    0.00   14.29    0.00    0.00    3.06    0.00    0.00    0.00   75.51

23:15:15     CPU    %usr   %nice    %sys %iowait    %irq   %soft  %steal  %guest  %gnice   %idle
23:15:16     all    8.80    0.00   19.80    0.00    0.00    4.89    0.00    0.00    0.00   66.50
23:15:16       0   10.78    0.00   18.63    0.00    0.00    4.90    0.00    0.00    0.00   65.69
23:15:16       1   10.78    0.00   17.65    0.00    0.00    4.90    0.00    0.00    0.00   66.67
23:15:16       2    6.93    0.00   21.78    0.00    0.00    2.97    0.00    0.00    0.00   68.32
23:15:16       3    6.73    0.00   21.15    0.00    0.00    6.73    0.00    0.00    0.00   65.38

23:15:16     CPU    %usr   %nice    %sys %iowait    %irq   %soft  %steal  %guest  %gnice   %idle
23:15:17     all    8.79    0.00   27.13    0.00    0.00    4.65    0.00    0.00    0.00   59.43
23:15:17       0    6.32    0.00   29.47    0.00    0.00    4.21    0.00    0.00    0.00   60.00
23:15:17       1   10.42    0.00   26.04    0.00    0.00    3.12    0.00    0.00    0.00   60.42
23:15:17       2    8.25    0.00   26.80    0.00    0.00    5.15    0.00    0.00    0.00   59.79
23:15:17       3   10.10    0.00   26.26    0.00    0.00    6.06    0.00    0.00    0.00   57.58

23:15:17     CPU    %usr   %nice    %sys %iowait    %irq   %soft  %steal  %guest  %gnice   %idle
23:15:18     all    5.21    0.00   14.14    0.00    0.00    3.72    0.00    0.00    0.00   76.92
23:15:18       0    4.08    0.00   14.29    0.00    0.00    3.06    0.00    0.00    0.00   78.57
23:15:18       1    3.96    0.00   13.86    0.00    0.00    4.95    0.00    0.00    0.00   77.23
23:15:18       2    7.69    0.00   12.50    0.00    0.00    4.81    0.00    0.00    0.00   75.00
23:15:18       3    5.00    0.00   16.00    0.00    0.00    2.00    0.00    0.00    0.00   77.00

23:15:18     CPU    %usr   %nice    %sys %iowait    %irq   %soft  %steal  %guest  %gnice   %idle
23:15:19     all    7.47    0.00   21.39    0.00    0.00    4.38    0.00    0.00    0.00   66.75
23:15:19       0    5.15    0.00   22.68    0.00    0.00    5.15    0.00    0.00    0.00   67.01
23:15:19       1    7.14    0.00   22.45    0.00    0.00    4.08    0.00    0.00    0.00   66.33
23:15:19       2   10.00    0.00   21.00    0.00    0.00    4.00    0.00    0.00    0.00   65.00
23:15:19       3    7.53    0.00   19.35    0.00    0.00    4.30    0.00    0.00    0.00   68.82

23:15:19     CPU    %usr   %nice    %sys %iowait    %irq   %soft  %steal  %guest  %gnice   %idle
23:15:20     all    2.37    0.00    8.71    0.00    0.00    1.58    0.00    0.00    0.00   87.34
23:15:20       0    3.16    0.00    7.37    0.00    0.00    2.11    0.00    0.00    0.00   87.37
23:15:20       1    2.17    0.00    6.52    0.00    0.00    1.09    0.00    0.00    0.00   90.22
23:15:20       2    3.12    0.00    9.38    0.00    0.00    1.04    0.00    0.00    0.00   86.46
23:15:20       3    1.04    0.00   11.46    0.00    0.00    2.08    0.00    0.00    0.00   85.42

23:15:20     CPU    %usr   %nice    %sys %iowait    %irq   %soft  %steal  %guest  %gnice   %idle
23:15:21     all    5.79    0.00   15.26    0.00    0.00    3.68    0.00    0.00    0.00   75.26
23:15:21       0    4.44    0.00   12.22    0.00    0.00    3.33    0.00    0.00    0.00   80.00
23:15:21       1    7.14    0.00   17.35    0.00    0.00    3.06    0.00    0.00    0.00   72.45
23:15:21       2    2.13    0.00   17.02    0.00    0.00    4.26    0.00    0.00    0.00   76.60
23:15:21       3    9.18    0.00   14.29    0.00    0.00    4.08    0.00    0.00    0.00   72.45

23:15:21     CPU    %usr   %nice    %sys %iowait    %irq   %soft  %steal  %guest  %gnice   %idle
23:15:22     all    3.74    0.00   12.03    0.00    0.00    2.41    0.00    0.00    0.00   81.82
23:15:22       0    2.11    0.00   13.68    0.00    0.00    3.16    0.00    0.00    0.00   81.05
23:15:22       1    4.26    0.00   10.64    0.00    0.00    2.13    0.00    0.00    0.00   82.98
23:15:22       2    4.49    0.00   11.24    0.00    0.00    2.25    0.00    0.00    0.00   82.02
23:15:22       3    4.17    0.00   12.50    0.00    0.00    2.08    0.00    0.00    0.00   81.25

23:15:22     CPU    %usr   %nice    %sys %iowait    %irq   %soft  %steal  %guest  %gnice   %idle
23:15:23     all    4.93    0.00   15.34    0.00    0.00    4.11    0.00    0.00    0.00   75.62
23:15:23       0    7.22    0.00   17.53    0.00    0.00    4.12    0.00    0.00    0.00   71.13
23:15:23       1    5.32    0.00   17.02    0.00    0.00    5.32    0.00    0.00    0.00   72.34
23:15:23       2    2.50    0.00   11.25    0.00    0.00    2.50    0.00    0.00    0.00   83.75
23:15:23       3    4.26    0.00   14.89    0.00    0.00    4.26    0.00    0.00    0.00   76.60

23:15:23     CPU    %usr   %nice    %sys %iowait    %irq   %soft  %steal  %guest  %gnice   %idle
23:15:24     all    4.27    0.00   11.73    0.00    0.00    2.13    0.00    0.00    0.00   81.87
23:15:24       0    5.26    0.00   10.53    0.00    0.00    2.11    0.00    0.00    0.00   82.11
23:15:24       1    4.40    0.00   10.99    0.00    0.00    1.10    0.00    0.00    0.00   83.52
23:15:24       2    3.19    0.00   12.77    0.00    0.00    2.13    0.00    0.00    0.00   81.91
23:15:24       3    4.21    0.00   12.63    0.00    0.00    3.16    0.00    0.00    0.00   80.00

23:15:24     CPU    %usr   %nice    %sys %iowait    %irq   %soft  %steal  %guest  %gnice   %idle
23:15:25     all    6.63    0.00   12.73    0.00    0.00    2.65    0.00    0.00    0.00   77.98
23:15:25       0    3.23    0.00   13.98    0.00    0.00    3.23    0.00    0.00    0.00   79.57
23:15:25       1    6.45    0.00   13.98    0.00    0.00    1.08    0.00    0.00    0.00   78.49
23:15:25       2    6.52    0.00   10.87    0.00    0.00    2.17    0.00    0.00    0.00   80.43
23:15:25       3   10.10    0.00   12.12    0.00    0.00    4.04    0.00    0.00    0.00   73.74

23:15:25     CPU    %usr   %nice    %sys %iowait    %irq   %soft  %steal  %guest  %gnice   %idle
23:15:26     all    2.60    0.00   11.46    0.00    0.00    2.34    0.00    0.00    0.00   83.59
23:15:26       0    3.09    0.00   12.37    0.00    0.00    3.09    0.00    0.00    0.00   81.44
23:15:26       1    4.17    0.00   10.42    0.00    0.00    2.08    0.00    0.00    0.00   83.33
23:15:26       2    1.06    0.00   10.64    0.00    0.00    2.13    0.00    0.00    0.00   86.17
23:15:26       3    2.06    0.00   12.37    0.00    0.00    2.06    0.00    0.00    0.00   83.51

23:15:26     CPU    %usr   %nice    %sys %iowait    %irq   %soft  %steal  %guest  %gnice   %idle
23:15:27     all    5.00    0.00   12.63    0.00    0.00    2.63    0.00    0.00    0.00   79.74
23:15:27       0    4.08    0.00   16.33    0.00    0.00    2.04    0.00    0.00    0.00   77.55
23:15:27       1    5.26    0.00   12.63    0.00    0.00    3.16    0.00    0.00    0.00   78.95
23:15:27       2    5.32    0.00   10.64    0.00    0.00    3.19    0.00    0.00    0.00   80.85
23:15:27       3    5.38    0.00   10.75    0.00    0.00    2.15    0.00    0.00    0.00   81.72

23:15:27     CPU    %usr   %nice    %sys %iowait    %irq   %soft  %steal  %guest  %gnice   %idle
23:15:28     all    4.56    0.00   12.91    0.00    0.00    2.53    0.00    0.00    0.00   80.00
23:15:28       0    5.10    0.00   13.27    0.00    0.00    2.04    0.00    0.00    0.00   79.59
23:15:28       1    3.96    0.00   14.85    0.00    0.00    2.97    0.00    0.00    0.00   78.22
23:15:28       2    4.12    0.00   11.34    0.00    0.00    3.09    0.00    0.00    0.00   81.44
23:15:28       3    5.05    0.00   12.12    0.00    0.00    2.02    0.00    0.00    0.00   80.81

23:15:28     CPU    %usr   %nice    %sys %iowait    %irq   %soft  %steal  %guest  %gnice   %idle
23:15:29     all    5.03    0.00   18.84    0.00    0.00    2.01    0.00    0.00    0.00   74.12
23:15:29       0    3.88    0.00   21.36    0.00    0.00    2.91    0.00    0.00    0.00   71.84
23:15:29       1    6.12    0.00   16.33    0.00    0.00    1.02    0.00    0.00    0.00   76.53
23:15:29       2    4.04    0.00   19.19    0.00    0.00    2.02    0.00    0.00    0.00   74.75
23:15:29       3    6.12    0.00   18.37    0.00    0.00    2.04    0.00    0.00    0.00   73.47

23:15:29     CPU    %usr   %nice    %sys %iowait    %irq   %soft  %steal  %guest  %gnice   %idle
23:15:30     all    5.57    0.00   15.50    0.24    0.00    2.66    0.00    0.00    0.00   76.03
23:15:30       0    8.65    0.00   13.46    0.96    0.00    1.92    0.00    0.00    0.00   75.00
23:15:30       1    1.92    0.00   20.19    0.00    0.00    2.88    0.00    0.00    0.00   75.00
23:15:30       2    6.86    0.00   12.75    0.00    0.00    2.94    0.00    0.00    0.00   77.45
23:15:30       3    4.85    0.00   15.53    0.00    0.00    2.91    0.00    0.00    0.00   76.70

23:15:30     CPU    %usr   %nice    %sys %iowait    %irq   %soft  %steal  %guest  %gnice   %idle
23:15:31     all    5.76    0.00   15.79    0.00    0.00    2.76    0.00    0.00    0.00   75.69
23:15:31       0    6.93    0.00   17.82    0.00    0.00    0.99    0.00    0.00    0.00   74.26
23:15:31       1    5.83    0.00   16.50    0.00    0.00    3.88    0.00    0.00    0.00   73.79
23:15:31       2    5.21    0.00   14.58    0.00    0.00    2.08    0.00    0.00    0.00   78.12
23:15:31       3    5.05    0.00   14.14    0.00    0.00    4.04    0.00    0.00    0.00   76.77

23:15:31     CPU    %usr   %nice    %sys %iowait    %irq   %soft  %steal  %guest  %gnice   %idle
23:15:32     all    4.17    0.00   12.25    0.00    0.00    3.19    0.00    0.00    0.00   80.39
23:15:32       0    2.94    0.00   12.75    0.00    0.00    3.92    0.00    0.00    0.00   80.39
23:15:32       1    4.95    0.00   11.88    0.00    0.00    1.98    0.00    0.00    0.00   81.19
23:15:32       2    4.95    0.00    9.90    0.00    0.00    3.96    0.00    0.00    0.00   81.19
23:15:32       3    3.85    0.00   14.42    0.00    0.00    2.88    0.00    0.00    0.00   78.85

23:15:32     CPU    %usr   %nice    %sys %iowait    %irq   %soft  %steal  %guest  %gnice   %idle
23:15:33     all    6.86    0.00   18.14    0.00    0.00    3.92    0.00    0.00    0.00   71.08
23:15:33       0    8.00    0.00   17.00    0.00    0.00    2.00    0.00    0.00    0.00   73.00
23:15:33       1    5.94    0.00   17.82    0.00    0.00    4.95    0.00    0.00    0.00   71.29
23:15:33       2    5.88    0.00   19.61    0.00    0.00    4.90    0.00    0.00    0.00   69.61
23:15:33       3    7.62    0.00   18.10    0.00    0.00    3.81    0.00    0.00    0.00   70.48

23:15:33     CPU    %usr   %nice    %sys %iowait    %irq   %soft  %steal  %guest  %gnice   %idle
23:15:34     all    5.54    0.00   15.87    0.00    0.00    2.77    0.00    0.00    0.00   75.82
23:15:34       0    6.19    0.00   13.40    0.00    0.00    3.09    0.00    0.00    0.00   77.32
23:15:34       1    5.83    0.00   17.48    0.00    0.00    3.88    0.00    0.00    0.00   72.82
23:15:34       2    4.04    0.00   17.17    0.00    0.00    2.02    0.00    0.00    0.00   76.77
23:15:34       3    6.12    0.00   15.31    0.00    0.00    2.04    0.00    0.00    0.00   76.53

23:15:34     CPU    %usr   %nice    %sys %iowait    %irq   %soft  %steal  %guest  %gnice   %idle
23:15:35     all    3.43    0.00    9.76    0.00    0.00    2.11    0.00    0.00    0.00   84.70
23:15:35       0    6.52    0.00    4.35    0.00    0.00    2.17    0.00    0.00    0.00   86.96
23:15:35       1    2.06    0.00   14.43    0.00    0.00    1.03    0.00    0.00    0.00   82.47
23:15:35       2    2.13    0.00   10.64    0.00    0.00    2.13    0.00    0.00    0.00   85.11
23:15:35       3    3.12    0.00    9.38    0.00    0.00    3.12    0.00    0.00    0.00   84.38

23:15:35     CPU    %usr   %nice    %sys %iowait    %irq   %soft  %steal  %guest  %gnice   %idle
23:15:36     all    4.22    0.00   16.89    0.00    0.00    2.90    0.00    0.00    0.00   75.99
23:15:36       0    4.35    0.00   15.22    0.00    0.00    2.17    0.00    0.00    0.00   78.26
23:15:36       1    4.30    0.00   13.98    0.00    0.00    4.30    0.00    0.00    0.00   77.42
23:15:36       2    5.10    0.00   18.37    0.00    0.00    3.06    0.00    0.00    0.00   73.47
23:15:36       3    3.12    0.00   19.79    0.00    0.00    2.08    0.00    0.00    0.00   75.00

23:15:36     CPU    %usr   %nice    %sys %iowait    %irq   %soft  %steal  %guest  %gnice   %idle
23:15:37     all    2.96    0.00   11.86    0.00    0.00    1.89    0.00    0.00    0.00   83.29
23:15:37       0    2.13    0.00   11.70    0.00    0.00    3.19    0.00    0.00    0.00   82.98
23:15:37       1    3.33    0.00   10.00    0.00    0.00    2.22    0.00    0.00    0.00   84.44
23:15:37       2    3.26    0.00   10.87    0.00    0.00    1.09    0.00    0.00    0.00   84.78
23:15:37       3    3.16    0.00   14.74    0.00    0.00    1.05    0.00    0.00    0.00   81.05

23:15:37     CPU    %usr   %nice    %sys %iowait    %irq   %soft  %steal  %guest  %gnice   %idle
23:15:38     all    6.68    0.00   18.18    0.00    0.00    3.74    0.00    0.00    0.00   71.39
23:15:38       0    6.38    0.00   18.09    0.00    0.00    5.32    0.00    0.00    0.00   70.21
23:15:38       1    8.60    0.00   17.20    0.00    0.00    2.15    0.00    0.00    0.00   72.04
23:15:38       2    6.19    0.00   20.62    0.00    0.00    3.09    0.00    0.00    0.00   70.10
23:15:38       3    5.56    0.00   16.67    0.00    0.00    4.44    0.00    0.00    0.00   73.33

23:15:38     CPU    %usr   %nice    %sys %iowait    %irq   %soft  %steal  %guest  %gnice   %idle
23:15:39     all    3.71    0.00   11.94    0.00    0.00    2.39    0.00    0.00    0.00   81.96
23:15:39       0    3.09    0.00   14.43    0.00    0.00    3.09    0.00    0.00    0.00   79.38
23:15:39       1    5.38    0.00   10.75    0.00    0.00    1.08    0.00    0.00    0.00   82.80
23:15:39       2    2.20    0.00    8.79    0.00    0.00    4.40    0.00    0.00    0.00   84.62
23:15:39       3    4.17    0.00   13.54    0.00    0.00    1.04    0.00    0.00    0.00   81.25

23:15:39     CPU    %usr   %nice    %sys %iowait    %irq   %soft  %steal  %guest  %gnice   %idle
23:15:40     all    4.50    0.00   16.14    0.26    0.00    2.91    0.00    0.00    0.00   76.19
23:15:40       0    4.26    0.00   14.89    0.00    0.00    4.26    0.00    0.00    0.00   76.60
23:15:40       1    5.32    0.00   15.96    0.00    0.00    2.13    0.00    0.00    0.00   76.60
23:15:40       2    3.09    0.00   17.53    1.03    0.00    3.09    0.00    0.00    0.00   75.26
23:15:40       3    5.38    0.00   16.13    0.00    0.00    2.15    0.00    0.00    0.00   76.34

23:15:40     CPU    %usr   %nice    %sys %iowait    %irq   %soft  %steal  %guest  %gnice   %idle
23:15:41     all    3.66    0.00   14.62    0.00    0.00    2.35    0.00    0.00    0.00   79.37
23:15:41       0    4.21    0.00   12.63    0.00    0.00    3.16    0.00    0.00    0.00   80.00
23:15:41       1    4.12    0.00   16.49    0.00    0.00    1.03    0.00    0.00    0.00   78.35
23:15:41       2    3.12    0.00   14.58    0.00    0.00    3.12    0.00    0.00    0.00   79.17
23:15:41       3    3.16    0.00   14.74    0.00    0.00    2.11    0.00    0.00    0.00   80.00

23:15:41     CPU    %usr   %nice    %sys %iowait    %irq   %soft  %steal  %guest  %gnice   %idle
23:15:42     all    3.57    0.00   14.03    0.00    0.00    3.06    0.00    0.00    0.00   79.34
23:15:42       0    3.09    0.00   14.43    0.00    0.00    2.06    0.00    0.00    0.00   80.41
23:15:42       1    3.92    0.00   14.71    0.00    0.00    4.90    0.00    0.00    0.00   76.47
23:15:42       2    5.21    0.00   11.46    0.00    0.00    2.08    0.00    0.00    0.00   81.25
23:15:42       3    2.06    0.00   15.46    0.00    0.00    3.09    0.00    0.00    0.00   79.38

23:15:42     CPU    %usr   %nice    %sys %iowait    %irq   %soft  %steal  %guest  %gnice   %idle
23:15:43     all    5.50    0.00   14.00    0.00    0.00    1.75    0.00    0.00    0.00   78.75
23:15:43       0    2.94    0.00   18.63    0.00    0.00    0.98    0.00    0.00    0.00   77.45
23:15:43       1    7.00    0.00   12.00    0.00    0.00    2.00    0.00    0.00    0.00   79.00
23:15:43       2    5.10    0.00   12.24    0.00    0.00    3.06    0.00    0.00    0.00   79.59
23:15:43       3    7.00    0.00   13.00    0.00    0.00    1.00    0.00    0.00    0.00   79.00

23:15:43     CPU    %usr   %nice    %sys %iowait    %irq   %soft  %steal  %guest  %gnice   %idle
23:15:44     all    5.38    0.00   14.91    0.00    0.00    2.20    0.00    0.00    0.00   77.51
23:15:44       0    6.86    0.00   11.76    0.00    0.00    2.94    0.00    0.00    0.00   78.43
23:15:44       1    2.94    0.00   16.67    0.00    0.00    2.94    0.00    0.00    0.00   77.45
23:15:44       2    4.90    0.00   16.67    0.00    0.00    0.98    0.00    0.00    0.00   77.45
23:15:44       3    6.80    0.00   14.56    0.00    0.00    1.94    0.00    0.00    0.00   76.70

23:15:44     CPU    %usr   %nice    %sys %iowait    %irq   %soft  %steal  %guest  %gnice   %idle
23:15:45     all    4.89    0.00   15.89    0.24    0.00    2.20    0.00    0.00    0.00   76.77
23:15:45       0    5.88    0.00   15.69    0.00    0.00    1.96    0.00    0.00    0.00   76.47
23:15:45       1    4.85    0.00   16.50    0.00    0.00    1.94    0.00    0.00    0.00   76.70
23:15:45       2    3.00    0.00   15.00    0.00    0.00    3.00    0.00    0.00    0.00   79.00
23:15:45       3    5.77    0.00   16.35    0.96    0.00    1.92    0.00    0.00    0.00   75.00

23:15:45     CPU    %usr   %nice    %sys %iowait    %irq   %soft  %steal  %guest  %gnice   %idle
23:15:46     all    6.73    0.00   20.20    0.00    0.00    5.24    0.00    0.00    0.00   67.83
23:15:46       0    6.93    0.00   20.79    0.00    0.00    4.95    0.00    0.00    0.00   67.33
23:15:46       1    6.00    0.00   20.00    0.00    0.00    7.00    0.00    0.00    0.00   67.00
23:15:46       2    6.86    0.00   21.57    0.00    0.00    3.92    0.00    0.00    0.00   67.65
23:15:46       3    7.14    0.00   18.37    0.00    0.00    5.10    0.00    0.00    0.00   69.39

23:15:46     CPU    %usr   %nice    %sys %iowait    %irq   %soft  %steal  %guest  %gnice   %idle
23:15:48     all    7.20    0.00   17.12    0.00    0.00    2.23    0.00    0.00    0.00   73.45
23:15:48       0    6.86    0.00   17.65    0.00    0.00    2.94    0.00    0.00    0.00   72.55
23:15:48       1    8.25    0.00   12.37    0.00    0.00    2.06    0.00    0.00    0.00   77.32
23:15:48       2    5.88    0.00   19.61    0.00    0.00    1.96    0.00    0.00    0.00   72.55
23:15:48       3    7.84    0.00   18.63    0.00    0.00    1.96    0.00    0.00    0.00   71.57

23:15:48     CPU    %usr   %nice    %sys %iowait    %irq   %soft  %steal  %guest  %gnice   %idle
23:15:49     all    4.76    0.00   14.29    0.00    0.00    2.26    0.00    0.00    0.00   78.70
23:15:49       0    4.95    0.00   15.84    0.00    0.00    0.99    0.00    0.00    0.00   78.22
23:15:49       1    5.88    0.00   15.69    0.00    0.00    1.96    0.00    0.00    0.00   76.47
23:15:49       2    4.17    0.00   11.46    0.00    0.00    3.12    0.00    0.00    0.00   81.25
23:15:49       3    4.00    0.00   14.00    0.00    0.00    3.00    0.00    0.00    0.00   79.00

23:15:49     CPU    %usr   %nice    %sys %iowait    %irq   %soft  %steal  %guest  %gnice   %idle
23:15:50     all    5.24    0.00   12.22    0.00    0.00    2.49    0.00    0.00    0.00   80.05
23:15:50       0    5.88    0.00   12.75    0.00    0.00    1.96    0.00    0.00    0.00   79.41
23:15:50       1    4.85    0.00   12.62    0.00    0.00    4.85    0.00    0.00    0.00   77.67
23:15:50       2    6.06    0.00   12.12    0.00    0.00    1.01    0.00    0.00    0.00   80.81
23:15:50       3    4.12    0.00   11.34    0.00    0.00    2.06    0.00    0.00    0.00   82.47

23:15:50     CPU    %usr   %nice    %sys %iowait    %irq   %soft  %steal  %guest  %gnice   %idle
23:15:51     all    4.74    0.00   11.84    0.00    0.00    1.84    0.00    0.00    0.00   81.58
23:15:51       0    5.38    0.00   10.75    0.00    0.00    1.08    0.00    0.00    0.00   82.80
23:15:51       1    5.15    0.00   12.37    0.00    0.00    2.06    0.00    0.00    0.00   80.41
23:15:51       2    3.16    0.00   12.63    0.00    0.00    2.11    0.00    0.00    0.00   82.11
23:15:51       3    5.26    0.00   11.58    0.00    0.00    2.11    0.00    0.00    0.00   81.05

23:15:51     CPU    %usr   %nice    %sys %iowait    %irq   %soft  %steal  %guest  %gnice   %idle
23:15:52     all    5.85    0.00   12.77    0.00    0.00    1.86    0.00    0.00    0.00   79.52
23:15:52       0    7.00    0.00   15.00    0.00    0.00    3.00    0.00    0.00    0.00   75.00
23:15:52       1    5.43    0.00   11.96    0.00    0.00    1.09    0.00    0.00    0.00   81.52
23:15:52       2    4.55    0.00   10.23    0.00    0.00    1.14    0.00    0.00    0.00   84.09
23:15:52       3    6.25    0.00   13.54    0.00    0.00    2.08    0.00    0.00    0.00   78.12

23:15:52     CPU    %usr   %nice    %sys %iowait    %irq   %soft  %steal  %guest  %gnice   %idle
23:15:53     all    2.89    0.00    9.21    0.00    0.00    1.32    0.00    0.00    0.00   86.58
23:15:53       0    3.23    0.00    8.60    0.00    0.00    0.00    0.00    0.00    0.00   88.17
23:15:53       1    3.12    0.00    9.38    0.00    0.00    2.08    0.00    0.00    0.00   85.42
23:15:53       2    3.06    0.00   10.20    0.00    0.00    2.04    0.00    0.00    0.00   84.69
23:15:53       3    2.15    0.00    8.60    0.00    0.00    1.08    0.00    0.00    0.00   88.17

23:15:53     CPU    %usr   %nice    %sys %iowait    %irq   %soft  %steal  %guest  %gnice   %idle
23:15:54     all    3.69    0.00   11.87    0.00    0.00    1.85    0.00    0.00    0.00   82.59
23:15:54       0    4.12    0.00   11.34    0.00    0.00    3.09    0.00    0.00    0.00   81.44
23:15:54       1    4.21    0.00   11.58    0.00    0.00    2.11    0.00    0.00    0.00   82.11
23:15:54       2    4.17    0.00   13.54    0.00    0.00    1.04    0.00    0.00    0.00   81.25
23:15:54       3    2.20    0.00   10.99    0.00    0.00    1.10    0.00    0.00    0.00   85.71

Average:     CPU    %usr   %nice    %sys %iowait    %irq   %soft  %steal  %guest  %gnice   %idle
Average:     all    4.98    0.00   14.73    0.07    0.00    2.82    0.00    0.00    0.00   77.41
Average:       0    4.94    0.00   14.67    0.03    0.00    2.85    0.00    0.00    0.00   77.51
Average:       1    5.07    0.00   15.03    0.00    0.00    2.86    0.00    0.00    0.00   77.04
Average:       2    4.78    0.00   14.57    0.03    0.00    2.76    0.00    0.00    0.00   77.86
Average:       3    5.11    0.00   14.64    0.22    0.00    2.80    0.00    0.00    0.00   77.22
