Linux 6.6.87.2-microsoft-standard-WSL2 (Udeepa-ASUS) 	04/15/26 	_x86_64_	(4 CPU)

22:49:07     CPU    %usr   %nice    %sys %iowait    %irq   %soft  %steal  %guest  %gnice   %idle
22:49:08     all    0.50    0.00    0.25    0.00    0.00    0.00    0.00    0.00    0.00   99.25
22:49:08       0    1.98    0.00    0.99    0.00    0.00    0.00    0.00    0.00    0.00   97.03
22:49:08       1    0.00    0.00    0.00    0.00    0.00    0.00    0.00    0.00    0.00  100.00
22:49:08       2    0.00    0.00    0.00    0.00    0.00    0.00    0.00    0.00    0.00  100.00
22:49:08       3    0.00    0.00    0.00    0.00    0.00    0.00    0.00    0.00    0.00  100.00

22:49:08     CPU    %usr   %nice    %sys %iowait    %irq   %soft  %steal  %guest  %gnice   %idle
22:49:09     all    0.00    0.00    0.00    0.00    0.00    0.00    0.00    0.00    0.00  100.00
22:49:09       0    0.00    0.00    0.00    0.00    0.00    0.00    0.00    0.00    0.00  100.00
22:49:09       1    0.00    0.00    0.00    0.00    0.00    0.00    0.00    0.00    0.00  100.00
22:49:09       2    0.00    0.00    0.00    0.00    0.00    0.00    0.00    0.00    0.00  100.00
22:49:09       3    0.00    0.00    0.00    0.00    0.00    0.00    0.00    0.00    0.00  100.00

22:49:09     CPU    %usr   %nice    %sys %iowait    %irq   %soft  %steal  %guest  %gnice   %idle
22:49:10     all    0.25    0.00    1.00    0.00    0.00    0.25    0.00    0.00    0.00   98.50
22:49:10       0    0.00    0.00    1.01    0.00    0.00    0.00    0.00    0.00    0.00   98.99
22:49:10       1    0.98    0.00    0.98    0.00    0.00    0.98    0.00    0.00    0.00   97.06
22:49:10       2    0.00    0.00    1.00    0.00    0.00    0.00    0.00    0.00    0.00   99.00
22:49:10       3    0.00    0.00    1.00    0.00    0.00    0.00    0.00    0.00    0.00   99.00

22:49:10     CPU    %usr   %nice    %sys %iowait    %irq   %soft  %steal  %guest  %gnice   %idle
22:49:11     all    1.75    0.00    5.75    0.00    0.00    2.00    0.00    0.00    0.00   90.50
22:49:11       0    5.94    0.00    8.91    0.00    0.00    1.98    0.00    0.00    0.00   83.17
22:49:11       1    0.00    0.00    2.97    0.00    0.00    2.97    0.00    0.00    0.00   94.06
22:49:11       2    0.00    0.00    4.12    0.00    0.00    1.03    0.00    0.00    0.00   94.85
22:49:11       3    0.99    0.00    6.93    0.00    0.00    1.98    0.00    0.00    0.00   90.10

22:49:11     CPU    %usr   %nice    %sys %iowait    %irq   %soft  %steal  %guest  %gnice   %idle
22:49:12     all    3.02    0.00    7.29    0.25    0.00    2.76    0.00    0.00    0.00   86.68
22:49:12       0    6.19    0.00    7.22    0.00    0.00    5.15    0.00    0.00    0.00   81.44
22:49:12       1    0.96    0.00    6.73    0.00    0.00    2.88    0.00    0.00    0.00   89.42
22:49:12       2    2.00    0.00    9.00    1.00    0.00    1.00    0.00    0.00    0.00   87.00
22:49:12       3    3.09    0.00    6.19    0.00    0.00    2.06    0.00    0.00    0.00   88.66

22:49:12     CPU    %usr   %nice    %sys %iowait    %irq   %soft  %steal  %guest  %gnice   %idle
22:49:13     all    5.72    0.00   11.44    0.00    0.00    3.73    0.00    0.00    0.00   79.10
22:49:13       0   11.76    0.00   14.71    0.00    0.00    4.90    0.00    0.00    0.00   68.63
22:49:13       1    0.96    0.00    7.69    0.00    0.00    3.85    0.00    0.00    0.00   87.50
22:49:13       2    4.12    0.00    9.28    0.00    0.00    3.09    0.00    0.00    0.00   83.51
22:49:13       3    6.06    0.00   14.14    0.00    0.00    3.03    0.00    0.00    0.00   76.77

22:49:13     CPU    %usr   %nice    %sys %iowait    %irq   %soft  %steal  %guest  %gnice   %idle
22:49:14     all    5.28    0.00   14.07    0.00    0.00    3.77    0.00    0.00    0.00   76.88
22:49:14       0   11.11    0.00   12.12    0.00    0.00    7.07    0.00    0.00    0.00   69.70
22:49:14       1    1.96    0.00    9.80    0.00    0.00    2.94    0.00    0.00    0.00   85.29
22:49:14       2    4.17    0.00   17.71    0.00    0.00    2.08    0.00    0.00    0.00   76.04
22:49:14       3    3.96    0.00   16.83    0.00    0.00    2.97    0.00    0.00    0.00   76.24

22:49:14     CPU    %usr   %nice    %sys %iowait    %irq   %soft  %steal  %guest  %gnice   %idle
22:49:15     all    7.32    0.00   20.96    0.00    0.00    5.81    0.00    0.00    0.00   65.91
22:49:15       0   15.62    0.00   20.83    0.00    0.00    7.29    0.00    0.00    0.00   56.25
22:49:15       1    0.99    0.00   13.86    0.00    0.00    4.95    0.00    0.00    0.00   80.20
22:49:15       2    4.95    0.00   25.74    0.00    0.00    3.96    0.00    0.00    0.00   65.35
22:49:15       3    8.16    0.00   23.47    0.00    0.00    7.14    0.00    0.00    0.00   61.22

22:49:15     CPU    %usr   %nice    %sys %iowait    %irq   %soft  %steal  %guest  %gnice   %idle
22:49:16     all   10.78    0.00   33.58    0.00    0.00    7.02    0.00    0.00    0.00   48.62
22:49:16       0   19.57    0.00   32.61    0.00    0.00   11.96    0.00    0.00    0.00   35.87
22:49:16       1    5.05    0.00   24.24    0.00    0.00    2.02    0.00    0.00    0.00   68.69
22:49:16       2    8.74    0.00   36.89    0.00    0.00    4.85    0.00    0.00    0.00   49.51
22:49:16       3   10.48    0.00   40.00    0.00    0.00    9.52    0.00    0.00    0.00   40.00

22:49:16     CPU    %usr   %nice    %sys %iowait    %irq   %soft  %steal  %guest  %gnice   %idle
22:49:17     all   11.22    0.00   27.68    0.00    0.00    5.24    0.00    0.00    0.00   55.86
22:49:17       0   23.71    0.00   26.80    0.00    0.00    7.22    0.00    0.00    0.00   42.27
22:49:17       1    4.12    0.00   16.49    0.00    0.00    2.06    0.00    0.00    0.00   77.32
22:49:17       2   10.38    0.00   34.91    0.00    0.00    5.66    0.00    0.00    0.00   49.06
22:49:17       3    6.93    0.00   31.68    0.00    0.00    5.94    0.00    0.00    0.00   55.45

22:49:17     CPU    %usr   %nice    %sys %iowait    %irq   %soft  %steal  %guest  %gnice   %idle
22:49:18     all   11.78    0.00   29.84    0.00    0.00    6.28    0.00    0.00    0.00   52.09
22:49:18       0   23.76    0.00   30.69    0.00    0.00   10.89    0.00    0.00    0.00   34.65
22:49:18       1    6.25    0.00   21.88    0.00    0.00    2.08    0.00    0.00    0.00   69.79
22:49:18       2    5.68    0.00   28.41    0.00    0.00    6.82    0.00    0.00    0.00   59.09
22:49:18       3   10.31    0.00   38.14    0.00    0.00    5.15    0.00    0.00    0.00   46.39

22:49:18     CPU    %usr   %nice    %sys %iowait    %irq   %soft  %steal  %guest  %gnice   %idle
22:49:19     all    8.53    0.00   28.94    0.00    0.00    5.43    0.00    0.00    0.00   57.11
22:49:19       0   11.96    0.00   31.52    0.00    0.00   11.96    0.00    0.00    0.00   44.57
22:49:19       1    6.00    0.00   21.00    0.00    0.00    2.00    0.00    0.00    0.00   71.00
22:49:19       2    6.19    0.00   27.84    0.00    0.00    6.19    0.00    0.00    0.00   59.79
22:49:19       3   10.20    0.00   35.71    0.00    0.00    2.04    0.00    0.00    0.00   52.04

22:49:19     CPU    %usr   %nice    %sys %iowait    %irq   %soft  %steal  %guest  %gnice   %idle
22:49:20     all    8.74    0.00   27.51    0.00    0.00    6.17    0.00    0.00    0.00   57.58
22:49:20       0   18.28    0.00   29.03    0.00    0.00    8.60    0.00    0.00    0.00   44.09
22:49:20       1    3.96    0.00   20.79    0.00    0.00    1.98    0.00    0.00    0.00   73.27
22:49:20       2    7.22    0.00   26.80    0.00    0.00    5.15    0.00    0.00    0.00   60.82
22:49:20       3    6.12    0.00   33.67    0.00    0.00    9.18    0.00    0.00    0.00   51.02

22:49:20     CPU    %usr   %nice    %sys %iowait    %irq   %soft  %steal  %guest  %gnice   %idle
22:49:21     all   11.66    0.00   31.61    0.00    0.00    7.25    0.00    0.00    0.00   49.48
22:49:21       0   19.57    0.00   33.70    0.00    0.00   11.96    0.00    0.00    0.00   34.78
22:49:21       1    6.06    0.00   23.23    0.00    0.00    2.02    0.00    0.00    0.00   68.69
22:49:21       2    9.18    0.00   33.67    0.00    0.00    8.16    0.00    0.00    0.00   48.98
22:49:21       3   12.37    0.00   36.08    0.00    0.00    7.22    0.00    0.00    0.00   44.33

22:49:21     CPU    %usr   %nice    %sys %iowait    %irq   %soft  %steal  %guest  %gnice   %idle
22:49:22     all   10.74    0.00   32.48    0.00    0.00    6.14    0.00    0.00    0.00   50.64
22:49:22       0   19.59    0.00   36.08    0.00    0.00    9.28    0.00    0.00    0.00   35.05
22:49:22       1    3.12    0.00   19.79    0.00    0.00    3.12    0.00    0.00    0.00   73.96
22:49:22       2   10.53    0.00   29.47    0.00    0.00    6.32    0.00    0.00    0.00   53.68
22:49:22       3    9.71    0.00   43.69    0.00    0.00    5.83    0.00    0.00    0.00   40.78

22:49:22     CPU    %usr   %nice    %sys %iowait    %irq   %soft  %steal  %guest  %gnice   %idle
22:49:23     all    8.91    0.00   24.94    0.00    0.00    4.07    0.00    0.00    0.00   62.09
22:49:23       0   13.54    0.00   28.12    0.00    0.00    7.29    0.00    0.00    0.00   51.04
22:49:23       1    3.09    0.00   15.46    0.00    0.00    1.03    0.00    0.00    0.00   80.41
22:49:23       2   10.78    0.00   28.43    0.00    0.00    3.92    0.00    0.00    0.00   56.86
22:49:23       3    8.16    0.00   27.55    0.00    0.00    4.08    0.00    0.00    0.00   60.20

22:49:23     CPU    %usr   %nice    %sys %iowait    %irq   %soft  %steal  %guest  %gnice   %idle
22:49:24     all    6.15    0.00   22.56    0.00    0.00    7.18    0.00    0.00    0.00   64.10
22:49:24       0   12.77    0.00   23.40    0.00    0.00   11.70    0.00    0.00    0.00   52.13
22:49:24       1    1.96    0.00   14.71    0.00    0.00    5.88    0.00    0.00    0.00   77.45
22:49:24       2    5.21    0.00   27.08    0.00    0.00    5.21    0.00    0.00    0.00   62.50
22:49:24       3    5.10    0.00   25.51    0.00    0.00    6.12    0.00    0.00    0.00   63.27

22:49:24     CPU    %usr   %nice    %sys %iowait    %irq   %soft  %steal  %guest  %gnice   %idle
22:49:25     all   13.33    0.00   34.87    0.00    0.00    8.21    0.00    0.00    0.00   43.59
22:49:25       0   28.12    0.00   30.21    0.00    0.00   17.71    0.00    0.00    0.00   23.96
22:49:25       1    3.03    0.00   29.29    0.00    0.00    2.02    0.00    0.00    0.00   65.66
22:49:25       2   11.22    0.00   40.82    0.00    0.00    7.14    0.00    0.00    0.00   40.82
22:49:25       3   11.34    0.00   39.18    0.00    0.00    6.19    0.00    0.00    0.00   43.30

22:49:25     CPU    %usr   %nice    %sys %iowait    %irq   %soft  %steal  %guest  %gnice   %idle
22:49:26     all    9.16    0.00   29.06    0.00    0.00    7.59    0.00    0.00    0.00   54.19
22:49:26       0   18.09    0.00   36.17    0.00    0.00   10.64    0.00    0.00    0.00   35.11
22:49:26       1    4.12    0.00   22.68    0.00    0.00    3.09    0.00    0.00    0.00   70.10
22:49:26       2    8.60    0.00   30.11    0.00    0.00    8.60    0.00    0.00    0.00   52.69
22:49:26       3    6.12    0.00   27.55    0.00    0.00    8.16    0.00    0.00    0.00   58.16

22:49:26     CPU    %usr   %nice    %sys %iowait    %irq   %soft  %steal  %guest  %gnice   %idle
22:49:27     all   10.48    0.00   29.57    0.27    0.00    8.60    0.00    0.00    0.00   51.08
22:49:27       0   25.81    0.00   26.88    0.00    0.00   17.20    0.00    0.00    0.00   30.11
22:49:27       1    1.11    0.00   20.00    1.11    0.00    3.33    0.00    0.00    0.00   74.44
22:49:27       2    4.26    0.00   37.23    0.00    0.00    6.38    0.00    0.00    0.00   52.13
22:49:27       3   10.53    0.00   33.68    0.00    0.00    7.37    0.00    0.00    0.00   48.42

22:49:27     CPU    %usr   %nice    %sys %iowait    %irq   %soft  %steal  %guest  %gnice   %idle
22:49:28     all   10.94    0.00   35.42    0.00    0.00    7.03    0.00    0.00    0.00   46.61
22:49:28       0   22.92    0.00   34.38    0.00    0.00   10.42    0.00    0.00    0.00   32.29
22:49:28       1    2.15    0.00   22.58    0.00    0.00    3.23    0.00    0.00    0.00   72.04
22:49:28       2    9.18    0.00   41.84    0.00    0.00    9.18    0.00    0.00    0.00   39.80
22:49:28       3    9.28    0.00   42.27    0.00    0.00    5.15    0.00    0.00    0.00   43.30

22:49:28     CPU    %usr   %nice    %sys %iowait    %irq   %soft  %steal  %guest  %gnice   %idle
22:49:29     all   10.10    0.00   36.27    0.00    0.00    8.55    0.00    0.00    0.00   45.08
22:49:29       0   22.11    0.00   38.95    0.00    0.00   13.68    0.00    0.00    0.00   25.26
22:49:29       1    2.06    0.00   26.80    0.00    0.00    4.12    0.00    0.00    0.00   67.01
22:49:29       2    7.29    0.00   40.62    0.00    0.00   10.42    0.00    0.00    0.00   41.67
22:49:29       3    9.18    0.00   38.78    0.00    0.00    6.12    0.00    0.00    0.00   45.92

Average:     CPU    %usr   %nice    %sys %iowait    %irq   %soft  %steal  %guest  %gnice   %idle
Average:     all    7.51    0.00   21.89    0.02    0.00    5.10    0.00    0.00    0.00   65.47
Average:       0   14.99    0.00   22.67    0.00    0.00    8.39    0.00    0.00    0.00   53.96
Average:       1    2.62    0.00   15.35    0.05    0.00    2.57    0.00    0.00    0.00   79.41
Average:       2    5.90    0.00   24.08    0.05    0.00    4.74    0.00    0.00    0.00   65.23
Average:       3    6.71    0.00   25.52    0.00    0.00    4.78    0.00    0.00    0.00   62.99
