Linux 6.6.87.2-microsoft-standard-WSL2 (Udeepa-ASUS) 	04/15/26 	_x86_64_	(4 CPU)

22:45:47     CPU    %usr   %nice    %sys %iowait    %irq   %soft  %steal  %guest  %gnice   %idle
22:45:48     all    0.75    0.00    0.50    0.00    0.00    0.00    0.00    0.00    0.00   98.75
22:45:48       0    3.00    0.00    1.00    0.00    0.00    0.00    0.00    0.00    0.00   96.00
22:45:48       1    0.00    0.00    0.99    0.00    0.00    0.00    0.00    0.00    0.00   99.01
22:45:48       2    0.00    0.00    0.00    0.00    0.00    0.00    0.00    0.00    0.00  100.00
22:45:48       3    0.00    0.00    0.00    0.00    0.00    0.00    0.00    0.00    0.00  100.00

22:45:48     CPU    %usr   %nice    %sys %iowait    %irq   %soft  %steal  %guest  %gnice   %idle
22:45:49     all    0.00    0.00    0.00    0.00    0.00    0.00    0.00    0.00    0.00  100.00
22:45:49       0    0.00    0.00    0.00    0.00    0.00    0.00    0.00    0.00    0.00  100.00
22:45:49       1    0.00    0.00    0.00    0.00    0.00    0.00    0.00    0.00    0.00  100.00
22:45:49       2    0.00    0.00    0.00    0.00    0.00    0.00    0.00    0.00    0.00  100.00
22:45:49       3    0.00    0.00    0.00    0.00    0.00    0.00    0.00    0.00    0.00  100.00

22:45:49     CPU    %usr   %nice    %sys %iowait    %irq   %soft  %steal  %guest  %gnice   %idle
22:45:50     all    0.00    0.00    2.77    0.00    0.00    0.00    0.00    0.00    0.00   97.23
22:45:50       0    0.00    0.00    0.00    0.00    0.00    0.00    0.00    0.00    0.00  100.00
22:45:50       1    0.00    0.00   10.20    0.00    0.00    0.00    0.00    0.00    0.00   89.80
22:45:50       2    0.00    0.00    1.00    0.00    0.00    0.00    0.00    0.00    0.00   99.00
22:45:50       3    0.00    0.00    0.00    0.00    0.00    0.00    0.00    0.00    0.00  100.00

22:45:50     CPU    %usr   %nice    %sys %iowait    %irq   %soft  %steal  %guest  %gnice   %idle
22:45:51     all    0.50    0.00    1.25    0.00    0.00    0.00    0.00    0.00    0.00   98.25
22:45:51       0    1.96    0.00    2.94    0.00    0.00    0.00    0.00    0.00    0.00   95.10
22:45:51       1    0.00    0.00    1.01    0.00    0.00    0.00    0.00    0.00    0.00   98.99
22:45:51       2    0.00    0.00    0.00    0.00    0.00    0.00    0.00    0.00    0.00  100.00
22:45:51       3    0.00    0.00    1.01    0.00    0.00    0.00    0.00    0.00    0.00   98.99

22:45:51     CPU    %usr   %nice    %sys %iowait    %irq   %soft  %steal  %guest  %gnice   %idle
22:45:52     all    0.00    0.00    0.25    0.25    0.00    0.00    0.00    0.00    0.00   99.50
22:45:52       0    0.00    0.00    0.00    0.00    0.00    0.00    0.00    0.00    0.00  100.00
22:45:52       1    0.00    0.00    1.00    1.00    0.00    0.00    0.00    0.00    0.00   98.00
22:45:52       2    0.00    0.00    0.00    0.00    0.00    0.00    0.00    0.00    0.00  100.00
22:45:52       3    0.00    0.00    0.00    0.00    0.00    0.00    0.00    0.00    0.00  100.00

22:45:52     CPU    %usr   %nice    %sys %iowait    %irq   %soft  %steal  %guest  %gnice   %idle
22:45:53     all    3.78    0.00    9.57    0.00    0.00    1.51    0.00    0.00    0.00   85.14
22:45:53       0    8.16    0.00    7.14    0.00    0.00    2.04    0.00    0.00    0.00   82.65
22:45:53       1    2.02    0.00    6.06    0.00    0.00    1.01    0.00    0.00    0.00   90.91
22:45:53       2    3.03    0.00   12.12    0.00    0.00    1.01    0.00    0.00    0.00   83.84
22:45:53       3    1.98    0.00   12.87    0.00    0.00    1.98    0.00    0.00    0.00   83.17

22:45:53     CPU    %usr   %nice    %sys %iowait    %irq   %soft  %steal  %guest  %gnice   %idle
22:45:54     all   11.59    0.00   33.75    0.00    0.00    8.06    0.00    0.00    0.00   46.60
22:45:54       0   22.58    0.00   30.11    0.00    0.00   12.90    0.00    0.00    0.00   34.41
22:45:54       1    8.16    0.00   23.47    0.00    0.00    3.06    0.00    0.00    0.00   65.31
22:45:54       2    9.71    0.00   38.83    0.00    0.00    7.77    0.00    0.00    0.00   43.69
22:45:54       3    6.80    0.00   41.75    0.00    0.00    8.74    0.00    0.00    0.00   42.72

22:45:54     CPU    %usr   %nice    %sys %iowait    %irq   %soft  %steal  %guest  %gnice   %idle
22:45:55     all   11.87    0.00   36.36    0.00    0.00    7.07    0.00    0.00    0.00   44.70
22:45:55       0   20.43    0.00   40.86    0.00    0.00    7.53    0.00    0.00    0.00   31.18
22:45:55       1    7.92    0.00   27.72    0.00    0.00    5.94    0.00    0.00    0.00   58.42
22:45:55       2    8.91    0.00   38.61    0.00    0.00    7.92    0.00    0.00    0.00   44.55
22:45:55       3   10.89    0.00   38.61    0.00    0.00    6.93    0.00    0.00    0.00   43.56

22:45:55     CPU    %usr   %nice    %sys %iowait    %irq   %soft  %steal  %guest  %gnice   %idle
22:45:56     all   11.73    0.00   36.73    0.00    0.00    7.14    0.00    0.00    0.00   44.39
22:45:56       0   21.51    0.00   37.63    0.00    0.00    8.60    0.00    0.00    0.00   32.26
22:45:56       1    6.80    0.00   29.13    0.00    0.00    3.88    0.00    0.00    0.00   60.19
22:45:56       2   11.00    0.00   41.00    0.00    0.00    7.00    0.00    0.00    0.00   41.00
22:45:56       3    8.33    0.00   39.58    0.00    0.00    9.38    0.00    0.00    0.00   42.71

22:45:56     CPU    %usr   %nice    %sys %iowait    %irq   %soft  %steal  %guest  %gnice   %idle
22:45:57     all   11.96    0.00   37.66    0.00    0.00    6.62    0.00    0.00    0.00   43.77
22:45:57       0   22.22    0.00   39.39    0.00    0.00    7.07    0.00    0.00    0.00   31.31
22:45:57       1    6.25    0.00   28.12    0.00    0.00    3.12    0.00    0.00    0.00   62.50
22:45:57       2    9.57    0.00   40.43    0.00    0.00    6.38    0.00    0.00    0.00   43.62
22:45:57       3    9.62    0.00   42.31    0.00    0.00    9.62    0.00    0.00    0.00   38.46

22:45:57     CPU    %usr   %nice    %sys %iowait    %irq   %soft  %steal  %guest  %gnice   %idle
22:45:58     all    9.59    0.00   35.49    0.26    0.00    5.96    0.00    0.00    0.00   48.70
22:45:58       0   21.28    0.00   36.17    0.00    0.00    8.51    0.00    0.00    0.00   34.04
22:45:58       1    4.26    0.00   22.34    1.06    0.00    3.19    0.00    0.00    0.00   69.15
22:45:58       2    6.93    0.00   42.57    0.00    0.00    7.92    0.00    0.00    0.00   42.57
22:45:58       3    6.19    0.00   40.21    0.00    0.00    4.12    0.00    0.00    0.00   49.48

22:45:58     CPU    %usr   %nice    %sys %iowait    %irq   %soft  %steal  %guest  %gnice   %idle
22:45:59     all   14.36    0.00   35.64    0.00    0.00    5.90    0.00    0.00    0.00   44.10
22:45:59       0   27.08    0.00   35.42    0.00    0.00   10.42    0.00    0.00    0.00   27.08
22:45:59       1    8.91    0.00   28.71    0.00    0.00    2.97    0.00    0.00    0.00   59.41
22:45:59       2   12.63    0.00   38.95    0.00    0.00    5.26    0.00    0.00    0.00   43.16
22:45:59       3    9.18    0.00   39.80    0.00    0.00    5.10    0.00    0.00    0.00   45.92

22:45:59     CPU    %usr   %nice    %sys %iowait    %irq   %soft  %steal  %guest  %gnice   %idle
22:46:00     all   10.55    0.00   35.93    0.00    0.00    8.29    0.00    0.00    0.00   45.23
22:46:00       0   23.23    0.00   40.40    0.00    0.00   13.13    0.00    0.00    0.00   23.23
22:46:00       1    5.83    0.00   33.98    0.00    0.00    5.83    0.00    0.00    0.00   54.37
22:46:00       2    8.33    0.00   35.42    0.00    0.00    5.21    0.00    0.00    0.00   51.04
22:46:00       3    5.00    0.00   34.00    0.00    0.00    9.00    0.00    0.00    0.00   52.00

22:46:00     CPU    %usr   %nice    %sys %iowait    %irq   %soft  %steal  %guest  %gnice   %idle
22:46:01     all   10.23    0.00   37.08    0.00    0.00    5.88    0.00    0.00    0.00   46.80
22:46:01       0   23.47    0.00   44.90    0.00    0.00   10.20    0.00    0.00    0.00   21.43
22:46:01       1    7.29    0.00   30.21    0.00    0.00    5.21    0.00    0.00    0.00   57.29
22:46:01       2    4.04    0.00   37.37    0.00    0.00    4.04    0.00    0.00    0.00   54.55
22:46:01       3    6.12    0.00   35.71    0.00    0.00    4.08    0.00    0.00    0.00   54.08

22:46:01     CPU    %usr   %nice    %sys %iowait    %irq   %soft  %steal  %guest  %gnice   %idle
22:46:02     all   11.87    0.00   34.34    0.00    0.00    5.56    0.00    0.00    0.00   48.23
22:46:02       0   26.37    0.00   42.86    0.00    0.00    8.79    0.00    0.00    0.00   21.98
22:46:02       1    6.73    0.00   33.65    0.00    0.00    5.77    0.00    0.00    0.00   53.85
22:46:02       2    7.00    0.00   26.00    0.00    0.00    4.00    0.00    0.00    0.00   63.00
22:46:02       3    8.91    0.00   35.64    0.00    0.00    3.96    0.00    0.00    0.00   51.49

22:46:02     CPU    %usr   %nice    %sys %iowait    %irq   %soft  %steal  %guest  %gnice   %idle
22:46:03     all   11.31    0.00   39.70    0.25    0.00    7.29    0.00    0.00    0.00   41.46
22:46:03       0   20.62    0.00   46.39    0.00    0.00   14.43    0.00    0.00    0.00   18.56
22:46:03       1    8.91    0.00   35.64    0.99    0.00    5.94    0.00    0.00    0.00   48.51
22:46:03       2    6.93    0.00   39.60    0.00    0.00    3.96    0.00    0.00    0.00   49.50
22:46:03       3    9.09    0.00   37.37    0.00    0.00    5.05    0.00    0.00    0.00   48.48

22:46:03     CPU    %usr   %nice    %sys %iowait    %irq   %soft  %steal  %guest  %gnice   %idle
22:46:04     all   12.11    0.00   36.60    0.00    0.00    7.22    0.00    0.00    0.00   44.07
22:46:04       0   21.78    0.00   44.55    0.00    0.00   12.87    0.00    0.00    0.00   20.79
22:46:04       1    9.00    0.00   36.00    0.00    0.00    4.00    0.00    0.00    0.00   51.00
22:46:04       2    8.51    0.00   32.98    0.00    0.00    4.26    0.00    0.00    0.00   54.26
22:46:04       3    8.60    0.00   32.26    0.00    0.00    7.53    0.00    0.00    0.00   51.61

22:46:04     CPU    %usr   %nice    %sys %iowait    %irq   %soft  %steal  %guest  %gnice   %idle
22:46:05     all   12.95    0.00   37.31    0.00    0.00    6.74    0.00    0.00    0.00   43.01
22:46:05       0   23.00    0.00   46.00    0.00    0.00   12.00    0.00    0.00    0.00   19.00
22:46:05       1   11.34    0.00   34.02    0.00    0.00    2.06    0.00    0.00    0.00   52.58
22:46:05       2    8.33    0.00   38.54    0.00    0.00    4.17    0.00    0.00    0.00   48.96
22:46:05       3    8.60    0.00   30.11    0.00    0.00    8.60    0.00    0.00    0.00   52.69

22:46:05     CPU    %usr   %nice    %sys %iowait    %irq   %soft  %steal  %guest  %gnice   %idle
22:46:06     all   12.69    0.00   36.82    0.00    0.00    6.72    0.00    0.00    0.00   43.78
22:46:06       0   24.24    0.00   44.44    0.00    0.00   12.12    0.00    0.00    0.00   19.19
22:46:06       1    7.00    0.00   31.00    0.00    0.00    5.00    0.00    0.00    0.00   57.00
22:46:06       2   10.78    0.00   36.27    0.00    0.00    4.90    0.00    0.00    0.00   48.04
22:46:06       3    8.91    0.00   35.64    0.00    0.00    4.95    0.00    0.00    0.00   50.50

22:46:06     CPU    %usr   %nice    %sys %iowait    %irq   %soft  %steal  %guest  %gnice   %idle
22:46:07     all   12.85    0.00   37.79    0.00    0.00    5.40    0.00    0.00    0.00   43.96
22:46:07       0   29.59    0.00   41.84    0.00    0.00    9.18    0.00    0.00    0.00   19.39
22:46:07       1    5.26    0.00   31.58    0.00    0.00    4.21    0.00    0.00    0.00   58.95
22:46:07       2   11.00    0.00   41.00    0.00    0.00    3.00    0.00    0.00    0.00   45.00
22:46:07       3    5.21    0.00   36.46    0.00    0.00    5.21    0.00    0.00    0.00   53.12

22:46:07     CPU    %usr   %nice    %sys %iowait    %irq   %soft  %steal  %guest  %gnice   %idle
22:46:08     all    9.82    0.00   37.78    0.00    0.00    7.30    0.00    0.00    0.00   45.09
22:46:08       0   20.62    0.00   45.36    0.00    0.00   11.34    0.00    0.00    0.00   22.68
22:46:08       1    4.00    0.00   38.00    0.00    0.00    4.00    0.00    0.00    0.00   54.00
22:46:08       2    3.96    0.00   31.68    0.00    0.00    5.94    0.00    0.00    0.00   58.42
22:46:08       3   11.11    0.00   36.36    0.00    0.00    8.08    0.00    0.00    0.00   44.44

22:46:08     CPU    %usr   %nice    %sys %iowait    %irq   %soft  %steal  %guest  %gnice   %idle
22:46:09     all   10.91    0.00   37.92    0.00    0.00    6.23    0.00    0.00    0.00   44.94
22:46:09       0   17.65    0.00   51.96    0.00    0.00   12.75    0.00    0.00    0.00   17.65
22:46:09       1    8.33    0.00   32.29    0.00    0.00    4.17    0.00    0.00    0.00   55.21
22:46:09       2    6.32    0.00   31.58    0.00    0.00    4.21    0.00    0.00    0.00   57.89
22:46:09       3   10.87    0.00   34.78    0.00    0.00    3.26    0.00    0.00    0.00   51.09

22:46:09     CPU    %usr   %nice    %sys %iowait    %irq   %soft  %steal  %guest  %gnice   %idle
22:46:10     all   12.73    0.00   37.40    0.00    0.00    5.97    0.00    0.00    0.00   43.90
22:46:10       0   24.21    0.00   48.42    0.00    0.00    9.47    0.00    0.00    0.00   17.89
22:46:10       1    9.28    0.00   32.99    0.00    0.00    4.12    0.00    0.00    0.00   53.61
22:46:10       2    7.37    0.00   33.68    0.00    0.00    4.21    0.00    0.00    0.00   54.74
22:46:10       3   10.20    0.00   34.69    0.00    0.00    6.12    0.00    0.00    0.00   48.98

22:46:10     CPU    %usr   %nice    %sys %iowait    %irq   %soft  %steal  %guest  %gnice   %idle
22:46:11     all   12.34    0.00   36.22    0.00    0.00    6.82    0.00    0.00    0.00   44.62
22:46:11       0   23.00    0.00   46.00    0.00    0.00   13.00    0.00    0.00    0.00   18.00
22:46:11       1    8.70    0.00   29.35    0.00    0.00    4.35    0.00    0.00    0.00   57.61
22:46:11       2    7.22    0.00   36.08    0.00    0.00    6.19    0.00    0.00    0.00   50.52
22:46:11       3    9.78    0.00   32.61    0.00    0.00    3.26    0.00    0.00    0.00   54.35

22:46:11     CPU    %usr   %nice    %sys %iowait    %irq   %soft  %steal  %guest  %gnice   %idle
22:46:12     all   11.03    0.00   37.59    0.25    0.00    7.52    0.00    0.00    0.00   43.61
22:46:12       0   22.22    0.00   44.44    0.00    0.00   15.15    0.00    0.00    0.00   18.18
22:46:12       1    9.28    0.00   30.93    0.00    0.00    5.15    0.00    0.00    0.00   54.64
22:46:12       2    4.04    0.00   30.30    1.01    0.00    4.04    0.00    0.00    0.00   60.61
22:46:12       3    8.65    0.00   44.23    0.00    0.00    5.77    0.00    0.00    0.00   41.35

22:46:12     CPU    %usr   %nice    %sys %iowait    %irq   %soft  %steal  %guest  %gnice   %idle
22:46:13     all   12.04    0.00   33.77    0.00    0.00    7.33    0.00    0.00    0.00   46.86
22:46:13       0   26.00    0.00   42.00    0.00    0.00   14.00    0.00    0.00    0.00   18.00
22:46:13       1    5.38    0.00   30.11    0.00    0.00    3.23    0.00    0.00    0.00   61.29
22:46:13       2    6.38    0.00   26.60    0.00    0.00    6.38    0.00    0.00    0.00   60.64
22:46:13       3    9.47    0.00   35.79    0.00    0.00    5.26    0.00    0.00    0.00   49.47

22:46:13     CPU    %usr   %nice    %sys %iowait    %irq   %soft  %steal  %guest  %gnice   %idle
22:46:14     all   12.12    0.00   37.12    0.00    0.00    7.07    0.00    0.00    0.00   43.69
22:46:14       0   20.83    0.00   46.88    0.00    0.00   12.50    0.00    0.00    0.00   19.79
22:46:14       1   10.68    0.00   33.98    0.00    0.00    4.85    0.00    0.00    0.00   50.49
22:46:14       2    8.16    0.00   34.69    0.00    0.00    4.08    0.00    0.00    0.00   53.06
22:46:14       3    9.09    0.00   33.33    0.00    0.00    7.07    0.00    0.00    0.00   50.51

22:46:14     CPU    %usr   %nice    %sys %iowait    %irq   %soft  %steal  %guest  %gnice   %idle
22:46:15     all   13.01    0.00   36.48    0.00    0.00    7.65    0.00    0.00    0.00   42.86
22:46:15       0   21.65    0.00   46.39    0.00    0.00   12.37    0.00    0.00    0.00   19.59
22:46:15       1    9.00    0.00   33.00    0.00    0.00    7.00    0.00    0.00    0.00   51.00
22:46:15       2    9.18    0.00   30.61    0.00    0.00    5.10    0.00    0.00    0.00   55.10
22:46:15       3   12.37    0.00   36.08    0.00    0.00    6.19    0.00    0.00    0.00   45.36

22:46:15     CPU    %usr   %nice    %sys %iowait    %irq   %soft  %steal  %guest  %gnice   %idle
22:46:16     all   14.18    0.00   39.43    0.00    0.00    5.41    0.00    0.00    0.00   40.98
22:46:16       0   25.77    0.00   42.27    0.00    0.00    8.25    0.00    0.00    0.00   23.71
22:46:16       1    6.25    0.00   31.25    0.00    0.00    4.17    0.00    0.00    0.00   58.33
22:46:16       2   15.31    0.00   40.82    0.00    0.00    5.10    0.00    0.00    0.00   38.78
22:46:16       3    9.28    0.00   43.30    0.00    0.00    4.12    0.00    0.00    0.00   43.30

22:46:16     CPU    %usr   %nice    %sys %iowait    %irq   %soft  %steal  %guest  %gnice   %idle
22:46:18     all   12.50    0.00   35.71    0.00    0.00    9.18    0.00    0.00    0.00   42.60
22:46:18       0   24.49    0.00   35.71    0.00    0.00   13.27    0.00    0.00    0.00   26.53
22:46:18       1    7.22    0.00   26.80    0.00    0.00    4.12    0.00    0.00    0.00   61.86
22:46:18       2    9.47    0.00   37.89    0.00    0.00    8.42    0.00    0.00    0.00   44.21
22:46:18       3    8.82    0.00   42.16    0.00    0.00   10.78    0.00    0.00    0.00   38.24

22:46:18     CPU    %usr   %nice    %sys %iowait    %irq   %soft  %steal  %guest  %gnice   %idle
22:46:19     all   12.28    0.00   35.09    0.25    0.00    8.52    0.00    0.00    0.00   43.86
22:46:19       0   21.78    0.00   36.63    0.00    0.00   13.86    0.00    0.00    0.00   27.72
22:46:19       1    8.25    0.00   23.71    0.00    0.00    4.12    0.00    0.00    0.00   63.92
22:46:19       2    9.90    0.00   39.60    0.00    0.00    6.93    0.00    0.00    0.00   43.56
22:46:19       3    9.00    0.00   40.00    1.00    0.00    9.00    0.00    0.00    0.00   41.00

22:46:19     CPU    %usr   %nice    %sys %iowait    %irq   %soft  %steal  %guest  %gnice   %idle
22:46:20     all   13.95    0.00   36.32    0.00    0.00    5.00    0.00    0.00    0.00   44.74
22:46:20       0   25.25    0.00   42.42    0.00    0.00    8.08    0.00    0.00    0.00   24.24
22:46:20       1    6.52    0.00   27.17    0.00    0.00    0.00    0.00    0.00    0.00   66.30
22:46:20       2   14.74    0.00   35.79    0.00    0.00    5.26    0.00    0.00    0.00   44.21
22:46:20       3    8.51    0.00   39.36    0.00    0.00    6.38    0.00    0.00    0.00   45.74

22:46:20     CPU    %usr   %nice    %sys %iowait    %irq   %soft  %steal  %guest  %gnice   %idle
22:46:21     all   13.47    0.00   35.75    0.00    0.00    8.55    0.00    0.00    0.00   42.23
22:46:21       0   19.57    0.00   41.30    0.00    0.00   10.87    0.00    0.00    0.00   28.26
22:46:21       1    7.37    0.00   26.32    0.00    0.00    5.26    0.00    0.00    0.00   61.05
22:46:21       2   14.85    0.00   33.66    0.00    0.00    9.90    0.00    0.00    0.00   41.58
22:46:21       3   12.24    0.00   41.84    0.00    0.00    8.16    0.00    0.00    0.00   37.76

22:46:21     CPU    %usr   %nice    %sys %iowait    %irq   %soft  %steal  %guest  %gnice   %idle
22:46:22     all   11.46    0.00   38.02    0.00    0.00    5.47    0.00    0.00    0.00   45.05
22:46:22       0   22.83    0.00   39.13    0.00    0.00   13.04    0.00    0.00    0.00   25.00
22:46:22       1    6.52    0.00   29.35    0.00    0.00    2.17    0.00    0.00    0.00   61.96
22:46:22       2   10.20    0.00   43.88    0.00    0.00    4.08    0.00    0.00    0.00   41.84
22:46:22       3    6.86    0.00   39.22    0.00    0.00    2.94    0.00    0.00    0.00   50.98

22:46:22     CPU    %usr   %nice    %sys %iowait    %irq   %soft  %steal  %guest  %gnice   %idle
22:46:23     all   13.85    0.00   37.53    0.00    0.00    5.79    0.00    0.00    0.00   42.82
22:46:23       0   23.00    0.00   41.00    0.00    0.00    9.00    0.00    0.00    0.00   27.00
22:46:23       1    5.88    0.00   32.35    0.00    0.00    2.94    0.00    0.00    0.00   58.82
22:46:23       2   14.58    0.00   36.46    0.00    0.00    6.25    0.00    0.00    0.00   42.71
22:46:23       3   12.12    0.00   40.40    0.00    0.00    5.05    0.00    0.00    0.00   42.42

22:46:23     CPU    %usr   %nice    %sys %iowait    %irq   %soft  %steal  %guest  %gnice   %idle
22:46:24     all   12.69    0.00   36.55    0.00    0.00    7.61    0.00    0.00    0.00   43.15
22:46:24       0   23.71    0.00   41.24    0.00    0.00   10.31    0.00    0.00    0.00   24.74
22:46:24       1    4.12    0.00   29.90    0.00    0.00    3.09    0.00    0.00    0.00   62.89
22:46:24       2   12.75    0.00   37.25    0.00    0.00    9.80    0.00    0.00    0.00   40.20
22:46:24       3   10.20    0.00   37.76    0.00    0.00    7.14    0.00    0.00    0.00   44.90

22:46:24     CPU    %usr   %nice    %sys %iowait    %irq   %soft  %steal  %guest  %gnice   %idle
22:46:25     all   12.34    0.00   38.85    0.00    0.00    6.82    0.00    0.00    0.00   41.99
22:46:25       0   24.75    0.00   39.60    0.00    0.00   11.88    0.00    0.00    0.00   23.76
22:46:25       1    5.49    0.00   28.57    0.00    0.00    2.20    0.00    0.00    0.00   63.74
22:46:25       2    9.38    0.00   43.75    0.00    0.00    4.17    0.00    0.00    0.00   42.71
22:46:25       3    8.60    0.00   43.01    0.00    0.00    8.60    0.00    0.00    0.00   39.78

22:46:25     CPU    %usr   %nice    %sys %iowait    %irq   %soft  %steal  %guest  %gnice   %idle
22:46:26     all   12.98    0.00   37.15    0.00    0.00    7.38    0.00    0.00    0.00   42.49
22:46:26       0   23.16    0.00   41.05    0.00    0.00    9.47    0.00    0.00    0.00   26.32
22:46:26       1    7.14    0.00   28.57    0.00    0.00    4.08    0.00    0.00    0.00   60.20
22:46:26       2   11.88    0.00   38.61    0.00    0.00    7.92    0.00    0.00    0.00   41.58
22:46:26       3   10.10    0.00   40.40    0.00    0.00    8.08    0.00    0.00    0.00   41.41

22:46:26     CPU    %usr   %nice    %sys %iowait    %irq   %soft  %steal  %guest  %gnice   %idle
22:46:27     all   11.79    0.00   37.69    0.00    0.00    7.95    0.00    0.00    0.00   42.56
22:46:27       0   20.00    0.00   44.21    0.00    0.00   10.53    0.00    0.00    0.00   25.26
22:46:27       1    8.16    0.00   30.61    0.00    0.00    5.10    0.00    0.00    0.00   56.12
22:46:27       2   12.00    0.00   38.00    0.00    0.00    6.00    0.00    0.00    0.00   44.00
22:46:27       3    7.22    0.00   38.14    0.00    0.00   10.31    0.00    0.00    0.00   44.33

22:46:27     CPU    %usr   %nice    %sys %iowait    %irq   %soft  %steal  %guest  %gnice   %idle
22:46:28     all   10.62    0.00   37.56    0.00    0.00    7.77    0.00    0.00    0.00   44.04
22:46:28       0   21.43    0.00   36.73    0.00    0.00   12.24    0.00    0.00    0.00   29.59
22:46:28       1    7.07    0.00   24.24    0.00    0.00    4.04    0.00    0.00    0.00   64.65
22:46:28       2    7.69    0.00   42.86    0.00    0.00    7.69    0.00    0.00    0.00   41.76
22:46:28       3    6.12    0.00   46.94    0.00    0.00    7.14    0.00    0.00    0.00   39.80

22:46:28     CPU    %usr   %nice    %sys %iowait    %irq   %soft  %steal  %guest  %gnice   %idle
22:46:29     all   13.85    0.00   33.59    0.00    0.00    6.67    0.00    0.00    0.00   45.90
22:46:29       0   26.21    0.00   36.89    0.00    0.00   11.65    0.00    0.00    0.00   25.24
22:46:29       1    7.22    0.00   23.71    0.00    0.00    3.09    0.00    0.00    0.00   65.98
22:46:29       2   11.34    0.00   38.14    0.00    0.00    6.19    0.00    0.00    0.00   44.33
22:46:29       3    9.68    0.00   35.48    0.00    0.00    5.38    0.00    0.00    0.00   49.46

22:46:29     CPU    %usr   %nice    %sys %iowait    %irq   %soft  %steal  %guest  %gnice   %idle
22:46:30     all   11.31    0.00   35.22    0.00    0.00    7.20    0.00    0.00    0.00   46.27
22:46:30       0   22.45    0.00   43.88    0.00    0.00   13.27    0.00    0.00    0.00   20.41
22:46:30       1    8.42    0.00   27.37    0.00    0.00    6.32    0.00    0.00    0.00   57.89
22:46:30       2    6.45    0.00   31.18    0.00    0.00    3.23    0.00    0.00    0.00   59.14
22:46:30       3    7.77    0.00   37.86    0.00    0.00    5.83    0.00    0.00    0.00   48.54

22:46:30     CPU    %usr   %nice    %sys %iowait    %irq   %soft  %steal  %guest  %gnice   %idle
22:46:31     all    9.56    0.00   36.69    0.00    0.00    5.68    0.00    0.00    0.00   48.06
22:46:31       0   15.96    0.00   45.74    0.00    0.00    8.51    0.00    0.00    0.00   29.79
22:46:31       1    5.15    0.00   21.65    0.00    0.00    3.09    0.00    0.00    0.00   70.10
22:46:31       2    8.25    0.00   37.11    0.00    0.00    5.15    0.00    0.00    0.00   49.48
22:46:31       3    9.09    0.00   42.42    0.00    0.00    6.06    0.00    0.00    0.00   42.42

22:46:31     CPU    %usr   %nice    %sys %iowait    %irq   %soft  %steal  %guest  %gnice   %idle
22:46:32     all   10.66    0.00   36.55    0.00    0.00    7.11    0.00    0.00    0.00   45.69
22:46:32       0   19.79    0.00   38.54    0.00    0.00   11.46    0.00    0.00    0.00   30.21
22:46:32       1    6.93    0.00   27.72    0.00    0.00    3.96    0.00    0.00    0.00   61.39
22:46:32       2    8.00    0.00   41.00    0.00    0.00    6.00    0.00    0.00    0.00   45.00
22:46:32       3    8.25    0.00   39.18    0.00    0.00    7.22    0.00    0.00    0.00   45.36

22:46:32     CPU    %usr   %nice    %sys %iowait    %irq   %soft  %steal  %guest  %gnice   %idle
22:46:33     all   12.18    0.00   38.86    0.00    0.00    6.48    0.00    0.00    0.00   42.49
22:46:33       0   24.49    0.00   41.84    0.00    0.00   10.20    0.00    0.00    0.00   23.47
22:46:33       1    6.00    0.00   35.00    0.00    0.00    4.00    0.00    0.00    0.00   55.00
22:46:33       2    8.42    0.00   37.89    0.00    0.00    4.21    0.00    0.00    0.00   49.47
22:46:33       3    9.68    0.00   40.86    0.00    0.00    7.53    0.00    0.00    0.00   41.94

22:46:33     CPU    %usr   %nice    %sys %iowait    %irq   %soft  %steal  %guest  %gnice   %idle
22:46:34     all   12.28    0.00   36.83    0.00    0.00    7.42    0.00    0.00    0.00   43.48
22:46:34       0   23.23    0.00   39.39    0.00    0.00   11.11    0.00    0.00    0.00   26.26
22:46:34       1    3.12    0.00   27.08    0.00    0.00    4.17    0.00    0.00    0.00   65.62
22:46:34       2   10.53    0.00   38.95    0.00    0.00    7.37    0.00    0.00    0.00   43.16
22:46:34       3   11.88    0.00   41.58    0.00    0.00    6.93    0.00    0.00    0.00   39.60

22:46:34     CPU    %usr   %nice    %sys %iowait    %irq   %soft  %steal  %guest  %gnice   %idle
22:46:35     all   11.98    0.00   37.50    0.00    0.00    6.77    0.00    0.00    0.00   43.75
22:46:35       0   24.47    0.00   37.23    0.00    0.00   10.64    0.00    0.00    0.00   27.66
22:46:35       1    7.14    0.00   29.59    0.00    0.00    3.06    0.00    0.00    0.00   60.20
22:46:35       2    9.28    0.00   44.33    0.00    0.00    6.19    0.00    0.00    0.00   40.21
22:46:35       3    7.37    0.00   38.95    0.00    0.00    7.37    0.00    0.00    0.00   46.32

22:46:35     CPU    %usr   %nice    %sys %iowait    %irq   %soft  %steal  %guest  %gnice   %idle
22:46:36     all   12.91    0.00   37.97    0.00    0.00    6.58    0.00    0.00    0.00   42.53
22:46:36       0   24.24    0.00   40.40    0.00    0.00   11.11    0.00    0.00    0.00   24.24
22:46:36       1    6.12    0.00   32.65    0.00    0.00    2.04    0.00    0.00    0.00   59.18
22:46:36       2   10.78    0.00   39.22    0.00    0.00    5.88    0.00    0.00    0.00   44.12
22:46:36       3   10.42    0.00   39.58    0.00    0.00    7.29    0.00    0.00    0.00   42.71

22:46:36     CPU    %usr   %nice    %sys %iowait    %irq   %soft  %steal  %guest  %gnice   %idle
22:46:37     all   12.18    0.00   37.56    0.00    0.00    7.77    0.00    0.00    0.00   42.49
22:46:37       0   20.41    0.00   42.86    0.00    0.00   11.22    0.00    0.00    0.00   25.51
22:46:37       1    6.19    0.00   28.87    0.00    0.00    2.06    0.00    0.00    0.00   62.89
22:46:37       2    8.25    0.00   43.30    0.00    0.00    8.25    0.00    0.00    0.00   40.21
22:46:37       3   13.83    0.00   35.11    0.00    0.00    9.57    0.00    0.00    0.00   41.49

22:46:37     CPU    %usr   %nice    %sys %iowait    %irq   %soft  %steal  %guest  %gnice   %idle
22:46:38     all   13.59    0.00   38.46    0.00    0.00    5.90    0.00    0.00    0.00   42.05
22:46:38       0   28.28    0.00   37.37    0.00    0.00    8.08    0.00    0.00    0.00   26.26
22:46:38       1    6.06    0.00   27.27    0.00    0.00    4.04    0.00    0.00    0.00   62.63
22:46:38       2   13.68    0.00   41.05    0.00    0.00    5.26    0.00    0.00    0.00   40.00
22:46:38       3    6.19    0.00   48.45    0.00    0.00    6.19    0.00    0.00    0.00   39.18

22:46:38     CPU    %usr   %nice    %sys %iowait    %irq   %soft  %steal  %guest  %gnice   %idle
22:46:39     all   10.85    0.00   36.95    0.00    0.00    7.49    0.00    0.00    0.00   44.70
22:46:39       0   19.39    0.00   44.90    0.00    0.00   12.24    0.00    0.00    0.00   23.47
22:46:39       1    8.25    0.00   29.90    0.00    0.00    5.15    0.00    0.00    0.00   56.70
22:46:39       2    7.37    0.00   34.74    0.00    0.00    7.37    0.00    0.00    0.00   50.53
22:46:39       3    8.25    0.00   38.14    0.00    0.00    5.15    0.00    0.00    0.00   48.45

22:46:39     CPU    %usr   %nice    %sys %iowait    %irq   %soft  %steal  %guest  %gnice   %idle
22:46:40     all   13.25    0.00   37.25    0.00    0.00    7.00    0.00    0.00    0.00   42.50
22:46:40       0   23.47    0.00   42.86    0.00    0.00   12.24    0.00    0.00    0.00   21.43
22:46:40       1    9.28    0.00   30.93    0.00    0.00    4.12    0.00    0.00    0.00   55.67
22:46:40       2    7.62    0.00   36.19    0.00    0.00    7.62    0.00    0.00    0.00   48.57
22:46:40       3   13.00    0.00   39.00    0.00    0.00    4.00    0.00    0.00    0.00   44.00

22:46:40     CPU    %usr   %nice    %sys %iowait    %irq   %soft  %steal  %guest  %gnice   %idle
22:46:41     all   11.66    0.00   36.01    0.00    0.00    7.51    0.00    0.00    0.00   44.82
22:46:41       0   21.78    0.00   38.61    0.00    0.00   16.83    0.00    0.00    0.00   22.77
22:46:41       1    7.37    0.00   29.47    0.00    0.00    4.21    0.00    0.00    0.00   58.95
22:46:41       2    9.47    0.00   36.84    0.00    0.00    4.21    0.00    0.00    0.00   49.47
22:46:41       3    7.37    0.00   38.95    0.00    0.00    4.21    0.00    0.00    0.00   49.47

22:46:41     CPU    %usr   %nice    %sys %iowait    %irq   %soft  %steal  %guest  %gnice   %idle
22:46:42     all   10.80    0.00   38.30    0.00    0.00    7.71    0.00    0.00    0.00   43.19
22:46:42       0   19.00    0.00   44.00    0.00    0.00   17.00    0.00    0.00    0.00   20.00
22:46:42       1    9.28    0.00   34.02    0.00    0.00    4.12    0.00    0.00    0.00   52.58
22:46:42       2    6.19    0.00   37.11    0.00    0.00    3.09    0.00    0.00    0.00   53.61
22:46:42       3    8.42    0.00   37.89    0.00    0.00    6.32    0.00    0.00    0.00   47.37

22:46:42     CPU    %usr   %nice    %sys %iowait    %irq   %soft  %steal  %guest  %gnice   %idle
22:46:43     all   12.78    0.00   44.36    0.25    0.00    8.77    0.00    0.00    0.00   33.83
22:46:43       0   20.39    0.00   36.89    0.00    0.00   22.33    0.00    0.00    0.00   20.39
22:46:43       1    9.09    0.00   43.43    1.01    0.00    2.02    0.00    0.00    0.00   44.44
22:46:43       2    9.18    0.00   48.98    0.00    0.00    5.10    0.00    0.00    0.00   36.73
22:46:43       3   12.12    0.00   48.48    0.00    0.00    5.05    0.00    0.00    0.00   34.34

22:46:43     CPU    %usr   %nice    %sys %iowait    %irq   %soft  %steal  %guest  %gnice   %idle
22:46:44     all   14.25    0.00   41.98    0.25    0.00   10.18    0.00    0.00    0.00   33.33
22:46:44       0   20.75    0.00   32.08    0.94    0.00   25.47    0.00    0.00    0.00   20.75
22:46:44       1    8.42    0.00   36.84    0.00    0.00    3.16    0.00    0.00    0.00   51.58
22:46:44       2   11.11    0.00   54.55    0.00    0.00    4.04    0.00    0.00    0.00   30.30
22:46:44       3   16.13    0.00   45.16    0.00    0.00    6.45    0.00    0.00    0.00   32.26

22:46:44     CPU    %usr   %nice    %sys %iowait    %irq   %soft  %steal  %guest  %gnice   %idle
22:46:45     all   12.47    0.00   40.71    0.00    0.00   10.69    0.00    0.00    0.00   36.13
22:46:45       0   16.35    0.00   37.50    0.00    0.00   25.00    0.00    0.00    0.00   21.15
22:46:45       1    9.38    0.00   31.25    0.00    0.00    6.25    0.00    0.00    0.00   53.12
22:46:45       2   10.00    0.00   50.00    0.00    0.00    5.00    0.00    0.00    0.00   35.00
22:46:45       3   13.98    0.00   44.09    0.00    0.00    5.38    0.00    0.00    0.00   36.56

22:46:45     CPU    %usr   %nice    %sys %iowait    %irq   %soft  %steal  %guest  %gnice   %idle
22:46:46     all    8.88    0.00   32.64    0.00    0.00   10.18    0.00    0.00    0.00   48.30
22:46:46       0   16.19    0.00   27.62    0.00    0.00   28.57    0.00    0.00    0.00   27.62
22:46:46       1    5.62    0.00   26.97    0.00    0.00    1.12    0.00    0.00    0.00   66.29
22:46:46       2    5.26    0.00   37.89    0.00    0.00    4.21    0.00    0.00    0.00   52.63
22:46:46       3    7.45    0.00   38.30    0.00    0.00    4.26    0.00    0.00    0.00   50.00

22:46:46     CPU    %usr   %nice    %sys %iowait    %irq   %soft  %steal  %guest  %gnice   %idle
22:46:47     all   11.76    0.00   35.29    0.00    0.00    9.97    0.00    0.00    0.00   42.97
22:46:47       0   19.81    0.00   28.30    0.00    0.00   26.42    0.00    0.00    0.00   25.47
22:46:47       1    4.30    0.00   33.33    0.00    0.00    4.30    0.00    0.00    0.00   58.06
22:46:47       2   12.50    0.00   37.50    0.00    0.00    3.12    0.00    0.00    0.00   46.88
22:46:47       3    9.38    0.00   42.71    0.00    0.00    4.17    0.00    0.00    0.00   43.75

22:46:47     CPU    %usr   %nice    %sys %iowait    %irq   %soft  %steal  %guest  %gnice   %idle
22:46:48     all    9.36    0.00   35.22    0.00    0.00   11.82    0.00    0.00    0.00   43.60
22:46:48       0   13.76    0.00   29.36    0.00    0.00   29.36    0.00    0.00    0.00   27.52
22:46:48       1    9.18    0.00   31.63    0.00    0.00    3.06    0.00    0.00    0.00   56.12
22:46:48       2    6.12    0.00   41.84    0.00    0.00    7.14    0.00    0.00    0.00   44.90
22:46:48       3    7.92    0.00   38.61    0.00    0.00    5.94    0.00    0.00    0.00   47.52

22:46:48     CPU    %usr   %nice    %sys %iowait    %irq   %soft  %steal  %guest  %gnice   %idle
22:46:49     all   10.30    0.00   35.93    0.25    0.00   12.31    0.00    0.00    0.00   41.21
22:46:49       0   15.09    0.00   25.47    0.00    0.00   33.02    0.00    0.00    0.00   26.42
22:46:49       1    6.32    0.00   32.63    1.05    0.00    3.16    0.00    0.00    0.00   56.84
22:46:49       2    9.80    0.00   41.18    0.00    0.00    6.86    0.00    0.00    0.00   42.16
22:46:49       3    9.47    0.00   45.26    0.00    0.00    4.21    0.00    0.00    0.00   41.05

22:46:49     CPU    %usr   %nice    %sys %iowait    %irq   %soft  %steal  %guest  %gnice   %idle
22:46:50     all   12.88    0.00   37.88    0.00    0.00   10.35    0.00    0.00    0.00   38.89
22:46:50       0   20.00    0.00   31.43    0.00    0.00   25.71    0.00    0.00    0.00   22.86
22:46:50       1    6.32    0.00   33.68    0.00    0.00    3.16    0.00    0.00    0.00   56.84
22:46:50       2   12.12    0.00   43.43    0.00    0.00    7.07    0.00    0.00    0.00   37.37
22:46:50       3   12.37    0.00   43.30    0.00    0.00    4.12    0.00    0.00    0.00   40.21

22:46:50     CPU    %usr   %nice    %sys %iowait    %irq   %soft  %steal  %guest  %gnice   %idle
22:46:51     all    8.60    0.00   33.06    0.00    0.00   10.22    0.00    0.00    0.00   48.12
22:46:51       0   17.58    0.00   28.57    0.00    0.00   27.47    0.00    0.00    0.00   26.37
22:46:51       1    3.26    0.00   34.78    0.00    0.00    4.35    0.00    0.00    0.00   57.61
22:46:51       2    5.21    0.00   37.50    0.00    0.00    3.12    0.00    0.00    0.00   54.17
22:46:51       3    8.60    0.00   31.18    0.00    0.00    6.45    0.00    0.00    0.00   53.76

22:46:51     CPU    %usr   %nice    %sys %iowait    %irq   %soft  %steal  %guest  %gnice   %idle
22:46:52     all   11.96    0.00   38.93    0.00    0.00   10.69    0.00    0.00    0.00   38.42
22:46:52       0   19.42    0.00   29.13    0.00    0.00   29.13    0.00    0.00    0.00   22.33
22:46:52       1    8.51    0.00   36.17    0.00    0.00    3.19    0.00    0.00    0.00   52.13
22:46:52       2    9.18    0.00   44.90    0.00    0.00    5.10    0.00    0.00    0.00   40.82
22:46:52       3   10.20    0.00   45.92    0.00    0.00    4.08    0.00    0.00    0.00   39.80

22:46:52     CPU    %usr   %nice    %sys %iowait    %irq   %soft  %steal  %guest  %gnice   %idle
22:46:53     all   10.91    0.00   40.61    0.00    0.00   10.91    0.00    0.00    0.00   37.56
22:46:53       0   19.80    0.00   31.68    0.00    0.00   27.72    0.00    0.00    0.00   20.79
22:46:53       1    6.25    0.00   39.58    0.00    0.00    3.12    0.00    0.00    0.00   51.04
22:46:53       2    8.08    0.00   45.45    0.00    0.00    6.06    0.00    0.00    0.00   40.40
22:46:53       3    9.18    0.00   45.92    0.00    0.00    6.12    0.00    0.00    0.00   38.78

Average:     CPU    %usr   %nice    %sys %iowait    %irq   %soft  %steal  %guest  %gnice   %idle
Average:     all   10.88    0.00   33.79    0.03    0.00    6.92    0.00    0.00    0.00   48.38
Average:       0   20.02    0.00   36.00    0.02    0.00   13.17    0.00    0.00    0.00   30.79
Average:       1    6.52    0.00   28.12    0.08    0.00    3.54    0.00    0.00    0.00   61.74
Average:       2    8.40    0.00   35.12    0.02    0.00    5.16    0.00    0.00    0.00   51.30
Average:       3    8.46    0.00   35.89    0.02    0.00    5.72    0.00    0.00    0.00   49.91
