Linux 6.6.87.2-microsoft-standard-WSL2 (Udeepa-ASUS) 	04/15/26 	_x86_64_	(4 CPU)

23:13:40     CPU    %usr   %nice    %sys %iowait    %irq   %soft  %steal  %guest  %gnice   %idle
23:13:41     all    0.00    0.00    0.00    0.00    0.00    0.00    0.00    0.00    0.00  100.00
23:13:41       0    0.00    0.00    0.00    0.00    0.00    0.00    0.00    0.00    0.00  100.00
23:13:41       1    0.00    0.00    0.00    0.00    0.00    0.00    0.00    0.00    0.00  100.00
23:13:41       2    0.00    0.00    0.00    0.00    0.00    0.00    0.00    0.00    0.00  100.00
23:13:41       3    0.00    0.00    0.00    0.00    0.00    0.00    0.00    0.00    0.00  100.00

23:13:41     CPU    %usr   %nice    %sys %iowait    %irq   %soft  %steal  %guest  %gnice   %idle
23:13:42     all    0.00    0.00    0.00    0.25    0.00    0.25    0.00    0.00    0.00   99.50
23:13:42       0    0.00    0.00    0.00    0.00    0.00    0.99    0.00    0.00    0.00   99.01
23:13:42       1    0.00    0.00    0.00    1.00    0.00    0.00    0.00    0.00    0.00   99.00
23:13:42       2    0.00    0.00    0.00    0.00    0.00    0.00    0.00    0.00    0.00  100.00
23:13:42       3    0.00    0.00    0.00    0.00    0.00    0.00    0.00    0.00    0.00  100.00

23:13:42     CPU    %usr   %nice    %sys %iowait    %irq   %soft  %steal  %guest  %gnice   %idle
23:13:43     all    0.00    0.00    0.00    0.00    0.00    0.00    0.00    0.00    0.00  100.00
23:13:43       0    0.00    0.00    0.00    0.00    0.00    0.00    0.00    0.00    0.00  100.00
23:13:43       1    0.00    0.00    0.00    0.00    0.00    0.00    0.00    0.00    0.00  100.00
23:13:43       2    0.00    0.00    0.00    0.00    0.00    0.00    0.00    0.00    0.00  100.00
23:13:43       3    0.00    0.00    0.00    0.00    0.00    0.00    0.00    0.00    0.00  100.00

23:13:43     CPU    %usr   %nice    %sys %iowait    %irq   %soft  %steal  %guest  %gnice   %idle
23:13:44     all    0.00    0.00    0.50    0.00    0.00    0.25    0.00    0.00    0.00   99.25
23:13:44       0    0.00    0.00    0.00    0.00    0.00    0.00    0.00    0.00    0.00  100.00
23:13:44       1    0.00    0.00    0.00    0.00    0.00    1.00    0.00    0.00    0.00   99.00
23:13:44       2    0.00    0.00    0.00    0.00    0.00    0.00    0.00    0.00    0.00  100.00
23:13:44       3    0.00    0.00    2.00    0.00    0.00    0.00    0.00    0.00    0.00   98.00

23:13:44     CPU    %usr   %nice    %sys %iowait    %irq   %soft  %steal  %guest  %gnice   %idle
23:13:45     all    0.00    0.00    0.00    0.00    0.00    0.00    0.00    0.00    0.00  100.00
23:13:45       0    0.00    0.00    0.00    0.00    0.00    0.00    0.00    0.00    0.00  100.00
23:13:45       1    0.00    0.00    0.00    0.00    0.00    0.00    0.00    0.00    0.00  100.00
23:13:45       2    0.00    0.00    0.00    0.00    0.00    0.00    0.00    0.00    0.00  100.00
23:13:45       3    0.00    0.00    0.00    0.00    0.00    0.00    0.00    0.00    0.00  100.00

23:13:45     CPU    %usr   %nice    %sys %iowait    %irq   %soft  %steal  %guest  %gnice   %idle
23:13:46     all    0.25    0.00    1.01    0.00    0.00    0.25    0.00    0.00    0.00   98.48
23:13:46       0    1.01    0.00    1.01    0.00    0.00    0.00    0.00    0.00    0.00   97.98
23:13:46       1    0.00    0.00    1.02    0.00    0.00    0.00    0.00    0.00    0.00   98.98
23:13:46       2    0.00    0.00    0.00    0.00    0.00    1.01    0.00    0.00    0.00   98.99
23:13:46       3    0.00    0.00    2.02    0.00    0.00    0.00    0.00    0.00    0.00   97.98

23:13:46     CPU    %usr   %nice    %sys %iowait    %irq   %soft  %steal  %guest  %gnice   %idle
23:13:47     all    1.32    0.00    4.76    0.00    0.00    0.53    0.00    0.00    0.00   93.39
23:13:47       0    0.00    0.00    6.38    0.00    0.00    0.00    0.00    0.00    0.00   93.62
23:13:47       1    2.08    0.00    5.21    0.00    0.00    0.00    0.00    0.00    0.00   92.71
23:13:47       2    1.06    0.00    4.26    0.00    0.00    1.06    0.00    0.00    0.00   93.62
23:13:47       3    2.13    0.00    3.19    0.00    0.00    1.06    0.00    0.00    0.00   93.62

23:13:47     CPU    %usr   %nice    %sys %iowait    %irq   %soft  %steal  %guest  %gnice   %idle
23:13:48     all    3.39    0.00    9.38    0.52    0.00    1.82    0.00    0.00    0.00   84.90
23:13:48       0    4.17    0.00    8.33    0.00    0.00    2.08    0.00    0.00    0.00   85.42
23:13:48       1    3.16    0.00    9.47    2.11    0.00    1.05    0.00    0.00    0.00   84.21
23:13:48       2    4.12    0.00    8.25    0.00    0.00    3.09    0.00    0.00    0.00   84.54
23:13:48       3    2.08    0.00   11.46    0.00    0.00    1.04    0.00    0.00    0.00   85.42

23:13:48     CPU    %usr   %nice    %sys %iowait    %irq   %soft  %steal  %guest  %gnice   %idle
23:13:49     all    2.63    0.00   12.11    0.00    0.00    2.37    0.00    0.00    0.00   82.89
23:13:49       0    2.11    0.00   12.63    0.00    0.00    3.16    0.00    0.00    0.00   82.11
23:13:49       1    3.23    0.00    8.60    0.00    0.00    3.23    0.00    0.00    0.00   84.95
23:13:49       2    2.11    0.00   13.68    0.00    0.00    1.05    0.00    0.00    0.00   83.16
23:13:49       3    3.09    0.00   13.40    0.00    0.00    2.06    0.00    0.00    0.00   81.44

23:13:49     CPU    %usr   %nice    %sys %iowait    %irq   %soft  %steal  %guest  %gnice   %idle
23:13:50     all    3.14    0.00    9.42    0.00    0.00    1.31    0.00    0.00    0.00   86.13
23:13:50       0    3.16    0.00    9.47    0.00    0.00    1.05    0.00    0.00    0.00   86.32
23:13:50       1    3.19    0.00    7.45    0.00    0.00    2.13    0.00    0.00    0.00   87.23
23:13:50       2    3.16    0.00    9.47    0.00    0.00    1.05    0.00    0.00    0.00   86.32
23:13:50       3    3.06    0.00   11.22    0.00    0.00    1.02    0.00    0.00    0.00   84.69

23:13:50     CPU    %usr   %nice    %sys %iowait    %irq   %soft  %steal  %guest  %gnice   %idle
23:13:51     all    4.76    0.00   17.04    0.00    0.00    3.26    0.00    0.00    0.00   74.94
23:13:51       0    6.00    0.00   14.00    0.00    0.00    4.00    0.00    0.00    0.00   76.00
23:13:51       1    6.00    0.00   16.00    0.00    0.00    3.00    0.00    0.00    0.00   75.00
23:13:51       2    4.00    0.00   19.00    0.00    0.00    2.00    0.00    0.00    0.00   75.00
23:13:51       3    3.03    0.00   19.19    0.00    0.00    4.04    0.00    0.00    0.00   73.74

23:13:51     CPU    %usr   %nice    %sys %iowait    %irq   %soft  %steal  %guest  %gnice   %idle
23:13:52     all    7.92    0.00   19.55    0.00    0.00    3.47    0.00    0.00    0.00   69.06
23:13:52       0    6.80    0.00   22.33    0.00    0.00    4.85    0.00    0.00    0.00   66.02
23:13:52       1    8.91    0.00   18.81    0.00    0.00    3.96    0.00    0.00    0.00   68.32
23:13:52       2    7.92    0.00   18.81    0.00    0.00    2.97    0.00    0.00    0.00   70.30
23:13:52       3    8.08    0.00   18.18    0.00    0.00    2.02    0.00    0.00    0.00   71.72

23:13:52     CPU    %usr   %nice    %sys %iowait    %irq   %soft  %steal  %guest  %gnice   %idle
23:13:53     all    4.78    0.00   16.03    0.24    0.00    2.15    0.00    0.00    0.00   76.79
23:13:53       0    2.91    0.00   17.48    0.00    0.00    1.94    0.00    0.00    0.00   77.67
23:13:53       1    4.72    0.00   17.92    0.00    0.00    1.89    0.00    0.00    0.00   75.47
23:13:53       2    5.61    0.00   15.89    0.93    0.00    2.80    0.00    0.00    0.00   74.77
23:13:53       3    5.88    0.00   12.75    0.00    0.00    1.96    0.00    0.00    0.00   79.41

23:13:53     CPU    %usr   %nice    %sys %iowait    %irq   %soft  %steal  %guest  %gnice   %idle
23:13:54     all    5.29    0.00   16.88    0.00    0.00    4.53    0.00    0.00    0.00   73.30
23:13:54       0    5.10    0.00   17.35    0.00    0.00    3.06    0.00    0.00    0.00   74.49
23:13:54       1    4.90    0.00   17.65    0.00    0.00    4.90    0.00    0.00    0.00   72.55
23:13:54       2    6.93    0.00   15.84    0.00    0.00    4.95    0.00    0.00    0.00   72.28
23:13:54       3    4.17    0.00   16.67    0.00    0.00    5.21    0.00    0.00    0.00   73.96

23:13:54     CPU    %usr   %nice    %sys %iowait    %irq   %soft  %steal  %guest  %gnice   %idle
23:13:55     all    4.96    0.00   18.36    0.00    0.00    3.97    0.00    0.00    0.00   72.70
23:13:55       0    5.15    0.00   14.43    0.00    0.00    5.15    0.00    0.00    0.00   75.26
23:13:55       1    5.77    0.00   21.15    0.00    0.00    2.88    0.00    0.00    0.00   70.19
23:13:55       2    5.94    0.00   18.81    0.00    0.00    2.97    0.00    0.00    0.00   72.28
23:13:55       3    2.97    0.00   18.81    0.00    0.00    4.95    0.00    0.00    0.00   73.27

23:13:55     CPU    %usr   %nice    %sys %iowait    %irq   %soft  %steal  %guest  %gnice   %idle
23:13:56     all    5.72    0.00   14.93    0.00    0.00    2.49    0.00    0.00    0.00   76.87
23:13:56       0    3.96    0.00   15.84    0.00    0.00    3.96    0.00    0.00    0.00   76.24
23:13:56       1    5.83    0.00   15.53    0.00    0.00    1.94    0.00    0.00    0.00   76.70
23:13:56       2    6.06    0.00   14.14    0.00    0.00    2.02    0.00    0.00    0.00   77.78
23:13:56       3    7.07    0.00   14.14    0.00    0.00    2.02    0.00    0.00    0.00   76.77

23:13:56     CPU    %usr   %nice    %sys %iowait    %irq   %soft  %steal  %guest  %gnice   %idle
23:13:57     all    2.63    0.00    9.47    0.00    0.00    1.58    0.00    0.00    0.00   86.32
23:13:57       0    3.16    0.00   10.53    0.00    0.00    0.00    0.00    0.00    0.00   86.32
23:13:57       1    3.19    0.00    7.45    0.00    0.00    2.13    0.00    0.00    0.00   87.23
23:13:57       2    3.09    0.00   10.31    0.00    0.00    2.06    0.00    0.00    0.00   84.54
23:13:57       3    1.06    0.00    9.57    0.00    0.00    2.13    0.00    0.00    0.00   87.23

23:13:57     CPU    %usr   %nice    %sys %iowait    %irq   %soft  %steal  %guest  %gnice   %idle
23:13:58     all    2.87    0.00    8.62    0.00    0.00    1.83    0.00    0.00    0.00   86.68
23:13:58       0    4.30    0.00    5.38    0.00    0.00    2.15    0.00    0.00    0.00   88.17
23:13:58       1    4.00    0.00   10.00    0.00    0.00    2.00    0.00    0.00    0.00   84.00
23:13:58       2    1.06    0.00    8.51    0.00    0.00    2.13    0.00    0.00    0.00   88.30
23:13:58       3    2.08    0.00   10.42    0.00    0.00    1.04    0.00    0.00    0.00   86.46

23:13:58     CPU    %usr   %nice    %sys %iowait    %irq   %soft  %steal  %guest  %gnice   %idle
23:13:59     all    2.92    0.00    9.28    0.00    0.00    2.65    0.00    0.00    0.00   85.15
23:13:59       0    2.20    0.00    7.69    0.00    0.00    2.20    0.00    0.00    0.00   87.91
23:13:59       1    2.15    0.00    7.53    0.00    0.00    4.30    0.00    0.00    0.00   86.02
23:13:59       2    5.10    0.00   12.24    0.00    0.00    1.02    0.00    0.00    0.00   81.63
23:13:59       3    2.11    0.00    9.47    0.00    0.00    3.16    0.00    0.00    0.00   85.26

23:13:59     CPU    %usr   %nice    %sys %iowait    %irq   %soft  %steal  %guest  %gnice   %idle
23:14:00     all    3.17    0.00   10.29    0.00    0.00    2.11    0.00    0.00    0.00   84.43
23:14:00       0    3.26    0.00    8.70    0.00    0.00    2.17    0.00    0.00    0.00   85.87
23:14:00       1    3.06    0.00   12.24    0.00    0.00    3.06    0.00    0.00    0.00   81.63
23:14:00       2    2.15    0.00    9.68    0.00    0.00    1.08    0.00    0.00    0.00   87.10
23:14:00       3    4.17    0.00   10.42    0.00    0.00    2.08    0.00    0.00    0.00   83.33

23:14:00     CPU    %usr   %nice    %sys %iowait    %irq   %soft  %steal  %guest  %gnice   %idle
23:14:01     all    3.16    0.00    8.95    0.00    0.00    1.32    0.00    0.00    0.00   86.58
23:14:01       0    4.08    0.00   10.20    0.00    0.00    2.04    0.00    0.00    0.00   83.67
23:14:01       1    1.08    0.00    8.60    0.00    0.00    1.08    0.00    0.00    0.00   89.25
23:14:01       2    3.16    0.00    8.42    0.00    0.00    2.11    0.00    0.00    0.00   86.32
23:14:01       3    4.26    0.00    8.51    0.00    0.00    0.00    0.00    0.00    0.00   87.23

23:14:01     CPU    %usr   %nice    %sys %iowait    %irq   %soft  %steal  %guest  %gnice   %idle
23:14:02     all    4.27    0.00    9.60    0.00    0.00    3.20    0.00    0.00    0.00   82.93
23:14:02       0    5.21    0.00   10.42    0.00    0.00    3.12    0.00    0.00    0.00   81.25
23:14:02       1    4.17    0.00   11.46    0.00    0.00    3.12    0.00    0.00    0.00   81.25
23:14:02       2    4.40    0.00    7.69    0.00    0.00    2.20    0.00    0.00    0.00   85.71
23:14:02       3    3.26    0.00    8.70    0.00    0.00    4.35    0.00    0.00    0.00   83.70

23:14:02     CPU    %usr   %nice    %sys %iowait    %irq   %soft  %steal  %guest  %gnice   %idle
23:14:03     all    4.46    0.00   14.96    0.00    0.00    2.89    0.00    0.00    0.00   77.69
23:14:03       0    4.17    0.00   14.58    0.00    0.00    3.12    0.00    0.00    0.00   78.12
23:14:03       1    5.26    0.00   13.68    0.00    0.00    3.16    0.00    0.00    0.00   77.89
23:14:03       2    4.26    0.00   17.02    0.00    0.00    2.13    0.00    0.00    0.00   76.60
23:14:03       3    4.17    0.00   14.58    0.00    0.00    3.12    0.00    0.00    0.00   78.12

23:14:03     CPU    %usr   %nice    %sys %iowait    %irq   %soft  %steal  %guest  %gnice   %idle
23:14:04     all    2.86    0.00   13.77    0.00    0.00    3.38    0.00    0.00    0.00   80.00
23:14:04       0    1.02    0.00   16.33    0.00    0.00    4.08    0.00    0.00    0.00   78.57
23:14:04       1    5.38    0.00    8.60    0.00    0.00    3.23    0.00    0.00    0.00   82.80
23:14:04       2    2.08    0.00   14.58    0.00    0.00    2.08    0.00    0.00    0.00   81.25
23:14:04       3    3.06    0.00   15.31    0.00    0.00    4.08    0.00    0.00    0.00   77.55

23:14:04     CPU    %usr   %nice    %sys %iowait    %irq   %soft  %steal  %guest  %gnice   %idle
23:14:05     all    3.10    0.00    8.01    0.00    0.00    2.33    0.00    0.00    0.00   86.56
23:14:05       0    5.26    0.00    6.32    0.00    0.00    0.00    0.00    0.00    0.00   88.42
23:14:05       1    2.06    0.00    8.25    0.00    0.00    3.09    0.00    0.00    0.00   86.60
23:14:05       2    3.06    0.00    8.16    0.00    0.00    4.08    0.00    0.00    0.00   84.69
23:14:05       3    2.06    0.00    9.28    0.00    0.00    2.06    0.00    0.00    0.00   86.60

23:14:05     CPU    %usr   %nice    %sys %iowait    %irq   %soft  %steal  %guest  %gnice   %idle
23:14:06     all    4.26    0.00   18.30    0.00    0.00    3.26    0.00    0.00    0.00   74.19
23:14:06       0    4.04    0.00   18.18    0.00    0.00    3.03    0.00    0.00    0.00   74.75
23:14:06       1    6.12    0.00   16.33    0.00    0.00    2.04    0.00    0.00    0.00   75.51
23:14:06       2    2.97    0.00   19.80    0.00    0.00    3.96    0.00    0.00    0.00   73.27
23:14:06       3    3.96    0.00   18.81    0.00    0.00    3.96    0.00    0.00    0.00   73.27

23:14:06     CPU    %usr   %nice    %sys %iowait    %irq   %soft  %steal  %guest  %gnice   %idle
23:14:07     all    6.02    0.00   17.79    0.00    0.00    3.01    0.00    0.00    0.00   73.18
23:14:07       0    5.00    0.00   17.00    0.00    0.00    4.00    0.00    0.00    0.00   74.00
23:14:07       1    6.93    0.00   18.81    0.00    0.00    1.98    0.00    0.00    0.00   72.28
23:14:07       2    4.12    0.00   18.56    0.00    0.00    2.06    0.00    0.00    0.00   75.26
23:14:07       3    7.92    0.00   16.83    0.00    0.00    3.96    0.00    0.00    0.00   71.29

23:14:07     CPU    %usr   %nice    %sys %iowait    %irq   %soft  %steal  %guest  %gnice   %idle
23:14:08     all   10.26    0.00   26.15    0.00    0.00    6.15    0.00    0.00    0.00   57.44
23:14:08       0    9.18    0.00   26.53    0.00    0.00    8.16    0.00    0.00    0.00   56.12
23:14:08       1   11.11    0.00   25.25    0.00    0.00    6.06    0.00    0.00    0.00   57.58
23:14:08       2   11.83    0.00   24.73    0.00    0.00    4.30    0.00    0.00    0.00   59.14
23:14:08       3    9.00    0.00   28.00    0.00    0.00    6.00    0.00    0.00    0.00   57.00

23:14:08     CPU    %usr   %nice    %sys %iowait    %irq   %soft  %steal  %guest  %gnice   %idle
23:14:09     all    6.19    0.00   20.05    0.00    0.00    4.21    0.00    0.00    0.00   69.55
23:14:09       0    4.81    0.00   24.04    0.00    0.00    3.85    0.00    0.00    0.00   67.31
23:14:09       1    4.95    0.00   20.79    0.00    0.00    4.95    0.00    0.00    0.00   69.31
23:14:09       2    5.83    0.00   20.39    0.00    0.00    5.83    0.00    0.00    0.00   67.96
23:14:09       3    9.38    0.00   14.58    0.00    0.00    2.08    0.00    0.00    0.00   73.96

23:14:09     CPU    %usr   %nice    %sys %iowait    %irq   %soft  %steal  %guest  %gnice   %idle
23:14:10     all    7.32    0.00   20.60    0.00    0.00    4.61    0.00    0.00    0.00   67.48
23:14:10       0    7.61    0.00   18.48    0.00    0.00    3.26    0.00    0.00    0.00   70.65
23:14:10       1    7.78    0.00   21.11    0.00    0.00    5.56    0.00    0.00    0.00   65.56
23:14:10       2    7.29    0.00   20.83    0.00    0.00    5.21    0.00    0.00    0.00   66.67
23:14:10       3    6.59    0.00   21.98    0.00    0.00    4.40    0.00    0.00    0.00   67.03

23:14:10     CPU    %usr   %nice    %sys %iowait    %irq   %soft  %steal  %guest  %gnice   %idle
23:14:11     all    5.75    0.00   14.75    0.00    0.00    2.00    0.00    0.00    0.00   77.50
23:14:11       0    7.84    0.00   13.73    0.00    0.00    2.94    0.00    0.00    0.00   75.49
23:14:11       1    6.80    0.00   16.50    0.00    0.00    1.94    0.00    0.00    0.00   74.76
23:14:11       2    4.21    0.00   12.63    0.00    0.00    1.05    0.00    0.00    0.00   82.11
23:14:11       3    4.00    0.00   16.00    0.00    0.00    2.00    0.00    0.00    0.00   78.00

23:14:11     CPU    %usr   %nice    %sys %iowait    %irq   %soft  %steal  %guest  %gnice   %idle
23:14:12     all    5.91    0.00   19.09    0.00    0.00    3.49    0.00    0.00    0.00   71.51
23:14:12       0    4.55    0.00   17.05    0.00    0.00    2.27    0.00    0.00    0.00   76.14
23:14:12       1    5.32    0.00   20.21    0.00    0.00    2.13    0.00    0.00    0.00   72.34
23:14:12       2    5.32    0.00   20.21    0.00    0.00    5.32    0.00    0.00    0.00   69.15
23:14:12       3    8.33    0.00   18.75    0.00    0.00    4.17    0.00    0.00    0.00   68.75

23:14:12     CPU    %usr   %nice    %sys %iowait    %irq   %soft  %steal  %guest  %gnice   %idle
23:14:13     all    4.72    0.00   14.17    0.26    0.00    3.15    0.00    0.00    0.00   77.69
23:14:13       0    4.08    0.00   17.35    0.00    0.00    3.06    0.00    0.00    0.00   75.51
23:14:13       1    6.25    0.00   12.50    1.04    0.00    3.12    0.00    0.00    0.00   77.08
23:14:13       2    6.52    0.00   10.87    0.00    0.00    2.17    0.00    0.00    0.00   80.43
23:14:13       3    2.11    0.00   15.79    0.00    0.00    4.21    0.00    0.00    0.00   77.89

23:14:13     CPU    %usr   %nice    %sys %iowait    %irq   %soft  %steal  %guest  %gnice   %idle
23:14:14     all    3.99    0.00   15.43    0.00    0.00    3.46    0.00    0.00    0.00   77.13
23:14:14       0    4.17    0.00   17.71    0.00    0.00    2.08    0.00    0.00    0.00   76.04
23:14:14       1    3.16    0.00   14.74    0.00    0.00    5.26    0.00    0.00    0.00   76.84
23:14:14       2    6.45    0.00   15.05    0.00    0.00    2.15    0.00    0.00    0.00   76.34
23:14:14       3    2.17    0.00   14.13    0.00    0.00    4.35    0.00    0.00    0.00   79.35

23:14:14     CPU    %usr   %nice    %sys %iowait    %irq   %soft  %steal  %guest  %gnice   %idle
23:14:15     all    4.18    0.00   10.44    0.00    0.00    1.57    0.00    0.00    0.00   83.81
23:14:15       0    2.11    0.00   12.63    0.00    0.00    1.05    0.00    0.00    0.00   84.21
23:14:15       1    4.17    0.00   11.46    0.00    0.00    1.04    0.00    0.00    0.00   83.33
23:14:15       2    6.12    0.00    8.16    0.00    0.00    3.06    0.00    0.00    0.00   82.65
23:14:15       3    4.26    0.00    9.57    0.00    0.00    1.06    0.00    0.00    0.00   85.11

23:14:15     CPU    %usr   %nice    %sys %iowait    %irq   %soft  %steal  %guest  %gnice   %idle
23:14:16     all    3.13    0.00   10.70    0.00    0.00    2.09    0.00    0.00    0.00   84.07
23:14:16       0    4.17    0.00    9.38    0.00    0.00    2.08    0.00    0.00    0.00   84.38
23:14:16       1    2.11    0.00   11.58    0.00    0.00    1.05    0.00    0.00    0.00   85.26
23:14:16       2    3.06    0.00   13.27    0.00    0.00    2.04    0.00    0.00    0.00   81.63
23:14:16       3    3.19    0.00    8.51    0.00    0.00    3.19    0.00    0.00    0.00   85.11

23:14:16     CPU    %usr   %nice    %sys %iowait    %irq   %soft  %steal  %guest  %gnice   %idle
23:14:17     all    5.93    0.00   14.82    0.00    0.00    4.04    0.00    0.00    0.00   75.20
23:14:17       0    4.30    0.00   17.20    0.00    0.00    3.23    0.00    0.00    0.00   75.27
23:14:17       1    8.42    0.00   12.63    0.00    0.00    6.32    0.00    0.00    0.00   72.63
23:14:17       2    2.20    0.00   14.29    0.00    0.00    4.40    0.00    0.00    0.00   79.12
23:14:17       3    8.70    0.00   15.22    0.00    0.00    2.17    0.00    0.00    0.00   73.91

23:14:17     CPU    %usr   %nice    %sys %iowait    %irq   %soft  %steal  %guest  %gnice   %idle
23:14:18     all    2.36    0.00    7.35    0.00    0.00    1.05    0.00    0.00    0.00   89.24
23:14:18       0    3.09    0.00    9.28    0.00    0.00    1.03    0.00    0.00    0.00   86.60
23:14:18       1    1.08    0.00    6.45    0.00    0.00    1.08    0.00    0.00    0.00   91.40
23:14:18       2    2.13    0.00    6.38    0.00    0.00    1.06    0.00    0.00    0.00   90.43
23:14:18       3    3.09    0.00    7.22    0.00    0.00    1.03    0.00    0.00    0.00   88.66

23:14:18     CPU    %usr   %nice    %sys %iowait    %irq   %soft  %steal  %guest  %gnice   %idle
23:14:19     all    7.69    0.00   17.51    0.00    0.00    3.18    0.00    0.00    0.00   71.62
23:14:19       0    7.07    0.00   19.19    0.00    0.00    5.05    0.00    0.00    0.00   68.69
23:14:19       1    8.79    0.00   15.38    0.00    0.00    2.20    0.00    0.00    0.00   73.63
23:14:19       2    7.45    0.00   18.09    0.00    0.00    1.06    0.00    0.00    0.00   73.40
23:14:19       3    7.53    0.00   17.20    0.00    0.00    4.30    0.00    0.00    0.00   70.97

23:14:19     CPU    %usr   %nice    %sys %iowait    %irq   %soft  %steal  %guest  %gnice   %idle
23:14:20     all    7.03    0.00   19.01    0.00    0.00    3.12    0.00    0.00    0.00   70.83
23:14:20       0    8.25    0.00   19.59    0.00    0.00    3.09    0.00    0.00    0.00   69.07
23:14:20       1    7.14    0.00   20.41    0.00    0.00    3.06    0.00    0.00    0.00   69.39
23:14:20       2    6.25    0.00   17.71    0.00    0.00    5.21    0.00    0.00    0.00   70.83
23:14:20       3    6.45    0.00   18.28    0.00    0.00    1.08    0.00    0.00    0.00   74.19

23:14:20     CPU    %usr   %nice    %sys %iowait    %irq   %soft  %steal  %guest  %gnice   %idle
23:14:21     all    5.17    0.00   12.40    0.00    0.00    2.84    0.00    0.00    0.00   79.59
23:14:21       0    7.00    0.00   12.00    0.00    0.00    3.00    0.00    0.00    0.00   78.00
23:14:21       1    5.26    0.00   11.58    0.00    0.00    2.11    0.00    0.00    0.00   81.05
23:14:21       2    3.16    0.00   11.58    0.00    0.00    4.21    0.00    0.00    0.00   81.05
23:14:21       3    5.15    0.00   14.43    0.00    0.00    2.06    0.00    0.00    0.00   78.35

23:14:21     CPU    %usr   %nice    %sys %iowait    %irq   %soft  %steal  %guest  %gnice   %idle
23:14:22     all    4.52    0.00   15.83    0.00    0.00    5.53    0.00    0.00    0.00   74.12
23:14:22       0    5.00    0.00   16.00    0.00    0.00    4.00    0.00    0.00    0.00   75.00
23:14:22       1    3.03    0.00   16.16    0.00    0.00    8.08    0.00    0.00    0.00   72.73
23:14:22       2    5.00    0.00   16.00    0.00    0.00    4.00    0.00    0.00    0.00   75.00
23:14:22       3    5.05    0.00   15.15    0.00    0.00    6.06    0.00    0.00    0.00   73.74

23:14:22     CPU    %usr   %nice    %sys %iowait    %irq   %soft  %steal  %guest  %gnice   %idle
23:14:23     all    5.88    0.00   19.85    0.49    0.00    5.15    0.00    0.00    0.00   68.63
23:14:23       0    4.04    0.00   22.22    0.00    0.00    4.04    0.00    0.00    0.00   69.70
23:14:23       1    7.62    0.00   19.05    1.90    0.00    6.67    0.00    0.00    0.00   64.76
23:14:23       2    4.95    0.00   20.79    0.00    0.00    3.96    0.00    0.00    0.00   70.30
23:14:23       3    6.80    0.00   17.48    0.00    0.00    5.83    0.00    0.00    0.00   69.90

23:14:23     CPU    %usr   %nice    %sys %iowait    %irq   %soft  %steal  %guest  %gnice   %idle
23:14:24     all    6.59    0.00   19.51    0.00    0.00    2.93    0.00    0.00    0.00   70.98
23:14:24       0    8.41    0.00   18.69    0.00    0.00    3.74    0.00    0.00    0.00   69.16
23:14:24       1    6.73    0.00   20.19    0.00    0.00    3.85    0.00    0.00    0.00   69.23
23:14:24       2    6.86    0.00   18.63    0.00    0.00    2.94    0.00    0.00    0.00   71.57
23:14:24       3    4.12    0.00   20.62    0.00    0.00    1.03    0.00    0.00    0.00   74.23

23:14:24     CPU    %usr   %nice    %sys %iowait    %irq   %soft  %steal  %guest  %gnice   %idle
23:14:25     all    3.69    0.00   12.56    0.00    0.00    2.46    0.00    0.00    0.00   81.28
23:14:25       0    2.04    0.00   11.22    0.00    0.00    2.04    0.00    0.00    0.00   84.69
23:14:25       1    2.88    0.00   15.38    0.00    0.00    1.92    0.00    0.00    0.00   79.81
23:14:25       2    4.00    0.00   12.00    0.00    0.00    2.00    0.00    0.00    0.00   82.00
23:14:25       3    5.77    0.00   11.54    0.00    0.00    3.85    0.00    0.00    0.00   78.85

23:14:25     CPU    %usr   %nice    %sys %iowait    %irq   %soft  %steal  %guest  %gnice   %idle
23:14:26     all    3.58    0.00   14.58    0.00    0.00    3.07    0.00    0.00    0.00   78.77
23:14:26       0    5.05    0.00   14.14    0.00    0.00    3.03    0.00    0.00    0.00   77.78
23:14:26       1    4.04    0.00   16.16    0.00    0.00    2.02    0.00    0.00    0.00   77.78
23:14:26       2    3.09    0.00   14.43    0.00    0.00    3.09    0.00    0.00    0.00   79.38
23:14:26       3    2.08    0.00   13.54    0.00    0.00    4.17    0.00    0.00    0.00   80.21

23:14:26     CPU    %usr   %nice    %sys %iowait    %irq   %soft  %steal  %guest  %gnice   %idle
23:14:27     all    6.12    0.00   17.35    0.00    0.00    3.57    0.00    0.00    0.00   72.96
23:14:27       0    6.00    0.00   19.00    0.00    0.00    4.00    0.00    0.00    0.00   71.00
23:14:27       1    6.12    0.00   18.37    0.00    0.00    3.06    0.00    0.00    0.00   72.45
23:14:27       2    5.26    0.00   14.74    0.00    0.00    4.21    0.00    0.00    0.00   75.79
23:14:27       3    7.07    0.00   17.17    0.00    0.00    3.03    0.00    0.00    0.00   72.73

23:14:27     CPU    %usr   %nice    %sys %iowait    %irq   %soft  %steal  %guest  %gnice   %idle
23:14:28     all    8.31    0.00   21.45    0.27    0.00    6.17    0.00    0.00    0.00   63.81
23:14:28       0    7.29    0.00   22.92    0.00    0.00    7.29    0.00    0.00    0.00   62.50
23:14:28       1   10.42    0.00   22.92    0.00    0.00    4.17    0.00    0.00    0.00   62.50
23:14:28       2    7.61    0.00   22.83    1.09    0.00    6.52    0.00    0.00    0.00   61.96
23:14:28       3    7.87    0.00   16.85    0.00    0.00    6.74    0.00    0.00    0.00   68.54

23:14:28     CPU    %usr   %nice    %sys %iowait    %irq   %soft  %steal  %guest  %gnice   %idle
23:14:29     all    4.23    0.00   12.96    0.00    0.00    1.06    0.00    0.00    0.00   81.75
23:14:29       0    3.09    0.00   14.43    0.00    0.00    2.06    0.00    0.00    0.00   80.41
23:14:29       1    5.38    0.00   10.75    0.00    0.00    1.08    0.00    0.00    0.00   82.80
23:14:29       2    5.26    0.00   11.58    0.00    0.00    1.05    0.00    0.00    0.00   82.11
23:14:29       3    3.23    0.00   15.05    0.00    0.00    0.00    0.00    0.00    0.00   81.72

23:14:29     CPU    %usr   %nice    %sys %iowait    %irq   %soft  %steal  %guest  %gnice   %idle
23:14:30     all    6.74    0.00   16.17    0.00    0.00    4.04    0.00    0.00    0.00   73.05
23:14:30       0    8.70    0.00   16.30    0.00    0.00    2.17    0.00    0.00    0.00   72.83
23:14:30       1    4.21    0.00   20.00    0.00    0.00    4.21    0.00    0.00    0.00   71.58
23:14:30       2    7.61    0.00   16.30    0.00    0.00    4.35    0.00    0.00    0.00   71.74
23:14:30       3    6.52    0.00   11.96    0.00    0.00    5.43    0.00    0.00    0.00   76.09

23:14:30     CPU    %usr   %nice    %sys %iowait    %irq   %soft  %steal  %guest  %gnice   %idle
23:14:31     all    5.05    0.00   14.10    0.00    0.00    3.19    0.00    0.00    0.00   77.66
23:14:31       0    7.29    0.00   13.54    0.00    0.00    1.04    0.00    0.00    0.00   78.12
23:14:31       1    2.22    0.00   13.33    0.00    0.00    3.33    0.00    0.00    0.00   81.11
23:14:31       2    4.21    0.00   15.79    0.00    0.00    5.26    0.00    0.00    0.00   74.74
23:14:31       3    6.32    0.00   13.68    0.00    0.00    3.16    0.00    0.00    0.00   76.84

23:14:31     CPU    %usr   %nice    %sys %iowait    %irq   %soft  %steal  %guest  %gnice   %idle
23:14:32     all    8.86    0.00   24.93    0.00    0.00    3.88    0.00    0.00    0.00   62.33
23:14:32       0   11.96    0.00   20.65    0.00    0.00    5.43    0.00    0.00    0.00   61.96
23:14:32       1    6.17    0.00   24.69    0.00    0.00    3.70    0.00    0.00    0.00   65.43
23:14:32       2    9.47    0.00   27.37    0.00    0.00    2.11    0.00    0.00    0.00   61.05
23:14:32       3    7.53    0.00   26.88    0.00    0.00    4.30    0.00    0.00    0.00   61.29

23:14:32     CPU    %usr   %nice    %sys %iowait    %irq   %soft  %steal  %guest  %gnice   %idle
23:14:33     all    7.39    0.00   19.79    0.00    0.00    4.49    0.00    0.00    0.00   68.34
23:14:33       0    7.29    0.00   20.83    0.00    0.00    4.17    0.00    0.00    0.00   67.71
23:14:33       1    5.26    0.00   22.11    0.00    0.00    5.26    0.00    0.00    0.00   67.37
23:14:33       2    9.57    0.00   17.02    0.00    0.00    4.26    0.00    0.00    0.00   69.15
23:14:33       3    7.45    0.00   19.15    0.00    0.00    4.26    0.00    0.00    0.00   69.15

23:14:33     CPU    %usr   %nice    %sys %iowait    %irq   %soft  %steal  %guest  %gnice   %idle
23:14:34     all    5.71    0.00   16.10    0.00    0.00    3.64    0.00    0.00    0.00   74.55
23:14:34       0    5.15    0.00   13.40    0.00    0.00    6.19    0.00    0.00    0.00   75.26
23:14:34       1    4.21    0.00   17.89    0.00    0.00    2.11    0.00    0.00    0.00   75.79
23:14:34       2    6.06    0.00   18.18    0.00    0.00    4.04    0.00    0.00    0.00   71.72
23:14:34       3    7.45    0.00   14.89    0.00    0.00    2.13    0.00    0.00    0.00   75.53

23:14:34     CPU    %usr   %nice    %sys %iowait    %irq   %soft  %steal  %guest  %gnice   %idle
23:14:35     all    5.74    0.00   18.54    0.00    0.00    3.92    0.00    0.00    0.00   71.80
23:14:35       0    8.16    0.00   17.35    0.00    0.00    4.08    0.00    0.00    0.00   70.41
23:14:35       1    5.38    0.00   18.28    0.00    0.00    4.30    0.00    0.00    0.00   72.04
23:14:35       2    4.26    0.00   17.02    0.00    0.00    5.32    0.00    0.00    0.00   73.40
23:14:35       3    5.10    0.00   21.43    0.00    0.00    2.04    0.00    0.00    0.00   71.43

23:14:35     CPU    %usr   %nice    %sys %iowait    %irq   %soft  %steal  %guest  %gnice   %idle
23:14:36     all    5.39    0.00   13.48    0.00    0.00    1.96    0.00    0.00    0.00   79.17
23:14:36       0    7.00    0.00   11.00    0.00    0.00    1.00    0.00    0.00    0.00   81.00
23:14:36       1    5.77    0.00   12.50    0.00    0.00    3.85    0.00    0.00    0.00   77.88
23:14:36       2    5.88    0.00   13.73    0.00    0.00    1.96    0.00    0.00    0.00   78.43
23:14:36       3    2.94    0.00   16.67    0.00    0.00    0.98    0.00    0.00    0.00   79.41

23:14:36     CPU    %usr   %nice    %sys %iowait    %irq   %soft  %steal  %guest  %gnice   %idle
23:14:37     all    6.47    0.00   14.18    0.00    0.00    2.24    0.00    0.00    0.00   77.11
23:14:37       0    8.49    0.00   14.15    0.00    0.00    3.77    0.00    0.00    0.00   73.58
23:14:37       1    4.04    0.00   16.16    0.00    0.00    2.02    0.00    0.00    0.00   77.78
23:14:37       2    5.94    0.00   15.84    0.00    0.00    1.98    0.00    0.00    0.00   76.24
23:14:37       3    7.29    0.00   10.42    0.00    0.00    1.04    0.00    0.00    0.00   81.25

23:14:37     CPU    %usr   %nice    %sys %iowait    %irq   %soft  %steal  %guest  %gnice   %idle
23:14:38     all    7.32    0.00   20.24    0.49    0.00    4.15    0.00    0.00    0.00   67.80
23:14:38       0    8.33    0.00   23.15    0.00    0.00    4.63    0.00    0.00    0.00   63.89
23:14:38       1    6.93    0.00   19.80    0.99    0.00    3.96    0.00    0.00    0.00   68.32
23:14:38       2    6.86    0.00   19.61    0.98    0.00    3.92    0.00    0.00    0.00   68.63
23:14:38       3    7.07    0.00   18.18    0.00    0.00    4.04    0.00    0.00    0.00   70.71

23:14:38     CPU    %usr   %nice    %sys %iowait    %irq   %soft  %steal  %guest  %gnice   %idle
23:14:39     all    4.69    0.00   13.58    0.00    0.00    2.47    0.00    0.00    0.00   79.26
23:14:39       0    4.00    0.00   13.00    0.00    0.00    2.00    0.00    0.00    0.00   81.00
23:14:39       1    5.10    0.00   11.22    0.00    0.00    2.04    0.00    0.00    0.00   81.63
23:14:39       2    3.85    0.00   15.38    0.00    0.00    3.85    0.00    0.00    0.00   76.92
23:14:39       3    5.83    0.00   14.56    0.00    0.00    1.94    0.00    0.00    0.00   77.67

23:14:39     CPU    %usr   %nice    %sys %iowait    %irq   %soft  %steal  %guest  %gnice   %idle
23:14:40     all    8.29    0.00   25.91    0.00    0.00    3.11    0.00    0.00    0.00   62.69
23:14:40       0    6.25    0.00   23.96    0.00    0.00    4.17    0.00    0.00    0.00   65.62
23:14:40       1    9.00    0.00   29.00    0.00    0.00    3.00    0.00    0.00    0.00   59.00
23:14:40       2    9.47    0.00   25.26    0.00    0.00    4.21    0.00    0.00    0.00   61.05
23:14:40       3    8.42    0.00   25.26    0.00    0.00    1.05    0.00    0.00    0.00   65.26

23:14:40     CPU    %usr   %nice    %sys %iowait    %irq   %soft  %steal  %guest  %gnice   %idle
23:14:42     all    8.14    0.00   24.94    0.00    0.00    5.34    0.00    0.00    0.00   61.58
23:14:42       0    9.00    0.00   24.00    0.00    0.00    6.00    0.00    0.00    0.00   61.00
23:14:42       1    8.25    0.00   23.71    0.00    0.00    5.15    0.00    0.00    0.00   62.89
23:14:42       2    8.91    0.00   25.74    0.00    0.00    5.94    0.00    0.00    0.00   59.41
23:14:42       3    6.32    0.00   26.32    0.00    0.00    4.21    0.00    0.00    0.00   63.16

23:14:42     CPU    %usr   %nice    %sys %iowait    %irq   %soft  %steal  %guest  %gnice   %idle
23:14:43     all    7.29    0.00   22.66    0.00    0.00    3.91    0.00    0.00    0.00   66.15
23:14:43       0    7.37    0.00   20.00    0.00    0.00    4.21    0.00    0.00    0.00   68.42
23:14:43       1    8.25    0.00   22.68    0.00    0.00    4.12    0.00    0.00    0.00   64.95
23:14:43       2    7.37    0.00   25.26    0.00    0.00    2.11    0.00    0.00    0.00   65.26
23:14:43       3    6.19    0.00   22.68    0.00    0.00    5.15    0.00    0.00    0.00   65.98

23:14:43     CPU    %usr   %nice    %sys %iowait    %irq   %soft  %steal  %guest  %gnice   %idle
23:14:44     all    8.00    0.00   23.73    0.00    0.00    4.53    0.00    0.00    0.00   63.73
23:14:44       0   10.42    0.00   22.92    0.00    0.00    5.21    0.00    0.00    0.00   61.46
23:14:44       1    6.52    0.00   22.83    0.00    0.00    3.26    0.00    0.00    0.00   67.39
23:14:44       2    8.51    0.00   25.53    0.00    0.00    4.26    0.00    0.00    0.00   61.70
23:14:44       3    6.45    0.00   23.66    0.00    0.00    5.38    0.00    0.00    0.00   64.52

23:14:44     CPU    %usr   %nice    %sys %iowait    %irq   %soft  %steal  %guest  %gnice   %idle
23:14:45     all    7.11    0.00   20.00    0.00    0.00    4.21    0.00    0.00    0.00   68.68
23:14:45       0    6.45    0.00   18.28    0.00    0.00    5.38    0.00    0.00    0.00   69.89
23:14:45       1    7.37    0.00   21.05    0.00    0.00    4.21    0.00    0.00    0.00   67.37
23:14:45       2    6.19    0.00   21.65    0.00    0.00    5.15    0.00    0.00    0.00   67.01
23:14:45       3    8.42    0.00   18.95    0.00    0.00    2.11    0.00    0.00    0.00   70.53

23:14:45     CPU    %usr   %nice    %sys %iowait    %irq   %soft  %steal  %guest  %gnice   %idle
23:14:46     all    3.71    0.00   12.20    0.00    0.00    2.65    0.00    0.00    0.00   81.43
23:14:46       0    3.06    0.00   16.33    0.00    0.00    2.04    0.00    0.00    0.00   78.57
23:14:46       1    4.30    0.00   10.75    0.00    0.00    2.15    0.00    0.00    0.00   82.80
23:14:46       2    3.30    0.00    8.79    0.00    0.00    3.30    0.00    0.00    0.00   84.62
23:14:46       3    4.21    0.00   12.63    0.00    0.00    3.16    0.00    0.00    0.00   80.00

Average:     CPU    %usr   %nice    %sys %iowait    %irq   %soft  %steal  %guest  %gnice   %idle
Average:     all    4.80    0.00   14.23    0.04    0.00    2.87    0.00    0.00    0.00   78.07
Average:       0    4.93    0.00   14.27    0.00    0.00    2.96    0.00    0.00    0.00   77.84
Average:       1    4.81    0.00   14.27    0.11    0.00    2.90    0.00    0.00    0.00   77.91
Average:       2    4.76    0.00   14.25    0.05    0.00    2.87    0.00    0.00    0.00   78.07
Average:       3    4.68    0.00   14.12    0.00    0.00    2.74    0.00    0.00    0.00   78.47
