Linux 6.6.87.2-microsoft-standard-WSL2 (Udeepa-ASUS) 	04/15/26 	_x86_64_	(4 CPU)

23:15:55     CPU    %usr   %nice    %sys %iowait    %irq   %soft  %steal  %guest  %gnice   %idle
23:15:56     all    0.75    0.00    0.25    0.00    0.00    0.00    0.00    0.00    0.00   99.00
23:15:56       0    0.00    0.00    0.00    0.00    0.00    0.00    0.00    0.00    0.00  100.00
23:15:56       1    1.00    0.00    1.00    0.00    0.00    0.00    0.00    0.00    0.00   98.00
23:15:56       2    0.99    0.00    0.00    0.00    0.00    0.00    0.00    0.00    0.00   99.01
23:15:56       3    1.00    0.00    0.00    0.00    0.00    0.00    0.00    0.00    0.00   99.00

23:15:56     CPU    %usr   %nice    %sys %iowait    %irq   %soft  %steal  %guest  %gnice   %idle
23:15:57     all    0.00    0.00    0.00    0.00    0.00    0.00    0.00    0.00    0.00  100.00
23:15:57       0    0.00    0.00    0.00    0.00    0.00    0.00    0.00    0.00    0.00  100.00
23:15:57       1    0.00    0.00    0.00    0.00    0.00    0.00    0.00    0.00    0.00  100.00
23:15:57       2    0.00    0.00    0.00    0.00    0.00    0.00    0.00    0.00    0.00  100.00
23:15:57       3    0.00    0.00    0.00    0.00    0.00    0.00    0.00    0.00    0.00  100.00

23:15:57     CPU    %usr   %nice    %sys %iowait    %irq   %soft  %steal  %guest  %gnice   %idle
23:15:58     all    1.76    0.00    4.77    0.00    0.00    1.51    0.00    0.00    0.00   91.96
23:15:58       0    2.02    0.00    4.04    0.00    0.00    1.01    0.00    0.00    0.00   92.93
23:15:58       1    2.94    0.00    4.90    0.00    0.00    2.94    0.00    0.00    0.00   89.22
23:15:58       2    1.02    0.00    5.10    0.00    0.00    0.00    0.00    0.00    0.00   93.88
23:15:58       3    1.01    0.00    5.05    0.00    0.00    2.02    0.00    0.00    0.00   91.92

23:15:58     CPU    %usr   %nice    %sys %iowait    %irq   %soft  %steal  %guest  %gnice   %idle
23:15:59     all    9.40    0.00   20.63    0.00    0.00    5.22    0.00    0.00    0.00   64.75
23:15:59       0    8.25    0.00   20.62    0.00    0.00    7.22    0.00    0.00    0.00   63.92
23:15:59       1    9.57    0.00   21.28    0.00    0.00    3.19    0.00    0.00    0.00   65.96
23:15:59       2   10.20    0.00   23.47    0.00    0.00    4.08    0.00    0.00    0.00   62.24
23:15:59       3    9.57    0.00   17.02    0.00    0.00    6.38    0.00    0.00    0.00   67.02

23:15:59     CPU    %usr   %nice    %sys %iowait    %irq   %soft  %steal  %guest  %gnice   %idle
23:16:00     all   13.79    0.00   35.28    0.00    0.00    7.16    0.00    0.00    0.00   43.77
23:16:00       0   13.33    0.00   30.00    0.00    0.00   10.00    0.00    0.00    0.00   46.67
23:16:00       1   15.15    0.00   36.36    0.00    0.00    7.07    0.00    0.00    0.00   41.41
23:16:00       2   11.46    0.00   39.58    0.00    0.00    5.21    0.00    0.00    0.00   43.75
23:16:00       3   15.22    0.00   34.78    0.00    0.00    6.52    0.00    0.00    0.00   43.48

23:16:00     CPU    %usr   %nice    %sys %iowait    %irq   %soft  %steal  %guest  %gnice   %idle
23:16:01     all   11.95    0.00   36.10    0.00    0.00    7.79    0.00    0.00    0.00   44.16
23:16:01       0   10.64    0.00   35.11    0.00    0.00    6.38    0.00    0.00    0.00   47.87
23:16:01       1   13.40    0.00   36.08    0.00    0.00    7.22    0.00    0.00    0.00   43.30
23:16:01       2   11.00    0.00   37.00    0.00    0.00    9.00    0.00    0.00    0.00   43.00
23:16:01       3   12.77    0.00   36.17    0.00    0.00    8.51    0.00    0.00    0.00   42.55

23:16:01     CPU    %usr   %nice    %sys %iowait    %irq   %soft  %steal  %guest  %gnice   %idle
23:16:02     all   11.99    0.00   33.79    0.27    0.00    8.45    0.00    0.00    0.00   45.50
23:16:02       0   10.87    0.00   31.52    0.00    0.00    8.70    0.00    0.00    0.00   48.91
23:16:02       1    9.89    0.00   38.46    0.00    0.00    8.79    0.00    0.00    0.00   42.86
23:16:02       2   13.33    0.00   33.33    0.00    0.00   10.00    0.00    0.00    0.00   43.33
23:16:02       3   13.83    0.00   31.91    1.06    0.00    6.38    0.00    0.00    0.00   46.81

23:16:02     CPU    %usr   %nice    %sys %iowait    %irq   %soft  %steal  %guest  %gnice   %idle
23:16:03     all   12.77    0.00   36.17    0.00    0.00    9.04    0.00    0.00    0.00   42.02
23:16:03       0   12.24    0.00   37.76    0.00    0.00    9.18    0.00    0.00    0.00   40.82
23:16:03       1   13.68    0.00   35.79    0.00    0.00    8.42    0.00    0.00    0.00   42.11
23:16:03       2   11.96    0.00   35.87    0.00    0.00    9.78    0.00    0.00    0.00   42.39
23:16:03       3   13.19    0.00   35.16    0.00    0.00    8.79    0.00    0.00    0.00   42.86

23:16:03     CPU    %usr   %nice    %sys %iowait    %irq   %soft  %steal  %guest  %gnice   %idle
23:16:04     all   13.99    0.00   35.75    0.00    0.00    8.81    0.00    0.00    0.00   41.45
23:16:04       0   14.89    0.00   30.85    0.00    0.00   11.70    0.00    0.00    0.00   42.55
23:16:04       1   15.96    0.00   38.30    0.00    0.00    7.45    0.00    0.00    0.00   38.30
23:16:04       2   13.68    0.00   33.68    0.00    0.00    8.42    0.00    0.00    0.00   44.21
23:16:04       3   11.65    0.00   39.81    0.00    0.00    7.77    0.00    0.00    0.00   40.78

23:16:04     CPU    %usr   %nice    %sys %iowait    %irq   %soft  %steal  %guest  %gnice   %idle
23:16:05     all   12.04    0.00   37.96    0.00    0.00    8.90    0.00    0.00    0.00   41.10
23:16:05       0   13.04    0.00   35.87    0.00    0.00    7.61    0.00    0.00    0.00   43.48
23:16:05       1   11.96    0.00   36.96    0.00    0.00    8.70    0.00    0.00    0.00   42.39
23:16:05       2   10.20    0.00   40.82    0.00    0.00    8.16    0.00    0.00    0.00   40.82
23:16:05       3   13.00    0.00   38.00    0.00    0.00   11.00    0.00    0.00    0.00   38.00

Average:     CPU    %usr   %nice    %sys %iowait    %irq   %soft  %steal  %guest  %gnice   %idle
Average:     all    8.73    0.00   23.73    0.03    0.00    5.61    0.00    0.00    0.00   61.91
Average:       0    8.39    0.00   22.22    0.00    0.00    6.08    0.00    0.00    0.00   63.31
Average:       1    9.23    0.00   24.48    0.00    0.00    5.29    0.00    0.00    0.00   61.00
Average:       2    8.27    0.00   24.61    0.00    0.00    5.38    0.00    0.00    0.00   61.74
Average:       3    9.01    0.00   23.60    0.10    0.00    5.69    0.00    0.00    0.00   61.59
