Linux 6.6.87.2-microsoft-standard-WSL2 (Udeepa-ASUS) 	04/15/26 	_x86_64_	(4 CPU)

22:44:43     CPU    %usr   %nice    %sys %iowait    %irq   %soft  %steal  %guest  %gnice   %idle
22:44:44     all    0.50    0.00    0.75    0.00    0.00    0.25    0.00    0.00    0.00   98.50
22:44:44       0    2.00    0.00    1.00    0.00    0.00    1.00    0.00    0.00    0.00   96.00
22:44:44       1    0.00    0.00    0.99    0.00    0.00    0.00    0.00    0.00    0.00   99.01
22:44:44       2    0.00    0.00    0.99    0.00    0.00    0.00    0.00    0.00    0.00   99.01
22:44:44       3    0.00    0.00    0.00    0.00    0.00    0.00    0.00    0.00    0.00  100.00

22:44:44     CPU    %usr   %nice    %sys %iowait    %irq   %soft  %steal  %guest  %gnice   %idle
22:44:45     all    0.25    0.00    2.22    0.25    0.00    0.99    0.00    0.00    0.00   96.31
22:44:45       0    0.00    0.00    3.92    0.00    0.00    0.98    0.00    0.00    0.00   95.10
22:44:45       1    0.00    0.00    0.00    0.99    0.00    1.98    0.00    0.00    0.00   97.03
22:44:45       2    0.97    0.00    2.91    0.00    0.00    0.97    0.00    0.00    0.00   95.15
22:44:45       3    0.00    0.00    2.00    0.00    0.00    0.00    0.00    0.00    0.00   98.00

22:44:45     CPU    %usr   %nice    %sys %iowait    %irq   %soft  %steal  %guest  %gnice   %idle
22:44:46     all    1.97    0.00    7.64    0.00    0.00    2.22    0.00    0.00    0.00   88.18
22:44:46       0    5.21    0.00    6.25    0.00    0.00    2.08    0.00    0.00    0.00   86.46
22:44:46       1    0.00    0.00    5.00    0.00    0.00    2.00    0.00    0.00    0.00   93.00
22:44:46       2    1.87    0.00   11.21    0.00    0.00    1.87    0.00    0.00    0.00   85.05
22:44:46       3    0.97    0.00    7.77    0.00    0.00    2.91    0.00    0.00    0.00   88.35

22:44:46     CPU    %usr   %nice    %sys %iowait    %irq   %soft  %steal  %guest  %gnice   %idle
22:44:47     all    2.48    0.00    7.20    0.00    0.00    2.98    0.00    0.00    0.00   87.34
22:44:47       0    6.73    0.00   10.58    0.00    0.00    5.77    0.00    0.00    0.00   76.92
22:44:47       1    0.00    0.00    3.96    0.00    0.00    1.98    0.00    0.00    0.00   94.06
22:44:47       2    1.03    0.00    4.12    0.00    0.00    3.09    0.00    0.00    0.00   91.75
22:44:47       3    1.98    0.00    9.90    0.00    0.00    0.99    0.00    0.00    0.00   87.13

22:44:47     CPU    %usr   %nice    %sys %iowait    %irq   %soft  %steal  %guest  %gnice   %idle
22:44:48     all    2.74    0.00    5.99    0.00    0.00    2.74    0.00    0.00    0.00   88.53
22:44:48       0    5.83    0.00    7.77    0.00    0.00    4.85    0.00    0.00    0.00   81.55
22:44:48       1    0.00    0.00    4.00    0.00    0.00    1.00    0.00    0.00    0.00   95.00
22:44:48       2    3.00    0.00    6.00    0.00    0.00    1.00    0.00    0.00    0.00   90.00
22:44:48       3    2.04    0.00    6.12    0.00    0.00    4.08    0.00    0.00    0.00   87.76

22:44:48     CPU    %usr   %nice    %sys %iowait    %irq   %soft  %steal  %guest  %gnice   %idle
22:44:49     all    1.55    0.00    8.27    0.00    0.00    2.58    0.00    0.00    0.00   87.60
22:44:49       0    4.26    0.00    9.57    0.00    0.00    3.19    0.00    0.00    0.00   82.98
22:44:49       1    0.00    0.00    5.94    0.00    0.00    1.98    0.00    0.00    0.00   92.08
22:44:49       2    1.04    0.00   10.42    0.00    0.00    3.12    0.00    0.00    0.00   85.42
22:44:49       3    1.04    0.00    7.29    0.00    0.00    2.08    0.00    0.00    0.00   89.58

22:44:49     CPU    %usr   %nice    %sys %iowait    %irq   %soft  %steal  %guest  %gnice   %idle
22:44:50     all    1.76    0.00    4.79    0.00    0.00    2.27    0.00    0.00    0.00   91.18
22:44:50       0    4.12    0.00    5.15    0.00    0.00    3.09    0.00    0.00    0.00   87.63
22:44:50       1    0.97    0.00    1.94    0.00    0.00    3.88    0.00    0.00    0.00   93.20
22:44:50       2    0.00    0.00    8.16    0.00    0.00    1.02    0.00    0.00    0.00   90.82
22:44:50       3    2.02    0.00    4.04    0.00    0.00    1.01    0.00    0.00    0.00   92.93

22:44:50     CPU    %usr   %nice    %sys %iowait    %irq   %soft  %steal  %guest  %gnice   %idle
22:44:51     all    1.80    0.00    5.67    0.00    0.00    1.80    0.00    0.00    0.00   90.72
22:44:51       0    3.19    0.00    8.51    0.00    0.00    2.13    0.00    0.00    0.00   86.17
22:44:51       1    0.00    0.00    1.98    0.00    0.00    2.97    0.00    0.00    0.00   95.05
22:44:51       2    3.06    0.00    6.12    0.00    0.00    0.00    0.00    0.00    0.00   90.82
22:44:51       3    1.05    0.00    6.32    0.00    0.00    2.11    0.00    0.00    0.00   90.53

22:44:51     CPU    %usr   %nice    %sys %iowait    %irq   %soft  %steal  %guest  %gnice   %idle
22:44:52     all    1.80    0.00    5.15    0.00    0.00    1.29    0.00    0.00    0.00   91.75
22:44:52       0    4.21    0.00    5.26    0.00    0.00    1.05    0.00    0.00    0.00   89.47
22:44:52       1    1.02    0.00    2.04    0.00    0.00    1.02    0.00    0.00    0.00   95.92
22:44:52       2    1.04    0.00    4.17    0.00    0.00    0.00    0.00    0.00    0.00   94.79
22:44:52       3    1.01    0.00    9.09    0.00    0.00    3.03    0.00    0.00    0.00   86.87

22:44:52     CPU    %usr   %nice    %sys %iowait    %irq   %soft  %steal  %guest  %gnice   %idle
22:44:53     all    1.75    0.00    6.25    0.00    0.00    2.75    0.00    0.00    0.00   89.25
22:44:53       0    3.03    0.00    9.09    0.00    0.00    2.02    0.00    0.00    0.00   85.86
22:44:53       1    0.00    0.00    1.98    0.00    0.00    3.96    0.00    0.00    0.00   94.06
22:44:53       2    1.98    0.00    8.91    0.00    0.00    2.97    0.00    0.00    0.00   86.14
22:44:53       3    2.02    0.00    5.05    0.00    0.00    2.02    0.00    0.00    0.00   90.91

22:44:53     CPU    %usr   %nice    %sys %iowait    %irq   %soft  %steal  %guest  %gnice   %idle
22:44:54     all    1.95    0.00    7.54    0.00    0.00    2.19    0.00    0.00    0.00   88.32
22:44:54       0    3.88    0.00    8.74    0.00    0.00    3.88    0.00    0.00    0.00   83.50
22:44:54       1    0.97    0.00    2.91    0.00    0.00    2.91    0.00    0.00    0.00   93.20
22:44:54       2    0.99    0.00    7.92    0.00    0.00    0.99    0.00    0.00    0.00   90.10
22:44:54       3    1.92    0.00   10.58    0.00    0.00    0.96    0.00    0.00    0.00   86.54

22:44:54     CPU    %usr   %nice    %sys %iowait    %irq   %soft  %steal  %guest  %gnice   %idle
22:44:55     all    2.21    0.00    6.14    0.25    0.00    2.46    0.00    0.00    0.00   88.94
22:44:55       0    4.85    0.00    5.83    0.00    0.00    4.85    0.00    0.00    0.00   84.47
22:44:55       1    0.96    0.00    3.85    0.96    0.00    2.88    0.00    0.00    0.00   91.35
22:44:55       2    1.01    0.00    7.07    0.00    0.00    1.01    0.00    0.00    0.00   90.91
22:44:55       3    1.98    0.00    7.92    0.00    0.00    0.99    0.00    0.00    0.00   89.11

22:44:55     CPU    %usr   %nice    %sys %iowait    %irq   %soft  %steal  %guest  %gnice   %idle
22:44:56     all    2.25    0.00    7.00    0.00    0.00    2.00    0.00    0.00    0.00   88.75
22:44:56       0    5.15    0.00    7.22    0.00    0.00    2.06    0.00    0.00    0.00   85.57
22:44:56       1    0.00    0.00    5.88    0.00    0.00    1.96    0.00    0.00    0.00   92.16
22:44:56       2    1.98    0.00    7.92    0.00    0.00    2.97    0.00    0.00    0.00   87.13
22:44:56       3    2.00    0.00    7.00    0.00    0.00    1.00    0.00    0.00    0.00   90.00

22:44:56     CPU    %usr   %nice    %sys %iowait    %irq   %soft  %steal  %guest  %gnice   %idle
22:44:57     all    1.55    0.00    5.93    0.00    0.00    2.06    0.00    0.00    0.00   90.46
22:44:57       0    4.21    0.00    6.32    0.00    0.00    3.16    0.00    0.00    0.00   86.32
22:44:57       1    0.00    0.00    3.03    0.00    0.00    2.02    0.00    0.00    0.00   94.95
22:44:57       2    1.02    0.00    8.16    0.00    0.00    2.04    0.00    0.00    0.00   88.78
22:44:57       3    1.04    0.00    6.25    0.00    0.00    1.04    0.00    0.00    0.00   91.67

22:44:57     CPU    %usr   %nice    %sys %iowait    %irq   %soft  %steal  %guest  %gnice   %idle
22:44:58     all    2.30    0.00    4.85    0.00    0.00    1.28    0.00    0.00    0.00   91.58
22:44:58       0    3.09    0.00    7.22    0.00    0.00    3.09    0.00    0.00    0.00   86.60
22:44:58       1    1.01    0.00    2.02    0.00    0.00    0.00    0.00    0.00    0.00   96.97
22:44:58       2    2.02    0.00    6.06    0.00    0.00    1.01    0.00    0.00    0.00   90.91
22:44:58       3    3.09    0.00    4.12    0.00    0.00    1.03    0.00    0.00    0.00   91.75

22:44:58     CPU    %usr   %nice    %sys %iowait    %irq   %soft  %steal  %guest  %gnice   %idle
22:44:59     all    1.52    0.00    4.57    0.00    0.00    2.03    0.00    0.00    0.00   91.88
22:44:59       0    3.23    0.00    3.23    0.00    0.00    1.08    0.00    0.00    0.00   92.47
22:44:59       1    0.00    0.00    1.96    0.00    0.00    3.92    0.00    0.00    0.00   94.12
22:44:59       2    1.01    0.00    4.04    0.00    0.00    1.01    0.00    0.00    0.00   93.94
22:44:59       3    2.00    0.00    9.00    0.00    0.00    2.00    0.00    0.00    0.00   87.00

22:44:59     CPU    %usr   %nice    %sys %iowait    %irq   %soft  %steal  %guest  %gnice   %idle
22:45:00     all    2.02    0.00    6.80    0.00    0.00    2.02    0.00    0.00    0.00   89.17
22:45:00       0    6.12    0.00    7.14    0.00    0.00    2.04    0.00    0.00    0.00   84.69
22:45:00       1    0.00    0.00    4.85    0.00    0.00    3.88    0.00    0.00    0.00   91.26
22:45:00       2    0.00    0.00    9.09    0.00    0.00    1.01    0.00    0.00    0.00   89.90
22:45:00       3    2.06    0.00    6.19    0.00    0.00    1.03    0.00    0.00    0.00   90.72

22:45:00     CPU    %usr   %nice    %sys %iowait    %irq   %soft  %steal  %guest  %gnice   %idle
22:45:01     all    2.99    0.00    8.98    0.00    0.00    2.74    0.00    0.00    0.00   85.29
22:45:01       0    7.22    0.00   10.31    0.00    0.00    2.06    0.00    0.00    0.00   80.41
22:45:01       1    0.00    0.00    4.90    0.00    0.00    3.92    0.00    0.00    0.00   91.18
22:45:01       2    1.98    0.00   10.89    0.00    0.00    0.99    0.00    0.00    0.00   86.14
22:45:01       3    2.97    0.00    9.90    0.00    0.00    3.96    0.00    0.00    0.00   83.17

22:45:01     CPU    %usr   %nice    %sys %iowait    %irq   %soft  %steal  %guest  %gnice   %idle
22:45:02     all    1.94    0.00    8.23    0.00    0.00    2.66    0.00    0.00    0.00   87.17
22:45:02       0    5.00    0.00    8.00    0.00    0.00    3.00    0.00    0.00    0.00   84.00
22:45:02       1    0.00    0.00    7.41    0.00    0.00    3.70    0.00    0.00    0.00   88.89
22:45:02       2    1.94    0.00    9.71    0.00    0.00    1.94    0.00    0.00    0.00   86.41
22:45:02       3    0.98    0.00    7.84    0.00    0.00    1.96    0.00    0.00    0.00   89.22

22:45:02     CPU    %usr   %nice    %sys %iowait    %irq   %soft  %steal  %guest  %gnice   %idle
22:45:03     all    1.99    0.00    7.21    0.00    0.00    1.74    0.00    0.00    0.00   89.05
22:45:03       0    4.12    0.00    8.25    0.00    0.00    1.03    0.00    0.00    0.00   86.60
22:45:03       1    0.00    0.00    2.00    0.00    0.00    3.00    0.00    0.00    0.00   95.00
22:45:03       2    1.92    0.00    9.62    0.00    0.00    1.92    0.00    0.00    0.00   86.54
22:45:03       3    1.98    0.00    8.91    0.00    0.00    0.99    0.00    0.00    0.00   88.12

22:45:03     CPU    %usr   %nice    %sys %iowait    %irq   %soft  %steal  %guest  %gnice   %idle
22:45:04     all    3.33    0.00    5.38    0.00    0.00    2.05    0.00    0.00    0.00   89.23
22:45:04       0    8.33    0.00    5.21    0.00    0.00    2.08    0.00    0.00    0.00   84.38
22:45:04       1    0.99    0.00    3.96    0.00    0.00    2.97    0.00    0.00    0.00   92.08
22:45:04       2    2.06    0.00    7.22    0.00    0.00    1.03    0.00    0.00    0.00   89.69
22:45:04       3    2.08    0.00    5.21    0.00    0.00    2.08    0.00    0.00    0.00   90.62

22:45:04     CPU    %usr   %nice    %sys %iowait    %irq   %soft  %steal  %guest  %gnice   %idle
22:45:05     all    1.51    0.00    4.53    0.25    0.00    1.76    0.00    0.00    0.00   91.94
22:45:05       0    2.08    0.00    7.29    0.00    0.00    1.04    0.00    0.00    0.00   89.58
22:45:05       1    0.00    0.00    1.94    0.97    0.00    3.88    0.00    0.00    0.00   93.20
22:45:05       2    1.98    0.00    3.96    0.00    0.00    1.98    0.00    0.00    0.00   92.08
22:45:05       3    2.06    0.00    5.15    0.00    0.00    0.00    0.00    0.00    0.00   92.78

22:45:05     CPU    %usr   %nice    %sys %iowait    %irq   %soft  %steal  %guest  %gnice   %idle
22:45:06     all    2.84    0.00    7.22    0.00    0.00    2.06    0.00    0.00    0.00   87.89
22:45:06       0    8.60    0.00    4.30    0.00    0.00    2.15    0.00    0.00    0.00   84.95
22:45:06       1    0.00    0.00    4.04    0.00    0.00    2.02    0.00    0.00    0.00   93.94
22:45:06       2    2.08    0.00   10.42    0.00    0.00    1.04    0.00    0.00    0.00   86.46
22:45:06       3    1.00    0.00   10.00    0.00    0.00    3.00    0.00    0.00    0.00   86.00

22:45:06     CPU    %usr   %nice    %sys %iowait    %irq   %soft  %steal  %guest  %gnice   %idle
22:45:07     all    1.76    0.00    5.29    0.00    0.00    2.02    0.00    0.00    0.00   90.93
22:45:07       0    3.16    0.00    6.32    0.00    0.00    3.16    0.00    0.00    0.00   87.37
22:45:07       1    0.00    0.00    3.00    0.00    0.00    1.00    0.00    0.00    0.00   96.00
22:45:07       2    1.98    0.00    5.94    0.00    0.00    1.98    0.00    0.00    0.00   90.10
22:45:07       3    1.98    0.00    5.94    0.00    0.00    1.98    0.00    0.00    0.00   90.10

22:45:07     CPU    %usr   %nice    %sys %iowait    %irq   %soft  %steal  %guest  %gnice   %idle
22:45:08     all    2.52    0.00    7.05    0.00    0.00    1.51    0.00    0.00    0.00   88.92
22:45:08       0    4.17    0.00    9.38    0.00    0.00    1.04    0.00    0.00    0.00   85.42
22:45:08       1    1.98    0.00    2.97    0.00    0.00    0.99    0.00    0.00    0.00   94.06
22:45:08       2    1.00    0.00    8.00    0.00    0.00    2.00    0.00    0.00    0.00   89.00
22:45:08       3    3.00    0.00    8.00    0.00    0.00    2.00    0.00    0.00    0.00   87.00

22:45:08     CPU    %usr   %nice    %sys %iowait    %irq   %soft  %steal  %guest  %gnice   %idle
22:45:09     all    1.74    0.00    6.45    0.00    0.00    2.73    0.00    0.00    0.00   89.08
22:45:09       0    3.96    0.00    7.92    0.00    0.00    4.95    0.00    0.00    0.00   83.17
22:45:09       1    0.00    0.00    1.96    0.00    0.00    3.92    0.00    0.00    0.00   94.12
22:45:09       2    1.01    0.00    7.07    0.00    0.00    2.02    0.00    0.00    0.00   89.90
22:45:09       3    1.98    0.00    8.91    0.00    0.00    0.00    0.00    0.00    0.00   89.11

22:45:09     CPU    %usr   %nice    %sys %iowait    %irq   %soft  %steal  %guest  %gnice   %idle
22:45:10     all    3.18    0.00    6.60    0.00    0.00    3.18    0.00    0.00    0.00   87.04
22:45:10       0    6.86    0.00    6.86    0.00    0.00    2.94    0.00    0.00    0.00   83.33
22:45:10       1    0.96    0.00    1.92    0.00    0.00    5.77    0.00    0.00    0.00   91.35
22:45:10       2    3.81    0.00    7.62    0.00    0.00    3.81    0.00    0.00    0.00   84.76
22:45:10       3    1.02    0.00   10.20    0.00    0.00    0.00    0.00    0.00    0.00   88.78

22:45:10     CPU    %usr   %nice    %sys %iowait    %irq   %soft  %steal  %guest  %gnice   %idle
22:45:12     all    1.76    0.00    6.03    0.00    0.00    1.76    0.00    0.00    0.00   90.45
22:45:12       0    3.06    0.00    6.12    0.00    0.00    3.06    0.00    0.00    0.00   87.76
22:45:12       1    0.97    0.00    3.88    0.00    0.00    2.91    0.00    0.00    0.00   92.23
22:45:12       2    0.00    0.00    7.37    0.00    0.00    0.00    0.00    0.00    0.00   92.63
22:45:12       3    2.94    0.00    6.86    0.00    0.00    0.98    0.00    0.00    0.00   89.22

22:45:12     CPU    %usr   %nice    %sys %iowait    %irq   %soft  %steal  %guest  %gnice   %idle
22:45:13     all    2.33    0.00    5.17    0.00    0.00    2.58    0.00    0.00    0.00   89.92
22:45:13       0    5.38    0.00    4.30    0.00    0.00    3.23    0.00    0.00    0.00   87.10
22:45:13       1    0.00    0.00    2.04    0.00    0.00    2.04    0.00    0.00    0.00   95.92
22:45:13       2    2.02    0.00    5.05    0.00    0.00    2.02    0.00    0.00    0.00   90.91
22:45:13       3    2.06    0.00    9.28    0.00    0.00    3.09    0.00    0.00    0.00   85.57

22:45:13     CPU    %usr   %nice    %sys %iowait    %irq   %soft  %steal  %guest  %gnice   %idle
22:45:14     all    1.53    0.00    3.83    0.00    0.00    2.04    0.00    0.00    0.00   92.60
22:45:14       0    4.21    0.00    2.11    0.00    0.00    2.11    0.00    0.00    0.00   91.58
22:45:14       1    0.00    0.00    1.98    0.00    0.00    2.97    0.00    0.00    0.00   95.05
22:45:14       2    2.02    0.00    6.06    0.00    0.00    2.02    0.00    0.00    0.00   89.90
22:45:14       3    0.00    0.00    5.15    0.00    0.00    1.03    0.00    0.00    0.00   93.81

22:45:14     CPU    %usr   %nice    %sys %iowait    %irq   %soft  %steal  %guest  %gnice   %idle
22:45:15     all    1.53    0.00    4.34    0.00    0.00    2.81    0.00    0.00    0.00   91.33
22:45:15       0    4.21    0.00    5.26    0.00    0.00    3.16    0.00    0.00    0.00   87.37
22:45:15       1    0.00    0.00    1.98    0.00    0.00    2.97    0.00    0.00    0.00   95.05
22:45:15       2    0.00    0.00    5.10    0.00    0.00    2.04    0.00    0.00    0.00   92.86
22:45:15       3    2.04    0.00    5.10    0.00    0.00    3.06    0.00    0.00    0.00   89.80

22:45:15     CPU    %usr   %nice    %sys %iowait    %irq   %soft  %steal  %guest  %gnice   %idle
22:45:16     all    1.74    0.00    6.95    0.00    0.00    2.23    0.00    0.00    0.00   89.08
22:45:16       0    3.92    0.00    8.82    0.00    0.00    3.92    0.00    0.00    0.00   83.33
22:45:16       1    0.97    0.00    3.88    0.00    0.00    2.91    0.00    0.00    0.00   92.23
22:45:16       2    1.01    0.00    7.07    0.00    0.00    2.02    0.00    0.00    0.00   89.90
22:45:16       3    1.01    0.00    8.08    0.00    0.00    0.00    0.00    0.00    0.00   90.91

22:45:16     CPU    %usr   %nice    %sys %iowait    %irq   %soft  %steal  %guest  %gnice   %idle
22:45:17     all    2.70    0.00    9.07    0.25    0.00    2.70    0.00    0.00    0.00   85.29
22:45:17       0    6.12    0.00   10.20    0.00    0.00    2.04    0.00    0.00    0.00   81.63
22:45:17       1    0.00    0.00    6.60    0.00    0.00    3.77    0.00    0.00    0.00   89.62
22:45:17       2    1.98    0.00   10.89    0.00    0.00    2.97    0.00    0.00    0.00   84.16
22:45:17       3    2.91    0.00    8.74    0.97    0.00    1.94    0.00    0.00    0.00   85.44

22:45:17     CPU    %usr   %nice    %sys %iowait    %irq   %soft  %steal  %guest  %gnice   %idle
22:45:18     all    2.43    0.00    8.98    0.00    0.00    2.18    0.00    0.00    0.00   86.41
22:45:18       0    3.81    0.00   12.38    0.00    0.00    3.81    0.00    0.00    0.00   80.00
22:45:18       1    0.97    0.00    4.85    0.00    0.00    1.94    0.00    0.00    0.00   92.23
22:45:18       2    2.88    0.00    8.65    0.00    0.00    0.96    0.00    0.00    0.00   87.50
22:45:18       3    2.00    0.00   10.00    0.00    0.00    2.00    0.00    0.00    0.00   86.00

22:45:18     CPU    %usr   %nice    %sys %iowait    %irq   %soft  %steal  %guest  %gnice   %idle
22:45:19     all    1.73    0.00    7.65    0.00    0.00    3.21    0.00    0.00    0.00   87.41
22:45:19       0    5.94    0.00    8.91    0.00    0.00    3.96    0.00    0.00    0.00   81.19
22:45:19       1    0.00    0.00    3.92    0.00    0.00    2.94    0.00    0.00    0.00   93.14
22:45:19       2    0.00    0.00   10.10    0.00    0.00    2.02    0.00    0.00    0.00   87.88
22:45:19       3    0.97    0.00    7.77    0.00    0.00    3.88    0.00    0.00    0.00   87.38

22:45:19     CPU    %usr   %nice    %sys %iowait    %irq   %soft  %steal  %guest  %gnice   %idle
22:45:20     all    1.55    0.00    5.70    0.00    0.00    2.07    0.00    0.00    0.00   90.67
22:45:20       0    2.13    0.00    4.26    0.00    0.00    4.26    0.00    0.00    0.00   89.36
22:45:20       1    0.00    0.00    2.04    0.00    0.00    2.04    0.00    0.00    0.00   95.92
22:45:20       2    2.02    0.00    8.08    0.00    0.00    1.01    0.00    0.00    0.00   88.89
22:45:20       3    2.11    0.00    8.42    0.00    0.00    1.05    0.00    0.00    0.00   88.42

22:45:20     CPU    %usr   %nice    %sys %iowait    %irq   %soft  %steal  %guest  %gnice   %idle
22:45:21     all    2.29    0.00    5.34    0.00    0.00    2.54    0.00    0.00    0.00   89.82
22:45:21       0    6.19    0.00    6.19    0.00    0.00    3.09    0.00    0.00    0.00   84.54
22:45:21       1    0.00    0.00    0.99    0.00    0.00    4.95    0.00    0.00    0.00   94.06
22:45:21       2    2.06    0.00    6.19    0.00    0.00    1.03    0.00    0.00    0.00   90.72
22:45:21       3    1.02    0.00    8.16    0.00    0.00    1.02    0.00    0.00    0.00   89.80

22:45:21     CPU    %usr   %nice    %sys %iowait    %irq   %soft  %steal  %guest  %gnice   %idle
22:45:22     all    2.30    0.00    5.36    0.00    0.00    2.30    0.00    0.00    0.00   90.05
22:45:22       0    4.21    0.00    8.42    0.00    0.00    1.05    0.00    0.00    0.00   86.32
22:45:22       1    0.00    0.00    1.00    0.00    0.00    3.00    0.00    0.00    0.00   96.00
22:45:22       2    3.03    0.00    7.07    0.00    0.00    3.03    0.00    0.00    0.00   86.87
22:45:22       3    2.04    0.00    5.10    0.00    0.00    2.04    0.00    0.00    0.00   90.82

22:45:22     CPU    %usr   %nice    %sys %iowait    %irq   %soft  %steal  %guest  %gnice   %idle
22:45:23     all    2.29    0.00   10.43    0.00    0.00    4.07    0.00    0.00    0.00   83.21
22:45:23       0    4.21    0.00    9.47    0.00    0.00    9.47    0.00    0.00    0.00   76.84
22:45:23       1    1.00    0.00    6.00    0.00    0.00    3.00    0.00    0.00    0.00   90.00
22:45:23       2    3.03    0.00   12.12    0.00    0.00    2.02    0.00    0.00    0.00   82.83
22:45:23       3    1.01    0.00   14.14    0.00    0.00    2.02    0.00    0.00    0.00   82.83

22:45:23     CPU    %usr   %nice    %sys %iowait    %irq   %soft  %steal  %guest  %gnice   %idle
22:45:24     all    2.01    0.00    7.52    0.00    0.00    2.01    0.00    0.00    0.00   88.47
22:45:24       0    4.04    0.00    9.09    0.00    0.00    3.03    0.00    0.00    0.00   83.84
22:45:24       1    0.00    0.00    4.90    0.00    0.00    1.96    0.00    0.00    0.00   93.14
22:45:24       2    3.00    0.00   10.00    0.00    0.00    1.00    0.00    0.00    0.00   86.00
22:45:24       3    1.02    0.00    6.12    0.00    0.00    2.04    0.00    0.00    0.00   90.82

22:45:24     CPU    %usr   %nice    %sys %iowait    %irq   %soft  %steal  %guest  %gnice   %idle
22:45:25     all    2.43    0.00    9.00    0.00    0.00    2.43    0.00    0.00    0.00   86.13
22:45:25       0    4.85    0.00    8.74    0.00    0.00    5.83    0.00    0.00    0.00   80.58
22:45:25       1    0.97    0.00    5.83    0.00    0.00    0.97    0.00    0.00    0.00   92.23
22:45:25       2    1.98    0.00    9.90    0.00    0.00    1.98    0.00    0.00    0.00   86.14
22:45:25       3    1.92    0.00   11.54    0.00    0.00    0.96    0.00    0.00    0.00   85.58

22:45:25     CPU    %usr   %nice    %sys %iowait    %irq   %soft  %steal  %guest  %gnice   %idle
22:45:26     all    3.25    0.00    6.50    0.00    0.00    1.75    0.00    0.00    0.00   88.50
22:45:26       0    7.84    0.00    8.82    0.00    0.00    1.96    0.00    0.00    0.00   81.37
22:45:26       1    0.00    0.00    2.00    0.00    0.00    3.00    0.00    0.00    0.00   95.00
22:45:26       2    2.02    0.00    7.07    0.00    0.00    1.01    0.00    0.00    0.00   89.90
22:45:26       3    3.03    0.00    8.08    0.00    0.00    1.01    0.00    0.00    0.00   87.88

22:45:26     CPU    %usr   %nice    %sys %iowait    %irq   %soft  %steal  %guest  %gnice   %idle
22:45:27     all    2.51    0.00    4.51    0.25    0.00    2.76    0.00    0.00    0.00   89.97
22:45:27       0    6.06    0.00    5.05    0.00    0.00    3.03    0.00    0.00    0.00   85.86
22:45:27       1    0.98    0.00    0.98    0.00    0.00    3.92    0.00    0.00    0.00   94.12
22:45:27       2    1.00    0.00    8.00    0.00    0.00    1.00    0.00    0.00    0.00   90.00
22:45:27       3    2.04    0.00    4.08    1.02    0.00    3.06    0.00    0.00    0.00   89.80

22:45:27     CPU    %usr   %nice    %sys %iowait    %irq   %soft  %steal  %guest  %gnice   %idle
22:45:28     all    2.04    0.00    5.10    0.00    0.00    1.53    0.00    0.00    0.00   91.33
22:45:28       0    6.32    0.00    6.32    0.00    0.00    1.05    0.00    0.00    0.00   86.32
22:45:28       1    0.00    0.00    2.00    0.00    0.00    2.00    0.00    0.00    0.00   96.00
22:45:28       2    2.00    0.00    8.00    0.00    0.00    2.00    0.00    0.00    0.00   88.00
22:45:28       3    0.00    0.00    4.12    0.00    0.00    1.03    0.00    0.00    0.00   94.85

22:45:28     CPU    %usr   %nice    %sys %iowait    %irq   %soft  %steal  %guest  %gnice   %idle
22:45:29     all    1.28    0.00    4.35    0.00    0.00    2.81    0.00    0.00    0.00   91.56
22:45:29       0    3.12    0.00    3.12    0.00    0.00    4.17    0.00    0.00    0.00   89.58
22:45:29       1    0.96    0.00    3.85    0.00    0.00    3.85    0.00    0.00    0.00   91.35
22:45:29       2    1.09    0.00    6.52    0.00    0.00    1.09    0.00    0.00    0.00   91.30
22:45:29       3    0.00    0.00    4.04    0.00    0.00    2.02    0.00    0.00    0.00   93.94

22:45:29     CPU    %usr   %nice    %sys %iowait    %irq   %soft  %steal  %guest  %gnice   %idle
22:45:30     all    1.53    0.00    4.08    0.00    0.00    2.55    0.00    0.00    0.00   91.84
22:45:30       0    4.21    0.00    6.32    0.00    0.00    4.21    0.00    0.00    0.00   85.26
22:45:30       1    0.00    0.00    0.97    0.00    0.00    3.88    0.00    0.00    0.00   95.15
22:45:30       2    1.04    0.00    4.17    0.00    0.00    0.00    0.00    0.00    0.00   94.79
22:45:30       3    1.02    0.00    5.10    0.00    0.00    2.04    0.00    0.00    0.00   91.84

22:45:30     CPU    %usr   %nice    %sys %iowait    %irq   %soft  %steal  %guest  %gnice   %idle
22:45:31     all    2.00    0.00    6.00    0.00    0.00    2.00    0.00    0.00    0.00   90.00
22:45:31       0    4.08    0.00   11.22    0.00    0.00    3.06    0.00    0.00    0.00   81.63
22:45:31       1    0.97    0.00    0.97    0.00    0.00    3.88    0.00    0.00    0.00   94.17
22:45:31       2    1.00    0.00    6.00    0.00    0.00    1.00    0.00    0.00    0.00   92.00
22:45:31       3    2.02    0.00    6.06    0.00    0.00    0.00    0.00    0.00    0.00   91.92

22:45:31     CPU    %usr   %nice    %sys %iowait    %irq   %soft  %steal  %guest  %gnice   %idle
22:45:32     all    1.95    0.00    6.83    0.00    0.00    2.20    0.00    0.00    0.00   89.02
22:45:32       0    3.00    0.00    7.00    0.00    0.00    2.00    0.00    0.00    0.00   88.00
22:45:32       1    0.96    0.00    2.88    0.00    0.00    3.85    0.00    0.00    0.00   92.31
22:45:32       2    2.83    0.00   11.32    0.00    0.00    0.94    0.00    0.00    0.00   84.91
22:45:32       3    1.00    0.00    6.00    0.00    0.00    2.00    0.00    0.00    0.00   91.00

22:45:32     CPU    %usr   %nice    %sys %iowait    %irq   %soft  %steal  %guest  %gnice   %idle
22:45:33     all    1.72    0.00    7.35    0.00    0.00    2.94    0.00    0.00    0.00   87.99
22:45:33       0    4.76    0.00    9.52    0.00    0.00    4.76    0.00    0.00    0.00   80.95
22:45:33       1    0.00    0.00    4.85    0.00    0.00    2.91    0.00    0.00    0.00   92.23
22:45:33       2    1.02    0.00    8.16    0.00    0.00    1.02    0.00    0.00    0.00   89.80
22:45:33       3    0.98    0.00    6.86    0.00    0.00    2.94    0.00    0.00    0.00   89.22

22:45:33     CPU    %usr   %nice    %sys %iowait    %irq   %soft  %steal  %guest  %gnice   %idle
22:45:34     all    1.74    0.00    5.97    0.00    0.00    2.49    0.00    0.00    0.00   89.80
22:45:34       0    4.17    0.00    5.21    0.00    0.00    3.12    0.00    0.00    0.00   87.50
22:45:34       1    0.96    0.00    1.92    0.00    0.00    4.81    0.00    0.00    0.00   92.31
22:45:34       2    0.99    0.00    9.90    0.00    0.00    0.00    0.00    0.00    0.00   89.11
22:45:34       3    0.99    0.00    6.93    0.00    0.00    1.98    0.00    0.00    0.00   90.10

22:45:34     CPU    %usr   %nice    %sys %iowait    %irq   %soft  %steal  %guest  %gnice   %idle
22:45:35     all    1.28    0.00    3.85    0.00    0.00    2.05    0.00    0.00    0.00   92.82
22:45:35       0    4.17    0.00    4.17    0.00    0.00    2.08    0.00    0.00    0.00   89.58
22:45:35       1    0.00    0.00    2.94    0.00    0.00    3.92    0.00    0.00    0.00   93.14
22:45:35       2    0.00    0.00    2.11    0.00    0.00    2.11    0.00    0.00    0.00   95.79
22:45:35       3    1.03    0.00    6.19    0.00    0.00    0.00    0.00    0.00    0.00   92.78

22:45:35     CPU    %usr   %nice    %sys %iowait    %irq   %soft  %steal  %guest  %gnice   %idle
22:45:36     all    2.04    0.00    4.08    0.00    0.00    2.55    0.00    0.00    0.00   91.33
22:45:36       0    5.38    0.00    6.45    0.00    0.00    2.15    0.00    0.00    0.00   86.02
22:45:36       1    0.00    0.00    0.97    0.00    0.00    3.88    0.00    0.00    0.00   95.15
22:45:36       2    1.01    0.00    4.04    0.00    0.00    3.03    0.00    0.00    0.00   91.92
22:45:36       3    2.06    0.00    5.15    0.00    0.00    1.03    0.00    0.00    0.00   91.75

22:45:36     CPU    %usr   %nice    %sys %iowait    %irq   %soft  %steal  %guest  %gnice   %idle
22:45:37     all    1.03    0.00    3.88    0.26    0.00    1.29    0.00    0.00    0.00   93.54
22:45:37       0    3.33    0.00    5.56    0.00    0.00    0.00    0.00    0.00    0.00   91.11
22:45:37       1    0.00    0.00    0.00    0.00    0.00    3.96    0.00    0.00    0.00   96.04
22:45:37       2    1.03    0.00    2.06    0.00    0.00    1.03    0.00    0.00    0.00   95.88
22:45:37       3    0.00    0.00    8.08    1.01    0.00    0.00    0.00    0.00    0.00   90.91

22:45:37     CPU    %usr   %nice    %sys %iowait    %irq   %soft  %steal  %guest  %gnice   %idle
22:45:38     all    1.52    0.00    4.06    0.00    0.00    2.54    0.00    0.00    0.00   91.88
22:45:38       0    2.15    0.00    4.30    0.00    0.00    3.23    0.00    0.00    0.00   90.32
22:45:38       1    0.99    0.00    1.98    0.00    0.00    0.99    0.00    0.00    0.00   96.04
22:45:38       2    0.99    0.00    6.93    0.00    0.00    1.98    0.00    0.00    0.00   90.10
22:45:38       3    2.02    0.00    3.03    0.00    0.00    4.04    0.00    0.00    0.00   90.91

22:45:38     CPU    %usr   %nice    %sys %iowait    %irq   %soft  %steal  %guest  %gnice   %idle
22:45:39     all    2.44    0.00    6.10    0.00    0.00    3.41    0.00    0.00    0.00   88.05
22:45:39       0    4.85    0.00    8.74    0.00    0.00    3.88    0.00    0.00    0.00   82.52
22:45:39       1    0.00    0.00    2.88    0.00    0.00    4.81    0.00    0.00    0.00   92.31
22:45:39       2    1.96    0.00    6.86    0.00    0.00    1.96    0.00    0.00    0.00   89.22
22:45:39       3    2.97    0.00    5.94    0.00    0.00    2.97    0.00    0.00    0.00   88.12

22:45:39     CPU    %usr   %nice    %sys %iowait    %irq   %soft  %steal  %guest  %gnice   %idle
22:45:40     all    1.21    0.00    7.52    0.00    0.00    2.18    0.00    0.00    0.00   89.08
22:45:40       0    3.85    0.00   10.58    0.00    0.00    1.92    0.00    0.00    0.00   83.65
22:45:40       1    0.00    0.00    4.76    0.00    0.00    3.81    0.00    0.00    0.00   91.43
22:45:40       2    0.00    0.00    7.84    0.00    0.00    1.96    0.00    0.00    0.00   90.20
22:45:40       3    0.99    0.00    6.93    0.00    0.00    0.99    0.00    0.00    0.00   91.09

22:45:40     CPU    %usr   %nice    %sys %iowait    %irq   %soft  %steal  %guest  %gnice   %idle
22:45:41     all    1.47    0.00    6.88    0.00    0.00    2.95    0.00    0.00    0.00   88.70
22:45:41       0    2.88    0.00   11.54    0.00    0.00    4.81    0.00    0.00    0.00   80.77
22:45:41       1    0.00    0.00    0.96    0.00    0.00    5.77    0.00    0.00    0.00   93.27
22:45:41       2    0.99    0.00    7.92    0.00    0.00    0.99    0.00    0.00    0.00   90.10
22:45:41       3    2.04    0.00    7.14    0.00    0.00    0.00    0.00    0.00    0.00   90.82

22:45:41     CPU    %usr   %nice    %sys %iowait    %irq   %soft  %steal  %guest  %gnice   %idle
22:45:42     all    1.52    0.00    5.32    0.25    0.00    3.54    0.00    0.00    0.00   89.37
22:45:42       0    4.04    0.00    7.07    0.00    0.00    6.06    0.00    0.00    0.00   82.83
22:45:42       1    0.95    0.00    2.86    0.95    0.00    5.71    0.00    0.00    0.00   89.52
22:45:42       2    1.04    0.00    4.17    0.00    0.00    0.00    0.00    0.00    0.00   94.79
22:45:42       3    0.00    0.00    7.37    0.00    0.00    2.11    0.00    0.00    0.00   90.53

22:45:42     CPU    %usr   %nice    %sys %iowait    %irq   %soft  %steal  %guest  %gnice   %idle
22:45:43     all    1.27    0.00    5.06    0.00    0.00    3.04    0.00    0.00    0.00   90.63
22:45:43       0    2.08    0.00    7.29    0.00    0.00    3.12    0.00    0.00    0.00   87.50
22:45:43       1    0.00    0.00    0.95    0.00    0.00    7.62    0.00    0.00    0.00   91.43
22:45:43       2    1.03    0.00    6.19    0.00    0.00    1.03    0.00    0.00    0.00   91.75
22:45:43       3    2.06    0.00    6.19    0.00    0.00    0.00    0.00    0.00    0.00   91.75

22:45:43     CPU    %usr   %nice    %sys %iowait    %irq   %soft  %steal  %guest  %gnice   %idle
22:45:44     all    0.51    0.00    3.58    0.00    0.00    1.53    0.00    0.00    0.00   94.37
22:45:44       0    2.13    0.00    5.32    0.00    0.00    1.06    0.00    0.00    0.00   91.49
22:45:44       1    0.00    0.00    2.00    0.00    0.00    1.00    0.00    0.00    0.00   97.00
22:45:44       2    0.00    0.00    3.06    0.00    0.00    2.04    0.00    0.00    0.00   94.90
22:45:44       3    0.00    0.00    4.04    0.00    0.00    2.02    0.00    0.00    0.00   93.94

22:45:44     CPU    %usr   %nice    %sys %iowait    %irq   %soft  %steal  %guest  %gnice   %idle
22:45:45     all    1.77    0.00    5.32    0.00    0.00    2.03    0.00    0.00    0.00   90.89
22:45:45       0    3.23    0.00    5.38    0.00    0.00    3.23    0.00    0.00    0.00   88.17
22:45:45       1    0.97    0.00    0.97    0.00    0.00    4.85    0.00    0.00    0.00   93.20
22:45:45       2    0.00    0.00    7.22    0.00    0.00    0.00    0.00    0.00    0.00   92.78
22:45:45       3    2.94    0.00    7.84    0.00    0.00    0.00    0.00    0.00    0.00   89.22

22:45:45     CPU    %usr   %nice    %sys %iowait    %irq   %soft  %steal  %guest  %gnice   %idle
22:45:46     all    0.75    0.00    2.76    0.00    0.00    2.26    0.00    0.00    0.00   94.24
22:45:46       0    1.02    0.00    4.08    0.00    0.00    3.06    0.00    0.00    0.00   91.84
22:45:46       1    0.00    0.00    0.00    0.00    0.00    4.85    0.00    0.00    0.00   95.15
22:45:46       2    1.03    0.00    3.09    0.00    0.00    0.00    0.00    0.00    0.00   95.88
22:45:46       3    0.99    0.00    3.96    0.00    0.00    0.99    0.00    0.00    0.00   94.06
