Linux 6.6.87.2-microsoft-standard-WSL2 (Udeepa-ASUS) 	04/15/26 	_x86_64_	(4 CPU)

23:17:33     CPU    %usr   %nice    %sys %iowait    %irq   %soft  %steal  %guest  %gnice   %idle
23:17:34     all    1.55    0.00    8.79    0.00    0.00    2.84    0.00    0.00    0.00   86.82
23:17:34       0    0.00    0.00    8.00    0.00    0.00   11.00    0.00    0.00    0.00   81.00
23:17:34       1    0.00    0.00   12.50    0.00    0.00    0.00    0.00    0.00    0.00   87.50
23:17:34       2    4.12    0.00    6.19    0.00    0.00    0.00    0.00    0.00    0.00   89.69
23:17:34       3    2.13    0.00    8.51    0.00    0.00    0.00    0.00    0.00    0.00   89.36

23:17:34     CPU    %usr   %nice    %sys %iowait    %irq   %soft  %steal  %guest  %gnice   %idle
23:17:35     all    2.47    0.00   10.62    0.00    0.00    3.95    0.00    0.00    0.00   82.96
23:17:35       0    3.85    0.00    8.65    0.00    0.00   12.50    0.00    0.00    0.00   75.00
23:17:35       1    3.96    0.00   10.89    0.00    0.00    0.99    0.00    0.00    0.00   84.16
23:17:35       2    2.04    0.00   11.22    0.00    0.00    0.00    0.00    0.00    0.00   86.73
23:17:35       3    0.00    0.00   11.76    0.00    0.00    1.96    0.00    0.00    0.00   86.27

23:17:35     CPU    %usr   %nice    %sys %iowait    %irq   %soft  %steal  %guest  %gnice   %idle
23:17:36     all    1.48    0.00   11.36    0.00    0.00    5.19    0.00    0.00    0.00   81.98
23:17:36       0    1.79    0.00    9.82    0.00    0.00   18.75    0.00    0.00    0.00   69.64
23:17:36       1    0.00    0.00   11.00    0.00    0.00    0.00    0.00    0.00    0.00   89.00
23:17:36       2    2.08    0.00   15.62    0.00    0.00    0.00    0.00    0.00    0.00   82.29
23:17:36       3    2.06    0.00    9.28    0.00    0.00    0.00    0.00    0.00    0.00   88.66

23:17:36     CPU    %usr   %nice    %sys %iowait    %irq   %soft  %steal  %guest  %gnice   %idle
23:17:37     all    3.01    0.00   10.93    0.00    0.00    7.65    0.00    0.00    0.00   78.42
23:17:37       0    5.56    0.00    8.33    0.00    0.00   25.93    0.00    0.00    0.00   60.19
23:17:37       1    0.00    0.00   13.25    0.00    0.00    0.00    0.00    0.00    0.00   86.75
23:17:37       2    3.37    0.00   13.48    0.00    0.00    0.00    0.00    0.00    0.00   83.15
23:17:37       3    2.33    0.00    9.30    0.00    0.00    0.00    0.00    0.00    0.00   88.37

23:17:37     CPU    %usr   %nice    %sys %iowait    %irq   %soft  %steal  %guest  %gnice   %idle
23:17:38     all    3.13    0.00   12.54    0.00    0.00    5.70    0.00    0.00    0.00   78.63
23:17:38       0    3.06    0.00   12.24    0.00    0.00   19.39    0.00    0.00    0.00   65.31
23:17:38       1    4.49    0.00   16.85    0.00    0.00    0.00    0.00    0.00    0.00   78.65
23:17:38       2    2.50    0.00   10.00    0.00    0.00    0.00    0.00    0.00    0.00   87.50
23:17:38       3    2.38    0.00   10.71    0.00    0.00    1.19    0.00    0.00    0.00   85.71

23:17:38     CPU    %usr   %nice    %sys %iowait    %irq   %soft  %steal  %guest  %gnice   %idle
23:17:39     all    4.02    0.00   11.78    0.00    0.00    6.61    0.00    0.00    0.00   77.59
23:17:39       0    4.08    0.00   11.22    0.00    0.00   20.41    0.00    0.00    0.00   64.29
23:17:39       1    2.47    0.00   12.35    0.00    0.00    1.23    0.00    0.00    0.00   83.95
23:17:39       2    4.82    0.00   12.05    0.00    0.00    1.20    0.00    0.00    0.00   81.93
23:17:39       3    4.65    0.00   11.63    0.00    0.00    1.16    0.00    0.00    0.00   82.56

23:17:39     CPU    %usr   %nice    %sys %iowait    %irq   %soft  %steal  %guest  %gnice   %idle
23:17:40     all    8.77    0.00   26.30    0.00    0.00    8.49    0.00    0.00    0.00   56.44
23:17:40       0    7.29    0.00   20.83    0.00    0.00   21.88    0.00    0.00    0.00   50.00
23:17:40       1   11.83    0.00   27.96    0.00    0.00    4.30    0.00    0.00    0.00   55.91
23:17:40       2    7.78    0.00   30.00    0.00    0.00    4.44    0.00    0.00    0.00   57.78
23:17:40       3    8.14    0.00   26.74    0.00    0.00    2.33    0.00    0.00    0.00   62.79

23:17:40     CPU    %usr   %nice    %sys %iowait    %irq   %soft  %steal  %guest  %gnice   %idle
23:17:41     all   10.19    0.00   32.71    0.27    0.00   10.72    0.00    0.00    0.00   46.11
23:17:41       0    7.69    0.00   26.92    0.00    0.00   27.88    0.00    0.00    0.00   37.50
23:17:41       1   14.44    0.00   34.44    0.00    0.00    3.33    0.00    0.00    0.00   47.78
23:17:41       2    8.99    0.00   33.71    0.00    0.00    4.49    0.00    0.00    0.00   52.81
23:17:41       3   10.00    0.00   36.67    1.11    0.00    4.44    0.00    0.00    0.00   47.78

23:17:41     CPU    %usr   %nice    %sys %iowait    %irq   %soft  %steal  %guest  %gnice   %idle
23:17:42     all   12.05    0.00   39.49    0.00    0.00    9.74    0.00    0.00    0.00   38.72
23:17:42       0    9.52    0.00   35.24    0.00    0.00   20.95    0.00    0.00    0.00   34.29
23:17:42       1   13.54    0.00   41.67    0.00    0.00    6.25    0.00    0.00    0.00   38.54
23:17:42       2   11.70    0.00   39.36    0.00    0.00    5.32    0.00    0.00    0.00   43.62
23:17:42       3   13.68    0.00   42.11    0.00    0.00    5.26    0.00    0.00    0.00   38.95

23:17:42     CPU    %usr   %nice    %sys %iowait    %irq   %soft  %steal  %guest  %gnice   %idle
23:17:43     all   11.32    0.00   35.53    0.00    0.00   10.53    0.00    0.00    0.00   42.63
23:17:43       0   11.01    0.00   30.28    0.00    0.00   22.02    0.00    0.00    0.00   36.70
23:17:43       1   11.36    0.00   37.50    0.00    0.00    4.55    0.00    0.00    0.00   46.59
23:17:43       2   10.11    0.00   37.08    0.00    0.00    6.74    0.00    0.00    0.00   46.07
23:17:43       3   12.77    0.00   38.30    0.00    0.00    6.38    0.00    0.00    0.00   42.55

23:17:43     CPU    %usr   %nice    %sys %iowait    %irq   %soft  %steal  %guest  %gnice   %idle
23:17:44     all   10.14    0.00   31.51    0.00    0.00   10.41    0.00    0.00    0.00   47.95
23:17:44       0   12.00    0.00   26.00    0.00    0.00   21.00    0.00    0.00    0.00   41.00
23:17:44       1    8.51    0.00   36.17    0.00    0.00    8.51    0.00    0.00    0.00   46.81
23:17:44       2    9.30    0.00   31.40    0.00    0.00    5.81    0.00    0.00    0.00   53.49
23:17:44       3   10.59    0.00   32.94    0.00    0.00    4.71    0.00    0.00    0.00   51.76

23:17:44     CPU    %usr   %nice    %sys %iowait    %irq   %soft  %steal  %guest  %gnice   %idle
23:17:45     all    9.87    0.00   30.93    0.00    0.00   10.67    0.00    0.00    0.00   48.53
23:17:45       0    9.09    0.00   24.24    0.00    0.00   23.23    0.00    0.00    0.00   43.43
23:17:45       1   10.00    0.00   30.00    0.00    0.00    7.78    0.00    0.00    0.00   52.22
23:17:45       2    9.68    0.00   38.71    0.00    0.00    3.23    0.00    0.00    0.00   48.39
23:17:45       3   10.75    0.00   31.18    0.00    0.00    7.53    0.00    0.00    0.00   50.54

23:17:45     CPU    %usr   %nice    %sys %iowait    %irq   %soft  %steal  %guest  %gnice   %idle
23:17:46     all   10.03    0.00   35.36    0.00    0.00    8.97    0.00    0.00    0.00   45.65
23:17:46       0   10.58    0.00   31.73    0.00    0.00   19.23    0.00    0.00    0.00   38.46
23:17:46       1   10.99    0.00   35.16    0.00    0.00    4.40    0.00    0.00    0.00   49.45
23:17:46       2    9.78    0.00   41.30    0.00    0.00    3.26    0.00    0.00    0.00   45.65
23:17:46       3    8.70    0.00   33.70    0.00    0.00    7.61    0.00    0.00    0.00   50.00

23:17:46     CPU    %usr   %nice    %sys %iowait    %irq   %soft  %steal  %guest  %gnice   %idle
23:17:47     all    7.78    0.00   23.06    0.00    0.00    7.78    0.00    0.00    0.00   61.39
23:17:47       0    7.00    0.00   21.00    0.00    0.00   21.00    0.00    0.00    0.00   51.00
23:17:47       1   11.24    0.00   21.35    0.00    0.00    2.25    0.00    0.00    0.00   65.17
23:17:47       2    7.06    0.00   24.71    0.00    0.00    2.35    0.00    0.00    0.00   65.88
23:17:47       3    5.81    0.00   25.58    0.00    0.00    3.49    0.00    0.00    0.00   65.12

23:17:47     CPU    %usr   %nice    %sys %iowait    %irq   %soft  %steal  %guest  %gnice   %idle
23:17:48     all    2.94    0.00   18.72    0.27    0.00    4.81    0.00    0.00    0.00   73.26
23:17:48       0    2.06    0.00   19.59    0.00    0.00   11.34    0.00    0.00    0.00   67.01
23:17:48       1    1.10    0.00   18.68    0.00    0.00    3.30    0.00    0.00    0.00   76.92
23:17:48       2    5.21    0.00   20.83    0.00    0.00    2.08    0.00    0.00    0.00   71.88
23:17:48       3    3.33    0.00   15.56    1.11    0.00    2.22    0.00    0.00    0.00   77.78

23:17:48     CPU    %usr   %nice    %sys %iowait    %irq   %soft  %steal  %guest  %gnice   %idle
23:17:49     all    9.95    0.00   30.38    0.00    0.00    5.91    0.00    0.00    0.00   53.76
23:17:49       0    8.42    0.00   29.47    0.00    0.00   10.53    0.00    0.00    0.00   51.58
23:17:49       1   11.46    0.00   31.25    0.00    0.00    5.21    0.00    0.00    0.00   52.08
23:17:49       2   12.09    0.00   29.67    0.00    0.00    3.30    0.00    0.00    0.00   54.95
23:17:49       3    7.78    0.00   31.11    0.00    0.00    4.44    0.00    0.00    0.00   56.67

23:17:49     CPU    %usr   %nice    %sys %iowait    %irq   %soft  %steal  %guest  %gnice   %idle
23:17:50     all    5.67    0.00   17.27    0.00    0.00    4.12    0.00    0.00    0.00   72.94
23:17:50       0    6.19    0.00   17.53    0.00    0.00    3.09    0.00    0.00    0.00   73.20
23:17:50       1    6.12    0.00   17.35    0.00    0.00    5.10    0.00    0.00    0.00   71.43
23:17:50       2    4.26    0.00   15.96    0.00    0.00    4.26    0.00    0.00    0.00   75.53
23:17:50       3    6.06    0.00   18.18    0.00    0.00    4.04    0.00    0.00    0.00   71.72

23:17:50     CPU    %usr   %nice    %sys %iowait    %irq   %soft  %steal  %guest  %gnice   %idle
23:17:51     all    7.35    0.00   19.95    0.00    0.00    3.15    0.00    0.00    0.00   69.55
23:17:51       0    7.22    0.00   20.62    0.00    0.00    3.09    0.00    0.00    0.00   69.07
23:17:51       1    8.42    0.00   18.95    0.00    0.00    2.11    0.00    0.00    0.00   70.53
23:17:51       2    8.42    0.00   18.95    0.00    0.00    4.21    0.00    0.00    0.00   68.42
23:17:51       3    5.32    0.00   21.28    0.00    0.00    3.19    0.00    0.00    0.00   70.21

23:17:51     CPU    %usr   %nice    %sys %iowait    %irq   %soft  %steal  %guest  %gnice   %idle
23:17:52     all    5.57    0.00   24.67    0.00    0.00    5.84    0.00    0.00    0.00   63.93
23:17:52       0    3.26    0.00   26.09    0.00    0.00    5.43    0.00    0.00    0.00   65.22
23:17:52       1    7.37    0.00   22.11    0.00    0.00    6.32    0.00    0.00    0.00   64.21
23:17:52       2    4.30    0.00   24.73    0.00    0.00    5.38    0.00    0.00    0.00   65.59
23:17:52       3    7.22    0.00   25.77    0.00    0.00    6.19    0.00    0.00    0.00   60.82

23:17:52     CPU    %usr   %nice    %sys %iowait    %irq   %soft  %steal  %guest  %gnice   %idle
23:17:53     all    4.68    0.00   16.75    0.00    0.00    2.71    0.00    0.00    0.00   75.86
23:17:53       0    4.95    0.00   15.84    0.00    0.00    2.97    0.00    0.00    0.00   76.24
23:17:53       1    3.96    0.00   18.81    0.00    0.00    1.98    0.00    0.00    0.00   75.25
23:17:53       2    6.73    0.00   16.35    0.00    0.00    2.88    0.00    0.00    0.00   74.04
23:17:53       3    3.00    0.00   16.00    0.00    0.00    3.00    0.00    0.00    0.00   78.00

23:17:53     CPU    %usr   %nice    %sys %iowait    %irq   %soft  %steal  %guest  %gnice   %idle
23:17:54     all    4.09    0.00   15.62    0.00    0.00    3.85    0.00    0.00    0.00   76.44
23:17:54       0    3.81    0.00   18.10    0.00    0.00    3.81    0.00    0.00    0.00   74.29
23:17:54       1    6.60    0.00   10.38    0.00    0.00    7.55    0.00    0.00    0.00   75.47
23:17:54       2    2.94    0.00   15.69    0.00    0.00    2.94    0.00    0.00    0.00   78.43
23:17:54       3    2.91    0.00   18.45    0.00    0.00    0.97    0.00    0.00    0.00   77.67

23:17:54     CPU    %usr   %nice    %sys %iowait    %irq   %soft  %steal  %guest  %gnice   %idle
23:17:55     all    6.51    0.00   24.22    0.00    0.00    4.17    0.00    0.00    0.00   65.10
23:17:55       0    6.59    0.00   21.98    0.00    0.00    3.30    0.00    0.00    0.00   68.13
23:17:55       1    7.29    0.00   23.96    0.00    0.00    4.17    0.00    0.00    0.00   64.58
23:17:55       2    5.21    0.00   22.92    0.00    0.00    6.25    0.00    0.00    0.00   65.62
23:17:55       3    6.93    0.00   27.72    0.00    0.00    2.97    0.00    0.00    0.00   62.38

23:17:55     CPU    %usr   %nice    %sys %iowait    %irq   %soft  %steal  %guest  %gnice   %idle
23:17:56     all    7.62    0.00   22.17    0.00    0.00    3.00    0.00    0.00    0.00   67.21
23:17:56       0    7.27    0.00   22.73    0.00    0.00    3.64    0.00    0.00    0.00   66.36
23:17:56       1    8.65    0.00   20.19    0.00    0.00    2.88    0.00    0.00    0.00   68.27
23:17:56       2    7.96    0.00   23.89    0.00    0.00    2.65    0.00    0.00    0.00   65.49
23:17:56       3    6.60    0.00   21.70    0.00    0.00    2.83    0.00    0.00    0.00   68.87

23:17:56     CPU    %usr   %nice    %sys %iowait    %irq   %soft  %steal  %guest  %gnice   %idle
23:17:57     all    5.96    0.00   22.98    0.00    0.00    3.62    0.00    0.00    0.00   67.45
23:17:57       0    4.96    0.00   26.45    0.00    0.00    3.31    0.00    0.00    0.00   65.29
23:17:57       1    6.09    0.00   21.74    0.00    0.00    3.48    0.00    0.00    0.00   68.70
23:17:57       2    5.98    0.00   22.22    0.00    0.00    4.27    0.00    0.00    0.00   67.52
23:17:57       3    6.84    0.00   21.37    0.00    0.00    3.42    0.00    0.00    0.00   68.38

23:17:57     CPU    %usr   %nice    %sys %iowait    %irq   %soft  %steal  %guest  %gnice   %idle
23:17:58     all    7.20    0.00   26.93    0.27    0.00    5.33    0.00    0.00    0.00   60.27
23:17:58       0    7.53    0.00   29.03    0.00    0.00    5.38    0.00    0.00    0.00   58.06
23:17:58       1    5.38    0.00   22.58    1.08    0.00    7.53    0.00    0.00    0.00   63.44
23:17:58       2    8.42    0.00   25.26    0.00    0.00    3.16    0.00    0.00    0.00   63.16
23:17:58       3    7.45    0.00   30.85    0.00    0.00    5.32    0.00    0.00    0.00   56.38

23:17:58     CPU    %usr   %nice    %sys %iowait    %irq   %soft  %steal  %guest  %gnice   %idle
23:17:59     all   10.24    0.00   34.38    0.00    0.00    7.09    0.00    0.00    0.00   48.29
23:17:59       0   11.96    0.00   31.52    0.00    0.00    7.61    0.00    0.00    0.00   48.91
23:17:59       1    7.22    0.00   38.14    0.00    0.00    7.22    0.00    0.00    0.00   47.42
23:17:59       2   13.40    0.00   32.99    0.00    0.00    5.15    0.00    0.00    0.00   48.45
23:17:59       3    8.42    0.00   34.74    0.00    0.00    8.42    0.00    0.00    0.00   48.42

23:17:59     CPU    %usr   %nice    %sys %iowait    %irq   %soft  %steal  %guest  %gnice   %idle
23:18:00     all    7.73    0.00   24.82    0.00    0.00    4.45    0.00    0.00    0.00   63.00
23:18:00       0    6.54    0.00   25.23    0.00    0.00    5.61    0.00    0.00    0.00   62.62
23:18:00       1    6.80    0.00   23.30    0.00    0.00    3.88    0.00    0.00    0.00   66.02
23:18:00       2    8.33    0.00   25.00    0.00    0.00    4.63    0.00    0.00    0.00   62.04
23:18:00       3    9.17    0.00   25.69    0.00    0.00    3.67    0.00    0.00    0.00   61.47

23:18:00     CPU    %usr   %nice    %sys %iowait    %irq   %soft  %steal  %guest  %gnice   %idle
23:18:01     all    6.96    0.00   24.06    0.00    0.00    3.78    0.00    0.00    0.00   65.21
23:18:01       0    7.14    0.00   23.81    0.00    0.00    3.97    0.00    0.00    0.00   65.08
23:18:01       1    5.74    0.00   22.95    0.00    0.00    4.10    0.00    0.00    0.00   67.21
23:18:01       2    8.59    0.00   24.22    0.00    0.00    3.12    0.00    0.00    0.00   64.06
23:18:01       3    6.30    0.00   25.20    0.00    0.00    3.94    0.00    0.00    0.00   64.57

23:18:01     CPU    %usr   %nice    %sys %iowait    %irq   %soft  %steal  %guest  %gnice   %idle
23:18:02     all    8.62    0.00   23.71    0.00    0.00    4.74    0.00    0.00    0.00   62.93
23:18:02       0   10.08    0.00   24.37    0.00    0.00    5.04    0.00    0.00    0.00   60.50
23:18:02       1    9.82    0.00   19.64    0.00    0.00    5.36    0.00    0.00    0.00   65.18
23:18:02       2    5.22    0.00   26.96    0.00    0.00    3.48    0.00    0.00    0.00   64.35
23:18:02       3    9.32    0.00   23.73    0.00    0.00    5.08    0.00    0.00    0.00   61.86

23:18:02     CPU    %usr   %nice    %sys %iowait    %irq   %soft  %steal  %guest  %gnice   %idle
23:18:03     all    9.07    0.00   35.49    0.00    0.00    7.51    0.00    0.00    0.00   47.93
23:18:03       0    9.09    0.00   35.35    0.00    0.00    8.08    0.00    0.00    0.00   47.47
23:18:03       1    9.09    0.00   35.35    0.00    0.00   10.10    0.00    0.00    0.00   45.45
23:18:03       2    6.38    0.00   39.36    0.00    0.00    8.51    0.00    0.00    0.00   45.74
23:18:03       3   11.70    0.00   31.91    0.00    0.00    3.19    0.00    0.00    0.00   53.19

23:18:03     CPU    %usr   %nice    %sys %iowait    %irq   %soft  %steal  %guest  %gnice   %idle
23:18:04     all   12.44    0.00   37.82    0.00    0.00    6.48    0.00    0.00    0.00   43.26
23:18:04       0    9.90    0.00   40.59    0.00    0.00    7.92    0.00    0.00    0.00   41.58
23:18:04       1   14.58    0.00   36.46    0.00    0.00    5.21    0.00    0.00    0.00   43.75
23:18:04       2   11.46    0.00   38.54    0.00    0.00    7.29    0.00    0.00    0.00   42.71
23:18:04       3   13.98    0.00   35.48    0.00    0.00    5.38    0.00    0.00    0.00   45.16

23:18:04     CPU    %usr   %nice    %sys %iowait    %irq   %soft  %steal  %guest  %gnice   %idle
23:18:05     all    9.74    0.00   32.54    0.00    0.00    5.70    0.00    0.00    0.00   52.02
23:18:05       0    9.43    0.00   31.13    0.00    0.00    5.66    0.00    0.00    0.00   53.77
23:18:05       1   10.58    0.00   31.73    0.00    0.00    6.73    0.00    0.00    0.00   50.96
23:18:05       2    6.67    0.00   36.19    0.00    0.00    5.71    0.00    0.00    0.00   51.43
23:18:05       3   12.26    0.00   31.13    0.00    0.00    4.72    0.00    0.00    0.00   51.89

23:18:05     CPU    %usr   %nice    %sys %iowait    %irq   %soft  %steal  %guest  %gnice   %idle
23:18:06     all    9.07    0.00   25.53    0.00    0.00    3.16    0.00    0.00    0.00   62.24
23:18:06       0    7.76    0.00   26.72    0.00    0.00    3.45    0.00    0.00    0.00   62.07
23:18:06       1    9.24    0.00   24.37    0.00    0.00    4.20    0.00    0.00    0.00   62.18
23:18:06       2   11.57    0.00   23.97    0.00    0.00    2.48    0.00    0.00    0.00   61.98
23:18:06       3    7.63    0.00   27.12    0.00    0.00    2.54    0.00    0.00    0.00   62.71

23:18:06     CPU    %usr   %nice    %sys %iowait    %irq   %soft  %steal  %guest  %gnice   %idle
23:18:07     all   10.07    0.00   30.70    0.00    0.00    7.43    0.00    0.00    0.00   51.80
23:18:07       0   11.11    0.00   31.48    0.00    0.00    7.41    0.00    0.00    0.00   50.00
23:18:07       1    8.33    0.00   31.48    0.00    0.00   10.19    0.00    0.00    0.00   50.00
23:18:07       2   11.65    0.00   27.18    0.00    0.00    7.77    0.00    0.00    0.00   53.40
23:18:07       3    9.18    0.00   32.65    0.00    0.00    4.08    0.00    0.00    0.00   54.08

23:18:07     CPU    %usr   %nice    %sys %iowait    %irq   %soft  %steal  %guest  %gnice   %idle
23:18:08     all    9.21    0.00   25.10    0.21    0.00    3.97    0.00    0.00    0.00   61.51
23:18:08       0    7.76    0.00   26.72    0.00    0.00    2.59    0.00    0.00    0.00   62.93
23:18:08       1   10.57    0.00   25.20    0.81    0.00    3.25    0.00    0.00    0.00   60.16
23:18:08       2    8.33    0.00   25.00    0.00    0.00    5.00    0.00    0.00    0.00   61.67
23:18:08       3   10.08    0.00   23.53    0.00    0.00    5.04    0.00    0.00    0.00   61.34

23:18:08     CPU    %usr   %nice    %sys %iowait    %irq   %soft  %steal  %guest  %gnice   %idle
23:18:09     all   12.03    0.00   27.59    0.00    0.00    5.42    0.00    0.00    0.00   54.95
23:18:09       0   14.55    0.00   27.27    0.00    0.00    5.45    0.00    0.00    0.00   52.73
23:18:09       1   13.21    0.00   25.47    0.00    0.00    5.66    0.00    0.00    0.00   55.66
23:18:09       2    8.82    0.00   29.41    0.00    0.00    4.90    0.00    0.00    0.00   56.86
23:18:09       3   11.32    0.00   28.30    0.00    0.00    5.66    0.00    0.00    0.00   54.72

23:18:09     CPU    %usr   %nice    %sys %iowait    %irq   %soft  %steal  %guest  %gnice   %idle
23:18:10     all    9.76    0.00   24.17    0.00    0.00    5.32    0.00    0.00    0.00   60.75
23:18:10       0    8.26    0.00   22.94    0.00    0.00    6.42    0.00    0.00    0.00   62.39
23:18:10       1    9.48    0.00   25.00    0.00    0.00    6.90    0.00    0.00    0.00   58.62
23:18:10       2    9.57    0.00   27.83    0.00    0.00    3.48    0.00    0.00    0.00   59.13
23:18:10       3   11.71    0.00   20.72    0.00    0.00    4.50    0.00    0.00    0.00   63.06

23:18:10     CPU    %usr   %nice    %sys %iowait    %irq   %soft  %steal  %guest  %gnice   %idle
23:18:11     all    9.68    0.00   26.80    0.00    0.00    5.18    0.00    0.00    0.00   58.33
23:18:11       0    9.73    0.00   28.32    0.00    0.00    4.42    0.00    0.00    0.00   57.52
23:18:11       1   10.09    0.00   25.69    0.00    0.00    4.59    0.00    0.00    0.00   59.63
23:18:11       2    7.21    0.00   27.03    0.00    0.00    8.11    0.00    0.00    0.00   57.66
23:18:11       3   11.71    0.00   26.13    0.00    0.00    3.60    0.00    0.00    0.00   58.56

23:18:11     CPU    %usr   %nice    %sys %iowait    %irq   %soft  %steal  %guest  %gnice   %idle
23:18:12     all    8.64    0.00   29.58    0.00    0.00    6.54    0.00    0.00    0.00   55.24
23:18:12       0    6.45    0.00   32.26    0.00    0.00    6.45    0.00    0.00    0.00   54.84
23:18:12       1   11.46    0.00   26.04    0.00    0.00    9.38    0.00    0.00    0.00   53.12
23:18:12       2    6.45    0.00   31.18    0.00    0.00    6.45    0.00    0.00    0.00   55.91
23:18:12       3   10.00    0.00   29.00    0.00    0.00    4.00    0.00    0.00    0.00   57.00

23:18:12     CPU    %usr   %nice    %sys %iowait    %irq   %soft  %steal  %guest  %gnice   %idle
23:18:13     all   10.83    0.00   33.64    0.00    0.00    4.84    0.00    0.00    0.00   50.69
23:18:13       0    9.17    0.00   33.94    0.00    0.00    5.50    0.00    0.00    0.00   51.38
23:18:13       1   10.81    0.00   36.04    0.00    0.00    4.50    0.00    0.00    0.00   48.65
23:18:13       2   11.11    0.00   33.33    0.00    0.00    4.63    0.00    0.00    0.00   50.93
23:18:13       3   12.26    0.00   31.13    0.00    0.00    4.72    0.00    0.00    0.00   51.89

23:18:13     CPU    %usr   %nice    %sys %iowait    %irq   %soft  %steal  %guest  %gnice   %idle
23:18:14     all    6.98    0.00   23.44    0.50    0.00    4.74    0.00    0.00    0.00   64.34
23:18:14       0    7.37    0.00   24.21    0.00    0.00    4.21    0.00    0.00    0.00   64.21
23:18:14       1    5.66    0.00   23.58    0.00    0.00    7.55    0.00    0.00    0.00   63.21
23:18:14       2    7.69    0.00   23.08    1.92    0.00    4.81    0.00    0.00    0.00   62.50
23:18:14       3    7.29    0.00   22.92    0.00    0.00    2.08    0.00    0.00    0.00   67.71

23:18:14     CPU    %usr   %nice    %sys %iowait    %irq   %soft  %steal  %guest  %gnice   %idle
23:18:15     all    6.28    0.00    8.54    0.00    0.00    3.27    0.00    0.00    0.00   81.91
23:18:15       0    4.12    0.00    7.22    0.00    0.00    4.12    0.00    0.00    0.00   84.54
23:18:15       1    6.93    0.00    9.90    0.00    0.00    2.97    0.00    0.00    0.00   80.20
23:18:15       2    4.04    0.00   10.10    0.00    0.00    3.03    0.00    0.00    0.00   82.83
23:18:15       3    9.90    0.00    6.93    0.00    0.00    2.97    0.00    0.00    0.00   80.20

23:18:15     CPU    %usr   %nice    %sys %iowait    %irq   %soft  %steal  %guest  %gnice   %idle
23:18:16     all    9.15    0.00   19.25    0.00    0.00    3.52    0.00    0.00    0.00   68.08
23:18:16       0   10.38    0.00   17.92    0.00    0.00    4.72    0.00    0.00    0.00   66.98
23:18:16       1   12.15    0.00   17.76    0.00    0.00    1.87    0.00    0.00    0.00   68.22
23:18:16       2    7.77    0.00   18.45    0.00    0.00    2.91    0.00    0.00    0.00   70.87
23:18:16       3    6.36    0.00   22.73    0.00    0.00    4.55    0.00    0.00    0.00   66.36

23:18:16     CPU    %usr   %nice    %sys %iowait    %irq   %soft  %steal  %guest  %gnice   %idle
23:18:17     all    5.61    0.00   15.82    0.00    0.00    3.57    0.00    0.00    0.00   75.00
23:18:17       0    8.25    0.00   14.43    0.00    0.00    2.06    0.00    0.00    0.00   75.26
23:18:17       1    7.92    0.00   15.84    0.00    0.00    1.98    0.00    0.00    0.00   74.26
23:18:17       2    3.12    0.00   14.58    0.00    0.00    5.21    0.00    0.00    0.00   77.08
23:18:17       3    3.06    0.00   18.37    0.00    0.00    5.10    0.00    0.00    0.00   73.47

23:18:17     CPU    %usr   %nice    %sys %iowait    %irq   %soft  %steal  %guest  %gnice   %idle
23:18:18     all    7.12    0.00   11.61    0.00    0.00    0.79    0.00    0.00    0.00   80.47
23:18:18       0    7.53    0.00   10.75    0.00    0.00    0.00    0.00    0.00    0.00   81.72
23:18:18       1    7.22    0.00   12.37    0.00    0.00    2.06    0.00    0.00    0.00   78.35
23:18:18       2    7.29    0.00   12.50    0.00    0.00    0.00    0.00    0.00    0.00   80.21
23:18:18       3    6.45    0.00   10.75    0.00    0.00    1.08    0.00    0.00    0.00   81.72

23:18:18     CPU    %usr   %nice    %sys %iowait    %irq   %soft  %steal  %guest  %gnice   %idle
23:18:19     all    5.82    0.00    8.47    0.00    0.00    1.59    0.00    0.00    0.00   84.13
23:18:19       0    6.52    0.00    6.52    0.00    0.00    1.09    0.00    0.00    0.00   85.87
23:18:19       1    5.15    0.00   10.31    0.00    0.00    2.06    0.00    0.00    0.00   82.47
23:18:19       2    6.32    0.00    8.42    0.00    0.00    1.05    0.00    0.00    0.00   84.21
23:18:19       3    5.32    0.00    8.51    0.00    0.00    2.13    0.00    0.00    0.00   84.04

23:18:19     CPU    %usr   %nice    %sys %iowait    %irq   %soft  %steal  %guest  %gnice   %idle
23:18:20     all    5.74    0.00   13.66    0.00    0.00    1.64    0.00    0.00    0.00   78.96
23:18:20       0    5.49    0.00   14.29    0.00    0.00    1.10    0.00    0.00    0.00   79.12
23:18:20       1    4.35    0.00   14.13    0.00    0.00    2.17    0.00    0.00    0.00   79.35
23:18:20       2    5.88    0.00    8.24    0.00    0.00    1.18    0.00    0.00    0.00   84.71
23:18:20       3    7.14    0.00   17.35    0.00    0.00    2.04    0.00    0.00    0.00   73.47

23:18:20     CPU    %usr   %nice    %sys %iowait    %irq   %soft  %steal  %guest  %gnice   %idle
23:18:21     all    7.16    0.00   23.42    0.00    0.00    3.31    0.00    0.00    0.00   66.12
23:18:21       0    6.67    0.00   22.22    0.00    0.00    4.44    0.00    0.00    0.00   66.67
23:18:21       1    8.79    0.00   21.98    0.00    0.00    3.30    0.00    0.00    0.00   65.93
23:18:21       2    6.45    0.00   24.73    0.00    0.00    4.30    0.00    0.00    0.00   64.52
23:18:21       3    6.74    0.00   24.72    0.00    0.00    1.12    0.00    0.00    0.00   67.42

23:18:21     CPU    %usr   %nice    %sys %iowait    %irq   %soft  %steal  %guest  %gnice   %idle
23:18:22     all    1.47    0.00    6.16    0.00    0.00    1.47    0.00    0.00    0.00   90.91
23:18:22       0    0.00    0.00    8.24    0.00    0.00    1.18    0.00    0.00    0.00   90.59
23:18:22       1    2.30    0.00    5.75    0.00    0.00    2.30    0.00    0.00    0.00   89.66
23:18:22       2    1.18    0.00    7.06    0.00    0.00    1.18    0.00    0.00    0.00   90.59
23:18:22       3    2.38    0.00    3.57    0.00    0.00    1.19    0.00    0.00    0.00   92.86

23:18:22     CPU    %usr   %nice    %sys %iowait    %irq   %soft  %steal  %guest  %gnice   %idle
23:18:23     all    9.68    0.00   30.65    0.00    0.00    5.38    0.00    0.00    0.00   54.30
23:18:23       0    9.68    0.00   29.03    0.00    0.00    7.53    0.00    0.00    0.00   53.76
23:18:23       1    9.68    0.00   30.11    0.00    0.00    5.38    0.00    0.00    0.00   54.84
23:18:23       2   10.75    0.00   31.18    0.00    0.00    3.23    0.00    0.00    0.00   54.84
23:18:23       3    8.60    0.00   32.26    0.00    0.00    5.38    0.00    0.00    0.00   53.76

23:18:23     CPU    %usr   %nice    %sys %iowait    %irq   %soft  %steal  %guest  %gnice   %idle
23:18:24     all    1.74    0.00    5.23    0.00    0.00    0.87    0.00    0.00    0.00   92.15
23:18:24       0    0.00    0.00    7.14    0.00    0.00    0.00    0.00    0.00    0.00   92.86
23:18:24       1    2.33    0.00    3.49    0.00    0.00    1.16    0.00    0.00    0.00   93.02
23:18:24       2    0.00    0.00    5.95    0.00    0.00    0.00    0.00    0.00    0.00   94.05
23:18:24       3    4.44    0.00    4.44    0.00    0.00    2.22    0.00    0.00    0.00   88.89

23:18:24     CPU    %usr   %nice    %sys %iowait    %irq   %soft  %steal  %guest  %gnice   %idle
23:18:25     all    2.04    0.00    3.21    0.00    0.00    0.58    0.00    0.00    0.00   94.17
23:18:25       0    2.35    0.00    2.35    0.00    0.00    1.18    0.00    0.00    0.00   94.12
23:18:25       1    3.45    0.00    3.45    0.00    0.00    0.00    0.00    0.00    0.00   93.10
23:18:25       2    2.30    0.00    2.30    0.00    0.00    1.15    0.00    0.00    0.00   94.25
23:18:25       3    0.00    0.00    4.76    0.00    0.00    0.00    0.00    0.00    0.00   95.24

23:18:25     CPU    %usr   %nice    %sys %iowait    %irq   %soft  %steal  %guest  %gnice   %idle
23:18:26     all    5.34    0.00   17.13    0.00    0.00    3.93    0.00    0.00    0.00   73.60
23:18:26       0    3.33    0.00   17.78    0.00    0.00    5.56    0.00    0.00    0.00   73.33
23:18:26       1    5.81    0.00   16.28    0.00    0.00    2.33    0.00    0.00    0.00   75.58
23:18:26       2    6.74    0.00   16.85    0.00    0.00    3.37    0.00    0.00    0.00   73.03
23:18:26       3    5.49    0.00   17.58    0.00    0.00    4.40    0.00    0.00    0.00   72.53

23:18:26     CPU    %usr   %nice    %sys %iowait    %irq   %soft  %steal  %guest  %gnice   %idle
23:18:27     all    1.76    0.00    4.99    0.00    0.00    0.29    0.00    0.00    0.00   92.96
23:18:27       0    1.20    0.00    3.61    0.00    0.00    0.00    0.00    0.00    0.00   95.18
23:18:27       1    1.15    0.00    5.75    0.00    0.00    1.15    0.00    0.00    0.00   91.95
23:18:27       2    2.33    0.00    5.81    0.00    0.00    0.00    0.00    0.00    0.00   91.86
23:18:27       3    2.35    0.00    4.71    0.00    0.00    0.00    0.00    0.00    0.00   92.94

23:18:27     CPU    %usr   %nice    %sys %iowait    %irq   %soft  %steal  %guest  %gnice   %idle
23:18:28     all    1.76    0.00    5.00    0.00    0.00    1.18    0.00    0.00    0.00   92.06
23:18:28       0    1.19    0.00    2.38    0.00    0.00    2.38    0.00    0.00    0.00   94.05
23:18:28       1    1.20    0.00    6.02    0.00    0.00    0.00    0.00    0.00    0.00   92.77
23:18:28       2    2.33    0.00    4.65    0.00    0.00    1.16    0.00    0.00    0.00   91.86
23:18:28       3    2.30    0.00    6.90    0.00    0.00    1.15    0.00    0.00    0.00   89.66

23:18:28     CPU    %usr   %nice    %sys %iowait    %irq   %soft  %steal  %guest  %gnice   %idle
23:18:29     all    7.00    0.00   17.93    0.00    0.00    4.20    0.00    0.00    0.00   70.87
23:18:29       0    9.52    0.00   11.90    0.00    0.00    2.38    0.00    0.00    0.00   76.19
23:18:29       1    7.29    0.00   21.88    0.00    0.00    5.21    0.00    0.00    0.00   65.62
23:18:29       2    5.81    0.00   17.44    0.00    0.00    4.65    0.00    0.00    0.00   72.09
23:18:29       3    5.49    0.00   19.78    0.00    0.00    4.40    0.00    0.00    0.00   70.33

23:18:29     CPU    %usr   %nice    %sys %iowait    %irq   %soft  %steal  %guest  %gnice   %idle
23:18:30     all    4.62    0.00   10.40    0.00    0.00    1.45    0.00    0.00    0.00   83.53
23:18:30       0    6.67    0.00   11.11    0.00    0.00    2.22    0.00    0.00    0.00   80.00
23:18:30       1    2.41    0.00   10.84    0.00    0.00    0.00    0.00    0.00    0.00   86.75
23:18:30       2    5.75    0.00    9.20    0.00    0.00    1.15    0.00    0.00    0.00   83.91
23:18:30       3    3.49    0.00   10.47    0.00    0.00    2.33    0.00    0.00    0.00   83.72

23:18:30     CPU    %usr   %nice    %sys %iowait    %irq   %soft  %steal  %guest  %gnice   %idle
23:18:32     all    0.60    0.00    0.90    0.00    0.00    0.00    0.00    0.00    0.00   98.50
23:18:32       0    0.00    0.00    1.20    0.00    0.00    0.00    0.00    0.00    0.00   98.80
23:18:32       1    1.20    0.00    0.00    0.00    0.00    0.00    0.00    0.00    0.00   98.80
23:18:32       2    0.00    0.00    1.19    0.00    0.00    0.00    0.00    0.00    0.00   98.81
23:18:32       3    1.20    0.00    1.20    0.00    0.00    0.00    0.00    0.00    0.00   97.59

23:18:32     CPU    %usr   %nice    %sys %iowait    %irq   %soft  %steal  %guest  %gnice   %idle
23:18:33     all    3.17    0.00   10.37    0.00    0.00    1.73    0.00    0.00    0.00   84.73
23:18:33       0    2.35    0.00    9.41    0.00    0.00    1.18    0.00    0.00    0.00   87.06
23:18:33       1    3.33    0.00   13.33    0.00    0.00    2.22    0.00    0.00    0.00   81.11
23:18:33       2    4.65    0.00    9.30    0.00    0.00    1.16    0.00    0.00    0.00   84.88
23:18:33       3    2.33    0.00    9.30    0.00    0.00    2.33    0.00    0.00    0.00   86.05

23:18:33     CPU    %usr   %nice    %sys %iowait    %irq   %soft  %steal  %guest  %gnice   %idle
23:18:34     all    2.62    0.00    6.71    0.58    0.00    2.04    0.00    0.00    0.00   88.05
23:18:34       0    2.33    0.00    5.81    1.16    0.00    2.33    0.00    0.00    0.00   88.37
23:18:34       1    2.41    0.00    4.82    0.00    0.00    1.20    0.00    0.00    0.00   91.57
23:18:34       2    3.37    0.00    8.99    1.12    0.00    2.25    0.00    0.00    0.00   84.27
23:18:34       3    2.35    0.00    7.06    0.00    0.00    2.35    0.00    0.00    0.00   88.24

23:18:34     CPU    %usr   %nice    %sys %iowait    %irq   %soft  %steal  %guest  %gnice   %idle
23:18:35     all    5.59    0.00   20.39    0.00    0.00    3.35    0.00    0.00    0.00   70.67
23:18:35       0    3.53    0.00   18.82    0.00    0.00    3.53    0.00    0.00    0.00   74.12
23:18:35       1    6.82    0.00   18.18    0.00    0.00    2.27    0.00    0.00    0.00   72.73
23:18:35       2    5.68    0.00   19.32    0.00    0.00    2.27    0.00    0.00    0.00   72.73
23:18:35       3    6.19    0.00   24.74    0.00    0.00    5.15    0.00    0.00    0.00   63.92

23:18:35     CPU    %usr   %nice    %sys %iowait    %irq   %soft  %steal  %guest  %gnice   %idle
23:18:36     all    1.52    0.00    4.24    0.00    0.00    1.21    0.00    0.00    0.00   93.03
23:18:36       0    2.44    0.00    2.44    0.00    0.00    1.22    0.00    0.00    0.00   93.90
23:18:36       1    2.33    0.00    5.81    0.00    0.00    2.33    0.00    0.00    0.00   89.53
23:18:36       2    1.22    0.00    4.88    0.00    0.00    0.00    0.00    0.00    0.00   93.90
23:18:36       3    0.00    0.00    3.75    0.00    0.00    1.25    0.00    0.00    0.00   95.00

23:18:36     CPU    %usr   %nice    %sys %iowait    %irq   %soft  %steal  %guest  %gnice   %idle
23:18:37     all    0.91    0.00    2.11    0.00    0.00    0.60    0.00    0.00    0.00   96.37
23:18:37       0    1.22    0.00    2.44    0.00    0.00    0.00    0.00    0.00    0.00   96.34
23:18:37       1    1.20    0.00    2.41    0.00    0.00    0.00    0.00    0.00    0.00   96.39
23:18:37       2    1.20    0.00    1.20    0.00    0.00    1.20    0.00    0.00    0.00   96.39
23:18:37       3    0.00    0.00    2.41    0.00    0.00    1.20    0.00    0.00    0.00   96.39
