Linux 6.6.87.2-microsoft-standard-WSL2 (Udeepa-ASUS) 	04/15/26 	_x86_64_	(4 CPU)

23:11:21     CPU    %usr   %nice    %sys %iowait    %irq   %soft  %steal  %guest  %gnice   %idle
23:11:22     all    0.25    0.00    0.25    0.00    0.00    0.00    0.00    0.00    0.00   99.50
23:11:22       0    0.00    0.00    0.00    0.00    0.00    0.00    0.00    0.00    0.00  100.00
23:11:22       1    0.00    0.00    0.00    0.00    0.00    0.00    0.00    0.00    0.00  100.00
23:11:22       2    1.00    0.00    1.00    0.00    0.00    0.00    0.00    0.00    0.00   98.00
23:11:22       3    0.00    0.00    0.00    0.00    0.00    0.00    0.00    0.00    0.00  100.00

23:11:22     CPU    %usr   %nice    %sys %iowait    %irq   %soft  %steal  %guest  %gnice   %idle
23:11:23     all    0.00    0.00    0.25    0.00    0.00    0.00    0.00    0.00    0.00   99.75
23:11:23       0    0.00    0.00    0.00    0.00    0.00    0.00    0.00    0.00    0.00  100.00
23:11:23       1    0.00    0.00    0.99    0.00    0.00    0.00    0.00    0.00    0.00   99.01
23:11:23       2    0.00    0.00    0.00    0.00    0.00    0.00    0.00    0.00    0.00  100.00
23:11:23       3    0.00    0.00    0.00    0.00    0.00    0.00    0.00    0.00    0.00  100.00

23:11:23     CPU    %usr   %nice    %sys %iowait    %irq   %soft  %steal  %guest  %gnice   %idle
23:11:24     all    4.52    0.00   10.05    0.25    0.00    2.51    0.00    0.00    0.00   82.66
23:11:24       0    3.00    0.00   13.00    0.00    0.00    3.00    0.00    0.00    0.00   81.00
23:11:24       1    5.26    0.00    8.42    0.00    0.00    0.00    0.00    0.00    0.00   86.32
23:11:24       2    4.04    0.00    9.09    0.00    0.00    3.03    0.00    0.00    0.00   83.84
23:11:24       3    5.77    0.00    9.62    0.96    0.00    3.85    0.00    0.00    0.00   79.81

23:11:24     CPU    %usr   %nice    %sys %iowait    %irq   %soft  %steal  %guest  %gnice   %idle
23:11:25     all    4.07    0.00   10.94    0.00    0.00    2.29    0.00    0.00    0.00   82.70
23:11:25       0    4.00    0.00   11.00    0.00    0.00    3.00    0.00    0.00    0.00   82.00
23:11:25       1    5.15    0.00   10.31    0.00    0.00    1.03    0.00    0.00    0.00   83.51
23:11:25       2    2.04    0.00   12.24    0.00    0.00    3.06    0.00    0.00    0.00   82.65
23:11:25       3    5.10    0.00   10.20    0.00    0.00    2.04    0.00    0.00    0.00   82.65

23:11:25     CPU    %usr   %nice    %sys %iowait    %irq   %soft  %steal  %guest  %gnice   %idle
23:11:26     all   11.99    0.00   32.40    0.00    0.00    7.65    0.00    0.00    0.00   47.96
23:11:26       0   13.13    0.00   33.33    0.00    0.00    5.05    0.00    0.00    0.00   48.48
23:11:26       1   12.24    0.00   29.59    0.00    0.00   11.22    0.00    0.00    0.00   46.94
23:11:26       2    9.38    0.00   36.46    0.00    0.00    6.25    0.00    0.00    0.00   47.92
23:11:26       3   13.13    0.00   30.30    0.00    0.00    8.08    0.00    0.00    0.00   48.48

23:11:26     CPU    %usr   %nice    %sys %iowait    %irq   %soft  %steal  %guest  %gnice   %idle
23:11:27     all   12.30    0.00   37.96    0.00    0.00    8.38    0.00    0.00    0.00   41.36
23:11:27       0   12.77    0.00   38.30    0.00    0.00    6.38    0.00    0.00    0.00   42.55
23:11:27       1   10.87    0.00   35.87    0.00    0.00   10.87    0.00    0.00    0.00   42.39
23:11:27       2   12.24    0.00   40.82    0.00    0.00    7.14    0.00    0.00    0.00   39.80
23:11:27       3   13.27    0.00   36.73    0.00    0.00    9.18    0.00    0.00    0.00   40.82

23:11:27     CPU    %usr   %nice    %sys %iowait    %irq   %soft  %steal  %guest  %gnice   %idle
23:11:28     all   14.14    0.00   35.99    0.00    0.00    9.25    0.00    0.00    0.00   40.62
23:11:28       0   14.14    0.00   37.37    0.00    0.00    9.09    0.00    0.00    0.00   39.39
23:11:28       1   15.22    0.00   34.78    0.00    0.00    5.43    0.00    0.00    0.00   44.57
23:11:28       2   14.42    0.00   36.54    0.00    0.00   12.50    0.00    0.00    0.00   36.54
23:11:28       3   12.77    0.00   35.11    0.00    0.00    9.57    0.00    0.00    0.00   42.55

23:11:28     CPU    %usr   %nice    %sys %iowait    %irq   %soft  %steal  %guest  %gnice   %idle
23:11:29     all   11.11    0.00   39.53    0.26    0.00    9.04    0.00    0.00    0.00   40.05
23:11:29       0    7.92    0.00   43.56    0.00    0.00    9.90    0.00    0.00    0.00   38.61
23:11:29       1   13.04    0.00   34.78    0.00    0.00    9.78    0.00    0.00    0.00   42.39
23:11:29       2   10.89    0.00   40.59    0.99    0.00    9.90    0.00    0.00    0.00   37.62
23:11:29       3   12.90    0.00   38.71    0.00    0.00    6.45    0.00    0.00    0.00   41.94

23:11:29     CPU    %usr   %nice    %sys %iowait    %irq   %soft  %steal  %guest  %gnice   %idle
23:11:30     all   12.99    0.00   37.40    0.00    0.00    8.83    0.00    0.00    0.00   40.78
23:11:30       0   11.34    0.00   39.18    0.00    0.00    8.25    0.00    0.00    0.00   41.24
23:11:30       1   12.87    0.00   38.61    0.00    0.00    9.90    0.00    0.00    0.00   38.61
23:11:30       2   15.96    0.00   31.91    0.00    0.00   10.64    0.00    0.00    0.00   41.49
23:11:30       3   11.83    0.00   39.78    0.00    0.00    6.45    0.00    0.00    0.00   41.94

23:11:30     CPU    %usr   %nice    %sys %iowait    %irq   %soft  %steal  %guest  %gnice   %idle
23:11:31     all   15.14    0.00   37.97    0.00    0.00    7.94    0.00    0.00    0.00   38.96
23:11:31       0   19.81    0.00   36.79    0.00    0.00    5.66    0.00    0.00    0.00   37.74
23:11:31       1   13.54    0.00   38.54    0.00    0.00    7.29    0.00    0.00    0.00   40.62
23:11:31       2   13.13    0.00   41.41    0.00    0.00    5.05    0.00    0.00    0.00   40.40
23:11:31       3   13.73    0.00   35.29    0.00    0.00   13.73    0.00    0.00    0.00   37.25

23:11:31     CPU    %usr   %nice    %sys %iowait    %irq   %soft  %steal  %guest  %gnice   %idle
23:11:32     all   12.57    0.00   36.65    0.00    0.00    8.64    0.00    0.00    0.00   42.15
23:11:32       0   11.11    0.00   41.41    0.00    0.00    7.07    0.00    0.00    0.00   40.40
23:11:32       1   12.22    0.00   35.56    0.00    0.00    6.67    0.00    0.00    0.00   45.56
23:11:32       2   13.40    0.00   35.05    0.00    0.00   10.31    0.00    0.00    0.00   41.24
23:11:32       3   13.54    0.00   34.38    0.00    0.00   10.42    0.00    0.00    0.00   41.67

23:11:32     CPU    %usr   %nice    %sys %iowait    %irq   %soft  %steal  %guest  %gnice   %idle
23:11:33     all   13.53    0.00   35.54    0.00    0.00    9.81    0.00    0.00    0.00   41.11
23:11:33       0    9.68    0.00   37.63    0.00    0.00   10.75    0.00    0.00    0.00   41.94
23:11:33       1   18.09    0.00   31.91    0.00    0.00    8.51    0.00    0.00    0.00   41.49
23:11:33       2   14.74    0.00   37.89    0.00    0.00    7.37    0.00    0.00    0.00   40.00
23:11:33       3   11.58    0.00   34.74    0.00    0.00   12.63    0.00    0.00    0.00   41.05

23:11:33     CPU    %usr   %nice    %sys %iowait    %irq   %soft  %steal  %guest  %gnice   %idle
23:11:34     all   12.24    0.00   37.76    0.00    0.00    9.69    0.00    0.00    0.00   40.31
23:11:34       0    9.28    0.00   41.24    0.00    0.00    8.25    0.00    0.00    0.00   41.24
23:11:34       1    9.57    0.00   39.36    0.00    0.00    9.57    0.00    0.00    0.00   41.49
23:11:34       2   13.27    0.00   35.71    0.00    0.00   11.22    0.00    0.00    0.00   39.80
23:11:34       3   16.50    0.00   34.95    0.00    0.00    9.71    0.00    0.00    0.00   38.83

23:11:34     CPU    %usr   %nice    %sys %iowait    %irq   %soft  %steal  %guest  %gnice   %idle
23:11:35     all   13.65    0.00   36.48    0.00    0.00    9.19    0.00    0.00    0.00   40.68
23:11:35       0   14.74    0.00   36.84    0.00    0.00    6.32    0.00    0.00    0.00   42.11
23:11:35       1   12.63    0.00   40.00    0.00    0.00    8.42    0.00    0.00    0.00   38.95
23:11:35       2   15.05    0.00   32.26    0.00    0.00   10.75    0.00    0.00    0.00   41.94
23:11:35       3   12.24    0.00   36.73    0.00    0.00   11.22    0.00    0.00    0.00   39.80

23:11:35     CPU    %usr   %nice    %sys %iowait    %irq   %soft  %steal  %guest  %gnice   %idle
23:11:36     all   13.14    0.00   36.60    0.00    0.00   10.57    0.00    0.00    0.00   39.69
23:11:36       0   15.15    0.00   34.34    0.00    0.00   12.12    0.00    0.00    0.00   38.38
23:11:36       1   11.34    0.00   38.14    0.00    0.00   10.31    0.00    0.00    0.00   40.21
23:11:36       2   14.13    0.00   33.70    0.00    0.00    8.70    0.00    0.00    0.00   43.48
23:11:36       3   12.00    0.00   40.00    0.00    0.00   11.00    0.00    0.00    0.00   37.00

23:11:36     CPU    %usr   %nice    %sys %iowait    %irq   %soft  %steal  %guest  %gnice   %idle
23:11:37     all   12.66    0.00   38.73    0.00    0.00    8.86    0.00    0.00    0.00   39.75
23:11:37       0   13.86    0.00   38.61    0.00    0.00    7.92    0.00    0.00    0.00   39.60
23:11:37       1   11.58    0.00   40.00    0.00    0.00    8.42    0.00    0.00    0.00   40.00
23:11:37       2   13.00    0.00   41.00    0.00    0.00    7.00    0.00    0.00    0.00   39.00
23:11:37       3   12.12    0.00   35.35    0.00    0.00   12.12    0.00    0.00    0.00   40.40

23:11:37     CPU    %usr   %nice    %sys %iowait    %irq   %soft  %steal  %guest  %gnice   %idle
23:11:38     all   13.76    0.00   37.04    0.00    0.00    8.20    0.00    0.00    0.00   41.01
23:11:38       0   12.63    0.00   34.74    0.00    0.00   10.53    0.00    0.00    0.00   42.11
23:11:38       1   11.11    0.00   38.89    0.00    0.00    7.78    0.00    0.00    0.00   42.22
23:11:38       2   18.37    0.00   33.67    0.00    0.00    8.16    0.00    0.00    0.00   39.80
23:11:38       3   12.63    0.00   41.05    0.00    0.00    6.32    0.00    0.00    0.00   40.00

23:11:38     CPU    %usr   %nice    %sys %iowait    %irq   %soft  %steal  %guest  %gnice   %idle
23:11:39     all   13.70    0.00   37.47    0.00    0.00    8.79    0.00    0.00    0.00   40.05
23:11:39       0   12.50    0.00   36.46    0.00    0.00   10.42    0.00    0.00    0.00   40.62
23:11:39       1   18.18    0.00   36.36    0.00    0.00    6.06    0.00    0.00    0.00   39.39
23:11:39       2   12.77    0.00   40.43    0.00    0.00    6.38    0.00    0.00    0.00   40.43
23:11:39       3   11.22    0.00   36.73    0.00    0.00   12.24    0.00    0.00    0.00   39.80

23:11:39     CPU    %usr   %nice    %sys %iowait    %irq   %soft  %steal  %guest  %gnice   %idle
23:11:40     all   13.47    0.00   38.08    0.00    0.00    8.03    0.00    0.00    0.00   40.41
23:11:40       0   13.40    0.00   38.14    0.00    0.00    8.25    0.00    0.00    0.00   40.21
23:11:40       1   14.13    0.00   35.87    0.00    0.00    7.61    0.00    0.00    0.00   42.39
23:11:40       2   15.15    0.00   37.37    0.00    0.00    8.08    0.00    0.00    0.00   39.39
23:11:40       3   11.22    0.00   40.82    0.00    0.00    8.16    0.00    0.00    0.00   39.80

23:11:40     CPU    %usr   %nice    %sys %iowait    %irq   %soft  %steal  %guest  %gnice   %idle
23:11:41     all   12.14    0.00   37.73    0.00    0.00    9.04    0.00    0.00    0.00   41.09
23:11:41       0   17.20    0.00   33.33    0.00    0.00    7.53    0.00    0.00    0.00   41.94
23:11:41       1   10.89    0.00   40.59    0.00    0.00    8.91    0.00    0.00    0.00   39.60
23:11:41       2   13.54    0.00   33.33    0.00    0.00   10.42    0.00    0.00    0.00   42.71
23:11:41       3    7.22    0.00   43.30    0.00    0.00    9.28    0.00    0.00    0.00   40.21

23:11:41     CPU    %usr   %nice    %sys %iowait    %irq   %soft  %steal  %guest  %gnice   %idle
23:11:42     all   12.50    0.00   35.37    0.00    0.00   10.37    0.00    0.00    0.00   41.76
23:11:42       0   12.77    0.00   36.17    0.00    0.00   10.64    0.00    0.00    0.00   40.43
23:11:42       1   13.19    0.00   35.16    0.00    0.00    7.69    0.00    0.00    0.00   43.96
23:11:42       2   10.64    0.00   34.04    0.00    0.00   12.77    0.00    0.00    0.00   42.55
23:11:42       3   13.40    0.00   36.08    0.00    0.00   10.31    0.00    0.00    0.00   40.21

23:11:42     CPU    %usr   %nice    %sys %iowait    %irq   %soft  %steal  %guest  %gnice   %idle
23:11:43     all   12.79    0.00   37.08    0.00    0.00    9.14    0.00    0.00    0.00   40.99
23:11:43       0   12.62    0.00   38.83    0.00    0.00    9.71    0.00    0.00    0.00   38.83
23:11:43       1   12.77    0.00   34.04    0.00    0.00   11.70    0.00    0.00    0.00   41.49
23:11:43       2   13.33    0.00   36.67    0.00    0.00    6.67    0.00    0.00    0.00   43.33
23:11:43       3   12.50    0.00   38.54    0.00    0.00    8.33    0.00    0.00    0.00   40.62

23:11:43     CPU    %usr   %nice    %sys %iowait    %irq   %soft  %steal  %guest  %gnice   %idle
23:11:44     all   12.24    0.00   39.58    0.00    0.00    7.81    0.00    0.00    0.00   40.36
23:11:44       0   13.73    0.00   38.24    0.00    0.00    8.82    0.00    0.00    0.00   39.22
23:11:44       1   12.50    0.00   40.62    0.00    0.00    6.25    0.00    0.00    0.00   40.62
23:11:44       2    8.60    0.00   45.16    0.00    0.00    7.53    0.00    0.00    0.00   38.71
23:11:44       3   13.98    0.00   34.41    0.00    0.00    8.60    0.00    0.00    0.00   43.01

23:11:44     CPU    %usr   %nice    %sys %iowait    %irq   %soft  %steal  %guest  %gnice   %idle
23:11:45     all   13.92    0.00   37.11    0.00    0.00    9.54    0.00    0.00    0.00   39.43
23:11:45       0   12.63    0.00   37.89    0.00    0.00   10.53    0.00    0.00    0.00   38.95
23:11:45       1   13.73    0.00   39.22    0.00    0.00    8.82    0.00    0.00    0.00   38.24
23:11:45       2   14.00    0.00   39.00    0.00    0.00    8.00    0.00    0.00    0.00   39.00
23:11:45       3   15.38    0.00   31.87    0.00    0.00   10.99    0.00    0.00    0.00   41.76

23:11:45     CPU    %usr   %nice    %sys %iowait    %irq   %soft  %steal  %guest  %gnice   %idle
23:11:46     all   13.96    0.00   39.34    0.00    0.00    7.61    0.00    0.00    0.00   39.09
23:11:46       0   15.00    0.00   39.00    0.00    0.00    7.00    0.00    0.00    0.00   39.00
23:11:46       1   14.43    0.00   38.14    0.00    0.00    8.25    0.00    0.00    0.00   39.18
23:11:46       2   13.68    0.00   41.05    0.00    0.00    5.26    0.00    0.00    0.00   40.00
23:11:46       3   12.75    0.00   39.22    0.00    0.00    9.80    0.00    0.00    0.00   38.24

23:11:46     CPU    %usr   %nice    %sys %iowait    %irq   %soft  %steal  %guest  %gnice   %idle
23:11:47     all   14.02    0.00   35.71    0.00    0.00   10.32    0.00    0.00    0.00   39.95
23:11:47       0   14.13    0.00   32.61    0.00    0.00   11.96    0.00    0.00    0.00   41.30
23:11:47       1   13.33    0.00   31.11    0.00    0.00   14.44    0.00    0.00    0.00   41.11
23:11:47       2   12.63    0.00   41.05    0.00    0.00    8.42    0.00    0.00    0.00   37.89
23:11:47       3   15.84    0.00   37.62    0.00    0.00    6.93    0.00    0.00    0.00   39.60

23:11:47     CPU    %usr   %nice    %sys %iowait    %irq   %soft  %steal  %guest  %gnice   %idle
23:11:48     all   14.55    0.00   38.10    0.00    0.00    7.14    0.00    0.00    0.00   40.21
23:11:48       0   16.84    0.00   36.84    0.00    0.00    5.26    0.00    0.00    0.00   41.05
23:11:48       1   16.49    0.00   34.02    0.00    0.00    9.28    0.00    0.00    0.00   40.21
23:11:48       2   13.40    0.00   43.30    0.00    0.00    6.19    0.00    0.00    0.00   37.11
23:11:48       3   11.24    0.00   38.20    0.00    0.00    7.87    0.00    0.00    0.00   42.70

23:11:48     CPU    %usr   %nice    %sys %iowait    %irq   %soft  %steal  %guest  %gnice   %idle
23:11:49     all   13.00    0.00   38.73    0.00    0.00    8.75    0.00    0.00    0.00   39.52
23:11:49       0   16.84    0.00   36.84    0.00    0.00    7.37    0.00    0.00    0.00   38.95
23:11:49       1   10.00    0.00   40.00    0.00    0.00    8.89    0.00    0.00    0.00   41.11
23:11:49       2   14.74    0.00   40.00    0.00    0.00    6.32    0.00    0.00    0.00   38.95
23:11:49       3   10.31    0.00   38.14    0.00    0.00   12.37    0.00    0.00    0.00   39.18

23:11:49     CPU    %usr   %nice    %sys %iowait    %irq   %soft  %steal  %guest  %gnice   %idle
23:11:50     all   12.04    0.00   36.13    0.00    0.00   10.73    0.00    0.00    0.00   41.10
23:11:50       0   13.33    0.00   34.44    0.00    0.00    7.78    0.00    0.00    0.00   44.44
23:11:50       1   10.42    0.00   35.42    0.00    0.00   12.50    0.00    0.00    0.00   41.67
23:11:50       2   12.50    0.00   38.54    0.00    0.00   10.42    0.00    0.00    0.00   38.54
23:11:50       3   12.00    0.00   36.00    0.00    0.00   12.00    0.00    0.00    0.00   40.00

23:11:50     CPU    %usr   %nice    %sys %iowait    %irq   %soft  %steal  %guest  %gnice   %idle
23:11:51     all   11.58    0.00   38.95    0.00    0.00   10.00    0.00    0.00    0.00   39.47
23:11:51       0   12.63    0.00   32.63    0.00    0.00   14.74    0.00    0.00    0.00   40.00
23:11:51       1   13.73    0.00   41.18    0.00    0.00    7.84    0.00    0.00    0.00   37.25
23:11:51       2    8.99    0.00   41.57    0.00    0.00    7.87    0.00    0.00    0.00   41.57
23:11:51       3   10.64    0.00   40.43    0.00    0.00    9.57    0.00    0.00    0.00   39.36

23:11:51     CPU    %usr   %nice    %sys %iowait    %irq   %soft  %steal  %guest  %gnice   %idle
23:11:52     all   14.29    0.00   37.92    0.00    0.00    8.31    0.00    0.00    0.00   39.48
23:11:52       0   11.00    0.00   39.00    0.00    0.00   10.00    0.00    0.00    0.00   40.00
23:11:52       1   11.34    0.00   39.18    0.00    0.00   10.31    0.00    0.00    0.00   39.18
23:11:52       2   15.96    0.00   39.36    0.00    0.00    5.32    0.00    0.00    0.00   39.36
23:11:52       3   19.15    0.00   34.04    0.00    0.00    7.45    0.00    0.00    0.00   39.36

23:11:52     CPU    %usr   %nice    %sys %iowait    %irq   %soft  %steal  %guest  %gnice   %idle
23:11:53     all   13.81    0.00   38.87    0.00    0.00    7.93    0.00    0.00    0.00   39.39
23:11:53       0   15.31    0.00   37.76    0.00    0.00    7.14    0.00    0.00    0.00   39.80
23:11:53       1   12.37    0.00   39.18    0.00    0.00    9.28    0.00    0.00    0.00   39.18
23:11:53       2   13.54    0.00   40.62    0.00    0.00    5.21    0.00    0.00    0.00   40.62
23:11:53       3   14.00    0.00   38.00    0.00    0.00   10.00    0.00    0.00    0.00   38.00

23:11:53     CPU    %usr   %nice    %sys %iowait    %irq   %soft  %steal  %guest  %gnice   %idle
23:11:54     all   11.34    0.00   40.98    0.26    0.00    8.76    0.00    0.00    0.00   38.66
23:11:54       0   11.88    0.00   43.56    0.99    0.00    6.93    0.00    0.00    0.00   36.63
23:11:54       1   10.00    0.00   41.00    0.00    0.00   11.00    0.00    0.00    0.00   38.00
23:11:54       2   10.20    0.00   42.86    0.00    0.00    9.18    0.00    0.00    0.00   37.76
23:11:54       3   13.48    0.00   35.96    0.00    0.00    7.87    0.00    0.00    0.00   42.70

23:11:54     CPU    %usr   %nice    %sys %iowait    %irq   %soft  %steal  %guest  %gnice   %idle
23:11:55     all   13.35    0.00   37.96    0.00    0.00    8.38    0.00    0.00    0.00   40.31
23:11:55       0   14.74    0.00   33.68    0.00    0.00    9.47    0.00    0.00    0.00   42.11
23:11:55       1   15.38    0.00   36.26    0.00    0.00    7.69    0.00    0.00    0.00   40.66
23:11:55       2   11.34    0.00   43.30    0.00    0.00    5.15    0.00    0.00    0.00   40.21
23:11:55       3   12.12    0.00   38.38    0.00    0.00   11.11    0.00    0.00    0.00   38.38

23:11:55     CPU    %usr   %nice    %sys %iowait    %irq   %soft  %steal  %guest  %gnice   %idle
23:11:56     all   14.51    0.00   38.60    0.00    0.00    8.29    0.00    0.00    0.00   38.60
23:11:56       0   15.05    0.00   38.71    0.00    0.00    6.45    0.00    0.00    0.00   39.78
23:11:56       1   17.53    0.00   35.05    0.00    0.00    7.22    0.00    0.00    0.00   40.21
23:11:56       2   15.46    0.00   37.11    0.00    0.00    9.28    0.00    0.00    0.00   38.14
23:11:56       3   10.10    0.00   43.43    0.00    0.00   10.10    0.00    0.00    0.00   36.36

23:11:56     CPU    %usr   %nice    %sys %iowait    %irq   %soft  %steal  %guest  %gnice   %idle
23:11:57     all   11.78    0.00   40.05    0.00    0.00    7.85    0.00    0.00    0.00   40.31
23:11:57       0   10.75    0.00   40.86    0.00    0.00    7.53    0.00    0.00    0.00   40.86
23:11:57       1   15.96    0.00   37.23    0.00    0.00    6.38    0.00    0.00    0.00   40.43
23:11:57       2   10.20    0.00   39.80    0.00    0.00   10.20    0.00    0.00    0.00   39.80
23:11:57       3   10.31    0.00   42.27    0.00    0.00    7.22    0.00    0.00    0.00   40.21

23:11:57     CPU    %usr   %nice    %sys %iowait    %irq   %soft  %steal  %guest  %gnice   %idle
23:11:59     all   14.32    0.00   35.68    0.00    0.00    9.38    0.00    0.00    0.00   40.62
23:11:59       0   13.54    0.00   36.46    0.00    0.00    9.38    0.00    0.00    0.00   40.62
23:11:59       1   15.46    0.00   35.05    0.00    0.00    8.25    0.00    0.00    0.00   41.24
23:11:59       2   13.40    0.00   38.14    0.00    0.00    9.28    0.00    0.00    0.00   39.18
23:11:59       3   14.89    0.00   32.98    0.00    0.00   10.64    0.00    0.00    0.00   41.49

23:11:59     CPU    %usr   %nice    %sys %iowait    %irq   %soft  %steal  %guest  %gnice   %idle
23:12:00     all   13.09    0.00   38.74    0.00    0.00    7.33    0.00    0.00    0.00   40.84
23:12:00       0   12.75    0.00   44.12    0.00    0.00    5.88    0.00    0.00    0.00   37.25
23:12:00       1   10.64    0.00   37.23    0.00    0.00    9.57    0.00    0.00    0.00   42.55
23:12:00       2   15.38    0.00   35.16    0.00    0.00    6.59    0.00    0.00    0.00   42.86
23:12:00       3   13.68    0.00   37.89    0.00    0.00    7.37    0.00    0.00    0.00   41.05

23:12:00     CPU    %usr   %nice    %sys %iowait    %irq   %soft  %steal  %guest  %gnice   %idle
23:12:01     all   13.78    0.00   37.76    0.00    0.00    9.44    0.00    0.00    0.00   39.03
23:12:01       0   11.22    0.00   39.80    0.00    0.00    9.18    0.00    0.00    0.00   39.80
23:12:01       1   17.17    0.00   37.37    0.00    0.00    7.07    0.00    0.00    0.00   38.38
23:12:01       2   12.24    0.00   37.76    0.00    0.00   11.22    0.00    0.00    0.00   38.78
23:12:01       3   14.43    0.00   36.08    0.00    0.00   10.31    0.00    0.00    0.00   39.18

23:12:01     CPU    %usr   %nice    %sys %iowait    %irq   %soft  %steal  %guest  %gnice   %idle
23:12:02     all   13.68    0.00   38.95    0.00    0.00    7.37    0.00    0.00    0.00   40.00
23:12:02       0   13.54    0.00   39.58    0.00    0.00    8.33    0.00    0.00    0.00   38.54
23:12:02       1   10.64    0.00   41.49    0.00    0.00    6.38    0.00    0.00    0.00   41.49
23:12:02       2   14.14    0.00   39.39    0.00    0.00    8.08    0.00    0.00    0.00   38.38
23:12:02       3   16.48    0.00   35.16    0.00    0.00    6.59    0.00    0.00    0.00   41.76

23:12:02     CPU    %usr   %nice    %sys %iowait    %irq   %soft  %steal  %guest  %gnice   %idle
23:12:03     all   11.67    0.00   36.60    0.00    0.00    9.02    0.00    0.00    0.00   42.71
23:12:03       0   12.63    0.00   38.95    0.00    0.00    9.47    0.00    0.00    0.00   38.95
23:12:03       1   10.42    0.00   35.42    0.00    0.00   10.42    0.00    0.00    0.00   43.75
23:12:03       2   11.70    0.00   36.17    0.00    0.00    7.45    0.00    0.00    0.00   44.68
23:12:03       3   11.96    0.00   35.87    0.00    0.00    8.70    0.00    0.00    0.00   43.48

23:12:03     CPU    %usr   %nice    %sys %iowait    %irq   %soft  %steal  %guest  %gnice   %idle
23:12:04     all   15.26    0.00   34.21    0.00    0.00   10.26    0.00    0.00    0.00   40.26
23:12:04       0   15.22    0.00   30.43    0.00    0.00   11.96    0.00    0.00    0.00   42.39
23:12:04       1   16.16    0.00   35.35    0.00    0.00   10.10    0.00    0.00    0.00   38.38
23:12:04       2   15.96    0.00   37.23    0.00    0.00    7.45    0.00    0.00    0.00   39.36
23:12:04       3   13.68    0.00   33.68    0.00    0.00   11.58    0.00    0.00    0.00   41.05

23:12:04     CPU    %usr   %nice    %sys %iowait    %irq   %soft  %steal  %guest  %gnice   %idle
23:12:05     all   12.50    0.00   35.37    0.00    0.00   10.90    0.00    0.00    0.00   41.22
23:12:05       0   11.83    0.00   34.41    0.00    0.00   11.83    0.00    0.00    0.00   41.94
23:12:05       1   15.79    0.00   34.74    0.00    0.00    9.47    0.00    0.00    0.00   40.00
23:12:05       2    9.57    0.00   38.30    0.00    0.00   11.70    0.00    0.00    0.00   40.43
23:12:05       3   12.77    0.00   34.04    0.00    0.00   10.64    0.00    0.00    0.00   42.55

23:12:05     CPU    %usr   %nice    %sys %iowait    %irq   %soft  %steal  %guest  %gnice   %idle
23:12:06     all   12.92    0.00   39.79    0.00    0.00    7.75    0.00    0.00    0.00   39.53
23:12:06       0   12.37    0.00   37.11    0.00    0.00   11.34    0.00    0.00    0.00   39.18
23:12:06       1   13.40    0.00   41.24    0.00    0.00    7.22    0.00    0.00    0.00   38.14
23:12:06       2   10.53    0.00   43.16    0.00    0.00    5.26    0.00    0.00    0.00   41.05
23:12:06       3   15.31    0.00   37.76    0.00    0.00    7.14    0.00    0.00    0.00   39.80

23:12:06     CPU    %usr   %nice    %sys %iowait    %irq   %soft  %steal  %guest  %gnice   %idle
23:12:07     all   13.95    0.00   37.37    0.00    0.00    8.42    0.00    0.00    0.00   40.26
23:12:07       0   11.58    0.00   41.05    0.00    0.00    8.42    0.00    0.00    0.00   38.95
23:12:07       1   13.19    0.00   38.46    0.00    0.00    6.59    0.00    0.00    0.00   41.76
23:12:07       2   16.13    0.00   33.33    0.00    0.00    9.68    0.00    0.00    0.00   40.86
23:12:07       3   14.85    0.00   36.63    0.00    0.00    8.91    0.00    0.00    0.00   39.60

23:12:07     CPU    %usr   %nice    %sys %iowait    %irq   %soft  %steal  %guest  %gnice   %idle
23:12:08     all   12.94    0.00   37.06    0.00    0.00   10.15    0.00    0.00    0.00   39.85
23:12:08       0   11.58    0.00   33.68    0.00    0.00   12.63    0.00    0.00    0.00   42.11
23:12:08       1   13.73    0.00   38.24    0.00    0.00    9.80    0.00    0.00    0.00   38.24
23:12:08       2   13.54    0.00   38.54    0.00    0.00    7.29    0.00    0.00    0.00   40.62
23:12:08       3   12.87    0.00   37.62    0.00    0.00   10.89    0.00    0.00    0.00   38.61

23:12:08     CPU    %usr   %nice    %sys %iowait    %irq   %soft  %steal  %guest  %gnice   %idle
23:12:09     all   14.29    0.00   38.44    0.00    0.00    8.83    0.00    0.00    0.00   38.44
23:12:09       0   15.62    0.00   36.46    0.00    0.00    8.33    0.00    0.00    0.00   39.58
23:12:09       1   11.83    0.00   39.78    0.00    0.00    8.60    0.00    0.00    0.00   39.78
23:12:09       2   16.00    0.00   38.00    0.00    0.00   10.00    0.00    0.00    0.00   36.00
23:12:09       3   13.54    0.00   39.58    0.00    0.00    8.33    0.00    0.00    0.00   38.54

23:12:09     CPU    %usr   %nice    %sys %iowait    %irq   %soft  %steal  %guest  %gnice   %idle
23:12:10     all   13.03    0.00   38.83    0.00    0.00    7.98    0.00    0.00    0.00   40.16
23:12:10       0   15.46    0.00   39.18    0.00    0.00    6.19    0.00    0.00    0.00   39.18
23:12:10       1   13.98    0.00   37.63    0.00    0.00    6.45    0.00    0.00    0.00   41.94
23:12:10       2   13.04    0.00   40.22    0.00    0.00    6.52    0.00    0.00    0.00   40.22
23:12:10       3    9.57    0.00   38.30    0.00    0.00   12.77    0.00    0.00    0.00   39.36

23:12:10     CPU    %usr   %nice    %sys %iowait    %irq   %soft  %steal  %guest  %gnice   %idle
23:12:11     all   13.88    0.00   39.33    0.00    0.00    8.23    0.00    0.00    0.00   38.56
23:12:11       0   15.00    0.00   40.00    0.00    0.00    6.00    0.00    0.00    0.00   39.00
23:12:11       1   12.50    0.00   41.67    0.00    0.00    8.33    0.00    0.00    0.00   37.50
23:12:11       2   13.83    0.00   36.17    0.00    0.00    9.57    0.00    0.00    0.00   40.43
23:12:11       3   14.14    0.00   39.39    0.00    0.00    9.09    0.00    0.00    0.00   37.37

23:12:11     CPU    %usr   %nice    %sys %iowait    %irq   %soft  %steal  %guest  %gnice   %idle
23:12:12     all   12.47    0.00   38.18    0.00    0.00    9.09    0.00    0.00    0.00   40.26
23:12:12       0   17.53    0.00   30.93    0.00    0.00   10.31    0.00    0.00    0.00   41.24
23:12:12       1   10.20    0.00   39.80    0.00    0.00   10.20    0.00    0.00    0.00   39.80
23:12:12       2   11.58    0.00   41.05    0.00    0.00    7.37    0.00    0.00    0.00   40.00
23:12:12       3   10.53    0.00   41.05    0.00    0.00    8.42    0.00    0.00    0.00   40.00

23:12:12     CPU    %usr   %nice    %sys %iowait    %irq   %soft  %steal  %guest  %gnice   %idle
23:12:13     all   12.60    0.00   39.11    0.00    0.00    8.14    0.00    0.00    0.00   40.16
23:12:13       0   12.00    0.00   40.00    0.00    0.00    9.00    0.00    0.00    0.00   39.00
23:12:13       1   12.90    0.00   38.71    0.00    0.00    7.53    0.00    0.00    0.00   40.86
23:12:13       2   13.54    0.00   35.42    0.00    0.00   11.46    0.00    0.00    0.00   39.58
23:12:13       3   11.96    0.00   42.39    0.00    0.00    4.35    0.00    0.00    0.00   41.30

23:12:13     CPU    %usr   %nice    %sys %iowait    %irq   %soft  %steal  %guest  %gnice   %idle
23:12:14     all   11.49    0.00   39.95    0.00    0.00    8.09    0.00    0.00    0.00   40.47
23:12:14       0   11.34    0.00   41.24    0.00    0.00    8.25    0.00    0.00    0.00   39.18
23:12:14       1   12.37    0.00   40.21    0.00    0.00    7.22    0.00    0.00    0.00   40.21
23:12:14       2   11.58    0.00   41.05    0.00    0.00    6.32    0.00    0.00    0.00   41.05
23:12:14       3   10.64    0.00   37.23    0.00    0.00   10.64    0.00    0.00    0.00   41.49

23:12:14     CPU    %usr   %nice    %sys %iowait    %irq   %soft  %steal  %guest  %gnice   %idle
23:12:15     all   12.53    0.00   38.90    0.00    0.00    8.09    0.00    0.00    0.00   40.47
23:12:15       0   12.63    0.00   36.84    0.00    0.00   10.53    0.00    0.00    0.00   40.00
23:12:15       1   11.70    0.00   37.23    0.00    0.00    8.51    0.00    0.00    0.00   42.55
23:12:15       2   13.27    0.00   41.84    0.00    0.00    6.12    0.00    0.00    0.00   38.78
23:12:15       3   12.50    0.00   39.58    0.00    0.00    7.29    0.00    0.00    0.00   40.62

23:12:15     CPU    %usr   %nice    %sys %iowait    %irq   %soft  %steal  %guest  %gnice   %idle
23:12:16     all    7.58    0.00   32.02    0.56    0.00    7.87    0.00    0.00    0.00   51.97
23:12:16       0   10.23    0.00   29.55    1.14    0.00    6.82    0.00    0.00    0.00   52.27
23:12:16       1    7.61    0.00   28.26    1.09    0.00    8.70    0.00    0.00    0.00   54.35
23:12:16       2    6.67    0.00   40.00    0.00    0.00    7.78    0.00    0.00    0.00   45.56
23:12:16       3    5.81    0.00   30.23    0.00    0.00    8.14    0.00    0.00    0.00   55.81

23:12:16     CPU    %usr   %nice    %sys %iowait    %irq   %soft  %steal  %guest  %gnice   %idle
23:12:17     all   11.05    0.00   37.11    0.26    0.00    8.68    0.00    0.00    0.00   42.89
23:12:17       0   13.19    0.00   38.46    0.00    0.00    5.49    0.00    0.00    0.00   42.86
23:12:17       1    9.89    0.00   34.07    0.00    0.00    8.79    0.00    0.00    0.00   47.25
23:12:17       2   10.64    0.00   34.04    1.06    0.00   10.64    0.00    0.00    0.00   43.62
23:12:17       3   10.58    0.00   41.35    0.00    0.00    9.62    0.00    0.00    0.00   38.46

23:12:17     CPU    %usr   %nice    %sys %iowait    %irq   %soft  %steal  %guest  %gnice   %idle
23:12:18     all   14.06    0.00   38.02    0.00    0.00    8.07    0.00    0.00    0.00   39.84
23:12:18       0   13.13    0.00   42.42    0.00    0.00    7.07    0.00    0.00    0.00   37.37
23:12:18       1   15.22    0.00   35.87    0.00    0.00    6.52    0.00    0.00    0.00   42.39
23:12:18       2   12.00    0.00   40.00    0.00    0.00   10.00    0.00    0.00    0.00   38.00
23:12:18       3   16.13    0.00   33.33    0.00    0.00    8.60    0.00    0.00    0.00   41.94

23:12:18     CPU    %usr   %nice    %sys %iowait    %irq   %soft  %steal  %guest  %gnice   %idle
23:12:19     all   12.60    0.00   38.58    0.00    0.00    8.92    0.00    0.00    0.00   39.90
23:12:19       0   11.70    0.00   37.23    0.00    0.00    8.51    0.00    0.00    0.00   42.55
23:12:19       1   13.54    0.00   40.62    0.00    0.00    7.29    0.00    0.00    0.00   38.54
23:12:19       2   15.15    0.00   37.37    0.00    0.00   11.11    0.00    0.00    0.00   36.36
23:12:19       3    9.78    0.00   39.13    0.00    0.00    8.70    0.00    0.00    0.00   42.39

23:12:19     CPU    %usr   %nice    %sys %iowait    %irq   %soft  %steal  %guest  %gnice   %idle
23:12:20     all   12.07    0.00   36.22    0.00    0.00   10.24    0.00    0.00    0.00   41.47
23:12:20       0   14.58    0.00   33.33    0.00    0.00   10.42    0.00    0.00    0.00   41.67
23:12:20       1    9.38    0.00   40.62    0.00    0.00    9.38    0.00    0.00    0.00   40.62
23:12:20       2   13.83    0.00   35.11    0.00    0.00    8.51    0.00    0.00    0.00   42.55
23:12:20       3   10.53    0.00   35.79    0.00    0.00   12.63    0.00    0.00    0.00   41.05

23:12:20     CPU    %usr   %nice    %sys %iowait    %irq   %soft  %steal  %guest  %gnice   %idle
23:12:21     all   12.92    0.00   36.69    0.00    0.00   11.11    0.00    0.00    0.00   39.28
23:12:21       0   15.62    0.00   32.29    0.00    0.00   11.46    0.00    0.00    0.00   40.62
23:12:21       1   12.24    0.00   38.78    0.00    0.00   10.20    0.00    0.00    0.00   38.78
23:12:21       2   12.90    0.00   36.56    0.00    0.00    9.68    0.00    0.00    0.00   40.86
23:12:21       3   11.00    0.00   39.00    0.00    0.00   13.00    0.00    0.00    0.00   37.00

23:12:21     CPU    %usr   %nice    %sys %iowait    %irq   %soft  %steal  %guest  %gnice   %idle
23:12:22     all   14.07    0.00   38.11    0.00    0.00    8.44    0.00    0.00    0.00   39.39
23:12:22       0   12.77    0.00   40.43    0.00    0.00    7.45    0.00    0.00    0.00   39.36
23:12:22       1   16.00    0.00   37.00    0.00    0.00    7.00    0.00    0.00    0.00   40.00
23:12:22       2   13.13    0.00   37.37    0.00    0.00   10.10    0.00    0.00    0.00   39.39
23:12:22       3   14.29    0.00   37.76    0.00    0.00    9.18    0.00    0.00    0.00   38.78

23:12:22     CPU    %usr   %nice    %sys %iowait    %irq   %soft  %steal  %guest  %gnice   %idle
23:12:23     all   13.46    0.00   36.68    0.00    0.00    9.50    0.00    0.00    0.00   40.37
23:12:23       0   12.90    0.00   39.78    0.00    0.00    6.45    0.00    0.00    0.00   40.86
23:12:23       1   15.15    0.00   32.32    0.00    0.00   13.13    0.00    0.00    0.00   39.39
23:12:23       2   10.87    0.00   39.13    0.00    0.00    8.70    0.00    0.00    0.00   41.30
23:12:23       3   14.74    0.00   35.79    0.00    0.00    9.47    0.00    0.00    0.00   40.00

23:12:23     CPU    %usr   %nice    %sys %iowait    %irq   %soft  %steal  %guest  %gnice   %idle
23:12:24     all   12.85    0.00   39.07    0.00    0.00    8.74    0.00    0.00    0.00   39.33
23:12:24       0   10.99    0.00   35.16    0.00    0.00    9.89    0.00    0.00    0.00   43.96
23:12:24       1   14.85    0.00   39.60    0.00    0.00    7.92    0.00    0.00    0.00   37.62
23:12:24       2   16.33    0.00   40.82    0.00    0.00    6.12    0.00    0.00    0.00   36.73
23:12:24       3    9.09    0.00   40.40    0.00    0.00   11.11    0.00    0.00    0.00   39.39

23:12:24     CPU    %usr   %nice    %sys %iowait    %irq   %soft  %steal  %guest  %gnice   %idle
23:12:25     all    9.87    0.00   26.75    0.26    0.00    5.71    0.00    0.00    0.00   57.40
23:12:25       0   12.00    0.00   28.00    0.00    0.00    5.00    0.00    0.00    0.00   55.00
23:12:25       1    8.16    0.00   30.61    0.00    0.00    4.08    0.00    0.00    0.00   57.14
23:12:25       2    7.61    0.00   23.91    0.00    0.00    7.61    0.00    0.00    0.00   60.87
23:12:25       3   11.58    0.00   24.21    1.05    0.00    6.32    0.00    0.00    0.00   56.84
