Linux 5.15.0-171-generic (cloudnet-s05) 	05/19/2026 	_x86_64_	(8 CPU)

12:26:56 PM  CPU    %usr   %nice    %sys %iowait    %irq   %soft  %steal  %guest  %gnice   %idle
12:26:57 PM  all    1.00    0.00    0.88    0.00    0.00    0.00    0.00    0.00    0.00   98.12
12:26:57 PM    0    2.97    0.00    1.98    0.00    0.00    0.00    0.00    0.00    0.00   95.05
12:26:57 PM    1    0.00    0.00    2.00    0.00    0.00    0.00    0.00    0.00    0.00   98.00
12:26:57 PM    2    1.00    0.00    2.00    0.00    0.00    0.00    0.00    0.00    0.00   97.00
12:26:57 PM    3    1.00    0.00    0.00    0.00    0.00    0.00    0.00    0.00    0.00   99.00
12:26:57 PM    4    1.00    0.00    0.00    0.00    0.00    0.00    0.00    0.00    0.00   99.00
12:26:57 PM    5    1.00    0.00    1.00    0.00    0.00    0.00    0.00    0.00    0.00   98.00
12:26:57 PM    6    1.01    0.00    0.00    0.00    0.00    0.00    0.00    0.00    0.00   98.99
12:26:57 PM    7    0.00    0.00    0.00    0.00    0.00    0.00    0.00    0.00    0.00  100.00

12:26:57 PM  CPU    %usr   %nice    %sys %iowait    %irq   %soft  %steal  %guest  %gnice   %idle
12:26:58 PM  all    0.12    0.00    0.37    0.37    0.00    0.00    0.00    0.00    0.00   99.13
12:26:58 PM    0    0.00    0.00    1.00    0.00    0.00    0.00    0.00    0.00    0.00   99.00
12:26:58 PM    1    0.00    0.00    0.00    0.00    0.00    0.00    0.00    0.00    0.00  100.00
12:26:58 PM    2    0.99    0.00    0.00    0.00    0.00    0.00    0.00    0.00    0.00   99.01
12:26:58 PM    3    0.00    0.00    0.00    1.01    0.00    0.00    0.00    0.00    0.00   98.99
12:26:58 PM    4    0.00    0.00    0.98    0.98    0.00    0.00    0.00    0.00    0.00   98.04
12:26:58 PM    5    0.00    0.00    1.00    0.00    0.00    0.00    0.00    0.00    0.00   99.00
12:26:58 PM    6    0.00    0.00    0.00    1.00    0.00    0.00    0.00    0.00    0.00   99.00
12:26:58 PM    7    0.00    0.00    0.00    0.00    0.00    0.00    0.00    0.00    0.00  100.00

12:26:58 PM  CPU    %usr   %nice    %sys %iowait    %irq   %soft  %steal  %guest  %gnice   %idle
12:26:59 PM  all    0.13    0.00    0.00    0.00    0.00    0.00    0.00    0.00    0.00   99.87
12:26:59 PM    0    0.00    0.00    0.00    0.00    0.00    0.00    0.00    0.00    0.00  100.00
12:26:59 PM    1    1.00    0.00    0.00    0.00    0.00    0.00    0.00    0.00    0.00   99.00
12:26:59 PM    2    0.00    0.00    0.00    0.00    0.00    0.00    0.00    0.00    0.00  100.00
12:26:59 PM    3    0.00    0.00    0.00    0.00    0.00    0.00    0.00    0.00    0.00  100.00
12:26:59 PM    4    0.00    0.00    0.00    0.00    0.00    0.00    0.00    0.00    0.00  100.00
12:26:59 PM    5    0.00    0.00    0.00    0.00    0.00    0.00    0.00    0.00    0.00  100.00
12:26:59 PM    6    0.00    0.00    0.00    0.00    0.00    0.00    0.00    0.00    0.00  100.00
12:26:59 PM    7    0.00    0.00    0.00    0.00    0.00    0.00    0.00    0.00    0.00  100.00

12:26:59 PM  CPU    %usr   %nice    %sys %iowait    %irq   %soft  %steal  %guest  %gnice   %idle
12:27:00 PM  all    0.75    0.00    0.13    0.00    0.00    0.00    0.00    0.00    0.00   99.12
12:27:00 PM    0    0.00    0.00    0.00    0.00    0.00    0.00    0.00    0.00    0.00  100.00
12:27:00 PM    1    0.00    0.00    0.00    0.00    0.00    0.00    0.00    0.00    0.00  100.00
12:27:00 PM    2    0.00    0.00    0.00    0.00    0.00    0.00    0.00    0.00    0.00  100.00
12:27:00 PM    3    3.03    0.00    1.01    0.00    0.00    0.00    0.00    0.00    0.00   95.96
12:27:00 PM    4    0.00    0.00    0.00    0.00    0.00    0.00    0.00    0.00    0.00  100.00
12:27:00 PM    5    1.00    0.00    0.00    0.00    0.00    0.00    0.00    0.00    0.00   99.00
12:27:00 PM    6    1.00    0.00    0.00    0.00    0.00    0.00    0.00    0.00    0.00   99.00
12:27:00 PM    7    1.00    0.00    0.00    0.00    0.00    0.00    0.00    0.00    0.00   99.00

12:27:00 PM  CPU    %usr   %nice    %sys %iowait    %irq   %soft  %steal  %guest  %gnice   %idle
12:27:01 PM  all    6.02    0.00    9.68    0.00    0.00    3.07    0.00    0.00    0.00   81.23
12:27:01 PM    0    5.71    0.00   10.48    0.00    0.00    2.86    0.00    0.00    0.00   80.95
12:27:01 PM    1    9.35    0.00    8.41    0.00    0.00    2.80    0.00    0.00    0.00   79.44
12:27:01 PM    2    6.60    0.00    9.43    0.00    0.00    3.77    0.00    0.00    0.00   80.19
12:27:01 PM    3    5.71    0.00    9.52    0.00    0.00    1.90    0.00    0.00    0.00   82.86
12:27:01 PM    4    4.76    0.00    8.57    0.00    0.00    2.86    0.00    0.00    0.00   83.81
12:27:01 PM    5    4.76    0.00    9.52    0.00    0.00    3.81    0.00    0.00    0.00   81.90
12:27:01 PM    6    7.27    0.00   10.91    0.00    0.00    3.64    0.00    0.00    0.00   78.18
12:27:01 PM    7    3.85    0.00   10.58    0.00    0.00    2.88    0.00    0.00    0.00   82.69

12:27:01 PM  CPU    %usr   %nice    %sys %iowait    %irq   %soft  %steal  %guest  %gnice   %idle
12:27:02 PM  all    6.41    0.00   11.49    0.00    0.00    3.26    0.00    0.00    0.00   78.84
12:27:02 PM    0    5.00    0.00    9.00    0.00    0.00    4.00    0.00    0.00    0.00   82.00
12:27:02 PM    1    7.62    0.00   12.38    0.00    0.00    3.81    0.00    0.00    0.00   76.19
12:27:02 PM    2    8.41    0.00   13.08    0.00    0.00    2.80    0.00    0.00    0.00   75.70
12:27:02 PM    3    8.57    0.00   11.43    0.00    0.00    2.86    0.00    0.00    0.00   77.14
12:27:02 PM    4    6.80    0.00   11.65    0.00    0.00    2.91    0.00    0.00    0.00   78.64
12:27:02 PM    5    3.92    0.00   12.75    0.00    0.00    3.92    0.00    0.00    0.00   79.41
12:27:02 PM    6    5.77    0.00   11.54    0.00    0.00    2.88    0.00    0.00    0.00   79.81
12:27:02 PM    7    4.95    0.00    9.90    0.00    0.00    2.97    0.00    0.00    0.00   82.18

12:27:02 PM  CPU    %usr   %nice    %sys %iowait    %irq   %soft  %steal  %guest  %gnice   %idle
12:27:03 PM  all    6.42    0.00   11.40    0.39    0.00    2.49    0.00    0.00    0.00   79.29
12:27:03 PM    0    5.21    0.00   11.46    1.04    0.00    2.08    0.00    0.00    0.00   80.21
12:27:03 PM    1    5.32    0.00   12.77    0.00    0.00    1.06    0.00    0.00    0.00   80.85
12:27:03 PM    2    8.51    0.00   10.64    0.00    0.00    2.13    0.00    0.00    0.00   78.72
12:27:03 PM    3    6.45    0.00    8.60    1.08    0.00    2.15    0.00    0.00    0.00   81.72
12:27:03 PM    4    4.12    0.00   13.40    0.00    0.00    3.09    0.00    0.00    0.00   79.38
12:27:03 PM    5    8.51    0.00    9.57    0.00    0.00    2.13    0.00    0.00    0.00   79.79
12:27:03 PM    6    7.07    0.00   12.12    0.00    0.00    3.03    0.00    0.00    0.00   77.78
12:27:03 PM    7    6.25    0.00   12.50    1.04    0.00    4.17    0.00    0.00    0.00   76.04

12:27:03 PM  CPU    %usr   %nice    %sys %iowait    %irq   %soft  %steal  %guest  %gnice   %idle
12:27:04 PM  all    6.76    0.00   13.27    0.00    0.00    3.07    0.00    0.00    0.00   76.90
12:27:04 PM    0    5.77    0.00   17.31    0.00    0.00    2.88    0.00    0.00    0.00   74.04
12:27:04 PM    1    4.76    0.00   14.29    0.00    0.00    4.76    0.00    0.00    0.00   76.19
12:27:04 PM    2    4.08    0.00   13.27    0.00    0.00    3.06    0.00    0.00    0.00   79.59
12:27:04 PM    3    8.65    0.00   13.46    0.00    0.00    2.88    0.00    0.00    0.00   75.00
12:27:04 PM    4    9.71    0.00   11.65    0.00    0.00    3.88    0.00    0.00    0.00   74.76
12:27:04 PM    5    6.00    0.00   12.00    0.00    0.00    3.00    0.00    0.00    0.00   79.00
12:27:04 PM    6    6.93    0.00   13.86    0.00    0.00    1.98    0.00    0.00    0.00   77.23
12:27:04 PM    7    8.08    0.00   10.10    0.00    0.00    2.02    0.00    0.00    0.00   79.80

12:27:04 PM  CPU    %usr   %nice    %sys %iowait    %irq   %soft  %steal  %guest  %gnice   %idle
12:27:05 PM  all    7.79    0.00   15.47    0.00    0.00    3.19    0.00    0.00    0.00   73.55
12:27:05 PM    0    8.26    0.00   15.60    0.00    0.00    4.59    0.00    0.00    0.00   71.56
12:27:05 PM    1    7.55    0.00   16.98    0.00    0.00    1.89    0.00    0.00    0.00   73.58
12:27:05 PM    2    4.67    0.00   18.69    0.00    0.00    3.74    0.00    0.00    0.00   72.90
12:27:05 PM    3    8.57    0.00   15.24    0.00    0.00    1.90    0.00    0.00    0.00   74.29
12:27:05 PM    4    6.73    0.00   15.38    0.00    0.00    2.88    0.00    0.00    0.00   75.00
12:27:05 PM    5    7.84    0.00   10.78    0.00    0.00    3.92    0.00    0.00    0.00   77.45
12:27:05 PM    6   10.38    0.00   14.15    0.00    0.00    2.83    0.00    0.00    0.00   72.64
12:27:05 PM    7    8.33    0.00   16.67    0.00    0.00    3.70    0.00    0.00    0.00   71.30

12:27:05 PM  CPU    %usr   %nice    %sys %iowait    %irq   %soft  %steal  %guest  %gnice   %idle
12:27:06 PM  all    7.96    0.00   13.84    0.00    0.00    3.11    0.00    0.00    0.00   75.09
12:27:06 PM    0    8.26    0.00   14.68    0.00    0.00    3.67    0.00    0.00    0.00   73.39
12:27:06 PM    1    7.96    0.00   15.04    0.00    0.00    6.19    0.00    0.00    0.00   70.80
12:27:06 PM    2    8.41    0.00   14.02    0.00    0.00    1.87    0.00    0.00    0.00   75.70
12:27:06 PM    3    6.67    0.00   15.24    0.00    0.00    0.00    0.00    0.00    0.00   78.10
12:27:06 PM    4    6.93    0.00    8.91    0.00    0.00    1.98    0.00    0.00    0.00   82.18
12:27:06 PM    5    8.11    0.00   16.22    0.00    0.00    1.80    0.00    0.00    0.00   73.87
12:27:06 PM    6    9.09    0.00   11.82    0.00    0.00    3.64    0.00    0.00    0.00   75.45
12:27:06 PM    7    8.11    0.00   14.41    0.00    0.00    5.41    0.00    0.00    0.00   72.07

12:27:06 PM  CPU    %usr   %nice    %sys %iowait    %irq   %soft  %steal  %guest  %gnice   %idle
12:27:07 PM  all    7.63    0.00   15.02    0.00    0.00    2.46    0.00    0.00    0.00   74.88
12:27:07 PM    0    5.88    0.00   14.71    0.00    0.00    0.98    0.00    0.00    0.00   78.43
12:27:07 PM    1    9.52    0.00   14.29    0.00    0.00    1.90    0.00    0.00    0.00   74.29
12:27:07 PM    2    5.61    0.00   16.82    0.00    0.00    4.67    0.00    0.00    0.00   72.90
12:27:07 PM    3   10.09    0.00   14.68    0.00    0.00    2.75    0.00    0.00    0.00   72.48
12:27:07 PM    4    8.33    0.00   14.81    0.00    0.00    1.85    0.00    0.00    0.00   75.00
12:27:07 PM    5    3.92    0.00   13.73    0.00    0.00    2.94    0.00    0.00    0.00   79.41
12:27:07 PM    6    8.11    0.00   16.22    0.00    0.00    2.70    0.00    0.00    0.00   72.97
12:27:07 PM    7    9.26    0.00   14.81    0.00    0.00    1.85    0.00    0.00    0.00   74.07

12:27:07 PM  CPU    %usr   %nice    %sys %iowait    %irq   %soft  %steal  %guest  %gnice   %idle
12:27:08 PM  all    8.23    0.00   14.77    0.36    0.00    3.63    0.00    0.00    0.00   73.00
12:27:08 PM    0   10.09    0.00   15.60    0.00    0.00    5.50    0.00    0.00    0.00   68.81
12:27:08 PM    1    9.43    0.00   16.98    0.00    0.00    3.77    0.00    0.00    0.00   69.81
12:27:08 PM    2    6.93    0.00   12.87    0.99    0.00    4.95    0.00    0.00    0.00   74.26
12:27:08 PM    3    9.62    0.00   13.46    0.96    0.00    4.81    0.00    0.00    0.00   71.15
12:27:08 PM    4    8.16    0.00   13.27    0.00    0.00    2.04    0.00    0.00    0.00   76.53
12:27:08 PM    5    7.84    0.00   12.75    0.00    0.00    3.92    0.00    0.00    0.00   75.49
12:27:08 PM    6    5.77    0.00   18.27    0.00    0.00    1.92    0.00    0.00    0.00   74.04
12:27:08 PM    7    7.84    0.00   14.71    0.98    0.00    1.96    0.00    0.00    0.00   74.51

12:27:08 PM  CPU    %usr   %nice    %sys %iowait    %irq   %soft  %steal  %guest  %gnice   %idle
12:27:09 PM  all    8.38    0.00   15.82    0.00    0.00    4.37    0.00    0.00    0.00   71.43
12:27:09 PM    0    7.62    0.00   18.10    0.00    0.00    0.95    0.00    0.00    0.00   73.33
12:27:09 PM    1   10.81    0.00   15.32    0.00    0.00    5.41    0.00    0.00    0.00   68.47
12:27:09 PM    2    5.41    0.00   17.12    0.00    0.00    7.21    0.00    0.00    0.00   70.27
12:27:09 PM    3   11.21    0.00   16.82    0.00    0.00    3.74    0.00    0.00    0.00   68.22
12:27:09 PM    4    7.77    0.00   15.53    0.00    0.00    2.91    0.00    0.00    0.00   73.79
12:27:09 PM    5    7.00    0.00   11.00    0.00    0.00    5.00    0.00    0.00    0.00   77.00
12:27:09 PM    6    6.73    0.00   15.38    0.00    0.00    5.77    0.00    0.00    0.00   72.12
12:27:09 PM    7   10.38    0.00   16.98    0.00    0.00    3.77    0.00    0.00    0.00   68.87

12:27:09 PM  CPU    %usr   %nice    %sys %iowait    %irq   %soft  %steal  %guest  %gnice   %idle
12:27:10 PM  all    8.77    0.00   14.69    0.00    0.00    3.58    0.00    0.00    0.00   72.96
12:27:10 PM    0    7.84    0.00   13.73    0.00    0.00    3.92    0.00    0.00    0.00   74.51
12:27:10 PM    1    4.00    0.00   15.00    0.00    0.00    4.00    0.00    0.00    0.00   77.00
12:27:10 PM    2    7.00    0.00   14.00    0.00    0.00    4.00    0.00    0.00    0.00   75.00
12:27:10 PM    3    8.25    0.00   10.31    0.00    0.00    3.09    0.00    0.00    0.00   78.35
12:27:10 PM    4    8.91    0.00   13.86    0.00    0.00    3.96    0.00    0.00    0.00   73.27
12:27:10 PM    5    8.82    0.00   18.63    0.00    0.00    1.96    0.00    0.00    0.00   70.59
12:27:10 PM    6   13.46    0.00   16.35    0.00    0.00    2.88    0.00    0.00    0.00   67.31
12:27:10 PM    7   11.54    0.00   15.38    0.00    0.00    4.81    0.00    0.00    0.00   68.27

12:27:10 PM  CPU    %usr   %nice    %sys %iowait    %irq   %soft  %steal  %guest  %gnice   %idle
12:27:11 PM  all    8.74    0.00   16.60    0.00    0.00    3.50    0.00    0.00    0.00   71.16
12:27:11 PM    0    7.92    0.00   18.81    0.00    0.00    2.97    0.00    0.00    0.00   70.30
12:27:11 PM    1    6.25    0.00   17.71    0.00    0.00    2.08    0.00    0.00    0.00   73.96
12:27:11 PM    2   10.20    0.00   14.29    0.00    0.00    3.06    0.00    0.00    0.00   72.45
12:27:11 PM    3    8.91    0.00   16.83    0.00    0.00    4.95    0.00    0.00    0.00   69.31
12:27:11 PM    4    9.52    0.00   19.05    0.00    0.00    2.86    0.00    0.00    0.00   68.57
12:27:11 PM    5    7.00    0.00   17.00    0.00    0.00    4.00    0.00    0.00    0.00   72.00
12:27:11 PM    6   10.31    0.00   15.46    0.00    0.00    2.06    0.00    0.00    0.00   72.16
12:27:11 PM    7    9.71    0.00   13.59    0.00    0.00    5.83    0.00    0.00    0.00   70.87

12:27:11 PM  CPU    %usr   %nice    %sys %iowait    %irq   %soft  %steal  %guest  %gnice   %idle
12:27:12 PM  all   13.75    0.00   20.16    0.00    0.00    3.50    0.00    0.00    0.00   62.59
12:27:12 PM    0   10.19    0.00   20.37    0.00    0.00    6.48    0.00    0.00    0.00   62.96
12:27:12 PM    1   12.04    0.00   21.30    0.00    0.00    3.70    0.00    0.00    0.00   62.96
12:27:12 PM    2   13.79    0.00   25.00    0.00    0.00    2.59    0.00    0.00    0.00   58.62
12:27:12 PM    3   13.21    0.00   18.87    0.00    0.00    2.83    0.00    0.00    0.00   65.09
12:27:12 PM    4   10.38    0.00   18.87    0.00    0.00    2.83    0.00    0.00    0.00   67.92
12:27:12 PM    5   11.88    0.00   14.85    0.00    0.00    2.97    0.00    0.00    0.00   70.30
12:27:12 PM    6   18.02    0.00   23.42    0.00    0.00    4.50    0.00    0.00    0.00   54.05
12:27:12 PM    7   20.59    0.00   17.65    0.00    0.00    1.96    0.00    0.00    0.00   59.80

12:27:12 PM  CPU    %usr   %nice    %sys %iowait    %irq   %soft  %steal  %guest  %gnice   %idle
12:27:13 PM  all   15.76    0.00   18.54    0.43    0.00    3.64    0.00    0.00    0.00   61.63
12:27:13 PM    0   13.16    0.00   18.42    0.00    0.00    1.75    0.00    0.00    0.00   66.67
12:27:13 PM    1   12.40    0.00   19.01    0.00    0.00    4.96    0.00    0.00    0.00   63.64
12:27:13 PM    2   10.74    0.00   22.31    0.83    0.00    4.96    0.00    0.00    0.00   61.16
12:27:13 PM    3   14.41    0.00   16.95    0.00    0.00    3.39    0.00    0.00    0.00   65.25
12:27:13 PM    4    6.14    0.00   18.42    2.63    0.00    3.51    0.00    0.00    0.00   69.30
12:27:13 PM    5   10.57    0.00   21.95    0.00    0.00    4.07    0.00    0.00    0.00   63.41
12:27:13 PM    6   30.70    0.00   16.67    0.00    0.00    3.51    0.00    0.00    0.00   49.12
12:27:13 PM    7   29.63    0.00   13.89    0.00    0.00    2.78    0.00    0.00    0.00   53.70

12:27:13 PM  CPU    %usr   %nice    %sys %iowait    %irq   %soft  %steal  %guest  %gnice   %idle
12:27:14 PM  all    8.93    0.00   16.68    0.00    0.00    2.05    0.00    0.00    0.00   72.34
12:27:14 PM    0    6.19    0.00   17.70    0.00    0.00    1.77    0.00    0.00    0.00   74.34
12:27:14 PM    1    8.55    0.00   13.68    0.00    0.00    4.27    0.00    0.00    0.00   73.50
12:27:14 PM    2    4.39    0.00   19.30    0.00    0.00    1.75    0.00    0.00    0.00   74.56
12:27:14 PM    3    7.89    0.00   16.67    0.00    0.00    1.75    0.00    0.00    0.00   73.68
12:27:14 PM    4   11.97    0.00   14.53    0.00    0.00    1.71    0.00    0.00    0.00   71.79
12:27:14 PM    5   11.67    0.00   17.50    0.00    0.00    0.83    0.00    0.00    0.00   70.00
12:27:14 PM    6   10.17    0.00   17.80    0.00    0.00    2.54    0.00    0.00    0.00   69.49
12:27:14 PM    7   10.34    0.00   16.38    0.00    0.00    1.72    0.00    0.00    0.00   71.55

12:27:14 PM  CPU    %usr   %nice    %sys %iowait    %irq   %soft  %steal  %guest  %gnice   %idle
12:27:15 PM  all   11.84    0.00   19.05    0.00    0.00    3.12    0.00    0.00    0.00   65.98
12:27:15 PM    0   11.86    0.00   17.80    0.00    0.00    4.24    0.00    0.00    0.00   66.10
12:27:15 PM    1   11.76    0.00   20.17    0.00    0.00    2.52    0.00    0.00    0.00   65.55
12:27:15 PM    2   12.28    0.00   17.54    0.00    0.00    3.51    0.00    0.00    0.00   66.67
12:27:15 PM    3    7.96    0.00   19.47    0.00    0.00    2.65    0.00    0.00    0.00   69.91
12:27:15 PM    4   12.61    0.00   20.17    0.00    0.00    3.36    0.00    0.00    0.00   63.87
12:27:15 PM    5   13.27    0.00   16.81    0.00    0.00    2.65    0.00    0.00    0.00   67.26
12:27:15 PM    6   12.93    0.00   18.97    0.00    0.00    3.45    0.00    0.00    0.00   64.66
12:27:15 PM    7   11.97    0.00   21.37    0.00    0.00    2.56    0.00    0.00    0.00   64.10

12:27:15 PM  CPU    %usr   %nice    %sys %iowait    %irq   %soft  %steal  %guest  %gnice   %idle
12:27:16 PM  all   10.58    0.00   16.45    0.00    0.00    5.05    0.00    0.00    0.00   67.92
12:27:16 PM    0   10.58    0.00   16.35    0.00    0.00    4.81    0.00    0.00    0.00   68.27
12:27:16 PM    1   12.62    0.00   13.59    0.00    0.00    3.88    0.00    0.00    0.00   69.90
12:27:16 PM    2   12.50    0.00   20.54    0.00    0.00    5.36    0.00    0.00    0.00   61.61
12:27:16 PM    3    9.71    0.00   14.56    0.00    0.00    4.85    0.00    0.00    0.00   70.87
12:27:16 PM    4   13.39    0.00   18.75    0.00    0.00    5.36    0.00    0.00    0.00   62.50
12:27:16 PM    5    7.41    0.00   15.74    0.00    0.00    6.48    0.00    0.00    0.00   70.37
12:27:16 PM    6    8.91    0.00   13.86    0.00    0.00    4.95    0.00    0.00    0.00   72.28
12:27:16 PM    7    9.26    0.00   17.59    0.00    0.00    4.63    0.00    0.00    0.00   68.52

12:27:16 PM  CPU    %usr   %nice    %sys %iowait    %irq   %soft  %steal  %guest  %gnice   %idle
12:27:17 PM  all   12.34    0.00   16.92    0.00    0.00    2.95    0.00    0.00    0.00   67.79
12:27:17 PM    0   13.16    0.00   14.91    0.00    0.00    4.39    0.00    0.00    0.00   67.54
12:27:17 PM    1   14.53    0.00   16.24    0.00    0.00    2.56    0.00    0.00    0.00   66.67
12:27:17 PM    2   11.40    0.00   18.42    0.00    0.00    2.63    0.00    0.00    0.00   67.54
12:27:17 PM    3   14.91    0.00   17.54    0.00    0.00    0.88    0.00    0.00    0.00   66.67
12:27:17 PM    4   10.26    0.00   17.95    0.00    0.00    5.13    0.00    0.00    0.00   66.67
12:27:17 PM    5   12.39    0.00   15.93    0.00    0.00    3.54    0.00    0.00    0.00   68.14
12:27:17 PM    6   12.93    0.00   17.24    0.00    0.00    2.59    0.00    0.00    0.00   67.24
12:27:17 PM    7    9.01    0.00   17.12    0.00    0.00    1.80    0.00    0.00    0.00   72.07

12:27:17 PM  CPU    %usr   %nice    %sys %iowait    %irq   %soft  %steal  %guest  %gnice   %idle
12:27:18 PM  all    8.26    0.00   13.69    0.00    0.00    2.26    0.00    0.00    0.00   75.79
12:27:18 PM    0    9.09    0.00   13.64    0.00    0.00    2.73    0.00    0.00    0.00   74.55
12:27:18 PM    1    7.14    0.00   16.07    0.00    0.00    2.68    0.00    0.00    0.00   74.11
12:27:18 PM    2    7.08    0.00   14.16    0.00    0.00    6.19    0.00    0.00    0.00   72.57
12:27:18 PM    3    7.48    0.00   14.02    0.00    0.00    1.87    0.00    0.00    0.00   76.64
12:27:18 PM    4    4.72    0.00   14.15    0.00    0.00    1.89    0.00    0.00    0.00   79.25
12:27:18 PM    5    5.45    0.00   15.45    0.00    0.00    0.91    0.00    0.00    0.00   78.18
12:27:18 PM    6   16.10    0.00    9.32    0.00    0.00    0.85    0.00    0.00    0.00   73.73
12:27:18 PM    7    8.33    0.00   12.96    0.00    0.00    0.93    0.00    0.00    0.00   77.78

12:27:18 PM  CPU    %usr   %nice    %sys %iowait    %irq   %soft  %steal  %guest  %gnice   %idle
12:27:19 PM  all   10.39    0.00   15.24    0.00    0.00    2.89    0.00    0.00    0.00   71.48
12:27:19 PM    0   11.21    0.00   14.02    0.00    0.00    3.74    0.00    0.00    0.00   71.03
12:27:19 PM    1    7.41    0.00   17.59    0.00    0.00    4.63    0.00    0.00    0.00   70.37
12:27:19 PM    2   11.21    0.00   15.89    0.00    0.00    3.74    0.00    0.00    0.00   69.16
12:27:19 PM    3   13.76    0.00   16.51    0.00    0.00    1.83    0.00    0.00    0.00   67.89
12:27:19 PM    4   12.50    0.00    7.69    0.00    0.00    0.96    0.00    0.00    0.00   78.85
12:27:19 PM    5    5.77    0.00   16.35    0.00    0.00    2.88    0.00    0.00    0.00   75.00
12:27:19 PM    6   12.07    0.00   15.52    0.00    0.00    2.59    0.00    0.00    0.00   69.83
12:27:19 PM    7    9.01    0.00   18.02    0.00    0.00    2.70    0.00    0.00    0.00   70.27

12:27:19 PM  CPU    %usr   %nice    %sys %iowait    %irq   %soft  %steal  %guest  %gnice   %idle
12:27:20 PM  all   14.98    0.00   22.71    0.00    0.00    4.28    0.00    0.00    0.00   58.03
12:27:20 PM    0   16.50    0.00   23.30    0.00    0.00    3.88    0.00    0.00    0.00   56.31
12:27:20 PM    1   18.63    0.00   21.57    0.00    0.00    2.94    0.00    0.00    0.00   56.86
12:27:20 PM    2   15.69    0.00   21.57    0.00    0.00    3.92    0.00    0.00    0.00   58.82
12:27:20 PM    3   18.45    0.00   22.33    0.00    0.00    2.91    0.00    0.00    0.00   56.31
12:27:20 PM    4    7.84    0.00   24.51    0.00    0.00    4.90    0.00    0.00    0.00   62.75
12:27:20 PM    5   12.39    0.00   25.66    0.00    0.00    6.19    0.00    0.00    0.00   55.75
12:27:20 PM    6   14.68    0.00   22.02    0.00    0.00    4.59    0.00    0.00    0.00   58.72
12:27:20 PM    7   15.89    0.00   20.56    0.00    0.00    4.67    0.00    0.00    0.00   58.88

12:27:20 PM  CPU    %usr   %nice    %sys %iowait    %irq   %soft  %steal  %guest  %gnice   %idle
12:27:21 PM  all   13.00    0.00   16.98    0.00    0.00    2.93    0.00    0.00    0.00   67.10
12:27:21 PM    0   12.75    0.00   16.67    0.00    0.00    2.94    0.00    0.00    0.00   67.65
12:27:21 PM    1   12.04    0.00   20.37    0.00    0.00    3.70    0.00    0.00    0.00   63.89
12:27:21 PM    2   16.07    0.00   16.96    0.00    0.00    4.46    0.00    0.00    0.00   62.50
12:27:21 PM    3   11.76    0.00   18.63    0.00    0.00    1.96    0.00    0.00    0.00   67.65
12:27:21 PM    4   11.54    0.00   14.42    0.00    0.00    3.85    0.00    0.00    0.00   70.19
12:27:21 PM    5   15.74    0.00   15.74    0.00    0.00    0.93    0.00    0.00    0.00   67.59
12:27:21 PM    6   11.21    0.00   14.95    0.00    0.00    2.80    0.00    0.00    0.00   71.03
12:27:21 PM    7   12.61    0.00   18.02    0.00    0.00    2.70    0.00    0.00    0.00   66.67

12:27:21 PM  CPU    %usr   %nice    %sys %iowait    %irq   %soft  %steal  %guest  %gnice   %idle
12:27:22 PM  all    9.33    0.00   12.72    0.12    0.00    2.33    0.00    0.00    0.00   75.50
12:27:22 PM    0    8.18    0.00   14.55    0.00    0.00    5.45    0.00    0.00    0.00   71.82
12:27:22 PM    1    9.35    0.00   15.89    0.00    0.00    1.87    0.00    0.00    0.00   72.90
12:27:22 PM    2   11.93    0.00   13.76    0.00    0.00    2.75    0.00    0.00    0.00   71.56
12:27:22 PM    3    7.89    0.00   17.54    0.00    0.00    5.26    0.00    0.00    0.00   69.30
12:27:22 PM    4   10.48    0.00   10.48    0.00    0.00    0.00    0.00    0.00    0.00   79.05
12:27:22 PM    5    6.86    0.00    9.80    0.98    0.00    0.98    0.00    0.00    0.00   81.37
12:27:22 PM    6    5.83    0.00   12.62    0.00    0.00    0.97    0.00    0.00    0.00   80.58
12:27:22 PM    7   14.02    0.00    6.54    0.00    0.00    0.93    0.00    0.00    0.00   78.50

12:27:22 PM  CPU    %usr   %nice    %sys %iowait    %irq   %soft  %steal  %guest  %gnice   %idle
12:27:23 PM  all   13.14    0.00   22.37    0.11    0.00    2.93    0.00    0.00    0.00   61.45
12:27:23 PM    0   14.17    0.00   22.50    0.00    0.00    5.83    0.00    0.00    0.00   57.50
12:27:23 PM    1   13.56    0.00   22.88    0.85    0.00    5.08    0.00    0.00    0.00   57.63
12:27:23 PM    2   15.52    0.00   21.55    0.00    0.00    2.59    0.00    0.00    0.00   60.34
12:27:23 PM    3   13.79    0.00   22.41    0.00    0.00    4.31    0.00    0.00    0.00   59.48
12:27:23 PM    4    9.91    0.00   21.62    0.00    0.00    1.80    0.00    0.00    0.00   66.67
12:27:23 PM    5   12.61    0.00   18.92    0.00    0.00    0.90    0.00    0.00    0.00   67.57
12:27:23 PM    6   12.39    0.00   23.89    0.00    0.00    1.77    0.00    0.00    0.00   61.95
12:27:23 PM    7   12.93    0.00   25.00    0.00    0.00    0.86    0.00    0.00    0.00   61.21

12:27:23 PM  CPU    %usr   %nice    %sys %iowait    %irq   %soft  %steal  %guest  %gnice   %idle
12:27:24 PM  all    7.75    0.00    9.23    0.00    0.00    1.48    0.00    0.00    0.00   81.55
12:27:24 PM    0    6.80    0.00   12.62    0.00    0.00    0.97    0.00    0.00    0.00   79.61
12:27:24 PM    1    7.92    0.00   11.88    0.00    0.00    1.98    0.00    0.00    0.00   78.22
12:27:24 PM    2   10.38    0.00    9.43    0.00    0.00    3.77    0.00    0.00    0.00   76.42
12:27:24 PM    3   11.21    0.00   11.21    0.00    0.00    2.80    0.00    0.00    0.00   74.77
12:27:24 PM    4    9.00    0.00    6.00    0.00    0.00    0.00    0.00    0.00    0.00   85.00
12:27:24 PM    5    3.12    0.00    5.21    0.00    0.00    1.04    0.00    0.00    0.00   90.62
12:27:24 PM    6    8.00    0.00    8.00    0.00    0.00    0.00    0.00    0.00    0.00   84.00
12:27:24 PM    7    5.00    0.00    9.00    0.00    0.00    1.00    0.00    0.00    0.00   85.00

12:27:24 PM  CPU    %usr   %nice    %sys %iowait    %irq   %soft  %steal  %guest  %gnice   %idle
12:27:25 PM  all   10.80    0.00   11.85    0.00    0.00    2.35    0.00    0.00    0.00   75.00
12:27:25 PM    0   12.84    0.00   10.09    0.00    0.00    4.59    0.00    0.00    0.00   72.48
12:27:25 PM    1   11.01    0.00   13.76    0.00    0.00    2.75    0.00    0.00    0.00   72.48
12:27:25 PM    2   10.91    0.00   14.55    0.00    0.00    4.55    0.00    0.00    0.00   70.00
12:27:25 PM    3   14.29    0.00   13.39    0.00    0.00    3.57    0.00    0.00    0.00   68.75
12:27:25 PM    4   12.26    0.00   11.32    0.00    0.00    0.00    0.00    0.00    0.00   76.42
12:27:25 PM    5    4.12    0.00   11.34    0.00    0.00    1.03    0.00    0.00    0.00   83.51
12:27:25 PM    6   11.54    0.00    7.69    0.00    0.00    1.92    0.00    0.00    0.00   78.85
12:27:25 PM    7    8.57    0.00   12.38    0.00    0.00    0.00    0.00    0.00    0.00   79.05

12:27:25 PM  CPU    %usr   %nice    %sys %iowait    %irq   %soft  %steal  %guest  %gnice   %idle
12:27:26 PM  all    6.06    0.00    7.99    0.00    0.00    1.29    0.00    0.00    0.00   84.66
12:27:26 PM    0   10.00    0.00    9.00    0.00    0.00    2.00    0.00    0.00    0.00   79.00
12:27:26 PM    1    7.92    0.00    8.91    0.00    0.00    2.97    0.00    0.00    0.00   80.20
12:27:26 PM    2    6.12    0.00   10.20    0.00    0.00    2.04    0.00    0.00    0.00   81.63
12:27:26 PM    3    8.16    0.00    8.16    0.00    0.00    1.02    0.00    0.00    0.00   82.65
12:27:26 PM    4    5.10    0.00    7.14    0.00    0.00    0.00    0.00    0.00    0.00   87.76
12:27:26 PM    5    3.19    0.00    6.38    0.00    0.00    1.06    0.00    0.00    0.00   89.36
12:27:26 PM    6    3.30    0.00    5.49    0.00    0.00    0.00    0.00    0.00    0.00   91.21
12:27:26 PM    7    4.17    0.00    8.33    0.00    0.00    1.04    0.00    0.00    0.00   86.46

12:27:26 PM  CPU    %usr   %nice    %sys %iowait    %irq   %soft  %steal  %guest  %gnice   %idle
12:27:27 PM  all   10.46    0.00   10.46    0.00    0.00    2.21    0.00    0.00    0.00   76.88
12:27:27 PM    0   13.21    0.00   13.21    0.00    0.00    2.83    0.00    0.00    0.00   70.75
12:27:27 PM    1   15.09    0.00   11.32    0.00    0.00    1.89    0.00    0.00    0.00   71.70
12:27:27 PM    2   14.81    0.00   10.19    0.00    0.00    3.70    0.00    0.00    0.00   71.30
12:27:27 PM    3   13.59    0.00    8.74    0.00    0.00    3.88    0.00    0.00    0.00   73.79
12:27:27 PM    4    6.93    0.00   11.88    0.00    0.00    0.99    0.00    0.00    0.00   80.20
12:27:27 PM    5    6.19    0.00   10.31    0.00    0.00    2.06    0.00    0.00    0.00   81.44
12:27:27 PM    6    2.17    0.00    9.78    0.00    0.00    1.09    0.00    0.00    0.00   86.96
12:27:27 PM    7   10.00    0.00    8.00    0.00    0.00    1.00    0.00    0.00    0.00   81.00

12:27:27 PM  CPU    %usr   %nice    %sys %iowait    %irq   %soft  %steal  %guest  %gnice   %idle
12:27:28 PM  all    3.18    0.00    4.56    0.28    0.00    0.28    0.00    0.00    0.00   91.71
12:27:28 PM    0    3.33    0.00    4.44    0.00    0.00    0.00    0.00    0.00    0.00   92.22
12:27:28 PM    1    3.45    0.00    2.30    1.15    0.00    0.00    0.00    0.00    0.00   93.10
12:27:28 PM    2    2.27    0.00    4.55    0.00    0.00    1.14    0.00    0.00    0.00   92.05
12:27:28 PM    3    3.33    0.00    4.44    0.00    0.00    0.00    0.00    0.00    0.00   92.22
12:27:28 PM    4    6.25    0.00    5.21    0.00    0.00    0.00    0.00    0.00    0.00   88.54
12:27:28 PM    5    2.20    0.00    5.49    0.00    0.00    0.00    0.00    0.00    0.00   92.31
12:27:28 PM    6    0.00    0.00    5.62    1.12    0.00    1.12    0.00    0.00    0.00   92.13
12:27:28 PM    7    4.30    0.00    4.30    0.00    0.00    0.00    0.00    0.00    0.00   91.40

12:27:28 PM  CPU    %usr   %nice    %sys %iowait    %irq   %soft  %steal  %guest  %gnice   %idle
12:27:29 PM  all   10.65    0.00   11.17    0.00    0.00    0.91    0.00    0.00    0.00   77.27
12:27:29 PM    0   17.17    0.00    8.08    0.00    0.00    1.01    0.00    0.00    0.00   73.74
12:27:29 PM    1   12.87    0.00   13.86    0.00    0.00    1.98    0.00    0.00    0.00   71.29
12:27:29 PM    2   11.34    0.00   16.49    0.00    0.00    0.00    0.00    0.00    0.00   72.16
12:27:29 PM    3   12.24    0.00   11.22    0.00    0.00    1.02    0.00    0.00    0.00   75.51
12:27:29 PM    4    5.43    0.00    8.70    0.00    0.00    2.17    0.00    0.00    0.00   83.70
12:27:29 PM    5    8.79    0.00    6.59    0.00    0.00    0.00    0.00    0.00    0.00   84.62
12:27:29 PM    6    7.53    0.00    9.68    0.00    0.00    0.00    0.00    0.00    0.00   82.80
12:27:29 PM    7    9.09    0.00   14.14    0.00    0.00    1.01    0.00    0.00    0.00   75.76

12:27:29 PM  CPU    %usr   %nice    %sys %iowait    %irq   %soft  %steal  %guest  %gnice   %idle
12:27:30 PM  all   13.62    0.00   12.19    0.00    0.00    2.59    0.00    0.00    0.00   71.60
12:27:30 PM    0   17.65    0.00   12.75    0.00    0.00    2.94    0.00    0.00    0.00   66.67
12:27:30 PM    1   19.42    0.00   14.56    0.00    0.00    1.94    0.00    0.00    0.00   64.08
12:27:30 PM    2   19.61    0.00   11.76    0.00    0.00    1.96    0.00    0.00    0.00   66.67
12:27:30 PM    3   25.24    0.00    7.77    0.00    0.00    2.91    0.00    0.00    0.00   64.08
12:27:30 PM    4    2.35    0.00   11.76    0.00    0.00    2.35    0.00    0.00    0.00   83.53
12:27:30 PM    5    8.51    0.00   12.77    0.00    0.00    3.19    0.00    0.00    0.00   75.53
12:27:30 PM    6    5.38    0.00   15.05    0.00    0.00    4.30    0.00    0.00    0.00   75.27
12:27:30 PM    7    6.74    0.00   11.24    0.00    0.00    1.12    0.00    0.00    0.00   80.90

12:27:30 PM  CPU    %usr   %nice    %sys %iowait    %irq   %soft  %steal  %guest  %gnice   %idle
12:27:31 PM  all    3.43    0.00    4.86    0.00    0.00    0.72    0.00    0.00    0.00   90.99
12:27:31 PM    0    4.55    0.00    4.55    0.00    0.00    0.00    0.00    0.00    0.00   90.91
12:27:31 PM    1    4.40    0.00    5.49    0.00    0.00    1.10    0.00    0.00    0.00   89.01
12:27:31 PM    2    3.37    0.00    3.37    0.00    0.00    2.25    0.00    0.00    0.00   91.01
12:27:31 PM    3    5.75    0.00    3.45    0.00    0.00    1.15    0.00    0.00    0.00   89.66
12:27:31 PM    4    1.18    0.00    5.88    0.00    0.00    1.18    0.00    0.00    0.00   91.76
12:27:31 PM    5    1.19    0.00    3.57    0.00    0.00    0.00    0.00    0.00    0.00   95.24
12:27:31 PM    6    3.41    0.00    6.82    0.00    0.00    0.00    0.00    0.00    0.00   89.77
12:27:31 PM    7    3.45    0.00    5.75    0.00    0.00    0.00    0.00    0.00    0.00   90.80

12:27:31 PM  CPU    %usr   %nice    %sys %iowait    %irq   %soft  %steal  %guest  %gnice   %idle
12:27:32 PM  all    4.98    0.00    9.41    0.00    0.00    2.21    0.00    0.00    0.00   83.40
12:27:32 PM    0    6.74    0.00    6.74    0.00    0.00    3.37    0.00    0.00    0.00   83.15
12:27:32 PM    1    4.40    0.00    9.89    0.00    0.00    2.20    0.00    0.00    0.00   83.52
12:27:32 PM    2    6.59    0.00   10.99    0.00    0.00    1.10    0.00    0.00    0.00   81.32
12:27:32 PM    3    6.59    0.00    9.89    0.00    0.00    2.20    0.00    0.00    0.00   81.32
12:27:32 PM    4    4.35    0.00    8.70    0.00    0.00    2.17    0.00    0.00    0.00   84.78
12:27:32 PM    5    5.49    0.00   12.09    0.00    0.00    0.00    0.00    0.00    0.00   82.42
12:27:32 PM    6    4.49    0.00    5.62    0.00    0.00    3.37    0.00    0.00    0.00   86.52
12:27:32 PM    7    1.12    0.00   11.24    0.00    0.00    3.37    0.00    0.00    0.00   84.27

12:27:32 PM  CPU    %usr   %nice    %sys %iowait    %irq   %soft  %steal  %guest  %gnice   %idle
12:27:33 PM  all    3.18    0.00    3.76    0.29    0.00    0.58    0.00    0.00    0.00   92.20
12:27:33 PM    0    4.60    0.00    4.60    0.00    0.00    0.00    0.00    0.00    0.00   90.80
12:27:33 PM    1    3.53    0.00    1.18    0.00    0.00    1.18    0.00    0.00    0.00   94.12
12:27:33 PM    2    4.65    0.00    3.49    0.00    0.00    0.00    0.00    0.00    0.00   91.86
12:27:33 PM    3    2.30    0.00    4.60    1.15    0.00    1.15    0.00    0.00    0.00   90.80
12:27:33 PM    4    4.49    0.00    4.49    0.00    0.00    1.12    0.00    0.00    0.00   89.89
12:27:33 PM    5    3.37    0.00    5.62    0.00    0.00    1.12    0.00    0.00    0.00   89.89
12:27:33 PM    6    1.19    0.00    2.38    1.19    0.00    0.00    0.00    0.00    0.00   95.24
12:27:33 PM    7    1.18    0.00    3.53    0.00    0.00    0.00    0.00    0.00    0.00   95.29

12:27:33 PM  CPU    %usr   %nice    %sys %iowait    %irq   %soft  %steal  %guest  %gnice   %idle
12:27:34 PM  all    2.98    0.00    5.68    3.12    0.00    1.42    0.00    0.00    0.00   86.79
12:27:34 PM    0    1.16    0.00    6.98    0.00    0.00    1.16    0.00    0.00    0.00   90.70
12:27:34 PM    1    1.20    0.00    4.82    0.00    0.00    0.00    0.00    0.00    0.00   93.98
12:27:34 PM    2    6.82    0.00    5.68    0.00    0.00    0.00    0.00    0.00    0.00   87.50
12:27:34 PM    3    3.57    0.00    4.76   11.90    0.00    0.00    0.00    0.00    0.00   79.76
12:27:34 PM    4    1.14    0.00    5.68    0.00    0.00    2.27    0.00    0.00    0.00   90.91
12:27:34 PM    5    4.35    0.00    4.35   13.04    0.00    4.35    0.00    0.00    0.00   73.91
12:27:34 PM    6    2.20    0.00    5.49    0.00    0.00    2.20    0.00    0.00    0.00   90.11
12:27:34 PM    7    3.26    0.00    7.61    0.00    0.00    1.09    0.00    0.00    0.00   88.04

12:27:34 PM  CPU    %usr   %nice    %sys %iowait    %irq   %soft  %steal  %guest  %gnice   %idle
12:27:35 PM  all    3.28    0.00    3.70    0.00    0.00    1.14    0.00    0.00    0.00   91.88
12:27:35 PM    0    2.41    0.00    2.41    0.00    0.00    0.00    0.00    0.00    0.00   95.18
12:27:35 PM    1    2.38    0.00    4.76    0.00    0.00    1.19    0.00    0.00    0.00   91.67
12:27:35 PM    2    2.35    0.00    3.53    0.00    0.00    2.35    0.00    0.00    0.00   91.76
12:27:35 PM    3    5.62    0.00    5.62    0.00    0.00    1.12    0.00    0.00    0.00   87.64
12:27:35 PM    4    3.45    0.00    4.60    0.00    0.00    0.00    0.00    0.00    0.00   91.95
12:27:35 PM    5    2.30    0.00    3.45    0.00    0.00    0.00    0.00    0.00    0.00   94.25
12:27:35 PM    6    2.13    0.00    4.26    0.00    0.00    2.13    0.00    0.00    0.00   91.49
12:27:35 PM    7    5.38    0.00    1.08    0.00    0.00    2.15    0.00    0.00    0.00   91.40

12:27:35 PM  CPU    %usr   %nice    %sys %iowait    %irq   %soft  %steal  %guest  %gnice   %idle
12:27:36 PM  all   11.82    0.00   17.26    0.00    0.00    4.08    0.00    0.00    0.00   66.85
12:27:36 PM    0   15.12    0.00   13.95    0.00    0.00    2.33    0.00    0.00    0.00   68.60
12:27:36 PM    1   14.61    0.00   17.98    0.00    0.00    2.25    0.00    0.00    0.00   65.17
12:27:36 PM    2   14.89    0.00   20.21    0.00    0.00    2.13    0.00    0.00    0.00   62.77
12:27:36 PM    3   13.64    0.00   13.64    0.00    0.00    5.68    0.00    0.00    0.00   67.05
12:27:36 PM    4   10.20    0.00   17.35    0.00    0.00    7.14    0.00    0.00    0.00   65.31
12:27:36 PM    5    8.60    0.00   16.13    0.00    0.00    6.45    0.00    0.00    0.00   68.82
12:27:36 PM    6   10.31    0.00   19.59    0.00    0.00    2.06    0.00    0.00    0.00   68.04
12:27:36 PM    7    7.69    0.00   18.68    0.00    0.00    4.40    0.00    0.00    0.00   69.23

12:27:36 PM  CPU    %usr   %nice    %sys %iowait    %irq   %soft  %steal  %guest  %gnice   %idle
12:27:37 PM  all    3.71    0.00    4.99    0.00    0.00    0.71    0.00    0.00    0.00   90.58
12:27:37 PM    0    4.76    0.00    3.57    0.00    0.00    0.00    0.00    0.00    0.00   91.67
12:27:37 PM    1    4.71    0.00    3.53    0.00    0.00    1.18    0.00    0.00    0.00   90.59
12:27:37 PM    2    4.71    0.00    4.71    0.00    0.00    1.18    0.00    0.00    0.00   89.41
12:27:37 PM    3    4.76    0.00    5.95    0.00    0.00    0.00    0.00    0.00    0.00   89.29
12:27:37 PM    4    3.23    0.00    5.38    0.00    0.00    1.08    0.00    0.00    0.00   90.32
12:27:37 PM    5    2.25    0.00    6.74    0.00    0.00    0.00    0.00    0.00    0.00   91.01
12:27:37 PM    6    2.22    0.00    4.44    0.00    0.00    1.11    0.00    0.00    0.00   92.22
12:27:37 PM    7    3.30    0.00    5.49    0.00    0.00    1.10    0.00    0.00    0.00   90.11

12:27:37 PM  CPU    %usr   %nice    %sys %iowait    %irq   %soft  %steal  %guest  %gnice   %idle
12:27:38 PM  all    1.02    0.00    1.02    0.58    0.00    0.15    0.00    0.00    0.00   97.23
12:27:38 PM    0    1.18    0.00    1.18    0.00    0.00    1.18    0.00    0.00    0.00   96.47
12:27:38 PM    1    1.19    0.00    1.19    0.00    0.00    0.00    0.00    0.00    0.00   97.62
12:27:38 PM    2    1.20    0.00    1.20    0.00    0.00    0.00    0.00    0.00    0.00   97.59
12:27:38 PM    3    1.20    0.00    0.00    0.00    0.00    0.00    0.00    0.00    0.00   98.80
12:27:38 PM    4    1.11    0.00    1.11    1.11    0.00    0.00    0.00    0.00    0.00   96.67
12:27:38 PM    5    1.15    0.00    1.15    0.00    0.00    0.00    0.00    0.00    0.00   97.70
12:27:38 PM    6    1.12    0.00    1.12    1.12    0.00    0.00    0.00    0.00    0.00   96.63
12:27:38 PM    7    0.00    0.00    1.16    2.33    0.00    0.00    0.00    0.00    0.00   96.51

12:27:38 PM  CPU    %usr   %nice    %sys %iowait    %irq   %soft  %steal  %guest  %gnice   %idle
12:27:39 PM  all    4.87    0.00    7.59    0.00    0.00    1.72    0.00    0.00    0.00   85.82
12:27:39 PM    0    5.88    0.00    4.71    0.00    0.00    2.35    0.00    0.00    0.00   87.06
12:27:39 PM    1    3.61    0.00    7.23    0.00    0.00    2.41    0.00    0.00    0.00   86.75
12:27:39 PM    2    5.95    0.00    5.95    0.00    0.00    1.19    0.00    0.00    0.00   86.90
12:27:39 PM    3    5.95    0.00    5.95    0.00    0.00    1.19    0.00    0.00    0.00   86.90
12:27:39 PM    4    2.25    0.00   11.24    0.00    0.00    0.00    0.00    0.00    0.00   86.52
12:27:39 PM    5    2.25    0.00   10.11    0.00    0.00    2.25    0.00    0.00    0.00   85.39
12:27:39 PM    6    6.45    0.00    9.68    0.00    0.00    2.15    0.00    0.00    0.00   81.72
12:27:39 PM    7    6.59    0.00    5.49    0.00    0.00    2.20    0.00    0.00    0.00   85.71

12:27:39 PM  CPU    %usr   %nice    %sys %iowait    %irq   %soft  %steal  %guest  %gnice   %idle
12:27:40 PM  all    4.85    0.00    8.27    0.00    0.00    1.14    0.00    0.00    0.00   85.73
12:27:40 PM    0    5.81    0.00    6.98    0.00    0.00    3.49    0.00    0.00    0.00   83.72
12:27:40 PM    1    7.14    0.00    7.14    0.00    0.00    0.00    0.00    0.00    0.00   85.71
12:27:40 PM    2    4.76    0.00    5.95    0.00    0.00    1.19    0.00    0.00    0.00   88.10
12:27:40 PM    3    8.24    0.00    8.24    0.00    0.00    0.00    0.00    0.00    0.00   83.53
12:27:40 PM    4    2.30    0.00   10.34    0.00    0.00    1.15    0.00    0.00    0.00   86.21
12:27:40 PM    5    3.37    0.00    8.99    0.00    0.00    1.12    0.00    0.00    0.00   86.52
12:27:40 PM    6    4.21    0.00    9.47    0.00    0.00    1.05    0.00    0.00    0.00   85.26
12:27:40 PM    7    3.30    0.00    8.79    0.00    0.00    1.10    0.00    0.00    0.00   86.81

12:27:40 PM  CPU    %usr   %nice    %sys %iowait    %irq   %soft  %steal  %guest  %gnice   %idle
12:27:41 PM  all    1.74    0.00    3.33    0.00    0.00    0.58    0.00    0.00    0.00   94.36
12:27:41 PM    0    1.19    0.00    5.95    0.00    0.00    0.00    0.00    0.00    0.00   92.86
12:27:41 PM    1    1.20    0.00    2.41    0.00    0.00    0.00    0.00    0.00    0.00   96.39
12:27:41 PM    2    0.00    0.00    3.61    0.00    0.00    0.00    0.00    0.00    0.00   96.39
12:27:41 PM    3    1.20    0.00    2.41    0.00    0.00    1.20    0.00    0.00    0.00   95.18
12:27:41 PM    4    4.21    0.00    4.21    0.00    0.00    1.05    0.00    0.00    0.00   90.53
12:27:41 PM    5    2.22    0.00    2.22    0.00    0.00    1.11    0.00    0.00    0.00   94.44
12:27:41 PM    6    2.30    0.00    4.60    0.00    0.00    0.00    0.00    0.00    0.00   93.10
12:27:41 PM    7    1.16    0.00    1.16    0.00    0.00    1.16    0.00    0.00    0.00   96.51

12:27:41 PM  CPU    %usr   %nice    %sys %iowait    %irq   %soft  %steal  %guest  %gnice   %idle
12:27:42 PM  all    3.32    0.00    3.75    0.00    0.00    0.87    0.00    0.00    0.00   92.06
12:27:42 PM    0    4.55    0.00    5.68    0.00    0.00    1.14    0.00    0.00    0.00   88.64
12:27:42 PM    1    2.41    0.00    2.41    0.00    0.00    1.20    0.00    0.00    0.00   93.98
12:27:42 PM    2    4.82    0.00    2.41    0.00    0.00    0.00    0.00    0.00    0.00   92.77
12:27:42 PM    3    4.76    0.00    2.38    0.00    0.00    1.19    0.00    0.00    0.00   91.67
12:27:42 PM    4    2.22    0.00    3.33    0.00    0.00    1.11    0.00    0.00    0.00   93.33
12:27:42 PM    5    1.15    0.00    6.90    0.00    0.00    0.00    0.00    0.00    0.00   91.95
12:27:42 PM    6    2.30    0.00    3.45    0.00    0.00    1.15    0.00    0.00    0.00   93.10
12:27:42 PM    7    4.40    0.00    3.30    0.00    0.00    1.10    0.00    0.00    0.00   91.21

12:27:42 PM  CPU    %usr   %nice    %sys %iowait    %irq   %soft  %steal  %guest  %gnice   %idle
12:27:43 PM  all   12.26    0.00   20.30    0.27    0.00    3.95    0.00    0.00    0.00   63.22
12:27:43 PM    0   14.77    0.00   18.18    1.14    0.00    4.55    0.00    0.00    0.00   61.36
12:27:43 PM    1   16.85    0.00   19.10    0.00    0.00    3.37    0.00    0.00    0.00   60.67
12:27:43 PM    2   17.78    0.00   15.56    0.00    0.00    6.67    0.00    0.00    0.00   60.00
12:27:43 PM    3   15.56    0.00   21.11    0.00    0.00    3.33    0.00    0.00    0.00   60.00
12:27:43 PM    4    8.70    0.00   19.57    0.00    0.00    5.43    0.00    0.00    0.00   66.30
12:27:43 PM    5    7.14    0.00   26.53    0.00    0.00    4.08    0.00    0.00    0.00   62.24
12:27:43 PM    6   10.20    0.00   21.43    1.02    0.00    2.04    0.00    0.00    0.00   65.31
12:27:43 PM    7    7.87    0.00   20.22    0.00    0.00    2.25    0.00    0.00    0.00   69.66

12:27:43 PM  CPU    %usr   %nice    %sys %iowait    %irq   %soft  %steal  %guest  %gnice   %idle
12:27:44 PM  all    5.45    0.00    6.03    0.00    0.00    1.58    0.00    0.00    0.00   86.94
12:27:44 PM    0    5.68    0.00    6.82    0.00    0.00    2.27    0.00    0.00    0.00   85.23
12:27:44 PM    1    5.95    0.00    5.95    0.00    0.00    1.19    0.00    0.00    0.00   86.90
12:27:44 PM    2    7.06    0.00    4.71    0.00    0.00    1.18    0.00    0.00    0.00   87.06
12:27:44 PM    3    4.65    0.00    6.98    0.00    0.00    2.33    0.00    0.00    0.00   86.05
12:27:44 PM    4   12.64    0.00    6.90    0.00    0.00    1.15    0.00    0.00    0.00   79.31
12:27:44 PM    5    2.27    0.00    4.55    0.00    0.00    2.27    0.00    0.00    0.00   90.91
12:27:44 PM    6    2.33    0.00    6.98    0.00    0.00    0.00    0.00    0.00    0.00   90.70
12:27:44 PM    7    3.23    0.00    5.38    0.00    0.00    2.15    0.00    0.00    0.00   89.25

12:27:44 PM  CPU    %usr   %nice    %sys %iowait    %irq   %soft  %steal  %guest  %gnice   %idle
12:27:45 PM  all    4.28    0.00    6.56    0.00    0.00    1.43    0.00    0.00    0.00   87.73
12:27:45 PM    0    6.98    0.00    3.49    0.00    0.00    1.16    0.00    0.00    0.00   88.37
12:27:45 PM    1    2.44    0.00    4.88    0.00    0.00    1.22    0.00    0.00    0.00   91.46
12:27:45 PM    2    3.49    0.00    5.81    0.00    0.00    1.16    0.00    0.00    0.00   89.53
12:27:45 PM    3    3.49    0.00    6.98    0.00    0.00    2.33    0.00    0.00    0.00   87.21
12:27:45 PM    4    3.41    0.00    7.95    0.00    0.00    0.00    0.00    0.00    0.00   88.64
12:27:45 PM    5    4.49    0.00    6.74    0.00    0.00    2.25    0.00    0.00    0.00   86.52
12:27:45 PM    6    5.56    0.00    7.78    0.00    0.00    1.11    0.00    0.00    0.00   85.56
12:27:45 PM    7    4.26    0.00    8.51    0.00    0.00    2.13    0.00    0.00    0.00   85.11

12:27:45 PM  CPU    %usr   %nice    %sys %iowait    %irq   %soft  %steal  %guest  %gnice   %idle
12:27:46 PM  all    0.73    0.00    0.88    0.00    0.00    0.15    0.00    0.00    0.00   98.24
12:27:46 PM    0    0.00    0.00    1.16    0.00    0.00    0.00    0.00    0.00    0.00   98.84
12:27:46 PM    1    1.16    0.00    1.16    0.00    0.00    0.00    0.00    0.00    0.00   97.67
12:27:46 PM    2    1.18    0.00    1.18    0.00    0.00    0.00    0.00    0.00    0.00   97.65
12:27:46 PM    3    0.00    0.00    0.00    0.00    0.00    0.00    0.00    0.00    0.00  100.00
12:27:46 PM    4    0.00    0.00    0.00    0.00    0.00    0.00    0.00    0.00    0.00  100.00
12:27:46 PM    5    1.18    0.00    1.18    0.00    0.00    0.00    0.00    0.00    0.00   97.65
12:27:46 PM    6    1.15    0.00    1.15    0.00    0.00    1.15    0.00    0.00    0.00   96.55
12:27:46 PM    7    1.19    0.00    1.19    0.00    0.00    0.00    0.00    0.00    0.00   97.62

12:27:46 PM  CPU    %usr   %nice    %sys %iowait    %irq   %soft  %steal  %guest  %gnice   %idle
12:27:47 PM  all    7.60    0.00    9.39    0.00    0.00    1.93    0.00    0.00    0.00   81.08
12:27:47 PM    0   10.87    0.00   11.96    0.00    0.00    2.17    0.00    0.00    0.00   75.00
12:27:47 PM    1    8.24    0.00    5.88    0.00    0.00    2.35    0.00    0.00    0.00   83.53
12:27:47 PM    2    6.90    0.00    9.20    0.00    0.00    1.15    0.00    0.00    0.00   82.76
12:27:47 PM    3    9.89    0.00    8.79    0.00    0.00    2.20    0.00    0.00    0.00   79.12
12:27:47 PM    4    8.60    0.00    8.60    0.00    0.00    2.15    0.00    0.00    0.00   80.65
12:27:47 PM    5    4.49    0.00    7.87    0.00    0.00    0.00    0.00    0.00    0.00   87.64
12:27:47 PM    6    6.67    0.00   10.00    0.00    0.00    1.11    0.00    0.00    0.00   82.22
12:27:47 PM    7    5.15    0.00   12.37    0.00    0.00    4.12    0.00    0.00    0.00   78.35

12:27:47 PM  CPU    %usr   %nice    %sys %iowait    %irq   %soft  %steal  %guest  %gnice   %idle
12:27:48 PM  all    8.71    0.00   13.14    0.41    0.00    3.04    0.00    0.00    0.00   74.69
12:27:48 PM    0   12.64    0.00   13.79    0.00    0.00    1.15    0.00    0.00    0.00   72.41
12:27:48 PM    1    9.52    0.00   11.90    0.00    0.00    3.57    0.00    0.00    0.00   75.00
12:27:48 PM    2   11.11    0.00   16.67    0.00    0.00    3.33    0.00    0.00    0.00   68.89
12:27:48 PM    3   15.38    0.00   12.09    1.10    0.00    2.20    0.00    0.00    0.00   69.23
12:27:48 PM    4    6.38    0.00   12.77    2.13    0.00    4.26    0.00    0.00    0.00   74.47
12:27:48 PM    5    4.21    0.00   14.74    0.00    0.00    4.21    0.00    0.00    0.00   76.84
12:27:48 PM    6    5.49    0.00   12.09    0.00    0.00    1.10    0.00    0.00    0.00   81.32
12:27:48 PM    7    5.49    0.00   10.99    0.00    0.00    4.40    0.00    0.00    0.00   79.12

12:27:48 PM  CPU    %usr   %nice    %sys %iowait    %irq   %soft  %steal  %guest  %gnice   %idle
12:27:49 PM  all    1.16    0.00    1.45    0.00    0.00    0.43    0.00    0.00    0.00   96.96
12:27:49 PM    0    1.18    0.00    1.18    0.00    0.00    1.18    0.00    0.00    0.00   96.47
12:27:49 PM    1    1.18    0.00    2.35    0.00    0.00    0.00    0.00    0.00    0.00   96.47
12:27:49 PM    2    2.35    0.00    0.00    0.00    0.00    0.00    0.00    0.00    0.00   97.65
12:27:49 PM    3    1.19    0.00    2.38    0.00    0.00    0.00    0.00    0.00    0.00   96.43
12:27:49 PM    4    1.15    0.00    2.30    0.00    0.00    2.30    0.00    0.00    0.00   94.25
12:27:49 PM    5    0.00    0.00    0.00    0.00    0.00    0.00    0.00    0.00    0.00  100.00
12:27:49 PM    6    1.09    0.00    1.09    0.00    0.00    0.00    0.00    0.00    0.00   97.83
12:27:49 PM    7    1.14    0.00    2.27    0.00    0.00    0.00    0.00    0.00    0.00   96.59

12:27:49 PM  CPU    %usr   %nice    %sys %iowait    %irq   %soft  %steal  %guest  %gnice   %idle
12:27:50 PM  all    0.29    0.00    2.16    0.00    0.00    0.29    0.00    0.00    0.00   97.26
12:27:50 PM    0    0.00    0.00    2.33    0.00    0.00    0.00    0.00    0.00    0.00   97.67
12:27:50 PM    1    0.00    0.00    2.33    0.00    0.00    0.00    0.00    0.00    0.00   97.67
12:27:50 PM    2    0.00    0.00    2.25    0.00    0.00    1.12    0.00    0.00    0.00   96.63
12:27:50 PM    3    1.16    0.00    0.00    0.00    0.00    0.00    0.00    0.00    0.00   98.84
12:27:50 PM    4    1.15    0.00    3.45    0.00    0.00    0.00    0.00    0.00    0.00   95.40
12:27:50 PM    5    0.00    0.00    2.30    0.00    0.00    1.15    0.00    0.00    0.00   96.55
12:27:50 PM    6    0.00    0.00    2.27    0.00    0.00    0.00    0.00    0.00    0.00   97.73
12:27:50 PM    7    0.00    0.00    2.35    0.00    0.00    0.00    0.00    0.00    0.00   97.65

12:27:50 PM  CPU    %usr   %nice    %sys %iowait    %irq   %soft  %steal  %guest  %gnice   %idle
12:27:51 PM  all    5.38    0.00    7.37    0.00    0.00    1.56    0.00    0.00    0.00   85.69
12:27:51 PM    0    6.98    0.00    6.98    0.00    0.00    1.16    0.00    0.00    0.00   84.88
12:27:51 PM    1    3.66    0.00    6.10    0.00    0.00    2.44    0.00    0.00    0.00   87.80
12:27:51 PM    2    4.65    0.00    6.98    0.00    0.00    1.16    0.00    0.00    0.00   87.21
12:27:51 PM    3    8.33    0.00    4.76    0.00    0.00    1.19    0.00    0.00    0.00   85.71
12:27:51 PM    4    6.45    0.00    6.45    0.00    0.00    1.08    0.00    0.00    0.00   86.02
12:27:51 PM    5    5.32    0.00    9.57    0.00    0.00    3.19    0.00    0.00    0.00   81.91
12:27:51 PM    6    3.45    0.00    6.90    0.00    0.00    1.15    0.00    0.00    0.00   88.51
12:27:51 PM    7    4.26    0.00   10.64    0.00    0.00    1.06    0.00    0.00    0.00   84.04

12:27:51 PM  CPU    %usr   %nice    %sys %iowait    %irq   %soft  %steal  %guest  %gnice   %idle
12:27:52 PM  all    6.75    0.00   11.25    0.00    0.00    2.67    0.00    0.00    0.00   79.32
12:27:52 PM    0    7.50    0.00    6.25    0.00    0.00    1.25    0.00    0.00    0.00   85.00
12:27:52 PM    1    7.06    0.00    9.41    0.00    0.00    4.71    0.00    0.00    0.00   78.82
12:27:52 PM    2    7.06    0.00   11.76    0.00    0.00    2.35    0.00    0.00    0.00   78.82
12:27:52 PM    3   10.34    0.00    8.05    0.00    0.00    1.15    0.00    0.00    0.00   80.46
12:27:52 PM    4    6.67    0.00    8.89    0.00    0.00    4.44    0.00    0.00    0.00   80.00
12:27:52 PM    5    5.38    0.00   12.90    0.00    0.00    3.23    0.00    0.00    0.00   78.49
12:27:52 PM    6    4.21    0.00   16.84    0.00    0.00    2.11    0.00    0.00    0.00   76.84
12:27:52 PM    7    6.25    0.00   14.58    0.00    0.00    2.08    0.00    0.00    0.00   77.08

12:27:52 PM  CPU    %usr   %nice    %sys %iowait    %irq   %soft  %steal  %guest  %gnice   %idle
12:27:53 PM  all    3.53    0.00    6.77    0.14    0.00    1.55    0.00    0.00    0.00   88.01
12:27:53 PM    0    3.49    0.00    5.81    0.00    0.00    1.16    0.00    0.00    0.00   89.53
12:27:53 PM    1    3.53    0.00    5.88    0.00    0.00    1.18    0.00    0.00    0.00   89.41
12:27:53 PM    2    4.71    0.00    5.88    0.00    0.00    1.18    0.00    0.00    0.00   88.24
12:27:53 PM    3    4.65    0.00    6.98    0.00    0.00    3.49    0.00    0.00    0.00   84.88
12:27:53 PM    4    4.21    0.00    9.47    1.05    0.00    1.05    0.00    0.00    0.00   84.21
12:27:53 PM    5    2.20    0.00    4.40    0.00    0.00    2.20    0.00    0.00    0.00   91.21
12:27:53 PM    6    4.49    0.00    5.62    0.00    0.00    1.12    0.00    0.00    0.00   88.76
12:27:53 PM    7    1.09    0.00    9.78    0.00    0.00    1.09    0.00    0.00    0.00   88.04

12:27:53 PM  CPU    %usr   %nice    %sys %iowait    %irq   %soft  %steal  %guest  %gnice   %idle
12:27:54 PM  all    2.33    0.00    7.00    0.00    0.00    1.78    0.00    0.00    0.00   88.89
12:27:54 PM    0    2.17    0.00    8.70    0.00    0.00    3.26    0.00    0.00    0.00   85.87
12:27:54 PM    1    2.33    0.00    4.65    0.00    0.00    1.16    0.00    0.00    0.00   91.86
12:27:54 PM    2    2.25    0.00    7.87    0.00    0.00    2.25    0.00    0.00    0.00   87.64
12:27:54 PM    3    2.25    0.00    8.99    0.00    0.00    1.12    0.00    0.00    0.00   87.64
12:27:54 PM    4    2.17    0.00    5.43    0.00    0.00    0.00    0.00    0.00    0.00   92.39
12:27:54 PM    5    5.21    0.00    7.29    0.00    0.00    1.04    0.00    0.00    0.00   86.46
12:27:54 PM    6    1.09    0.00    7.61    0.00    0.00    3.26    0.00    0.00    0.00   88.04
12:27:54 PM    7    1.08    0.00    5.38    0.00    0.00    2.15    0.00    0.00    0.00   91.40

12:27:54 PM  CPU    %usr   %nice    %sys %iowait    %irq   %soft  %steal  %guest  %gnice   %idle
12:27:55 PM  all    2.07    0.00    5.79    0.00    0.00    1.38    0.00    0.00    0.00   90.77
12:27:55 PM    0    2.22    0.00    5.56    0.00    0.00    2.22    0.00    0.00    0.00   90.00
12:27:55 PM    1    2.25    0.00    7.87    0.00    0.00    1.12    0.00    0.00    0.00   88.76
12:27:55 PM    2    2.25    0.00    6.74    0.00    0.00    2.25    0.00    0.00    0.00   88.76
12:27:55 PM    3    2.22    0.00    7.78    0.00    0.00    2.22    0.00    0.00    0.00   87.78
12:27:55 PM    4    1.10    0.00    3.30    0.00    0.00    1.10    0.00    0.00    0.00   94.51
12:27:55 PM    5    2.17    0.00    6.52    0.00    0.00    1.09    0.00    0.00    0.00   90.22
12:27:55 PM    6    2.13    0.00    3.19    0.00    0.00    1.06    0.00    0.00    0.00   93.62
12:27:55 PM    7    2.20    0.00    5.49    0.00    0.00    0.00    0.00    0.00    0.00   92.31

12:27:55 PM  CPU    %usr   %nice    %sys %iowait    %irq   %soft  %steal  %guest  %gnice   %idle
12:27:56 PM  all    2.79    0.00    6.24    0.00    0.00    1.86    0.00    0.00    0.00   89.11
12:27:56 PM    0    2.17    0.00    9.78    0.00    0.00    0.00    0.00    0.00    0.00   88.04
12:27:56 PM    1    6.45    0.00    5.38    0.00    0.00    2.15    0.00    0.00    0.00   86.02
12:27:56 PM    2    2.13    0.00    8.51    0.00    0.00    2.13    0.00    0.00    0.00   87.23
12:27:56 PM    3    3.19    0.00    7.45    0.00    0.00    3.19    0.00    0.00    0.00   86.17
12:27:56 PM    4    3.16    0.00    4.21    0.00    0.00    1.05    0.00    0.00    0.00   91.58
12:27:56 PM    5    1.08    0.00    5.38    0.00    0.00    2.15    0.00    0.00    0.00   91.40
12:27:56 PM    6    2.08    0.00    2.08    0.00    0.00    2.08    0.00    0.00    0.00   93.75
12:27:56 PM    7    2.08    0.00    7.29    0.00    0.00    2.08    0.00    0.00    0.00   88.54

12:27:56 PM  CPU    %usr   %nice    %sys %iowait    %irq   %soft  %steal  %guest  %gnice   %idle
12:27:57 PM  all    5.36    0.00    9.80    0.00    0.00    2.48    0.00    0.00    0.00   82.35
12:27:57 PM    0    6.32    0.00    8.42    0.00    0.00    2.11    0.00    0.00    0.00   83.16
12:27:57 PM    1    7.53    0.00    7.53    0.00    0.00    2.15    0.00    0.00    0.00   82.80
12:27:57 PM    2    6.12    0.00   13.27    0.00    0.00    5.10    0.00    0.00    0.00   75.51
12:27:57 PM    3    7.22    0.00   10.31    0.00    0.00    2.06    0.00    0.00    0.00   80.41
12:27:57 PM    4    6.19    0.00    8.25    0.00    0.00    2.06    0.00    0.00    0.00   83.51
12:27:57 PM    5    5.32    0.00    8.51    0.00    0.00    1.06    0.00    0.00    0.00   85.11
12:27:57 PM    6    2.15    0.00    6.45    0.00    0.00    2.15    0.00    0.00    0.00   89.25
12:27:57 PM    7    2.04    0.00   15.31    0.00    0.00    3.06    0.00    0.00    0.00   79.59

12:27:57 PM  CPU    %usr   %nice    %sys %iowait    %irq   %soft  %steal  %guest  %gnice   %idle
12:27:58 PM  all   12.05    0.00   18.77    0.27    0.00    3.84    0.00    0.00    0.00   65.07
12:27:58 PM    0   15.73    0.00   20.22    0.00    0.00    2.25    0.00    0.00    0.00   61.80
12:27:58 PM    1   16.28    0.00   17.44    0.00    0.00    3.49    0.00    0.00    0.00   62.79
12:27:58 PM    2   13.04    0.00   21.74    0.00    0.00    5.43    0.00    0.00    0.00   59.78
12:27:58 PM    3   18.68    0.00   15.38    0.00    0.00    5.49    0.00    0.00    0.00   60.44
12:27:58 PM    4    8.70    0.00   20.65    1.09    0.00    3.26    0.00    0.00    0.00   66.30
12:27:58 PM    5    6.67    0.00   14.44    0.00    0.00    4.44    0.00    0.00    0.00   74.44
12:27:58 PM    6   10.10    0.00   25.25    0.00    0.00    3.03    0.00    0.00    0.00   61.62
12:27:58 PM    7    7.69    0.00   14.29    1.10    0.00    3.30    0.00    0.00    0.00   73.63

12:27:58 PM  CPU    %usr   %nice    %sys %iowait    %irq   %soft  %steal  %guest  %gnice   %idle
12:27:59 PM  all    8.56    0.00   10.50    0.14    0.00    2.35    0.00    0.00    0.00   78.45
12:27:59 PM    0    7.87    0.00   10.11    0.00    0.00    3.37    0.00    0.00    0.00   78.65
12:27:59 PM    1    9.20    0.00    6.90    0.00    0.00    2.30    0.00    0.00    0.00   81.61
12:27:59 PM    2    7.78    0.00   11.11    0.00    0.00    4.44    0.00    0.00    0.00   76.67
12:27:59 PM    3    6.98    0.00    9.30    0.00    0.00    3.49    0.00    0.00    0.00   80.23
12:27:59 PM    4    7.95    0.00    7.95    1.14    0.00    1.14    0.00    0.00    0.00   81.82
12:27:59 PM    5    7.22    0.00   13.40    0.00    0.00    2.06    0.00    0.00    0.00   77.32
12:27:59 PM    6    9.68    0.00   13.98    0.00    0.00    1.08    0.00    0.00    0.00   75.27
12:27:59 PM    7   11.70    0.00   10.64    0.00    0.00    1.06    0.00    0.00    0.00   76.60

12:27:59 PM  CPU    %usr   %nice    %sys %iowait    %irq   %soft  %steal  %guest  %gnice   %idle
12:28:00 PM  all    4.66    0.00   11.17    1.35    0.00    1.96    0.00    0.00    0.00   80.86
12:28:00 PM    0    4.90    0.00   12.75    0.00    0.00    1.96    0.00    0.00    0.00   80.39
12:28:00 PM    1    3.96    0.00    9.90    0.00    0.00    2.97    0.00    0.00    0.00   83.17
12:28:00 PM    2    4.95    0.00    9.90    0.00    0.00    2.97    0.00    0.00    0.00   82.18
12:28:00 PM    3    4.76    0.00   16.19    0.00    0.00    1.90    0.00    0.00    0.00   77.14
12:28:00 PM    4    4.90    0.00   11.76    8.82    0.00    1.96    0.00    0.00    0.00   72.55
12:28:00 PM    5    3.96    0.00    7.92    1.98    0.00    2.97    0.00    0.00    0.00   83.17
12:28:00 PM    6    3.92    0.00   11.76    0.00    0.00    0.00    0.00    0.00    0.00   84.31
12:28:00 PM    7    5.94    0.00    8.91    0.00    0.00    0.99    0.00    0.00    0.00   84.16

12:28:00 PM  CPU    %usr   %nice    %sys %iowait    %irq   %soft  %steal  %guest  %gnice   %idle
12:28:01 PM  all    0.62    0.00    0.87    0.00    0.00    0.37    0.00    0.00    0.00   98.13
12:28:01 PM    0    1.00    0.00    1.00    0.00    0.00    0.00    0.00    0.00    0.00   98.00
12:28:01 PM    1    1.00    0.00    1.00    0.00    0.00    0.00    0.00    0.00    0.00   98.00
12:28:01 PM    2    0.99    0.00    0.99    0.00    0.00    0.00    0.00    0.00    0.00   98.02
12:28:01 PM    3    0.99    0.00    0.00    0.00    0.00    0.99    0.00    0.00    0.00   98.02
12:28:01 PM    4    1.00    0.00    0.00    0.00    0.00    0.00    0.00    0.00    0.00   99.00
12:28:01 PM    5    0.00    0.00    0.00    0.00    0.00    0.00    0.00    0.00    0.00  100.00
12:28:01 PM    6    0.00    0.00    1.98    0.00    0.00    0.99    0.00    0.00    0.00   97.03
12:28:01 PM    7    0.00    0.00    1.98    0.00    0.00    0.99    0.00    0.00    0.00   97.03

Average:     CPU    %usr   %nice    %sys %iowait    %irq   %soft  %steal  %guest  %gnice   %idle
Average:     all    6.91    0.00   10.54    0.13    0.00    2.13    0.00    0.00    0.00   80.29
Average:       0    7.42    0.00   10.63    0.03    0.00    2.30    0.00    0.00    0.00   79.62
Average:       1    7.36    0.00   10.64    0.03    0.00    2.29    0.00    0.00    0.00   79.68
Average:       2    7.35    0.00   11.13    0.03    0.00    2.54    0.00    0.00    0.00   78.95
Average:       3    8.10    0.00   10.38    0.24    0.00    2.13    0.00    0.00    0.00   79.16
Average:       4    6.14    0.00   10.16    0.30    0.00    1.94    0.00    0.00    0.00   81.47
Average:       5    5.51    0.00   10.27    0.24    0.00    2.09    0.00    0.00    0.00   81.89
Average:       6    6.73    0.00   10.59    0.08    0.00    1.86    0.00    0.00    0.00   80.73
Average:       7    6.64    0.00   10.52    0.08    0.00    1.94    0.00    0.00    0.00   80.81
