Linux 6.6.87.2-microsoft-standard-WSL2 (Udeepa-ASUS) 	04/15/26 	_x86_64_	(4 CPU)

22:43:35     CPU    %usr   %nice    %sys %iowait    %irq   %soft  %steal  %guest  %gnice   %idle
22:43:36     all    2.78    0.00   10.86    0.00    0.00    5.81    0.00    0.00    0.00   80.56
22:43:36       0    3.60    0.00   10.81    0.00    0.00   20.72    0.00    0.00    0.00   64.86
22:43:36       1    3.16    0.00    9.47    0.00    0.00    0.00    0.00    0.00    0.00   87.37
22:43:36       2    1.09    0.00    7.61    0.00    0.00    0.00    0.00    0.00    0.00   91.30
22:43:36       3    3.06    0.00   15.31    0.00    0.00    0.00    0.00    0.00    0.00   81.63

22:43:36     CPU    %usr   %nice    %sys %iowait    %irq   %soft  %steal  %guest  %gnice   %idle
22:43:37     all    1.26    0.00    8.82    0.00    0.00    5.54    0.00    0.00    0.00   84.38
22:43:37       0    0.89    0.00    6.25    0.00    0.00   19.64    0.00    0.00    0.00   73.21
22:43:37       1    2.06    0.00   10.31    0.00    0.00    0.00    0.00    0.00    0.00   87.63
22:43:37       2    0.00    0.00    7.69    0.00    0.00    0.00    0.00    0.00    0.00   92.31
22:43:37       3    2.06    0.00   11.34    0.00    0.00    0.00    0.00    0.00    0.00   86.60

22:43:37     CPU    %usr   %nice    %sys %iowait    %irq   %soft  %steal  %guest  %gnice   %idle
22:43:38     all    1.98    0.00    8.42    0.00    0.00    6.44    0.00    0.00    0.00   83.17
22:43:38       0    1.75    0.00    6.14    0.00    0.00   21.05    0.00    0.00    0.00   71.05
22:43:38       1    3.06    0.00   18.37    0.00    0.00    0.00    0.00    0.00    0.00   78.57
22:43:38       2    1.03    0.00    6.19    0.00    0.00    2.06    0.00    0.00    0.00   90.72
22:43:38       3    2.11    0.00    3.16    0.00    0.00    0.00    0.00    0.00    0.00   94.74

22:43:38     CPU    %usr   %nice    %sys %iowait    %irq   %soft  %steal  %guest  %gnice   %idle
22:43:39     all    2.23    0.00    9.68    0.00    0.00    5.71    0.00    0.00    0.00   82.38
22:43:39       0    4.35    0.00   14.78    0.00    0.00   19.13    0.00    0.00    0.00   61.74
22:43:39       1    2.08    0.00    7.29    0.00    0.00    0.00    0.00    0.00    0.00   90.62
22:43:39       2    2.04    0.00    8.16    0.00    0.00    1.02    0.00    0.00    0.00   88.78
22:43:39       3    0.00    0.00    7.45    0.00    0.00    0.00    0.00    0.00    0.00   92.55

22:43:39     CPU    %usr   %nice    %sys %iowait    %irq   %soft  %steal  %guest  %gnice   %idle
22:43:40     all    2.24    0.00    7.96    0.00    0.00    3.98    0.00    0.00    0.00   85.82
22:43:40       0    3.74    0.00    6.54    0.00    0.00   12.15    0.00    0.00    0.00   77.57
22:43:40       1    2.04    0.00    8.16    0.00    0.00    0.00    0.00    0.00    0.00   89.80
22:43:40       2    2.00    0.00   12.00    0.00    0.00    1.00    0.00    0.00    0.00   85.00
22:43:40       3    1.03    0.00    5.15    0.00    0.00    2.06    0.00    0.00    0.00   91.75

22:43:40     CPU    %usr   %nice    %sys %iowait    %irq   %soft  %steal  %guest  %gnice   %idle
22:43:41     all   10.49    0.00   34.27    0.00    0.00    6.14    0.00    0.00    0.00   49.10
22:43:41       0   22.45    0.00   43.88    0.00    0.00    7.14    0.00    0.00    0.00   26.53
22:43:41       1    6.93    0.00   25.74    0.00    0.00    5.94    0.00    0.00    0.00   61.39
22:43:41       2    7.37    0.00   35.79    0.00    0.00    6.32    0.00    0.00    0.00   50.53
22:43:41       3    5.15    0.00   31.96    0.00    0.00    5.15    0.00    0.00    0.00   57.73

22:43:41     CPU    %usr   %nice    %sys %iowait    %irq   %soft  %steal  %guest  %gnice   %idle
22:43:42     all   11.08    0.00   35.05    0.00    0.00    6.44    0.00    0.00    0.00   47.42
22:43:42       0   18.18    0.00   44.44    0.00    0.00   14.14    0.00    0.00    0.00   23.23
22:43:42       1    5.32    0.00   34.04    0.00    0.00    3.19    0.00    0.00    0.00   57.45
22:43:42       2   11.11    0.00   32.32    0.00    0.00    4.04    0.00    0.00    0.00   52.53
22:43:42       3    9.38    0.00   29.17    0.00    0.00    4.17    0.00    0.00    0.00   57.29

22:43:42     CPU    %usr   %nice    %sys %iowait    %irq   %soft  %steal  %guest  %gnice   %idle
22:43:43     all   10.69    0.00   35.62    0.00    0.00    7.38    0.00    0.00    0.00   46.31
22:43:43       0   20.00    0.00   49.00    0.00    0.00   10.00    0.00    0.00    0.00   21.00
22:43:43       1    9.00    0.00   28.00    0.00    0.00    5.00    0.00    0.00    0.00   58.00
22:43:43       2    7.07    0.00   35.35    0.00    0.00    7.07    0.00    0.00    0.00   50.51
22:43:43       3    6.38    0.00   29.79    0.00    0.00    7.45    0.00    0.00    0.00   56.38

22:43:43     CPU    %usr   %nice    %sys %iowait    %irq   %soft  %steal  %guest  %gnice   %idle
22:43:44     all   13.27    0.00   35.46    0.00    0.00    7.91    0.00    0.00    0.00   43.37
22:43:44       0   26.26    0.00   37.37    0.00    0.00    9.09    0.00    0.00    0.00   27.27
22:43:44       1    7.00    0.00   31.00    0.00    0.00    4.00    0.00    0.00    0.00   58.00
22:43:44       2    7.37    0.00   35.79    0.00    0.00    8.42    0.00    0.00    0.00   48.42
22:43:44       3   12.24    0.00   37.76    0.00    0.00   10.20    0.00    0.00    0.00   39.80

22:43:44     CPU    %usr   %nice    %sys %iowait    %irq   %soft  %steal  %guest  %gnice   %idle
22:43:45     all   12.85    0.00   38.30    0.00    0.00    6.43    0.00    0.00    0.00   42.42
22:43:45       0   20.79    0.00   43.56    0.00    0.00   11.88    0.00    0.00    0.00   23.76
22:43:45       1    6.45    0.00   29.03    0.00    0.00    1.08    0.00    0.00    0.00   63.44
22:43:45       2   11.88    0.00   40.59    0.00    0.00    6.93    0.00    0.00    0.00   40.59
22:43:45       3   11.70    0.00   39.36    0.00    0.00    5.32    0.00    0.00    0.00   43.62

22:43:45     CPU    %usr   %nice    %sys %iowait    %irq   %soft  %steal  %guest  %gnice   %idle
22:43:46     all   12.69    0.00   35.49    0.00    0.00    8.03    0.00    0.00    0.00   43.78
22:43:46       0   22.92    0.00   44.79    0.00    0.00   11.46    0.00    0.00    0.00   20.83
22:43:46       1   11.22    0.00   28.57    0.00    0.00    6.12    0.00    0.00    0.00   54.08
22:43:46       2    8.60    0.00   30.11    0.00    0.00    5.38    0.00    0.00    0.00   55.91
22:43:46       3    8.08    0.00   38.38    0.00    0.00    9.09    0.00    0.00    0.00   44.44

22:43:46     CPU    %usr   %nice    %sys %iowait    %irq   %soft  %steal  %guest  %gnice   %idle
22:43:47     all   13.08    0.00   36.92    0.00    0.00    7.18    0.00    0.00    0.00   42.82
22:43:47       0   25.51    0.00   37.76    0.00    0.00   13.27    0.00    0.00    0.00   23.47
22:43:47       1    6.06    0.00   33.33    0.00    0.00    4.04    0.00    0.00    0.00   56.57
22:43:47       2   13.27    0.00   36.73    0.00    0.00    6.12    0.00    0.00    0.00   43.88
22:43:47       3    7.37    0.00   40.00    0.00    0.00    5.26    0.00    0.00    0.00   47.37

22:43:47     CPU    %usr   %nice    %sys %iowait    %irq   %soft  %steal  %guest  %gnice   %idle
22:43:48     all   13.28    0.00   34.34    0.25    0.00    6.52    0.00    0.00    0.00   45.61
22:43:48       0   22.92    0.00   38.54    0.00    0.00    7.29    0.00    0.00    0.00   31.25
22:43:48       1    9.00    0.00   27.00    0.00    0.00    3.00    0.00    0.00    0.00   61.00
22:43:48       2    9.00    0.00   31.00    1.00    0.00    6.00    0.00    0.00    0.00   53.00
22:43:48       3   12.62    0.00   40.78    0.00    0.00    9.71    0.00    0.00    0.00   36.89

22:43:48     CPU    %usr   %nice    %sys %iowait    %irq   %soft  %steal  %guest  %gnice   %idle
22:43:49     all   11.43    0.00   38.18    0.00    0.00    7.01    0.00    0.00    0.00   43.38
22:43:49       0   20.41    0.00   46.94    0.00    0.00   11.22    0.00    0.00    0.00   21.43
22:43:49       1    5.38    0.00   32.26    0.00    0.00    5.38    0.00    0.00    0.00   56.99
22:43:49       2    8.60    0.00   37.63    0.00    0.00    5.38    0.00    0.00    0.00   48.39
22:43:49       3   10.89    0.00   35.64    0.00    0.00    5.94    0.00    0.00    0.00   47.52

22:43:49     CPU    %usr   %nice    %sys %iowait    %irq   %soft  %steal  %guest  %gnice   %idle
22:43:50     all   13.07    0.00   36.93    0.00    0.00    6.78    0.00    0.00    0.00   43.22
22:43:50       0   23.76    0.00   45.54    0.00    0.00    9.90    0.00    0.00    0.00   20.79
22:43:50       1    7.29    0.00   35.42    0.00    0.00    5.21    0.00    0.00    0.00   52.08
22:43:50       2   11.88    0.00   36.63    0.00    0.00    6.93    0.00    0.00    0.00   44.55
22:43:50       3    9.00    0.00   30.00    0.00    0.00    5.00    0.00    0.00    0.00   56.00

22:43:50     CPU    %usr   %nice    %sys %iowait    %irq   %soft  %steal  %guest  %gnice   %idle
22:43:51     all   12.01    0.00   37.34    0.00    0.00    6.27    0.00    0.00    0.00   44.39
22:43:51       0   20.62    0.00   45.36    0.00    0.00   10.31    0.00    0.00    0.00   23.71
22:43:51       1    6.32    0.00   30.53    0.00    0.00    4.21    0.00    0.00    0.00   58.95
22:43:51       2   10.42    0.00   35.42    0.00    0.00    5.21    0.00    0.00    0.00   48.96
22:43:51       3   10.53    0.00   37.89    0.00    0.00    5.26    0.00    0.00    0.00   46.32

22:43:51     CPU    %usr   %nice    %sys %iowait    %irq   %soft  %steal  %guest  %gnice   %idle
22:43:52     all   11.92    0.00   37.31    0.00    0.00    6.74    0.00    0.00    0.00   44.04
22:43:52       0   22.68    0.00   41.24    0.00    0.00    7.22    0.00    0.00    0.00   28.87
22:43:52       1    7.37    0.00   24.21    0.00    0.00    3.16    0.00    0.00    0.00   65.26
22:43:52       2    8.33    0.00   42.71    0.00    0.00    8.33    0.00    0.00    0.00   40.62
22:43:52       3    9.18    0.00   40.82    0.00    0.00    8.16    0.00    0.00    0.00   41.84

22:43:52     CPU    %usr   %nice    %sys %iowait    %irq   %soft  %steal  %guest  %gnice   %idle
22:43:53     all   10.54    0.00   35.48    0.00    0.00    8.48    0.00    0.00    0.00   45.50
22:43:53       0   18.56    0.00   43.30    0.00    0.00   13.40    0.00    0.00    0.00   24.74
22:43:53       1    5.05    0.00   31.31    0.00    0.00    4.04    0.00    0.00    0.00   59.60
22:43:53       2    8.16    0.00   34.69    0.00    0.00    8.16    0.00    0.00    0.00   48.98
22:43:53       3   10.53    0.00   32.63    0.00    0.00    8.42    0.00    0.00    0.00   48.42

22:43:53     CPU    %usr   %nice    %sys %iowait    %irq   %soft  %steal  %guest  %gnice   %idle
22:43:54     all   12.28    0.00   37.84    0.00    0.00    7.02    0.00    0.00    0.00   42.86
22:43:54       0   23.47    0.00   40.82    0.00    0.00   11.22    0.00    0.00    0.00   24.49
22:43:54       1    7.84    0.00   27.45    0.00    0.00    4.90    0.00    0.00    0.00   59.80
22:43:54       2    4.95    0.00   47.52    0.00    0.00    3.96    0.00    0.00    0.00   43.56
22:43:54       3   13.27    0.00   35.71    0.00    0.00    8.16    0.00    0.00    0.00   42.86

22:43:54     CPU    %usr   %nice    %sys %iowait    %irq   %soft  %steal  %guest  %gnice   %idle
22:43:55     all   12.34    0.00   33.16    0.00    0.00    8.48    0.00    0.00    0.00   46.02
22:43:55       0   20.41    0.00   38.78    0.00    0.00   11.22    0.00    0.00    0.00   29.59
22:43:55       1    6.19    0.00   21.65    0.00    0.00    3.09    0.00    0.00    0.00   69.07
22:43:55       2    9.09    0.00   36.36    0.00    0.00    9.09    0.00    0.00    0.00   45.45
22:43:55       3   13.68    0.00   35.79    0.00    0.00   10.53    0.00    0.00    0.00   40.00

22:43:55     CPU    %usr   %nice    %sys %iowait    %irq   %soft  %steal  %guest  %gnice   %idle
22:43:56     all   11.56    0.00   36.68    0.00    0.00    7.29    0.00    0.00    0.00   44.47
22:43:56       0   19.59    0.00   42.27    0.00    0.00   12.37    0.00    0.00    0.00   25.77
22:43:56       1    6.00    0.00   29.00    0.00    0.00    3.00    0.00    0.00    0.00   62.00
22:43:56       2    7.92    0.00   37.62    0.00    0.00    6.93    0.00    0.00    0.00   47.52
22:43:56       3   13.00    0.00   38.00    0.00    0.00    7.00    0.00    0.00    0.00   42.00

22:43:56     CPU    %usr   %nice    %sys %iowait    %irq   %soft  %steal  %guest  %gnice   %idle
22:43:57     all   12.63    0.00   37.88    0.00    0.00    6.57    0.00    0.00    0.00   42.93
22:43:57       0   23.53    0.00   41.18    0.00    0.00    8.82    0.00    0.00    0.00   26.47
22:43:57       1    6.93    0.00   29.70    0.00    0.00    2.97    0.00    0.00    0.00   60.40
22:43:57       2    9.47    0.00   40.00    0.00    0.00    6.32    0.00    0.00    0.00   44.21
22:43:57       3   10.20    0.00   40.82    0.00    0.00    8.16    0.00    0.00    0.00   40.82

22:43:57     CPU    %usr   %nice    %sys %iowait    %irq   %soft  %steal  %guest  %gnice   %idle
22:43:58     all   11.68    0.00   29.89    0.00    0.00    5.71    0.00    0.00    0.00   52.72
22:43:58       0   23.86    0.00   28.41    0.00    0.00   12.50    0.00    0.00    0.00   35.23
22:43:58       1    3.26    0.00   25.00    0.00    0.00    1.09    0.00    0.00    0.00   70.65
22:43:58       2    9.78    0.00   29.35    0.00    0.00    4.35    0.00    0.00    0.00   56.52
22:43:58       3   10.42    0.00   36.46    0.00    0.00    5.21    0.00    0.00    0.00   47.92

22:43:58     CPU    %usr   %nice    %sys %iowait    %irq   %soft  %steal  %guest  %gnice   %idle
22:43:59     all   11.05    0.00   31.58    0.26    0.00    7.63    0.00    0.00    0.00   49.47
22:43:59       0   20.21    0.00   35.11    0.00    0.00   15.96    0.00    0.00    0.00   28.72
22:43:59       1    3.03    0.00   23.23    1.01    0.00    5.05    0.00    0.00    0.00   67.68
22:43:59       2    9.47    0.00   32.63    0.00    0.00    4.21    0.00    0.00    0.00   53.68
22:43:59       3   11.96    0.00   35.87    0.00    0.00    5.43    0.00    0.00    0.00   46.74

22:43:59     CPU    %usr   %nice    %sys %iowait    %irq   %soft  %steal  %guest  %gnice   %idle
22:44:00     all   10.72    0.00   29.76    0.00    0.00    7.77    0.00    0.00    0.00   51.74
22:44:00       0   22.34    0.00   30.85    0.00    0.00   12.77    0.00    0.00    0.00   34.04
22:44:00       1    4.35    0.00   20.65    0.00    0.00    4.35    0.00    0.00    0.00   70.65
22:44:00       2    6.59    0.00   36.26    0.00    0.00    6.59    0.00    0.00    0.00   50.55
22:44:00       3    9.38    0.00   31.25    0.00    0.00    7.29    0.00    0.00    0.00   52.08

22:44:00     CPU    %usr   %nice    %sys %iowait    %irq   %soft  %steal  %guest  %gnice   %idle
22:44:01     all   11.11    0.00   37.21    0.00    0.00    8.01    0.00    0.00    0.00   43.67
22:44:01       0   22.92    0.00   39.58    0.00    0.00   14.58    0.00    0.00    0.00   22.92
22:44:01       1    5.05    0.00   31.31    0.00    0.00    3.03    0.00    0.00    0.00   60.61
22:44:01       2    9.68    0.00   38.71    0.00    0.00    6.45    0.00    0.00    0.00   45.16
22:44:01       3    7.07    0.00   39.39    0.00    0.00    8.08    0.00    0.00    0.00   45.45

22:44:01     CPU    %usr   %nice    %sys %iowait    %irq   %soft  %steal  %guest  %gnice   %idle
22:44:02     all   11.05    0.00   34.96    0.00    0.00    6.68    0.00    0.00    0.00   47.30
22:44:02       0   23.00    0.00   38.00    0.00    0.00   16.00    0.00    0.00    0.00   23.00
22:44:02       1    5.26    0.00   25.26    0.00    0.00    2.11    0.00    0.00    0.00   67.37
22:44:02       2    6.38    0.00   32.98    0.00    0.00    4.26    0.00    0.00    0.00   56.38
22:44:02       3    9.00    0.00   43.00    0.00    0.00    4.00    0.00    0.00    0.00   44.00

22:44:02     CPU    %usr   %nice    %sys %iowait    %irq   %soft  %steal  %guest  %gnice   %idle
22:44:03     all   12.66    0.00   36.18    0.00    0.00    7.24    0.00    0.00    0.00   43.93
22:44:03       0   23.00    0.00   40.00    0.00    0.00   12.00    0.00    0.00    0.00   25.00
22:44:03       1    7.00    0.00   28.00    0.00    0.00    4.00    0.00    0.00    0.00   61.00
22:44:03       2    9.78    0.00   38.04    0.00    0.00    6.52    0.00    0.00    0.00   45.65
22:44:03       3   10.53    0.00   38.95    0.00    0.00    6.32    0.00    0.00    0.00   44.21

22:44:03     CPU    %usr   %nice    %sys %iowait    %irq   %soft  %steal  %guest  %gnice   %idle
22:44:04     all   14.47    0.00   38.24    0.00    0.00    5.94    0.00    0.00    0.00   41.34
22:44:04       0   29.29    0.00   38.38    0.00    0.00    8.08    0.00    0.00    0.00   24.24
22:44:04       1    8.33    0.00   31.25    0.00    0.00    1.04    0.00    0.00    0.00   59.38
22:44:04       2    9.38    0.00   44.79    0.00    0.00    5.21    0.00    0.00    0.00   40.62
22:44:04       3   10.42    0.00   38.54    0.00    0.00    9.38    0.00    0.00    0.00   41.67

22:44:04     CPU    %usr   %nice    %sys %iowait    %irq   %soft  %steal  %guest  %gnice   %idle
22:44:06     all   14.40    0.00   37.02    0.00    0.00    6.94    0.00    0.00    0.00   41.65
22:44:06       0   23.66    0.00   43.01    0.00    0.00   11.83    0.00    0.00    0.00   21.51
22:44:06       1   10.31    0.00   30.93    0.00    0.00    3.09    0.00    0.00    0.00   55.67
22:44:06       2   11.46    0.00   35.42    0.00    0.00    5.21    0.00    0.00    0.00   47.92
22:44:06       3   12.62    0.00   38.83    0.00    0.00    7.77    0.00    0.00    0.00   40.78

22:44:06     CPU    %usr   %nice    %sys %iowait    %irq   %soft  %steal  %guest  %gnice   %idle
22:44:07     all   12.31    0.00   35.64    0.00    0.00    7.95    0.00    0.00    0.00   44.10
22:44:07       0   21.78    0.00   39.60    0.00    0.00   10.89    0.00    0.00    0.00   27.72
22:44:07       1    4.30    0.00   22.58    0.00    0.00    4.30    0.00    0.00    0.00   68.82
22:44:07       2   11.34    0.00   38.14    0.00    0.00    7.22    0.00    0.00    0.00   43.30
22:44:07       3   11.11    0.00   41.41    0.00    0.00    9.09    0.00    0.00    0.00   38.38

22:44:07     CPU    %usr   %nice    %sys %iowait    %irq   %soft  %steal  %guest  %gnice   %idle
22:44:08     all   10.24    0.00   32.35    0.00    0.00    6.47    0.00    0.00    0.00   50.94
22:44:08       0   23.66    0.00   38.71    0.00    0.00    9.68    0.00    0.00    0.00   27.96
22:44:08       1    4.49    0.00   26.97    0.00    0.00    1.12    0.00    0.00    0.00   67.42
22:44:08       2    6.38    0.00   29.79    0.00    0.00    5.32    0.00    0.00    0.00   58.51
22:44:08       3    6.32    0.00   33.68    0.00    0.00    9.47    0.00    0.00    0.00   50.53

22:44:08     CPU    %usr   %nice    %sys %iowait    %irq   %soft  %steal  %guest  %gnice   %idle
22:44:09     all   11.68    0.00   36.04    0.00    0.00    7.61    0.00    0.00    0.00   44.67
22:44:09       0   20.95    0.00   39.05    0.00    0.00   10.48    0.00    0.00    0.00   29.52
22:44:09       1    7.07    0.00   22.22    0.00    0.00    4.04    0.00    0.00    0.00   66.67
22:44:09       2    8.42    0.00   42.11    0.00    0.00    8.42    0.00    0.00    0.00   41.05
22:44:09       3    9.47    0.00   41.05    0.00    0.00    7.37    0.00    0.00    0.00   42.11

22:44:09     CPU    %usr   %nice    %sys %iowait    %irq   %soft  %steal  %guest  %gnice   %idle
22:44:10     all   12.21    0.00   38.17    0.00    0.00    6.36    0.00    0.00    0.00   43.26
22:44:10       0   23.71    0.00   44.33    0.00    0.00    6.19    0.00    0.00    0.00   25.77
22:44:10       1    4.00    0.00   30.00    0.00    0.00    6.00    0.00    0.00    0.00   60.00
22:44:10       2   10.53    0.00   37.89    0.00    0.00    6.32    0.00    0.00    0.00   45.26
22:44:10       3   10.89    0.00   40.59    0.00    0.00    6.93    0.00    0.00    0.00   41.58

22:44:10     CPU    %usr   %nice    %sys %iowait    %irq   %soft  %steal  %guest  %gnice   %idle
22:44:11     all   12.76    0.00   37.50    0.00    0.00    5.61    0.00    0.00    0.00   44.13
22:44:11       0   25.00    0.00   41.00    0.00    0.00    8.00    0.00    0.00    0.00   26.00
22:44:11       1    5.21    0.00   29.17    0.00    0.00    3.12    0.00    0.00    0.00   62.50
22:44:11       2   10.20    0.00   40.82    0.00    0.00    6.12    0.00    0.00    0.00   42.86
22:44:11       3   10.20    0.00   38.78    0.00    0.00    5.10    0.00    0.00    0.00   45.92

22:44:11     CPU    %usr   %nice    %sys %iowait    %irq   %soft  %steal  %guest  %gnice   %idle
22:44:12     all   12.85    0.00   37.53    0.00    0.00    8.06    0.00    0.00    0.00   41.56
22:44:12       0   24.00    0.00   38.00    0.00    0.00   11.00    0.00    0.00    0.00   27.00
22:44:12       1    8.00    0.00   30.00    0.00    0.00    3.00    0.00    0.00    0.00   59.00
22:44:12       2    9.00    0.00   42.00    0.00    0.00   10.00    0.00    0.00    0.00   39.00
22:44:12       3   10.31    0.00   40.21    0.00    0.00    8.25    0.00    0.00    0.00   41.24

22:44:12     CPU    %usr   %nice    %sys %iowait    %irq   %soft  %steal  %guest  %gnice   %idle
22:44:13     all   12.08    0.00   38.05    0.00    0.00    6.43    0.00    0.00    0.00   43.44
22:44:13       0   23.40    0.00   38.30    0.00    0.00    8.51    0.00    0.00    0.00   29.79
22:44:13       1    4.95    0.00   31.68    0.00    0.00    2.97    0.00    0.00    0.00   60.40
22:44:13       2    9.47    0.00   42.11    0.00    0.00    5.26    0.00    0.00    0.00   43.16
22:44:13       3   11.11    0.00   40.40    0.00    0.00    9.09    0.00    0.00    0.00   39.39

22:44:13     CPU    %usr   %nice    %sys %iowait    %irq   %soft  %steal  %guest  %gnice   %idle
22:44:14     all   12.94    0.00   38.58    0.00    0.00    6.09    0.00    0.00    0.00   42.39
22:44:14       0   20.59    0.00   40.20    0.00    0.00   11.76    0.00    0.00    0.00   27.45
22:44:14       1    9.28    0.00   26.80    0.00    0.00    2.06    0.00    0.00    0.00   61.86
22:44:14       2    9.09    0.00   44.44    0.00    0.00    5.05    0.00    0.00    0.00   41.41
22:44:14       3   12.50    0.00   42.71    0.00    0.00    5.21    0.00    0.00    0.00   39.58

22:44:14     CPU    %usr   %nice    %sys %iowait    %irq   %soft  %steal  %guest  %gnice   %idle
22:44:15     all   13.40    0.00   34.54    0.26    0.00    6.19    0.00    0.00    0.00   45.62
22:44:15       0   25.00    0.00   40.62    0.00    0.00    7.29    0.00    0.00    0.00   27.08
22:44:15       1    6.32    0.00   24.21    0.00    0.00    5.26    0.00    0.00    0.00   64.21
22:44:15       2   11.11    0.00   36.36    0.00    0.00    8.08    0.00    0.00    0.00   44.44
22:44:15       3   11.22    0.00   36.73    1.02    0.00    4.08    0.00    0.00    0.00   46.94

22:44:15     CPU    %usr   %nice    %sys %iowait    %irq   %soft  %steal  %guest  %gnice   %idle
22:44:16     all   13.27    0.00   33.93    0.00    0.00    8.16    0.00    0.00    0.00   44.64
22:44:16       0   21.88    0.00   35.42    0.00    0.00   11.46    0.00    0.00    0.00   31.25
22:44:16       1    8.16    0.00   23.47    0.00    0.00    3.06    0.00    0.00    0.00   65.31
22:44:16       2   13.27    0.00   36.73    0.00    0.00    8.16    0.00    0.00    0.00   41.84
22:44:16       3   10.00    0.00   40.00    0.00    0.00   10.00    0.00    0.00    0.00   40.00

22:44:16     CPU    %usr   %nice    %sys %iowait    %irq   %soft  %steal  %guest  %gnice   %idle
22:44:17     all   12.40    0.00   35.66    0.00    0.00    6.46    0.00    0.00    0.00   45.48
22:44:17       0   23.40    0.00   39.36    0.00    0.00   11.70    0.00    0.00    0.00   25.53
22:44:17       1    7.00    0.00   28.00    0.00    0.00    4.00    0.00    0.00    0.00   61.00
22:44:17       2    7.14    0.00   38.78    0.00    0.00    6.12    0.00    0.00    0.00   47.96
22:44:17       3   12.63    0.00   36.84    0.00    0.00    4.21    0.00    0.00    0.00   46.32

22:44:17     CPU    %usr   %nice    %sys %iowait    %irq   %soft  %steal  %guest  %gnice   %idle
22:44:18     all   13.44    0.00   32.30    0.00    0.00    8.01    0.00    0.00    0.00   46.25
22:44:18       0   26.00    0.00   36.00    0.00    0.00    9.00    0.00    0.00    0.00   29.00
22:44:18       1    6.00    0.00   22.00    0.00    0.00    8.00    0.00    0.00    0.00   64.00
22:44:18       2    8.70    0.00   34.78    0.00    0.00    9.78    0.00    0.00    0.00   46.74
22:44:18       3   12.63    0.00   36.84    0.00    0.00    5.26    0.00    0.00    0.00   45.26

22:44:18     CPU    %usr   %nice    %sys %iowait    %irq   %soft  %steal  %guest  %gnice   %idle
22:44:19     all   10.43    0.00   39.69    0.00    0.00    6.11    0.00    0.00    0.00   43.77
22:44:19       0   19.19    0.00   47.47    0.00    0.00   10.10    0.00    0.00    0.00   23.23
22:44:19       1    7.29    0.00   26.04    0.00    0.00    2.08    0.00    0.00    0.00   64.58
22:44:19       2    8.00    0.00   40.00    0.00    0.00    5.00    0.00    0.00    0.00   47.00
22:44:19       3    7.14    0.00   44.90    0.00    0.00    7.14    0.00    0.00    0.00   40.82

22:44:19     CPU    %usr   %nice    %sys %iowait    %irq   %soft  %steal  %guest  %gnice   %idle
22:44:20     all   12.34    0.00   38.30    0.00    0.00    7.71    0.00    0.00    0.00   41.65
22:44:20       0   21.43    0.00   42.86    0.00    0.00    9.18    0.00    0.00    0.00   26.53
22:44:20       1    5.26    0.00   29.47    0.00    0.00    3.16    0.00    0.00    0.00   62.11
22:44:20       2   11.88    0.00   39.60    0.00    0.00   10.89    0.00    0.00    0.00   37.62
22:44:20       3   10.53    0.00   41.05    0.00    0.00    7.37    0.00    0.00    0.00   41.05

22:44:20     CPU    %usr   %nice    %sys %iowait    %irq   %soft  %steal  %guest  %gnice   %idle
22:44:21     all   11.11    0.00   37.98    0.00    0.00    7.24    0.00    0.00    0.00   43.67
22:44:21       0   21.88    0.00   38.54    0.00    0.00   10.42    0.00    0.00    0.00   29.17
22:44:21       1    5.10    0.00   28.57    0.00    0.00    3.06    0.00    0.00    0.00   63.27
22:44:21       2    8.33    0.00   41.67    0.00    0.00    8.33    0.00    0.00    0.00   41.67
22:44:21       3    9.28    0.00   43.30    0.00    0.00    7.22    0.00    0.00    0.00   40.21

22:44:21     CPU    %usr   %nice    %sys %iowait    %irq   %soft  %steal  %guest  %gnice   %idle
22:44:22     all   12.91    0.00   37.22    0.00    0.00    7.09    0.00    0.00    0.00   42.78
22:44:22       0   23.96    0.00   39.58    0.00    0.00    8.33    0.00    0.00    0.00   28.12
22:44:22       1    7.14    0.00   29.59    0.00    0.00    2.04    0.00    0.00    0.00   61.22
22:44:22       2    9.00    0.00   36.00    0.00    0.00    8.00    0.00    0.00    0.00   47.00
22:44:22       3   11.88    0.00   43.56    0.00    0.00    9.90    0.00    0.00    0.00   34.65

22:44:22     CPU    %usr   %nice    %sys %iowait    %irq   %soft  %steal  %guest  %gnice   %idle
22:44:23     all   12.73    0.00   32.36    0.00    0.00    9.28    0.00    0.00    0.00   45.62
22:44:23       0   22.68    0.00   35.05    0.00    0.00   14.43    0.00    0.00    0.00   27.84
22:44:23       1    5.38    0.00   20.43    0.00    0.00    6.45    0.00    0.00    0.00   67.74
22:44:23       2   11.96    0.00   35.87    0.00    0.00    7.61    0.00    0.00    0.00   44.57
22:44:23       3   10.53    0.00   37.89    0.00    0.00    8.42    0.00    0.00    0.00   43.16

22:44:23     CPU    %usr   %nice    %sys %iowait    %irq   %soft  %steal  %guest  %gnice   %idle
22:44:24     all   13.42    0.00   35.44    0.00    0.00    7.34    0.00    0.00    0.00   43.80
22:44:24       0   24.00    0.00   36.00    0.00    0.00   10.00    0.00    0.00    0.00   30.00
22:44:24       1    7.84    0.00   29.41    0.00    0.00    2.94    0.00    0.00    0.00   59.80
22:44:24       2    9.18    0.00   40.82    0.00    0.00    7.14    0.00    0.00    0.00   42.86
22:44:24       3   12.63    0.00   35.79    0.00    0.00    9.47    0.00    0.00    0.00   42.11

22:44:24     CPU    %usr   %nice    %sys %iowait    %irq   %soft  %steal  %guest  %gnice   %idle
22:44:25     all   14.10    0.00   35.64    0.00    0.00    7.69    0.00    0.00    0.00   42.56
22:44:25       0   23.00    0.00   40.00    0.00    0.00   12.00    0.00    0.00    0.00   25.00
22:44:25       1   11.00    0.00   28.00    0.00    0.00    4.00    0.00    0.00    0.00   57.00
22:44:25       2    9.89    0.00   36.26    0.00    0.00    5.49    0.00    0.00    0.00   48.35
22:44:25       3   12.12    0.00   38.38    0.00    0.00    9.09    0.00    0.00    0.00   40.40

22:44:25     CPU    %usr   %nice    %sys %iowait    %irq   %soft  %steal  %guest  %gnice   %idle
22:44:26     all   13.12    0.00   36.75    0.00    0.00    5.77    0.00    0.00    0.00   44.36
22:44:26       0   21.65    0.00   44.33    0.00    0.00    9.28    0.00    0.00    0.00   24.74
22:44:26       1    8.91    0.00   31.68    0.00    0.00    2.97    0.00    0.00    0.00   56.44
22:44:26       2   10.87    0.00   33.70    0.00    0.00    5.43    0.00    0.00    0.00   50.00
22:44:26       3   10.99    0.00   37.36    0.00    0.00    5.49    0.00    0.00    0.00   46.15

22:44:26     CPU    %usr   %nice    %sys %iowait    %irq   %soft  %steal  %guest  %gnice   %idle
22:44:27     all   13.01    0.00   36.73    0.00    0.00    6.38    0.00    0.00    0.00   43.88
22:44:27       0   20.83    0.00   45.83    0.00    0.00    8.33    0.00    0.00    0.00   25.00
22:44:27       1    7.00    0.00   34.00    0.00    0.00    2.00    0.00    0.00    0.00   57.00
22:44:27       2   12.50    0.00   35.42    0.00    0.00    6.25    0.00    0.00    0.00   45.83
22:44:27       3   12.00    0.00   32.00    0.00    0.00    9.00    0.00    0.00    0.00   47.00

22:44:27     CPU    %usr   %nice    %sys %iowait    %irq   %soft  %steal  %guest  %gnice   %idle
22:44:28     all   10.13    0.00   39.48    0.00    0.00    7.53    0.00    0.00    0.00   42.86
22:44:28       0   21.05    0.00   41.05    0.00    0.00    9.47    0.00    0.00    0.00   28.42
22:44:28       1    4.12    0.00   30.93    0.00    0.00    2.06    0.00    0.00    0.00   62.89
22:44:28       2    7.45    0.00   39.36    0.00    0.00   10.64    0.00    0.00    0.00   42.55
22:44:28       3    8.08    0.00   46.46    0.00    0.00    8.08    0.00    0.00    0.00   37.37

22:44:28     CPU    %usr   %nice    %sys %iowait    %irq   %soft  %steal  %guest  %gnice   %idle
22:44:29     all   13.45    0.00   36.29    0.00    0.00    7.36    0.00    0.00    0.00   42.89
22:44:29       0   24.75    0.00   38.61    0.00    0.00    9.90    0.00    0.00    0.00   26.73
22:44:29       1    6.38    0.00   25.53    0.00    0.00    2.13    0.00    0.00    0.00   65.96
22:44:29       2   11.22    0.00   37.76    0.00    0.00    9.18    0.00    0.00    0.00   41.84
22:44:29       3   10.89    0.00   42.57    0.00    0.00    7.92    0.00    0.00    0.00   38.61

22:44:29     CPU    %usr   %nice    %sys %iowait    %irq   %soft  %steal  %guest  %gnice   %idle
22:44:30     all    9.95    0.00   37.56    0.00    0.00    7.21    0.00    0.00    0.00   45.27
22:44:30       0   18.37    0.00   38.78    0.00    0.00   12.24    0.00    0.00    0.00   30.61
22:44:30       1    2.88    0.00   30.77    0.00    0.00    3.85    0.00    0.00    0.00   62.50
22:44:30       2   10.31    0.00   35.05    0.00    0.00    8.25    0.00    0.00    0.00   46.39
22:44:30       3    8.74    0.00   45.63    0.00    0.00    4.85    0.00    0.00    0.00   40.78

22:44:30     CPU    %usr   %nice    %sys %iowait    %irq   %soft  %steal  %guest  %gnice   %idle
22:44:31     all   13.45    0.00   35.03    0.00    0.00    6.60    0.00    0.00    0.00   44.92
22:44:31       0   25.25    0.00   42.42    0.00    0.00    8.08    0.00    0.00    0.00   24.24
22:44:31       1    6.25    0.00   30.21    0.00    0.00    4.17    0.00    0.00    0.00   59.38
22:44:31       2    6.25    0.00   33.33    0.00    0.00    4.17    0.00    0.00    0.00   56.25
22:44:31       3   15.53    0.00   33.98    0.00    0.00    9.71    0.00    0.00    0.00   40.78

22:44:31     CPU    %usr   %nice    %sys %iowait    %irq   %soft  %steal  %guest  %gnice   %idle
22:44:32     all   13.01    0.00   37.50    0.00    0.00    6.38    0.00    0.00    0.00   43.11
22:44:32       0   22.00    0.00   43.00    0.00    0.00   11.00    0.00    0.00    0.00   24.00
22:44:32       1    5.10    0.00   31.63    0.00    0.00    3.06    0.00    0.00    0.00   60.20
22:44:32       2   10.31    0.00   39.18    0.00    0.00    4.12    0.00    0.00    0.00   46.39
22:44:32       3   14.43    0.00   36.08    0.00    0.00    7.22    0.00    0.00    0.00   42.27

22:44:32     CPU    %usr   %nice    %sys %iowait    %irq   %soft  %steal  %guest  %gnice   %idle
22:44:33     all   11.60    0.00   35.82    0.00    0.00    8.25    0.00    0.00    0.00   44.33
22:44:33       0   20.41    0.00   40.82    0.00    0.00   12.24    0.00    0.00    0.00   26.53
22:44:33       1    5.15    0.00   27.84    0.00    0.00    3.09    0.00    0.00    0.00   63.92
22:44:33       2   10.31    0.00   37.11    0.00    0.00    7.22    0.00    0.00    0.00   45.36
22:44:33       3   10.42    0.00   37.50    0.00    0.00   10.42    0.00    0.00    0.00   41.67

22:44:33     CPU    %usr   %nice    %sys %iowait    %irq   %soft  %steal  %guest  %gnice   %idle
22:44:34     all   12.34    0.00   39.85    0.26    0.00    6.68    0.00    0.00    0.00   40.87
22:44:34       0   25.00    0.00   41.67    0.00    0.00   11.46    0.00    0.00    0.00   21.88
22:44:34       1    4.00    0.00   36.00    1.00    0.00    3.00    0.00    0.00    0.00   56.00
22:44:34       2    9.68    0.00   41.94    0.00    0.00    4.30    0.00    0.00    0.00   44.09
22:44:34       3   11.00    0.00   40.00    0.00    0.00    8.00    0.00    0.00    0.00   41.00

22:44:34     CPU    %usr   %nice    %sys %iowait    %irq   %soft  %steal  %guest  %gnice   %idle
22:44:35     all   12.89    0.00   39.18    0.00    0.00    5.41    0.00    0.00    0.00   42.53
22:44:35       0   22.00    0.00   43.00    0.00    0.00    8.00    0.00    0.00    0.00   27.00
22:44:35       1    6.38    0.00   25.53    0.00    0.00    1.06    0.00    0.00    0.00   67.02
22:44:35       2    8.51    0.00   41.49    0.00    0.00    7.45    0.00    0.00    0.00   42.55
22:44:35       3   14.00    0.00   46.00    0.00    0.00    5.00    0.00    0.00    0.00   35.00

22:44:35     CPU    %usr   %nice    %sys %iowait    %irq   %soft  %steal  %guest  %gnice   %idle
22:44:36     all   11.92    0.00   34.72    0.00    0.00    8.29    0.00    0.00    0.00   45.08
22:44:36       0   22.22    0.00   37.78    0.00    0.00   11.11    0.00    0.00    0.00   28.89
22:44:36       1    4.00    0.00   24.00    0.00    0.00    6.00    0.00    0.00    0.00   66.00
22:44:36       2   13.27    0.00   38.78    0.00    0.00    8.16    0.00    0.00    0.00   39.80
22:44:36       3    9.18    0.00   38.78    0.00    0.00    8.16    0.00    0.00    0.00   43.88

22:44:36     CPU    %usr   %nice    %sys %iowait    %irq   %soft  %steal  %guest  %gnice   %idle
22:44:37     all   12.40    0.00   37.98    0.00    0.00    6.20    0.00    0.00    0.00   43.41
22:44:37       0   22.92    0.00   42.71    0.00    0.00    9.38    0.00    0.00    0.00   25.00
22:44:37       1    4.35    0.00   28.26    0.00    0.00    2.17    0.00    0.00    0.00   65.22
22:44:37       2   10.31    0.00   39.18    0.00    0.00    7.22    0.00    0.00    0.00   43.30
22:44:37       3   11.76    0.00   41.18    0.00    0.00    5.88    0.00    0.00    0.00   41.18

22:44:37     CPU    %usr   %nice    %sys %iowait    %irq   %soft  %steal  %guest  %gnice   %idle
22:44:39     all   12.53    0.00   36.81    0.00    0.00    5.74    0.00    0.00    0.00   44.91
22:44:39       0   23.76    0.00   45.54    0.00    0.00    8.91    0.00    0.00    0.00   21.78
22:44:39       1    7.45    0.00   29.79    0.00    0.00    2.13    0.00    0.00    0.00   60.64
22:44:39       2    5.32    0.00   35.11    0.00    0.00    4.26    0.00    0.00    0.00   55.32
22:44:39       3   12.77    0.00   36.17    0.00    0.00    7.45    0.00    0.00    0.00   43.62

22:44:39     CPU    %usr   %nice    %sys %iowait    %irq   %soft  %steal  %guest  %gnice   %idle
22:44:40     all   11.60    0.00   37.89    0.00    0.00    5.93    0.00    0.00    0.00   44.59
22:44:40       0   21.43    0.00   42.86    0.00    0.00    8.16    0.00    0.00    0.00   27.55
22:44:40       1    6.32    0.00   25.26    0.00    0.00    3.16    0.00    0.00    0.00   65.26
22:44:40       2   12.24    0.00   41.84    0.00    0.00    4.08    0.00    0.00    0.00   41.84
22:44:40       3    6.19    0.00   41.24    0.00    0.00    8.25    0.00    0.00    0.00   44.33

22:44:40     CPU    %usr   %nice    %sys %iowait    %irq   %soft  %steal  %guest  %gnice   %idle
22:44:41     all   11.54    0.00   34.87    0.00    0.00    6.41    0.00    0.00    0.00   47.18
22:44:41       0   23.47    0.00   42.86    0.00    0.00    7.14    0.00    0.00    0.00   26.53
22:44:41       1    3.16    0.00   22.11    0.00    0.00    6.32    0.00    0.00    0.00   68.42
22:44:41       2   11.11    0.00   36.36    0.00    0.00    5.05    0.00    0.00    0.00   47.47
22:44:41       3    8.16    0.00   37.76    0.00    0.00    7.14    0.00    0.00    0.00   46.94

22:44:41     CPU    %usr   %nice    %sys %iowait    %irq   %soft  %steal  %guest  %gnice   %idle
22:44:42     all   11.05    0.00   31.62    0.00    0.00    5.14    0.00    0.00    0.00   52.19
22:44:42       0   22.68    0.00   36.08    0.00    0.00    9.28    0.00    0.00    0.00   31.96
22:44:42       1    6.25    0.00   21.88    0.00    0.00    4.17    0.00    0.00    0.00   67.71
22:44:42       2    7.07    0.00   32.32    0.00    0.00    3.03    0.00    0.00    0.00   57.58
22:44:42       3    8.25    0.00   36.08    0.00    0.00    4.12    0.00    0.00    0.00   51.55

Average:     CPU    %usr   %nice    %sys %iowait    %irq   %soft  %steal  %guest  %gnice   %idle
Average:     all   11.42    0.00   33.99    0.02    0.00    6.85    0.00    0.00    0.00   47.73
Average:       0   20.84    0.00   37.87    0.00    0.00   11.17    0.00    0.00    0.00   30.11
Average:       1    6.01    0.00   26.68    0.03    0.00    3.31    0.00    0.00    0.00   63.97
Average:       2    8.83    0.00   35.25    0.02    0.00    6.08    0.00    0.00    0.00   49.82
Average:       3    9.83    0.00   36.10    0.02    0.00    6.75    0.00    0.00    0.00   47.30
