Linux 6.6.87.2-microsoft-standard-WSL2 (Udeepa-ASUS) 	04/15/26 	_x86_64_	(4 CPU)

23:09:06     CPU    %usr   %nice    %sys %iowait    %irq   %soft  %steal  %guest  %gnice   %idle
23:09:07     all    2.27    0.00   12.12    0.00    0.00    2.53    0.00    0.00    0.00   83.08
23:09:07       0    0.00    0.00    5.10    0.00    0.00   10.20    0.00    0.00    0.00   84.69
23:09:07       1    1.02    0.00   14.29    0.00    0.00    0.00    0.00    0.00    0.00   84.69
23:09:07       2    6.06    0.00   13.13    0.00    0.00    0.00    0.00    0.00    0.00   80.81
23:09:07       3    1.98    0.00   15.84    0.00    0.00    0.00    0.00    0.00    0.00   82.18

23:09:07     CPU    %usr   %nice    %sys %iowait    %irq   %soft  %steal  %guest  %gnice   %idle
23:09:08     all    2.22    0.00   11.82    0.00    0.00    3.45    0.00    0.00    0.00   82.51
23:09:08       0    3.92    0.00    8.82    0.00    0.00   13.73    0.00    0.00    0.00   73.53
23:09:08       1    3.00    0.00   12.00    0.00    0.00    0.00    0.00    0.00    0.00   85.00
23:09:08       2    0.00    0.00   14.85    0.00    0.00    0.00    0.00    0.00    0.00   85.15
23:09:08       3    1.94    0.00   11.65    0.00    0.00    0.00    0.00    0.00    0.00   86.41

23:09:08     CPU    %usr   %nice    %sys %iowait    %irq   %soft  %steal  %guest  %gnice   %idle
23:09:09     all   11.42    0.00   37.82    0.00    0.00   11.68    0.00    0.00    0.00   39.09
23:09:09       0   10.28    0.00   33.64    0.00    0.00   22.43    0.00    0.00    0.00   33.64
23:09:09       1   12.24    0.00   37.76    0.00    0.00    8.16    0.00    0.00    0.00   41.84
23:09:09       2   11.96    0.00   39.13    0.00    0.00    7.61    0.00    0.00    0.00   41.30
23:09:09       3   11.34    0.00   41.24    0.00    0.00    7.22    0.00    0.00    0.00   40.21

23:09:09     CPU    %usr   %nice    %sys %iowait    %irq   %soft  %steal  %guest  %gnice   %idle
23:09:10     all   13.37    0.00   38.86    0.00    0.00   13.61    0.00    0.00    0.00   34.16
23:09:10       0    9.91    0.00   36.04    0.00    0.00   25.23    0.00    0.00    0.00   28.83
23:09:10       1   12.12    0.00   42.42    0.00    0.00    9.09    0.00    0.00    0.00   36.36
23:09:10       2   15.96    0.00   35.11    0.00    0.00   10.64    0.00    0.00    0.00   38.30
23:09:10       3   16.00    0.00   42.00    0.00    0.00    8.00    0.00    0.00    0.00   34.00

23:09:10     CPU    %usr   %nice    %sys %iowait    %irq   %soft  %steal  %guest  %gnice   %idle
23:09:11     all   10.73    0.00   39.01    0.00    0.00    8.64    0.00    0.00    0.00   41.62
23:09:11       0    9.62    0.00   37.50    0.00    0.00   17.31    0.00    0.00    0.00   35.58
23:09:11       1    9.68    0.00   40.86    0.00    0.00    5.38    0.00    0.00    0.00   44.09
23:09:11       2   10.87    0.00   43.48    0.00    0.00    3.26    0.00    0.00    0.00   42.39
23:09:11       3   12.90    0.00   34.41    0.00    0.00    7.53    0.00    0.00    0.00   45.16

23:09:11     CPU    %usr   %nice    %sys %iowait    %irq   %soft  %steal  %guest  %gnice   %idle
23:09:12     all    9.95    0.00   36.22    0.00    0.00   10.71    0.00    0.00    0.00   43.11
23:09:12       0    8.00    0.00   31.00    0.00    0.00   20.00    0.00    0.00    0.00   41.00
23:09:12       1    9.18    0.00   38.78    0.00    0.00    7.14    0.00    0.00    0.00   44.90
23:09:12       2   11.22    0.00   38.78    0.00    0.00    7.14    0.00    0.00    0.00   42.86
23:09:12       3   11.46    0.00   36.46    0.00    0.00    8.33    0.00    0.00    0.00   43.75

23:09:12     CPU    %usr   %nice    %sys %iowait    %irq   %soft  %steal  %guest  %gnice   %idle
23:09:13     all   10.80    0.00   39.70    0.00    0.00   11.06    0.00    0.00    0.00   38.44
23:09:13       0    7.69    0.00   34.62    0.00    0.00   22.12    0.00    0.00    0.00   35.58
23:09:13       1   12.24    0.00   38.78    0.00    0.00    8.16    0.00    0.00    0.00   40.82
23:09:13       2   13.13    0.00   41.41    0.00    0.00    7.07    0.00    0.00    0.00   38.38
23:09:13       3   10.31    0.00   44.33    0.00    0.00    6.19    0.00    0.00    0.00   39.18

23:09:13     CPU    %usr   %nice    %sys %iowait    %irq   %soft  %steal  %guest  %gnice   %idle
23:09:14     all   13.78    0.00   35.20    0.00    0.00   10.71    0.00    0.00    0.00   40.31
23:09:14       0   10.91    0.00   30.00    0.00    0.00   23.64    0.00    0.00    0.00   35.45
23:09:14       1   16.84    0.00   35.79    0.00    0.00    5.26    0.00    0.00    0.00   42.11
23:09:14       2   12.50    0.00   39.58    0.00    0.00    6.25    0.00    0.00    0.00   41.67
23:09:14       3   15.38    0.00   36.26    0.00    0.00    5.49    0.00    0.00    0.00   42.86

23:09:14     CPU    %usr   %nice    %sys %iowait    %irq   %soft  %steal  %guest  %gnice   %idle
23:09:16     all   14.97    0.00   35.79    0.00    0.00   12.69    0.00    0.00    0.00   36.55
23:09:16       0   11.93    0.00   34.86    0.00    0.00   22.94    0.00    0.00    0.00   30.28
23:09:16       1   17.17    0.00   35.35    0.00    0.00   10.10    0.00    0.00    0.00   37.37
23:09:16       2   15.96    0.00   35.11    0.00    0.00    9.57    0.00    0.00    0.00   39.36
23:09:16       3   15.22    0.00   38.04    0.00    0.00    6.52    0.00    0.00    0.00   40.22

23:09:16     CPU    %usr   %nice    %sys %iowait    %irq   %soft  %steal  %guest  %gnice   %idle
23:09:17     all   14.50    0.00   42.49    0.00    0.00   10.69    0.00    0.00    0.00   32.32
23:09:17       0   14.02    0.00   38.32    0.00    0.00   20.56    0.00    0.00    0.00   27.10
23:09:17       1   15.96    0.00   40.43    0.00    0.00    7.45    0.00    0.00    0.00   36.17
23:09:17       2   14.74    0.00   46.32    0.00    0.00    4.21    0.00    0.00    0.00   34.74
23:09:17       3   13.40    0.00   45.36    0.00    0.00    9.28    0.00    0.00    0.00   31.96

23:09:17     CPU    %usr   %nice    %sys %iowait    %irq   %soft  %steal  %guest  %gnice   %idle
23:09:18     all   13.55    0.00   40.15    0.00    0.00   11.76    0.00    0.00    0.00   34.53
23:09:18       0    9.80    0.00   35.29    0.00    0.00   23.53    0.00    0.00    0.00   31.37
23:09:18       1   19.39    0.00   40.82    0.00    0.00    5.10    0.00    0.00    0.00   34.69
23:09:18       2   13.83    0.00   40.43    0.00    0.00    9.57    0.00    0.00    0.00   36.17
23:09:18       3   11.34    0.00   44.33    0.00    0.00    8.25    0.00    0.00    0.00   36.08

23:09:18     CPU    %usr   %nice    %sys %iowait    %irq   %soft  %steal  %guest  %gnice   %idle
23:09:19     all   13.45    0.00   39.34    0.00    0.00   12.44    0.00    0.00    0.00   34.77
23:09:19       0   11.01    0.00   34.86    0.00    0.00   24.77    0.00    0.00    0.00   29.36
23:09:19       1   14.74    0.00   38.95    0.00    0.00    9.47    0.00    0.00    0.00   36.84
23:09:19       2   16.16    0.00   41.41    0.00    0.00    7.07    0.00    0.00    0.00   35.35
23:09:19       3   12.09    0.00   42.86    0.00    0.00    6.59    0.00    0.00    0.00   38.46

23:09:19     CPU    %usr   %nice    %sys %iowait    %irq   %soft  %steal  %guest  %gnice   %idle
23:09:20     all   15.32    0.00   41.56    0.00    0.00   10.39    0.00    0.00    0.00   32.73
23:09:20       0   15.69    0.00   33.33    0.00    0.00   22.55    0.00    0.00    0.00   28.43
23:09:20       1   15.56    0.00   44.44    0.00    0.00    6.67    0.00    0.00    0.00   33.33
23:09:20       2   16.84    0.00   43.16    0.00    0.00    5.26    0.00    0.00    0.00   34.74
23:09:20       3   13.27    0.00   45.92    0.00    0.00    6.12    0.00    0.00    0.00   34.69

23:09:20     CPU    %usr   %nice    %sys %iowait    %irq   %soft  %steal  %guest  %gnice   %idle
23:09:21     all   13.40    0.00   44.59    0.00    0.00   10.05    0.00    0.00    0.00   31.96
23:09:21       0   10.19    0.00   45.37    0.00    0.00   16.67    0.00    0.00    0.00   27.78
23:09:21       1   13.98    0.00   40.86    0.00    0.00   10.75    0.00    0.00    0.00   34.41
23:09:21       2   14.89    0.00   43.62    0.00    0.00    8.51    0.00    0.00    0.00   32.98
23:09:21       3   15.05    0.00   48.39    0.00    0.00    3.23    0.00    0.00    0.00   33.33

23:09:21     CPU    %usr   %nice    %sys %iowait    %irq   %soft  %steal  %guest  %gnice   %idle
23:09:22     all   15.74    0.00   43.65    0.00    0.00    9.64    0.00    0.00    0.00   30.96
23:09:22       0   15.00    0.00   36.00    0.00    0.00   20.00    0.00    0.00    0.00   29.00
23:09:22       1   11.46    0.00   48.96    0.00    0.00    5.21    0.00    0.00    0.00   34.38
23:09:22       2   15.31    0.00   47.96    0.00    0.00    5.10    0.00    0.00    0.00   31.63
23:09:22       3   21.00    0.00   42.00    0.00    0.00    8.00    0.00    0.00    0.00   29.00

23:09:22     CPU    %usr   %nice    %sys %iowait    %irq   %soft  %steal  %guest  %gnice   %idle
23:09:23     all   13.21    0.00   41.97    0.00    0.00   11.92    0.00    0.00    0.00   32.90
23:09:23       0   10.00    0.00   37.00    0.00    0.00   22.00    0.00    0.00    0.00   31.00
23:09:23       1   13.54    0.00   43.75    0.00    0.00    9.38    0.00    0.00    0.00   33.33
23:09:23       2   15.31    0.00   44.90    0.00    0.00    7.14    0.00    0.00    0.00   32.65
23:09:23       3   14.13    0.00   42.39    0.00    0.00    8.70    0.00    0.00    0.00   34.78

23:09:23     CPU    %usr   %nice    %sys %iowait    %irq   %soft  %steal  %guest  %gnice   %idle
23:09:24     all   12.53    0.00   41.43    0.26    0.00   12.02    0.00    0.00    0.00   33.76
23:09:24       0    7.48    0.00   41.12    0.93    0.00   22.43    0.00    0.00    0.00   28.04
23:09:24       1   13.68    0.00   38.95    0.00    0.00   11.58    0.00    0.00    0.00   35.79
23:09:24       2   11.70    0.00   45.74    0.00    0.00    5.32    0.00    0.00    0.00   37.23
23:09:24       3   17.89    0.00   40.00    0.00    0.00    7.37    0.00    0.00    0.00   34.74

23:09:24     CPU    %usr   %nice    %sys %iowait    %irq   %soft  %steal  %guest  %gnice   %idle
23:09:25     all   13.28    0.00   39.06    0.00    0.00   10.42    0.00    0.00    0.00   37.24
23:09:25       0   10.68    0.00   35.92    0.00    0.00   22.33    0.00    0.00    0.00   31.07
23:09:25       1   15.31    0.00   41.84    0.00    0.00    5.10    0.00    0.00    0.00   37.76
23:09:25       2   13.19    0.00   37.36    0.00    0.00    7.69    0.00    0.00    0.00   41.76
23:09:25       3   14.13    0.00   41.30    0.00    0.00    5.43    0.00    0.00    0.00   39.13

23:09:25     CPU    %usr   %nice    %sys %iowait    %irq   %soft  %steal  %guest  %gnice   %idle
23:09:26     all   13.74    0.00   43.00    0.00    0.00   11.45    0.00    0.00    0.00   31.81
23:09:26       0   12.15    0.00   38.32    0.00    0.00   21.50    0.00    0.00    0.00   28.04
23:09:26       1   12.63    0.00   46.32    0.00    0.00    7.37    0.00    0.00    0.00   33.68
23:09:26       2   15.79    0.00   44.21    0.00    0.00    6.32    0.00    0.00    0.00   33.68
23:09:26       3   14.58    0.00   43.75    0.00    0.00    9.38    0.00    0.00    0.00   32.29

23:09:26     CPU    %usr   %nice    %sys %iowait    %irq   %soft  %steal  %guest  %gnice   %idle
23:09:27     all   13.99    0.00   41.71    0.00    0.00   11.14    0.00    0.00    0.00   33.16
23:09:27       0    8.82    0.00   43.14    0.00    0.00   18.63    0.00    0.00    0.00   29.41
23:09:27       1   14.89    0.00   38.30    0.00    0.00    9.57    0.00    0.00    0.00   37.23
23:09:27       2   15.73    0.00   40.45    0.00    0.00    7.87    0.00    0.00    0.00   35.96
23:09:27       3   16.83    0.00   44.55    0.00    0.00    7.92    0.00    0.00    0.00   30.69

23:09:27     CPU    %usr   %nice    %sys %iowait    %irq   %soft  %steal  %guest  %gnice   %idle
23:09:28     all   14.21    0.00   40.83    0.00    0.00   13.18    0.00    0.00    0.00   31.78
23:09:28       0   16.04    0.00   33.96    0.00    0.00   23.58    0.00    0.00    0.00   26.42
23:09:28       1   16.67    0.00   38.54    0.00    0.00   10.42    0.00    0.00    0.00   34.38
23:09:28       2   10.00    0.00   48.89    0.00    0.00    6.67    0.00    0.00    0.00   34.44
23:09:28       3   13.68    0.00   43.16    0.00    0.00   10.53    0.00    0.00    0.00   32.63

23:09:28     CPU    %usr   %nice    %sys %iowait    %irq   %soft  %steal  %guest  %gnice   %idle
23:09:29     all   14.14    0.00   41.67    0.00    0.00   11.87    0.00    0.00    0.00   32.32
23:09:29       0   13.21    0.00   37.74    0.00    0.00   19.81    0.00    0.00    0.00   29.25
23:09:29       1   14.00    0.00   44.00    0.00    0.00   11.00    0.00    0.00    0.00   31.00
23:09:29       2   15.62    0.00   42.71    0.00    0.00    6.25    0.00    0.00    0.00   35.42
23:09:29       3   13.83    0.00   42.55    0.00    0.00    9.57    0.00    0.00    0.00   34.04

23:09:29     CPU    %usr   %nice    %sys %iowait    %irq   %soft  %steal  %guest  %gnice   %idle
23:09:30     all   13.23    0.00   41.80    0.00    0.00   10.05    0.00    0.00    0.00   34.92
23:09:30       0    9.00    0.00   40.00    0.00    0.00   20.00    0.00    0.00    0.00   31.00
23:09:30       1   10.64    0.00   46.81    0.00    0.00    6.38    0.00    0.00    0.00   36.17
23:09:30       2   16.30    0.00   39.13    0.00    0.00    7.61    0.00    0.00    0.00   36.96
23:09:30       3   17.39    0.00   41.30    0.00    0.00    5.43    0.00    0.00    0.00   35.87

23:09:30     CPU    %usr   %nice    %sys %iowait    %irq   %soft  %steal  %guest  %gnice   %idle
23:09:31     all   13.74    0.00   42.49    0.00    0.00   10.18    0.00    0.00    0.00   33.59
23:09:31       0   13.73    0.00   37.25    0.00    0.00   19.61    0.00    0.00    0.00   29.41
23:09:31       1   16.33    0.00   42.86    0.00    0.00    7.14    0.00    0.00    0.00   33.67
23:09:31       2   12.63    0.00   45.26    0.00    0.00    6.32    0.00    0.00    0.00   35.79
23:09:31       3   12.24    0.00   44.90    0.00    0.00    7.14    0.00    0.00    0.00   35.71

23:09:31     CPU    %usr   %nice    %sys %iowait    %irq   %soft  %steal  %guest  %gnice   %idle
23:09:32     all   14.21    0.00   40.31    0.00    0.00   10.08    0.00    0.00    0.00   35.40
23:09:32       0   13.89    0.00   36.11    0.00    0.00   21.30    0.00    0.00    0.00   28.70
23:09:32       1   12.12    0.00   47.47    0.00    0.00    4.04    0.00    0.00    0.00   36.36
23:09:32       2   14.77    0.00   39.77    0.00    0.00    6.82    0.00    0.00    0.00   38.64
23:09:32       3   16.30    0.00   38.04    0.00    0.00    6.52    0.00    0.00    0.00   39.13

23:09:32     CPU    %usr   %nice    %sys %iowait    %irq   %soft  %steal  %guest  %gnice   %idle
23:09:33     all   13.52    0.00   42.60    0.00    0.00   11.99    0.00    0.00    0.00   31.89
23:09:33       0   12.84    0.00   33.94    0.00    0.00   26.61    0.00    0.00    0.00   26.61
23:09:33       1   14.44    0.00   44.44    0.00    0.00    4.44    0.00    0.00    0.00   36.67
23:09:33       2   12.77    0.00   50.00    0.00    0.00    3.19    0.00    0.00    0.00   34.04
23:09:33       3   14.14    0.00   43.43    0.00    0.00   11.11    0.00    0.00    0.00   31.31

23:09:33     CPU    %usr   %nice    %sys %iowait    %irq   %soft  %steal  %guest  %gnice   %idle
23:09:34     all   13.67    0.00   41.77    0.00    0.00   10.38    0.00    0.00    0.00   34.18
23:09:34       0   12.15    0.00   39.25    0.00    0.00   19.63    0.00    0.00    0.00   28.97
23:09:34       1   13.54    0.00   40.62    0.00    0.00    7.29    0.00    0.00    0.00   38.54
23:09:34       2   16.49    0.00   41.24    0.00    0.00    7.22    0.00    0.00    0.00   35.05
23:09:34       3   12.63    0.00   46.32    0.00    0.00    6.32    0.00    0.00    0.00   34.74

23:09:34     CPU    %usr   %nice    %sys %iowait    %irq   %soft  %steal  %guest  %gnice   %idle
23:09:35     all   15.78    0.00   39.95    0.00    0.00   11.96    0.00    0.00    0.00   32.32
23:09:35       0   15.38    0.00   32.69    0.00    0.00   24.04    0.00    0.00    0.00   27.88
23:09:35       1   13.54    0.00   43.75    0.00    0.00    8.33    0.00    0.00    0.00   34.38
23:09:35       2   19.59    0.00   41.24    0.00    0.00    5.15    0.00    0.00    0.00   34.02
23:09:35       3   14.58    0.00   42.71    0.00    0.00    9.38    0.00    0.00    0.00   33.33

23:09:35     CPU    %usr   %nice    %sys %iowait    %irq   %soft  %steal  %guest  %gnice   %idle
23:09:36     all   14.03    0.00   39.80    0.00    0.00   12.24    0.00    0.00    0.00   33.93
23:09:36       0   10.48    0.00   34.29    0.00    0.00   23.81    0.00    0.00    0.00   31.43
23:09:36       1   15.38    0.00   41.76    0.00    0.00    5.49    0.00    0.00    0.00   37.36
23:09:36       2   13.27    0.00   42.86    0.00    0.00   11.22    0.00    0.00    0.00   32.65
23:09:36       3   17.35    0.00   40.82    0.00    0.00    7.14    0.00    0.00    0.00   34.69

23:09:36     CPU    %usr   %nice    %sys %iowait    %irq   %soft  %steal  %guest  %gnice   %idle
23:09:37     all   15.05    0.00   42.86    0.00    0.00   10.71    0.00    0.00    0.00   31.38
23:09:37       0   13.08    0.00   39.25    0.00    0.00   19.63    0.00    0.00    0.00   28.04
23:09:37       1   17.17    0.00   42.42    0.00    0.00    8.08    0.00    0.00    0.00   32.32
23:09:37       2   12.90    0.00   48.39    0.00    0.00    5.38    0.00    0.00    0.00   33.33
23:09:37       3   17.20    0.00   41.94    0.00    0.00    8.60    0.00    0.00    0.00   32.26

23:09:37     CPU    %usr   %nice    %sys %iowait    %irq   %soft  %steal  %guest  %gnice   %idle
23:09:38     all   14.29    0.00   44.13    0.00    0.00    7.91    0.00    0.00    0.00   33.67
23:09:38       0   11.76    0.00   44.12    0.00    0.00   12.75    0.00    0.00    0.00   31.37
23:09:38       1   13.54    0.00   45.83    0.00    0.00    5.21    0.00    0.00    0.00   35.42
23:09:38       2   16.00    0.00   44.00    0.00    0.00    7.00    0.00    0.00    0.00   33.00
23:09:38       3   15.96    0.00   42.55    0.00    0.00    6.38    0.00    0.00    0.00   35.11

23:09:38     CPU    %usr   %nice    %sys %iowait    %irq   %soft  %steal  %guest  %gnice   %idle
23:09:39     all   13.99    0.00   43.26    0.00    0.00   10.10    0.00    0.00    0.00   32.64
23:09:39       0   10.78    0.00   41.18    0.00    0.00   19.61    0.00    0.00    0.00   28.43
23:09:39       1   13.68    0.00   43.16    0.00    0.00    9.47    0.00    0.00    0.00   33.68
23:09:39       2   14.89    0.00   44.68    0.00    0.00    4.26    0.00    0.00    0.00   36.17
23:09:39       3   16.84    0.00   44.21    0.00    0.00    6.32    0.00    0.00    0.00   32.63

23:09:39     CPU    %usr   %nice    %sys %iowait    %irq   %soft  %steal  %guest  %gnice   %idle
23:09:40     all   14.21    0.00   40.57    0.00    0.00    7.24    0.00    0.00    0.00   37.98
23:09:40       0   16.49    0.00   37.11    0.00    0.00    6.19    0.00    0.00    0.00   40.21
23:09:40       1   13.27    0.00   44.90    0.00    0.00    6.12    0.00    0.00    0.00   35.71
23:09:40       2   14.43    0.00   40.21    0.00    0.00    7.22    0.00    0.00    0.00   38.14
23:09:40       3   12.63    0.00   40.00    0.00    0.00    9.47    0.00    0.00    0.00   37.89

23:09:40     CPU    %usr   %nice    %sys %iowait    %irq   %soft  %steal  %guest  %gnice   %idle
23:09:41     all   13.72    0.00   38.79    0.00    0.00    8.71    0.00    0.00    0.00   38.79
23:09:41       0   12.77    0.00   38.30    0.00    0.00    9.57    0.00    0.00    0.00   39.36
23:09:41       1   14.43    0.00   39.18    0.00    0.00    8.25    0.00    0.00    0.00   38.14
23:09:41       2   13.54    0.00   38.54    0.00    0.00    9.38    0.00    0.00    0.00   38.54
23:09:41       3   14.13    0.00   39.13    0.00    0.00    7.61    0.00    0.00    0.00   39.13

23:09:41     CPU    %usr   %nice    %sys %iowait    %irq   %soft  %steal  %guest  %gnice   %idle
23:09:42     all   14.21    0.00   40.00    0.00    0.00    7.89    0.00    0.00    0.00   37.89
23:09:42       0   14.58    0.00   40.62    0.00    0.00    6.25    0.00    0.00    0.00   38.54
23:09:42       1   12.63    0.00   41.05    0.00    0.00    9.47    0.00    0.00    0.00   36.84
23:09:42       2   16.67    0.00   37.50    0.00    0.00    9.38    0.00    0.00    0.00   36.46
23:09:42       3   12.90    0.00   40.86    0.00    0.00    6.45    0.00    0.00    0.00   39.78

23:09:42     CPU    %usr   %nice    %sys %iowait    %irq   %soft  %steal  %guest  %gnice   %idle
23:09:43     all   12.34    0.00   39.11    0.00    0.00    8.40    0.00    0.00    0.00   40.16
23:09:43       0   13.04    0.00   38.04    0.00    0.00    7.61    0.00    0.00    0.00   41.30
23:09:43       1    9.38    0.00   41.67    0.00    0.00    8.33    0.00    0.00    0.00   40.62
23:09:43       2   14.29    0.00   41.84    0.00    0.00    5.10    0.00    0.00    0.00   38.78
23:09:43       3   12.63    0.00   34.74    0.00    0.00   12.63    0.00    0.00    0.00   40.00

23:09:43     CPU    %usr   %nice    %sys %iowait    %irq   %soft  %steal  %guest  %gnice   %idle
23:09:44     all   14.81    0.00   38.18    0.00    0.00   10.39    0.00    0.00    0.00   36.62
23:09:44       0   14.89    0.00   36.17    0.00    0.00   10.64    0.00    0.00    0.00   38.30
23:09:44       1   15.79    0.00   38.95    0.00    0.00    9.47    0.00    0.00    0.00   35.79
23:09:44       2   13.68    0.00   40.00    0.00    0.00    8.42    0.00    0.00    0.00   37.89
23:09:44       3   14.85    0.00   37.62    0.00    0.00   12.87    0.00    0.00    0.00   34.65

23:09:44     CPU    %usr   %nice    %sys %iowait    %irq   %soft  %steal  %guest  %gnice   %idle
23:09:45     all   13.55    0.00   39.39    0.00    0.00    8.44    0.00    0.00    0.00   38.62
23:09:45       0   11.88    0.00   40.59    0.00    0.00    9.90    0.00    0.00    0.00   37.62
23:09:45       1   17.17    0.00   36.36    0.00    0.00    9.09    0.00    0.00    0.00   37.37
23:09:45       2   12.50    0.00   41.67    0.00    0.00    6.25    0.00    0.00    0.00   39.58
23:09:45       3   12.63    0.00   38.95    0.00    0.00    8.42    0.00    0.00    0.00   40.00

23:09:45     CPU    %usr   %nice    %sys %iowait    %irq   %soft  %steal  %guest  %gnice   %idle
23:09:46     all   13.21    0.00   39.12    0.00    0.00    6.99    0.00    0.00    0.00   40.67
23:09:46       0   13.13    0.00   41.41    0.00    0.00    5.05    0.00    0.00    0.00   40.40
23:09:46       1   15.62    0.00   36.46    0.00    0.00    7.29    0.00    0.00    0.00   40.62
23:09:46       2   12.77    0.00   37.23    0.00    0.00    8.51    0.00    0.00    0.00   41.49
23:09:46       3   11.34    0.00   41.24    0.00    0.00    7.22    0.00    0.00    0.00   40.21

23:09:46     CPU    %usr   %nice    %sys %iowait    %irq   %soft  %steal  %guest  %gnice   %idle
23:09:47     all   14.10    0.00   39.95    0.00    0.00    9.14    0.00    0.00    0.00   36.81
23:09:47       0   11.34    0.00   41.24    0.00    0.00   11.34    0.00    0.00    0.00   36.08
23:09:47       1   11.11    0.00   43.43    0.00    0.00   10.10    0.00    0.00    0.00   35.35
23:09:47       2   20.43    0.00   33.33    0.00    0.00    7.53    0.00    0.00    0.00   38.71
23:09:47       3   13.83    0.00   41.49    0.00    0.00    7.45    0.00    0.00    0.00   37.23

23:09:47     CPU    %usr   %nice    %sys %iowait    %irq   %soft  %steal  %guest  %gnice   %idle
23:09:48     all   14.40    0.00   39.79    0.00    0.00    7.59    0.00    0.00    0.00   38.22
23:09:48       0   13.68    0.00   36.84    0.00    0.00   10.53    0.00    0.00    0.00   38.95
23:09:48       1   19.00    0.00   40.00    0.00    0.00    6.00    0.00    0.00    0.00   35.00
23:09:48       2   10.87    0.00   40.22    0.00    0.00    7.61    0.00    0.00    0.00   41.30
23:09:48       3   13.68    0.00   42.11    0.00    0.00    6.32    0.00    0.00    0.00   37.89

23:09:48     CPU    %usr   %nice    %sys %iowait    %irq   %soft  %steal  %guest  %gnice   %idle
23:09:49     all   12.07    0.00   38.06    0.00    0.00    8.40    0.00    0.00    0.00   41.47
23:09:49       0   13.98    0.00   35.48    0.00    0.00    7.53    0.00    0.00    0.00   43.01
23:09:49       1   11.83    0.00   35.48    0.00    0.00    8.60    0.00    0.00    0.00   44.09
23:09:49       2   11.11    0.00   41.41    0.00    0.00    8.08    0.00    0.00    0.00   39.39
23:09:49       3   11.46    0.00   39.58    0.00    0.00    9.38    0.00    0.00    0.00   39.58

23:09:49     CPU    %usr   %nice    %sys %iowait    %irq   %soft  %steal  %guest  %gnice   %idle
23:09:50     all   12.96    0.00   36.62    0.00    0.00    8.17    0.00    0.00    0.00   42.25
23:09:50       0   14.29    0.00   36.26    0.00    0.00    7.69    0.00    0.00    0.00   41.76
23:09:50       1   17.78    0.00   34.44    0.00    0.00    6.67    0.00    0.00    0.00   41.11
23:09:50       2   11.11    0.00   37.78    0.00    0.00   10.00    0.00    0.00    0.00   41.11
23:09:50       3    8.33    0.00   38.10    0.00    0.00    8.33    0.00    0.00    0.00   45.24

23:09:50     CPU    %usr   %nice    %sys %iowait    %irq   %soft  %steal  %guest  %gnice   %idle
23:09:51     all   13.95    0.00   40.26    0.00    0.00    7.37    0.00    0.00    0.00   38.42
23:09:51       0   16.67    0.00   39.58    0.00    0.00    5.21    0.00    0.00    0.00   38.54
23:09:51       1   12.50    0.00   40.62    0.00    0.00    9.38    0.00    0.00    0.00   37.50
23:09:51       2   14.89    0.00   41.49    0.00    0.00    4.26    0.00    0.00    0.00   39.36
23:09:51       3   11.70    0.00   39.36    0.00    0.00   10.64    0.00    0.00    0.00   38.30

23:09:51     CPU    %usr   %nice    %sys %iowait    %irq   %soft  %steal  %guest  %gnice   %idle
23:09:52     all   12.89    0.00   41.58    0.00    0.00    9.47    0.00    0.00    0.00   36.05
23:09:52       0   11.58    0.00   42.11    0.00    0.00   10.53    0.00    0.00    0.00   35.79
23:09:52       1   13.54    0.00   43.75    0.00    0.00    7.29    0.00    0.00    0.00   35.42
23:09:52       2   13.83    0.00   38.30    0.00    0.00    9.57    0.00    0.00    0.00   38.30
23:09:52       3   12.63    0.00   42.11    0.00    0.00   10.53    0.00    0.00    0.00   34.74

23:09:52     CPU    %usr   %nice    %sys %iowait    %irq   %soft  %steal  %guest  %gnice   %idle
23:09:53     all   13.12    0.00   37.01    0.00    0.00    6.82    0.00    0.00    0.00   43.04
23:09:53       0   13.19    0.00   35.16    0.00    0.00    6.59    0.00    0.00    0.00   45.05
23:09:53       1   11.46    0.00   39.58    0.00    0.00    6.25    0.00    0.00    0.00   42.71
23:09:53       2   13.98    0.00   34.41    0.00    0.00    7.53    0.00    0.00    0.00   44.09
23:09:53       3   13.86    0.00   38.61    0.00    0.00    6.93    0.00    0.00    0.00   40.59

23:09:53     CPU    %usr   %nice    %sys %iowait    %irq   %soft  %steal  %guest  %gnice   %idle
23:09:54     all   14.25    0.00   39.31    0.00    0.00    9.50    0.00    0.00    0.00   36.94
23:09:54       0   14.74    0.00   42.11    0.00    0.00    5.26    0.00    0.00    0.00   37.89
23:09:54       1   15.73    0.00   37.08    0.00    0.00    8.99    0.00    0.00    0.00   38.20
23:09:54       2   13.27    0.00   38.78    0.00    0.00   11.22    0.00    0.00    0.00   36.73
23:09:54       3   13.40    0.00   39.18    0.00    0.00   12.37    0.00    0.00    0.00   35.05

23:09:54     CPU    %usr   %nice    %sys %iowait    %irq   %soft  %steal  %guest  %gnice   %idle
23:09:55     all   14.40    0.00   41.36    0.00    0.00    8.90    0.00    0.00    0.00   35.34
23:09:55       0   12.63    0.00   44.21    0.00    0.00    6.32    0.00    0.00    0.00   36.84
23:09:55       1   15.46    0.00   41.24    0.00    0.00   10.31    0.00    0.00    0.00   32.99
23:09:55       2   13.68    0.00   40.00    0.00    0.00    9.47    0.00    0.00    0.00   36.84
23:09:55       3   15.79    0.00   40.00    0.00    0.00    9.47    0.00    0.00    0.00   34.74

23:09:55     CPU    %usr   %nice    %sys %iowait    %irq   %soft  %steal  %guest  %gnice   %idle
23:09:56     all   14.58    0.00   39.58    0.00    0.00    8.07    0.00    0.00    0.00   37.76
23:09:56       0   14.29    0.00   37.76    0.00    0.00   10.20    0.00    0.00    0.00   37.76
23:09:56       1   14.74    0.00   38.95    0.00    0.00    8.42    0.00    0.00    0.00   37.89
23:09:56       2   14.29    0.00   40.82    0.00    0.00    7.14    0.00    0.00    0.00   37.76
23:09:56       3   15.05    0.00   40.86    0.00    0.00    6.45    0.00    0.00    0.00   37.63

23:09:56     CPU    %usr   %nice    %sys %iowait    %irq   %soft  %steal  %guest  %gnice   %idle
23:09:57     all   13.12    0.00   37.01    0.00    0.00    7.09    0.00    0.00    0.00   42.78
23:09:57       0   13.13    0.00   39.39    0.00    0.00    5.05    0.00    0.00    0.00   42.42
23:09:57       1   14.44    0.00   31.11    0.00    0.00    8.89    0.00    0.00    0.00   45.56
23:09:57       2   12.90    0.00   37.63    0.00    0.00    6.45    0.00    0.00    0.00   43.01
23:09:57       3   12.12    0.00   39.39    0.00    0.00    8.08    0.00    0.00    0.00   40.40

23:09:57     CPU    %usr   %nice    %sys %iowait    %irq   %soft  %steal  %guest  %gnice   %idle
23:09:58     all   12.96    0.00   39.95    0.26    0.00    9.52    0.00    0.00    0.00   37.30
23:09:58       0   11.70    0.00   40.43    0.00    0.00    9.57    0.00    0.00    0.00   38.30
23:09:58       1   14.29    0.00   40.82    0.00    0.00    8.16    0.00    0.00    0.00   36.73
23:09:58       2   14.89    0.00   37.23    0.00    0.00   10.64    0.00    0.00    0.00   37.23
23:09:58       3   10.87    0.00   41.30    1.09    0.00    9.78    0.00    0.00    0.00   36.96

23:09:58     CPU    %usr   %nice    %sys %iowait    %irq   %soft  %steal  %guest  %gnice   %idle
23:09:59     all   14.18    0.00   38.14    0.00    0.00    6.96    0.00    0.00    0.00   40.72
23:09:59       0   11.83    0.00   39.78    0.00    0.00    7.53    0.00    0.00    0.00   40.86
23:09:59       1   13.59    0.00   38.83    0.00    0.00    7.77    0.00    0.00    0.00   39.81
23:09:59       2   14.74    0.00   36.84    0.00    0.00    6.32    0.00    0.00    0.00   42.11
23:09:59       3   16.49    0.00   37.11    0.00    0.00    6.19    0.00    0.00    0.00   40.21

23:09:59     CPU    %usr   %nice    %sys %iowait    %irq   %soft  %steal  %guest  %gnice   %idle
23:10:00     all   11.76    0.00   39.30    0.00    0.00    9.09    0.00    0.00    0.00   39.84
23:10:00       0   12.37    0.00   39.18    0.00    0.00   10.31    0.00    0.00    0.00   38.14
23:10:00       1   12.50    0.00   37.50    0.00    0.00   10.42    0.00    0.00    0.00   39.58
23:10:00       2    7.95    0.00   38.64    0.00    0.00    9.09    0.00    0.00    0.00   44.32
23:10:00       3   13.98    0.00   41.94    0.00    0.00    6.45    0.00    0.00    0.00   37.63

23:10:00     CPU    %usr   %nice    %sys %iowait    %irq   %soft  %steal  %guest  %gnice   %idle
23:10:01     all   14.96    0.00   39.90    0.00    0.00    8.66    0.00    0.00    0.00   36.48
23:10:01       0   14.43    0.00   42.27    0.00    0.00    7.22    0.00    0.00    0.00   36.08
23:10:01       1   12.63    0.00   40.00    0.00    0.00   10.53    0.00    0.00    0.00   36.84
23:10:01       2   16.67    0.00   38.54    0.00    0.00    8.33    0.00    0.00    0.00   36.46
23:10:01       3   16.13    0.00   38.71    0.00    0.00    8.60    0.00    0.00    0.00   36.56

23:10:01     CPU    %usr   %nice    %sys %iowait    %irq   %soft  %steal  %guest  %gnice   %idle
23:10:02     all   11.32    0.00   40.16    0.00    0.00    8.89    0.00    0.00    0.00   39.62
23:10:02       0   13.19    0.00   38.46    0.00    0.00    9.89    0.00    0.00    0.00   38.46
23:10:02       1   10.53    0.00   38.95    0.00    0.00    9.47    0.00    0.00    0.00   41.05
23:10:02       2    8.60    0.00   38.71    0.00    0.00   10.75    0.00    0.00    0.00   41.94
23:10:02       3   13.04    0.00   44.57    0.00    0.00    5.43    0.00    0.00    0.00   36.96

23:10:02     CPU    %usr   %nice    %sys %iowait    %irq   %soft  %steal  %guest  %gnice   %idle
23:10:03     all   13.91    0.00   39.90    0.00    0.00    7.09    0.00    0.00    0.00   39.11
23:10:03       0   14.74    0.00   37.89    0.00    0.00    8.42    0.00    0.00    0.00   38.95
23:10:03       1   16.50    0.00   40.78    0.00    0.00    6.80    0.00    0.00    0.00   35.92
23:10:03       2   12.22    0.00   40.00    0.00    0.00    4.44    0.00    0.00    0.00   43.33
23:10:03       3   11.83    0.00   40.86    0.00    0.00    8.60    0.00    0.00    0.00   38.71

23:10:03     CPU    %usr   %nice    %sys %iowait    %irq   %soft  %steal  %guest  %gnice   %idle
23:10:04     all   14.81    0.00   40.52    0.00    0.00    7.27    0.00    0.00    0.00   37.40
23:10:04       0   18.37    0.00   38.78    0.00    0.00    5.10    0.00    0.00    0.00   37.76
23:10:04       1   12.77    0.00   39.36    0.00    0.00    9.57    0.00    0.00    0.00   38.30
23:10:04       2   15.62    0.00   39.58    0.00    0.00    7.29    0.00    0.00    0.00   37.50
23:10:04       3   12.37    0.00   44.33    0.00    0.00    7.22    0.00    0.00    0.00   36.08

23:10:04     CPU    %usr   %nice    %sys %iowait    %irq   %soft  %steal  %guest  %gnice   %idle
23:10:05     all   12.60    0.00   37.79    0.00    0.00    7.46    0.00    0.00    0.00   42.16
23:10:05       0   10.10    0.00   41.41    0.00    0.00    7.07    0.00    0.00    0.00   41.41
23:10:05       1   14.13    0.00   32.61    0.00    0.00    8.70    0.00    0.00    0.00   44.57
23:10:05       2   13.86    0.00   37.62    0.00    0.00    7.92    0.00    0.00    0.00   40.59
23:10:05       3   12.37    0.00   39.18    0.00    0.00    6.19    0.00    0.00    0.00   42.27

23:10:05     CPU    %usr   %nice    %sys %iowait    %irq   %soft  %steal  %guest  %gnice   %idle
23:10:06     all   15.17    0.00   39.33    0.00    0.00    7.46    0.00    0.00    0.00   38.05
23:10:06       0   17.00    0.00   40.00    0.00    0.00    6.00    0.00    0.00    0.00   37.00
23:10:06       1   14.74    0.00   35.79    0.00    0.00    8.42    0.00    0.00    0.00   41.05
23:10:06       2   13.40    0.00   40.21    0.00    0.00    9.28    0.00    0.00    0.00   37.11
23:10:06       3   15.46    0.00   41.24    0.00    0.00    6.19    0.00    0.00    0.00   37.11

23:10:06     CPU    %usr   %nice    %sys %iowait    %irq   %soft  %steal  %guest  %gnice   %idle
23:10:07     all   13.70    0.00   33.33    0.00    0.00    7.75    0.00    0.00    0.00   45.22
23:10:07       0   13.83    0.00   29.79    0.00    0.00    8.51    0.00    0.00    0.00   47.87
23:10:07       1   11.76    0.00   35.29    0.00    0.00    9.80    0.00    0.00    0.00   43.14
23:10:07       2   15.15    0.00   34.34    0.00    0.00    6.06    0.00    0.00    0.00   44.44
23:10:07       3   14.13    0.00   33.70    0.00    0.00    6.52    0.00    0.00    0.00   45.65

23:10:07     CPU    %usr   %nice    %sys %iowait    %irq   %soft  %steal  %guest  %gnice   %idle
23:10:08     all   13.51    0.00   40.78    0.00    0.00    8.05    0.00    0.00    0.00   37.66
23:10:08       0   14.74    0.00   40.00    0.00    0.00    7.37    0.00    0.00    0.00   37.89
23:10:08       1   14.29    0.00   38.78    0.00    0.00   11.22    0.00    0.00    0.00   35.71
23:10:08       2   11.46    0.00   42.71    0.00    0.00    7.29    0.00    0.00    0.00   38.54
23:10:08       3   13.54    0.00   41.67    0.00    0.00    6.25    0.00    0.00    0.00   38.54

23:10:08     CPU    %usr   %nice    %sys %iowait    %irq   %soft  %steal  %guest  %gnice   %idle
23:10:09     all   13.68    0.00   38.16    0.26    0.00    8.95    0.00    0.00    0.00   38.95
23:10:09       0   13.83    0.00   37.23    0.00    0.00    8.51    0.00    0.00    0.00   40.43
23:10:09       1   12.12    0.00   41.41    1.01    0.00    8.08    0.00    0.00    0.00   37.37
23:10:09       2   12.09    0.00   37.36    0.00    0.00    9.89    0.00    0.00    0.00   40.66
23:10:09       3   16.67    0.00   36.46    0.00    0.00    9.38    0.00    0.00    0.00   37.50

23:10:09     CPU    %usr   %nice    %sys %iowait    %irq   %soft  %steal  %guest  %gnice   %idle
23:10:10     all   10.13    0.00   38.40    0.00    0.00    5.87    0.00    0.00    0.00   45.60
23:10:10       0   12.63    0.00   36.84    0.00    0.00    6.32    0.00    0.00    0.00   44.21
23:10:10       1    8.51    0.00   41.49    0.00    0.00    4.26    0.00    0.00    0.00   45.74
23:10:10       2   11.24    0.00   35.96    0.00    0.00    4.49    0.00    0.00    0.00   48.31
23:10:10       3    8.25    0.00   39.18    0.00    0.00    8.25    0.00    0.00    0.00   44.33

23:10:10     CPU    %usr   %nice    %sys %iowait    %irq   %soft  %steal  %guest  %gnice   %idle
23:10:11     all    9.28    0.00   26.26    0.00    0.00    5.84    0.00    0.00    0.00   58.62
23:10:11       0    8.14    0.00   25.58    0.00    0.00    2.33    0.00    0.00    0.00   63.95
23:10:11       1   10.10    0.00   26.26    0.00    0.00    8.08    0.00    0.00    0.00   55.56
23:10:11       2    9.78    0.00   26.09    0.00    0.00    4.35    0.00    0.00    0.00   59.78
23:10:11       3    9.00    0.00   27.00    0.00    0.00    8.00    0.00    0.00    0.00   56.00

23:10:11     CPU    %usr   %nice    %sys %iowait    %irq   %soft  %steal  %guest  %gnice   %idle
23:10:12     all    4.84    0.00   15.86    0.00    0.00    3.49    0.00    0.00    0.00   75.81
23:10:12       0    4.30    0.00   15.05    0.00    0.00    5.38    0.00    0.00    0.00   75.27
23:10:12       1    7.69    0.00   14.29    0.00    0.00    2.20    0.00    0.00    0.00   75.82
23:10:12       2    4.35    0.00   14.13    0.00    0.00    3.26    0.00    0.00    0.00   78.26
23:10:12       3    3.12    0.00   19.79    0.00    0.00    3.12    0.00    0.00    0.00   73.96

Average:     CPU    %usr   %nice    %sys %iowait    %irq   %soft  %steal  %guest  %gnice   %idle
Average:     all   12.99    0.00   38.46    0.01    0.00    9.22    0.00    0.00    0.00   39.31
Average:       0   12.08    0.00   36.40    0.02    0.00   14.41    0.00    0.00    0.00   37.09
Average:       1   13.34    0.00   38.89    0.02    0.00    7.70    0.00    0.00    0.00   40.04
Average:       2   13.34    0.00   39.12    0.00    0.00    7.00    0.00    0.00    0.00   40.55
Average:       3   13.25    0.00   39.54    0.02    0.00    7.55    0.00    0.00    0.00   39.65
