Linux 5.15.0-171-generic (cloudnet-s05) 	05/19/2026 	_x86_64_	(8 CPU)

12:35:32 PM  CPU    %usr   %nice    %sys %iowait    %irq   %soft  %steal  %guest  %gnice   %idle
12:35:33 PM  all   10.29    0.00    0.88    0.00    0.00    0.00    0.00    0.00    0.00   88.83
12:35:33 PM    0    0.00    0.00    0.00    0.00    0.00    0.00    0.00    0.00    0.00  100.00
12:35:33 PM    1    0.00    0.00    1.00    0.00    0.00    0.00    0.00    0.00    0.00   99.00
12:35:33 PM    2    0.99    0.00    0.99    0.00    0.00    0.00    0.00    0.00    0.00   98.02
12:35:33 PM    3    4.04    0.00    1.01    0.00    0.00    0.00    0.00    0.00    0.00   94.95
12:35:33 PM    4    1.00    0.00    1.00    0.00    0.00    0.00    0.00    0.00    0.00   98.00
12:35:33 PM    5   39.00    0.00    2.00    0.00    0.00    0.00    0.00    0.00    0.00   59.00
12:35:33 PM    6   37.00    0.00    1.00    0.00    0.00    0.00    0.00    0.00    0.00   62.00
12:35:33 PM    7    0.00    0.00    0.00    0.00    0.00    0.00    0.00    0.00    0.00  100.00

12:35:33 PM  CPU    %usr   %nice    %sys %iowait    %irq   %soft  %steal  %guest  %gnice   %idle
12:35:34 PM  all    0.25    0.00    0.37    0.12    0.00    0.00    0.00    0.00    0.00   99.25
12:35:34 PM    0    1.00    0.00    0.00    0.00    0.00    0.00    0.00    0.00    0.00   99.00
12:35:34 PM    1    0.00    0.00    0.00    0.00    0.00    0.00    0.00    0.00    0.00  100.00
12:35:34 PM    2    0.00    0.00    0.00    0.00    0.00    0.00    0.00    0.00    0.00  100.00
12:35:34 PM    3    0.00    0.00    0.00    0.00    0.00    0.00    0.00    0.00    0.00  100.00
12:35:34 PM    4    0.98    0.00    0.00    0.98    0.00    0.00    0.00    0.00    0.00   98.04
12:35:34 PM    5    0.00    0.00    1.00    0.00    0.00    0.00    0.00    0.00    0.00   99.00
12:35:34 PM    6    0.00    0.00    1.00    0.00    0.00    0.00    0.00    0.00    0.00   99.00
12:35:34 PM    7    0.00    0.00    1.00    0.00    0.00    0.00    0.00    0.00    0.00   99.00

12:35:34 PM  CPU    %usr   %nice    %sys %iowait    %irq   %soft  %steal  %guest  %gnice   %idle
12:35:35 PM  all    0.00    0.00    0.00    0.00    0.00    0.00    0.00    0.00    0.00  100.00
12:35:35 PM    0    0.00    0.00    0.00    0.00    0.00    0.00    0.00    0.00    0.00  100.00
12:35:35 PM    1    0.00    0.00    0.00    0.00    0.00    0.00    0.00    0.00    0.00  100.00
12:35:35 PM    2    0.00    0.00    0.00    0.00    0.00    0.00    0.00    0.00    0.00  100.00
12:35:35 PM    3    0.00    0.00    0.00    0.00    0.00    0.00    0.00    0.00    0.00  100.00
12:35:35 PM    4    0.00    0.00    0.00    0.00    0.00    0.00    0.00    0.00    0.00  100.00
12:35:35 PM    5    0.00    0.00    0.00    0.00    0.00    0.00    0.00    0.00    0.00  100.00
12:35:35 PM    6    0.00    0.00    0.00    0.00    0.00    0.00    0.00    0.00    0.00  100.00
12:35:35 PM    7    0.00    0.00    0.00    0.00    0.00    0.00    0.00    0.00    0.00  100.00

12:35:35 PM  CPU    %usr   %nice    %sys %iowait    %irq   %soft  %steal  %guest  %gnice   %idle
12:35:36 PM  all    0.75    0.00    0.37    0.00    0.00    0.00    0.00    0.00    0.00   98.88
12:35:36 PM    0    0.00    0.00    0.00    0.00    0.00    0.00    0.00    0.00    0.00  100.00
12:35:36 PM    1    2.02    0.00    1.01    0.00    0.00    0.00    0.00    0.00    0.00   96.97
12:35:36 PM    2    0.00    0.00    0.00    0.00    0.00    0.00    0.00    0.00    0.00  100.00
12:35:36 PM    3    0.99    0.00    0.99    0.00    0.00    0.00    0.00    0.00    0.00   98.02
12:35:36 PM    4    0.99    0.00    0.00    0.00    0.00    0.00    0.00    0.00    0.00   99.01
12:35:36 PM    5    0.00    0.00    1.00    0.00    0.00    0.00    0.00    0.00    0.00   99.00
12:35:36 PM    6    0.99    0.00    0.00    0.00    0.00    0.00    0.00    0.00    0.00   99.01
12:35:36 PM    7    0.99    0.00    0.00    0.00    0.00    0.00    0.00    0.00    0.00   99.01

12:35:36 PM  CPU    %usr   %nice    %sys %iowait    %irq   %soft  %steal  %guest  %gnice   %idle
12:35:37 PM  all    1.10    0.00    3.57    0.14    0.00    1.65    0.00    0.00    0.00   93.55
12:35:37 PM    0    1.06    0.00    2.13    0.00    0.00    1.06    0.00    0.00    0.00   95.74
12:35:37 PM    1    1.09    0.00    2.17    0.00    0.00    0.00    0.00    0.00    0.00   96.74
12:35:37 PM    2    0.00    0.00    3.26    0.00    0.00    3.26    0.00    0.00    0.00   93.48
12:35:37 PM    3    1.04    0.00    5.21    0.00    0.00    2.08    0.00    0.00    0.00   91.67
12:35:37 PM    4    0.00    0.00    5.68    0.00    0.00    1.14    0.00    0.00    0.00   93.18
12:35:37 PM    5    2.27    0.00    2.27    0.00    0.00    1.14    0.00    0.00    0.00   94.32
12:35:37 PM    6    2.25    0.00    3.37    0.00    0.00    2.25    0.00    0.00    0.00   92.13
12:35:37 PM    7    1.11    0.00    4.44    1.11    0.00    2.22    0.00    0.00    0.00   91.11

12:35:37 PM  CPU    %usr   %nice    %sys %iowait    %irq   %soft  %steal  %guest  %gnice   %idle
12:35:38 PM  all    2.30    0.00    6.22    0.00    0.00    1.49    0.00    0.00    0.00   90.00
12:35:38 PM    0    1.10    0.00    5.49    0.00    0.00    1.10    0.00    0.00    0.00   92.31
12:35:38 PM    1    1.05    0.00    5.26    0.00    0.00    3.16    0.00    0.00    0.00   90.53
12:35:38 PM    2    2.08    0.00    5.21    0.00    0.00    0.00    0.00    0.00    0.00   92.71
12:35:38 PM    3    2.11    0.00    7.37    0.00    0.00    1.05    0.00    0.00    0.00   89.47
12:35:38 PM    4    3.37    0.00    3.37    0.00    0.00    1.12    0.00    0.00    0.00   92.13
12:35:38 PM    5    2.17    0.00    8.70    0.00    0.00    1.09    0.00    0.00    0.00   88.04
12:35:38 PM    6    3.26    0.00    8.70    0.00    0.00    2.17    0.00    0.00    0.00   85.87
12:35:38 PM    7    3.33    0.00    5.56    0.00    0.00    2.22    0.00    0.00    0.00   88.89

12:35:38 PM  CPU    %usr   %nice    %sys %iowait    %irq   %soft  %steal  %guest  %gnice   %idle
12:35:39 PM  all    1.74    0.00    5.74    0.00    0.00    2.67    0.00    0.00    0.00   89.85
12:35:39 PM    0    2.13    0.00    6.38    0.00    0.00    3.19    0.00    0.00    0.00   88.30
12:35:39 PM    1    1.11    0.00    5.56    0.00    0.00    2.22    0.00    0.00    0.00   91.11
12:35:39 PM    2    2.13    0.00    7.45    0.00    0.00    1.06    0.00    0.00    0.00   89.36
12:35:39 PM    3    2.11    0.00    5.26    0.00    0.00    3.16    0.00    0.00    0.00   89.47
12:35:39 PM    4    1.04    0.00    4.17    0.00    0.00    4.17    0.00    0.00    0.00   90.62
12:35:39 PM    5    2.11    0.00    7.37    0.00    0.00    2.11    0.00    0.00    0.00   88.42
12:35:39 PM    6    3.19    0.00    5.32    0.00    0.00    2.13    0.00    0.00    0.00   89.36
12:35:39 PM    7    0.00    0.00    4.40    0.00    0.00    3.30    0.00    0.00    0.00   92.31

12:35:39 PM  CPU    %usr   %nice    %sys %iowait    %irq   %soft  %steal  %guest  %gnice   %idle
12:35:40 PM  all    7.93    0.00    8.74    0.00    0.00    2.55    0.00    0.00    0.00   80.78
12:35:40 PM    0    8.33    0.00    8.33    0.00    0.00    3.12    0.00    0.00    0.00   80.21
12:35:40 PM    1    7.61    0.00    6.52    0.00    0.00    3.26    0.00    0.00    0.00   82.61
12:35:40 PM    2    6.82    0.00    3.41    0.00    0.00    5.68    0.00    0.00    0.00   84.09
12:35:40 PM    3    6.82    0.00    6.82    0.00    0.00    1.14    0.00    0.00    0.00   85.23
12:35:40 PM    4    6.38    0.00   12.77    0.00    0.00    1.06    0.00    0.00    0.00   79.79
12:35:40 PM    5    6.32    0.00   11.58    0.00    0.00    2.11    0.00    0.00    0.00   80.00
12:35:40 PM    6   11.34    0.00    9.28    0.00    0.00    2.06    0.00    0.00    0.00   77.32
12:35:40 PM    7    9.57    0.00   10.64    0.00    0.00    2.13    0.00    0.00    0.00   77.66

12:35:40 PM  CPU    %usr   %nice    %sys %iowait    %irq   %soft  %steal  %guest  %gnice   %idle
12:35:41 PM  all    5.50    0.00   10.34    0.00    0.00    3.40    0.00    0.00    0.00   80.76
12:35:41 PM    0    7.53    0.00    9.68    0.00    0.00    3.23    0.00    0.00    0.00   79.57
12:35:41 PM    1    5.43    0.00    8.70    0.00    0.00    3.26    0.00    0.00    0.00   82.61
12:35:41 PM    2    6.32    0.00   11.58    0.00    0.00    4.21    0.00    0.00    0.00   77.89
12:35:41 PM    3    7.53    0.00   10.75    0.00    0.00    2.15    0.00    0.00    0.00   79.57
12:35:41 PM    4    6.06    0.00   10.10    0.00    0.00    4.04    0.00    0.00    0.00   79.80
12:35:41 PM    5    4.12    0.00   10.31    0.00    0.00    4.12    0.00    0.00    0.00   81.44
12:35:41 PM    6    4.21    0.00    8.42    0.00    0.00    3.16    0.00    0.00    0.00   84.21
12:35:41 PM    7    3.00    0.00   13.00    0.00    0.00    3.00    0.00    0.00    0.00   81.00

12:35:41 PM  CPU    %usr   %nice    %sys %iowait    %irq   %soft  %steal  %guest  %gnice   %idle
12:35:42 PM  all    3.94    0.00    9.47    0.12    0.00    3.20    0.00    0.00    0.00   83.27
12:35:42 PM    0    4.76    0.00   11.43    0.00    0.00    3.81    0.00    0.00    0.00   80.00
12:35:42 PM    1    5.77    0.00   11.54    0.00    0.00    2.88    0.00    0.00    0.00   79.81
12:35:42 PM    2    3.00    0.00   10.00    0.00    0.00    2.00    0.00    0.00    0.00   85.00
12:35:42 PM    3    3.92    0.00   11.76    0.00    0.00    2.94    0.00    0.00    0.00   81.37
12:35:42 PM    4    3.85    0.00    9.62    0.96    0.00    4.81    0.00    0.00    0.00   80.77
12:35:42 PM    5    3.92    0.00    8.82    0.00    0.00    3.92    0.00    0.00    0.00   83.33
12:35:42 PM    6    4.04    0.00    5.05    0.00    0.00    4.04    0.00    0.00    0.00   86.87
12:35:42 PM    7    2.06    0.00    7.22    0.00    0.00    1.03    0.00    0.00    0.00   89.69

12:35:42 PM  CPU    %usr   %nice    %sys %iowait    %irq   %soft  %steal  %guest  %gnice   %idle
12:35:43 PM  all    6.61    0.00   10.96    0.00    0.00    2.91    0.00    0.00    0.00   79.52
12:35:43 PM    0    7.29    0.00   11.46    0.00    0.00    3.12    0.00    0.00    0.00   78.12
12:35:43 PM    1    6.19    0.00   14.43    0.00    0.00    3.09    0.00    0.00    0.00   76.29
12:35:43 PM    2    8.70    0.00    9.78    0.00    0.00    1.09    0.00    0.00    0.00   80.43
12:35:43 PM    3    7.37    0.00   11.58    0.00    0.00    2.11    0.00    0.00    0.00   78.95
12:35:43 PM    4    5.38    0.00   10.75    0.00    0.00    3.23    0.00    0.00    0.00   80.65
12:35:43 PM    5    3.30    0.00    8.79    0.00    0.00    4.40    0.00    0.00    0.00   83.52
12:35:43 PM    6    6.25    0.00   10.42    0.00    0.00    3.12    0.00    0.00    0.00   80.21
12:35:43 PM    7    8.25    0.00   10.31    0.00    0.00    3.09    0.00    0.00    0.00   78.35

12:35:43 PM  CPU    %usr   %nice    %sys %iowait    %irq   %soft  %steal  %guest  %gnice   %idle
12:35:44 PM  all   10.11    0.00   14.02    0.00    0.00    2.96    0.00    0.00    0.00   72.91
12:35:44 PM    0   13.54    0.00   14.58    0.00    0.00    2.08    0.00    0.00    0.00   69.79
12:35:44 PM    1   12.77    0.00   15.96    0.00    0.00    2.13    0.00    0.00    0.00   69.15
12:35:44 PM    2   11.83    0.00   13.98    0.00    0.00    4.30    0.00    0.00    0.00   69.89
12:35:44 PM    3   10.64    0.00   13.83    0.00    0.00    5.32    0.00    0.00    0.00   70.21
12:35:44 PM    4    5.68    0.00   13.64    0.00    0.00    2.27    0.00    0.00    0.00   78.41
12:35:44 PM    5    9.57    0.00   12.77    0.00    0.00    4.26    0.00    0.00    0.00   73.40
12:35:44 PM    6    8.70    0.00   14.13    0.00    0.00    2.17    0.00    0.00    0.00   75.00
12:35:44 PM    7    7.69    0.00   13.19    0.00    0.00    1.10    0.00    0.00    0.00   78.02

12:35:44 PM  CPU    %usr   %nice    %sys %iowait    %irq   %soft  %steal  %guest  %gnice   %idle
12:35:45 PM  all    6.94    0.00   12.61    0.00    0.00    2.27    0.00    0.00    0.00   78.18
12:35:45 PM    0    8.16    0.00   13.27    0.00    0.00    2.04    0.00    0.00    0.00   76.53
12:35:45 PM    1    6.86    0.00   14.71    0.00    0.00    1.96    0.00    0.00    0.00   76.47
12:35:45 PM    2    6.12    0.00   11.22    0.00    0.00    3.06    0.00    0.00    0.00   79.59
12:35:45 PM    3    9.62    0.00   12.50    0.00    0.00    1.92    0.00    0.00    0.00   75.96
12:35:45 PM    4    7.92    0.00   13.86    0.00    0.00    1.98    0.00    0.00    0.00   76.24
12:35:45 PM    5    5.26    0.00   10.53    0.00    0.00    3.16    0.00    0.00    0.00   81.05
12:35:45 PM    6    4.35    0.00    9.78    0.00    0.00    1.09    0.00    0.00    0.00   84.78
12:35:45 PM    7    6.80    0.00   14.56    0.00    0.00    2.91    0.00    0.00    0.00   75.73

12:35:45 PM  CPU    %usr   %nice    %sys %iowait    %irq   %soft  %steal  %guest  %gnice   %idle
12:35:46 PM  all    5.96    0.00   10.61    0.00    0.00    3.22    0.00    0.00    0.00   80.21
12:35:46 PM    0    5.71    0.00   10.48    0.00    0.00    1.90    0.00    0.00    0.00   81.90
12:35:46 PM    1    7.34    0.00   11.01    0.00    0.00    5.50    0.00    0.00    0.00   76.15
12:35:46 PM    2    5.71    0.00   10.48    0.00    0.00    3.81    0.00    0.00    0.00   80.00
12:35:46 PM    3    6.48    0.00   12.04    0.00    0.00    1.85    0.00    0.00    0.00   79.63
12:35:46 PM    4    3.96    0.00   11.88    0.00    0.00    1.98    0.00    0.00    0.00   82.18
12:35:46 PM    5    6.73    0.00   10.58    0.00    0.00    3.85    0.00    0.00    0.00   78.85
12:35:46 PM    6    5.83    0.00    9.71    0.00    0.00    2.91    0.00    0.00    0.00   81.55
12:35:46 PM    7    5.77    0.00    8.65    0.00    0.00    3.85    0.00    0.00    0.00   81.73

12:35:46 PM  CPU    %usr   %nice    %sys %iowait    %irq   %soft  %steal  %guest  %gnice   %idle
12:35:47 PM  all    9.21    0.00   16.88    0.26    0.00    3.20    0.00    0.00    0.00   70.46
12:35:47 PM    0    7.22    0.00   17.53    0.00    0.00    3.09    0.00    0.00    0.00   72.16
12:35:47 PM    1    9.57    0.00   14.89    0.00    0.00    2.13    0.00    0.00    0.00   73.40
12:35:47 PM    2    6.06    0.00   20.20    0.00    0.00    3.03    0.00    0.00    0.00   70.71
12:35:47 PM    3    7.14    0.00   17.35    0.00    0.00    2.04    0.00    0.00    0.00   73.47
12:35:47 PM    4   12.00    0.00   16.00    1.00    0.00    4.00    0.00    0.00    0.00   67.00
12:35:47 PM    5   10.20    0.00   17.35    0.00    0.00    4.08    0.00    0.00    0.00   68.37
12:35:47 PM    6   11.11    0.00   16.16    0.00    0.00    3.03    0.00    0.00    0.00   69.70
12:35:47 PM    7   10.31    0.00   15.46    1.03    0.00    4.12    0.00    0.00    0.00   69.07

12:35:47 PM  CPU    %usr   %nice    %sys %iowait    %irq   %soft  %steal  %guest  %gnice   %idle
12:35:48 PM  all    7.42    0.00   12.30    0.12    0.00    3.13    0.00    0.00    0.00   77.03
12:35:48 PM    0    8.93    0.00   14.29    0.00    0.00    4.46    0.00    0.00    0.00   72.32
12:35:48 PM    1    8.18    0.00   15.45    0.00    0.00    1.82    0.00    0.00    0.00   74.55
12:35:48 PM    2    5.77    0.00   12.50    0.00    0.00    2.88    0.00    0.00    0.00   78.85
12:35:48 PM    3    4.76    0.00   13.33    0.00    0.00    3.81    0.00    0.00    0.00   78.10
12:35:48 PM    4    8.04    0.00   13.39    0.00    0.00    4.46    0.00    0.00    0.00   74.11
12:35:48 PM    5    6.42    0.00   11.01    0.92    0.00    3.67    0.00    0.00    0.00   77.98
12:35:48 PM    6    6.80    0.00    8.74    0.00    0.00    0.97    0.00    0.00    0.00   83.50
12:35:48 PM    7   10.28    0.00    9.35    0.00    0.00    2.80    0.00    0.00    0.00   77.57

12:35:48 PM  CPU    %usr   %nice    %sys %iowait    %irq   %soft  %steal  %guest  %gnice   %idle
12:35:49 PM  all    9.16    0.00   12.84    0.00    0.00    3.57    0.00    0.00    0.00   74.44
12:35:49 PM    0    5.77    0.00   15.38    0.00    0.00    2.88    0.00    0.00    0.00   75.96
12:35:49 PM    1   12.39    0.00   15.04    0.00    0.00    3.54    0.00    0.00    0.00   69.03
12:35:49 PM    2    8.65    0.00   12.50    0.00    0.00    2.88    0.00    0.00    0.00   75.96
12:35:49 PM    3    8.65    0.00   11.54    0.00    0.00    0.96    0.00    0.00    0.00   78.85
12:35:49 PM    4   12.26    0.00   10.38    0.00    0.00    3.77    0.00    0.00    0.00   73.58
12:35:49 PM    5   10.78    0.00   11.76    0.00    0.00    2.94    0.00    0.00    0.00   74.51
12:35:49 PM    6    6.73    0.00   13.46    0.00    0.00    5.77    0.00    0.00    0.00   74.04
12:35:49 PM    7    7.69    0.00   12.50    0.00    0.00    5.77    0.00    0.00    0.00   74.04

12:35:49 PM  CPU    %usr   %nice    %sys %iowait    %irq   %soft  %steal  %guest  %gnice   %idle
12:35:50 PM  all    8.01    0.00   15.90    0.00    0.00    2.67    0.00    0.00    0.00   73.42
12:35:50 PM    0    7.55    0.00   16.04    0.00    0.00    4.72    0.00    0.00    0.00   71.70
12:35:50 PM    1    6.73    0.00   16.35    0.00    0.00    1.92    0.00    0.00    0.00   75.00
12:35:50 PM    2    6.73    0.00   17.31    0.00    0.00    1.92    0.00    0.00    0.00   74.04
12:35:50 PM    3    4.00    0.00   17.00    0.00    0.00    2.00    0.00    0.00    0.00   77.00
12:35:50 PM    4    9.62    0.00   16.35    0.00    0.00    1.92    0.00    0.00    0.00   72.12
12:35:50 PM    5    8.65    0.00   16.35    0.00    0.00    3.85    0.00    0.00    0.00   71.15
12:35:50 PM    6   10.20    0.00   11.22    0.00    0.00    3.06    0.00    0.00    0.00   75.51
12:35:50 PM    7   10.58    0.00   16.35    0.00    0.00    1.92    0.00    0.00    0.00   71.15

12:35:50 PM  CPU    %usr   %nice    %sys %iowait    %irq   %soft  %steal  %guest  %gnice   %idle
12:35:51 PM  all   12.37    0.00   17.68    0.00    0.00    2.65    0.00    0.00    0.00   67.30
12:35:51 PM    0    9.18    0.00   18.37    0.00    0.00    2.04    0.00    0.00    0.00   70.41
12:35:51 PM    1    9.80    0.00   16.67    0.00    0.00    3.92    0.00    0.00    0.00   69.61
12:35:51 PM    2    8.00    0.00   18.00    0.00    0.00    4.00    0.00    0.00    0.00   70.00
12:35:51 PM    3    9.09    0.00   18.18    0.00    0.00    2.02    0.00    0.00    0.00   70.71
12:35:51 PM    4   13.68    0.00   18.95    0.00    0.00    2.11    0.00    0.00    0.00   65.26
12:35:51 PM    5   18.81    0.00   16.83    0.00    0.00    1.98    0.00    0.00    0.00   62.38
12:35:51 PM    6   12.77    0.00   17.02    0.00    0.00    2.13    0.00    0.00    0.00   68.09
12:35:51 PM    7   17.48    0.00   17.48    0.00    0.00    2.91    0.00    0.00    0.00   62.14

12:35:51 PM  CPU    %usr   %nice    %sys %iowait    %irq   %soft  %steal  %guest  %gnice   %idle
12:35:52 PM  all   12.18    0.00   18.40    0.38    0.00    4.06    0.00    0.00    0.00   64.97
12:35:52 PM    0    9.78    0.00   14.13    0.00    0.00    4.35    0.00    0.00    0.00   71.74
12:35:52 PM    1   13.27    0.00   15.31    0.00    0.00    6.12    0.00    0.00    0.00   65.31
12:35:52 PM    2   10.78    0.00   23.53    0.00    0.00    4.90    0.00    0.00    0.00   60.78
12:35:52 PM    3   13.13    0.00   20.20    0.00    0.00    4.04    0.00    0.00    0.00   62.63
12:35:52 PM    4    9.28    0.00   18.56    1.03    0.00    4.12    0.00    0.00    0.00   67.01
12:35:52 PM    5   10.00    0.00   22.00    0.00    0.00    2.00    0.00    0.00    0.00   66.00
12:35:52 PM    6   14.00    0.00   18.00    1.00    0.00    3.00    0.00    0.00    0.00   64.00
12:35:52 PM    7   17.00    0.00   15.00    1.00    0.00    4.00    0.00    0.00    0.00   63.00

12:35:52 PM  CPU    %usr   %nice    %sys %iowait    %irq   %soft  %steal  %guest  %gnice   %idle
12:35:53 PM  all    9.95    0.00   16.02    0.80    0.00    3.09    0.00    0.00    0.00   70.14
12:35:53 PM    0   10.91    0.00   15.45    0.00    0.00    2.73    0.00    0.00    0.00   70.91
12:35:53 PM    1    8.49    0.00   16.04    0.00    0.00    3.77    0.00    0.00    0.00   71.70
12:35:53 PM    2    7.55    0.00   17.92    0.00    0.00    3.77    0.00    0.00    0.00   70.75
12:35:53 PM    3    7.34    0.00   16.51    0.00    0.00    3.67    0.00    0.00    0.00   72.48
12:35:53 PM    4    7.48    0.00   15.89    0.00    0.00    2.80    0.00    0.00    0.00   73.83
12:35:53 PM    5   14.53    0.00   17.09    0.00    0.00    3.42    0.00    0.00    0.00   64.96
12:35:53 PM    6   13.39    0.00   13.39    6.25    0.00    2.68    0.00    0.00    0.00   64.29
12:35:53 PM    7    9.35    0.00   15.89    0.00    0.00    1.87    0.00    0.00    0.00   72.90

12:35:53 PM  CPU    %usr   %nice    %sys %iowait    %irq   %soft  %steal  %guest  %gnice   %idle
12:35:54 PM  all    9.00    0.00   16.76    0.00    0.00    3.26    0.00    0.00    0.00   70.98
12:35:54 PM    0   11.71    0.00   14.41    0.00    0.00    4.50    0.00    0.00    0.00   69.37
12:35:54 PM    1    9.09    0.00   16.36    0.00    0.00    2.73    0.00    0.00    0.00   71.82
12:35:54 PM    2    5.83    0.00   16.50    0.00    0.00    0.97    0.00    0.00    0.00   76.70
12:35:54 PM    3    7.02    0.00   21.93    0.00    0.00    2.63    0.00    0.00    0.00   68.42
12:35:54 PM    4   10.17    0.00   18.64    0.00    0.00    3.39    0.00    0.00    0.00   67.80
12:35:54 PM    5   10.00    0.00   11.82    0.00    0.00    4.55    0.00    0.00    0.00   73.64
12:35:54 PM    6    7.96    0.00   17.70    0.00    0.00    4.42    0.00    0.00    0.00   69.91
12:35:54 PM    7   10.00    0.00   16.36    0.00    0.00    2.73    0.00    0.00    0.00   70.91

12:35:54 PM  CPU    %usr   %nice    %sys %iowait    %irq   %soft  %steal  %guest  %gnice   %idle
12:35:55 PM  all    9.64    0.00   16.78    0.00    0.00    3.85    0.00    0.00    0.00   69.73
12:35:55 PM    0   10.81    0.00   16.22    0.00    0.00    4.50    0.00    0.00    0.00   68.47
12:35:55 PM    1    8.85    0.00   19.47    0.00    0.00    4.42    0.00    0.00    0.00   67.26
12:35:55 PM    2    8.11    0.00   19.82    0.00    0.00    3.60    0.00    0.00    0.00   68.47
12:35:55 PM    3   12.61    0.00   16.22    0.00    0.00    3.60    0.00    0.00    0.00   67.57
12:35:55 PM    4   10.71    0.00   16.96    0.00    0.00    2.68    0.00    0.00    0.00   69.64
12:35:55 PM    5    8.18    0.00   18.18    0.00    0.00    2.73    0.00    0.00    0.00   70.91
12:35:55 PM    6    6.48    0.00   14.81    0.00    0.00    3.70    0.00    0.00    0.00   75.00
12:35:55 PM    7   11.32    0.00   12.26    0.00    0.00    5.66    0.00    0.00    0.00   70.75

12:35:55 PM  CPU    %usr   %nice    %sys %iowait    %irq   %soft  %steal  %guest  %gnice   %idle
12:35:56 PM  all    9.74    0.00   17.10    0.00    0.00    2.38    0.00    0.00    0.00   70.78
12:35:56 PM    0   10.17    0.00   20.34    0.00    0.00    3.39    0.00    0.00    0.00   66.10
12:35:56 PM    1   11.57    0.00   19.83    0.00    0.00    3.31    0.00    0.00    0.00   65.29
12:35:56 PM    2    9.57    0.00   19.13    0.00    0.00    2.61    0.00    0.00    0.00   68.70
12:35:56 PM    3    7.08    0.00   17.70    0.00    0.00    4.42    0.00    0.00    0.00   70.80
12:35:56 PM    4   11.30    0.00   13.04    0.00    0.00    1.74    0.00    0.00    0.00   73.91
12:35:56 PM    5    8.40    0.00   19.33    0.00    0.00    1.68    0.00    0.00    0.00   70.59
12:35:56 PM    6   12.50    0.00   10.71    0.00    0.00    0.89    0.00    0.00    0.00   75.89
12:35:56 PM    7    7.21    0.00   16.22    0.00    0.00    0.90    0.00    0.00    0.00   75.68

12:35:56 PM  CPU    %usr   %nice    %sys %iowait    %irq   %soft  %steal  %guest  %gnice   %idle
12:35:57 PM  all   10.74    0.00   17.46    0.33    0.00    3.58    0.00    0.00    0.00   67.90
12:35:57 PM    0    7.69    0.00   23.93    0.00    0.00    2.56    0.00    0.00    0.00   65.81
12:35:57 PM    1   12.17    0.00   15.65    0.00    0.00    5.22    0.00    0.00    0.00   66.96
12:35:57 PM    2    9.73    0.00   17.70    0.00    0.00    2.65    0.00    0.00    0.00   69.91
12:35:57 PM    3    7.83    0.00   20.87    0.00    0.00    3.48    0.00    0.00    0.00   67.83
12:35:57 PM    4   14.78    0.00   11.30    0.00    0.00    3.48    0.00    0.00    0.00   70.43
12:35:57 PM    5   10.62    0.00   16.81    0.88    0.00    1.77    0.00    0.00    0.00   69.91
12:35:57 PM    6   10.17    0.00   17.80    0.85    0.00    5.93    0.00    0.00    0.00   65.25
12:35:57 PM    7   12.93    0.00   15.52    0.86    0.00    3.45    0.00    0.00    0.00   67.24

12:35:57 PM  CPU    %usr   %nice    %sys %iowait    %irq   %soft  %steal  %guest  %gnice   %idle
12:35:58 PM  all   10.65    0.00   19.35    0.00    0.00    3.87    0.00    0.00    0.00   66.13
12:35:58 PM    0    8.93    0.00   17.86    0.00    0.00    4.46    0.00    0.00    0.00   68.75
12:35:58 PM    1   11.02    0.00   18.64    0.00    0.00    4.24    0.00    0.00    0.00   66.10
12:35:58 PM    2    8.47    0.00   21.19    0.00    0.00    5.08    0.00    0.00    0.00   65.25
12:35:58 PM    3    8.62    0.00   21.55    0.00    0.00    3.45    0.00    0.00    0.00   66.38
12:35:58 PM    4   15.57    0.00   17.21    0.00    0.00    4.10    0.00    0.00    0.00   63.11
12:35:58 PM    5   11.21    0.00   20.69    0.00    0.00    2.59    0.00    0.00    0.00   65.52
12:35:58 PM    6   11.97    0.00   18.80    0.00    0.00    3.42    0.00    0.00    0.00   65.81
12:35:58 PM    7    9.01    0.00   18.92    0.00    0.00    3.60    0.00    0.00    0.00   68.47

12:35:58 PM  CPU    %usr   %nice    %sys %iowait    %irq   %soft  %steal  %guest  %gnice   %idle
12:35:59 PM  all   10.66    0.00   15.67    0.00    0.00    2.07    0.00    0.00    0.00   71.60
12:35:59 PM    0    8.62    0.00   18.97    0.00    0.00    1.72    0.00    0.00    0.00   70.69
12:35:59 PM    1    8.77    0.00   16.67    0.00    0.00    2.63    0.00    0.00    0.00   71.93
12:35:59 PM    2   11.76    0.00   16.81    0.00    0.00    3.36    0.00    0.00    0.00   68.07
12:35:59 PM    3   12.61    0.00   11.71    0.00    0.00    2.70    0.00    0.00    0.00   72.97
12:35:59 PM    4   12.28    0.00   12.28    0.00    0.00    2.63    0.00    0.00    0.00   72.81
12:35:59 PM    5   12.07    0.00   15.52    0.00    0.00    0.86    0.00    0.00    0.00   71.55
12:35:59 PM    6   11.40    0.00   14.04    0.00    0.00    2.63    0.00    0.00    0.00   71.93
12:35:59 PM    7    7.83    0.00   19.13    0.00    0.00    0.00    0.00    0.00    0.00   73.04

12:35:59 PM  CPU    %usr   %nice    %sys %iowait    %irq   %soft  %steal  %guest  %gnice   %idle
12:36:00 PM  all    9.83    0.00   17.83    0.00    0.00    3.31    0.00    0.00    0.00   69.03
12:36:00 PM    0    6.42    0.00   22.94    0.00    0.00    2.75    0.00    0.00    0.00   67.89
12:36:00 PM    1   11.61    0.00   16.96    0.00    0.00    5.36    0.00    0.00    0.00   66.07
12:36:00 PM    2    9.17    0.00   20.18    0.00    0.00    0.92    0.00    0.00    0.00   69.72
12:36:00 PM    3    8.26    0.00   19.27    0.00    0.00    3.67    0.00    0.00    0.00   68.81
12:36:00 PM    4   13.08    0.00   13.08    0.00    0.00    2.80    0.00    0.00    0.00   71.03
12:36:00 PM    5    8.33    0.00   17.59    0.00    0.00    1.85    0.00    0.00    0.00   72.22
12:36:00 PM    6   10.00    0.00   15.45    0.00    0.00    5.45    0.00    0.00    0.00   69.09
12:36:00 PM    7   11.71    0.00   17.12    0.00    0.00    3.60    0.00    0.00    0.00   67.57

12:36:00 PM  CPU    %usr   %nice    %sys %iowait    %irq   %soft  %steal  %guest  %gnice   %idle
12:36:01 PM  all   14.98    0.00   24.31    0.00    0.00    5.18    0.00    0.00    0.00   55.53
12:36:01 PM    0   14.02    0.00   26.17    0.00    0.00    3.74    0.00    0.00    0.00   56.07
12:36:01 PM    1   14.15    0.00   24.53    0.00    0.00    5.66    0.00    0.00    0.00   55.66
12:36:01 PM    2   18.35    0.00   22.94    0.00    0.00    5.50    0.00    0.00    0.00   53.21
12:36:01 PM    3   15.32    0.00   27.03    0.00    0.00    6.31    0.00    0.00    0.00   51.35
12:36:01 PM    4   13.76    0.00   24.77    0.00    0.00    2.75    0.00    0.00    0.00   58.72
12:36:01 PM    5   15.32    0.00   24.32    0.00    0.00    5.41    0.00    0.00    0.00   54.95
12:36:01 PM    6   16.67    0.00   20.37    0.00    0.00    5.56    0.00    0.00    0.00   57.41
12:36:01 PM    7   12.15    0.00   24.30    0.00    0.00    6.54    0.00    0.00    0.00   57.01

12:36:01 PM  CPU    %usr   %nice    %sys %iowait    %irq   %soft  %steal  %guest  %gnice   %idle
12:36:02 PM  all   11.48    0.00   18.95    0.22    0.00    3.68    0.00    0.00    0.00   65.66
12:36:02 PM    0   14.16    0.00   17.70    0.00    0.00    3.54    0.00    0.00    0.00   64.60
12:36:02 PM    1   14.05    0.00   21.49    0.00    0.00    4.13    0.00    0.00    0.00   60.33
12:36:02 PM    2   11.30    0.00   22.61    0.00    0.00    2.61    0.00    0.00    0.00   63.48
12:36:02 PM    3   11.11    0.00   17.59    0.93    0.00    3.70    0.00    0.00    0.00   66.67
12:36:02 PM    4   14.16    0.00   15.93    0.00    0.00    3.54    0.00    0.00    0.00   66.37
12:36:02 PM    5    7.27    0.00   18.18    0.91    0.00    6.36    0.00    0.00    0.00   67.27
12:36:02 PM    6   11.82    0.00   19.09    0.00    0.00    2.73    0.00    0.00    0.00   66.36
12:36:02 PM    7    7.48    0.00   18.69    0.00    0.00    2.80    0.00    0.00    0.00   71.03

12:36:02 PM  CPU    %usr   %nice    %sys %iowait    %irq   %soft  %steal  %guest  %gnice   %idle
12:36:03 PM  all   10.35    0.00   14.68    0.00    0.00    2.28    0.00    0.00    0.00   72.70
12:36:03 PM    0    9.01    0.00   19.82    0.00    0.00    1.80    0.00    0.00    0.00   69.37
12:36:03 PM    1   11.54    0.00   13.46    0.00    0.00    0.00    0.00    0.00    0.00   75.00
12:36:03 PM    2    8.18    0.00   17.27    0.00    0.00    4.55    0.00    0.00    0.00   70.00
12:36:03 PM    3    9.17    0.00   16.51    0.00    0.00    1.83    0.00    0.00    0.00   72.48
12:36:03 PM    4    9.26    0.00   13.89    0.00    0.00    1.85    0.00    0.00    0.00   75.00
12:36:03 PM    5   14.91    0.00    9.65    0.00    0.00    2.63    0.00    0.00    0.00   72.81
12:36:03 PM    6   10.91    0.00   12.73    0.00    0.00    1.82    0.00    0.00    0.00   74.55
12:36:03 PM    7    9.73    0.00   14.16    0.00    0.00    3.54    0.00    0.00    0.00   72.57

12:36:03 PM  CPU    %usr   %nice    %sys %iowait    %irq   %soft  %steal  %guest  %gnice   %idle
12:36:04 PM  all   10.65    0.00   16.65    0.00    0.00    2.38    0.00    0.00    0.00   70.33
12:36:04 PM    0   12.28    0.00   17.54    0.00    0.00    2.63    0.00    0.00    0.00   67.54
12:36:04 PM    1   11.71    0.00   18.02    0.00    0.00    0.90    0.00    0.00    0.00   69.37
12:36:04 PM    2   13.39    0.00   14.29    0.00    0.00    4.46    0.00    0.00    0.00   67.86
12:36:04 PM    3    8.85    0.00   17.70    0.00    0.00    2.65    0.00    0.00    0.00   70.80
12:36:04 PM    4   12.50    0.00   14.29    0.00    0.00    3.57    0.00    0.00    0.00   69.64
12:36:04 PM    5    8.57    0.00   15.24    0.00    0.00    0.95    0.00    0.00    0.00   75.24
12:36:04 PM    6    9.26    0.00   17.59    0.00    0.00    1.85    0.00    0.00    0.00   71.30
12:36:04 PM    7    8.33    0.00   18.52    0.00    0.00    1.85    0.00    0.00    0.00   71.30

12:36:04 PM  CPU    %usr   %nice    %sys %iowait    %irq   %soft  %steal  %guest  %gnice   %idle
12:36:05 PM  all    8.52    0.00   15.19    0.00    0.00    2.07    0.00    0.00    0.00   74.22
12:36:05 PM    0    4.67    0.00   16.82    0.00    0.00    2.80    0.00    0.00    0.00   75.70
12:36:05 PM    1    8.11    0.00   18.02    0.00    0.00    2.70    0.00    0.00    0.00   71.17
12:36:05 PM    2    6.48    0.00   18.52    0.00    0.00    0.00    0.00    0.00    0.00   75.00
12:36:05 PM    3    6.42    0.00   16.51    0.00    0.00    1.83    0.00    0.00    0.00   75.23
12:36:05 PM    4   13.27    0.00   12.39    0.00    0.00    1.77    0.00    0.00    0.00   72.57
12:36:05 PM    5   11.11    0.00   12.04    0.00    0.00    2.78    0.00    0.00    0.00   74.07
12:36:05 PM    6    9.43    0.00   13.21    0.00    0.00    1.89    0.00    0.00    0.00   75.47
12:36:05 PM    7    8.41    0.00   14.02    0.00    0.00    2.80    0.00    0.00    0.00   74.77

12:36:05 PM  CPU    %usr   %nice    %sys %iowait    %irq   %soft  %steal  %guest  %gnice   %idle
12:36:06 PM  all   11.75    0.00   19.35    0.00    0.00    2.88    0.00    0.00    0.00   66.01
12:36:06 PM    0    8.82    0.00   18.63    0.00    0.00    0.98    0.00    0.00    0.00   71.57
12:36:06 PM    1    8.18    0.00   24.55    0.00    0.00    1.82    0.00    0.00    0.00   65.45
12:36:06 PM    2   11.50    0.00   17.70    0.00    0.00    4.42    0.00    0.00    0.00   66.37
12:36:06 PM    3   12.50    0.00   20.54    0.00    0.00    3.57    0.00    0.00    0.00   63.39
12:36:06 PM    4   11.11    0.00   18.52    0.00    0.00    3.70    0.00    0.00    0.00   66.67
12:36:06 PM    5   11.32    0.00   18.87    0.00    0.00    3.77    0.00    0.00    0.00   66.04
12:36:06 PM    6   17.43    0.00   16.51    0.00    0.00    1.83    0.00    0.00    0.00   64.22
12:36:06 PM    7   12.96    0.00   19.44    0.00    0.00    2.78    0.00    0.00    0.00   64.81

12:36:06 PM  CPU    %usr   %nice    %sys %iowait    %irq   %soft  %steal  %guest  %gnice   %idle
12:36:07 PM  all   10.05    0.00   15.79    0.24    0.00    2.51    0.00    0.00    0.00   71.41
12:36:07 PM    0    7.77    0.00   15.53    0.00    0.00    2.91    0.00    0.00    0.00   73.79
12:36:07 PM    1    6.48    0.00   18.52    0.00    0.00    4.63    0.00    0.00    0.00   70.37
12:36:07 PM    2   10.89    0.00   14.85    0.00    0.00    0.99    0.00    0.00    0.00   73.27
12:36:07 PM    3    7.69    0.00   16.35    0.00    0.00    1.92    0.00    0.00    0.00   74.04
12:36:07 PM    4   10.89    0.00   13.86    0.99    0.00    1.98    0.00    0.00    0.00   72.28
12:36:07 PM    5   13.33    0.00   13.33    0.00    0.00    1.90    0.00    0.00    0.00   71.43
12:36:07 PM    6   10.28    0.00   17.76    0.00    0.00    3.74    0.00    0.00    0.00   68.22
12:36:07 PM    7   13.08    0.00   15.89    0.93    0.00    1.87    0.00    0.00    0.00   68.22

12:36:07 PM  CPU    %usr   %nice    %sys %iowait    %irq   %soft  %steal  %guest  %gnice   %idle
12:36:08 PM  all   10.60    0.00   14.75    0.81    0.00    2.42    0.00    0.00    0.00   71.43
12:36:08 PM    0    2.83    0.00   16.98    1.89    0.00    2.83    0.00    0.00    0.00   75.47
12:36:08 PM    1   11.76    0.00   12.75    0.00    0.00    0.00    0.00    0.00    0.00   75.49
12:36:08 PM    2    9.09    0.00   11.11    0.00    0.00    1.01    0.00    0.00    0.00   78.79
12:36:08 PM    3    6.54    0.00   16.82    0.00    0.00    2.80    0.00    0.00    0.00   73.83
12:36:08 PM    4   16.81    0.00   12.39    2.65    0.00    1.77    0.00    0.00    0.00   66.37
12:36:08 PM    5   12.07    0.00   16.38    0.86    0.00    3.45    0.00    0.00    0.00   67.24
12:36:08 PM    6   11.50    0.00   15.93    0.88    0.00    3.54    0.00    0.00    0.00   68.14
12:36:08 PM    7   13.39    0.00   15.18    0.00    0.00    3.57    0.00    0.00    0.00   67.86

12:36:08 PM  CPU    %usr   %nice    %sys %iowait    %irq   %soft  %steal  %guest  %gnice   %idle
12:36:09 PM  all   13.03    0.00   15.31    0.00    0.00    3.20    0.00    0.00    0.00   68.46
12:36:09 PM    0   10.89    0.00   12.87    0.00    0.00    0.99    0.00    0.00    0.00   75.25
12:36:09 PM    1   11.50    0.00   17.70    0.00    0.00    3.54    0.00    0.00    0.00   67.26
12:36:09 PM    2    8.65    0.00   18.27    0.00    0.00    3.85    0.00    0.00    0.00   69.23
12:36:09 PM    3    9.09    0.00   20.00    0.00    0.00    1.82    0.00    0.00    0.00   69.09
12:36:09 PM    4   15.18    0.00   13.39    0.00    0.00    5.36    0.00    0.00    0.00   66.07
12:36:09 PM    5   12.61    0.00   15.32    0.00    0.00    4.50    0.00    0.00    0.00   67.57
12:36:09 PM    6   16.07    0.00   12.50    0.00    0.00    3.57    0.00    0.00    0.00   67.86
12:36:09 PM    7   19.64    0.00   12.50    0.00    0.00    1.79    0.00    0.00    0.00   66.07

12:36:09 PM  CPU    %usr   %nice    %sys %iowait    %irq   %soft  %steal  %guest  %gnice   %idle
12:36:10 PM  all    9.17    0.00   10.90    0.00    0.00    2.35    0.00    0.00    0.00   77.57
12:36:10 PM    0    9.00    0.00   13.00    0.00    0.00    2.00    0.00    0.00    0.00   76.00
12:36:10 PM    1   10.10    0.00    9.09    0.00    0.00    3.03    0.00    0.00    0.00   77.78
12:36:10 PM    2    7.62    0.00   13.33    0.00    0.00    4.76    0.00    0.00    0.00   74.29
12:36:10 PM    3   12.62    0.00   10.68    0.00    0.00    3.88    0.00    0.00    0.00   72.82
12:36:10 PM    4    9.62    0.00   12.50    0.00    0.00    0.96    0.00    0.00    0.00   76.92
12:36:10 PM    5    6.00    0.00   11.00    0.00    0.00    1.00    0.00    0.00    0.00   82.00
12:36:10 PM    6   10.10    0.00    8.08    0.00    0.00    2.02    0.00    0.00    0.00   79.80
12:36:10 PM    7    8.25    0.00    9.28    0.00    0.00    1.03    0.00    0.00    0.00   81.44

12:36:10 PM  CPU    %usr   %nice    %sys %iowait    %irq   %soft  %steal  %guest  %gnice   %idle
12:36:11 PM  all   13.66    0.00   18.98    0.00    0.00    4.05    0.00    0.00    0.00   63.31
12:36:11 PM    0   12.50    0.00   19.23    0.00    0.00    3.85    0.00    0.00    0.00   64.42
12:36:11 PM    1   13.59    0.00   13.59    0.00    0.00    4.85    0.00    0.00    0.00   67.96
12:36:11 PM    2   11.88    0.00   17.82    0.00    0.00    1.98    0.00    0.00    0.00   68.32
12:36:11 PM    3   10.09    0.00   20.18    0.00    0.00    4.59    0.00    0.00    0.00   65.14
12:36:11 PM    4   14.04    0.00   22.81    0.00    0.00    4.39    0.00    0.00    0.00   58.77
12:36:11 PM    5   13.39    0.00   20.54    0.00    0.00    4.46    0.00    0.00    0.00   61.61
12:36:11 PM    6   20.18    0.00   18.42    0.00    0.00    3.51    0.00    0.00    0.00   57.89
12:36:11 PM    7   13.08    0.00   18.69    0.00    0.00    4.67    0.00    0.00    0.00   63.55

12:36:11 PM  CPU    %usr   %nice    %sys %iowait    %irq   %soft  %steal  %guest  %gnice   %idle
12:36:12 PM  all    3.19    0.00    3.33    0.42    0.00    0.56    0.00    0.00    0.00   92.50
12:36:12 PM    0    4.40    0.00    4.40    1.10    0.00    0.00    0.00    0.00    0.00   90.11
12:36:12 PM    1    2.22    0.00    3.33    0.00    0.00    0.00    0.00    0.00    0.00   94.44
12:36:12 PM    2    4.40    0.00    4.40    0.00    0.00    1.10    0.00    0.00    0.00   90.11
12:36:12 PM    3    3.30    0.00    5.49    0.00    0.00    0.00    0.00    0.00    0.00   91.21
12:36:12 PM    4    2.22    0.00    3.33    0.00    0.00    1.11    0.00    0.00    0.00   93.33
12:36:12 PM    5    1.15    0.00    2.30    1.15    0.00    1.15    0.00    0.00    0.00   94.25
12:36:12 PM    6    4.44    0.00    0.00    1.11    0.00    1.11    0.00    0.00    0.00   93.33
12:36:12 PM    7    3.33    0.00    3.33    0.00    0.00    0.00    0.00    0.00    0.00   93.33

12:36:12 PM  CPU    %usr   %nice    %sys %iowait    %irq   %soft  %steal  %guest  %gnice   %idle
12:36:13 PM  all    4.14    0.00    5.11    0.00    0.00    0.41    0.00    0.00    0.00   90.33
12:36:13 PM    0    8.60    0.00    4.30    0.00    0.00    0.00    0.00    0.00    0.00   87.10
12:36:13 PM    1    5.56    0.00    5.56    0.00    0.00    1.11    0.00    0.00    0.00   87.78
12:36:13 PM    2    4.30    0.00    7.53    0.00    0.00    1.08    0.00    0.00    0.00   87.10
12:36:13 PM    3    2.25    0.00    7.87    0.00    0.00    0.00    0.00    0.00    0.00   89.89
12:36:13 PM    4    4.44    0.00    1.11    0.00    0.00    0.00    0.00    0.00    0.00   94.44
12:36:13 PM    5    1.11    0.00    5.56    0.00    0.00    0.00    0.00    0.00    0.00   93.33
12:36:13 PM    6    3.37    0.00    3.37    0.00    0.00    1.12    0.00    0.00    0.00   92.13
12:36:13 PM    7    3.33    0.00    5.56    0.00    0.00    0.00    0.00    0.00    0.00   91.11

12:36:13 PM  CPU    %usr   %nice    %sys %iowait    %irq   %soft  %steal  %guest  %gnice   %idle
12:36:14 PM  all   10.64    0.00   13.03    0.00    0.00    3.32    0.00    0.00    0.00   73.01
12:36:14 PM    0    5.26    0.00   16.84    0.00    0.00    3.16    0.00    0.00    0.00   74.74
12:36:14 PM    1    7.61    0.00   11.96    0.00    0.00    4.35    0.00    0.00    0.00   76.09
12:36:14 PM    2    8.60    0.00   15.05    0.00    0.00    4.30    0.00    0.00    0.00   72.04
12:36:14 PM    3    8.42    0.00   13.68    0.00    0.00    3.16    0.00    0.00    0.00   74.74
12:36:14 PM    4   12.37    0.00   14.43    0.00    0.00    3.09    0.00    0.00    0.00   70.10
12:36:14 PM    5   13.19    0.00   12.09    0.00    0.00    2.20    0.00    0.00    0.00   72.53
12:36:14 PM    6   16.67    0.00    9.38    0.00    0.00    4.17    0.00    0.00    0.00   69.79
12:36:14 PM    7   12.90    0.00   10.75    0.00    0.00    2.15    0.00    0.00    0.00   74.19

12:36:14 PM  CPU    %usr   %nice    %sys %iowait    %irq   %soft  %steal  %guest  %gnice   %idle
12:36:15 PM  all    1.87    0.00    3.17    0.00    0.00    0.29    0.00    0.00    0.00   94.67
12:36:15 PM    0    1.14    0.00    6.82    0.00    0.00    1.14    0.00    0.00    0.00   90.91
12:36:15 PM    1    2.27    0.00    4.55    0.00    0.00    0.00    0.00    0.00    0.00   93.18
12:36:15 PM    2    0.00    0.00    3.49    0.00    0.00    0.00    0.00    0.00    0.00   96.51
12:36:15 PM    3    1.16    0.00    3.49    0.00    0.00    0.00    0.00    0.00    0.00   95.35
12:36:15 PM    4    4.44    0.00    2.22    0.00    0.00    0.00    0.00    0.00    0.00   93.33
12:36:15 PM    5    3.49    0.00    1.16    0.00    0.00    0.00    0.00    0.00    0.00   95.35
12:36:15 PM    6    1.15    0.00    2.30    0.00    0.00    1.15    0.00    0.00    0.00   95.40
12:36:15 PM    7    1.20    0.00    1.20    0.00    0.00    0.00    0.00    0.00    0.00   97.59

12:36:15 PM  CPU    %usr   %nice    %sys %iowait    %irq   %soft  %steal  %guest  %gnice   %idle
12:36:16 PM  all    3.16    0.00    4.60    0.00    0.00    0.86    0.00    0.00    0.00   91.38
12:36:16 PM    0    4.60    0.00    4.60    0.00    0.00    1.15    0.00    0.00    0.00   89.66
12:36:16 PM    1    3.41    0.00    5.68    0.00    0.00    1.14    0.00    0.00    0.00   89.77
12:36:16 PM    2    3.53    0.00    4.71    0.00    0.00    0.00    0.00    0.00    0.00   91.76
12:36:16 PM    3    2.38    0.00    3.57    0.00    0.00    1.19    0.00    0.00    0.00   92.86
12:36:16 PM    4    1.15    0.00    5.75    0.00    0.00    1.15    0.00    0.00    0.00   91.95
12:36:16 PM    5    1.15    0.00    5.75    0.00    0.00    0.00    0.00    0.00    0.00   93.10
12:36:16 PM    6    3.45    0.00    2.30    0.00    0.00    1.15    0.00    0.00    0.00   93.10
12:36:16 PM    7    5.49    0.00    4.40    0.00    0.00    1.10    0.00    0.00    0.00   89.01

12:36:16 PM  CPU    %usr   %nice    %sys %iowait    %irq   %soft  %steal  %guest  %gnice   %idle
12:36:17 PM  all    3.85    0.00    6.13    0.43    0.00    1.85    0.00    0.00    0.00   87.73
12:36:17 PM    0    3.49    0.00    6.98    0.00    0.00    1.16    0.00    0.00    0.00   88.37
12:36:17 PM    1    1.16    0.00    4.65    0.00    0.00    3.49    0.00    0.00    0.00   90.70
12:36:17 PM    2    3.37    0.00    8.99    0.00    0.00    2.25    0.00    0.00    0.00   85.39
12:36:17 PM    3    1.22    0.00    4.88    0.00    0.00    1.22    0.00    0.00    0.00   92.68
12:36:17 PM    4    5.49    0.00    5.49    1.10    0.00    2.20    0.00    0.00    0.00   85.71
12:36:17 PM    5    5.49    0.00    6.59    2.20    0.00    1.10    0.00    0.00    0.00   84.62
12:36:17 PM    6    4.40    0.00    6.59    0.00    0.00    3.30    0.00    0.00    0.00   85.71
12:36:17 PM    7    5.88    0.00    4.71    0.00    0.00    0.00    0.00    0.00    0.00   89.41

12:36:17 PM  CPU    %usr   %nice    %sys %iowait    %irq   %soft  %steal  %guest  %gnice   %idle
12:36:18 PM  all    7.65    0.00   10.66    0.00    0.00    1.50    0.00    0.00    0.00   80.19
12:36:18 PM    0    6.67    0.00    8.89    0.00    0.00    1.11    0.00    0.00    0.00   83.33
12:36:18 PM    1    7.22    0.00   14.43    0.00    0.00    1.03    0.00    0.00    0.00   77.32
12:36:18 PM    2    6.38    0.00    9.57    0.00    0.00    3.19    0.00    0.00    0.00   80.85
12:36:18 PM    3    3.26    0.00   13.04    0.00    0.00    1.09    0.00    0.00    0.00   82.61
12:36:18 PM    4    7.78    0.00   10.00    0.00    0.00    2.22    0.00    0.00    0.00   80.00
12:36:18 PM    5    8.99    0.00    8.99    0.00    0.00    1.12    0.00    0.00    0.00   80.90
12:36:18 PM    6   10.99    0.00    9.89    0.00    0.00    1.10    0.00    0.00    0.00   78.02
12:36:18 PM    7   10.11    0.00   10.11    0.00    0.00    1.12    0.00    0.00    0.00   78.65

12:36:18 PM  CPU    %usr   %nice    %sys %iowait    %irq   %soft  %steal  %guest  %gnice   %idle
12:36:19 PM  all    4.71    0.00    7.70    0.00    0.00    0.86    0.00    0.00    0.00   86.73
12:36:19 PM    0    5.75    0.00    6.90    0.00    0.00    1.15    0.00    0.00    0.00   86.21
12:36:19 PM    1    4.71    0.00    8.24    0.00    0.00    2.35    0.00    0.00    0.00   84.71
12:36:19 PM    2    6.74    0.00    7.87    0.00    0.00    1.12    0.00    0.00    0.00   84.27
12:36:19 PM    3    4.60    0.00    8.05    0.00    0.00    1.15    0.00    0.00    0.00   86.21
12:36:19 PM    4    3.37    0.00    6.74    0.00    0.00    0.00    0.00    0.00    0.00   89.89
12:36:19 PM    5    5.49    0.00    7.69    0.00    0.00    0.00    0.00    0.00    0.00   86.81
12:36:19 PM    6    4.76    0.00    4.76    0.00    0.00    1.19    0.00    0.00    0.00   89.29
12:36:19 PM    7    2.25    0.00   11.24    0.00    0.00    0.00    0.00    0.00    0.00   86.52

12:36:19 PM  CPU    %usr   %nice    %sys %iowait    %irq   %soft  %steal  %guest  %gnice   %idle
12:36:20 PM  all    2.05    0.00    3.67    0.00    0.00    0.73    0.00    0.00    0.00   93.55
12:36:20 PM    0    3.53    0.00    2.35    0.00    0.00    0.00    0.00    0.00    0.00   94.12
12:36:20 PM    1    1.18    0.00    3.53    0.00    0.00    0.00    0.00    0.00    0.00   95.29
12:36:20 PM    2    3.45    0.00    5.75    0.00    0.00    1.15    0.00    0.00    0.00   89.66
12:36:20 PM    3    1.19    0.00    3.57    0.00    0.00    1.19    0.00    0.00    0.00   94.05
12:36:20 PM    4    1.18    0.00    3.53    0.00    0.00    1.18    0.00    0.00    0.00   94.12
12:36:20 PM    5    1.19    0.00    2.38    0.00    0.00    0.00    0.00    0.00    0.00   96.43
12:36:20 PM    6    2.33    0.00    4.65    0.00    0.00    1.16    0.00    0.00    0.00   91.86
12:36:20 PM    7    2.33    0.00    3.49    0.00    0.00    1.16    0.00    0.00    0.00   93.02

12:36:20 PM  CPU    %usr   %nice    %sys %iowait    %irq   %soft  %steal  %guest  %gnice   %idle
12:36:21 PM  all    3.90    0.00    7.95    0.00    0.00    1.59    0.00    0.00    0.00   86.56
12:36:21 PM    0    4.60    0.00   10.34    0.00    0.00    1.15    0.00    0.00    0.00   83.91
12:36:21 PM    1    2.44    0.00    6.10    0.00    0.00    2.44    0.00    0.00    0.00   89.02
12:36:21 PM    2    3.66    0.00    4.88    0.00    0.00    1.22    0.00    0.00    0.00   90.24
12:36:21 PM    3    2.41    0.00    7.23    0.00    0.00    1.20    0.00    0.00    0.00   89.16
12:36:21 PM    4    2.35    0.00    5.88    0.00    0.00    2.35    0.00    0.00    0.00   89.41
12:36:21 PM    5    4.60    0.00    6.90    0.00    0.00    0.00    0.00    0.00    0.00   88.51
12:36:21 PM    6    4.35    0.00   10.87    0.00    0.00    2.17    0.00    0.00    0.00   82.61
12:36:21 PM    7    6.38    0.00   10.64    0.00    0.00    2.13    0.00    0.00    0.00   80.85

12:36:21 PM  CPU    %usr   %nice    %sys %iowait    %irq   %soft  %steal  %guest  %gnice   %idle
12:36:22 PM  all    0.87    0.00    1.60    0.15    0.00    0.15    0.00    0.00    0.00   97.23
12:36:22 PM    0    0.00    0.00    2.35    0.00    0.00    0.00    0.00    0.00    0.00   97.65
12:36:22 PM    1    1.16    0.00    2.33    0.00    0.00    0.00    0.00    0.00    0.00   96.51
12:36:22 PM    2    0.00    0.00    1.22    0.00    0.00    0.00    0.00    0.00    0.00   98.78
12:36:22 PM    3    1.19    0.00    1.19    0.00    0.00    0.00    0.00    0.00    0.00   97.62
12:36:22 PM    4    1.12    0.00    1.12    0.00    0.00    0.00    0.00    0.00    0.00   97.75
12:36:22 PM    5    1.14    0.00    1.14    1.14    0.00    1.14    0.00    0.00    0.00   95.45
12:36:22 PM    6    1.12    0.00    2.25    0.00    0.00    0.00    0.00    0.00    0.00   96.63
12:36:22 PM    7    1.19    0.00    1.19    0.00    0.00    0.00    0.00    0.00    0.00   97.62

12:36:22 PM  CPU    %usr   %nice    %sys %iowait    %irq   %soft  %steal  %guest  %gnice   %idle
12:36:23 PM  all    5.02    0.00    6.74    0.00    0.00    1.58    0.00    0.00    0.00   86.66
12:36:23 PM    0    2.38    0.00    5.95    0.00    0.00    2.38    0.00    0.00    0.00   89.29
12:36:23 PM    1    3.66    0.00    4.88    0.00    0.00    1.22    0.00    0.00    0.00   90.24
12:36:23 PM    2    3.53    0.00    5.88    0.00    0.00    1.18    0.00    0.00    0.00   89.41
12:36:23 PM    3    5.56    0.00   10.00    0.00    0.00    3.33    0.00    0.00    0.00   81.11
12:36:23 PM    4    3.45    0.00    4.60    0.00    0.00    2.30    0.00    0.00    0.00   89.66
12:36:23 PM    5    4.40    0.00    9.89    0.00    0.00    1.10    0.00    0.00    0.00   84.62
12:36:23 PM    6    7.95    0.00    4.55    0.00    0.00    1.14    0.00    0.00    0.00   86.36
12:36:23 PM    7    8.89    0.00    7.78    0.00    0.00    0.00    0.00    0.00    0.00   83.33

12:36:23 PM  CPU    %usr   %nice    %sys %iowait    %irq   %soft  %steal  %guest  %gnice   %idle
12:36:24 PM  all    4.02    0.00    6.60    0.00    0.00    0.86    0.00    0.00    0.00   88.52
12:36:24 PM    0    2.41    0.00    7.23    0.00    0.00    1.20    0.00    0.00    0.00   89.16
12:36:24 PM    1    3.66    0.00    4.88    0.00    0.00    0.00    0.00    0.00    0.00   91.46
12:36:24 PM    2    3.49    0.00    6.98    0.00    0.00    1.16    0.00    0.00    0.00   88.37
12:36:24 PM    3    2.38    0.00    7.14    0.00    0.00    1.19    0.00    0.00    0.00   89.29
12:36:24 PM    4    3.30    0.00    8.79    0.00    0.00    0.00    0.00    0.00    0.00   87.91
12:36:24 PM    5    5.43    0.00    6.52    0.00    0.00    1.09    0.00    0.00    0.00   86.96
12:36:24 PM    6    3.37    0.00    6.74    0.00    0.00    1.12    0.00    0.00    0.00   88.76
12:36:24 PM    7    7.78    0.00    4.44    0.00    0.00    1.11    0.00    0.00    0.00   86.67

12:36:24 PM  CPU    %usr   %nice    %sys %iowait    %irq   %soft  %steal  %guest  %gnice   %idle
12:36:25 PM  all    5.62    0.00    8.99    0.00    0.00    1.83    0.00    0.00    0.00   83.57
12:36:25 PM    0    9.30    0.00    6.98    0.00    0.00    2.33    0.00    0.00    0.00   81.40
12:36:25 PM    1    3.53    0.00    9.41    0.00    0.00    2.35    0.00    0.00    0.00   84.71
12:36:25 PM    2    6.02    0.00    8.43    0.00    0.00    2.41    0.00    0.00    0.00   83.13
12:36:25 PM    3    7.32    0.00    8.54    0.00    0.00    0.00    0.00    0.00    0.00   84.15
12:36:25 PM    4    4.35    0.00    7.61    0.00    0.00    2.17    0.00    0.00    0.00   85.87
12:36:25 PM    5    3.19    0.00   10.64    0.00    0.00    1.06    0.00    0.00    0.00   85.11
12:36:25 PM    6    5.32    0.00    9.57    0.00    0.00    2.13    0.00    0.00    0.00   82.98
12:36:25 PM    7    6.25    0.00   10.42    0.00    0.00    2.08    0.00    0.00    0.00   81.25

12:36:25 PM  CPU    %usr   %nice    %sys %iowait    %irq   %soft  %steal  %guest  %gnice   %idle
12:36:26 PM  all    9.45    0.00   16.33    0.00    0.00    2.70    0.00    0.00    0.00   71.52
12:36:26 PM    0    8.99    0.00   17.98    0.00    0.00    3.37    0.00    0.00    0.00   69.66
12:36:26 PM    1   12.22    0.00   15.56    0.00    0.00    2.22    0.00    0.00    0.00   70.00
12:36:26 PM    2   13.68    0.00   16.84    0.00    0.00    2.11    0.00    0.00    0.00   67.37
12:36:26 PM    3   11.24    0.00   13.48    0.00    0.00    4.49    0.00    0.00    0.00   70.79
12:36:26 PM    4    5.43    0.00   16.30    0.00    0.00    2.17    0.00    0.00    0.00   76.09
12:36:26 PM    5    8.33    0.00   16.67    0.00    0.00    2.08    0.00    0.00    0.00   72.92
12:36:26 PM    6    8.70    0.00   16.30    0.00    0.00    1.09    0.00    0.00    0.00   73.91
12:36:26 PM    7    7.14    0.00   17.35    0.00    0.00    4.08    0.00    0.00    0.00   71.43

12:36:26 PM  CPU    %usr   %nice    %sys %iowait    %irq   %soft  %steal  %guest  %gnice   %idle
12:36:27 PM  all    8.77    0.00   15.11    0.27    0.00    3.51    0.00    0.00    0.00   72.33
12:36:27 PM    0    5.38    0.00   19.35    0.00    0.00    4.30    0.00    0.00    0.00   70.97
12:36:27 PM    1   10.00    0.00   13.33    0.00    0.00    2.22    0.00    0.00    0.00   74.44
12:36:27 PM    2    6.67    0.00   13.33    0.00    0.00    2.22    0.00    0.00    0.00   77.78
12:36:27 PM    3    8.70    0.00   11.96    0.00    0.00    4.35    0.00    0.00    0.00   75.00
12:36:27 PM    4   10.42    0.00   15.62    1.04    0.00    4.17    0.00    0.00    0.00   68.75
12:36:27 PM    5    8.79    0.00   14.29    1.10    0.00    3.30    0.00    0.00    0.00   72.53
12:36:27 PM    6    7.53    0.00   18.28    0.00    0.00    3.23    0.00    0.00    0.00   70.97
12:36:27 PM    7   12.50    0.00   14.58    0.00    0.00    4.17    0.00    0.00    0.00   68.75

12:36:27 PM  CPU    %usr   %nice    %sys %iowait    %irq   %soft  %steal  %guest  %gnice   %idle
12:36:28 PM  all    0.88    0.00    0.88    0.00    0.00    0.58    0.00    0.00    0.00   97.66
12:36:28 PM    0    0.00    0.00    0.00    0.00    0.00    0.00    0.00    0.00    0.00  100.00
12:36:28 PM    1    1.16    0.00    0.00    0.00    0.00    1.16    0.00    0.00    0.00   97.67
12:36:28 PM    2    0.00    0.00    1.18    0.00    0.00    0.00    0.00    0.00    0.00   98.82
12:36:28 PM    3    2.38    0.00    1.19    0.00    0.00    0.00    0.00    0.00    0.00   96.43
12:36:28 PM    4    1.16    0.00    0.00    0.00    0.00    2.33    0.00    0.00    0.00   96.51
12:36:28 PM    5    1.12    0.00    1.12    0.00    0.00    1.12    0.00    0.00    0.00   96.63
12:36:28 PM    6    1.18    0.00    1.18    0.00    0.00    0.00    0.00    0.00    0.00   97.65
12:36:28 PM    7    0.00    0.00    2.27    0.00    0.00    0.00    0.00    0.00    0.00   97.73

12:36:28 PM  CPU    %usr   %nice    %sys %iowait    %irq   %soft  %steal  %guest  %gnice   %idle
12:36:29 PM  all    2.31    0.00    3.75    0.00    0.00    0.72    0.00    0.00    0.00   93.22
12:36:29 PM    0    1.14    0.00    4.55    0.00    0.00    0.00    0.00    0.00    0.00   94.32
12:36:29 PM    1    2.30    0.00    4.60    0.00    0.00    0.00    0.00    0.00    0.00   93.10
12:36:29 PM    2    2.27    0.00    3.41    0.00    0.00    1.14    0.00    0.00    0.00   93.18
12:36:29 PM    3    2.33    0.00    3.49    0.00    0.00    2.33    0.00    0.00    0.00   91.86
12:36:29 PM    4    1.16    0.00    4.65    0.00    0.00    1.16    0.00    0.00    0.00   93.02
12:36:29 PM    5    3.49    0.00    3.49    0.00    0.00    0.00    0.00    0.00    0.00   93.02
12:36:29 PM    6    2.25    0.00    4.49    0.00    0.00    1.12    0.00    0.00    0.00   92.13
12:36:29 PM    7    3.61    0.00    1.20    0.00    0.00    0.00    0.00    0.00    0.00   95.18

12:36:29 PM  CPU    %usr   %nice    %sys %iowait    %irq   %soft  %steal  %guest  %gnice   %idle
12:36:30 PM  all    3.87    0.00    5.74    0.00    0.00    1.72    0.00    0.00    0.00   88.67
12:36:30 PM    0    3.37    0.00    3.37    0.00    0.00    2.25    0.00    0.00    0.00   91.01
12:36:30 PM    1    2.33    0.00    4.65    0.00    0.00    2.33    0.00    0.00    0.00   90.70
12:36:30 PM    2    2.17    0.00   10.87    0.00    0.00    1.09    0.00    0.00    0.00   85.87
12:36:30 PM    3    1.19    0.00    4.76    0.00    0.00    1.19    0.00    0.00    0.00   92.86
12:36:30 PM    4    4.55    0.00    5.68    0.00    0.00    2.27    0.00    0.00    0.00   87.50
12:36:30 PM    5    3.49    0.00    6.98    0.00    0.00    1.16    0.00    0.00    0.00   88.37
12:36:30 PM    6    5.81    0.00    4.65    0.00    0.00    2.33    0.00    0.00    0.00   87.21
12:36:30 PM    7    8.14    0.00    4.65    0.00    0.00    1.16    0.00    0.00    0.00   86.05

12:36:30 PM  CPU    %usr   %nice    %sys %iowait    %irq   %soft  %steal  %guest  %gnice   %idle
12:36:31 PM  all    1.31    0.00    1.31    0.00    0.00    0.44    0.00    0.00    0.00   96.95
12:36:31 PM    0    0.00    0.00    1.10    0.00    0.00    1.10    0.00    0.00    0.00   97.80
12:36:31 PM    1    1.19    0.00    1.19    0.00    0.00    0.00    0.00    0.00    0.00   97.62
12:36:31 PM    2    2.25    0.00    0.00    0.00    0.00    0.00    0.00    0.00    0.00   97.75
12:36:31 PM    3    1.14    0.00    2.27    0.00    0.00    0.00    0.00    0.00    0.00   96.59
12:36:31 PM    4    1.22    0.00    0.00    0.00    0.00    0.00    0.00    0.00    0.00   98.78
12:36:31 PM    5    1.16    0.00    2.33    0.00    0.00    1.16    0.00    0.00    0.00   95.35
12:36:31 PM    6    2.38    0.00    1.19    0.00    0.00    0.00    0.00    0.00    0.00   96.43
12:36:31 PM    7    1.19    0.00    2.38    0.00    0.00    1.19    0.00    0.00    0.00   95.24

12:36:31 PM  CPU    %usr   %nice    %sys %iowait    %irq   %soft  %steal  %guest  %gnice   %idle
12:36:32 PM  all    8.47    0.00   13.98    0.40    0.00    2.82    0.00    0.00    0.00   74.33
12:36:32 PM    0    7.61    0.00   13.04    0.00    0.00    4.35    0.00    0.00    0.00   75.00
12:36:32 PM    1    6.45    0.00   17.20    1.08    0.00    4.30    0.00    0.00    0.00   70.97
12:36:32 PM    2   10.42    0.00   12.50    0.00    0.00    4.17    0.00    0.00    0.00   72.92
12:36:32 PM    3    8.79    0.00   14.29    0.00    0.00    3.30    0.00    0.00    0.00   73.63
12:36:32 PM    4    4.55    0.00   11.36    0.00    0.00    2.27    0.00    0.00    0.00   81.82
12:36:32 PM    5    5.49    0.00   14.29    1.10    0.00    1.10    0.00    0.00    0.00   78.02
12:36:32 PM    6   12.24    0.00   16.33    0.00    0.00    1.02    0.00    0.00    0.00   70.41
12:36:32 PM    7   11.58    0.00   12.63    1.05    0.00    2.11    0.00    0.00    0.00   72.63

12:36:32 PM  CPU    %usr   %nice    %sys %iowait    %irq   %soft  %steal  %guest  %gnice   %idle
12:36:33 PM  all    3.55    0.00    4.68    0.00    0.00    0.57    0.00    0.00    0.00   91.21
12:36:33 PM    0    3.49    0.00    2.33    0.00    0.00    0.00    0.00    0.00    0.00   94.19
12:36:33 PM    1    2.27    0.00    5.68    0.00    0.00    0.00    0.00    0.00    0.00   92.05
12:36:33 PM    2    2.27    0.00    4.55    0.00    0.00    1.14    0.00    0.00    0.00   92.05
12:36:33 PM    3    2.25    0.00    5.62    0.00    0.00    1.12    0.00    0.00    0.00   91.01
12:36:33 PM    4    5.56    0.00    4.44    0.00    0.00    1.11    0.00    0.00    0.00   88.89
12:36:33 PM    5    4.55    0.00    4.55    0.00    0.00    1.14    0.00    0.00    0.00   89.77
12:36:33 PM    6    4.55    0.00    5.68    0.00    0.00    0.00    0.00    0.00    0.00   89.77
12:36:33 PM    7    3.41    0.00    4.55    0.00    0.00    0.00    0.00    0.00    0.00   92.05

12:36:33 PM  CPU    %usr   %nice    %sys %iowait    %irq   %soft  %steal  %guest  %gnice   %idle
12:36:34 PM  all    0.73    0.00    1.74    0.00    0.00    0.15    0.00    0.00    0.00   97.38
12:36:34 PM    0    1.19    0.00    2.38    0.00    0.00    0.00    0.00    0.00    0.00   96.43
12:36:34 PM    1    1.19    0.00    2.38    0.00    0.00    0.00    0.00    0.00    0.00   96.43
12:36:34 PM    2    0.00    0.00    1.22    0.00    0.00    0.00    0.00    0.00    0.00   98.78
12:36:34 PM    3    0.00    0.00    2.38    0.00    0.00    0.00    0.00    0.00    0.00   97.62
12:36:34 PM    4    0.00    0.00    1.14    0.00    0.00    0.00    0.00    0.00    0.00   98.86
12:36:34 PM    5    1.12    0.00    2.25    0.00    0.00    0.00    0.00    0.00    0.00   96.63
12:36:34 PM    6    1.14    0.00    1.14    0.00    0.00    0.00    0.00    0.00    0.00   97.73
12:36:34 PM    7    1.12    0.00    1.12    0.00    0.00    1.12    0.00    0.00    0.00   96.63

12:36:34 PM  CPU    %usr   %nice    %sys %iowait    %irq   %soft  %steal  %guest  %gnice   %idle
12:36:35 PM  all    1.43    0.00    2.71    0.00    0.00    0.86    0.00    0.00    0.00   95.00
12:36:35 PM    0    1.16    0.00    3.49    0.00    0.00    1.16    0.00    0.00    0.00   94.19
12:36:35 PM    1    1.18    0.00    2.35    0.00    0.00    0.00    0.00    0.00    0.00   96.47
12:36:35 PM    2    1.15    0.00    4.60    0.00    0.00    1.15    0.00    0.00    0.00   93.10
12:36:35 PM    3    0.00    0.00    2.35    0.00    0.00    1.18    0.00    0.00    0.00   96.47
12:36:35 PM    4    2.25    0.00    1.12    0.00    0.00    2.25    0.00    0.00    0.00   94.38
12:36:35 PM    5    2.17    0.00    2.17    0.00    0.00    0.00    0.00    0.00    0.00   95.65
12:36:35 PM    6    2.27    0.00    2.27    0.00    0.00    1.14    0.00    0.00    0.00   94.32
12:36:35 PM    7    1.14    0.00    3.41    0.00    0.00    0.00    0.00    0.00    0.00   95.45

12:36:35 PM  CPU    %usr   %nice    %sys %iowait    %irq   %soft  %steal  %guest  %gnice   %idle
12:36:36 PM  all    0.85    0.00    3.41    0.00    0.00    0.43    0.00    0.00    0.00   95.31
12:36:36 PM    0    1.14    0.00    3.41    0.00    0.00    1.14    0.00    0.00    0.00   94.32
12:36:36 PM    1    1.16    0.00    2.33    0.00    0.00    0.00    0.00    0.00    0.00   96.51
12:36:36 PM    2    0.00    0.00    3.53    0.00    0.00    0.00    0.00    0.00    0.00   96.47
12:36:36 PM    3    1.11    0.00    5.56    0.00    0.00    1.11    0.00    0.00    0.00   92.22
12:36:36 PM    4    0.00    0.00    4.49    0.00    0.00    0.00    0.00    0.00    0.00   95.51
12:36:36 PM    5    1.11    0.00    2.22    0.00    0.00    1.11    0.00    0.00    0.00   95.56
12:36:36 PM    6    1.12    0.00    3.37    0.00    0.00    0.00    0.00    0.00    0.00   95.51
12:36:36 PM    7    1.15    0.00    2.30    0.00    0.00    0.00    0.00    0.00    0.00   96.55
