Linux 6.6.87.2-microsoft-standard-WSL2 (Udeepa-ASUS) 	04/15/26 	_x86_64_	(4 CPU)

22:48:00     CPU    %usr   %nice    %sys %iowait    %irq   %soft  %steal  %guest  %gnice   %idle
22:48:01     all    0.25    0.00    0.25    0.25    0.00    0.00    0.00    0.00    0.00   99.25
22:48:01       0    1.00    0.00    1.00    0.00    0.00    0.00    0.00    0.00    0.00   98.00
22:48:01       1    0.00    0.00    0.00    1.00    0.00    0.00    0.00    0.00    0.00   99.00
22:48:01       2    0.00    0.00    0.00    0.00    0.00    0.00    0.00    0.00    0.00  100.00
22:48:01       3    0.00    0.00    0.00    0.00    0.00    0.00    0.00    0.00    0.00  100.00

22:48:01     CPU    %usr   %nice    %sys %iowait    %irq   %soft  %steal  %guest  %gnice   %idle
22:48:02     all    0.00    0.00    0.00    0.00    0.00    0.00    0.00    0.00    0.00  100.00
22:48:02       0    0.00    0.00    0.00    0.00    0.00    0.00    0.00    0.00    0.00  100.00
22:48:02       1    0.00    0.00    0.00    0.00    0.00    0.00    0.00    0.00    0.00  100.00
22:48:02       2    0.00    0.00    0.00    0.00    0.00    0.00    0.00    0.00    0.00  100.00
22:48:02       3    0.00    0.00    0.00    0.00    0.00    0.00    0.00    0.00    0.00  100.00

22:48:02     CPU    %usr   %nice    %sys %iowait    %irq   %soft  %steal  %guest  %gnice   %idle
22:48:03     all    0.50    0.00    1.00    0.00    0.00    0.00    0.00    0.00    0.00   98.50
22:48:03       0    1.00    0.00    1.00    0.00    0.00    0.00    0.00    0.00    0.00   98.00
22:48:03       1    0.00    0.00    0.00    0.00    0.00    0.00    0.00    0.00    0.00  100.00
22:48:03       2    0.99    0.00    0.99    0.00    0.00    0.00    0.00    0.00    0.00   98.02
22:48:03       3    0.00    0.00    2.00    0.00    0.00    0.00    0.00    0.00    0.00   98.00

22:48:03     CPU    %usr   %nice    %sys %iowait    %irq   %soft  %steal  %guest  %gnice   %idle
22:48:04     all    2.77    0.00    4.79    0.00    0.00    1.51    0.00    0.00    0.00   90.93
22:48:04       0    6.86    0.00    8.82    0.00    0.00    3.92    0.00    0.00    0.00   80.39
22:48:04       1    1.01    0.00    1.01    0.00    0.00    1.01    0.00    0.00    0.00   96.97
22:48:04       2    1.03    0.00    5.15    0.00    0.00    0.00    0.00    0.00    0.00   93.81
22:48:04       3    2.02    0.00    4.04    0.00    0.00    1.01    0.00    0.00    0.00   92.93

22:48:04     CPU    %usr   %nice    %sys %iowait    %irq   %soft  %steal  %guest  %gnice   %idle
22:48:05     all    3.82    0.00   11.45    0.00    0.00    3.31    0.00    0.00    0.00   81.42
22:48:05       0    8.51    0.00   10.64    0.00    0.00    5.32    0.00    0.00    0.00   75.53
22:48:05       1    0.97    0.00   10.68    0.00    0.00    1.94    0.00    0.00    0.00   86.41
22:48:05       2    3.03    0.00   12.12    0.00    0.00    3.03    0.00    0.00    0.00   81.82
22:48:05       3    3.09    0.00   12.37    0.00    0.00    3.09    0.00    0.00    0.00   81.44

22:48:05     CPU    %usr   %nice    %sys %iowait    %irq   %soft  %steal  %guest  %gnice   %idle
22:48:06     all    3.05    0.00   10.91    0.00    0.00    3.81    0.00    0.00    0.00   82.23
22:48:06       0    4.04    0.00   17.17    0.00    0.00    5.05    0.00    0.00    0.00   73.74
22:48:06       1    1.98    0.00    4.95    0.00    0.00    2.97    0.00    0.00    0.00   90.10
22:48:06       2    4.04    0.00   11.11    0.00    0.00    4.04    0.00    0.00    0.00   80.81
22:48:06       3    2.11    0.00   10.53    0.00    0.00    3.16    0.00    0.00    0.00   84.21

22:48:06     CPU    %usr   %nice    %sys %iowait    %irq   %soft  %steal  %guest  %gnice   %idle
22:48:07     all    8.40    0.00   32.57    0.00    0.00    7.12    0.00    0.00    0.00   51.91
22:48:07       0   13.48    0.00   35.96    0.00    0.00   10.11    0.00    0.00    0.00   40.45
22:48:07       1    4.85    0.00   23.30    0.00    0.00    5.83    0.00    0.00    0.00   66.02
22:48:07       2    8.16    0.00   33.67    0.00    0.00    6.12    0.00    0.00    0.00   52.04
22:48:07       3    7.77    0.00   37.86    0.00    0.00    6.80    0.00    0.00    0.00   47.57

22:48:07     CPU    %usr   %nice    %sys %iowait    %irq   %soft  %steal  %guest  %gnice   %idle
22:48:08     all    9.72    0.00   30.43    0.00    0.00    5.63    0.00    0.00    0.00   54.22
22:48:08       0   18.56    0.00   36.08    0.00    0.00   13.40    0.00    0.00    0.00   31.96
22:48:08       1    5.38    0.00   19.35    0.00    0.00    1.08    0.00    0.00    0.00   74.19
22:48:08       2    7.14    0.00   31.63    0.00    0.00    3.06    0.00    0.00    0.00   58.16
22:48:08       3    7.77    0.00   33.98    0.00    0.00    4.85    0.00    0.00    0.00   53.40

22:48:08     CPU    %usr   %nice    %sys %iowait    %irq   %soft  %steal  %guest  %gnice   %idle
22:48:09     all    9.04    0.00   28.17    0.00    0.00    6.46    0.00    0.00    0.00   56.33
22:48:09       0   19.35    0.00   34.41    0.00    0.00   10.75    0.00    0.00    0.00   35.48
22:48:09       1    4.00    0.00   19.00    0.00    0.00    5.00    0.00    0.00    0.00   72.00
22:48:09       2    7.14    0.00   27.55    0.00    0.00    4.08    0.00    0.00    0.00   61.22
22:48:09       3    6.25    0.00   32.29    0.00    0.00    6.25    0.00    0.00    0.00   55.21

22:48:09     CPU    %usr   %nice    %sys %iowait    %irq   %soft  %steal  %guest  %gnice   %idle
22:48:10     all   10.05    0.00   32.22    0.00    0.00    6.96    0.00    0.00    0.00   50.77
22:48:10       0   19.59    0.00   38.14    0.00    0.00   12.37    0.00    0.00    0.00   29.90
22:48:10       1    4.08    0.00   23.47    0.00    0.00    4.08    0.00    0.00    0.00   68.37
22:48:10       2    7.45    0.00   34.04    0.00    0.00    5.32    0.00    0.00    0.00   53.19
22:48:10       3    9.09    0.00   33.33    0.00    0.00    6.06    0.00    0.00    0.00   51.52

22:48:10     CPU    %usr   %nice    %sys %iowait    %irq   %soft  %steal  %guest  %gnice   %idle
22:48:11     all   10.57    0.00   36.08    0.00    0.00    5.93    0.00    0.00    0.00   47.42
22:48:11       0   22.00    0.00   45.00    0.00    0.00    8.00    0.00    0.00    0.00   25.00
22:48:11       1    3.16    0.00   28.42    0.00    0.00    2.11    0.00    0.00    0.00   66.32
22:48:11       2    6.32    0.00   33.68    0.00    0.00    6.32    0.00    0.00    0.00   53.68
22:48:11       3   10.20    0.00   36.73    0.00    0.00    7.14    0.00    0.00    0.00   45.92

22:48:11     CPU    %usr   %nice    %sys %iowait    %irq   %soft  %steal  %guest  %gnice   %idle
22:48:12     all   10.00    0.00   29.21    0.26    0.00    5.00    0.00    0.00    0.00   55.53
22:48:12       0   21.88    0.00   33.33    0.00    0.00    9.38    0.00    0.00    0.00   35.42
22:48:12       1    4.04    0.00   18.18    1.01    0.00    2.02    0.00    0.00    0.00   74.75
22:48:12       2    6.52    0.00   34.78    0.00    0.00    3.26    0.00    0.00    0.00   55.43
22:48:12       3    7.53    0.00   31.18    0.00    0.00    5.38    0.00    0.00    0.00   55.91

22:48:12     CPU    %usr   %nice    %sys %iowait    %irq   %soft  %steal  %guest  %gnice   %idle
22:48:13     all   11.45    0.00   30.28    0.00    0.00    5.60    0.00    0.00    0.00   52.67
22:48:13       0   23.00    0.00   34.00    0.00    0.00    9.00    0.00    0.00    0.00   34.00
22:48:13       1    6.00    0.00   22.00    0.00    0.00    3.00    0.00    0.00    0.00   69.00
22:48:13       2    6.32    0.00   30.53    0.00    0.00    5.26    0.00    0.00    0.00   57.89
22:48:13       3   10.20    0.00   34.69    0.00    0.00    5.10    0.00    0.00    0.00   50.00

22:48:13     CPU    %usr   %nice    %sys %iowait    %irq   %soft  %steal  %guest  %gnice   %idle
22:48:14     all   12.08    0.00   31.88    0.00    0.00    7.71    0.00    0.00    0.00   48.33
22:48:14       0   22.68    0.00   32.99    0.00    0.00   12.37    0.00    0.00    0.00   31.96
22:48:14       1    6.25    0.00   18.75    0.00    0.00    4.17    0.00    0.00    0.00   70.83
22:48:14       2    9.38    0.00   37.50    0.00    0.00    7.29    0.00    0.00    0.00   45.83
22:48:14       3   10.00    0.00   38.00    0.00    0.00    7.00    0.00    0.00    0.00   45.00

22:48:14     CPU    %usr   %nice    %sys %iowait    %irq   %soft  %steal  %guest  %gnice   %idle
22:48:15     all   10.00    0.00   30.51    0.00    0.00    6.92    0.00    0.00    0.00   52.56
22:48:15       0   20.00    0.00   32.63    0.00    0.00   11.58    0.00    0.00    0.00   35.79
22:48:15       1    3.03    0.00   20.20    0.00    0.00    2.02    0.00    0.00    0.00   74.75
22:48:15       2    9.68    0.00   37.63    0.00    0.00    6.45    0.00    0.00    0.00   46.24
22:48:15       3    7.77    0.00   32.04    0.00    0.00    7.77    0.00    0.00    0.00   52.43

22:48:15     CPU    %usr   %nice    %sys %iowait    %irq   %soft  %steal  %guest  %gnice   %idle
22:48:16     all    8.74    0.00   25.45    0.00    0.00    6.17    0.00    0.00    0.00   59.64
22:48:16       0   18.37    0.00   29.59    0.00    0.00    7.14    0.00    0.00    0.00   44.90
22:48:16       1    2.06    0.00   14.43    0.00    0.00    5.15    0.00    0.00    0.00   78.35
22:48:16       2    6.12    0.00   27.55    0.00    0.00    8.16    0.00    0.00    0.00   58.16
22:48:16       3    8.33    0.00   30.21    0.00    0.00    4.17    0.00    0.00    0.00   57.29

22:48:16     CPU    %usr   %nice    %sys %iowait    %irq   %soft  %steal  %guest  %gnice   %idle
22:48:17     all   10.91    0.00   35.58    0.52    0.00    6.23    0.00    0.00    0.00   46.75
22:48:17       0   21.51    0.00   40.86    1.08    0.00   11.83    0.00    0.00    0.00   24.73
22:48:17       1    4.04    0.00   27.27    0.00    0.00    3.03    0.00    0.00    0.00   65.66
22:48:17       2    8.25    0.00   41.24    0.00    0.00    6.19    0.00    0.00    0.00   44.33
22:48:17       3   10.42    0.00   33.33    1.04    0.00    4.17    0.00    0.00    0.00   51.04

22:48:17     CPU    %usr   %nice    %sys %iowait    %irq   %soft  %steal  %guest  %gnice   %idle
22:48:18     all    9.67    0.00   25.19    0.00    0.00    5.85    0.00    0.00    0.00   59.29
22:48:18       0   19.61    0.00   28.43    0.00    0.00   10.78    0.00    0.00    0.00   41.18
22:48:18       1    3.03    0.00   15.15    0.00    0.00    4.04    0.00    0.00    0.00   77.78
22:48:18       2   10.42    0.00   30.21    0.00    0.00    4.17    0.00    0.00    0.00   55.21
22:48:18       3    5.21    0.00   27.08    0.00    0.00    4.17    0.00    0.00    0.00   63.54

22:48:18     CPU    %usr   %nice    %sys %iowait    %irq   %soft  %steal  %guest  %gnice   %idle
22:48:19     all   10.05    0.00   27.84    0.00    0.00    7.47    0.00    0.00    0.00   54.64
22:48:19       0   20.79    0.00   30.69    0.00    0.00    8.91    0.00    0.00    0.00   39.60
22:48:19       1    4.08    0.00   16.33    0.00    0.00    5.10    0.00    0.00    0.00   74.49
22:48:19       2    8.51    0.00   30.85    0.00    0.00    7.45    0.00    0.00    0.00   53.19
22:48:19       3    6.32    0.00   33.68    0.00    0.00    8.42    0.00    0.00    0.00   51.58

22:48:19     CPU    %usr   %nice    %sys %iowait    %irq   %soft  %steal  %guest  %gnice   %idle
22:48:20     all    9.02    0.00   31.56    0.00    0.00    6.10    0.00    0.00    0.00   53.32
22:48:20       0   17.86    0.00   41.67    0.00    0.00   14.29    0.00    0.00    0.00   26.19
22:48:20       1    4.21    0.00   20.00    0.00    0.00    2.11    0.00    0.00    0.00   73.68
22:48:20       2    7.07    0.00   30.30    0.00    0.00    4.04    0.00    0.00    0.00   58.59
22:48:20       3    8.08    0.00   35.35    0.00    0.00    5.05    0.00    0.00    0.00   51.52

22:48:20     CPU    %usr   %nice    %sys %iowait    %irq   %soft  %steal  %guest  %gnice   %idle
22:48:21     all   12.08    0.00   28.53    0.26    0.00    6.17    0.00    0.00    0.00   52.96
22:48:21       0   23.47    0.00   32.65    0.00    0.00   11.22    0.00    0.00    0.00   32.65
22:48:21       1    6.19    0.00   17.53    1.03    0.00    2.06    0.00    0.00    0.00   73.20
22:48:21       2    5.94    0.00   35.64    0.00    0.00    4.95    0.00    0.00    0.00   53.47
22:48:21       3   12.90    0.00   27.96    0.00    0.00    6.45    0.00    0.00    0.00   52.69

22:48:21     CPU    %usr   %nice    %sys %iowait    %irq   %soft  %steal  %guest  %gnice   %idle
22:48:22     all   12.69    0.00   33.16    0.00    0.00    6.74    0.00    0.00    0.00   47.41
22:48:22       0   28.12    0.00   34.38    0.00    0.00    9.38    0.00    0.00    0.00   28.12
22:48:22       1    2.17    0.00   20.65    0.00    0.00    4.35    0.00    0.00    0.00   72.83
22:48:22       2   11.00    0.00   37.00    0.00    0.00    8.00    0.00    0.00    0.00   44.00
22:48:22       3    9.18    0.00   39.80    0.00    0.00    5.10    0.00    0.00    0.00   45.92

22:48:22     CPU    %usr   %nice    %sys %iowait    %irq   %soft  %steal  %guest  %gnice   %idle
22:48:23     all   14.58    0.00   37.34    0.00    0.00    6.39    0.00    0.00    0.00   41.69
22:48:23       0   29.70    0.00   36.63    0.00    0.00    9.90    0.00    0.00    0.00   23.76
22:48:23       1    5.10    0.00   26.53    0.00    0.00    3.06    0.00    0.00    0.00   65.31
22:48:23       2   12.12    0.00   42.42    0.00    0.00    7.07    0.00    0.00    0.00   38.38
22:48:23       3   10.75    0.00   44.09    0.00    0.00    5.38    0.00    0.00    0.00   39.78

22:48:23     CPU    %usr   %nice    %sys %iowait    %irq   %soft  %steal  %guest  %gnice   %idle
22:48:24     all   11.68    0.00   34.01    0.00    0.00    5.58    0.00    0.00    0.00   48.73
22:48:24       0   24.51    0.00   39.22    0.00    0.00    8.82    0.00    0.00    0.00   27.45
22:48:24       1    3.00    0.00   27.00    0.00    0.00    3.00    0.00    0.00    0.00   67.00
22:48:24       2    9.28    0.00   34.02    0.00    0.00    7.22    0.00    0.00    0.00   49.48
22:48:24       3    9.47    0.00   35.79    0.00    0.00    3.16    0.00    0.00    0.00   51.58

22:48:24     CPU    %usr   %nice    %sys %iowait    %irq   %soft  %steal  %guest  %gnice   %idle
22:48:25     all    9.77    0.00   30.59    0.00    0.00    6.17    0.00    0.00    0.00   53.47
22:48:25       0   20.59    0.00   35.29    0.00    0.00   11.76    0.00    0.00    0.00   32.35
22:48:25       1    4.26    0.00   17.02    0.00    0.00    2.13    0.00    0.00    0.00   76.60
22:48:25       2    5.38    0.00   31.18    0.00    0.00    4.30    0.00    0.00    0.00   59.14
22:48:25       3    8.00    0.00   38.00    0.00    0.00    6.00    0.00    0.00    0.00   48.00

22:48:25     CPU    %usr   %nice    %sys %iowait    %irq   %soft  %steal  %guest  %gnice   %idle
22:48:26     all   11.65    0.00   32.41    0.00    0.00    6.08    0.00    0.00    0.00   49.87
22:48:26       0   23.40    0.00   39.36    0.00    0.00    7.45    0.00    0.00    0.00   29.79
22:48:26       1    6.93    0.00   22.77    0.00    0.00    3.96    0.00    0.00    0.00   66.34
22:48:26       2    8.08    0.00   35.35    0.00    0.00    8.08    0.00    0.00    0.00   48.48
22:48:26       3    8.91    0.00   32.67    0.00    0.00    4.95    0.00    0.00    0.00   53.47

22:48:26     CPU    %usr   %nice    %sys %iowait    %irq   %soft  %steal  %guest  %gnice   %idle
22:48:27     all   12.24    0.00   38.52    0.00    0.00    6.12    0.00    0.00    0.00   43.11
22:48:27       0   29.17    0.00   39.58    0.00    0.00   11.46    0.00    0.00    0.00   19.79
22:48:27       1    5.05    0.00   29.29    0.00    0.00    2.02    0.00    0.00    0.00   63.64
22:48:27       2    9.00    0.00   41.00    0.00    0.00    7.00    0.00    0.00    0.00   43.00
22:48:27       3    6.19    0.00   44.33    0.00    0.00    4.12    0.00    0.00    0.00   45.36

22:48:27     CPU    %usr   %nice    %sys %iowait    %irq   %soft  %steal  %guest  %gnice   %idle
22:48:28     all   12.34    0.00   37.02    0.00    0.00    7.71    0.00    0.00    0.00   42.93
22:48:28       0   24.24    0.00   41.41    0.00    0.00   14.14    0.00    0.00    0.00   20.20
22:48:28       1    4.21    0.00   26.32    0.00    0.00    4.21    0.00    0.00    0.00   65.26
22:48:28       2   10.42    0.00   37.50    0.00    0.00    5.21    0.00    0.00    0.00   46.88
22:48:28       3   10.10    0.00   42.42    0.00    0.00    7.07    0.00    0.00    0.00   40.40

22:48:28     CPU    %usr   %nice    %sys %iowait    %irq   %soft  %steal  %guest  %gnice   %idle
22:48:30     all   11.92    0.00   31.61    0.00    0.00    6.48    0.00    0.00    0.00   50.00
22:48:30       0   26.00    0.00   32.00    0.00    0.00   12.00    0.00    0.00    0.00   30.00
22:48:30       1    4.17    0.00   25.00    0.00    0.00    2.08    0.00    0.00    0.00   68.75
22:48:30       2    9.78    0.00   33.70    0.00    0.00    3.26    0.00    0.00    0.00   53.26
22:48:30       3    7.14    0.00   35.71    0.00    0.00    8.16    0.00    0.00    0.00   48.98

22:48:30     CPU    %usr   %nice    %sys %iowait    %irq   %soft  %steal  %guest  %gnice   %idle
22:48:31     all   10.16    0.00   27.86    0.00    0.00    4.95    0.00    0.00    0.00   57.03
22:48:31       0   23.33    0.00   34.44    0.00    0.00   12.22    0.00    0.00    0.00   30.00
22:48:31       1    2.04    0.00   23.47    0.00    0.00    0.00    0.00    0.00    0.00   74.49
22:48:31       2   11.34    0.00   25.77    0.00    0.00    3.09    0.00    0.00    0.00   59.79
22:48:31       3    5.05    0.00   28.28    0.00    0.00    5.05    0.00    0.00    0.00   61.62

22:48:31     CPU    %usr   %nice    %sys %iowait    %irq   %soft  %steal  %guest  %gnice   %idle
22:48:32     all   11.31    0.00   37.02    0.00    0.00    6.17    0.00    0.00    0.00   45.50
22:48:32       0   23.47    0.00   41.84    0.00    0.00   12.24    0.00    0.00    0.00   22.45
22:48:32       1    3.23    0.00   26.88    0.00    0.00    3.23    0.00    0.00    0.00   66.67
22:48:32       2    8.16    0.00   37.76    0.00    0.00    4.08    0.00    0.00    0.00   50.00
22:48:32       3   10.00    0.00   41.00    0.00    0.00    5.00    0.00    0.00    0.00   44.00

22:48:32     CPU    %usr   %nice    %sys %iowait    %irq   %soft  %steal  %guest  %gnice   %idle
22:48:33     all   10.38    0.00   35.19    0.00    0.00    6.84    0.00    0.00    0.00   47.59
22:48:33       0   22.92    0.00   35.42    0.00    0.00   13.54    0.00    0.00    0.00   28.12
22:48:33       1    5.15    0.00   25.77    0.00    0.00    2.06    0.00    0.00    0.00   67.01
22:48:33       2    7.77    0.00   40.78    0.00    0.00    5.83    0.00    0.00    0.00   45.63
22:48:33       3    6.06    0.00   38.38    0.00    0.00    6.06    0.00    0.00    0.00   49.49

22:48:33     CPU    %usr   %nice    %sys %iowait    %irq   %soft  %steal  %guest  %gnice   %idle
22:48:34     all    7.65    0.00   35.52    0.00    0.00    5.46    0.00    0.00    0.00   51.37
22:48:34       0   15.91    0.00   46.59    0.00    0.00    9.09    0.00    0.00    0.00   28.41
22:48:34       1    2.15    0.00   21.51    0.00    0.00    3.23    0.00    0.00    0.00   73.12
22:48:34       2    7.22    0.00   36.08    0.00    0.00    3.09    0.00    0.00    0.00   53.61
22:48:34       3    5.68    0.00   38.64    0.00    0.00    6.82    0.00    0.00    0.00   48.86

22:48:34     CPU    %usr   %nice    %sys %iowait    %irq   %soft  %steal  %guest  %gnice   %idle
22:48:35     all   11.36    0.00   37.88    0.00    0.00    8.08    0.00    0.00    0.00   42.68
22:48:35       0   17.82    0.00   45.54    0.00    0.00   12.87    0.00    0.00    0.00   23.76
22:48:35       1    6.86    0.00   27.45    0.00    0.00    3.92    0.00    0.00    0.00   61.76
22:48:35       2   10.31    0.00   40.21    0.00    0.00    6.19    0.00    0.00    0.00   43.30
22:48:35       3   10.42    0.00   38.54    0.00    0.00    9.38    0.00    0.00    0.00   41.67

22:48:35     CPU    %usr   %nice    %sys %iowait    %irq   %soft  %steal  %guest  %gnice   %idle
22:48:36     all   12.06    0.00   31.90    0.00    0.00    6.17    0.00    0.00    0.00   49.87
22:48:36       0   25.84    0.00   38.20    0.00    0.00   12.36    0.00    0.00    0.00   23.60
22:48:36       1    3.12    0.00   26.04    0.00    0.00    2.08    0.00    0.00    0.00   68.75
22:48:36       2    9.57    0.00   32.98    0.00    0.00    3.19    0.00    0.00    0.00   54.26
22:48:36       3   10.64    0.00   30.85    0.00    0.00    7.45    0.00    0.00    0.00   51.06

22:48:36     CPU    %usr   %nice    %sys %iowait    %irq   %soft  %steal  %guest  %gnice   %idle
22:48:37     all   11.11    0.00   32.07    0.00    0.00    7.32    0.00    0.00    0.00   49.49
22:48:37       0   21.21    0.00   32.32    0.00    0.00   13.13    0.00    0.00    0.00   33.33
22:48:37       1    2.91    0.00   27.18    0.00    0.00    2.91    0.00    0.00    0.00   66.99
22:48:37       2   10.42    0.00   32.29    0.00    0.00    5.21    0.00    0.00    0.00   52.08
22:48:37       3   10.20    0.00   36.73    0.00    0.00    8.16    0.00    0.00    0.00   44.90

22:48:37     CPU    %usr   %nice    %sys %iowait    %irq   %soft  %steal  %guest  %gnice   %idle
22:48:38     all   11.23    0.00   34.46    0.00    0.00    8.36    0.00    0.00    0.00   45.95
22:48:38       0   20.20    0.00   36.36    0.00    0.00   15.15    0.00    0.00    0.00   28.28
22:48:38       1    4.08    0.00   23.47    0.00    0.00    4.08    0.00    0.00    0.00   68.37
22:48:38       2   11.70    0.00   39.36    0.00    0.00    7.45    0.00    0.00    0.00   41.49
22:48:38       3    8.70    0.00   39.13    0.00    0.00    6.52    0.00    0.00    0.00   45.65

22:48:38     CPU    %usr   %nice    %sys %iowait    %irq   %soft  %steal  %guest  %gnice   %idle
22:48:39     all    9.84    0.00   29.78    0.00    0.00    6.28    0.00    0.00    0.00   54.10
22:48:39       0   21.52    0.00   37.97    0.00    0.00   12.66    0.00    0.00    0.00   27.85
22:48:39       1    3.16    0.00   17.89    0.00    0.00    3.16    0.00    0.00    0.00   75.79
22:48:39       2    8.33    0.00   32.29    0.00    0.00    4.17    0.00    0.00    0.00   55.21
22:48:39       3    8.33    0.00   32.29    0.00    0.00    6.25    0.00    0.00    0.00   53.12

22:48:39     CPU    %usr   %nice    %sys %iowait    %irq   %soft  %steal  %guest  %gnice   %idle
22:48:40     all   13.64    0.00   32.58    0.00    0.00    7.83    0.00    0.00    0.00   45.96
22:48:40       0   26.00    0.00   32.00    0.00    0.00   12.00    0.00    0.00    0.00   30.00
22:48:40       1    6.06    0.00   21.21    0.00    0.00    5.05    0.00    0.00    0.00   67.68
22:48:40       2   11.11    0.00   38.38    0.00    0.00    7.07    0.00    0.00    0.00   43.43
22:48:40       3   11.22    0.00   38.78    0.00    0.00    7.14    0.00    0.00    0.00   42.86

22:48:40     CPU    %usr   %nice    %sys %iowait    %irq   %soft  %steal  %guest  %gnice   %idle
22:48:41     all   11.48    0.00   36.22    0.00    0.00    8.93    0.00    0.00    0.00   43.37
22:48:41       0   20.62    0.00   41.24    0.00    0.00   14.43    0.00    0.00    0.00   23.71
22:48:41       1    7.07    0.00   27.27    0.00    0.00    3.03    0.00    0.00    0.00   62.63
22:48:41       2    8.16    0.00   38.78    0.00    0.00    9.18    0.00    0.00    0.00   43.88
22:48:41       3   10.20    0.00   37.76    0.00    0.00    9.18    0.00    0.00    0.00   42.86

22:48:41     CPU    %usr   %nice    %sys %iowait    %irq   %soft  %steal  %guest  %gnice   %idle
22:48:42     all   12.85    0.00   35.26    0.00    0.00    6.55    0.00    0.00    0.00   45.34
22:48:42       0   25.74    0.00   34.65    0.00    0.00   11.88    0.00    0.00    0.00   27.72
22:48:42       1    3.88    0.00   28.16    0.00    0.00    3.88    0.00    0.00    0.00   64.08
22:48:42       2   10.53    0.00   37.89    0.00    0.00    4.21    0.00    0.00    0.00   47.37
22:48:42       3   11.22    0.00   40.82    0.00    0.00    6.12    0.00    0.00    0.00   41.84

22:48:42     CPU    %usr   %nice    %sys %iowait    %irq   %soft  %steal  %guest  %gnice   %idle
22:48:43     all   11.89    0.00   33.07    0.26    0.00    9.82    0.00    0.00    0.00   44.96
22:48:43       0   20.43    0.00   31.18    0.00    0.00   17.20    0.00    0.00    0.00   31.18
22:48:43       1    4.26    0.00   21.28    1.06    0.00    3.19    0.00    0.00    0.00   70.21
22:48:43       2   12.00    0.00   39.00    0.00    0.00    7.00    0.00    0.00    0.00   42.00
22:48:43       3   11.00    0.00   40.00    0.00    0.00   12.00    0.00    0.00    0.00   37.00

22:48:43     CPU    %usr   %nice    %sys %iowait    %irq   %soft  %steal  %guest  %gnice   %idle
22:48:44     all    5.36    0.00   21.94    0.00    0.00    6.89    0.00    0.00    0.00   65.82
22:48:44       0   12.00    0.00   24.00    0.00    0.00   10.00    0.00    0.00    0.00   54.00
22:48:44       1    0.00    0.00   12.63    0.00    0.00    3.16    0.00    0.00    0.00   84.21
22:48:44       2    4.00    0.00   26.00    0.00    0.00    6.00    0.00    0.00    0.00   64.00
22:48:44       3    5.15    0.00   24.74    0.00    0.00    8.25    0.00    0.00    0.00   61.86

22:48:44     CPU    %usr   %nice    %sys %iowait    %irq   %soft  %steal  %guest  %gnice   %idle
22:48:45     all   10.49    0.00   33.25    0.00    0.00    5.37    0.00    0.00    0.00   50.90
22:48:45       0   25.26    0.00   34.74    0.00    0.00    6.32    0.00    0.00    0.00   33.68
22:48:45       1    3.09    0.00   22.68    0.00    0.00    2.06    0.00    0.00    0.00   72.16
22:48:45       2    9.00    0.00   37.00    0.00    0.00    8.00    0.00    0.00    0.00   46.00
22:48:45       3    5.05    0.00   38.38    0.00    0.00    5.05    0.00    0.00    0.00   51.52

22:48:45     CPU    %usr   %nice    %sys %iowait    %irq   %soft  %steal  %guest  %gnice   %idle
22:48:46     all   11.99    0.00   31.88    0.00    0.00    8.45    0.00    0.00    0.00   47.68
22:48:46       0   23.26    0.00   36.05    0.00    0.00   11.63    0.00    0.00    0.00   29.07
22:48:46       1    4.04    0.00   24.24    0.00    0.00    4.04    0.00    0.00    0.00   67.68
22:48:46       2   10.99    0.00   35.16    0.00    0.00    9.89    0.00    0.00    0.00   43.96
22:48:46       3   10.99    0.00   32.97    0.00    0.00    8.79    0.00    0.00    0.00   47.25

22:48:46     CPU    %usr   %nice    %sys %iowait    %irq   %soft  %steal  %guest  %gnice   %idle
22:48:47     all   11.05    0.00   32.39    0.00    0.00    5.66    0.00    0.00    0.00   50.90
22:48:47       0   19.79    0.00   35.42    0.00    0.00   10.42    0.00    0.00    0.00   34.38
22:48:47       1    6.19    0.00   23.71    0.00    0.00    0.00    0.00    0.00    0.00   70.10
22:48:47       2   11.22    0.00   31.63    0.00    0.00    5.10    0.00    0.00    0.00   52.04
22:48:47       3    7.14    0.00   38.78    0.00    0.00    7.14    0.00    0.00    0.00   46.94

22:48:47     CPU    %usr   %nice    %sys %iowait    %irq   %soft  %steal  %guest  %gnice   %idle
22:48:48     all   11.96    0.00   35.11    0.00    0.00    7.63    0.00    0.00    0.00   45.29
22:48:48       0   17.89    0.00   42.11    0.00    0.00   11.58    0.00    0.00    0.00   28.42
22:48:48       1    5.94    0.00   24.75    0.00    0.00    3.96    0.00    0.00    0.00   65.35
22:48:48       2   13.13    0.00   36.36    0.00    0.00    7.07    0.00    0.00    0.00   43.43
22:48:48       3   11.22    0.00   37.76    0.00    0.00    8.16    0.00    0.00    0.00   42.86

22:48:48     CPU    %usr   %nice    %sys %iowait    %irq   %soft  %steal  %guest  %gnice   %idle
22:48:49     all   15.17    0.00   37.02    0.00    0.00    6.43    0.00    0.00    0.00   41.39
22:48:49       0   32.99    0.00   31.96    0.00    0.00    9.28    0.00    0.00    0.00   25.77
22:48:49       1    4.26    0.00   28.72    0.00    0.00    2.13    0.00    0.00    0.00   64.89
22:48:49       2   10.10    0.00   43.43    0.00    0.00    6.06    0.00    0.00    0.00   40.40
22:48:49       3   13.13    0.00   43.43    0.00    0.00    8.08    0.00    0.00    0.00   35.35

22:48:49     CPU    %usr   %nice    %sys %iowait    %irq   %soft  %steal  %guest  %gnice   %idle
22:48:50     all   10.26    0.00   30.51    0.00    0.00    6.15    0.00    0.00    0.00   53.08
22:48:50       0   20.83    0.00   34.38    0.00    0.00   10.42    0.00    0.00    0.00   34.38
22:48:50       1    4.21    0.00   17.89    0.00    0.00    4.21    0.00    0.00    0.00   73.68
22:48:50       2    8.08    0.00   29.29    0.00    0.00    6.06    0.00    0.00    0.00   56.57
22:48:50       3    8.00    0.00   40.00    0.00    0.00    4.00    0.00    0.00    0.00   48.00

22:48:50     CPU    %usr   %nice    %sys %iowait    %irq   %soft  %steal  %guest  %gnice   %idle
22:48:51     all    9.82    0.00   27.20    0.00    0.00    6.80    0.00    0.00    0.00   56.17
22:48:51       0   16.16    0.00   32.32    0.00    0.00   12.12    0.00    0.00    0.00   39.39
22:48:51       1    5.26    0.00   17.89    0.00    0.00    3.16    0.00    0.00    0.00   73.68
22:48:51       2    7.84    0.00   25.49    0.00    0.00    5.88    0.00    0.00    0.00   60.78
22:48:51       3    9.90    0.00   32.67    0.00    0.00    5.94    0.00    0.00    0.00   51.49

22:48:51     CPU    %usr   %nice    %sys %iowait    %irq   %soft  %steal  %guest  %gnice   %idle
22:48:52     all    7.75    0.00   23.51    0.00    0.00    6.46    0.00    0.00    0.00   62.27
22:48:52       0   18.56    0.00   25.77    0.00    0.00   10.31    0.00    0.00    0.00   45.36
22:48:52       1    3.09    0.00   13.40    0.00    0.00    3.09    0.00    0.00    0.00   80.41
22:48:52       2    6.25    0.00   26.04    0.00    0.00    8.33    0.00    0.00    0.00   59.38
22:48:52       3    3.09    0.00   28.87    0.00    0.00    4.12    0.00    0.00    0.00   63.92

22:48:52     CPU    %usr   %nice    %sys %iowait    %irq   %soft  %steal  %guest  %gnice   %idle
22:48:53     all   10.74    0.00   32.48    0.00    0.00    7.42    0.00    0.00    0.00   49.36
22:48:53       0   18.75    0.00   36.46    0.00    0.00   12.50    0.00    0.00    0.00   32.29
22:48:53       1    5.32    0.00   18.09    0.00    0.00    3.19    0.00    0.00    0.00   73.40
22:48:53       2    6.06    0.00   35.35    0.00    0.00    8.08    0.00    0.00    0.00   50.51
22:48:53       3   12.75    0.00   39.22    0.00    0.00    5.88    0.00    0.00    0.00   42.16

22:48:53     CPU    %usr   %nice    %sys %iowait    %irq   %soft  %steal  %guest  %gnice   %idle
22:48:54     all   10.58    0.00   34.92    0.00    0.00    7.94    0.00    0.00    0.00   46.56
22:48:54       0   25.53    0.00   35.11    0.00    0.00   12.77    0.00    0.00    0.00   26.60
22:48:54       1    3.06    0.00   23.47    0.00    0.00    3.06    0.00    0.00    0.00   70.41
22:48:54       2    8.60    0.00   39.78    0.00    0.00    6.45    0.00    0.00    0.00   45.16
22:48:54       3    5.38    0.00   41.94    0.00    0.00    9.68    0.00    0.00    0.00   43.01

22:48:54     CPU    %usr   %nice    %sys %iowait    %irq   %soft  %steal  %guest  %gnice   %idle
22:48:55     all   10.34    0.00   31.30    0.27    0.00    8.49    0.00    0.00    0.00   49.60
22:48:55       0   18.89    0.00   34.44    0.00    0.00   10.00    0.00    0.00    0.00   36.67
22:48:55       1    2.20    0.00   20.88    1.10    0.00    4.40    0.00    0.00    0.00   71.43
22:48:55       2   12.37    0.00   35.05    0.00    0.00    8.25    0.00    0.00    0.00   44.33
22:48:55       3    8.08    0.00   34.34    0.00    0.00   11.11    0.00    0.00    0.00   46.46

22:48:55     CPU    %usr   %nice    %sys %iowait    %irq   %soft  %steal  %guest  %gnice   %idle
22:48:56     all    8.46    0.00   29.74    0.00    0.00    6.15    0.00    0.00    0.00   55.64
22:48:56       0   20.21    0.00   31.91    0.00    0.00   10.64    0.00    0.00    0.00   37.23
22:48:56       1    2.15    0.00   18.28    0.00    0.00    2.15    0.00    0.00    0.00   77.42
22:48:56       2    4.95    0.00   31.68    0.00    0.00    4.95    0.00    0.00    0.00   58.42
22:48:56       3    6.86    0.00   36.27    0.00    0.00    6.86    0.00    0.00    0.00   50.00

22:48:56     CPU    %usr   %nice    %sys %iowait    %irq   %soft  %steal  %guest  %gnice   %idle
22:48:57     all    9.81    0.00   29.44    0.00    0.00    5.84    0.00    0.00    0.00   54.91
22:48:57       0   18.95    0.00   35.79    0.00    0.00   11.58    0.00    0.00    0.00   33.68
22:48:57       1    5.32    0.00   19.15    0.00    0.00    2.13    0.00    0.00    0.00   73.40
22:48:57       2    5.32    0.00   35.11    0.00    0.00    2.13    0.00    0.00    0.00   57.45
22:48:57       3    9.57    0.00   27.66    0.00    0.00    7.45    0.00    0.00    0.00   55.32

22:48:57     CPU    %usr   %nice    %sys %iowait    %irq   %soft  %steal  %guest  %gnice   %idle
22:48:58     all   11.97    0.00   34.31    0.00    0.00    7.18    0.00    0.00    0.00   46.54
22:48:58       0   26.09    0.00   34.78    0.00    0.00   13.04    0.00    0.00    0.00   26.09
22:48:58       1    4.21    0.00   23.16    0.00    0.00    5.26    0.00    0.00    0.00   67.37
22:48:58       2   10.75    0.00   38.71    0.00    0.00    5.38    0.00    0.00    0.00   45.16
22:48:58       3    7.29    0.00   40.62    0.00    0.00    5.21    0.00    0.00    0.00   46.88

22:48:58     CPU    %usr   %nice    %sys %iowait    %irq   %soft  %steal  %guest  %gnice   %idle
22:48:59     all   10.86    0.00   31.82    0.00    0.00    6.57    0.00    0.00    0.00   50.76
22:48:59       0   19.80    0.00   36.63    0.00    0.00    9.90    0.00    0.00    0.00   33.66
22:48:59       1    3.06    0.00   22.45    0.00    0.00    2.04    0.00    0.00    0.00   72.45
22:48:59       2    7.07    0.00   35.35    0.00    0.00    7.07    0.00    0.00    0.00   50.51
22:48:59       3   13.27    0.00   32.65    0.00    0.00    7.14    0.00    0.00    0.00   46.94

22:48:59     CPU    %usr   %nice    %sys %iowait    %irq   %soft  %steal  %guest  %gnice   %idle
22:49:00     all    9.39    0.00   25.41    0.83    0.00    6.35    0.00    0.00    0.00   58.01
22:49:00       0   21.25    0.00   35.00    1.25    0.00   13.75    0.00    0.00    0.00   28.75
22:49:00       1    3.33    0.00   13.33    2.22    0.00    1.11    0.00    0.00    0.00   80.00
22:49:00       2    8.16    0.00   26.53    0.00    0.00    6.12    0.00    0.00    0.00   59.18
22:49:00       3    6.38    0.00   27.66    0.00    0.00    5.32    0.00    0.00    0.00   60.64

22:49:00     CPU    %usr   %nice    %sys %iowait    %irq   %soft  %steal  %guest  %gnice   %idle
22:49:01     all   11.41    0.00   31.83    0.00    0.00    7.43    0.00    0.00    0.00   49.34
22:49:01       0   22.89    0.00   38.55    0.00    0.00   12.05    0.00    0.00    0.00   26.51
22:49:01       1    2.00    0.00   26.00    0.00    0.00    5.00    0.00    0.00    0.00   67.00
22:49:01       2   11.22    0.00   31.63    0.00    0.00    7.14    0.00    0.00    0.00   50.00
22:49:01       3   11.46    0.00   32.29    0.00    0.00    6.25    0.00    0.00    0.00   50.00

22:49:01     CPU    %usr   %nice    %sys %iowait    %irq   %soft  %steal  %guest  %gnice   %idle
22:49:02     all   11.63    0.00   35.66    0.00    0.00    6.98    0.00    0.00    0.00   45.74
22:49:02       0   24.00    0.00   37.00    0.00    0.00   11.00    0.00    0.00    0.00   28.00
22:49:02       1    2.08    0.00   26.04    0.00    0.00    1.04    0.00    0.00    0.00   70.83
22:49:02       2    9.47    0.00   37.89    0.00    0.00    9.47    0.00    0.00    0.00   43.16
22:49:02       3   10.42    0.00   41.67    0.00    0.00    6.25    0.00    0.00    0.00   41.67

22:49:02     CPU    %usr   %nice    %sys %iowait    %irq   %soft  %steal  %guest  %gnice   %idle
22:49:03     all   12.47    0.00   35.06    0.00    0.00    7.79    0.00    0.00    0.00   44.68
22:49:03       0   19.57    0.00   40.22    0.00    0.00   10.87    0.00    0.00    0.00   29.35
22:49:03       1    8.25    0.00   25.77    0.00    0.00    2.06    0.00    0.00    0.00   63.92
22:49:03       2   12.12    0.00   36.36    0.00    0.00   10.10    0.00    0.00    0.00   41.41
22:49:03       3   10.31    0.00   38.14    0.00    0.00    8.25    0.00    0.00    0.00   43.30

22:49:03     CPU    %usr   %nice    %sys %iowait    %irq   %soft  %steal  %guest  %gnice   %idle
22:49:04     all   10.89    0.00   27.59    0.00    0.00    6.08    0.00    0.00    0.00   55.44
22:49:04       0   22.92    0.00   27.08    0.00    0.00    8.33    0.00    0.00    0.00   41.67
22:49:04       1    1.96    0.00   20.59    0.00    0.00    3.92    0.00    0.00    0.00   73.53
22:49:04       2    8.16    0.00   34.69    0.00    0.00    8.16    0.00    0.00    0.00   48.98
22:49:04       3   11.11    0.00   28.28    0.00    0.00    4.04    0.00    0.00    0.00   56.57

22:49:04     CPU    %usr   %nice    %sys %iowait    %irq   %soft  %steal  %guest  %gnice   %idle
22:49:05     all   12.14    0.00   35.66    0.00    0.00    7.75    0.00    0.00    0.00   44.44
22:49:05       0   21.65    0.00   40.21    0.00    0.00    9.28    0.00    0.00    0.00   28.87
22:49:05       1    5.15    0.00   26.80    0.00    0.00    3.09    0.00    0.00    0.00   64.95
22:49:05       2   10.53    0.00   34.74    0.00    0.00    9.47    0.00    0.00    0.00   45.26
22:49:05       3   11.22    0.00   40.82    0.00    0.00    9.18    0.00    0.00    0.00   38.78

22:49:05     CPU    %usr   %nice    %sys %iowait    %irq   %soft  %steal  %guest  %gnice   %idle
22:49:06     all   11.36    0.00   31.57    0.00    0.00    6.82    0.00    0.00    0.00   50.25
22:49:06       0   21.78    0.00   31.68    0.00    0.00   12.87    0.00    0.00    0.00   33.66
22:49:06       1    6.06    0.00   30.30    0.00    0.00    2.02    0.00    0.00    0.00   61.62
22:49:06       2    6.32    0.00   31.58    0.00    0.00    6.32    0.00    0.00    0.00   55.79
22:49:06       3   10.89    0.00   32.67    0.00    0.00    5.94    0.00    0.00    0.00   50.50

Average:     CPU    %usr   %nice    %sys %iowait    %irq   %soft  %steal  %guest  %gnice   %idle
Average:     all    9.98    0.00   29.44    0.04    0.00    6.24    0.00    0.00    0.00   54.29
Average:       0   20.01    0.00   32.81    0.03    0.00   10.41    0.00    0.00    0.00   36.73
Average:       1    3.81    0.00   20.50    0.11    0.00    2.89    0.00    0.00    0.00   72.69
Average:       2    8.09    0.00   31.71    0.00    0.00    5.70    0.00    0.00    0.00   54.50
Average:       3    8.19    0.00   32.79    0.02    0.00    6.04    0.00    0.00    0.00   52.97
