Linux 5.15.0-171-generic (cloudnet-s05) 	05/19/2026 	_x86_64_	(8 CPU)

12:25:52 PM  CPU    %usr   %nice    %sys %iowait    %irq   %soft  %steal  %guest  %gnice   %idle
12:25:53 PM  all    0.50    0.00    1.01    0.25    0.00    0.00    0.00    0.00    0.00   98.24
12:25:53 PM    0    0.00    0.00    0.00    0.00    0.00    0.00    0.00    0.00    0.00  100.00
12:25:53 PM    1    3.06    0.00    3.06    0.00    0.00    0.00    0.00    0.00    0.00   93.88
12:25:53 PM    2    0.99    0.00    1.98    0.00    0.00    0.00    0.00    0.00    0.00   97.03
12:25:53 PM    3    0.00    0.00    0.00    2.02    0.00    0.00    0.00    0.00    0.00   97.98
12:25:53 PM    4    0.00    0.00    0.00    0.00    0.00    0.00    0.00    0.00    0.00  100.00
12:25:53 PM    5    0.00    0.00    1.01    0.00    0.00    0.00    0.00    0.00    0.00   98.99
12:25:53 PM    6    0.00    0.00    1.01    0.00    0.00    0.00    0.00    0.00    0.00   98.99
12:25:53 PM    7    0.00    0.00    1.00    0.00    0.00    0.00    0.00    0.00    0.00   99.00

12:25:53 PM  CPU    %usr   %nice    %sys %iowait    %irq   %soft  %steal  %guest  %gnice   %idle
12:25:54 PM  all    0.37    0.00    0.50    0.12    0.00    0.00    0.00    0.00    0.00   99.00
12:25:54 PM    0    1.00    0.00    0.00    0.00    0.00    0.00    0.00    0.00    0.00   99.00
12:25:54 PM    1    0.98    0.00    0.98    0.00    0.00    0.00    0.00    0.00    0.00   98.04
12:25:54 PM    2    0.99    0.00    0.99    0.00    0.00    0.00    0.00    0.00    0.00   98.02
12:25:54 PM    3    0.00    0.00    1.00    0.00    0.00    0.00    0.00    0.00    0.00   99.00
12:25:54 PM    4    0.00    0.00    0.99    0.99    0.00    0.00    0.00    0.00    0.00   98.02
12:25:54 PM    5    0.00    0.00    0.00    0.00    0.00    0.00    0.00    0.00    0.00  100.00
12:25:54 PM    6    0.00    0.00    0.00    0.00    0.00    0.00    0.00    0.00    0.00  100.00
12:25:54 PM    7    0.00    0.00    0.00    0.00    0.00    0.00    0.00    0.00    0.00  100.00

12:25:54 PM  CPU    %usr   %nice    %sys %iowait    %irq   %soft  %steal  %guest  %gnice   %idle
12:25:55 PM  all    0.13    0.00    0.13    0.00    0.00    0.00    0.00    0.00    0.00   99.75
12:25:55 PM    0    0.00    0.00    0.00    0.00    0.00    0.00    0.00    0.00    0.00  100.00
12:25:55 PM    1    0.00    0.00    0.00    0.00    0.00    0.00    0.00    0.00    0.00  100.00
12:25:55 PM    2    0.00    0.00    0.00    0.00    0.00    0.00    0.00    0.00    0.00  100.00
12:25:55 PM    3    0.00    0.00    0.00    0.00    0.00    0.00    0.00    0.00    0.00  100.00
12:25:55 PM    4    1.01    0.00    0.00    0.00    0.00    0.00    0.00    0.00    0.00   98.99
12:25:55 PM    5    0.00    0.00    0.00    0.00    0.00    0.00    0.00    0.00    0.00  100.00
12:25:55 PM    6    0.00    0.00    0.00    0.00    0.00    0.00    0.00    0.00    0.00  100.00
12:25:55 PM    7    0.00    0.00    0.99    0.00    0.00    0.00    0.00    0.00    0.00   99.01

12:25:55 PM  CPU    %usr   %nice    %sys %iowait    %irq   %soft  %steal  %guest  %gnice   %idle
12:25:56 PM  all    0.59    0.00    0.29    0.44    0.00    0.00    0.00    0.00    0.00   98.68
12:25:56 PM    0    0.00    0.00    0.00    0.00    0.00    0.00    0.00    0.00    0.00  100.00
12:25:56 PM    1    0.00    0.00    0.00    0.00    0.00    0.00    0.00    0.00    0.00  100.00
12:25:56 PM    2    0.00    0.00    0.00    0.00    0.00    0.00    0.00    0.00    0.00  100.00
12:25:56 PM    3    0.00    0.00    0.00    0.00    0.00    0.00    0.00    0.00    0.00  100.00
12:25:56 PM    4    0.00    0.00    0.00    0.00    0.00    0.00    0.00    0.00    0.00  100.00
12:25:56 PM    5    0.00    0.00    0.00    0.00    0.00    0.00    0.00    0.00    0.00  100.00
12:25:56 PM    6    0.00    0.00    0.00    1.10    0.00    0.00    0.00    0.00    0.00   98.90
12:25:56 PM    7    4.65    0.00    2.33    2.33    0.00    0.00    0.00    0.00    0.00   90.70

12:25:56 PM  CPU    %usr   %nice    %sys %iowait    %irq   %soft  %steal  %guest  %gnice   %idle
12:25:57 PM  all    1.76    0.00    1.76    0.00    0.00    0.00    0.00    0.00    0.00   96.48
12:25:57 PM    0    1.18    0.00    2.35    0.00    0.00    0.00    0.00    0.00    0.00   96.47
12:25:57 PM    1    2.38    0.00    1.19    0.00    0.00    0.00    0.00    0.00    0.00   96.43
12:25:57 PM    2    2.33    0.00    1.16    0.00    0.00    0.00    0.00    0.00    0.00   96.51
12:25:57 PM    3    2.35    0.00    0.00    0.00    0.00    0.00    0.00    0.00    0.00   97.65
12:25:57 PM    4    2.27    0.00    3.41    0.00    0.00    0.00    0.00    0.00    0.00   94.32
12:25:57 PM    5    2.30    0.00    2.30    0.00    0.00    0.00    0.00    0.00    0.00   95.40
12:25:57 PM    6    1.19    0.00    1.19    0.00    0.00    0.00    0.00    0.00    0.00   97.62
12:25:57 PM    7    0.00    0.00    2.41    0.00    0.00    0.00    0.00    0.00    0.00   97.59

12:25:57 PM  CPU    %usr   %nice    %sys %iowait    %irq   %soft  %steal  %guest  %gnice   %idle
12:25:58 PM  all    0.58    0.00    1.31    0.29    0.00    0.29    0.00    0.00    0.00   97.52
12:25:58 PM    0    0.00    0.00    1.20    0.00    0.00    0.00    0.00    0.00    0.00   98.80
12:25:58 PM    1    0.00    0.00    0.00    2.30    0.00    0.00    0.00    0.00    0.00   97.70
12:25:58 PM    2    0.00    0.00    1.19    0.00    0.00    0.00    0.00    0.00    0.00   98.81
12:25:58 PM    3    0.00    0.00    1.14    0.00    0.00    1.14    0.00    0.00    0.00   97.73
12:25:58 PM    4    1.16    0.00    2.33    0.00    0.00    0.00    0.00    0.00    0.00   96.51
12:25:58 PM    5    1.16    0.00    1.16    0.00    0.00    0.00    0.00    0.00    0.00   97.67
12:25:58 PM    6    1.15    0.00    2.30    0.00    0.00    1.15    0.00    0.00    0.00   95.40
12:25:58 PM    7    1.18    0.00    1.18    0.00    0.00    0.00    0.00    0.00    0.00   97.65

12:25:58 PM  CPU    %usr   %nice    %sys %iowait    %irq   %soft  %steal  %guest  %gnice   %idle
12:25:59 PM  all    1.59    0.00    1.74    0.00    0.00    0.43    0.00    0.00    0.00   96.23
12:25:59 PM    0    1.14    0.00    3.41    0.00    0.00    1.14    0.00    0.00    0.00   94.32
12:25:59 PM    1    2.33    0.00    2.33    0.00    0.00    0.00    0.00    0.00    0.00   95.35
12:25:59 PM    2    1.16    0.00    1.16    0.00    0.00    0.00    0.00    0.00    0.00   97.67
12:25:59 PM    3    1.18    0.00    0.00    0.00    0.00    0.00    0.00    0.00    0.00   98.82
12:25:59 PM    4    2.35    0.00    0.00    0.00    0.00    0.00    0.00    0.00    0.00   97.65
12:25:59 PM    5    2.27    0.00    2.27    0.00    0.00    1.14    0.00    0.00    0.00   94.32
12:25:59 PM    6    1.16    0.00    2.33    0.00    0.00    0.00    0.00    0.00    0.00   96.51
12:25:59 PM    7    1.16    0.00    2.33    0.00    0.00    1.16    0.00    0.00    0.00   95.35

12:25:59 PM  CPU    %usr   %nice    %sys %iowait    %irq   %soft  %steal  %guest  %gnice   %idle
12:26:00 PM  all    2.56    0.00    3.70    0.00    0.00    1.14    0.00    0.00    0.00   92.60
12:26:00 PM    0    1.19    0.00    2.38    0.00    0.00    1.19    0.00    0.00    0.00   95.24
12:26:00 PM    1    2.33    0.00    3.49    0.00    0.00    1.16    0.00    0.00    0.00   93.02
12:26:00 PM    2    3.45    0.00    3.45    0.00    0.00    2.30    0.00    0.00    0.00   90.80
12:26:00 PM    3    2.30    0.00    4.60    0.00    0.00    1.15    0.00    0.00    0.00   91.95
12:26:00 PM    4    1.09    0.00    4.35    0.00    0.00    3.26    0.00    0.00    0.00   91.30
12:26:00 PM    5    5.43    0.00    4.35    0.00    0.00    0.00    0.00    0.00    0.00   90.22
12:26:00 PM    6    2.35    0.00    2.35    0.00    0.00    0.00    0.00    0.00    0.00   95.29
12:26:00 PM    7    2.22    0.00    4.44    0.00    0.00    0.00    0.00    0.00    0.00   93.33

12:26:00 PM  CPU    %usr   %nice    %sys %iowait    %irq   %soft  %steal  %guest  %gnice   %idle
12:26:01 PM  all    7.36    0.00   10.97    0.00    0.00    1.81    0.00    0.00    0.00   79.86
12:26:01 PM    0    8.51    0.00   12.77    0.00    0.00    2.13    0.00    0.00    0.00   76.60
12:26:01 PM    1    5.95    0.00    5.95    0.00    0.00    0.00    0.00    0.00    0.00   88.10
12:26:01 PM    2    8.25    0.00   12.37    0.00    0.00    2.06    0.00    0.00    0.00   77.32
12:26:01 PM    3    6.59    0.00   10.99    0.00    0.00    3.30    0.00    0.00    0.00   79.12
12:26:01 PM    4    6.90    0.00   11.49    0.00    0.00    1.15    0.00    0.00    0.00   80.46
12:26:01 PM    5    6.67    0.00   12.22    0.00    0.00    2.22    0.00    0.00    0.00   78.89
12:26:01 PM    6    7.78    0.00   10.00    0.00    0.00    2.22    0.00    0.00    0.00   80.00
12:26:01 PM    7    8.05    0.00   11.49    0.00    0.00    1.15    0.00    0.00    0.00   79.31

12:26:01 PM  CPU    %usr   %nice    %sys %iowait    %irq   %soft  %steal  %guest  %gnice   %idle
12:26:02 PM  all    7.65    0.00   11.28    0.00    0.00    3.09    0.00    0.00    0.00   77.99
12:26:02 PM    0    5.43    0.00    8.70    0.00    0.00    1.09    0.00    0.00    0.00   84.78
12:26:02 PM    1    9.18    0.00   14.29    0.00    0.00    3.06    0.00    0.00    0.00   73.47
12:26:02 PM    2    6.52    0.00   11.96    0.00    0.00    2.17    0.00    0.00    0.00   79.35
12:26:02 PM    3    6.38    0.00   11.70    0.00    0.00    4.26    0.00    0.00    0.00   77.66
12:26:02 PM    4    8.99    0.00   10.11    0.00    0.00    1.12    0.00    0.00    0.00   79.78
12:26:02 PM    5    7.45    0.00   12.77    0.00    0.00    4.26    0.00    0.00    0.00   75.53
12:26:02 PM    6    8.79    0.00    7.69    0.00    0.00    5.49    0.00    0.00    0.00   78.02
12:26:02 PM    7    8.42    0.00   12.63    0.00    0.00    3.16    0.00    0.00    0.00   75.79

12:26:02 PM  CPU    %usr   %nice    %sys %iowait    %irq   %soft  %steal  %guest  %gnice   %idle
12:26:03 PM  all    3.88    0.00    7.62    0.13    0.00    2.01    0.00    0.00    0.00   86.36
12:26:03 PM    0    5.38    0.00    6.45    0.00    0.00    2.15    0.00    0.00    0.00   86.02
12:26:03 PM    1    2.22    0.00    5.56    1.11    0.00    1.11    0.00    0.00    0.00   90.00
12:26:03 PM    2    4.21    0.00    8.42    0.00    0.00    4.21    0.00    0.00    0.00   83.16
12:26:03 PM    3    3.23    0.00    8.60    0.00    0.00    1.08    0.00    0.00    0.00   87.10
12:26:03 PM    4    2.20    0.00    4.40    0.00    0.00    2.20    0.00    0.00    0.00   91.21
12:26:03 PM    5    3.23    0.00    8.60    0.00    0.00    2.15    0.00    0.00    0.00   86.02
12:26:03 PM    6    5.10    0.00   10.20    0.00    0.00    2.04    0.00    0.00    0.00   82.65
12:26:03 PM    7    5.26    0.00    8.42    0.00    0.00    1.05    0.00    0.00    0.00   85.26

12:26:03 PM  CPU    %usr   %nice    %sys %iowait    %irq   %soft  %steal  %guest  %gnice   %idle
12:26:04 PM  all    7.76    0.00   12.11    0.00    0.00    2.86    0.00    0.00    0.00   77.28
12:26:04 PM    0    7.78    0.00   11.11    0.00    0.00    2.22    0.00    0.00    0.00   78.89
12:26:04 PM    1   11.46    0.00   12.50    0.00    0.00    3.12    0.00    0.00    0.00   72.92
12:26:04 PM    2    8.25    0.00   14.43    0.00    0.00    4.12    0.00    0.00    0.00   73.20
12:26:04 PM    3    5.43    0.00   15.22    0.00    0.00    2.17    0.00    0.00    0.00   77.17
12:26:04 PM    4    5.62    0.00   10.11    0.00    0.00    2.25    0.00    0.00    0.00   82.02
12:26:04 PM    5    7.87    0.00    8.99    0.00    0.00    2.25    0.00    0.00    0.00   80.90
12:26:04 PM    6    6.74    0.00   12.36    0.00    0.00    2.25    0.00    0.00    0.00   78.65
12:26:04 PM    7    8.60    0.00   11.83    0.00    0.00    4.30    0.00    0.00    0.00   75.27

12:26:04 PM  CPU    %usr   %nice    %sys %iowait    %irq   %soft  %steal  %guest  %gnice   %idle
12:26:05 PM  all    5.07    0.00   12.09    0.00    0.00    3.25    0.00    0.00    0.00   79.58
12:26:05 PM    0    5.26    0.00   13.68    0.00    0.00    3.16    0.00    0.00    0.00   77.89
12:26:05 PM    1    7.14    0.00   13.27    0.00    0.00    2.04    0.00    0.00    0.00   77.55
12:26:05 PM    2    5.38    0.00   11.83    0.00    0.00    3.23    0.00    0.00    0.00   79.57
12:26:05 PM    3    7.07    0.00   14.14    0.00    0.00    5.05    0.00    0.00    0.00   73.74
12:26:05 PM    4    2.15    0.00   10.75    0.00    0.00    2.15    0.00    0.00    0.00   84.95
12:26:05 PM    5    7.29    0.00    8.33    0.00    0.00    1.04    0.00    0.00    0.00   83.33
12:26:05 PM    6    3.09    0.00   13.40    0.00    0.00    2.06    0.00    0.00    0.00   81.44
12:26:05 PM    7    3.06    0.00   11.22    0.00    0.00    7.14    0.00    0.00    0.00   78.57

12:26:05 PM  CPU    %usr   %nice    %sys %iowait    %irq   %soft  %steal  %guest  %gnice   %idle
12:26:06 PM  all    9.31    0.00   12.27    0.00    0.00    2.54    0.00    0.00    0.00   75.88
12:26:06 PM    0    6.52    0.00   14.13    0.00    0.00    2.17    0.00    0.00    0.00   77.17
12:26:06 PM    1    9.68    0.00   12.90    0.00    0.00    2.15    0.00    0.00    0.00   75.27
12:26:06 PM    2    5.49    0.00   14.29    0.00    0.00    3.30    0.00    0.00    0.00   76.92
12:26:06 PM    3    9.20    0.00    9.20    0.00    0.00    3.45    0.00    0.00    0.00   78.16
12:26:06 PM    4   10.59    0.00   11.76    0.00    0.00    1.18    0.00    0.00    0.00   76.47
12:26:06 PM    5    8.05    0.00   11.49    0.00    0.00    4.60    0.00    0.00    0.00   75.86
12:26:06 PM    6   12.79    0.00   11.63    0.00    0.00    1.16    0.00    0.00    0.00   74.42
12:26:06 PM    7   12.50    0.00   12.50    0.00    0.00    2.27    0.00    0.00    0.00   72.73

12:26:06 PM  CPU    %usr   %nice    %sys %iowait    %irq   %soft  %steal  %guest  %gnice   %idle
12:26:07 PM  all    8.87    0.00   13.04    0.00    0.00    3.63    0.00    0.00    0.00   74.46
12:26:07 PM    0   11.96    0.00    9.78    0.00    0.00    2.17    0.00    0.00    0.00   76.09
12:26:07 PM    1    9.28    0.00   13.40    0.00    0.00    5.15    0.00    0.00    0.00   72.16
12:26:07 PM    2    9.38    0.00   12.50    0.00    0.00    3.12    0.00    0.00    0.00   75.00
12:26:07 PM    3    7.53    0.00   15.05    0.00    0.00    4.30    0.00    0.00    0.00   73.12
12:26:07 PM    4   10.87    0.00   11.96    0.00    0.00    3.26    0.00    0.00    0.00   73.91
12:26:07 PM    5    7.69    0.00   15.38    0.00    0.00    3.30    0.00    0.00    0.00   73.63
12:26:07 PM    6    5.81    0.00    9.30    0.00    0.00    2.33    0.00    0.00    0.00   82.56
12:26:07 PM    7    8.25    0.00   16.49    0.00    0.00    5.15    0.00    0.00    0.00   70.10

12:26:07 PM  CPU    %usr   %nice    %sys %iowait    %irq   %soft  %steal  %guest  %gnice   %idle
12:26:08 PM  all    7.54    0.00   11.57    0.27    0.00    2.15    0.00    0.00    0.00   78.47
12:26:08 PM    0    3.30    0.00   12.09    0.00    0.00    1.10    0.00    0.00    0.00   83.52
12:26:08 PM    1    9.18    0.00   13.27    0.00    0.00    2.04    0.00    0.00    0.00   75.51
12:26:08 PM    2    6.59    0.00   10.99    1.10    0.00    1.10    0.00    0.00    0.00   80.22
12:26:08 PM    3    4.30    0.00    8.60    0.00    0.00    3.23    0.00    0.00    0.00   83.87
12:26:08 PM    4    8.79    0.00   12.09    0.00    0.00    2.20    0.00    0.00    0.00   76.92
12:26:08 PM    5    9.89    0.00   12.09    0.00    0.00    1.10    0.00    0.00    0.00   76.92
12:26:08 PM    6   10.75    0.00    9.68    0.00    0.00    2.15    0.00    0.00    0.00   77.42
12:26:08 PM    7    7.37    0.00   13.68    1.05    0.00    4.21    0.00    0.00    0.00   73.68

12:26:08 PM  CPU    %usr   %nice    %sys %iowait    %irq   %soft  %steal  %guest  %gnice   %idle
12:26:09 PM  all    4.82    0.00   11.20    0.00    0.00    3.01    0.00    0.00    0.00   80.96
12:26:09 PM    0    3.85    0.00   11.54    0.00    0.00    3.85    0.00    0.00    0.00   80.77
12:26:09 PM    1    5.00    0.00    9.00    0.00    0.00    2.00    0.00    0.00    0.00   84.00
12:26:09 PM    2    5.61    0.00   13.08    0.00    0.00    3.74    0.00    0.00    0.00   77.57
12:26:09 PM    3    3.88    0.00   12.62    0.00    0.00    1.94    0.00    0.00    0.00   81.55
12:26:09 PM    4    4.95    0.00    7.92    0.00    0.00    1.98    0.00    0.00    0.00   85.15
12:26:09 PM    5    4.76    0.00   13.33    0.00    0.00    2.86    0.00    0.00    0.00   79.05
12:26:09 PM    6    4.76    0.00   10.48    0.00    0.00    4.76    0.00    0.00    0.00   80.00
12:26:09 PM    7    5.71    0.00   11.43    0.00    0.00    2.86    0.00    0.00    0.00   80.00

12:26:09 PM  CPU    %usr   %nice    %sys %iowait    %irq   %soft  %steal  %guest  %gnice   %idle
12:26:10 PM  all    8.82    0.00   14.04    0.00    0.00    3.61    0.00    0.00    0.00   73.53
12:26:10 PM    0    6.38    0.00   12.77    0.00    0.00    3.19    0.00    0.00    0.00   77.66
12:26:10 PM    1    8.51    0.00   13.83    0.00    0.00    2.13    0.00    0.00    0.00   75.53
12:26:10 PM    2    6.32    0.00   16.84    0.00    0.00    4.21    0.00    0.00    0.00   72.63
12:26:10 PM    3    7.29    0.00   14.58    0.00    0.00    3.12    0.00    0.00    0.00   75.00
12:26:10 PM    4   10.87    0.00   13.04    0.00    0.00    4.35    0.00    0.00    0.00   71.74
12:26:10 PM    5    6.59    0.00   14.29    0.00    0.00    4.40    0.00    0.00    0.00   74.73
12:26:10 PM    6   11.83    0.00   12.90    0.00    0.00    4.30    0.00    0.00    0.00   70.97
12:26:10 PM    7   12.90    0.00   13.98    0.00    0.00    3.23    0.00    0.00    0.00   69.89

12:26:10 PM  CPU    %usr   %nice    %sys %iowait    %irq   %soft  %steal  %guest  %gnice   %idle
12:26:11 PM  all    6.44    0.00   12.16    0.00    0.00    2.74    0.00    0.00    0.00   78.67
12:26:11 PM    0    9.35    0.00   14.02    0.00    0.00    1.87    0.00    0.00    0.00   74.77
12:26:11 PM    1    6.42    0.00   15.60    0.00    0.00    2.75    0.00    0.00    0.00   75.23
12:26:11 PM    2    8.41    0.00   12.15    0.00    0.00    2.80    0.00    0.00    0.00   76.64
12:26:11 PM    3    5.05    0.00   10.10    0.00    0.00    3.03    0.00    0.00    0.00   81.82
12:26:11 PM    4    6.67    0.00   12.38    0.00    0.00    1.90    0.00    0.00    0.00   79.05
12:26:11 PM    5    5.77    0.00   10.58    0.00    0.00    3.85    0.00    0.00    0.00   79.81
12:26:11 PM    6    2.91    0.00   10.68    0.00    0.00    3.88    0.00    0.00    0.00   82.52
12:26:11 PM    7    6.67    0.00   11.43    0.00    0.00    1.90    0.00    0.00    0.00   80.00

12:26:11 PM  CPU    %usr   %nice    %sys %iowait    %irq   %soft  %steal  %guest  %gnice   %idle
12:26:12 PM  all    6.68    0.00   12.44    1.04    0.00    2.88    0.00    0.00    0.00   76.96
12:26:12 PM    0    8.93    0.00   13.39    0.00    0.00    2.68    0.00    0.00    0.00   75.00
12:26:12 PM    1    6.42    0.00   17.43    0.92    0.00    0.92    0.00    0.00    0.00   74.31
12:26:12 PM    2    6.54    0.00   14.95    0.00    0.00    0.93    0.00    0.00    0.00   77.57
12:26:12 PM    3    7.55    0.00    9.43    0.00    0.00    2.83    0.00    0.00    0.00   80.19
12:26:12 PM    4    7.34    0.00   11.01    0.00    0.00    2.75    0.00    0.00    0.00   78.90
12:26:12 PM    5    4.59    0.00   12.84    0.00    0.00    4.59    0.00    0.00    0.00   77.98
12:26:12 PM    6    7.27    0.00   10.91    6.36    0.00    4.55    0.00    0.00    0.00   70.91
12:26:12 PM    7    4.72    0.00    9.43    0.94    0.00    3.77    0.00    0.00    0.00   81.13

12:26:12 PM  CPU    %usr   %nice    %sys %iowait    %irq   %soft  %steal  %guest  %gnice   %idle
12:26:13 PM  all    7.09    0.00   13.22    0.24    0.00    2.64    0.00    0.00    0.00   76.80
12:26:13 PM    0    6.00    0.00   11.00    0.00    0.00    4.00    0.00    0.00    0.00   79.00
12:26:13 PM    1    8.57    0.00   11.43    0.95    0.00    3.81    0.00    0.00    0.00   75.24
12:26:13 PM    2    9.17    0.00   15.60    0.92    0.00    1.83    0.00    0.00    0.00   72.48
12:26:13 PM    3    7.77    0.00   13.59    0.00    0.00    1.94    0.00    0.00    0.00   76.70
12:26:13 PM    4    5.88    0.00   10.78    0.00    0.00    2.94    0.00    0.00    0.00   80.39
12:26:13 PM    5    4.85    0.00   15.53    0.00    0.00    1.94    0.00    0.00    0.00   77.67
12:26:13 PM    6    7.69    0.00   12.50    0.00    0.00    2.88    0.00    0.00    0.00   76.92
12:26:13 PM    7    6.60    0.00   15.09    0.00    0.00    1.89    0.00    0.00    0.00   76.42

12:26:13 PM  CPU    %usr   %nice    %sys %iowait    %irq   %soft  %steal  %guest  %gnice   %idle
12:26:14 PM  all    7.77    0.00   13.66    0.00    0.00    3.63    0.00    0.00    0.00   74.94
12:26:14 PM    0    6.19    0.00   12.37    0.00    0.00    4.12    0.00    0.00    0.00   77.32
12:26:14 PM    1    7.77    0.00   15.53    0.00    0.00    3.88    0.00    0.00    0.00   72.82
12:26:14 PM    2    4.17    0.00   13.54    0.00    0.00    4.17    0.00    0.00    0.00   78.12
12:26:14 PM    3    9.28    0.00   11.34    0.00    0.00    3.09    0.00    0.00    0.00   76.29
12:26:14 PM    4    4.17    0.00   12.50    0.00    0.00    4.17    0.00    0.00    0.00   79.17
12:26:14 PM    5    8.91    0.00   15.84    0.00    0.00    3.96    0.00    0.00    0.00   71.29
12:26:14 PM    6    9.00    0.00   14.00    0.00    0.00    1.00    0.00    0.00    0.00   76.00
12:26:14 PM    7   12.04    0.00   13.89    0.00    0.00    4.63    0.00    0.00    0.00   69.44

12:26:14 PM  CPU    %usr   %nice    %sys %iowait    %irq   %soft  %steal  %guest  %gnice   %idle
12:26:15 PM  all    8.52    0.00   14.66    0.00    0.00    2.51    0.00    0.00    0.00   74.31
12:26:15 PM    0    9.00    0.00   16.00    0.00    0.00    2.00    0.00    0.00    0.00   73.00
12:26:15 PM    1    5.15    0.00   15.46    0.00    0.00    2.06    0.00    0.00    0.00   77.32
12:26:15 PM    2    6.06    0.00   15.15    0.00    0.00    3.03    0.00    0.00    0.00   75.76
12:26:15 PM    3    8.08    0.00   13.13    0.00    0.00    3.03    0.00    0.00    0.00   75.76
12:26:15 PM    4    9.80    0.00   15.69    0.00    0.00    1.96    0.00    0.00    0.00   72.55
12:26:15 PM    5   10.68    0.00   14.56    0.00    0.00    2.91    0.00    0.00    0.00   71.84
12:26:15 PM    6    9.90    0.00   14.85    0.00    0.00    1.98    0.00    0.00    0.00   73.27
12:26:15 PM    7    9.28    0.00   12.37    0.00    0.00    3.09    0.00    0.00    0.00   75.26

12:26:15 PM  CPU    %usr   %nice    %sys %iowait    %irq   %soft  %steal  %guest  %gnice   %idle
12:26:16 PM  all    8.00    0.00   14.73    0.00    0.00    2.55    0.00    0.00    0.00   74.71
12:26:16 PM    0    7.92    0.00    9.90    0.00    0.00    2.97    0.00    0.00    0.00   79.21
12:26:16 PM    1   10.53    0.00   17.54    0.00    0.00    2.63    0.00    0.00    0.00   69.30
12:26:16 PM    2    7.69    0.00   13.46    0.00    0.00    1.92    0.00    0.00    0.00   76.92
12:26:16 PM    3   10.09    0.00   16.51    0.00    0.00    0.92    0.00    0.00    0.00   72.48
12:26:16 PM    4    7.55    0.00   11.32    0.00    0.00    3.77    0.00    0.00    0.00   77.36
12:26:16 PM    5    6.48    0.00   15.74    0.00    0.00    1.85    0.00    0.00    0.00   75.93
12:26:16 PM    6    6.54    0.00   14.95    0.00    0.00    3.74    0.00    0.00    0.00   74.77
12:26:16 PM    7    7.08    0.00   17.70    0.00    0.00    2.65    0.00    0.00    0.00   72.57

12:26:16 PM  CPU    %usr   %nice    %sys %iowait    %irq   %soft  %steal  %guest  %gnice   %idle
12:26:17 PM  all    6.78    0.00   15.44    0.00    0.00    3.00    0.00    0.00    0.00   74.78
12:26:17 PM    0    7.08    0.00   16.81    0.00    0.00    4.42    0.00    0.00    0.00   71.68
12:26:17 PM    1    3.70    0.00   19.44    0.00    0.00    0.93    0.00    0.00    0.00   75.93
12:26:17 PM    2    9.35    0.00   13.08    0.00    0.00    1.87    0.00    0.00    0.00   75.70
12:26:17 PM    3    7.02    0.00   18.42    0.00    0.00    3.51    0.00    0.00    0.00   71.05
12:26:17 PM    4    4.67    0.00   10.28    0.00    0.00    2.80    0.00    0.00    0.00   82.24
12:26:17 PM    5    6.90    0.00   14.66    0.00    0.00    2.59    0.00    0.00    0.00   75.86
12:26:17 PM    6    6.61    0.00   16.53    0.00    0.00    4.96    0.00    0.00    0.00   71.90
12:26:17 PM    7    8.77    0.00   14.04    0.00    0.00    2.63    0.00    0.00    0.00   74.56

12:26:17 PM  CPU    %usr   %nice    %sys %iowait    %irq   %soft  %steal  %guest  %gnice   %idle
12:26:18 PM  all    7.86    0.00   15.61    0.33    0.00    2.51    0.00    0.00    0.00   73.69
12:26:18 PM    0   11.40    0.00   15.79    0.00    0.00    1.75    0.00    0.00    0.00   71.05
12:26:18 PM    1    7.02    0.00   17.54    0.88    0.00    3.51    0.00    0.00    0.00   71.05
12:26:18 PM    2    8.40    0.00   19.33    0.84    0.00    2.52    0.00    0.00    0.00   68.91
12:26:18 PM    3    8.70    0.00   16.52    0.00    0.00    2.61    0.00    0.00    0.00   72.17
12:26:18 PM    4    5.36    0.00   12.50    0.00    0.00    2.68    0.00    0.00    0.00   79.46
12:26:18 PM    5    8.04    0.00   13.39    0.00    0.00    0.89    0.00    0.00    0.00   77.68
12:26:18 PM    6    8.93    0.00   12.50    0.00    0.00    2.68    0.00    0.00    0.00   75.89
12:26:18 PM    7    5.08    0.00   16.95    0.85    0.00    3.39    0.00    0.00    0.00   73.73

12:26:18 PM  CPU    %usr   %nice    %sys %iowait    %irq   %soft  %steal  %guest  %gnice   %idle
12:26:19 PM  all    9.56    0.00   19.50    0.00    0.00    3.65    0.00    0.00    0.00   67.30
12:26:19 PM    0    6.12    0.00   20.41    0.00    0.00    4.08    0.00    0.00    0.00   69.39
12:26:19 PM    1    9.71    0.00   20.39    0.00    0.00    3.88    0.00    0.00    0.00   66.02
12:26:19 PM    2    9.38    0.00   18.75    0.00    0.00    2.08    0.00    0.00    0.00   69.79
12:26:19 PM    3    6.12    0.00   21.43    0.00    0.00    5.10    0.00    0.00    0.00   67.35
12:26:19 PM    4    6.86    0.00   23.53    0.00    0.00    3.92    0.00    0.00    0.00   65.69
12:26:19 PM    5   12.24    0.00   16.33    0.00    0.00    4.08    0.00    0.00    0.00   67.35
12:26:19 PM    6   14.74    0.00   14.74    0.00    0.00    2.11    0.00    0.00    0.00   68.42
12:26:19 PM    7   11.43    0.00   20.00    0.00    0.00    3.81    0.00    0.00    0.00   64.76

12:26:19 PM  CPU    %usr   %nice    %sys %iowait    %irq   %soft  %steal  %guest  %gnice   %idle
12:26:20 PM  all   13.65    0.00   20.91    0.00    0.00    3.94    0.00    0.00    0.00   61.50
12:26:20 PM    0   14.29    0.00   21.90    0.00    0.00    2.86    0.00    0.00    0.00   60.95
12:26:20 PM    1   14.56    0.00   21.36    0.00    0.00    5.83    0.00    0.00    0.00   58.25
12:26:20 PM    2   10.53    0.00   20.00    0.00    0.00    2.11    0.00    0.00    0.00   67.37
12:26:20 PM    3   10.89    0.00   20.79    0.00    0.00    4.95    0.00    0.00    0.00   63.37
12:26:20 PM    4   17.48    0.00   20.39    0.00    0.00    2.91    0.00    0.00    0.00   59.22
12:26:20 PM    5   14.56    0.00   19.42    0.00    0.00    4.85    0.00    0.00    0.00   61.17
12:26:20 PM    6   13.73    0.00   22.55    0.00    0.00    3.92    0.00    0.00    0.00   59.80
12:26:20 PM    7   12.87    0.00   20.79    0.00    0.00    3.96    0.00    0.00    0.00   62.38

12:26:20 PM  CPU    %usr   %nice    %sys %iowait    %irq   %soft  %steal  %guest  %gnice   %idle
12:26:21 PM  all    9.76    0.00   16.78    0.00    0.00    2.19    0.00    0.00    0.00   71.27
12:26:21 PM    0   10.71    0.00   16.96    0.00    0.00    0.89    0.00    0.00    0.00   71.43
12:26:21 PM    1    9.73    0.00   16.81    0.00    0.00    2.65    0.00    0.00    0.00   70.80
12:26:21 PM    2    9.57    0.00   20.00    0.00    0.00    1.74    0.00    0.00    0.00   68.70
12:26:21 PM    3    7.76    0.00   18.10    0.00    0.00    5.17    0.00    0.00    0.00   68.97
12:26:21 PM    4    7.14    0.00   17.86    0.00    0.00    0.89    0.00    0.00    0.00   74.11
12:26:21 PM    5   10.43    0.00   16.52    0.00    0.00    1.74    0.00    0.00    0.00   71.30
12:26:21 PM    6    9.82    0.00   14.29    0.00    0.00    1.79    0.00    0.00    0.00   74.11
12:26:21 PM    7   12.82    0.00   13.68    0.00    0.00    2.56    0.00    0.00    0.00   70.94

12:26:21 PM  CPU    %usr   %nice    %sys %iowait    %irq   %soft  %steal  %guest  %gnice   %idle
12:26:22 PM  all    9.76    0.00   16.43    0.00    0.00    4.88    0.00    0.00    0.00   68.93
12:26:22 PM    0   12.38    0.00   13.33    0.00    0.00    4.76    0.00    0.00    0.00   69.52
12:26:22 PM    1    8.49    0.00   16.98    0.00    0.00    4.72    0.00    0.00    0.00   69.81
12:26:22 PM    2    8.41    0.00   17.76    0.00    0.00    5.61    0.00    0.00    0.00   68.22
12:26:22 PM    3    7.62    0.00   17.14    0.00    0.00    6.67    0.00    0.00    0.00   68.57
12:26:22 PM    4   11.76    0.00   15.69    0.00    0.00    2.94    0.00    0.00    0.00   69.61
12:26:22 PM    5   10.19    0.00   19.44    0.00    0.00    3.70    0.00    0.00    0.00   66.67
12:26:22 PM    6    9.62    0.00   14.42    0.00    0.00    7.69    0.00    0.00    0.00   68.27
12:26:22 PM    7    9.71    0.00   16.50    0.00    0.00    2.91    0.00    0.00    0.00   70.87

12:26:22 PM  CPU    %usr   %nice    %sys %iowait    %irq   %soft  %steal  %guest  %gnice   %idle
12:26:23 PM  all   12.47    0.00   18.27    0.11    0.00    3.39    0.00    0.00    0.00   65.75
12:26:23 PM    0   13.27    0.00   19.47    0.00    0.00    2.65    0.00    0.00    0.00   64.60
12:26:23 PM    1   15.97    0.00   17.65    0.84    0.00    5.88    0.00    0.00    0.00   59.66
12:26:23 PM    2   12.71    0.00   18.64    0.00    0.00    5.93    0.00    0.00    0.00   62.71
12:26:23 PM    3   14.78    0.00   18.26    0.00    0.00    3.48    0.00    0.00    0.00   63.48
12:26:23 PM    4   10.09    0.00   15.60    0.00    0.00    2.75    0.00    0.00    0.00   71.56
12:26:23 PM    5   14.66    0.00   18.97    0.00    0.00    0.86    0.00    0.00    0.00   65.52
12:26:23 PM    6    8.93    0.00   16.96    0.00    0.00    3.57    0.00    0.00    0.00   70.54
12:26:23 PM    7    8.93    0.00   20.54    0.00    0.00    1.79    0.00    0.00    0.00   68.75

12:26:23 PM  CPU    %usr   %nice    %sys %iowait    %irq   %soft  %steal  %guest  %gnice   %idle
12:26:24 PM  all   10.08    0.00   17.12    0.00    0.00    2.38    0.00    0.00    0.00   70.42
12:26:24 PM    0   11.86    0.00   17.80    0.00    0.00    3.39    0.00    0.00    0.00   66.95
12:26:24 PM    1   11.76    0.00   19.33    0.00    0.00    2.52    0.00    0.00    0.00   66.39
12:26:24 PM    2   12.93    0.00   16.38    0.00    0.00    2.59    0.00    0.00    0.00   68.10
12:26:24 PM    3   13.56    0.00   17.80    0.00    0.00    2.54    0.00    0.00    0.00   66.10
12:26:24 PM    4    8.77    0.00   16.67    0.00    0.00    0.88    0.00    0.00    0.00   73.68
12:26:24 PM    5    8.18    0.00   12.73    0.00    0.00    1.82    0.00    0.00    0.00   77.27
12:26:24 PM    6    6.31    0.00   18.02    0.00    0.00    1.80    0.00    0.00    0.00   73.87
12:26:24 PM    7    6.84    0.00   17.95    0.00    0.00    3.42    0.00    0.00    0.00   71.79

12:26:24 PM  CPU    %usr   %nice    %sys %iowait    %irq   %soft  %steal  %guest  %gnice   %idle
12:26:25 PM  all   11.98    0.00   19.30    0.00    0.00    4.07    0.00    0.00    0.00   64.65
12:26:25 PM    0   14.81    0.00   15.74    0.00    0.00    2.78    0.00    0.00    0.00   66.67
12:26:25 PM    1    9.43    0.00   21.70    0.00    0.00    4.72    0.00    0.00    0.00   64.15
12:26:25 PM    2   11.71    0.00   21.62    0.00    0.00    6.31    0.00    0.00    0.00   60.36
12:26:25 PM    3   13.21    0.00   18.87    0.00    0.00    3.77    0.00    0.00    0.00   64.15
12:26:25 PM    4    9.43    0.00   19.81    0.00    0.00    3.77    0.00    0.00    0.00   66.98
12:26:25 PM    5   11.54    0.00   17.31    0.00    0.00    3.85    0.00    0.00    0.00   67.31
12:26:25 PM    6   14.95    0.00   15.89    0.00    0.00    2.80    0.00    0.00    0.00   66.36
12:26:25 PM    7   10.71    0.00   23.21    0.00    0.00    4.46    0.00    0.00    0.00   61.61

12:26:25 PM  CPU    %usr   %nice    %sys %iowait    %irq   %soft  %steal  %guest  %gnice   %idle
12:26:26 PM  all   11.01    0.00   17.69    0.00    0.00    2.34    0.00    0.00    0.00   68.97
12:26:26 PM    0   10.92    0.00   21.85    0.00    0.00    3.36    0.00    0.00    0.00   63.87
12:26:26 PM    1   12.39    0.00   16.81    0.00    0.00    4.42    0.00    0.00    0.00   66.37
12:26:26 PM    2   12.39    0.00   18.58    0.00    0.00    1.77    0.00    0.00    0.00   67.26
12:26:26 PM    3    7.02    0.00   24.56    0.00    0.00    1.75    0.00    0.00    0.00   66.67
12:26:26 PM    4   13.27    0.00   13.27    0.00    0.00    2.65    0.00    0.00    0.00   70.80
12:26:26 PM    5    8.26    0.00   16.51    0.00    0.00    1.83    0.00    0.00    0.00   73.39
12:26:26 PM    6   12.26    0.00   12.26    0.00    0.00    0.00    0.00    0.00    0.00   75.47
12:26:26 PM    7   11.61    0.00   16.96    0.00    0.00    2.68    0.00    0.00    0.00   68.75

12:26:26 PM  CPU    %usr   %nice    %sys %iowait    %irq   %soft  %steal  %guest  %gnice   %idle
12:26:27 PM  all   12.24    0.00   18.80    0.44    0.00    3.00    0.00    0.00    0.00   65.52
12:26:27 PM    0   16.22    0.00   16.22    0.00    0.00    2.70    0.00    0.00    0.00   64.86
12:26:27 PM    1   17.09    0.00   18.80    0.85    0.00    3.42    0.00    0.00    0.00   59.83
12:26:27 PM    2   13.79    0.00   21.55    0.00    0.00    3.45    0.00    0.00    0.00   61.21
12:26:27 PM    3   15.79    0.00   19.30    0.00    0.00    2.63    0.00    0.00    0.00   62.28
12:26:27 PM    4    8.65    0.00   13.46    0.00    0.00    3.85    0.00    0.00    0.00   74.04
12:26:27 PM    5    7.89    0.00   20.18    2.63    0.00    2.63    0.00    0.00    0.00   66.67
12:26:27 PM    6    9.73    0.00   20.35    0.00    0.00    3.54    0.00    0.00    0.00   66.37
12:26:27 PM    7    8.18    0.00   20.00    0.00    0.00    1.82    0.00    0.00    0.00   70.00

12:26:27 PM  CPU    %usr   %nice    %sys %iowait    %irq   %soft  %steal  %guest  %gnice   %idle
12:26:28 PM  all    9.38    0.00   13.62    0.23    0.00    1.49    0.00    0.00    0.00   75.29
12:26:28 PM    0   10.81    0.00   14.41    0.90    0.00    1.80    0.00    0.00    0.00   72.07
12:26:28 PM    1    9.57    0.00   18.26    0.87    0.00    1.74    0.00    0.00    0.00   69.57
12:26:28 PM    2    8.18    0.00   16.36    0.00    0.00    1.82    0.00    0.00    0.00   73.64
12:26:28 PM    3   12.73    0.00   12.73    0.00    0.00    2.73    0.00    0.00    0.00   71.82
12:26:28 PM    4    5.88    0.00   11.76    0.00    0.00    0.00    0.00    0.00    0.00   82.35
12:26:28 PM    5   11.30    0.00   11.30    0.00    0.00    1.74    0.00    0.00    0.00   75.65
12:26:28 PM    6    4.85    0.00   14.56    0.00    0.00    0.97    0.00    0.00    0.00   79.61
12:26:28 PM    7   11.11    0.00    9.26    0.00    0.00    0.93    0.00    0.00    0.00   78.70

12:26:28 PM  CPU    %usr   %nice    %sys %iowait    %irq   %soft  %steal  %guest  %gnice   %idle
12:26:29 PM  all   11.55    0.00   19.17    0.00    0.00    2.54    0.00    0.00    0.00   66.74
12:26:29 PM    0   14.42    0.00   15.38    0.00    0.00    3.85    0.00    0.00    0.00   66.35
12:26:29 PM    1   12.26    0.00   19.81    0.00    0.00    3.77    0.00    0.00    0.00   64.15
12:26:29 PM    2   12.04    0.00   22.22    0.00    0.00    1.85    0.00    0.00    0.00   63.89
12:26:29 PM    3   15.24    0.00   17.14    0.00    0.00    1.90    0.00    0.00    0.00   65.71
12:26:29 PM    4    9.73    0.00   19.47    0.00    0.00    2.65    0.00    0.00    0.00   68.14
12:26:29 PM    5   12.93    0.00   20.69    0.00    0.00    0.86    0.00    0.00    0.00   65.52
12:26:29 PM    6    8.49    0.00   18.87    0.00    0.00    2.83    0.00    0.00    0.00   69.81
12:26:29 PM    7    7.41    0.00   19.44    0.00    0.00    2.78    0.00    0.00    0.00   70.37

12:26:29 PM  CPU    %usr   %nice    %sys %iowait    %irq   %soft  %steal  %guest  %gnice   %idle
12:26:30 PM  all   10.70    0.00   14.86    0.59    0.00    2.62    0.00    0.00    0.00   71.22
12:26:30 PM    0   11.01    0.00   17.43    4.59    0.00    3.67    0.00    0.00    0.00   63.30
12:26:30 PM    1    9.90    0.00   14.85    0.00    0.00    1.98    0.00    0.00    0.00   73.27
12:26:30 PM    2   11.54    0.00   17.31    0.00    0.00    2.88    0.00    0.00    0.00   68.27
12:26:30 PM    3   13.33    0.00   12.38    0.00    0.00    5.71    0.00    0.00    0.00   68.57
12:26:30 PM    4   10.19    0.00   14.81    0.00    0.00    1.85    0.00    0.00    0.00   73.15
12:26:30 PM    5    8.08    0.00   11.11    0.00    0.00    2.02    0.00    0.00    0.00   78.79
12:26:30 PM    6   16.22    0.00   12.61    0.00    0.00    0.90    0.00    0.00    0.00   70.27
12:26:30 PM    7    4.81    0.00   18.27    0.00    0.00    1.92    0.00    0.00    0.00   75.00

12:26:30 PM  CPU    %usr   %nice    %sys %iowait    %irq   %soft  %steal  %guest  %gnice   %idle
12:26:31 PM  all    6.53    0.00    8.62    0.00    0.00    1.23    0.00    0.00    0.00   83.62
12:26:31 PM    0    5.94    0.00    7.92    0.00    0.00    2.97    0.00    0.00    0.00   83.17
12:26:31 PM    1    7.00    0.00   10.00    0.00    0.00    0.00    0.00    0.00    0.00   83.00
12:26:31 PM    2    3.88    0.00   11.65    0.00    0.00    1.94    0.00    0.00    0.00   82.52
12:26:31 PM    3    6.00    0.00    9.00    0.00    0.00    2.00    0.00    0.00    0.00   83.00
12:26:31 PM    4    4.08    0.00    8.16    0.00    0.00    1.02    0.00    0.00    0.00   86.73
12:26:31 PM    5    9.43    0.00    8.49    0.00    0.00    0.00    0.00    0.00    0.00   82.08
12:26:31 PM    6   11.21    0.00    7.48    0.00    0.00    0.93    0.00    0.00    0.00   80.37
12:26:31 PM    7    4.12    0.00    6.19    0.00    0.00    1.03    0.00    0.00    0.00   88.66

12:26:31 PM  CPU    %usr   %nice    %sys %iowait    %irq   %soft  %steal  %guest  %gnice   %idle
12:26:32 PM  all    8.16    0.00   12.48    0.00    0.00    1.80    0.00    0.00    0.00   77.55
12:26:32 PM    0    5.77    0.00   16.35    0.00    0.00    2.88    0.00    0.00    0.00   75.00
12:26:32 PM    1    6.60    0.00   16.04    0.00    0.00    1.89    0.00    0.00    0.00   75.47
12:26:32 PM    2    6.93    0.00   12.87    0.00    0.00    1.98    0.00    0.00    0.00   78.22
12:26:32 PM    3   10.09    0.00   13.76    0.00    0.00    1.83    0.00    0.00    0.00   74.31
12:26:32 PM    4    9.52    0.00   10.48    0.00    0.00    1.90    0.00    0.00    0.00   78.10
12:26:32 PM    5   12.96    0.00   10.19    0.00    0.00    1.85    0.00    0.00    0.00   75.00
12:26:32 PM    6    6.00    0.00    9.00    0.00    0.00    1.00    0.00    0.00    0.00   84.00
12:26:32 PM    7    7.00    0.00   11.00    0.00    0.00    1.00    0.00    0.00    0.00   81.00

12:26:32 PM  CPU    %usr   %nice    %sys %iowait    %irq   %soft  %steal  %guest  %gnice   %idle
12:26:33 PM  all    8.81    0.00   10.04    0.37    0.00    1.59    0.00    0.00    0.00   79.19
12:26:33 PM    0   10.58    0.00    9.62    0.00    0.00    1.92    0.00    0.00    0.00   77.88
12:26:33 PM    1    7.69    0.00   12.50    1.92    0.00    2.88    0.00    0.00    0.00   75.00
12:26:33 PM    2    8.00    0.00   10.00    0.00    0.00    2.00    0.00    0.00    0.00   80.00
12:26:33 PM    3    8.74    0.00   10.68    0.00    0.00    2.91    0.00    0.00    0.00   77.67
12:26:33 PM    4   12.62    0.00    8.74    0.97    0.00    0.97    0.00    0.00    0.00   76.70
12:26:33 PM    5    5.00    0.00   10.00    0.00    0.00    1.00    0.00    0.00    0.00   84.00
12:26:33 PM    6    9.62    0.00   10.58    0.00    0.00    0.00    0.00    0.00    0.00   79.81
12:26:33 PM    7    8.08    0.00    8.08    0.00    0.00    1.01    0.00    0.00    0.00   82.83

12:26:33 PM  CPU    %usr   %nice    %sys %iowait    %irq   %soft  %steal  %guest  %gnice   %idle
12:26:34 PM  all    8.02    0.00    9.63    0.00    0.00    1.85    0.00    0.00    0.00   80.49
12:26:34 PM    0   11.65    0.00    9.71    0.00    0.00    0.97    0.00    0.00    0.00   77.67
12:26:34 PM    1    5.77    0.00   14.42    0.00    0.00    2.88    0.00    0.00    0.00   76.92
12:26:34 PM    2    6.93    0.00    9.90    0.00    0.00    3.96    0.00    0.00    0.00   79.21
12:26:34 PM    3    7.07    0.00   10.10    0.00    0.00    2.02    0.00    0.00    0.00   80.81
12:26:34 PM    4    7.77    0.00    9.71    0.00    0.00    0.97    0.00    0.00    0.00   81.55
12:26:34 PM    5    9.09    0.00    8.08    0.00    0.00    1.01    0.00    0.00    0.00   81.82
12:26:34 PM    6    9.71    0.00    6.80    0.00    0.00    1.94    0.00    0.00    0.00   81.55
12:26:34 PM    7    6.12    0.00    8.16    0.00    0.00    1.02    0.00    0.00    0.00   84.69

12:26:34 PM  CPU    %usr   %nice    %sys %iowait    %irq   %soft  %steal  %guest  %gnice   %idle
12:26:35 PM  all   14.46    0.00   19.96    0.00    0.00    3.36    0.00    0.00    0.00   62.22
12:26:35 PM    0   10.00    0.00   20.91    0.00    0.00    3.64    0.00    0.00    0.00   65.45
12:26:35 PM    1    8.49    0.00   18.87    0.00    0.00    3.77    0.00    0.00    0.00   68.87
12:26:35 PM    2   11.11    0.00   21.30    0.00    0.00    3.70    0.00    0.00    0.00   63.89
12:26:35 PM    3   10.09    0.00   21.10    0.00    0.00    5.50    0.00    0.00    0.00   63.30
12:26:35 PM    4   18.97    0.00   19.83    0.00    0.00    2.59    0.00    0.00    0.00   58.62
12:26:35 PM    5   22.22    0.00   17.95    0.00    0.00    2.56    0.00    0.00    0.00   57.26
12:26:35 PM    6   15.79    0.00   21.93    0.00    0.00    1.75    0.00    0.00    0.00   60.53
12:26:35 PM    7   17.86    0.00   17.86    0.00    0.00    3.57    0.00    0.00    0.00   60.71

12:26:35 PM  CPU    %usr   %nice    %sys %iowait    %irq   %soft  %steal  %guest  %gnice   %idle
12:26:36 PM  all   10.47    0.00   14.78    0.00    0.00    2.71    0.00    0.00    0.00   72.04
12:26:36 PM    0   12.62    0.00   14.56    0.00    0.00    3.88    0.00    0.00    0.00   68.93
12:26:36 PM    1   11.43    0.00   15.24    0.00    0.00    3.81    0.00    0.00    0.00   69.52
12:26:36 PM    2   11.88    0.00   15.84    0.00    0.00    1.98    0.00    0.00    0.00   70.30
12:26:36 PM    3   11.88    0.00   14.85    0.00    0.00    2.97    0.00    0.00    0.00   70.30
12:26:36 PM    4    8.16    0.00   14.29    0.00    0.00    2.04    0.00    0.00    0.00   75.51
12:26:36 PM    5    7.77    0.00   15.53    0.00    0.00    2.91    0.00    0.00    0.00   73.79
12:26:36 PM    6    8.82    0.00   13.73    0.00    0.00    2.94    0.00    0.00    0.00   74.51
12:26:36 PM    7   11.11    0.00   14.14    0.00    0.00    1.01    0.00    0.00    0.00   73.74

12:26:36 PM  CPU    %usr   %nice    %sys %iowait    %irq   %soft  %steal  %guest  %gnice   %idle
12:26:37 PM  all    8.41    0.00    8.67    0.00    0.00    1.29    0.00    0.00    0.00   81.63
12:26:37 PM    0    9.00    0.00   11.00    0.00    0.00    2.00    0.00    0.00    0.00   78.00
12:26:37 PM    1    9.38    0.00    8.33    0.00    0.00    2.08    0.00    0.00    0.00   80.21
12:26:37 PM    2    8.08    0.00   11.11    0.00    0.00    2.02    0.00    0.00    0.00   78.79
12:26:37 PM    3   11.22    0.00    9.18    0.00    0.00    1.02    0.00    0.00    0.00   78.57
12:26:37 PM    4    3.26    0.00    7.61    0.00    0.00    1.09    0.00    0.00    0.00   88.04
12:26:37 PM    5   12.24    0.00    6.12    0.00    0.00    0.00    0.00    0.00    0.00   81.63
12:26:37 PM    6    9.18    0.00    8.16    0.00    0.00    1.02    0.00    0.00    0.00   81.63
12:26:37 PM    7    4.35    0.00    7.61    0.00    0.00    1.09    0.00    0.00    0.00   86.96

12:26:37 PM  CPU    %usr   %nice    %sys %iowait    %irq   %soft  %steal  %guest  %gnice   %idle
12:26:38 PM  all    5.86    0.00    4.36    0.14    0.00    0.54    0.00    0.00    0.00   89.10
12:26:38 PM    0    9.38    0.00    6.25    0.00    0.00    0.00    0.00    0.00    0.00   84.38
12:26:38 PM    1    8.60    0.00    6.45    0.00    0.00    0.00    0.00    0.00    0.00   84.95
12:26:38 PM    2    6.59    0.00    5.49    1.10    0.00    0.00    0.00    0.00    0.00   86.81
12:26:38 PM    3    7.45    0.00    7.45    0.00    0.00    1.06    0.00    0.00    0.00   84.04
12:26:38 PM    4    3.30    0.00    2.20    0.00    0.00    1.10    0.00    0.00    0.00   93.41
12:26:38 PM    5    3.33    0.00    3.33    0.00    0.00    1.11    0.00    0.00    0.00   92.22
12:26:38 PM    6    4.49    0.00    1.12    0.00    0.00    1.12    0.00    0.00    0.00   93.26
12:26:38 PM    7    3.33    0.00    2.22    0.00    0.00    0.00    0.00    0.00    0.00   94.44

12:26:38 PM  CPU    %usr   %nice    %sys %iowait    %irq   %soft  %steal  %guest  %gnice   %idle
12:26:39 PM  all    3.54    0.00    3.25    0.00    0.00    0.42    0.00    0.00    0.00   92.79
12:26:39 PM    0    3.53    0.00    3.53    0.00    0.00    0.00    0.00    0.00    0.00   92.94
12:26:39 PM    1    5.68    0.00    3.41    0.00    0.00    0.00    0.00    0.00    0.00   90.91
12:26:39 PM    2    3.49    0.00    3.49    0.00    0.00    0.00    0.00    0.00    0.00   93.02
12:26:39 PM    3    6.90    0.00    2.30    0.00    0.00    0.00    0.00    0.00    0.00   90.80
12:26:39 PM    4    1.11    0.00    4.44    0.00    0.00    1.11    0.00    0.00    0.00   93.33
12:26:39 PM    5    3.30    0.00    3.30    0.00    0.00    1.10    0.00    0.00    0.00   92.31
12:26:39 PM    6    2.20    0.00    3.30    0.00    0.00    1.10    0.00    0.00    0.00   93.41
12:26:39 PM    7    2.25    0.00    2.25    0.00    0.00    0.00    0.00    0.00    0.00   95.51

12:26:39 PM  CPU    %usr   %nice    %sys %iowait    %irq   %soft  %steal  %guest  %gnice   %idle
12:26:40 PM  all    5.96    0.00    9.79    0.00    0.00    2.27    0.00    0.00    0.00   81.99
12:26:40 PM    0    6.90    0.00   10.34    0.00    0.00    1.15    0.00    0.00    0.00   81.61
12:26:40 PM    1    5.81    0.00   10.47    0.00    0.00    2.33    0.00    0.00    0.00   81.40
12:26:40 PM    2    5.88    0.00    7.06    0.00    0.00    3.53    0.00    0.00    0.00   83.53
12:26:40 PM    3    8.14    0.00    6.98    0.00    0.00    3.49    0.00    0.00    0.00   81.40
12:26:40 PM    4    3.33    0.00   12.22    0.00    0.00    2.22    0.00    0.00    0.00   82.22
12:26:40 PM    5    5.56    0.00   10.00    0.00    0.00    2.22    0.00    0.00    0.00   82.22
12:26:40 PM    6    6.82    0.00    9.09    0.00    0.00    1.14    0.00    0.00    0.00   82.95
12:26:40 PM    7    5.38    0.00   11.83    0.00    0.00    2.15    0.00    0.00    0.00   80.65

12:26:40 PM  CPU    %usr   %nice    %sys %iowait    %irq   %soft  %steal  %guest  %gnice   %idle
12:26:41 PM  all    1.45    0.00    2.90    0.00    0.00    0.87    0.00    0.00    0.00   94.78
12:26:41 PM    0    2.27    0.00    3.41    0.00    0.00    1.14    0.00    0.00    0.00   93.18
12:26:41 PM    1    2.30    0.00    3.45    0.00    0.00    1.15    0.00    0.00    0.00   93.10
12:26:41 PM    2    2.41    0.00    1.20    0.00    0.00    1.20    0.00    0.00    0.00   95.18
12:26:41 PM    3    0.00    0.00    2.44    0.00    0.00    1.22    0.00    0.00    0.00   96.34
12:26:41 PM    4    1.11    0.00    4.44    0.00    0.00    1.11    0.00    0.00    0.00   93.33
12:26:41 PM    5    1.16    0.00    2.33    0.00    0.00    0.00    0.00    0.00    0.00   96.51
12:26:41 PM    6    1.14    0.00    3.41    0.00    0.00    1.14    0.00    0.00    0.00   94.32
12:26:41 PM    7    1.16    0.00    2.33    0.00    0.00    0.00    0.00    0.00    0.00   96.51

12:26:41 PM  CPU    %usr   %nice    %sys %iowait    %irq   %soft  %steal  %guest  %gnice   %idle
12:26:42 PM  all    1.59    0.00    3.03    2.31    0.00    0.29    0.00    0.00    0.00   92.78
12:26:42 PM    0    1.19    0.00    1.19    9.52    0.00    0.00    0.00    0.00    0.00   88.10
12:26:42 PM    1    1.19    0.00    3.57    0.00    0.00    1.19    0.00    0.00    0.00   94.05
12:26:42 PM    2    2.30    0.00    3.45    0.00    0.00    0.00    0.00    0.00    0.00   94.25
12:26:42 PM    3    1.19    0.00    2.38    0.00    0.00    0.00    0.00    0.00    0.00   96.43
12:26:42 PM    4    1.15    0.00    2.30    0.00    0.00    0.00    0.00    0.00    0.00   96.55
12:26:42 PM    5    1.12    0.00    2.25    0.00    0.00    0.00    0.00    0.00    0.00   96.63
12:26:42 PM    6    1.11    0.00    4.44    8.89    0.00    1.11    0.00    0.00    0.00   84.44
12:26:42 PM    7    3.41    0.00    4.55    0.00    0.00    0.00    0.00    0.00    0.00   92.05

12:26:42 PM  CPU    %usr   %nice    %sys %iowait    %irq   %soft  %steal  %guest  %gnice   %idle
12:26:43 PM  all    3.70    0.00    6.27    1.99    0.00    1.71    0.00    0.00    0.00   86.32
12:26:43 PM    0    2.33    0.00    9.30    6.98    0.00    1.16    0.00    0.00    0.00   80.23
12:26:43 PM    1    2.30    0.00    8.05    1.15    0.00    1.15    0.00    0.00    0.00   87.36
12:26:43 PM    2    2.33    0.00    6.98    0.00    0.00    1.16    0.00    0.00    0.00   89.53
12:26:43 PM    3    4.55    0.00    5.68    1.14    0.00    2.27    0.00    0.00    0.00   86.36
12:26:43 PM    4    4.30    0.00    6.45    0.00    0.00    3.23    0.00    0.00    0.00   86.02
12:26:43 PM    5    4.49    0.00    6.74    0.00    0.00    1.12    0.00    0.00    0.00   87.64
12:26:43 PM    6    4.71    0.00    3.53    7.06    0.00    1.18    0.00    0.00    0.00   83.53
12:26:43 PM    7    4.55    0.00    3.41    0.00    0.00    2.27    0.00    0.00    0.00   89.77

12:26:43 PM  CPU    %usr   %nice    %sys %iowait    %irq   %soft  %steal  %guest  %gnice   %idle
12:26:44 PM  all    0.58    0.00    0.87    0.00    0.00    0.15    0.00    0.00    0.00   98.40
12:26:44 PM    0    0.00    0.00    2.38    0.00    0.00    0.00    0.00    0.00    0.00   97.62
12:26:44 PM    1    1.16    0.00    1.16    0.00    0.00    0.00    0.00    0.00    0.00   97.67
12:26:44 PM    2    1.18    0.00    0.00    0.00    0.00    0.00    0.00    0.00    0.00   98.82
12:26:44 PM    3    1.16    0.00    1.16    0.00    0.00    0.00    0.00    0.00    0.00   97.67
12:26:44 PM    4    0.00    0.00    0.00    0.00    0.00    0.00    0.00    0.00    0.00  100.00
12:26:44 PM    5    1.15    0.00    0.00    0.00    0.00    0.00    0.00    0.00    0.00   98.85
12:26:44 PM    6    0.00    0.00    1.15    0.00    0.00    0.00    0.00    0.00    0.00   98.85
12:26:44 PM    7    0.00    0.00    1.14    0.00    0.00    1.14    0.00    0.00    0.00   97.73

12:26:44 PM  CPU    %usr   %nice    %sys %iowait    %irq   %soft  %steal  %guest  %gnice   %idle
12:26:45 PM  all    3.48    0.00    6.24    0.00    0.00    1.16    0.00    0.00    0.00   89.11
12:26:45 PM    0    3.57    0.00    5.95    0.00    0.00    1.19    0.00    0.00    0.00   89.29
12:26:45 PM    1    3.53    0.00    5.88    0.00    0.00    1.18    0.00    0.00    0.00   89.41
12:26:45 PM    2    2.50    0.00    3.75    0.00    0.00    1.25    0.00    0.00    0.00   92.50
12:26:45 PM    3    3.57    0.00    4.76    0.00    0.00    1.19    0.00    0.00    0.00   90.48
12:26:45 PM    4    2.25    0.00    5.62    0.00    0.00    1.12    0.00    0.00    0.00   91.01
12:26:45 PM    5    1.15    0.00    8.05    0.00    0.00    1.15    0.00    0.00    0.00   89.66
12:26:45 PM    6    5.43    0.00    9.78    0.00    0.00    1.09    0.00    0.00    0.00   83.70
12:26:45 PM    7    5.68    0.00    5.68    0.00    0.00    1.14    0.00    0.00    0.00   87.50

12:26:45 PM  CPU    %usr   %nice    %sys %iowait    %irq   %soft  %steal  %guest  %gnice   %idle
12:26:46 PM  all    5.08    0.00    7.91    0.00    0.00    1.55    0.00    0.00    0.00   85.45
12:26:46 PM    0    5.95    0.00    5.95    0.00    0.00    1.19    0.00    0.00    0.00   86.90
12:26:46 PM    1    4.71    0.00    8.24    0.00    0.00    1.18    0.00    0.00    0.00   85.88
12:26:46 PM    2    4.76    0.00    7.14    0.00    0.00    2.38    0.00    0.00    0.00   85.71
12:26:46 PM    3    4.71    0.00    8.24    0.00    0.00    0.00    0.00    0.00    0.00   87.06
12:26:46 PM    4    5.38    0.00   12.90    0.00    0.00    0.00    0.00    0.00    0.00   81.72
12:26:46 PM    5    5.32    0.00    6.38    0.00    0.00    2.13    0.00    0.00    0.00   86.17
12:26:46 PM    6    3.33    0.00   10.00    0.00    0.00    2.22    0.00    0.00    0.00   84.44
12:26:46 PM    7    6.45    0.00    4.30    0.00    0.00    3.23    0.00    0.00    0.00   86.02

12:26:46 PM  CPU    %usr   %nice    %sys %iowait    %irq   %soft  %steal  %guest  %gnice   %idle
12:26:47 PM  all    9.50    0.00   15.98    0.00    0.00    4.41    0.00    0.00    0.00   70.11
12:26:47 PM    0   13.68    0.00   16.84    0.00    0.00    3.16    0.00    0.00    0.00   66.32
12:26:47 PM    1    7.06    0.00   17.65    0.00    0.00    3.53    0.00    0.00    0.00   71.76
12:26:47 PM    2   15.22    0.00   11.96    0.00    0.00    5.43    0.00    0.00    0.00   67.39
12:26:47 PM    3   12.79    0.00   12.79    0.00    0.00    4.65    0.00    0.00    0.00   69.77
12:26:47 PM    4    8.42    0.00   18.95    0.00    0.00    5.26    0.00    0.00    0.00   67.37
12:26:47 PM    5    5.49    0.00   15.38    0.00    0.00    4.40    0.00    0.00    0.00   74.73
12:26:47 PM    6    4.35    0.00   16.30    0.00    0.00    7.61    0.00    0.00    0.00   71.74
12:26:47 PM    7    8.89    0.00   17.78    0.00    0.00    1.11    0.00    0.00    0.00   72.22

12:26:47 PM  CPU    %usr   %nice    %sys %iowait    %irq   %soft  %steal  %guest  %gnice   %idle
12:26:48 PM  all    1.44    0.00    1.15    0.29    0.00    0.29    0.00    0.00    0.00   96.83
12:26:48 PM    0    1.18    0.00    1.18    0.00    0.00    0.00    0.00    0.00    0.00   97.65
12:26:48 PM    1    1.18    0.00    1.18    0.00    0.00    0.00    0.00    0.00    0.00   97.65
12:26:48 PM    2    1.18    0.00    1.18    1.18    0.00    1.18    0.00    0.00    0.00   95.29
12:26:48 PM    3    1.19    0.00    2.38    1.19    0.00    0.00    0.00    0.00    0.00   95.24
12:26:48 PM    4    1.14    0.00    0.00    0.00    0.00    0.00    0.00    0.00    0.00   98.86
12:26:48 PM    5    1.11    0.00    0.00    0.00    0.00    0.00    0.00    0.00    0.00   98.89
12:26:48 PM    6    2.22    0.00    2.22    0.00    0.00    0.00    0.00    0.00    0.00   95.56
12:26:48 PM    7    2.27    0.00    1.14    0.00    0.00    1.14    0.00    0.00    0.00   95.45

12:26:48 PM  CPU    %usr   %nice    %sys %iowait    %irq   %soft  %steal  %guest  %gnice   %idle
12:26:49 PM  all    5.67    0.00    9.65    0.00    0.00    1.70    0.00    0.00    0.00   82.98
12:26:49 PM    0    5.56    0.00    8.89    0.00    0.00    2.22    0.00    0.00    0.00   83.33
12:26:49 PM    1    4.55    0.00    9.09    0.00    0.00    2.27    0.00    0.00    0.00   84.09
12:26:49 PM    2    7.95    0.00   10.23    0.00    0.00    0.00    0.00    0.00    0.00   81.82
12:26:49 PM    3    4.60    0.00   12.64    0.00    0.00    1.15    0.00    0.00    0.00   81.61
12:26:49 PM    4    3.45    0.00    9.20    0.00    0.00    2.30    0.00    0.00    0.00   85.06
12:26:49 PM    5   10.34    0.00    6.90    0.00    0.00    2.30    0.00    0.00    0.00   80.46
12:26:49 PM    6    4.49    0.00   10.11    0.00    0.00    2.25    0.00    0.00    0.00   83.15
12:26:49 PM    7    4.49    0.00   10.11    0.00    0.00    1.12    0.00    0.00    0.00   84.27

12:26:49 PM  CPU    %usr   %nice    %sys %iowait    %irq   %soft  %steal  %guest  %gnice   %idle
12:26:50 PM  all    2.16    0.00    3.17    0.00    0.00    0.14    0.00    0.00    0.00   94.53
12:26:50 PM    0    1.23    0.00    2.47    0.00    0.00    0.00    0.00    0.00    0.00   96.30
12:26:50 PM    1    3.45    0.00    3.45    0.00    0.00    0.00    0.00    0.00    0.00   93.10
12:26:50 PM    2    3.45    0.00    3.45    0.00    0.00    1.15    0.00    0.00    0.00   91.95
12:26:50 PM    3    1.22    0.00    2.44    0.00    0.00    0.00    0.00    0.00    0.00   96.34
12:26:50 PM    4    2.22    0.00    3.33    0.00    0.00    0.00    0.00    0.00    0.00   94.44
12:26:50 PM    5    1.12    0.00    2.25    0.00    0.00    0.00    0.00    0.00    0.00   96.63
12:26:50 PM    6    2.30    0.00    3.45    0.00    0.00    0.00    0.00    0.00    0.00   94.25
12:26:50 PM    7    2.17    0.00    4.35    0.00    0.00    0.00    0.00    0.00    0.00   93.48

12:26:50 PM  CPU    %usr   %nice    %sys %iowait    %irq   %soft  %steal  %guest  %gnice   %idle
12:26:51 PM  all   11.14    0.00   19.43    0.00    0.00    3.94    0.00    0.00    0.00   65.49
12:26:51 PM    0    9.89    0.00   18.68    0.00    0.00    3.30    0.00    0.00    0.00   68.13
12:26:51 PM    1   10.59    0.00   15.29    0.00    0.00    4.71    0.00    0.00    0.00   69.41
12:26:51 PM    2    9.89    0.00   20.88    0.00    0.00    3.30    0.00    0.00    0.00   65.93
12:26:51 PM    3   11.83    0.00   21.51    0.00    0.00    3.23    0.00    0.00    0.00   63.44
12:26:51 PM    4    9.78    0.00   18.48    0.00    0.00    4.35    0.00    0.00    0.00   67.39
12:26:51 PM    5   14.43    0.00   16.49    0.00    0.00    6.19    0.00    0.00    0.00   62.89
12:26:51 PM    6   10.75    0.00   21.51    0.00    0.00    2.15    0.00    0.00    0.00   65.59
12:26:51 PM    7   11.70    0.00   22.34    0.00    0.00    4.26    0.00    0.00    0.00   61.70

12:26:51 PM  CPU    %usr   %nice    %sys %iowait    %irq   %soft  %steal  %guest  %gnice   %idle
12:26:52 PM  all    9.29    0.00   14.13    0.00    0.00    3.10    0.00    0.00    0.00   73.49
12:26:52 PM    0    5.43    0.00   15.22    0.00    0.00    4.35    0.00    0.00    0.00   75.00
12:26:52 PM    1   13.13    0.00   12.12    0.00    0.00    4.04    0.00    0.00    0.00   70.71
12:26:52 PM    2    9.38    0.00   17.71    0.00    0.00    2.08    0.00    0.00    0.00   70.83
12:26:52 PM    3    8.25    0.00   15.46    0.00    0.00    3.09    0.00    0.00    0.00   73.20
12:26:52 PM    4    8.89    0.00   11.11    0.00    0.00    3.33    0.00    0.00    0.00   76.67
12:26:52 PM    5   10.75    0.00   12.90    0.00    0.00    2.15    0.00    0.00    0.00   74.19
12:26:52 PM    6    8.99    0.00   16.85    0.00    0.00    2.25    0.00    0.00    0.00   71.91
12:26:52 PM    7    9.20    0.00   11.49    0.00    0.00    3.45    0.00    0.00    0.00   75.86

12:26:52 PM  CPU    %usr   %nice    %sys %iowait    %irq   %soft  %steal  %guest  %gnice   %idle
12:26:53 PM  all    7.97    0.00   10.49    0.28    0.00    2.24    0.00    0.00    0.00   79.02
12:26:53 PM    0    6.74    0.00   10.11    0.00    0.00    1.12    0.00    0.00    0.00   82.02
12:26:53 PM    1    7.87    0.00    7.87    0.00    0.00    2.25    0.00    0.00    0.00   82.02
12:26:53 PM    2    3.49    0.00    9.30    0.00    0.00    2.33    0.00    0.00    0.00   84.88
12:26:53 PM    3    7.61    0.00   13.04    1.09    0.00    1.09    0.00    0.00    0.00   77.17
12:26:53 PM    4    8.70    0.00   11.96    0.00    0.00    3.26    0.00    0.00    0.00   76.09
12:26:53 PM    5   10.99    0.00    9.89    1.10    0.00    2.20    0.00    0.00    0.00   75.82
12:26:53 PM    6    9.30    0.00    9.30    0.00    0.00    1.16    0.00    0.00    0.00   80.23
12:26:53 PM    7    8.89    0.00   12.22    0.00    0.00    4.44    0.00    0.00    0.00   74.44

12:26:53 PM  CPU    %usr   %nice    %sys %iowait    %irq   %soft  %steal  %guest  %gnice   %idle
12:26:54 PM  all    1.17    0.00    1.17    0.00    0.00    0.29    0.00    0.00    0.00   97.37
12:26:54 PM    0    1.15    0.00    0.00    0.00    0.00    1.15    0.00    0.00    0.00   97.70
12:26:54 PM    1    1.16    0.00    2.33    0.00    0.00    0.00    0.00    0.00    0.00   96.51
12:26:54 PM    2    0.00    0.00    1.15    0.00    0.00    0.00    0.00    0.00    0.00   98.85
12:26:54 PM    3    1.19    0.00    1.19    0.00    0.00    1.19    0.00    0.00    0.00   96.43
12:26:54 PM    4    1.18    0.00    1.18    0.00    0.00    0.00    0.00    0.00    0.00   97.65
12:26:54 PM    5    1.15    0.00    1.15    0.00    0.00    0.00    0.00    0.00    0.00   97.70
12:26:54 PM    6    3.49    0.00    1.16    0.00    0.00    0.00    0.00    0.00    0.00   95.35
12:26:54 PM    7    0.00    0.00    1.22    0.00    0.00    0.00    0.00    0.00    0.00   98.78

12:26:54 PM  CPU    %usr   %nice    %sys %iowait    %irq   %soft  %steal  %guest  %gnice   %idle
12:26:55 PM  all    1.43    0.00    3.01    0.00    0.00    0.72    0.00    0.00    0.00   94.84
12:26:55 PM    0    2.44    0.00    2.44    0.00    0.00    1.22    0.00    0.00    0.00   93.90
12:26:55 PM    1    2.35    0.00    3.53    0.00    0.00    2.35    0.00    0.00    0.00   91.76
12:26:55 PM    2    1.20    0.00    3.61    0.00    0.00    1.20    0.00    0.00    0.00   93.98
12:26:55 PM    3    0.00    0.00    4.88    0.00    0.00    0.00    0.00    0.00    0.00   95.12
12:26:55 PM    4    2.20    0.00    2.20    0.00    0.00    0.00    0.00    0.00    0.00   95.60
12:26:55 PM    5    1.06    0.00    4.26    0.00    0.00    1.06    0.00    0.00    0.00   93.62
12:26:55 PM    6    1.11    0.00    1.11    0.00    0.00    0.00    0.00    0.00    0.00   97.78
12:26:55 PM    7    1.11    0.00    2.22    0.00    0.00    0.00    0.00    0.00    0.00   96.67
