Linux 6.6.87.2-microsoft-standard-WSL2 (Udeepa-ASUS) 	04/15/26 	_x86_64_	(4 CPU)

22:42:28     CPU    %usr   %nice    %sys %iowait    %irq   %soft  %steal  %guest  %gnice   %idle
22:42:29     all    0.99    0.00    0.74    0.25    0.00    0.00    0.00    0.00    0.00   98.01
22:42:29       0    2.94    0.00    1.96    0.00    0.00    0.00    0.00    0.00    0.00   95.10
22:42:29       1    0.00    0.00    0.00    1.00    0.00    0.00    0.00    0.00    0.00   99.00
22:42:29       2    0.00    0.00    1.00    0.00    0.00    0.00    0.00    0.00    0.00   99.00
22:42:29       3    0.99    0.00    0.00    0.00    0.00    0.00    0.00    0.00    0.00   99.01

22:42:29     CPU    %usr   %nice    %sys %iowait    %irq   %soft  %steal  %guest  %gnice   %idle
22:42:30     all    0.00    0.00    0.25    0.00    0.00    0.25    0.00    0.00    0.00   99.50
22:42:30       0    0.00    0.00    0.00    0.00    0.00    1.00    0.00    0.00    0.00   99.00
22:42:30       1    0.00    0.00    0.00    0.00    0.00    0.00    0.00    0.00    0.00  100.00
22:42:30       2    0.00    0.00    0.00    0.00    0.00    0.00    0.00    0.00    0.00  100.00
22:42:30       3    0.00    0.00    1.00    0.00    0.00    0.00    0.00    0.00    0.00   99.00

22:42:30     CPU    %usr   %nice    %sys %iowait    %irq   %soft  %steal  %guest  %gnice   %idle
22:42:31     all    0.00    0.00    0.25    0.00    0.00    0.00    0.00    0.00    0.00   99.75
22:42:31       0    0.00    0.00    0.00    0.00    0.00    0.00    0.00    0.00    0.00  100.00
22:42:31       1    0.00    0.00    0.00    0.00    0.00    0.00    0.00    0.00    0.00  100.00
22:42:31       2    0.00    0.00    0.00    0.00    0.00    0.00    0.00    0.00    0.00  100.00
22:42:31       3    0.00    0.00    1.01    0.00    0.00    0.00    0.00    0.00    0.00   98.99

22:42:31     CPU    %usr   %nice    %sys %iowait    %irq   %soft  %steal  %guest  %gnice   %idle
22:42:32     all    1.00    0.00    2.51    0.00    0.00    1.50    0.00    0.00    0.00   94.99
22:42:32       0    2.00    0.00    6.00    0.00    0.00    2.00    0.00    0.00    0.00   90.00
22:42:32       1    0.99    0.00    0.99    0.00    0.00    1.98    0.00    0.00    0.00   96.04
22:42:32       2    0.00    0.00    2.02    0.00    0.00    1.01    0.00    0.00    0.00   96.97
22:42:32       3    1.01    0.00    1.01    0.00    0.00    1.01    0.00    0.00    0.00   96.97

22:42:32     CPU    %usr   %nice    %sys %iowait    %irq   %soft  %steal  %guest  %gnice   %idle
22:42:33     all    3.26    0.00    7.52    0.00    0.00    1.00    0.00    0.00    0.00   88.22
22:42:33       0    4.04    0.00   10.10    0.00    0.00    2.02    0.00    0.00    0.00   83.84
22:42:33       1    1.00    0.00    5.00    0.00    0.00    1.00    0.00    0.00    0.00   93.00
22:42:33       2    3.00    0.00    6.00    0.00    0.00    1.00    0.00    0.00    0.00   90.00
22:42:33       3    5.00    0.00    9.00    0.00    0.00    0.00    0.00    0.00    0.00   86.00

22:42:33     CPU    %usr   %nice    %sys %iowait    %irq   %soft  %steal  %guest  %gnice   %idle
22:42:34     all    3.01    0.00   10.78    0.00    0.00    3.51    0.00    0.00    0.00   82.71
22:42:34       0    6.12    0.00   10.20    0.00    0.00    7.14    0.00    0.00    0.00   76.53
22:42:34       1    0.00    0.00    8.91    0.00    0.00    0.99    0.00    0.00    0.00   90.10
22:42:34       2    3.06    0.00   10.20    0.00    0.00    2.04    0.00    0.00    0.00   84.69
22:42:34       3    2.94    0.00   13.73    0.00    0.00    3.92    0.00    0.00    0.00   79.41

22:42:34     CPU    %usr   %nice    %sys %iowait    %irq   %soft  %steal  %guest  %gnice   %idle
22:42:35     all    8.21    0.00   23.85    0.00    0.00    3.59    0.00    0.00    0.00   64.36
22:42:35       0   14.89    0.00   29.79    0.00    0.00    2.13    0.00    0.00    0.00   53.19
22:42:35       1    1.04    0.00   10.42    0.00    0.00    3.12    0.00    0.00    0.00   85.42
22:42:35       2    8.00    0.00   31.00    0.00    0.00    6.00    0.00    0.00    0.00   55.00
22:42:35       3    9.00    0.00   24.00    0.00    0.00    3.00    0.00    0.00    0.00   64.00

22:42:35     CPU    %usr   %nice    %sys %iowait    %irq   %soft  %steal  %guest  %gnice   %idle
22:42:36     all    6.25    0.00   19.00    0.00    0.00    5.75    0.00    0.00    0.00   69.00
22:42:36       0   14.29    0.00   15.31    0.00    0.00   10.20    0.00    0.00    0.00   60.20
22:42:36       1    1.98    0.00   11.88    0.00    0.00    3.96    0.00    0.00    0.00   82.18
22:42:36       2    2.94    0.00   27.45    0.00    0.00    2.94    0.00    0.00    0.00   66.67
22:42:36       3    6.06    0.00   21.21    0.00    0.00    6.06    0.00    0.00    0.00   66.67

22:42:36     CPU    %usr   %nice    %sys %iowait    %irq   %soft  %steal  %guest  %gnice   %idle
22:42:37     all   10.05    0.00   24.37    0.00    0.00    6.78    0.00    0.00    0.00   58.79
22:42:37       0   19.00    0.00   24.00    0.00    0.00   11.00    0.00    0.00    0.00   46.00
22:42:37       1    2.00    0.00   15.00    0.00    0.00    5.00    0.00    0.00    0.00   78.00
22:42:37       2   12.12    0.00   28.28    0.00    0.00    5.05    0.00    0.00    0.00   54.55
22:42:37       3    7.07    0.00   30.30    0.00    0.00    6.06    0.00    0.00    0.00   56.57

22:42:37     CPU    %usr   %nice    %sys %iowait    %irq   %soft  %steal  %guest  %gnice   %idle
22:42:38     all    6.52    0.00   25.31    0.00    0.00    6.02    0.00    0.00    0.00   62.16
22:42:38       0   12.63    0.00   25.26    0.00    0.00    7.37    0.00    0.00    0.00   54.74
22:42:38       1    1.02    0.00   12.24    0.00    0.00    5.10    0.00    0.00    0.00   81.63
22:42:38       2    6.86    0.00   27.45    0.00    0.00    4.90    0.00    0.00    0.00   60.78
22:42:38       3    5.77    0.00   35.58    0.00    0.00    6.73    0.00    0.00    0.00   51.92

22:42:38     CPU    %usr   %nice    %sys %iowait    %irq   %soft  %steal  %guest  %gnice   %idle
22:42:39     all    8.35    0.00   27.09    0.00    0.00    6.58    0.00    0.00    0.00   57.97
22:42:39       0   17.02    0.00   27.66    0.00    0.00    9.57    0.00    0.00    0.00   45.74
22:42:39       1    2.94    0.00   17.65    0.00    0.00    4.90    0.00    0.00    0.00   74.51
22:42:39       2    6.25    0.00   28.12    0.00    0.00    4.17    0.00    0.00    0.00   61.46
22:42:39       3    7.77    0.00   34.95    0.00    0.00    7.77    0.00    0.00    0.00   49.51

22:42:39     CPU    %usr   %nice    %sys %iowait    %irq   %soft  %steal  %guest  %gnice   %idle
22:42:40     all   12.59    0.00   35.26    0.00    0.00    7.05    0.00    0.00    0.00   45.09
22:42:40       0   23.76    0.00   34.65    0.00    0.00   13.86    0.00    0.00    0.00   27.72
22:42:40       1    6.25    0.00   25.00    0.00    0.00    2.08    0.00    0.00    0.00   66.67
22:42:40       2    9.90    0.00   40.59    0.00    0.00    5.94    0.00    0.00    0.00   43.56
22:42:40       3   10.10    0.00   40.40    0.00    0.00    6.06    0.00    0.00    0.00   43.43

22:42:40     CPU    %usr   %nice    %sys %iowait    %irq   %soft  %steal  %guest  %gnice   %idle
22:42:41     all    6.58    0.00   18.16    0.00    0.00    5.79    0.00    0.00    0.00   69.47
22:42:41       0   14.77    0.00   21.59    0.00    0.00   11.36    0.00    0.00    0.00   52.27
22:42:41       1    2.11    0.00    7.37    0.00    0.00    4.21    0.00    0.00    0.00   86.32
22:42:41       2    7.22    0.00   20.62    0.00    0.00    4.12    0.00    0.00    0.00   68.04
22:42:41       3    3.00    0.00   23.00    0.00    0.00    4.00    0.00    0.00    0.00   70.00

22:42:41     CPU    %usr   %nice    %sys %iowait    %irq   %soft  %steal  %guest  %gnice   %idle
22:42:42     all    9.23    0.00   31.28    0.00    0.00    6.15    0.00    0.00    0.00   53.33
22:42:42       0   19.80    0.00   35.64    0.00    0.00    9.90    0.00    0.00    0.00   34.65
22:42:42       1    1.02    0.00   19.39    0.00    0.00    6.12    0.00    0.00    0.00   73.47
22:42:42       2    6.19    0.00   34.02    0.00    0.00    3.09    0.00    0.00    0.00   56.70
22:42:42       3    9.57    0.00   36.17    0.00    0.00    5.32    0.00    0.00    0.00   48.94

22:42:42     CPU    %usr   %nice    %sys %iowait    %irq   %soft  %steal  %guest  %gnice   %idle
22:42:43     all    6.85    0.00   24.62    0.00    0.00    6.85    0.00    0.00    0.00   61.68
22:42:43       0   13.04    0.00   25.00    0.00    0.00   10.87    0.00    0.00    0.00   51.09
22:42:43       1    2.86    0.00   15.24    0.00    0.00    7.62    0.00    0.00    0.00   74.29
22:42:43       2    6.19    0.00   26.80    0.00    0.00    4.12    0.00    0.00    0.00   62.89
22:42:43       3    6.00    0.00   32.00    0.00    0.00    5.00    0.00    0.00    0.00   57.00

22:42:43     CPU    %usr   %nice    %sys %iowait    %irq   %soft  %steal  %guest  %gnice   %idle
22:42:44     all    7.48    0.00   25.44    2.00    0.00    6.48    0.00    0.00    0.00   58.60
22:42:44       0   16.49    0.00   30.93    0.00    0.00    7.22    0.00    0.00    0.00   45.36
22:42:44       1    1.94    0.00   15.53    0.97    0.00    5.83    0.00    0.00    0.00   75.73
22:42:44       2    6.06    0.00   26.26    7.07    0.00    5.05    0.00    0.00    0.00   55.56
22:42:44       3    5.88    0.00   29.41    0.00    0.00    7.84    0.00    0.00    0.00   56.86

22:42:44     CPU    %usr   %nice    %sys %iowait    %irq   %soft  %steal  %guest  %gnice   %idle
22:42:45     all    9.74    0.00   24.62    2.05    0.00    6.41    0.00    0.00    0.00   57.18
22:42:45       0   20.83    0.00   23.96    0.00    0.00    9.38    0.00    0.00    0.00   45.83
22:42:45       1    2.02    0.00   19.19    0.00    0.00    1.01    0.00    0.00    0.00   77.78
22:42:45       2   10.20    0.00   27.55    8.16    0.00    6.12    0.00    0.00    0.00   47.96
22:42:45       3    6.19    0.00   27.84    0.00    0.00    9.28    0.00    0.00    0.00   56.70

22:42:45     CPU    %usr   %nice    %sys %iowait    %irq   %soft  %steal  %guest  %gnice   %idle
22:42:46     all    4.02    0.00   15.83    0.00    0.00    5.53    0.00    0.00    0.00   74.62
22:42:46       0    8.51    0.00   15.96    0.00    0.00    7.45    0.00    0.00    0.00   68.09
22:42:46       1    1.94    0.00    7.77    0.00    0.00    4.85    0.00    0.00    0.00   85.44
22:42:46       2    4.00    0.00   15.00    0.00    0.00    3.00    0.00    0.00    0.00   78.00
22:42:46       3    1.98    0.00   24.75    0.00    0.00    6.93    0.00    0.00    0.00   66.34

22:42:46     CPU    %usr   %nice    %sys %iowait    %irq   %soft  %steal  %guest  %gnice   %idle
22:42:47     all    9.41    0.00   29.77    0.00    0.00    6.62    0.00    0.00    0.00   54.20
22:42:47       0   13.40    0.00   35.05    0.00    0.00   11.34    0.00    0.00    0.00   40.21
22:42:47       1    5.00    0.00   22.00    0.00    0.00    4.00    0.00    0.00    0.00   69.00
22:42:47       2    9.90    0.00   30.69    0.00    0.00    4.95    0.00    0.00    0.00   54.46
22:42:47       3    9.47    0.00   31.58    0.00    0.00    6.32    0.00    0.00    0.00   52.63

22:42:47     CPU    %usr   %nice    %sys %iowait    %irq   %soft  %steal  %guest  %gnice   %idle
22:42:48     all    9.14    0.00   30.46    0.00    0.00    6.60    0.00    0.00    0.00   53.81
22:42:48       0   17.89    0.00   33.68    0.00    0.00   10.53    0.00    0.00    0.00   37.89
22:42:48       1    3.00    0.00   21.00    0.00    0.00    4.00    0.00    0.00    0.00   72.00
22:42:48       2   10.00    0.00   33.00    0.00    0.00    6.00    0.00    0.00    0.00   51.00
22:42:48       3    6.06    0.00   34.34    0.00    0.00    6.06    0.00    0.00    0.00   53.54

22:42:48     CPU    %usr   %nice    %sys %iowait    %irq   %soft  %steal  %guest  %gnice   %idle
22:42:49     all    9.49    0.00   29.49    0.00    0.00    4.87    0.00    0.00    0.00   56.15
22:42:49       0   15.46    0.00   38.14    0.00    0.00    8.25    0.00    0.00    0.00   38.14
22:42:49       1    3.09    0.00   19.59    0.00    0.00    3.09    0.00    0.00    0.00   74.23
22:42:49       2    9.09    0.00   28.28    0.00    0.00    4.04    0.00    0.00    0.00   58.59
22:42:49       3   10.31    0.00   31.96    0.00    0.00    4.12    0.00    0.00    0.00   53.61

22:42:49     CPU    %usr   %nice    %sys %iowait    %irq   %soft  %steal  %guest  %gnice   %idle
22:42:50     all    8.15    0.00   21.23    0.00    0.00    5.43    0.00    0.00    0.00   65.19
22:42:50       0   16.00    0.00   22.00    0.00    0.00    6.00    0.00    0.00    0.00   56.00
22:42:50       1    2.94    0.00   12.75    0.00    0.00    2.94    0.00    0.00    0.00   81.37
22:42:50       2    7.00    0.00   25.00    0.00    0.00    5.00    0.00    0.00    0.00   63.00
22:42:50       3    6.80    0.00   25.24    0.00    0.00    7.77    0.00    0.00    0.00   60.19

22:42:50     CPU    %usr   %nice    %sys %iowait    %irq   %soft  %steal  %guest  %gnice   %idle
22:42:51     all    8.42    0.00   24.49    0.00    0.00    3.83    0.00    0.00    0.00   63.27
22:42:51       0   17.71    0.00   26.04    0.00    0.00    7.29    0.00    0.00    0.00   48.96
22:42:51       1    2.06    0.00   12.37    0.00    0.00    2.06    0.00    0.00    0.00   83.51
22:42:51       2    7.00    0.00   29.00    0.00    0.00    3.00    0.00    0.00    0.00   61.00
22:42:51       3    7.07    0.00   30.30    0.00    0.00    3.03    0.00    0.00    0.00   59.60

22:42:51     CPU    %usr   %nice    %sys %iowait    %irq   %soft  %steal  %guest  %gnice   %idle
22:42:52     all    9.32    0.00   35.77    0.00    0.00    7.30    0.00    0.00    0.00   47.61
22:42:52       0   17.89    0.00   36.84    0.00    0.00    9.47    0.00    0.00    0.00   35.79
22:42:52       1    2.97    0.00   29.70    0.00    0.00    1.98    0.00    0.00    0.00   65.35
22:42:52       2    8.00    0.00   38.00    0.00    0.00    7.00    0.00    0.00    0.00   47.00
22:42:52       3    8.91    0.00   38.61    0.00    0.00   10.89    0.00    0.00    0.00   41.58

22:42:52     CPU    %usr   %nice    %sys %iowait    %irq   %soft  %steal  %guest  %gnice   %idle
22:42:53     all    8.84    0.00   25.51    0.00    0.00    7.83    0.00    0.00    0.00   57.83
22:42:53       0   16.30    0.00   25.00    0.00    0.00   10.87    0.00    0.00    0.00   47.83
22:42:53       1    2.97    0.00   15.84    0.00    0.00    4.95    0.00    0.00    0.00   76.24
22:42:53       2    8.91    0.00   26.73    0.00    0.00    8.91    0.00    0.00    0.00   55.45
22:42:53       3    7.84    0.00   34.31    0.00    0.00    6.86    0.00    0.00    0.00   50.98

22:42:53     CPU    %usr   %nice    %sys %iowait    %irq   %soft  %steal  %guest  %gnice   %idle
22:42:54     all    8.12    0.00   23.86    0.00    0.00    7.11    0.00    0.00    0.00   60.91
22:42:54       0   14.89    0.00   24.47    0.00    0.00   11.70    0.00    0.00    0.00   48.94
22:42:54       1    2.00    0.00   12.00    0.00    0.00    5.00    0.00    0.00    0.00   81.00
22:42:54       2    7.29    0.00   22.92    0.00    0.00    4.17    0.00    0.00    0.00   65.62
22:42:54       3    8.65    0.00   35.58    0.00    0.00    7.69    0.00    0.00    0.00   48.08

22:42:54     CPU    %usr   %nice    %sys %iowait    %irq   %soft  %steal  %guest  %gnice   %idle
22:42:55     all    9.41    0.00   30.28    0.00    0.00    7.12    0.00    0.00    0.00   53.18
22:42:55       0   15.22    0.00   32.61    0.00    0.00    9.78    0.00    0.00    0.00   42.39
22:42:55       1    5.94    0.00   23.76    0.00    0.00    2.97    0.00    0.00    0.00   67.33
22:42:55       2    9.90    0.00   32.67    0.00    0.00    6.93    0.00    0.00    0.00   50.50
22:42:55       3    7.07    0.00   32.32    0.00    0.00    9.09    0.00    0.00    0.00   51.52

22:42:55     CPU    %usr   %nice    %sys %iowait    %irq   %soft  %steal  %guest  %gnice   %idle
22:42:56     all    9.87    0.00   24.00    0.00    0.00    6.13    0.00    0.00    0.00   60.00
22:42:56       0   19.57    0.00   29.35    0.00    0.00    9.78    0.00    0.00    0.00   41.30
22:42:56       1    3.09    0.00   16.49    0.00    0.00    5.15    0.00    0.00    0.00   75.26
22:42:56       2    6.67    0.00   25.56    0.00    0.00    5.56    0.00    0.00    0.00   62.22
22:42:56       3   10.42    0.00   25.00    0.00    0.00    4.17    0.00    0.00    0.00   60.42

22:42:56     CPU    %usr   %nice    %sys %iowait    %irq   %soft  %steal  %guest  %gnice   %idle
22:42:57     all    9.16    0.00   23.66    0.00    0.00    5.85    0.00    0.00    0.00   61.32
22:42:57       0   18.56    0.00   23.71    0.00    0.00    9.28    0.00    0.00    0.00   48.45
22:42:57       1    2.15    0.00   12.90    0.00    0.00    1.08    0.00    0.00    0.00   83.87
22:42:57       2    6.86    0.00   30.39    0.00    0.00    5.88    0.00    0.00    0.00   56.86
22:42:57       3    8.91    0.00   26.73    0.00    0.00    6.93    0.00    0.00    0.00   57.43

22:42:57     CPU    %usr   %nice    %sys %iowait    %irq   %soft  %steal  %guest  %gnice   %idle
22:42:58     all    7.42    0.00   23.02    0.00    0.00    7.16    0.00    0.00    0.00   62.40
22:42:58       0   13.86    0.00   22.77    0.00    0.00   17.82    0.00    0.00    0.00   45.54
22:42:58       1    4.12    0.00   15.46    0.00    0.00    1.03    0.00    0.00    0.00   79.38
22:42:58       2    6.19    0.00   30.93    0.00    0.00    4.12    0.00    0.00    0.00   58.76
22:42:58       3    5.21    0.00   22.92    0.00    0.00    5.21    0.00    0.00    0.00   66.67

22:42:58     CPU    %usr   %nice    %sys %iowait    %irq   %soft  %steal  %guest  %gnice   %idle
22:43:00     all    8.12    0.00   22.08    0.00    0.00    4.31    0.00    0.00    0.00   65.48
22:43:00       0   15.46    0.00   26.80    0.00    0.00    7.22    0.00    0.00    0.00   50.52
22:43:00       1    3.00    0.00   15.00    0.00    0.00    1.00    0.00    0.00    0.00   81.00
22:43:00       2    5.88    0.00   23.53    0.00    0.00    4.90    0.00    0.00    0.00   65.69
22:43:00       3    8.42    0.00   23.16    0.00    0.00    4.21    0.00    0.00    0.00   64.21

22:43:00     CPU    %usr   %nice    %sys %iowait    %irq   %soft  %steal  %guest  %gnice   %idle
22:43:01     all    8.10    0.00   27.09    0.00    0.00    7.09    0.00    0.00    0.00   57.72
22:43:01       0   16.16    0.00   30.30    0.00    0.00    9.09    0.00    0.00    0.00   44.44
22:43:01       1    3.03    0.00   18.18    0.00    0.00    4.04    0.00    0.00    0.00   74.75
22:43:01       2    6.19    0.00   31.96    0.00    0.00    7.22    0.00    0.00    0.00   54.64
22:43:01       3    7.00    0.00   28.00    0.00    0.00    8.00    0.00    0.00    0.00   57.00

22:43:01     CPU    %usr   %nice    %sys %iowait    %irq   %soft  %steal  %guest  %gnice   %idle
22:43:02     all    8.78    0.00   26.33    0.00    0.00    6.12    0.00    0.00    0.00   58.78
22:43:02       0   18.48    0.00   32.61    0.00    0.00   11.96    0.00    0.00    0.00   36.96
22:43:02       1    3.09    0.00   16.49    0.00    0.00    1.03    0.00    0.00    0.00   79.38
22:43:02       2    7.53    0.00   25.81    0.00    0.00    6.45    0.00    0.00    0.00   60.22
22:43:02       3    6.38    0.00   30.85    0.00    0.00    5.32    0.00    0.00    0.00   57.45

22:43:02     CPU    %usr   %nice    %sys %iowait    %irq   %soft  %steal  %guest  %gnice   %idle
22:43:03     all    8.61    0.00   27.59    0.00    0.00    6.84    0.00    0.00    0.00   56.96
22:43:03       0   19.05    0.00   28.57    0.00    0.00   11.43    0.00    0.00    0.00   40.95
22:43:03       1    2.06    0.00   18.56    0.00    0.00    4.12    0.00    0.00    0.00   75.26
22:43:03       2    8.42    0.00   26.32    0.00    0.00    4.21    0.00    0.00    0.00   61.05
22:43:03       3    4.08    0.00   36.73    0.00    0.00    7.14    0.00    0.00    0.00   52.04

22:43:03     CPU    %usr   %nice    %sys %iowait    %irq   %soft  %steal  %guest  %gnice   %idle
22:43:04     all   10.94    0.00   38.02    0.00    0.00    9.38    0.00    0.00    0.00   41.67
22:43:04       0   11.65    0.00   33.01    0.00    0.00   26.21    0.00    0.00    0.00   29.13
22:43:04       1   12.50    0.00   35.42    0.00    0.00    2.08    0.00    0.00    0.00   50.00
22:43:04       2   10.42    0.00   43.75    0.00    0.00    3.12    0.00    0.00    0.00   42.71
22:43:04       3    8.99    0.00   40.45    0.00    0.00    4.49    0.00    0.00    0.00   46.07

22:43:04     CPU    %usr   %nice    %sys %iowait    %irq   %soft  %steal  %guest  %gnice   %idle
22:43:05     all    7.59    0.00   27.09    0.25    0.00    9.11    0.00    0.00    0.00   55.95
22:43:05       0   12.96    0.00   19.44    0.93    0.00   25.00    0.00    0.00    0.00   41.67
22:43:05       1    4.17    0.00   27.08    0.00    0.00    2.08    0.00    0.00    0.00   66.67
22:43:05       2    8.25    0.00   31.96    0.00    0.00    4.12    0.00    0.00    0.00   55.67
22:43:05       3    4.26    0.00   30.85    0.00    0.00    3.19    0.00    0.00    0.00   61.70

22:43:05     CPU    %usr   %nice    %sys %iowait    %irq   %soft  %steal  %guest  %gnice   %idle
22:43:06     all   11.39    0.00   34.43    0.00    0.00    9.62    0.00    0.00    0.00   44.56
22:43:06       0   20.75    0.00   26.42    0.00    0.00   24.53    0.00    0.00    0.00   28.30
22:43:06       1    6.25    0.00   32.29    0.00    0.00    3.12    0.00    0.00    0.00   58.33
22:43:06       2    8.42    0.00   37.89    0.00    0.00    6.32    0.00    0.00    0.00   47.37
22:43:06       3    9.18    0.00   41.84    0.00    0.00    3.06    0.00    0.00    0.00   45.92

22:43:06     CPU    %usr   %nice    %sys %iowait    %irq   %soft  %steal  %guest  %gnice   %idle
22:43:07     all   11.08    0.00   30.41    0.00    0.00    9.54    0.00    0.00    0.00   48.97
22:43:07       0   20.95    0.00   22.86    0.00    0.00   24.76    0.00    0.00    0.00   31.43
22:43:07       1    3.23    0.00   29.03    0.00    0.00    3.23    0.00    0.00    0.00   64.52
22:43:07       2    8.33    0.00   38.54    0.00    0.00    2.08    0.00    0.00    0.00   51.04
22:43:07       3   10.64    0.00   31.91    0.00    0.00    6.38    0.00    0.00    0.00   51.06

22:43:07     CPU    %usr   %nice    %sys %iowait    %irq   %soft  %steal  %guest  %gnice   %idle
22:43:08     all   11.89    0.00   36.18    0.00    0.00    8.79    0.00    0.00    0.00   43.15
22:43:08       0   16.00    0.00   37.00    0.00    0.00   20.00    0.00    0.00    0.00   27.00
22:43:08       1    6.45    0.00   29.03    0.00    0.00    2.15    0.00    0.00    0.00   62.37
22:43:08       2   13.83    0.00   36.17    0.00    0.00    6.38    0.00    0.00    0.00   43.62
22:43:08       3   11.00    0.00   42.00    0.00    0.00    6.00    0.00    0.00    0.00   41.00

22:43:08     CPU    %usr   %nice    %sys %iowait    %irq   %soft  %steal  %guest  %gnice   %idle
22:43:09     all   11.55    0.00   29.13    0.00    0.00   11.29    0.00    0.00    0.00   48.03
22:43:09       0   15.69    0.00   25.49    0.00    0.00   28.43    0.00    0.00    0.00   30.39
22:43:09       1    8.70    0.00   21.74    0.00    0.00    2.17    0.00    0.00    0.00   67.39
22:43:09       2    7.61    0.00   36.96    0.00    0.00    4.35    0.00    0.00    0.00   51.09
22:43:09       3   13.68    0.00   32.63    0.00    0.00    8.42    0.00    0.00    0.00   45.26

22:43:09     CPU    %usr   %nice    %sys %iowait    %irq   %soft  %steal  %guest  %gnice   %idle
22:43:10     all   10.10    0.00   28.28    0.25    0.00    9.09    0.00    0.00    0.00   52.27
22:43:10       0   19.63    0.00   18.69    0.00    0.00   24.30    0.00    0.00    0.00   37.38
22:43:10       1    5.15    0.00   25.77    0.00    0.00    3.09    0.00    0.00    0.00   65.98
22:43:10       2    6.19    0.00   37.11    0.00    0.00    3.09    0.00    0.00    0.00   53.61
22:43:10       3    8.42    0.00   32.63    1.05    0.00    4.21    0.00    0.00    0.00   53.68

22:43:10     CPU    %usr   %nice    %sys %iowait    %irq   %soft  %steal  %guest  %gnice   %idle
22:43:11     all   10.53    0.00   31.84    0.26    0.00   11.58    0.00    0.00    0.00   45.79
22:43:11       0   18.63    0.00   26.47    0.00    0.00   29.41    0.00    0.00    0.00   25.49
22:43:11       1    7.69    0.00   27.47    0.00    0.00    4.40    0.00    0.00    0.00   60.44
22:43:11       2    5.32    0.00   39.36    1.06    0.00    6.38    0.00    0.00    0.00   47.87
22:43:11       3    9.68    0.00   34.41    0.00    0.00    4.30    0.00    0.00    0.00   51.61

22:43:11     CPU    %usr   %nice    %sys %iowait    %irq   %soft  %steal  %guest  %gnice   %idle
22:43:12     all   10.00    0.00   30.79    0.00    0.00    9.47    0.00    0.00    0.00   49.74
22:43:12       0   19.80    0.00   25.74    0.00    0.00   25.74    0.00    0.00    0.00   28.71
22:43:12       1    4.49    0.00   25.84    0.00    0.00    1.12    0.00    0.00    0.00   68.54
22:43:12       2    5.43    0.00   33.70    0.00    0.00    3.26    0.00    0.00    0.00   57.61
22:43:12       3    9.18    0.00   37.76    0.00    0.00    6.12    0.00    0.00    0.00   46.94

22:43:12     CPU    %usr   %nice    %sys %iowait    %irq   %soft  %steal  %guest  %gnice   %idle
22:43:13     all    9.69    0.00   34.44    0.00    0.00   11.99    0.00    0.00    0.00   43.88
22:43:13       0   13.89    0.00   27.78    0.00    0.00   31.48    0.00    0.00    0.00   26.85
22:43:13       1    5.15    0.00   28.87    0.00    0.00    1.03    0.00    0.00    0.00   64.95
22:43:13       2    8.42    0.00   41.05    0.00    0.00    7.37    0.00    0.00    0.00   43.16
22:43:13       3   10.87    0.00   41.30    0.00    0.00    5.43    0.00    0.00    0.00   42.39

22:43:13     CPU    %usr   %nice    %sys %iowait    %irq   %soft  %steal  %guest  %gnice   %idle
22:43:14     all   10.49    0.00   29.92    0.00    0.00    9.21    0.00    0.00    0.00   50.38
22:43:14       0   20.00    0.00   20.00    0.00    0.00   23.81    0.00    0.00    0.00   36.19
22:43:14       1    2.06    0.00   26.80    0.00    0.00    3.09    0.00    0.00    0.00   68.04
22:43:14       2    8.42    0.00   36.84    0.00    0.00    3.16    0.00    0.00    0.00   51.58
22:43:14       3   10.64    0.00   37.23    0.00    0.00    5.32    0.00    0.00    0.00   46.81

22:43:14     CPU    %usr   %nice    %sys %iowait    %irq   %soft  %steal  %guest  %gnice   %idle
22:43:15     all    8.82    0.00   26.20    0.00    0.00    6.55    0.00    0.00    0.00   58.44
22:43:15       0   10.78    0.00   22.55    0.00    0.00   19.61    0.00    0.00    0.00   47.06
22:43:15       1    5.94    0.00   24.75    0.00    0.00    1.98    0.00    0.00    0.00   67.33
22:43:15       2    8.25    0.00   29.90    0.00    0.00    2.06    0.00    0.00    0.00   59.79
22:43:15       3   10.31    0.00   27.84    0.00    0.00    2.06    0.00    0.00    0.00   59.79

22:43:15     CPU    %usr   %nice    %sys %iowait    %irq   %soft  %steal  %guest  %gnice   %idle
22:43:16     all    9.04    0.00   33.85    0.00    0.00   10.34    0.00    0.00    0.00   46.77
22:43:16       0   16.19    0.00   25.71    0.00    0.00   28.57    0.00    0.00    0.00   29.52
22:43:16       1    6.12    0.00   33.67    0.00    0.00    0.00    0.00    0.00    0.00   60.20
22:43:16       2    8.51    0.00   37.23    0.00    0.00    5.32    0.00    0.00    0.00   48.94
22:43:16       3    4.44    0.00   40.00    0.00    0.00    5.56    0.00    0.00    0.00   50.00

22:43:16     CPU    %usr   %nice    %sys %iowait    %irq   %soft  %steal  %guest  %gnice   %idle
22:43:17     all   11.62    0.00   35.10    0.00    0.00   11.62    0.00    0.00    0.00   41.67
22:43:17       0   17.31    0.00   26.92    0.00    0.00   29.81    0.00    0.00    0.00   25.96
22:43:17       1    8.25    0.00   28.87    0.00    0.00    4.12    0.00    0.00    0.00   58.76
22:43:17       2    9.28    0.00   45.36    0.00    0.00    4.12    0.00    0.00    0.00   41.24
22:43:17       3   11.22    0.00   39.80    0.00    0.00    7.14    0.00    0.00    0.00   41.84

22:43:17     CPU    %usr   %nice    %sys %iowait    %irq   %soft  %steal  %guest  %gnice   %idle
22:43:18     all   10.36    0.00   32.64    0.00    0.00    9.59    0.00    0.00    0.00   47.41
22:43:18       0   16.00    0.00   28.00    0.00    0.00   26.00    0.00    0.00    0.00   30.00
22:43:18       1    6.45    0.00   30.11    0.00    0.00    3.23    0.00    0.00    0.00   60.22
22:43:18       2    7.45    0.00   36.17    0.00    0.00    5.32    0.00    0.00    0.00   51.06
22:43:18       3   11.11    0.00   36.36    0.00    0.00    3.03    0.00    0.00    0.00   49.49

22:43:18     CPU    %usr   %nice    %sys %iowait    %irq   %soft  %steal  %guest  %gnice   %idle
22:43:19     all   13.30    0.00   39.13    0.00    0.00    8.44    0.00    0.00    0.00   39.13
22:43:19       0   21.15    0.00   32.69    0.00    0.00   25.00    0.00    0.00    0.00   21.15
22:43:19       1    8.42    0.00   32.63    0.00    0.00    1.05    0.00    0.00    0.00   57.89
22:43:19       2   10.31    0.00   47.42    0.00    0.00    3.09    0.00    0.00    0.00   39.18
22:43:19       3   12.63    0.00   44.21    0.00    0.00    3.16    0.00    0.00    0.00   40.00

22:43:19     CPU    %usr   %nice    %sys %iowait    %irq   %soft  %steal  %guest  %gnice   %idle
22:43:20     all   11.43    0.00   37.40    0.00    0.00   10.65    0.00    0.00    0.00   40.52
22:43:20       0   19.19    0.00   33.33    0.00    0.00   25.25    0.00    0.00    0.00   22.22
22:43:20       1    6.32    0.00   30.53    0.00    0.00    4.21    0.00    0.00    0.00   58.95
22:43:20       2   11.22    0.00   41.84    0.00    0.00    6.12    0.00    0.00    0.00   40.82
22:43:20       3    8.60    0.00   44.09    0.00    0.00    6.45    0.00    0.00    0.00   40.86

22:43:20     CPU    %usr   %nice    %sys %iowait    %irq   %soft  %steal  %guest  %gnice   %idle
22:43:21     all   10.90    0.00   28.46    0.00    0.00    9.84    0.00    0.00    0.00   50.80
22:43:21       0   19.59    0.00   25.77    0.00    0.00   25.77    0.00    0.00    0.00   28.87
22:43:21       1    6.45    0.00   23.66    0.00    0.00    0.00    0.00    0.00    0.00   69.89
22:43:21       2    8.33    0.00   32.29    0.00    0.00    7.29    0.00    0.00    0.00   52.08
22:43:21       3    8.89    0.00   32.22    0.00    0.00    5.56    0.00    0.00    0.00   53.33

22:43:21     CPU    %usr   %nice    %sys %iowait    %irq   %soft  %steal  %guest  %gnice   %idle
22:43:22     all    9.74    0.00   35.13    0.00    0.00   11.79    0.00    0.00    0.00   43.33
22:43:22       0   13.86    0.00   27.72    0.00    0.00   30.69    0.00    0.00    0.00   27.72
22:43:22       1    5.10    0.00   33.67    0.00    0.00    4.08    0.00    0.00    0.00   57.14
22:43:22       2   11.46    0.00   40.62    0.00    0.00    6.25    0.00    0.00    0.00   41.67
22:43:22       3    8.42    0.00   38.95    0.00    0.00    5.26    0.00    0.00    0.00   47.37

22:43:22     CPU    %usr   %nice    %sys %iowait    %irq   %soft  %steal  %guest  %gnice   %idle
22:43:23     all   10.83    0.00   34.51    0.00    0.00   10.08    0.00    0.00    0.00   44.58
22:43:23       0   15.38    0.00   28.85    0.00    0.00   27.88    0.00    0.00    0.00   27.88
22:43:23       1    7.00    0.00   33.00    0.00    0.00    2.00    0.00    0.00    0.00   58.00
22:43:23       2   12.24    0.00   37.76    0.00    0.00    4.08    0.00    0.00    0.00   45.92
22:43:23       3    8.42    0.00   38.95    0.00    0.00    5.26    0.00    0.00    0.00   47.37

22:43:23     CPU    %usr   %nice    %sys %iowait    %irq   %soft  %steal  %guest  %gnice   %idle
22:43:24     all   11.26    0.00   37.70    0.00    0.00    9.95    0.00    0.00    0.00   41.10
22:43:24       0   21.15    0.00   32.69    0.00    0.00   23.08    0.00    0.00    0.00   23.08
22:43:24       1    4.44    0.00   28.89    0.00    0.00    2.22    0.00    0.00    0.00   64.44
22:43:24       2    7.29    0.00   46.88    0.00    0.00    7.29    0.00    0.00    0.00   38.54
22:43:24       3   10.87    0.00   42.39    0.00    0.00    5.43    0.00    0.00    0.00   41.30

22:43:24     CPU    %usr   %nice    %sys %iowait    %irq   %soft  %steal  %guest  %gnice   %idle
22:43:25     all    9.64    0.00   33.33    0.26    0.00   10.68    0.00    0.00    0.00   46.09
22:43:25       0   15.69    0.00   30.39    0.00    0.00   27.45    0.00    0.00    0.00   26.47
22:43:25       1    6.52    0.00   23.91    1.09    0.00    2.17    0.00    0.00    0.00   66.30
22:43:25       2    8.60    0.00   37.63    0.00    0.00    5.38    0.00    0.00    0.00   48.39
22:43:25       3    7.22    0.00   41.24    0.00    0.00    6.19    0.00    0.00    0.00   45.36

22:43:25     CPU    %usr   %nice    %sys %iowait    %irq   %soft  %steal  %guest  %gnice   %idle
22:43:26     all    9.51    0.00   27.76    0.00    0.00    9.51    0.00    0.00    0.00   53.21
22:43:26       0   15.00    0.00   21.00    0.00    0.00   28.00    0.00    0.00    0.00   36.00
22:43:26       1    6.25    0.00   28.12    0.00    0.00    2.08    0.00    0.00    0.00   63.54
22:43:26       2    7.14    0.00   32.65    0.00    0.00    3.06    0.00    0.00    0.00   57.14
22:43:26       3    9.47    0.00   29.47    0.00    0.00    4.21    0.00    0.00    0.00   56.84

22:43:26     CPU    %usr   %nice    %sys %iowait    %irq   %soft  %steal  %guest  %gnice   %idle
22:43:27     all   10.51    0.00   31.27    0.00    0.00   10.24    0.00    0.00    0.00   47.98
22:43:27       0   18.95    0.00   27.37    0.00    0.00   25.26    0.00    0.00    0.00   28.42
22:43:27       1    4.49    0.00   24.72    0.00    0.00    3.37    0.00    0.00    0.00   67.42
22:43:27       2   11.46    0.00   37.50    0.00    0.00    5.21    0.00    0.00    0.00   45.83
22:43:27       3    6.59    0.00   35.16    0.00    0.00    6.59    0.00    0.00    0.00   51.65

22:43:27     CPU    %usr   %nice    %sys %iowait    %irq   %soft  %steal  %guest  %gnice   %idle
22:43:28     all    8.00    0.00   30.50    0.00    0.00   10.00    0.00    0.00    0.00   51.50
22:43:28       0   11.43    0.00   24.76    0.00    0.00   26.67    0.00    0.00    0.00   37.14
22:43:28       1    3.12    0.00   29.17    0.00    0.00    2.08    0.00    0.00    0.00   65.62
22:43:28       2    6.32    0.00   33.68    0.00    0.00    5.26    0.00    0.00    0.00   54.74
22:43:28       3   10.58    0.00   34.62    0.00    0.00    4.81    0.00    0.00    0.00   50.00

22:43:28     CPU    %usr   %nice    %sys %iowait    %irq   %soft  %steal  %guest  %gnice   %idle
22:43:29     all    9.35    0.00   32.73    0.00    0.00   10.65    0.00    0.00    0.00   47.27
22:43:29       0   17.48    0.00   23.30    0.00    0.00   28.16    0.00    0.00    0.00   31.07
22:43:29       1    3.16    0.00   30.53    0.00    0.00    2.11    0.00    0.00    0.00   64.21
22:43:29       2   11.58    0.00   36.84    0.00    0.00    3.16    0.00    0.00    0.00   48.42
22:43:29       3    4.35    0.00   41.30    0.00    0.00    7.61    0.00    0.00    0.00   46.74

22:43:29     CPU    %usr   %nice    %sys %iowait    %irq   %soft  %steal  %guest  %gnice   %idle
22:43:30     all   10.49    0.00   29.67    0.00    0.00   11.00    0.00    0.00    0.00   48.85
22:43:30       0   16.82    0.00   20.56    0.00    0.00   28.97    0.00    0.00    0.00   33.64
22:43:30       1    6.06    0.00   31.31    0.00    0.00    1.01    0.00    0.00    0.00   61.62
22:43:30       2    8.60    0.00   32.26    0.00    0.00    5.38    0.00    0.00    0.00   53.76
22:43:30       3    9.78    0.00   35.87    0.00    0.00    6.52    0.00    0.00    0.00   47.83

22:43:30     CPU    %usr   %nice    %sys %iowait    %irq   %soft  %steal  %guest  %gnice   %idle
22:43:31     all    9.79    0.00   38.14    0.00    0.00   10.57    0.00    0.00    0.00   41.49
22:43:31       0   19.19    0.00   26.26    0.00    0.00   27.27    0.00    0.00    0.00   27.27
22:43:31       1    4.30    0.00   34.41    0.00    0.00    1.08    0.00    0.00    0.00   60.22
22:43:31       2    9.47    0.00   45.26    0.00    0.00    6.32    0.00    0.00    0.00   38.95
22:43:31       3    5.94    0.00   46.53    0.00    0.00    6.93    0.00    0.00    0.00   40.59

22:43:31     CPU    %usr   %nice    %sys %iowait    %irq   %soft  %steal  %guest  %gnice   %idle
22:43:32     all   11.14    0.00   34.43    0.00    0.00    9.37    0.00    0.00    0.00   45.06
22:43:32       0   20.00    0.00   25.45    0.00    0.00   25.45    0.00    0.00    0.00   29.09
22:43:32       1    5.10    0.00   31.63    0.00    0.00    2.04    0.00    0.00    0.00   61.22
22:43:32       2    6.45    0.00   46.24    0.00    0.00    2.15    0.00    0.00    0.00   45.16
22:43:32       3   11.70    0.00   36.17    0.00    0.00    5.32    0.00    0.00    0.00   46.81

22:43:32     CPU    %usr   %nice    %sys %iowait    %irq   %soft  %steal  %guest  %gnice   %idle
22:43:33     all   12.85    0.00   34.96    0.26    0.00   13.37    0.00    0.00    0.00   38.56
22:43:33       0   18.18    0.00   28.28    0.00    0.00   33.33    0.00    0.00    0.00   20.20
22:43:33       1   12.37    0.00   30.93    0.00    0.00    4.12    0.00    0.00    0.00   52.58
22:43:33       2   11.34    0.00   41.24    1.03    0.00    6.19    0.00    0.00    0.00   40.21
22:43:33       3    9.38    0.00   39.58    0.00    0.00    9.38    0.00    0.00    0.00   41.67

22:43:33     CPU    %usr   %nice    %sys %iowait    %irq   %soft  %steal  %guest  %gnice   %idle
22:43:34     all   11.79    0.00   35.38    0.00    0.00    8.72    0.00    0.00    0.00   44.10
22:43:34       0   20.56    0.00   29.91    0.00    0.00   20.56    0.00    0.00    0.00   28.97
22:43:34       1    4.40    0.00   28.57    0.00    0.00    3.30    0.00    0.00    0.00   63.74
22:43:34       2   11.34    0.00   42.27    0.00    0.00    5.15    0.00    0.00    0.00   41.24
22:43:34       3    9.47    0.00   41.05    0.00    0.00    4.21    0.00    0.00    0.00   45.26

Average:     CPU    %usr   %nice    %sys %iowait    %irq   %soft  %steal  %guest  %gnice   %idle
Average:     all    8.75    0.00   27.02    0.09    0.00    7.54    0.00    0.00    0.00   56.61
Average:       0   15.57    0.00   25.05    0.02    0.00   17.20    0.00    0.00    0.00   42.16
Average:       1    4.05    0.00   21.02    0.05    0.00    2.79    0.00    0.00    0.00   72.10
Average:       2    7.58    0.00   30.76    0.27    0.00    4.53    0.00    0.00    0.00   56.86
Average:       3    7.61    0.00   31.28    0.02    0.00    5.38    0.00    0.00    0.00   55.72
