Linux 5.15.0-171-generic (cloudnet-s05) 	05/19/2026 	_x86_64_	(8 CPU)

12:34:28 PM  CPU    %usr   %nice    %sys %iowait    %irq   %soft  %steal  %guest  %gnice   %idle
12:34:29 PM  all    0.88    0.00    1.12    0.00    0.00    0.00    0.00    0.00    0.00   98.00
12:34:29 PM    0    0.00    0.00    2.00    0.00    0.00    0.00    0.00    0.00    0.00   98.00
12:34:29 PM    1    2.00    0.00    2.00    0.00    0.00    0.00    0.00    0.00    0.00   96.00
12:34:29 PM    2    0.99    0.00    0.99    0.00    0.00    0.00    0.00    0.00    0.00   98.02
12:34:29 PM    3    3.00    0.00    2.00    0.00    0.00    0.00    0.00    0.00    0.00   95.00
12:34:29 PM    4    0.00    0.00    0.00    0.00    0.00    0.00    0.00    0.00    0.00  100.00
12:34:29 PM    5    0.99    0.00    0.99    0.00    0.00    0.00    0.00    0.00    0.00   98.02
12:34:29 PM    6    0.00    0.00    0.00    0.00    0.00    0.00    0.00    0.00    0.00  100.00
12:34:29 PM    7    0.00    0.00    1.01    0.00    0.00    0.00    0.00    0.00    0.00   98.99

12:34:29 PM  CPU    %usr   %nice    %sys %iowait    %irq   %soft  %steal  %guest  %gnice   %idle
12:34:30 PM  all    0.13    0.00    0.00    0.00    0.00    0.00    0.00    0.00    0.00   99.87
12:34:30 PM    0    0.00    0.00    0.00    0.00    0.00    0.00    0.00    0.00    0.00  100.00
12:34:30 PM    1    0.00    0.00    0.00    0.00    0.00    0.00    0.00    0.00    0.00  100.00
12:34:30 PM    2    0.00    0.00    0.00    0.00    0.00    0.00    0.00    0.00    0.00  100.00
12:34:30 PM    3    0.00    0.00    0.00    0.00    0.00    0.00    0.00    0.00    0.00  100.00
12:34:30 PM    4    1.00    0.00    0.00    0.00    0.00    0.00    0.00    0.00    0.00   99.00
12:34:30 PM    5    0.00    0.00    0.00    0.00    0.00    0.00    0.00    0.00    0.00  100.00
12:34:30 PM    6    0.00    0.00    0.00    0.00    0.00    0.00    0.00    0.00    0.00  100.00
12:34:30 PM    7    0.00    0.00    0.00    0.00    0.00    0.00    0.00    0.00    0.00  100.00

12:34:30 PM  CPU    %usr   %nice    %sys %iowait    %irq   %soft  %steal  %guest  %gnice   %idle
12:34:31 PM  all    0.13    0.00    0.00    1.63    0.00    0.00    0.00    0.00    0.00   98.25
12:34:31 PM    0    0.00    0.00    0.00    0.00    0.00    0.00    0.00    0.00    0.00  100.00
12:34:31 PM    1    0.99    0.00    0.00    0.00    0.00    0.00    0.00    0.00    0.00   99.01
12:34:31 PM    2    0.00    0.00    0.00    0.00    0.00    0.00    0.00    0.00    0.00  100.00
12:34:31 PM    3    0.00    0.00    0.00   13.13    0.00    0.00    0.00    0.00    0.00   86.87
12:34:31 PM    4    0.00    0.00    0.00    0.00    0.00    0.00    0.00    0.00    0.00  100.00
12:34:31 PM    5    0.00    0.00    0.00    0.00    0.00    0.00    0.00    0.00    0.00  100.00
12:34:31 PM    6    0.00    0.00    0.00    0.00    0.00    0.00    0.00    0.00    0.00  100.00
12:34:31 PM    7    0.00    0.00    0.00    0.00    0.00    0.00    0.00    0.00    0.00  100.00

12:34:31 PM  CPU    %usr   %nice    %sys %iowait    %irq   %soft  %steal  %guest  %gnice   %idle
12:34:32 PM  all    2.82    0.00    2.25    0.42    0.00    0.14    0.00    0.00    0.00   94.37
12:34:32 PM    0    2.25    0.00    1.12    0.00    0.00    0.00    0.00    0.00    0.00   96.63
12:34:32 PM    1    3.33    0.00    2.22    0.00    0.00    0.00    0.00    0.00    0.00   94.44
12:34:32 PM    2    2.27    0.00    1.14    1.14    0.00    0.00    0.00    0.00    0.00   95.45
12:34:32 PM    3    3.30    0.00    1.10    1.10    0.00    0.00    0.00    0.00    0.00   94.51
12:34:32 PM    4    5.56    0.00    4.44    0.00    0.00    1.11    0.00    0.00    0.00   88.89
12:34:32 PM    5    2.30    0.00    2.30    0.00    0.00    0.00    0.00    0.00    0.00   95.40
12:34:32 PM    6    1.15    0.00    2.30    1.15    0.00    0.00    0.00    0.00    0.00   95.40
12:34:32 PM    7    2.27    0.00    3.41    0.00    0.00    0.00    0.00    0.00    0.00   94.32

12:34:32 PM  CPU    %usr   %nice    %sys %iowait    %irq   %soft  %steal  %guest  %gnice   %idle
12:34:33 PM  all    6.41    0.00    8.54    0.00    0.00    0.93    0.00    0.00    0.00   84.11
12:34:33 PM    0    6.32    0.00   11.58    0.00    0.00    1.05    0.00    0.00    0.00   81.05
12:34:33 PM    1    8.25    0.00   10.31    0.00    0.00    1.03    0.00    0.00    0.00   80.41
12:34:33 PM    2    6.52    0.00    7.61    0.00    0.00    2.17    0.00    0.00    0.00   83.70
12:34:33 PM    3   11.83    0.00    5.38    0.00    0.00    1.08    0.00    0.00    0.00   81.72
12:34:33 PM    4    5.26    0.00    9.47    0.00    0.00    0.00    0.00    0.00    0.00   85.26
12:34:33 PM    5    4.40    0.00    6.59    0.00    0.00    0.00    0.00    0.00    0.00   89.01
12:34:33 PM    6    4.35    0.00    7.61    0.00    0.00    1.09    0.00    0.00    0.00   86.96
12:34:33 PM    7    4.26    0.00    9.57    0.00    0.00    1.06    0.00    0.00    0.00   85.11

12:34:33 PM  CPU    %usr   %nice    %sys %iowait    %irq   %soft  %steal  %guest  %gnice   %idle
12:34:34 PM  all    3.53    0.00    2.96    0.00    0.00    0.56    0.00    0.00    0.00   92.95
12:34:34 PM    0    3.41    0.00    4.55    0.00    0.00    1.14    0.00    0.00    0.00   90.91
12:34:34 PM    1    5.68    0.00    2.27    0.00    0.00    1.14    0.00    0.00    0.00   90.91
12:34:34 PM    2    6.82    0.00    3.41    0.00    0.00    0.00    0.00    0.00    0.00   89.77
12:34:34 PM    3    2.30    0.00    4.60    0.00    0.00    1.15    0.00    0.00    0.00   91.95
12:34:34 PM    4    3.26    0.00    3.26    0.00    0.00    0.00    0.00    0.00    0.00   93.48
12:34:34 PM    5    2.27    0.00    2.27    0.00    0.00    0.00    0.00    0.00    0.00   95.45
12:34:34 PM    6    2.25    0.00    2.25    0.00    0.00    1.12    0.00    0.00    0.00   94.38
12:34:34 PM    7    2.25    0.00    1.12    0.00    0.00    0.00    0.00    0.00    0.00   96.63

12:34:34 PM  CPU    %usr   %nice    %sys %iowait    %irq   %soft  %steal  %guest  %gnice   %idle
12:34:35 PM  all    4.41    0.00    4.27    0.00    0.00    1.56    0.00    0.00    0.00   89.76
12:34:35 PM    0    3.53    0.00    2.35    0.00    0.00    1.18    0.00    0.00    0.00   92.94
12:34:35 PM    1    5.49    0.00    4.40    0.00    0.00    1.10    0.00    0.00    0.00   89.01
12:34:35 PM    2    6.90    0.00    3.45    0.00    0.00    1.15    0.00    0.00    0.00   88.51
12:34:35 PM    3    3.45    0.00    2.30    0.00    0.00    2.30    0.00    0.00    0.00   91.95
12:34:35 PM    4    4.60    0.00    5.75    0.00    0.00    1.15    0.00    0.00    0.00   88.51
12:34:35 PM    5    3.45    0.00    4.60    0.00    0.00    2.30    0.00    0.00    0.00   89.66
12:34:35 PM    6    3.41    0.00    5.68    0.00    0.00    1.14    0.00    0.00    0.00   89.77
12:34:35 PM    7    4.40    0.00    5.49    0.00    0.00    2.20    0.00    0.00    0.00   87.91

12:34:35 PM  CPU    %usr   %nice    %sys %iowait    %irq   %soft  %steal  %guest  %gnice   %idle
12:34:36 PM  all    4.71    0.00    7.57    0.14    0.00    0.71    0.00    0.00    0.00   86.86
12:34:36 PM    0    5.62    0.00    8.99    0.00    0.00    1.12    0.00    0.00    0.00   84.27
12:34:36 PM    1    2.20    0.00   12.09    0.00    0.00    0.00    0.00    0.00    0.00   85.71
12:34:36 PM    2    4.40    0.00    7.69    0.00    0.00    2.20    0.00    0.00    0.00   85.71
12:34:36 PM    3    1.14    0.00    9.09    0.00    0.00    0.00    0.00    0.00    0.00   89.77
12:34:36 PM    4    3.53    0.00    8.24    0.00    0.00    1.18    0.00    0.00    0.00   87.06
12:34:36 PM    5    4.71    0.00    5.88    1.18    0.00    0.00    0.00    0.00    0.00   88.24
12:34:36 PM    6    9.20    0.00    4.60    0.00    0.00    1.15    0.00    0.00    0.00   85.06
12:34:36 PM    7    7.14    0.00    3.57    0.00    0.00    0.00    0.00    0.00    0.00   89.29

12:34:36 PM  CPU    %usr   %nice    %sys %iowait    %irq   %soft  %steal  %guest  %gnice   %idle
12:34:37 PM  all    6.34    0.00    9.66    0.28    0.00    2.48    0.00    0.00    0.00   81.24
12:34:37 PM    0    4.35    0.00   10.87    0.00    0.00    2.17    0.00    0.00    0.00   82.61
12:34:37 PM    1    9.28    0.00   11.34    0.00    0.00    3.09    0.00    0.00    0.00   76.29
12:34:37 PM    2    4.76    0.00    9.52    0.00    0.00    0.00    0.00    0.00    0.00   85.71
12:34:37 PM    3    8.51    0.00   10.64    0.00    0.00    2.13    0.00    0.00    0.00   78.72
12:34:37 PM    4    6.52    0.00    9.78    0.00    0.00    4.35    0.00    0.00    0.00   79.35
12:34:37 PM    5    5.62    0.00   10.11    1.12    0.00    2.25    0.00    0.00    0.00   80.90
12:34:37 PM    6    4.55    0.00   10.23    1.14    0.00    1.14    0.00    0.00    0.00   82.95
12:34:37 PM    7    6.74    0.00    4.49    0.00    0.00    4.49    0.00    0.00    0.00   84.27

12:34:37 PM  CPU    %usr   %nice    %sys %iowait    %irq   %soft  %steal  %guest  %gnice   %idle
12:34:38 PM  all    7.59    0.00   10.48    0.00    0.00    2.62    0.00    0.00    0.00   79.31
12:34:38 PM    0    8.70    0.00   10.87    0.00    0.00    2.17    0.00    0.00    0.00   78.26
12:34:38 PM    1    8.99    0.00    8.99    0.00    0.00    3.37    0.00    0.00    0.00   78.65
12:34:38 PM    2    6.67    0.00   12.22    0.00    0.00    2.22    0.00    0.00    0.00   78.89
12:34:38 PM    3    8.99    0.00    8.99    0.00    0.00    3.37    0.00    0.00    0.00   78.65
12:34:38 PM    4    5.49    0.00   12.09    0.00    0.00    2.20    0.00    0.00    0.00   80.22
12:34:38 PM    5    8.60    0.00    9.68    0.00    0.00    4.30    0.00    0.00    0.00   77.42
12:34:38 PM    6    5.49    0.00   10.99    0.00    0.00    2.20    0.00    0.00    0.00   81.32
12:34:38 PM    7    7.78    0.00   10.00    0.00    0.00    1.11    0.00    0.00    0.00   81.11

12:34:38 PM  CPU    %usr   %nice    %sys %iowait    %irq   %soft  %steal  %guest  %gnice   %idle
12:34:39 PM  all    5.58    0.00   11.30    0.00    0.00    2.00    0.00    0.00    0.00   81.12
12:34:39 PM    0    7.06    0.00    9.41    0.00    0.00    2.35    0.00    0.00    0.00   81.18
12:34:39 PM    1    6.98    0.00   11.63    0.00    0.00    2.33    0.00    0.00    0.00   79.07
12:34:39 PM    2   10.11    0.00   10.11    0.00    0.00    2.25    0.00    0.00    0.00   77.53
12:34:39 PM    3    8.24    0.00   10.59    0.00    0.00    2.35    0.00    0.00    0.00   78.82
12:34:39 PM    4    3.41    0.00   11.36    0.00    0.00    1.14    0.00    0.00    0.00   84.09
12:34:39 PM    5    3.30    0.00   14.29    0.00    0.00    3.30    0.00    0.00    0.00   79.12
12:34:39 PM    6    2.35    0.00    9.41    0.00    0.00    0.00    0.00    0.00    0.00   88.24
12:34:39 PM    7    3.33    0.00   13.33    0.00    0.00    2.22    0.00    0.00    0.00   81.11

12:34:39 PM  CPU    %usr   %nice    %sys %iowait    %irq   %soft  %steal  %guest  %gnice   %idle
12:34:40 PM  all    1.90    0.00    3.50    0.00    0.00    0.73    0.00    0.00    0.00   93.87
12:34:40 PM    0    2.30    0.00    3.45    0.00    0.00    0.00    0.00    0.00    0.00   94.25
12:34:40 PM    1    2.22    0.00    5.56    0.00    0.00    1.11    0.00    0.00    0.00   91.11
12:34:40 PM    2    3.41    0.00    3.41    0.00    0.00    0.00    0.00    0.00    0.00   93.18
12:34:40 PM    3    1.14    0.00    4.55    0.00    0.00    0.00    0.00    0.00    0.00   94.32
12:34:40 PM    4    1.20    0.00    1.20    0.00    0.00    1.20    0.00    0.00    0.00   96.39
12:34:40 PM    5    1.22    0.00    1.22    0.00    0.00    2.44    0.00    0.00    0.00   95.12
12:34:40 PM    6    1.20    0.00    3.61    0.00    0.00    0.00    0.00    0.00    0.00   95.18
12:34:40 PM    7    2.38    0.00    4.76    0.00    0.00    1.19    0.00    0.00    0.00   91.67

12:34:40 PM  CPU    %usr   %nice    %sys %iowait    %irq   %soft  %steal  %guest  %gnice   %idle
12:34:41 PM  all    5.23    0.00    6.93    0.00    0.00    1.41    0.00    0.00    0.00   86.42
12:34:41 PM    0    4.40    0.00    7.69    0.00    0.00    1.10    0.00    0.00    0.00   86.81
12:34:41 PM    1    4.55    0.00    6.82    0.00    0.00    1.14    0.00    0.00    0.00   87.50
12:34:41 PM    2    2.27    0.00    6.82    0.00    0.00    2.27    0.00    0.00    0.00   88.64
12:34:41 PM    3    2.27    0.00    7.95    0.00    0.00    1.14    0.00    0.00    0.00   88.64
12:34:41 PM    4    6.74    0.00    8.99    0.00    0.00    2.25    0.00    0.00    0.00   82.02
12:34:41 PM    5    4.71    0.00    7.06    0.00    0.00    0.00    0.00    0.00    0.00   88.24
12:34:41 PM    6    6.82    0.00    6.82    0.00    0.00    1.14    0.00    0.00    0.00   85.23
12:34:41 PM    7   10.00    0.00    3.33    0.00    0.00    2.22    0.00    0.00    0.00   84.44

12:34:41 PM  CPU    %usr   %nice    %sys %iowait    %irq   %soft  %steal  %guest  %gnice   %idle
12:34:42 PM  all    3.99    0.00    6.41    0.28    0.00    1.14    0.00    0.00    0.00   88.18
12:34:42 PM    0    4.65    0.00    4.65    0.00    0.00    1.16    0.00    0.00    0.00   89.53
12:34:42 PM    1    2.25    0.00    6.74    0.00    0.00    1.12    0.00    0.00    0.00   89.89
12:34:42 PM    2    4.40    0.00    8.79    0.00    0.00    0.00    0.00    0.00    0.00   86.81
12:34:42 PM    3    2.27    0.00    5.68    0.00    0.00    2.27    0.00    0.00    0.00   89.77
12:34:42 PM    4    3.49    0.00    6.98    0.00    0.00    1.16    0.00    0.00    0.00   88.37
12:34:42 PM    5    6.74    0.00    7.87    1.12    0.00    1.12    0.00    0.00    0.00   83.15
12:34:42 PM    6    5.68    0.00    6.82    0.00    0.00    1.14    0.00    0.00    0.00   86.36
12:34:42 PM    7    2.35    0.00    3.53    1.18    0.00    1.18    0.00    0.00    0.00   91.76

12:34:42 PM  CPU    %usr   %nice    %sys %iowait    %irq   %soft  %steal  %guest  %gnice   %idle
12:34:43 PM  all    5.35    0.00    5.92    0.00    0.00    1.27    0.00    0.00    0.00   87.46
12:34:43 PM    0    3.33    0.00    3.33    0.00    0.00    2.22    0.00    0.00    0.00   91.11
12:34:43 PM    1    4.44    0.00    7.78    0.00    0.00    1.11    0.00    0.00    0.00   86.67
12:34:43 PM    2    4.49    0.00    8.99    0.00    0.00    0.00    0.00    0.00    0.00   86.52
12:34:43 PM    3    4.55    0.00    5.68    0.00    0.00    1.14    0.00    0.00    0.00   88.64
12:34:43 PM    4    6.82    0.00    4.55    0.00    0.00    2.27    0.00    0.00    0.00   86.36
12:34:43 PM    5    6.82    0.00    6.82    0.00    0.00    0.00    0.00    0.00    0.00   86.36
12:34:43 PM    6    5.68    0.00    5.68    0.00    0.00    1.14    0.00    0.00    0.00   87.50
12:34:43 PM    7    6.74    0.00    4.49    0.00    0.00    2.25    0.00    0.00    0.00   86.52

12:34:43 PM  CPU    %usr   %nice    %sys %iowait    %irq   %soft  %steal  %guest  %gnice   %idle
12:34:44 PM  all    5.15    0.00    8.50    0.00    0.00    1.53    0.00    0.00    0.00   84.82
12:34:44 PM    0    5.68    0.00   10.23    0.00    0.00    0.00    0.00    0.00    0.00   84.09
12:34:44 PM    1    5.68    0.00    9.09    0.00    0.00    2.27    0.00    0.00    0.00   82.95
12:34:44 PM    2    8.89    0.00    7.78    0.00    0.00    1.11    0.00    0.00    0.00   82.22
12:34:44 PM    3    5.88    0.00    5.88    0.00    0.00    1.18    0.00    0.00    0.00   87.06
12:34:44 PM    4    3.23    0.00    9.68    0.00    0.00    1.08    0.00    0.00    0.00   86.02
12:34:44 PM    5    2.25    0.00    6.74    0.00    0.00    2.25    0.00    0.00    0.00   88.76
12:34:44 PM    6    3.37    0.00    7.87    0.00    0.00    1.12    0.00    0.00    0.00   87.64
12:34:44 PM    7    6.25    0.00   10.42    0.00    0.00    3.12    0.00    0.00    0.00   80.21

12:34:44 PM  CPU    %usr   %nice    %sys %iowait    %irq   %soft  %steal  %guest  %gnice   %idle
12:34:45 PM  all    7.10    0.00   10.66    0.00    0.00    2.73    0.00    0.00    0.00   79.51
12:34:45 PM    0    6.45    0.00   11.83    0.00    0.00    2.15    0.00    0.00    0.00   79.57
12:34:45 PM    1    6.38    0.00    8.51    0.00    0.00    3.19    0.00    0.00    0.00   81.91
12:34:45 PM    2    8.08    0.00   14.14    0.00    0.00    4.04    0.00    0.00    0.00   73.74
12:34:45 PM    3    5.49    0.00    9.89    0.00    0.00    3.30    0.00    0.00    0.00   81.32
12:34:45 PM    4    7.87    0.00   10.11    0.00    0.00    2.25    0.00    0.00    0.00   79.78
12:34:45 PM    5    7.95    0.00    9.09    0.00    0.00    3.41    0.00    0.00    0.00   79.55
12:34:45 PM    6    7.78    0.00   12.22    0.00    0.00    2.22    0.00    0.00    0.00   77.78
12:34:45 PM    7    6.82    0.00    9.09    0.00    0.00    1.14    0.00    0.00    0.00   82.95

12:34:45 PM  CPU    %usr   %nice    %sys %iowait    %irq   %soft  %steal  %guest  %gnice   %idle
12:34:46 PM  all    4.49    0.00    6.45    0.00    0.00    1.40    0.00    0.00    0.00   87.66
12:34:46 PM    0    5.62    0.00    8.99    0.00    0.00    0.00    0.00    0.00    0.00   85.39
12:34:46 PM    1    4.40    0.00    8.79    0.00    0.00    1.10    0.00    0.00    0.00   85.71
12:34:46 PM    2    2.27    0.00    6.82    0.00    0.00    1.14    0.00    0.00    0.00   89.77
12:34:46 PM    3    3.37    0.00    8.99    0.00    0.00    2.25    0.00    0.00    0.00   85.39
12:34:46 PM    4    6.74    0.00    4.49    0.00    0.00    2.25    0.00    0.00    0.00   86.52
12:34:46 PM    5    4.49    0.00    4.49    0.00    0.00    1.12    0.00    0.00    0.00   89.89
12:34:46 PM    6    4.49    0.00    4.49    0.00    0.00    1.12    0.00    0.00    0.00   89.89
12:34:46 PM    7    4.49    0.00    4.49    0.00    0.00    2.25    0.00    0.00    0.00   88.76

12:34:46 PM  CPU    %usr   %nice    %sys %iowait    %irq   %soft  %steal  %guest  %gnice   %idle
12:34:47 PM  all    1.74    0.00    1.45    1.59    0.00    0.29    0.00    0.00    0.00   94.93
12:34:47 PM    0    2.27    0.00    2.27    0.00    0.00    0.00    0.00    0.00    0.00   95.45
12:34:47 PM    1    1.18    0.00    0.00    0.00    0.00    1.18    0.00    0.00    0.00   97.65
12:34:47 PM    2    3.53    0.00    1.18    0.00    0.00    0.00    0.00    0.00    0.00   95.29
12:34:47 PM    3    1.20    0.00    1.20    0.00    0.00    0.00    0.00    0.00    0.00   97.59
12:34:47 PM    4    1.14    0.00    1.14    4.55    0.00    1.14    0.00    0.00    0.00   92.05
12:34:47 PM    5    1.14    0.00    2.27    6.82    0.00    0.00    0.00    0.00    0.00   89.77
12:34:47 PM    6    1.14    0.00    2.27    1.14    0.00    0.00    0.00    0.00    0.00   95.45
12:34:47 PM    7    2.33    0.00    1.16    0.00    0.00    0.00    0.00    0.00    0.00   96.51

12:34:47 PM  CPU    %usr   %nice    %sys %iowait    %irq   %soft  %steal  %guest  %gnice   %idle
12:34:48 PM  all    2.16    0.00    4.32    0.00    0.00    0.86    0.00    0.00    0.00   92.66
12:34:48 PM    0    2.30    0.00    5.75    0.00    0.00    1.15    0.00    0.00    0.00   90.80
12:34:48 PM    1    4.55    0.00    2.27    0.00    0.00    2.27    0.00    0.00    0.00   90.91
12:34:48 PM    2    2.38    0.00    3.57    0.00    0.00    0.00    0.00    0.00    0.00   94.05
12:34:48 PM    3    2.33    0.00    3.49    0.00    0.00    1.16    0.00    0.00    0.00   93.02
12:34:48 PM    4    1.16    0.00    4.65    0.00    0.00    0.00    0.00    0.00    0.00   94.19
12:34:48 PM    5    0.00    0.00    6.90    0.00    0.00    0.00    0.00    0.00    0.00   93.10
12:34:48 PM    6    3.41    0.00    2.27    0.00    0.00    1.14    0.00    0.00    0.00   93.18
12:34:48 PM    7    1.12    0.00    5.62    0.00    0.00    1.12    0.00    0.00    0.00   92.13

12:34:48 PM  CPU    %usr   %nice    %sys %iowait    %irq   %soft  %steal  %guest  %gnice   %idle
12:34:49 PM  all    6.87    0.00   15.09    0.00    0.00    2.96    0.00    0.00    0.00   75.07
12:34:49 PM    0    5.26    0.00   17.89    0.00    0.00    3.16    0.00    0.00    0.00   73.68
12:34:49 PM    1    4.26    0.00   17.02    0.00    0.00    2.13    0.00    0.00    0.00   76.60
12:34:49 PM    2    7.53    0.00   13.98    0.00    0.00    2.15    0.00    0.00    0.00   76.34
12:34:49 PM    3    8.33    0.00   16.67    0.00    0.00    0.00    0.00    0.00    0.00   75.00
12:34:49 PM    4    7.69    0.00   13.19    0.00    0.00    2.20    0.00    0.00    0.00   76.92
12:34:49 PM    5    4.49    0.00   15.73    0.00    0.00    4.49    0.00    0.00    0.00   75.28
12:34:49 PM    6    8.79    0.00   12.09    0.00    0.00    4.40    0.00    0.00    0.00   74.73
12:34:49 PM    7    8.60    0.00   13.98    0.00    0.00    5.38    0.00    0.00    0.00   72.04

12:34:49 PM  CPU    %usr   %nice    %sys %iowait    %irq   %soft  %steal  %guest  %gnice   %idle
12:34:50 PM  all    5.19    0.00    8.65    0.00    0.00    2.02    0.00    0.00    0.00   84.15
12:34:50 PM    0    3.49    0.00    8.14    0.00    0.00    2.33    0.00    0.00    0.00   86.05
12:34:50 PM    1    3.45    0.00   11.49    0.00    0.00    1.15    0.00    0.00    0.00   83.91
12:34:50 PM    2    4.55    0.00    9.09    0.00    0.00    2.27    0.00    0.00    0.00   84.09
12:34:50 PM    3    2.38    0.00    8.33    0.00    0.00    3.57    0.00    0.00    0.00   85.71
12:34:50 PM    4    7.06    0.00    7.06    0.00    0.00    1.18    0.00    0.00    0.00   84.71
12:34:50 PM    5    5.81    0.00    6.98    0.00    0.00    3.49    0.00    0.00    0.00   83.72
12:34:50 PM    6    8.99    0.00    8.99    0.00    0.00    1.12    0.00    0.00    0.00   80.90
12:34:50 PM    7    5.62    0.00    8.99    0.00    0.00    1.12    0.00    0.00    0.00   84.27

12:34:50 PM  CPU    %usr   %nice    %sys %iowait    %irq   %soft  %steal  %guest  %gnice   %idle
12:34:51 PM  all    2.17    0.00    3.47    0.00    0.00    1.45    0.00    0.00    0.00   92.92
12:34:51 PM    0    2.25    0.00    4.49    0.00    0.00    2.25    0.00    0.00    0.00   91.01
12:34:51 PM    1    1.15    0.00    3.45    0.00    0.00    2.30    0.00    0.00    0.00   93.10
12:34:51 PM    2    1.19    0.00    3.57    0.00    0.00    1.19    0.00    0.00    0.00   94.05
12:34:51 PM    3    2.30    0.00    2.30    0.00    0.00    1.15    0.00    0.00    0.00   94.25
12:34:51 PM    4    4.65    0.00    3.49    0.00    0.00    1.16    0.00    0.00    0.00   90.70
12:34:51 PM    5    3.45    0.00    3.45    0.00    0.00    1.15    0.00    0.00    0.00   91.95
12:34:51 PM    6    1.16    0.00    4.65    0.00    0.00    0.00    0.00    0.00    0.00   94.19
12:34:51 PM    7    1.16    0.00    2.33    0.00    0.00    2.33    0.00    0.00    0.00   94.19

12:34:51 PM  CPU    %usr   %nice    %sys %iowait    %irq   %soft  %steal  %guest  %gnice   %idle
12:34:52 PM  all    0.88    0.00    1.46    0.15    0.00    0.73    0.00    0.00    0.00   96.78
12:34:52 PM    0    0.00    0.00    0.00    0.00    0.00    0.00    0.00    0.00    0.00  100.00
12:34:52 PM    1    2.30    0.00    1.15    0.00    0.00    2.30    0.00    0.00    0.00   94.25
12:34:52 PM    2    1.18    0.00    1.18    0.00    0.00    1.18    0.00    0.00    0.00   96.47
12:34:52 PM    3    0.00    0.00    2.38    0.00    0.00    1.19    0.00    0.00    0.00   96.43
12:34:52 PM    4    1.16    0.00    2.33    1.16    0.00    1.16    0.00    0.00    0.00   94.19
12:34:52 PM    5    0.00    0.00    1.16    0.00    0.00    0.00    0.00    0.00    0.00   98.84
12:34:52 PM    6    0.00    0.00    2.38    0.00    0.00    0.00    0.00    0.00    0.00   97.62
12:34:52 PM    7    2.30    0.00    1.15    0.00    0.00    0.00    0.00    0.00    0.00   96.55

12:34:52 PM  CPU    %usr   %nice    %sys %iowait    %irq   %soft  %steal  %guest  %gnice   %idle
12:34:53 PM  all    1.45    0.00    2.03    0.00    0.00    0.29    0.00    0.00    0.00   96.23
12:34:53 PM    0    1.19    0.00    2.38    0.00    0.00    0.00    0.00    0.00    0.00   96.43
12:34:53 PM    1    1.20    0.00    1.20    0.00    0.00    0.00    0.00    0.00    0.00   97.59
12:34:53 PM    2    1.19    0.00    2.38    0.00    0.00    0.00    0.00    0.00    0.00   96.43
12:34:53 PM    3    3.53    0.00    1.18    0.00    0.00    0.00    0.00    0.00    0.00   95.29
12:34:53 PM    4    1.14    0.00    1.14    0.00    0.00    0.00    0.00    0.00    0.00   97.73
12:34:53 PM    5    1.14    0.00    1.14    0.00    0.00    0.00    0.00    0.00    0.00   97.73
12:34:53 PM    6    1.10    0.00    3.30    0.00    0.00    1.10    0.00    0.00    0.00   94.51
12:34:53 PM    7    1.15    0.00    3.45    0.00    0.00    1.15    0.00    0.00    0.00   94.25

12:34:53 PM  CPU    %usr   %nice    %sys %iowait    %irq   %soft  %steal  %guest  %gnice   %idle
12:34:54 PM  all    1.88    0.00    3.62    0.00    0.00    0.72    0.00    0.00    0.00   93.78
12:34:54 PM    0    1.19    0.00    3.57    0.00    0.00    0.00    0.00    0.00    0.00   95.24
12:34:54 PM    1    2.38    0.00    3.57    0.00    0.00    0.00    0.00    0.00    0.00   94.05
12:34:54 PM    2    2.30    0.00    3.45    0.00    0.00    1.15    0.00    0.00    0.00   93.10
12:34:54 PM    3    3.49    0.00    2.33    0.00    0.00    1.16    0.00    0.00    0.00   93.02
12:34:54 PM    4    1.15    0.00    4.60    0.00    0.00    0.00    0.00    0.00    0.00   94.25
12:34:54 PM    5    2.27    0.00    3.41    0.00    0.00    1.14    0.00    0.00    0.00   93.18
12:34:54 PM    6    1.14    0.00    4.55    0.00    0.00    1.14    0.00    0.00    0.00   93.18
12:34:54 PM    7    1.15    0.00    3.45    0.00    0.00    1.15    0.00    0.00    0.00   94.25

12:34:54 PM  CPU    %usr   %nice    %sys %iowait    %irq   %soft  %steal  %guest  %gnice   %idle
12:34:55 PM  all    0.86    0.00    2.14    0.00    0.00    0.43    0.00    0.00    0.00   96.57
12:34:55 PM    0    0.00    0.00    1.19    0.00    0.00    0.00    0.00    0.00    0.00   98.81
12:34:55 PM    1    1.12    0.00    2.25    0.00    0.00    1.12    0.00    0.00    0.00   95.51
12:34:55 PM    2    1.16    0.00    1.16    0.00    0.00    0.00    0.00    0.00    0.00   97.67
12:34:55 PM    3    0.00    0.00    1.16    0.00    0.00    0.00    0.00    0.00    0.00   98.84
12:34:55 PM    4    1.14    0.00    3.41    0.00    0.00    1.14    0.00    0.00    0.00   94.32
12:34:55 PM    5    0.00    0.00    2.27    0.00    0.00    1.14    0.00    0.00    0.00   96.59
12:34:55 PM    6    1.16    0.00    2.33    0.00    0.00    0.00    0.00    0.00    0.00   96.51
12:34:55 PM    7    2.15    0.00    3.23    0.00    0.00    0.00    0.00    0.00    0.00   94.62

12:34:55 PM  CPU    %usr   %nice    %sys %iowait    %irq   %soft  %steal  %guest  %gnice   %idle
12:34:56 PM  all    4.94    0.00    7.20    0.00    0.00    1.84    0.00    0.00    0.00   86.02
12:34:56 PM    0    2.27    0.00    6.82    0.00    0.00    2.27    0.00    0.00    0.00   88.64
12:34:56 PM    1    3.33    0.00    8.89    0.00    0.00    1.11    0.00    0.00    0.00   86.67
12:34:56 PM    2    4.44    0.00    6.67    0.00    0.00    2.22    0.00    0.00    0.00   86.67
12:34:56 PM    3    5.49    0.00    7.69    0.00    0.00    1.10    0.00    0.00    0.00   85.71
12:34:56 PM    4    6.82    0.00    6.82    0.00    0.00    1.14    0.00    0.00    0.00   85.23
12:34:56 PM    5    5.75    0.00    5.75    0.00    0.00    2.30    0.00    0.00    0.00   86.21
12:34:56 PM    6    5.75    0.00    5.75    0.00    0.00    3.45    0.00    0.00    0.00   85.06
12:34:56 PM    7    5.75    0.00    9.20    0.00    0.00    1.15    0.00    0.00    0.00   83.91

12:34:56 PM  CPU    %usr   %nice    %sys %iowait    %irq   %soft  %steal  %guest  %gnice   %idle
12:34:57 PM  all   12.43    0.00   16.62    0.41    0.00    2.97    0.00    0.00    0.00   67.57
12:34:57 PM    0   13.13    0.00   18.18    0.00    0.00    2.02    0.00    0.00    0.00   66.67
12:34:57 PM    1    9.68    0.00   19.35    0.00    0.00    1.08    0.00    0.00    0.00   69.89
12:34:57 PM    2    9.68    0.00   15.05    0.00    0.00    2.15    0.00    0.00    0.00   73.12
12:34:57 PM    3    9.78    0.00   16.30    0.00    0.00    3.26    0.00    0.00    0.00   70.65
12:34:57 PM    4   13.83    0.00   17.02    2.13    0.00    4.26    0.00    0.00    0.00   62.77
12:34:57 PM    5   15.73    0.00   17.98    0.00    0.00    2.25    0.00    0.00    0.00   64.04
12:34:57 PM    6   14.13    0.00   14.13    0.00    0.00    4.35    0.00    0.00    0.00   67.39
12:34:57 PM    7   13.64    0.00   14.77    1.14    0.00    4.55    0.00    0.00    0.00   65.91

12:34:57 PM  CPU    %usr   %nice    %sys %iowait    %irq   %soft  %steal  %guest  %gnice   %idle
12:34:58 PM  all    8.54    0.00   15.89    0.00    0.00    2.40    0.00    0.00    0.00   73.16
12:34:58 PM    0    9.28    0.00   19.59    0.00    0.00    2.06    0.00    0.00    0.00   69.07
12:34:58 PM    1    6.67    0.00   14.44    0.00    0.00    2.22    0.00    0.00    0.00   76.67
12:34:58 PM    2    5.68    0.00   14.77    0.00    0.00    2.27    0.00    0.00    0.00   77.27
12:34:58 PM    3   11.34    0.00   17.53    0.00    0.00    1.03    0.00    0.00    0.00   70.10
12:34:58 PM    4    9.28    0.00   15.46    0.00    0.00    4.12    0.00    0.00    0.00   71.13
12:34:58 PM    5    7.37    0.00   14.74    0.00    0.00    4.21    0.00    0.00    0.00   73.68
12:34:58 PM    6   11.24    0.00   12.36    0.00    0.00    2.25    0.00    0.00    0.00   74.16
12:34:58 PM    7    7.29    0.00   17.71    0.00    0.00    1.04    0.00    0.00    0.00   73.96

12:34:58 PM  CPU    %usr   %nice    %sys %iowait    %irq   %soft  %steal  %guest  %gnice   %idle
12:34:59 PM  all    7.53    0.00   14.11    0.00    0.00    3.23    0.00    0.00    0.00   75.13
12:34:59 PM    0    9.68    0.00   12.90    0.00    0.00    4.30    0.00    0.00    0.00   73.12
12:34:59 PM    1    6.59    0.00   15.38    0.00    0.00    2.20    0.00    0.00    0.00   75.82
12:34:59 PM    2    8.51    0.00   13.83    0.00    0.00    6.38    0.00    0.00    0.00   71.28
12:34:59 PM    3    6.45    0.00   12.90    0.00    0.00    4.30    0.00    0.00    0.00   76.34
12:34:59 PM    4    5.38    0.00   13.98    0.00    0.00    2.15    0.00    0.00    0.00   78.49
12:34:59 PM    5    8.60    0.00   12.90    0.00    0.00    2.15    0.00    0.00    0.00   76.34
12:34:59 PM    6    6.59    0.00   15.38    0.00    0.00    2.20    0.00    0.00    0.00   75.82
12:34:59 PM    7    8.33    0.00   15.62    0.00    0.00    2.08    0.00    0.00    0.00   73.96

12:34:59 PM  CPU    %usr   %nice    %sys %iowait    %irq   %soft  %steal  %guest  %gnice   %idle
12:35:00 PM  all    2.58    0.00    7.62    0.00    0.00    2.58    0.00    0.00    0.00   87.21
12:35:00 PM    0    3.12    0.00    5.21    0.00    0.00    4.17    0.00    0.00    0.00   87.50
12:35:00 PM    1    2.97    0.00   12.87    0.00    0.00    2.97    0.00    0.00    0.00   81.19
12:35:00 PM    2    3.09    0.00    9.28    0.00    0.00    1.03    0.00    0.00    0.00   86.60
12:35:00 PM    3    2.11    0.00    8.42    0.00    0.00    2.11    0.00    0.00    0.00   87.37
12:35:00 PM    4    1.05    0.00    5.26    0.00    0.00    3.16    0.00    0.00    0.00   90.53
12:35:00 PM    5    3.12    0.00    6.25    0.00    0.00    1.04    0.00    0.00    0.00   89.58
12:35:00 PM    6    2.04    0.00    8.16    0.00    0.00    3.06    0.00    0.00    0.00   86.73
12:35:00 PM    7    3.12    0.00    5.21    0.00    0.00    3.12    0.00    0.00    0.00   88.54

12:35:00 PM  CPU    %usr   %nice    %sys %iowait    %irq   %soft  %steal  %guest  %gnice   %idle
12:35:01 PM  all    4.19    0.00    8.91    0.00    0.00    2.36    0.00    0.00    0.00   84.53
12:35:01 PM    0    5.10    0.00   10.20    0.00    0.00    2.04    0.00    0.00    0.00   82.65
12:35:01 PM    1    3.26    0.00    7.61    0.00    0.00    2.17    0.00    0.00    0.00   86.96
12:35:01 PM    2    3.06    0.00   12.24    0.00    0.00    4.08    0.00    0.00    0.00   80.61
12:35:01 PM    3    6.25    0.00    8.33    0.00    0.00    1.04    0.00    0.00    0.00   84.38
12:35:01 PM    4    3.16    0.00    9.47    0.00    0.00    0.00    0.00    0.00    0.00   87.37
12:35:01 PM    5    3.12    0.00   10.42    0.00    0.00    3.12    0.00    0.00    0.00   83.33
12:35:01 PM    6    4.17    0.00    7.29    0.00    0.00    4.17    0.00    0.00    0.00   84.38
12:35:01 PM    7    5.43    0.00    5.43    0.00    0.00    2.17    0.00    0.00    0.00   86.96

12:35:01 PM  CPU    %usr   %nice    %sys %iowait    %irq   %soft  %steal  %guest  %gnice   %idle
12:35:02 PM  all    4.09    0.00    9.06    1.24    0.00    2.48    0.00    0.00    0.00   83.13
12:35:02 PM    0    3.96    0.00    9.90    8.91    0.00    0.99    0.00    0.00    0.00   76.24
12:35:02 PM    1    5.83    0.00    8.74    0.00    0.00    2.91    0.00    0.00    0.00   82.52
12:35:02 PM    2    4.00    0.00   10.00    0.00    0.00    3.00    0.00    0.00    0.00   83.00
12:35:02 PM    3    2.00    0.00    7.00    0.00    0.00    3.00    0.00    0.00    0.00   88.00
12:35:02 PM    4    4.04    0.00    9.09    1.01    0.00    1.01    0.00    0.00    0.00   84.85
12:35:02 PM    5    5.77    0.00   10.58    0.00    0.00    2.88    0.00    0.00    0.00   80.77
12:35:02 PM    6    3.92    0.00    9.80    0.00    0.00    2.94    0.00    0.00    0.00   83.33
12:35:02 PM    7    3.09    0.00    7.22    0.00    0.00    3.09    0.00    0.00    0.00   86.60

12:35:02 PM  CPU    %usr   %nice    %sys %iowait    %irq   %soft  %steal  %guest  %gnice   %idle
12:35:03 PM  all    5.88    0.00    9.38    0.00    0.00    3.75    0.00    0.00    0.00   81.00
12:35:03 PM    0    8.91    0.00    8.91    0.00    0.00    2.97    0.00    0.00    0.00   79.21
12:35:03 PM    1    5.00    0.00   10.00    0.00    0.00    4.00    0.00    0.00    0.00   81.00
12:35:03 PM    2    6.00    0.00   12.00    0.00    0.00    3.00    0.00    0.00    0.00   79.00
12:35:03 PM    3    8.08    0.00    9.09    0.00    0.00    4.04    0.00    0.00    0.00   78.79
12:35:03 PM    4    4.08    0.00    7.14    0.00    0.00    5.10    0.00    0.00    0.00   83.67
12:35:03 PM    5    4.00    0.00    9.00    0.00    0.00    3.00    0.00    0.00    0.00   84.00
12:35:03 PM    6    3.92    0.00   11.76    0.00    0.00    4.90    0.00    0.00    0.00   79.41
12:35:03 PM    7    7.00    0.00    7.00    0.00    0.00    3.00    0.00    0.00    0.00   83.00

12:35:03 PM  CPU    %usr   %nice    %sys %iowait    %irq   %soft  %steal  %guest  %gnice   %idle
12:35:04 PM  all    9.47    0.00   13.40    0.00    0.00    1.89    0.00    0.00    0.00   75.24
12:35:04 PM    0    7.69    0.00   10.99    0.00    0.00    1.10    0.00    0.00    0.00   80.22
12:35:04 PM    1    5.49    0.00   10.99    0.00    0.00    2.20    0.00    0.00    0.00   81.32
12:35:04 PM    2   10.42    0.00   14.58    0.00    0.00    1.04    0.00    0.00    0.00   73.96
12:35:04 PM    3    6.38    0.00   19.15    0.00    0.00    2.13    0.00    0.00    0.00   72.34
12:35:04 PM    4    9.89    0.00   12.09    0.00    0.00    3.30    0.00    0.00    0.00   74.73
12:35:04 PM    5   11.96    0.00   13.04    0.00    0.00    2.17    0.00    0.00    0.00   72.83
12:35:04 PM    6   14.74    0.00   12.63    0.00    0.00    2.11    0.00    0.00    0.00   70.53
12:35:04 PM    7    8.99    0.00   13.48    0.00    0.00    1.12    0.00    0.00    0.00   76.40

12:35:04 PM  CPU    %usr   %nice    %sys %iowait    %irq   %soft  %steal  %guest  %gnice   %idle
12:35:05 PM  all   10.21    0.00   15.31    0.00    0.00    4.06    0.00    0.00    0.00   70.42
12:35:05 PM    0    8.25    0.00   15.46    0.00    0.00    4.12    0.00    0.00    0.00   72.16
12:35:05 PM    1    8.00    0.00   20.00    0.00    0.00    3.00    0.00    0.00    0.00   69.00
12:35:05 PM    2    7.45    0.00   14.89    0.00    0.00    4.26    0.00    0.00    0.00   73.40
12:35:05 PM    3    9.57    0.00   15.96    0.00    0.00    3.19    0.00    0.00    0.00   71.28
12:35:05 PM    4   12.63    0.00   15.79    0.00    0.00    3.16    0.00    0.00    0.00   68.42
12:35:05 PM    5   10.75    0.00   13.98    0.00    0.00    3.23    0.00    0.00    0.00   72.04
12:35:05 PM    6   13.68    0.00   11.58    0.00    0.00    5.26    0.00    0.00    0.00   69.47
12:35:05 PM    7   11.46    0.00   14.58    0.00    0.00    6.25    0.00    0.00    0.00   67.71

12:35:05 PM  CPU    %usr   %nice    %sys %iowait    %irq   %soft  %steal  %guest  %gnice   %idle
12:35:06 PM  all    7.20    0.00   11.18    0.00    0.00    2.96    0.00    0.00    0.00   78.66
12:35:06 PM    0    8.33    0.00    7.29    0.00    0.00    3.12    0.00    0.00    0.00   81.25
12:35:06 PM    1    7.45    0.00    8.51    0.00    0.00    2.13    0.00    0.00    0.00   81.91
12:35:06 PM    2    5.10    0.00   14.29    0.00    0.00    3.06    0.00    0.00    0.00   77.55
12:35:06 PM    3    7.22    0.00   10.31    0.00    0.00    3.09    0.00    0.00    0.00   79.38
12:35:06 PM    4    6.93    0.00   14.85    0.00    0.00    2.97    0.00    0.00    0.00   75.25
12:35:06 PM    5    7.45    0.00    9.57    0.00    0.00    2.13    0.00    0.00    0.00   80.85
12:35:06 PM    6    6.32    0.00   10.53    0.00    0.00    2.11    0.00    0.00    0.00   81.05
12:35:06 PM    7    8.74    0.00   13.59    0.00    0.00    4.85    0.00    0.00    0.00   72.82

12:35:06 PM  CPU    %usr   %nice    %sys %iowait    %irq   %soft  %steal  %guest  %gnice   %idle
12:35:07 PM  all    7.23    0.00   12.06    0.23    0.00    2.76    0.00    0.00    0.00   77.73
12:35:07 PM    0    8.04    0.00   12.50    0.00    0.00    1.79    0.00    0.00    0.00   77.68
12:35:07 PM    1    2.94    0.00    5.88    0.00    0.00    1.96    0.00    0.00    0.00   89.22
12:35:07 PM    2    8.70    0.00   13.91    0.00    0.00    4.35    0.00    0.00    0.00   73.04
12:35:07 PM    3    7.34    0.00   11.01    0.00    0.00    2.75    0.00    0.00    0.00   78.90
12:35:07 PM    4    6.48    0.00   12.96    0.93    0.00    3.70    0.00    0.00    0.00   75.93
12:35:07 PM    5    8.33    0.00   12.04    0.00    0.00    3.70    0.00    0.00    0.00   75.93
12:35:07 PM    6    8.11    0.00   15.32    0.00    0.00    1.80    0.00    0.00    0.00   74.77
12:35:07 PM    7    7.55    0.00   12.26    0.94    0.00    1.89    0.00    0.00    0.00   77.36

12:35:07 PM  CPU    %usr   %nice    %sys %iowait    %irq   %soft  %steal  %guest  %gnice   %idle
12:35:08 PM  all    7.74    0.00   12.66    0.00    0.00    2.93    0.00    0.00    0.00   76.67
12:35:08 PM    0    7.62    0.00   11.43    0.00    0.00    3.81    0.00    0.00    0.00   77.14
12:35:08 PM    1    8.65    0.00   11.54    0.00    0.00    1.92    0.00    0.00    0.00   77.88
12:35:08 PM    2    8.26    0.00   13.76    0.00    0.00    3.67    0.00    0.00    0.00   74.31
12:35:08 PM    3    7.55    0.00   13.21    0.00    0.00    0.94    0.00    0.00    0.00   78.30
12:35:08 PM    4    7.55    0.00   11.32    0.00    0.00    3.77    0.00    0.00    0.00   77.36
12:35:08 PM    5    8.57    0.00    9.52    0.00    0.00    2.86    0.00    0.00    0.00   79.05
12:35:08 PM    6    5.66    0.00   14.15    0.00    0.00    3.77    0.00    0.00    0.00   76.42
12:35:08 PM    7    8.04    0.00   16.07    0.00    0.00    2.68    0.00    0.00    0.00   73.21

12:35:08 PM  CPU    %usr   %nice    %sys %iowait    %irq   %soft  %steal  %guest  %gnice   %idle
12:35:09 PM  all    7.13    0.00   14.61    0.00    0.00    2.53    0.00    0.00    0.00   75.72
12:35:09 PM    0    7.27    0.00   15.45    0.00    0.00    1.82    0.00    0.00    0.00   75.45
12:35:09 PM    1    5.50    0.00   15.60    0.00    0.00    2.75    0.00    0.00    0.00   76.15
12:35:09 PM    2    6.42    0.00   16.51    0.00    0.00    2.75    0.00    0.00    0.00   74.31
12:35:09 PM    3    7.96    0.00   16.81    0.00    0.00    2.65    0.00    0.00    0.00   72.57
12:35:09 PM    4    6.60    0.00   13.21    0.00    0.00    1.89    0.00    0.00    0.00   78.30
12:35:09 PM    5   10.28    0.00   11.21    0.00    0.00    1.87    0.00    0.00    0.00   76.64
12:35:09 PM    6    4.81    0.00   13.46    0.00    0.00    1.92    0.00    0.00    0.00   79.81
12:35:09 PM    7    8.11    0.00   14.41    0.00    0.00    4.50    0.00    0.00    0.00   72.97

12:35:09 PM  CPU    %usr   %nice    %sys %iowait    %irq   %soft  %steal  %guest  %gnice   %idle
12:35:10 PM  all    8.84    0.00   12.48    0.13    0.00    2.86    0.00    0.00    0.00   75.68
12:35:10 PM    0    7.61    0.00    9.78    0.00    0.00    2.17    0.00    0.00    0.00   80.43
12:35:10 PM    1    7.53    0.00   12.90    0.00    0.00    1.08    0.00    0.00    0.00   78.49
12:35:10 PM    2    8.42    0.00   12.63    0.00    0.00    2.11    0.00    0.00    0.00   76.84
12:35:10 PM    3    8.33    0.00   13.54    0.00    0.00    2.08    0.00    0.00    0.00   76.04
12:35:10 PM    4   11.46    0.00    9.38    1.04    0.00    4.17    0.00    0.00    0.00   73.96
12:35:10 PM    5    7.14    0.00   14.29    0.00    0.00    2.04    0.00    0.00    0.00   76.53
12:35:10 PM    6    9.00    0.00   15.00    0.00    0.00    4.00    0.00    0.00    0.00   72.00
12:35:10 PM    7   11.11    0.00   12.12    0.00    0.00    5.05    0.00    0.00    0.00   71.72

12:35:10 PM  CPU    %usr   %nice    %sys %iowait    %irq   %soft  %steal  %guest  %gnice   %idle
12:35:11 PM  all   11.06    0.00   18.09    0.00    0.00    3.52    0.00    0.00    0.00   67.34
12:35:11 PM    0    8.70    0.00   13.04    0.00    0.00    2.17    0.00    0.00    0.00   76.09
12:35:11 PM    1    8.00    0.00   16.00    0.00    0.00    4.00    0.00    0.00    0.00   72.00
12:35:11 PM    2    7.92    0.00   20.79    0.00    0.00    3.96    0.00    0.00    0.00   67.33
12:35:11 PM    3    7.07    0.00   19.19    0.00    0.00    2.02    0.00    0.00    0.00   71.72
12:35:11 PM    4   15.69    0.00   19.61    0.00    0.00    2.94    0.00    0.00    0.00   61.76
12:35:11 PM    5   12.24    0.00   19.39    0.00    0.00    3.06    0.00    0.00    0.00   65.31
12:35:11 PM    6   14.95    0.00   20.56    0.00    0.00    5.61    0.00    0.00    0.00   58.88
12:35:11 PM    7   13.40    0.00   15.46    0.00    0.00    4.12    0.00    0.00    0.00   67.01

12:35:11 PM  CPU    %usr   %nice    %sys %iowait    %irq   %soft  %steal  %guest  %gnice   %idle
12:35:12 PM  all    7.15    0.00   17.44    0.33    0.00    2.06    0.00    0.00    0.00   73.02
12:35:12 PM    0    8.55    0.00   17.95    0.00    0.00    1.71    0.00    0.00    0.00   71.79
12:35:12 PM    1    6.78    0.00   22.88    0.00    0.00    0.85    0.00    0.00    0.00   69.49
12:35:12 PM    2    7.08    0.00   17.70    0.00    0.00    1.77    0.00    0.00    0.00   73.45
12:35:12 PM    3    7.89    0.00   17.54    0.00    0.00    1.75    0.00    0.00    0.00   72.81
12:35:12 PM    4    8.70    0.00   15.65    2.61    0.00    1.74    0.00    0.00    0.00   71.30
12:35:12 PM    5    7.89    0.00   13.16    0.00    0.00    1.75    0.00    0.00    0.00   77.19
12:35:12 PM    6    5.17    0.00   15.52    0.00    0.00    4.31    0.00    0.00    0.00   75.00
12:35:12 PM    7    5.17    0.00   18.97    0.00    0.00    2.59    0.00    0.00    0.00   73.28

12:35:12 PM  CPU    %usr   %nice    %sys %iowait    %irq   %soft  %steal  %guest  %gnice   %idle
12:35:13 PM  all    8.22    0.00   16.44    0.00    0.00    2.33    0.00    0.00    0.00   73.00
12:35:13 PM    0    6.42    0.00   15.60    0.00    0.00    3.67    0.00    0.00    0.00   74.31
12:35:13 PM    1    8.04    0.00   17.86    0.00    0.00    1.79    0.00    0.00    0.00   72.32
12:35:13 PM    2    8.70    0.00   17.39    0.00    0.00    4.35    0.00    0.00    0.00   69.57
12:35:13 PM    3    7.08    0.00   20.35    0.00    0.00    0.88    0.00    0.00    0.00   71.68
12:35:13 PM    4    7.41    0.00   12.96    0.00    0.00    1.85    0.00    0.00    0.00   77.78
12:35:13 PM    5    8.85    0.00   16.81    0.00    0.00    0.88    0.00    0.00    0.00   73.45
12:35:13 PM    6    8.62    0.00   17.24    0.00    0.00    1.72    0.00    0.00    0.00   72.41
12:35:13 PM    7   10.53    0.00   13.16    0.00    0.00    3.51    0.00    0.00    0.00   72.81

12:35:13 PM  CPU    %usr   %nice    %sys %iowait    %irq   %soft  %steal  %guest  %gnice   %idle
12:35:14 PM  all    9.05    0.00   17.08    0.00    0.00    2.71    0.00    0.00    0.00   71.15
12:35:14 PM    0    9.26    0.00   17.59    0.00    0.00    2.78    0.00    0.00    0.00   70.37
12:35:14 PM    1   11.71    0.00   14.41    0.00    0.00    3.60    0.00    0.00    0.00   70.27
12:35:14 PM    2    9.01    0.00   19.82    0.00    0.00    2.70    0.00    0.00    0.00   68.47
12:35:14 PM    3   10.00    0.00   17.27    0.00    0.00    2.73    0.00    0.00    0.00   70.00
12:35:14 PM    4    9.26    0.00   12.96    0.00    0.00    2.78    0.00    0.00    0.00   75.00
12:35:14 PM    5    8.04    0.00   16.96    0.00    0.00    3.57    0.00    0.00    0.00   71.43
12:35:14 PM    6    7.08    0.00   17.70    0.00    0.00    1.77    0.00    0.00    0.00   73.45
12:35:14 PM    7    8.11    0.00   19.82    0.00    0.00    1.80    0.00    0.00    0.00   70.27

12:35:14 PM  CPU    %usr   %nice    %sys %iowait    %irq   %soft  %steal  %guest  %gnice   %idle
12:35:15 PM  all    9.58    0.00   17.62    0.00    0.00    3.52    0.00    0.00    0.00   69.27
12:35:15 PM    0    9.24    0.00   21.85    0.00    0.00    3.36    0.00    0.00    0.00   65.55
12:35:15 PM    1   11.50    0.00   15.93    0.00    0.00    5.31    0.00    0.00    0.00   67.26
12:35:15 PM    2    6.96    0.00   20.00    0.00    0.00    5.22    0.00    0.00    0.00   67.83
12:35:15 PM    3    9.65    0.00   21.05    0.00    0.00    1.75    0.00    0.00    0.00   67.54
12:35:15 PM    4   11.82    0.00   11.82    0.00    0.00    2.73    0.00    0.00    0.00   73.64
12:35:15 PM    5    9.17    0.00   12.84    0.00    0.00    3.67    0.00    0.00    0.00   74.31
12:35:15 PM    6    8.70    0.00   20.00    0.00    0.00    2.61    0.00    0.00    0.00   68.70
12:35:15 PM    7    9.73    0.00   16.81    0.00    0.00    3.54    0.00    0.00    0.00   69.91

12:35:15 PM  CPU    %usr   %nice    %sys %iowait    %irq   %soft  %steal  %guest  %gnice   %idle
12:35:16 PM  all    9.65    0.00   17.85    0.00    0.00    4.55    0.00    0.00    0.00   67.96
12:35:16 PM    0    7.41    0.00   18.52    0.00    0.00    3.70    0.00    0.00    0.00   70.37
12:35:16 PM    1   10.34    0.00   16.38    0.00    0.00    6.90    0.00    0.00    0.00   66.38
12:35:16 PM    2    8.70    0.00   18.26    0.00    0.00    6.96    0.00    0.00    0.00   66.09
12:35:16 PM    3    8.77    0.00   19.30    0.00    0.00    5.26    0.00    0.00    0.00   66.67
12:35:16 PM    4    5.50    0.00   18.35    0.00    0.00    4.59    0.00    0.00    0.00   71.56
12:35:16 PM    5   11.71    0.00   18.02    0.00    0.00    1.80    0.00    0.00    0.00   68.47
12:35:16 PM    6   12.17    0.00   15.65    0.00    0.00    3.48    0.00    0.00    0.00   68.70
12:35:16 PM    7   12.28    0.00   18.42    0.00    0.00    3.51    0.00    0.00    0.00   65.79

12:35:16 PM  CPU    %usr   %nice    %sys %iowait    %irq   %soft  %steal  %guest  %gnice   %idle
12:35:17 PM  all   10.50    0.00   18.01    0.32    0.00    2.47    0.00    0.00    0.00   68.70
12:35:17 PM    0    7.83    0.00   19.13    0.87    0.00    4.35    0.00    0.00    0.00   67.83
12:35:17 PM    1    9.09    0.00   21.49    0.00    0.00    3.31    0.00    0.00    0.00   66.12
12:35:17 PM    2   11.29    0.00   20.16    0.00    0.00    3.23    0.00    0.00    0.00   65.32
12:35:17 PM    3   11.02    0.00   16.95    0.00    0.00    3.39    0.00    0.00    0.00   68.64
12:35:17 PM    4    8.11    0.00   18.92    0.00    0.00    1.80    0.00    0.00    0.00   71.17
12:35:17 PM    5   13.68    0.00   17.09    0.00    0.00    1.71    0.00    0.00    0.00   67.52
12:35:17 PM    6   10.71    0.00   16.07    0.00    0.00    0.89    0.00    0.00    0.00   72.32
12:35:17 PM    7   12.17    0.00   13.91    1.74    0.00    0.87    0.00    0.00    0.00   71.30

12:35:17 PM  CPU    %usr   %nice    %sys %iowait    %irq   %soft  %steal  %guest  %gnice   %idle
12:35:18 PM  all   10.38    0.00   16.43    0.86    0.00    2.81    0.00    0.00    0.00   69.51
12:35:18 PM    0    9.48    0.00   18.10    0.00    0.00    3.45    0.00    0.00    0.00   68.97
12:35:18 PM    1    9.73    0.00   15.04    0.00    0.00    3.54    0.00    0.00    0.00   71.68
12:35:18 PM    2   10.34    0.00   16.38    0.86    0.00    3.45    0.00    0.00    0.00   68.97
12:35:18 PM    3    7.96    0.00   18.58    0.00    0.00    3.54    0.00    0.00    0.00   69.91
12:35:18 PM    4   12.40    0.00   18.18    2.48    0.00    2.48    0.00    0.00    0.00   64.46
12:35:18 PM    5   14.04    0.00   13.16    0.00    0.00    0.88    0.00    0.00    0.00   71.93
12:35:18 PM    6    8.77    0.00   17.54    3.51    0.00    1.75    0.00    0.00    0.00   68.42
12:35:18 PM    7   10.17    0.00   14.41    0.00    0.00    3.39    0.00    0.00    0.00   72.03

12:35:18 PM  CPU    %usr   %nice    %sys %iowait    %irq   %soft  %steal  %guest  %gnice   %idle
12:35:19 PM  all   11.16    0.00   16.85    0.00    0.00    2.04    0.00    0.00    0.00   69.96
12:35:19 PM    0   10.26    0.00   17.95    0.00    0.00    0.85    0.00    0.00    0.00   70.94
12:35:19 PM    1    9.48    0.00   16.38    0.00    0.00    3.45    0.00    0.00    0.00   70.69
12:35:19 PM    2   11.50    0.00   12.39    0.00    0.00    4.42    0.00    0.00    0.00   71.68
12:35:19 PM    3    8.47    0.00   20.34    0.00    0.00    0.85    0.00    0.00    0.00   70.34
12:35:19 PM    4   10.71    0.00   16.07    0.00    0.00    0.89    0.00    0.00    0.00   72.32
12:35:19 PM    5   13.11    0.00   18.03    0.00    0.00    2.46    0.00    0.00    0.00   66.39
12:35:19 PM    6   13.68    0.00   15.38    0.00    0.00    1.71    0.00    0.00    0.00   69.23
12:35:19 PM    7   11.97    0.00   17.95    0.00    0.00    1.71    0.00    0.00    0.00   68.38

12:35:19 PM  CPU    %usr   %nice    %sys %iowait    %irq   %soft  %steal  %guest  %gnice   %idle
12:35:20 PM  all   10.37    0.00   16.48    0.00    0.00    2.29    0.00    0.00    0.00   70.85
12:35:20 PM    0   10.62    0.00   15.93    0.00    0.00    2.65    0.00    0.00    0.00   70.80
12:35:20 PM    1    7.21    0.00   16.22    0.00    0.00    2.70    0.00    0.00    0.00   73.87
12:35:20 PM    2    7.69    0.00   21.37    0.00    0.00    1.71    0.00    0.00    0.00   69.23
12:35:20 PM    3    9.82    0.00   15.18    0.00    0.00    3.57    0.00    0.00    0.00   71.43
12:35:20 PM    4   13.16    0.00   13.16    0.00    0.00    1.75    0.00    0.00    0.00   71.93
12:35:20 PM    5   11.67    0.00   18.33    0.00    0.00    2.50    0.00    0.00    0.00   67.50
12:35:20 PM    6   10.43    0.00   15.65    0.00    0.00    2.61    0.00    0.00    0.00   71.30
12:35:20 PM    7   12.28    0.00   15.79    0.00    0.00    0.88    0.00    0.00    0.00   71.05

12:35:20 PM  CPU    %usr   %nice    %sys %iowait    %irq   %soft  %steal  %guest  %gnice   %idle
12:35:21 PM  all   10.47    0.00   15.88    0.00    0.00    1.87    0.00    0.00    0.00   71.78
12:35:21 PM    0   10.43    0.00   16.52    0.00    0.00    2.61    0.00    0.00    0.00   70.43
12:35:21 PM    1    9.73    0.00   17.70    0.00    0.00    1.77    0.00    0.00    0.00   70.80
12:35:21 PM    2    9.82    0.00   17.86    0.00    0.00    1.79    0.00    0.00    0.00   70.54
12:35:21 PM    3   10.91    0.00   14.55    0.00    0.00    0.91    0.00    0.00    0.00   73.64
12:35:21 PM    4   10.92    0.00   17.65    0.00    0.00    2.52    0.00    0.00    0.00   68.91
12:35:21 PM    5    9.01    0.00   14.41    0.00    0.00    2.70    0.00    0.00    0.00   73.87
12:35:21 PM    6   13.68    0.00   14.53    0.00    0.00    0.85    0.00    0.00    0.00   70.94
12:35:21 PM    7    9.09    0.00   13.64    0.00    0.00    1.82    0.00    0.00    0.00   75.45

12:35:21 PM  CPU    %usr   %nice    %sys %iowait    %irq   %soft  %steal  %guest  %gnice   %idle
12:35:22 PM  all    8.79    0.00   14.32    0.23    0.00    1.35    0.00    0.00    0.00   75.31
12:35:22 PM    0    8.41    0.00   14.02    0.00    0.00    0.93    0.00    0.00    0.00   76.64
12:35:22 PM    1    8.55    0.00   19.66    0.00    0.00    0.85    0.00    0.00    0.00   70.94
12:35:22 PM    2    5.61    0.00   14.02    0.00    0.00    3.74    0.00    0.00    0.00   76.64
12:35:22 PM    3    8.11    0.00   13.51    0.00    0.00    2.70    0.00    0.00    0.00   75.68
12:35:22 PM    4    8.18    0.00   13.64    0.00    0.00    0.00    0.00    0.00    0.00   78.18
12:35:22 PM    5   10.62    0.00   14.16    0.00    0.00    0.00    0.00    0.00    0.00   75.22
12:35:22 PM    6    8.33    0.00   12.96    0.93    0.00    0.93    0.00    0.00    0.00   76.85
12:35:22 PM    7   12.28    0.00   12.28    0.88    0.00    1.75    0.00    0.00    0.00   72.81

12:35:22 PM  CPU    %usr   %nice    %sys %iowait    %irq   %soft  %steal  %guest  %gnice   %idle
12:35:23 PM  all    8.33    0.00   13.47    0.00    0.00    1.94    0.00    0.00    0.00   76.26
12:35:23 PM    0    6.60    0.00   14.15    0.00    0.00    1.89    0.00    0.00    0.00   77.36
12:35:23 PM    1    7.96    0.00   15.93    0.00    0.00    2.65    0.00    0.00    0.00   73.45
12:35:23 PM    2    8.93    0.00   16.07    0.00    0.00    2.68    0.00    0.00    0.00   72.32
12:35:23 PM    3   10.91    0.00   12.73    0.00    0.00    2.73    0.00    0.00    0.00   73.64
12:35:23 PM    4    7.55    0.00    9.43    0.00    0.00    0.94    0.00    0.00    0.00   82.08
12:35:23 PM    5    7.55    0.00   12.26    0.00    0.00    0.94    0.00    0.00    0.00   79.25
12:35:23 PM    6    6.36    0.00   13.64    0.00    0.00    1.82    0.00    0.00    0.00   78.18
12:35:23 PM    7   10.62    0.00   13.27    0.00    0.00    1.77    0.00    0.00    0.00   74.34

12:35:23 PM  CPU    %usr   %nice    %sys %iowait    %irq   %soft  %steal  %guest  %gnice   %idle
12:35:24 PM  all   10.50    0.00   15.24    0.00    0.00    2.37    0.00    0.00    0.00   71.90
12:35:24 PM    0    6.54    0.00   14.95    0.00    0.00    2.80    0.00    0.00    0.00   75.70
12:35:24 PM    1    8.55    0.00   20.51    0.00    0.00    3.42    0.00    0.00    0.00   67.52
12:35:24 PM    2   11.21    0.00   17.24    0.00    0.00    3.45    0.00    0.00    0.00   68.10
12:35:24 PM    3   10.81    0.00   15.32    0.00    0.00    0.90    0.00    0.00    0.00   72.97
12:35:24 PM    4   12.73    0.00   11.82    0.00    0.00    1.82    0.00    0.00    0.00   73.64
12:35:24 PM    5   11.01    0.00   13.76    0.00    0.00    1.83    0.00    0.00    0.00   73.39
12:35:24 PM    6    8.65    0.00   13.46    0.00    0.00    1.92    0.00    0.00    0.00   75.96
12:35:24 PM    7   14.29    0.00   14.29    0.00    0.00    2.68    0.00    0.00    0.00   68.75

12:35:24 PM  CPU    %usr   %nice    %sys %iowait    %irq   %soft  %steal  %guest  %gnice   %idle
12:35:25 PM  all   12.62    0.00   20.14    0.00    0.00    2.31    0.00    0.00    0.00   64.93
12:35:25 PM    0   14.02    0.00   18.69    0.00    0.00    1.87    0.00    0.00    0.00   65.42
12:35:25 PM    1   13.08    0.00   19.63    0.00    0.00    2.80    0.00    0.00    0.00   64.49
12:35:25 PM    2   15.24    0.00   16.19    0.00    0.00    1.90    0.00    0.00    0.00   66.67
12:35:25 PM    3   11.01    0.00   21.10    0.00    0.00    3.67    0.00    0.00    0.00   64.22
12:35:25 PM    4   13.64    0.00   20.00    0.00    0.00    1.82    0.00    0.00    0.00   64.55
12:35:25 PM    5   14.95    0.00   17.76    0.00    0.00    1.87    0.00    0.00    0.00   65.42
12:35:25 PM    6    8.11    0.00   25.23    0.00    0.00    1.80    0.00    0.00    0.00   64.86
12:35:25 PM    7   11.11    0.00   22.22    0.00    0.00    2.78    0.00    0.00    0.00   63.89

12:35:25 PM  CPU    %usr   %nice    %sys %iowait    %irq   %soft  %steal  %guest  %gnice   %idle
12:35:26 PM  all   12.60    0.00   21.88    0.00    0.00    3.45    0.00    0.00    0.00   62.07
12:35:26 PM    0   10.31    0.00   19.59    0.00    0.00    4.12    0.00    0.00    0.00   65.98
12:35:26 PM    1    7.92    0.00   21.78    0.00    0.00    2.97    0.00    0.00    0.00   67.33
12:35:26 PM    2   12.26    0.00   23.58    0.00    0.00    3.77    0.00    0.00    0.00   60.38
12:35:26 PM    3    9.52    0.00   24.76    0.00    0.00    3.81    0.00    0.00    0.00   61.90
12:35:26 PM    4   20.91    0.00   16.36    0.00    0.00    4.55    0.00    0.00    0.00   58.18
12:35:26 PM    5   11.76    0.00   22.55    0.00    0.00    0.98    0.00    0.00    0.00   64.71
12:35:26 PM    6   13.91    0.00   25.22    0.00    0.00    3.48    0.00    0.00    0.00   57.39
12:35:26 PM    7   13.33    0.00   20.95    0.00    0.00    3.81    0.00    0.00    0.00   61.90

12:35:26 PM  CPU    %usr   %nice    %sys %iowait    %irq   %soft  %steal  %guest  %gnice   %idle
12:35:27 PM  all   11.03    0.00   15.52    0.24    0.00    2.55    0.00    0.00    0.00   70.67
12:35:27 PM    0   11.88    0.00   13.86    0.00    0.00    2.97    0.00    0.00    0.00   71.29
12:35:27 PM    1    9.90    0.00   16.83    0.00    0.00    2.97    0.00    0.00    0.00   70.30
12:35:27 PM    2    8.00    0.00   15.00    0.00    0.00    4.00    0.00    0.00    0.00   73.00
12:35:27 PM    3    8.65    0.00   18.27    0.00    0.00    4.81    0.00    0.00    0.00   68.27
12:35:27 PM    4   11.65    0.00   14.56    0.00    0.00    1.94    0.00    0.00    0.00   71.84
12:35:27 PM    5    7.48    0.00   19.63    0.93    0.00    0.93    0.00    0.00    0.00   71.03
12:35:27 PM    6   14.71    0.00   11.76    0.00    0.00    1.96    0.00    0.00    0.00   71.57
12:35:27 PM    7   15.89    0.00   14.02    0.93    0.00    0.93    0.00    0.00    0.00   68.22

12:35:27 PM  CPU    %usr   %nice    %sys %iowait    %irq   %soft  %steal  %guest  %gnice   %idle
12:35:28 PM  all    7.73    0.00    7.48    0.00    0.00    1.50    0.00    0.00    0.00   83.29
12:35:28 PM    0    8.08    0.00    6.06    0.00    0.00    4.04    0.00    0.00    0.00   81.82
12:35:28 PM    1    9.62    0.00    8.65    0.00    0.00    2.88    0.00    0.00    0.00   78.85
12:35:28 PM    2    8.57    0.00   12.38    0.00    0.00    1.90    0.00    0.00    0.00   77.14
12:35:28 PM    3    9.90    0.00    8.91    0.00    0.00    0.99    0.00    0.00    0.00   80.20
12:35:28 PM    4    9.90    0.00    2.97    0.00    0.00    0.00    0.00    0.00    0.00   87.13
12:35:28 PM    5    1.06    0.00    5.32    0.00    0.00    1.06    0.00    0.00    0.00   92.55
12:35:28 PM    6    5.38    0.00    6.45    0.00    0.00    0.00    0.00    0.00    0.00   88.17
12:35:28 PM    7    8.57    0.00    8.57    0.00    0.00    0.95    0.00    0.00    0.00   81.90

12:35:28 PM  CPU    %usr   %nice    %sys %iowait    %irq   %soft  %steal  %guest  %gnice   %idle
12:35:29 PM  all    8.54    0.00   10.37    0.00    0.00    2.20    0.00    0.00    0.00   78.90
12:35:29 PM    0    8.65    0.00   11.54    0.00    0.00    1.92    0.00    0.00    0.00   77.88
12:35:29 PM    1    8.08    0.00   10.10    0.00    0.00    3.03    0.00    0.00    0.00   78.79
12:35:29 PM    2    6.86    0.00   10.78    0.00    0.00    3.92    0.00    0.00    0.00   78.43
12:35:29 PM    3    5.83    0.00   11.65    0.00    0.00    2.91    0.00    0.00    0.00   79.61
12:35:29 PM    4    9.80    0.00    7.84    0.00    0.00    0.98    0.00    0.00    0.00   81.37
12:35:29 PM    5    8.49    0.00   11.32    0.00    0.00    2.83    0.00    0.00    0.00   77.36
12:35:29 PM    6    7.07    0.00   11.11    0.00    0.00    1.01    0.00    0.00    0.00   80.81
12:35:29 PM    7   13.33    0.00    8.57    0.00    0.00    0.95    0.00    0.00    0.00   77.14

12:35:29 PM  CPU    %usr   %nice    %sys %iowait    %irq   %soft  %steal  %guest  %gnice   %idle
12:35:30 PM  all    6.39    0.00    8.57    0.00    0.00    1.53    0.00    0.00    0.00   83.50
12:35:30 PM    0    5.00    0.00   13.00    0.00    0.00    2.00    0.00    0.00    0.00   80.00
12:35:30 PM    1    4.04    0.00   11.11    0.00    0.00    1.01    0.00    0.00    0.00   83.84
12:35:30 PM    2    3.30    0.00    5.49    0.00    0.00    1.10    0.00    0.00    0.00   90.11
12:35:30 PM    3    6.19    0.00   10.31    0.00    0.00    1.03    0.00    0.00    0.00   82.47
12:35:30 PM    4    9.09    0.00    7.07    0.00    0.00    1.01    0.00    0.00    0.00   82.83
12:35:30 PM    5    8.25    0.00    8.25    0.00    0.00    0.00    0.00    0.00    0.00   83.51
12:35:30 PM    6    9.00    0.00    5.00    0.00    0.00    3.00    0.00    0.00    0.00   83.00
12:35:30 PM    7    6.06    0.00    8.08    0.00    0.00    3.03    0.00    0.00    0.00   82.83

12:35:30 PM  CPU    %usr   %nice    %sys %iowait    %irq   %soft  %steal  %guest  %gnice   %idle
12:35:31 PM  all   14.59    0.00   18.78    0.00    0.00    3.51    0.00    0.00    0.00   63.12
12:35:31 PM    0    7.41    0.00   18.52    0.00    0.00    2.78    0.00    0.00    0.00   71.30
12:35:31 PM    1    4.95    0.00   20.79    0.00    0.00    1.98    0.00    0.00    0.00   72.28
12:35:31 PM    2    7.77    0.00   20.39    0.00    0.00    1.94    0.00    0.00    0.00   69.90
12:35:31 PM    3    6.38    0.00   14.89    0.00    0.00    3.19    0.00    0.00    0.00   75.53
12:35:31 PM    4   21.49    0.00   17.36    0.00    0.00    5.79    0.00    0.00    0.00   55.37
12:35:31 PM    5   21.37    0.00   17.95    0.00    0.00    4.27    0.00    0.00    0.00   56.41
12:35:31 PM    6   23.97    0.00   19.01    0.00    0.00    3.31    0.00    0.00    0.00   53.72
12:35:31 PM    7   18.49    0.00   21.01    0.00    0.00    4.20    0.00    0.00    0.00   56.30
