444623:C 24 May 2026 07:40:40.861 # oO0OoO0OoO0Oo Redis is starting oO0OoO0OoO0Oo
444623:C 24 May 2026 07:40:40.861 # Redis version=6.0.16, bits=64, commit=00000000, modified=0, pid=444623, just started
444623:C 24 May 2026 07:40:40.861 # Configuration loaded
444623:M 24 May 2026 07:40:40.862 * Increased maximum number of open files to 10032 (it was originally set to 1024).
444623:M 24 May 2026 07:40:40.863 * Running mode=standalone, port=6379.
444623:M 24 May 2026 07:40:40.863 # Server initialized
444623:M 24 May 2026 07:40:40.863 # WARNING overcommit_memory is set to 0! Background save may fail under low memory condition. To fix this issue add 'vm.overcommit_memory = 1' to /etc/sysctl.conf and then reboot or run the command 'sysctl vm.overcommit_memory=1' for this to take effect.
444623:M 24 May 2026 07:40:40.863 * Ready to accept connections
444828:C 24 May 2026 07:47:51.217 # oO0OoO0OoO0Oo Redis is starting oO0OoO0OoO0Oo
444828:C 24 May 2026 07:47:51.217 # Redis version=6.0.16, bits=64, commit=00000000, modified=0, pid=444828, just started
444828:C 24 May 2026 07:47:51.217 # Configuration loaded
444828:M 24 May 2026 07:47:51.218 * Increased maximum number of open files to 10032 (it was originally set to 1024).
444828:M 24 May 2026 07:47:51.219 # Could not create server TCP listening socket 10.200.0.1:6379: bind: Address already in use
444903:C 24 May 2026 07:52:34.250 # oO0OoO0OoO0Oo Redis is starting oO0OoO0OoO0Oo
444903:C 24 May 2026 07:52:34.250 # Redis version=6.0.16, bits=64, commit=00000000, modified=0, pid=444903, just started
444903:C 24 May 2026 07:52:34.250 # Configuration loaded
444903:M 24 May 2026 07:52:34.252 * Increased maximum number of open files to 10032 (it was originally set to 1024).
444903:M 24 May 2026 07:52:34.252 # Could not create server TCP listening socket 10.200.0.1:6379: bind: Address already in use
444938:C 24 May 2026 07:54:05.947 # oO0OoO0OoO0Oo Redis is starting oO0OoO0OoO0Oo
444938:C 24 May 2026 07:54:05.947 # Redis version=6.0.16, bits=64, commit=00000000, modified=0, pid=444938, just started
444938:C 24 May 2026 07:54:05.947 # Configuration loaded
444938:M 24 May 2026 07:54:05.948 * Increased maximum number of open files to 10032 (it was originally set to 1024).
444938:M 24 May 2026 07:54:05.950 * Running mode=standalone, port=6379.
444938:M 24 May 2026 07:54:05.950 # Server initialized
444938:M 24 May 2026 07:54:05.950 # WARNING overcommit_memory is set to 0! Background save may fail under low memory condition. To fix this issue add 'vm.overcommit_memory = 1' to /etc/sysctl.conf and then reboot or run the command 'sysctl vm.overcommit_memory=1' for this to take effect.
444938:M 24 May 2026 07:54:05.951 * Ready to accept connections
445009:C 24 May 2026 08:02:02.795 # oO0OoO0OoO0Oo Redis is starting oO0OoO0OoO0Oo
445009:C 24 May 2026 08:02:02.795 # Redis version=6.0.16, bits=64, commit=00000000, modified=0, pid=445009, just started
445009:C 24 May 2026 08:02:02.795 # Configuration loaded
445009:M 24 May 2026 08:02:02.797 * Increased maximum number of open files to 10032 (it was originally set to 1024).
445009:M 24 May 2026 08:02:02.797 # Could not create server TCP listening socket 10.200.0.1:6379: bind: Address already in use
445183:C 24 May 2026 08:04:02.418 # oO0OoO0OoO0Oo Redis is starting oO0OoO0OoO0Oo
445183:C 24 May 2026 08:04:02.418 # Redis version=6.0.16, bits=64, commit=00000000, modified=0, pid=445183, just started
445183:C 24 May 2026 08:04:02.418 # Configuration loaded
445183:M 24 May 2026 08:04:02.419 * Increased maximum number of open files to 10032 (it was originally set to 1024).
445183:M 24 May 2026 08:04:02.421 * Running mode=standalone, port=6379.
445183:M 24 May 2026 08:04:02.422 # Server initialized
445183:M 24 May 2026 08:04:02.422 # WARNING overcommit_memory is set to 0! Background save may fail under low memory condition. To fix this issue add 'vm.overcommit_memory = 1' to /etc/sysctl.conf and then reboot or run the command 'sysctl vm.overcommit_memory=1' for this to take effect.
445183:M 24 May 2026 08:04:02.422 * Ready to accept connections
445267:C 24 May 2026 08:06:39.554 # oO0OoO0OoO0Oo Redis is starting oO0OoO0OoO0Oo
445267:C 24 May 2026 08:06:39.554 # Redis version=6.0.16, bits=64, commit=00000000, modified=0, pid=445267, just started
445267:C 24 May 2026 08:06:39.554 # Configuration loaded
445267:M 24 May 2026 08:06:39.555 * Increased maximum number of open files to 10032 (it was originally set to 1024).
445267:M 24 May 2026 08:06:39.557 * Running mode=standalone, port=6379.
445267:M 24 May 2026 08:06:39.557 # Server initialized
445267:M 24 May 2026 08:06:39.557 # WARNING overcommit_memory is set to 0! Background save may fail under low memory condition. To fix this issue add 'vm.overcommit_memory = 1' to /etc/sysctl.conf and then reboot or run the command 'sysctl vm.overcommit_memory=1' for this to take effect.
445267:M 24 May 2026 08:06:39.558 * Ready to accept connections
445342:C 24 May 2026 08:08:08.183 # oO0OoO0OoO0Oo Redis is starting oO0OoO0OoO0Oo
445342:C 24 May 2026 08:08:08.183 # Redis version=6.0.16, bits=64, commit=00000000, modified=0, pid=445342, just started
445342:C 24 May 2026 08:08:08.183 # Configuration loaded
445342:M 24 May 2026 08:08:08.184 * Increased maximum number of open files to 10032 (it was originally set to 1024).
445342:M 24 May 2026 08:08:08.186 * Running mode=standalone, port=6379.
445342:M 24 May 2026 08:08:08.186 # Server initialized
445342:M 24 May 2026 08:08:08.186 # WARNING overcommit_memory is set to 0! Background save may fail under low memory condition. To fix this issue add 'vm.overcommit_memory = 1' to /etc/sysctl.conf and then reboot or run the command 'sysctl vm.overcommit_memory=1' for this to take effect.
445342:M 24 May 2026 08:08:08.187 * Ready to accept connections
445478:C 24 May 2026 08:13:55.025 # oO0OoO0OoO0Oo Redis is starting oO0OoO0OoO0Oo
445478:C 24 May 2026 08:13:55.025 # Redis version=6.0.16, bits=64, commit=00000000, modified=0, pid=445478, just started
445478:C 24 May 2026 08:13:55.025 # Configuration loaded
445478:M 24 May 2026 08:13:55.027 * Increased maximum number of open files to 10032 (it was originally set to 1024).
445478:M 24 May 2026 08:13:55.029 * Running mode=standalone, port=6379.
445478:M 24 May 2026 08:13:55.029 # Server initialized
445478:M 24 May 2026 08:13:55.029 # WARNING overcommit_memory is set to 0! Background save may fail under low memory condition. To fix this issue add 'vm.overcommit_memory = 1' to /etc/sysctl.conf and then reboot or run the command 'sysctl vm.overcommit_memory=1' for this to take effect.
445478:M 24 May 2026 08:13:55.030 * Ready to accept connections
445478:signal-handler (1779590751) Received SIGTERM scheduling shutdown...
445478:M 24 May 2026 08:15:51.250 # User requested shutdown...
445478:M 24 May 2026 08:15:51.250 * Removing the pid file.
445478:M 24 May 2026 08:15:51.250 # Redis is now ready to exit, bye bye...
445704:C 24 May 2026 08:20:29.827 # oO0OoO0OoO0Oo Redis is starting oO0OoO0OoO0Oo
445704:C 24 May 2026 08:20:29.827 # Redis version=6.0.16, bits=64, commit=00000000, modified=0, pid=445704, just started
445704:C 24 May 2026 08:20:29.827 # Configuration loaded
445704:M 24 May 2026 08:20:29.828 * Increased maximum number of open files to 10032 (it was originally set to 1024).
445704:M 24 May 2026 08:20:29.830 * Running mode=standalone, port=6379.
445704:M 24 May 2026 08:20:29.830 # Server initialized
445704:M 24 May 2026 08:20:29.830 # WARNING overcommit_memory is set to 0! Background save may fail under low memory condition. To fix this issue add 'vm.overcommit_memory = 1' to /etc/sysctl.conf and then reboot or run the command 'sysctl vm.overcommit_memory=1' for this to take effect.
445704:M 24 May 2026 08:20:29.831 * Ready to accept connections
446371:C 24 May 2026 08:22:55.660 # oO0OoO0OoO0Oo Redis is starting oO0OoO0OoO0Oo
446371:C 24 May 2026 08:22:55.660 # Redis version=6.0.16, bits=64, commit=00000000, modified=0, pid=446371, just started
446371:C 24 May 2026 08:22:55.660 # Configuration loaded
446371:M 24 May 2026 08:22:55.661 * Increased maximum number of open files to 10032 (it was originally set to 1024).
446371:M 24 May 2026 08:22:55.661 # Could not create server TCP listening socket 10.200.0.1:6379: bind: Address already in use
